[INFO] [1790593298.164551729] [uav9.mavros_node]: Starting mavros_node container
[INFO] [1790593298.164790337] [uav9.mavros_node]: FCU URL: udp://:14548@127.0.0.1:14588
[INFO] [1790593298.164806998] [uav9.mavros_node]: GCS URL: 
[INFO] [1790593298.164812839] [uav9.mavros_node]: UAS Prefix: /uas9
[INFO] [1790593298.164818200] [uav9.mavros_node]: Starting mavros router node
[INFO] [1790593298.180550406] [uav9.mavros_router]: Built-in SIMD instructions: SSE, SSE2
[INFO] [1790593298.180597434] [uav9.mavros_router]: Built-in MAVLink package version: 2026.8.8
[INFO] [1790593298.180608611] [uav9.mavros_router]: Known MAVLink dialects: common ardupilotmega ASLUAV AVSSUAS all csAirLink cubepilot development icarous loweheiser marsh paparazzi standard stemstudios storm32 uAvionix ualberta
[INFO] [1790593298.180616582] [uav9.mavros_router]: MAVROS Router started
[INFO] [1790593298.180766057] [uav9.mavros_node]: Starting mavros uas node
[INFO] [1790593298.415693858] [uav9.mavros_router]: Requested to add endpoint: type: 0, url: udp://:14548@127.0.0.1:14588
[INFO] [1790593298.415783075] [uav9.mavros_router]: Endpoint link[1000] created
[INFO] [1790593298.415996480] [uav9.mavros_router]: link[1000] opened successfully
[INFO] [1790593298.416015512] [uav9.mavros_router]: Requested to add endpoint: type: 2, url: /uas9
[INFO] [1790593298.416029918] [uav9.mavros_router]: Endpoint link[1001] created
[INFO] [1790593298.421872152] [uav9.mavros_router]: link[1000] detected remote address 9.1
[INFO] [1790593298.465420318] [uav9.mavros]: Plugin actuator_control ignored
[INFO] [1790593298.465492638] [uav9.mavros]: Plugin altitude ignored
[INFO] [1790593298.465439771] [uav9.mavros]: UAS Executor started, threads: 4
[INFO] [1790593298.620008442] [uav9.mavros_router]: link[1001] opened successfully
[INFO] [1790593298.852213514] [uav9.mavros]: Plugin command created
[INFO] [1790593298.852272871] [uav9.mavros]: Plugin command initialized
[INFO] [1790593298.852282845] [uav9.mavros]: Plugin ftp ignored
[INFO] [1790593298.852289663] [uav9.mavros]: Plugin geofence ignored
[INFO] [1790593299.279864875] [uav9.mavros]: Plugin global_position created
[INFO] [1790593299.279928582] [uav9.mavros]: Plugin global_position initialized
[INFO] [1790593299.279943538] [uav9.mavros]: Plugin home_position ignored
[INFO] [1790593299.279952107] [uav9.mavros]: Plugin imu ignored
[INFO] [1790593299.466944115] [uav9.mavros]: Plugin local_position created
[INFO] [1790593299.467068231] [uav9.mavros]: Plugin local_position initialized
[INFO] [1790593299.467083211] [uav9.mavros]: Plugin manual_control ignored
[INFO] [1790593299.467090487] [uav9.mavros]: Plugin nav_controller_output ignored
[INFO] [1790593299.467242822] [uav9.mavros]: Plugin param ignored
[INFO] [1790593299.467255462] [uav9.mavros]: Plugin rallypoint ignored
[INFO] [1790593299.467261237] [uav9.mavros]: Plugin rc_io ignored
[INFO] [1790593299.467266876] [uav9.mavros]: Plugin setpoint_accel ignored
[INFO] [1790593299.467272519] [uav9.mavros]: Plugin setpoint_attitude ignored
[INFO] [1790593299.467278340] [uav9.mavros]: Plugin setpoint_position ignored
[INFO] [1790593299.467283218] [uav9.mavros]: Plugin setpoint_raw ignored
[INFO] [1790593299.467288735] [uav9.mavros]: Plugin setpoint_trajectory ignored
[INFO] [1790593299.756902923] [uav9.mavros]: Plugin setpoint_velocity created
[INFO] [1790593299.756978743] [uav9.mavros]: Plugin setpoint_velocity initialized
[INFO] [1790593300.153977049] [uav9.mavros]: Plugin sys_status created
[INFO] [1790593300.154047951] [uav9.mavros]: Plugin sys_status initialized
[INFO] [1790593300.466166172] [uav9.mavros.time]: TM: Timesync mode: MAVLINK
[INFO] [1790593300.503315603] [uav9.mavros]: Plugin sys_time created
[INFO] [1790593300.503376278] [uav9.mavros]: Plugin sys_time initialized
[INFO] [1790593300.503387878] [uav9.mavros]: Plugin waypoint ignored
[INFO] [1790593300.503393928] [uav9.mavros]: Plugin wind_estimation ignored
[INFO] [1790593300.516782804] [uav9.mavros]: Built-in SIMD instructions: SSE, SSE2
[INFO] [1790593300.516829568] [uav9.mavros]: Built-in MAVLink package version: 2026.8.8
[INFO] [1790593300.516863198] [uav9.mavros]: Known MAVLink dialects: common ardupilotmega ASLUAV AVSSUAS all csAirLink cubepilot development icarous loweheiser marsh paparazzi standard stemstudios storm32 uAvionix ualberta
[INFO] [1790593300.516872051] [uav9.mavros]: MAVROS UAS via /uas9 started. MY ID 9.191, TARGET ID 9.1
[INFO] [1790593300.594553973] [uav9.mavros_router]: link[1001] detected remote address 9.191
[INFO] [1790593301.255913754] [uav9.mavros.sys]: VER: 9.1: Capabilities         0x000000000000e8ff
[INFO] [1790593301.255972614] [uav9.mavros.sys]: VER: 9.1: Flight software:     011200c0 (fca3df865a000000)
[INFO] [1790593301.255981806] [uav9.mavros.sys]: VER: 9.1: Middleware software: 011200c0 (fca3df865a000000)
[INFO] [1790593301.255988199] [uav9.mavros.sys]: VER: 9.1: OS software:         070000ff (17040b9f87cb1791)
[INFO] [1790593301.255994024] [uav9.mavros.sys]: VER: 9.1: Board hardware:      00000001
[INFO] [1790593301.255999678] [uav9.mavros.sys]: VER: 9.1: VID/PID:             0000:0000
[INFO] [1790593301.256006044] [uav9.mavros.sys]: VER: 9.1: UID:                 4954414c44494e57
[WARN] [1790593301.256054383] [uav9.mavros.cmd]: CMD: Unexpected command 512, result 0
[INFO] [1790593301.598187074] [uav9.mavros]: CON: Got HEARTBEAT, connected. FCU: PX4 Autopilot
[INFO] [1790593302.651012154] [uav9.mavros.sys]: VER: 9.1: Capabilities         0x000000000000e8ff
[INFO] [1790593302.651171320] [uav9.mavros.sys]: VER: 9.1: Flight software:     011200c0 (fca3df865a000000)
[INFO] [1790593302.651493048] [uav9.mavros.sys]: VER: 9.1: Middleware software: 011200c0 (fca3df865a000000)
[INFO] [1790593302.651663177] [uav9.mavros.sys]: VER: 9.1: OS software:         070000ff (17040b9f87cb1791)
[INFO] [1790593302.651872152] [uav9.mavros.sys]: VER: 9.1: Board hardware:      00000001
[INFO] [1790593302.651890392] [uav9.mavros.sys]: VER: 9.1: VID/PID:             0000:0000
[INFO] [1790593302.651902730] [uav9.mavros.sys]: VER: 9.1: UID:                 4954414c44494e57
[WARN] [1790593312.509432657] [uav9.mavros.sys]: FCU: UNK(8): EVENT 11047904 with args -0-0-0-0-0-128-0-0-0-176-122-127-128-176-122-127-128-0-0-0-0-0-0-0-0-0-0-0-0-0-0-0-0-0-0-0-0-0-0-0-
[INFO] [1790593312.509556304] [uav9.mavros.sys]: FCU: EVENT 377561 with args -8-0-0-0-20-0-0-0-0-0-0-0-0-0-0-0-0-0-0-0-0-0-0-0-0-0-0-0-0-0-0-0-0-0-0-0-0-0-0-0-
[WARN] [1790593312.509643505] [uav9.mavros.sys]: FCU: EVENT 453929 with args -255-255-255-255-7-0-0-0-0-0-0-0-0-0-0-0-0-0-0-0-0-0-0-0-0-0-0-0-0-0-0-0-0-0-0-0-0-0-0-0-
[INFO] [1790593312.509687361] [uav9.mavros.sys]: FCU: EVENT 6801787 with args -255-255-255-255-12-0-0-0-0-0-0-0-0-0-0-0-0-0-0-0-0-0-0-0-0-0-0-0-0-0-0-0-0-0-0-0-0-0-0-0-
[WARN] [1790593312.509722722] [uav9.mavros.sys]: FCU: UNK(8): EVENT 1914663 with args -0-10-13-2-56-0-0-0-0-0-0-0-0-0-0-0-0-0-0-0-0-0-0-0-0-0-0-0-0-0-0-0-0-0-0-0-0-0-0-0-
[WARN] [1790593315.846673812] [uav9.mavros.cmd]: CMD: Unexpected command 176, result 0
[INFO] [1790593316.894897453] [uav9.mavros.sys]: FCU: EVENT 9489139 with args -4-0-0-0-0-0-0-0-0-0-0-0-0-0-0-0-0-0-0-0-0-0-0-0-0-0-0-0-0-0-0-0-0-0-0-0-0-0-0-0-
[INFO] [1790593319.191323415] [uav9.mavros.sys]: FCU: EVENT 4277609 with args -0-0-0-0-0-0-0-0-0-0-0-0-0-0-0-0-0-0-0-0-0-0-0-0-0-0-0-0-0-0-0-0-0-0-0-0-0-0-0-0-
[WARN] [1790593576.324909479] [uav9.mavros.cmd]: CMD: Unexpected command 176, result 0
[INFO] [1790593612.194369829] [uav9.mavros.sys]: FCU: EVENT 9844908 with args -0-0-0-0-0-0-0-0-0-0-0-0-0-0-0-0-0-0-0-0-0-0-0-0-0-0-0-0-0-0-0-0-0-0-0-0-0-0-0-0-
[INFO] [1790593614.374067453] [uav9.mavros.sys]: FCU: EVENT 16017271 with args -6-0-0-0-0-0-0-0-0-0-0-0-0-0-0-0-0-0-0-0-0-0-0-0-0-0-0-0-0-0-0-0-0-0-0-0-0-0-0-0-
[WARN] [1790593618.227331795] [uav9.mavros.sys]: FCU: UNK(8): EVENT 11047904 with args -0-0-0-0-0-128-0-0-0-176-122-127-128-176-122-127-128-0-0-0-0-0-0-0-0-0-0-0-0-0-0-0-0-0-0-0-0-0-0-0-
[INFO] [1790593618.227944602] [uav9.mavros.sys]: FCU: EVENT 377561 with args -8-0-0-0-20-0-0-0-0-0-0-0-0-0-0-0-0-0-0-0-0-0-0-0-0-0-0-0-0-0-0-0-0-0-0-0-0-0-0-0-
[WARN] [1790593618.228216144] [uav9.mavros.sys]: FCU: EVENT 453929 with args -255-255-255-255-7-0-0-0-0-0-0-0-0-0-0-0-0-0-0-0-0-0-0-0-0-0-0-0-0-0-0-0-0-0-0-0-0-0-0-0-
[INFO] [1790593618.228304999] [uav9.mavros.sys]: FCU: EVENT 6801787 with args -255-255-255-255-12-0-0-0-0-0-0-0-0-0-0-0-0-0-0-0-0-0-0-0-0-0-0-0-0-0-0-0-0-0-0-0-0-0-0-0-
[WARN] [1790593618.228342066] [uav9.mavros.sys]: FCU: UNK(8): EVENT 1914663 with args -0-10-9-2-56-0-0-0-0-0-0-0-0-0-0-0-0-0-0-0-0-0-0-0-0-0-0-0-0-0-0-0-0-0-0-0-0-0-0-0-
[INFO] [1790593620.482843048] [rclcpp]: signal_handler(SIGINT/SIGTERM)
[WARN] [1790593620.486206677] [uav9.mavros]: UAS Executor terminated
