[INFO] [1790593298.358132125] [uav3.mavros_node]: Starting mavros_node container
[INFO] [1790593298.361562501] [uav3.mavros_node]: FCU URL: udp://:14542@127.0.0.1:14582
[INFO] [1790593298.361723621] [uav3.mavros_node]: GCS URL: 
[INFO] [1790593298.361737602] [uav3.mavros_node]: UAS Prefix: /uas3
[INFO] [1790593298.361743714] [uav3.mavros_node]: Starting mavros router node
[INFO] [1790593298.536207373] [uav3.mavros_router]: Built-in SIMD instructions: SSE, SSE2
[INFO] [1790593298.536261473] [uav3.mavros_router]: Built-in MAVLink package version: 2026.8.8
[INFO] [1790593298.536271057] [uav3.mavros_router]: Known MAVLink dialects: common ardupilotmega ASLUAV AVSSUAS all csAirLink cubepilot development icarous loweheiser marsh paparazzi standard stemstudios storm32 uAvionix ualberta
[INFO] [1790593298.536278890] [uav3.mavros_router]: MAVROS Router started
[INFO] [1790593298.542096302] [uav3.mavros_node]: Starting mavros uas node
[INFO] [1790593298.599822216] [uav3.mavros_router]: Requested to add endpoint: type: 0, url: udp://:14542@127.0.0.1:14582
[INFO] [1790593298.599882869] [uav3.mavros_router]: Endpoint link[1000] created
[INFO] [1790593298.600115851] [uav3.mavros_router]: link[1000] opened successfully
[INFO] [1790593298.600140113] [uav3.mavros_router]: Requested to add endpoint: type: 2, url: /uas3
[INFO] [1790593298.600154033] [uav3.mavros_router]: Endpoint link[1001] created
[INFO] [1790593298.603478610] [uav3.mavros_router]: link[1000] detected remote address 3.1
[INFO] [1790593298.604641557] [uav3.mavros_router]: link[1001] opened successfully
[INFO] [1790593298.613693317] [uav3.mavros]: Plugin actuator_control ignored
[INFO] [1790593298.613754082] [uav3.mavros]: Plugin altitude ignored
[INFO] [1790593298.613699355] [uav3.mavros]: UAS Executor started, threads: 4
[INFO] [1790593299.276089117] [uav3.mavros]: Plugin command created
[INFO] [1790593299.276161030] [uav3.mavros]: Plugin command initialized
[INFO] [1790593299.276172057] [uav3.mavros]: Plugin ftp ignored
[INFO] [1790593299.276178491] [uav3.mavros]: Plugin geofence ignored
[INFO] [1790593299.776912980] [uav3.mavros]: Plugin global_position created
[INFO] [1790593299.776988272] [uav3.mavros]: Plugin global_position initialized
[INFO] [1790593299.777002368] [uav3.mavros]: Plugin home_position ignored
[INFO] [1790593299.777009958] [uav3.mavros]: Plugin imu ignored
[INFO] [1790593299.807598850] [uav3.mavros]: Plugin local_position created
[INFO] [1790593299.807656856] [uav3.mavros]: Plugin local_position initialized
[INFO] [1790593299.807665615] [uav3.mavros]: Plugin manual_control ignored
[INFO] [1790593299.807670807] [uav3.mavros]: Plugin nav_controller_output ignored
[INFO] [1790593299.807675905] [uav3.mavros]: Plugin param ignored
[INFO] [1790593299.807680830] [uav3.mavros]: Plugin rallypoint ignored
[INFO] [1790593299.807685300] [uav3.mavros]: Plugin rc_io ignored
[INFO] [1790593299.807689848] [uav3.mavros]: Plugin setpoint_accel ignored
[INFO] [1790593299.807694319] [uav3.mavros]: Plugin setpoint_attitude ignored
[INFO] [1790593299.807698911] [uav3.mavros]: Plugin setpoint_position ignored
[INFO] [1790593299.807703422] [uav3.mavros]: Plugin setpoint_raw ignored
[INFO] [1790593299.807707913] [uav3.mavros]: Plugin setpoint_trajectory ignored
[INFO] [1790593300.132077062] [uav3.mavros]: Plugin setpoint_velocity created
[INFO] [1790593300.132167511] [uav3.mavros]: Plugin setpoint_velocity initialized
[INFO] [1790593300.537931484] [uav3.mavros]: Plugin sys_status created
[INFO] [1790593300.538020839] [uav3.mavros]: Plugin sys_status initialized
[INFO] [1790593300.614109006] [uav3.mavros.time]: TM: Timesync mode: MAVLINK
[INFO] [1790593300.628049465] [uav3.mavros]: Plugin sys_time created
[INFO] [1790593300.628113388] [uav3.mavros]: Plugin sys_time initialized
[INFO] [1790593300.628123931] [uav3.mavros]: Plugin waypoint ignored
[INFO] [1790593300.628130111] [uav3.mavros]: Plugin wind_estimation ignored
[INFO] [1790593300.630970962] [uav3.mavros]: Built-in SIMD instructions: SSE, SSE2
[INFO] [1790593300.631016261] [uav3.mavros]: Built-in MAVLink package version: 2026.8.8
[INFO] [1790593300.631050107] [uav3.mavros]: Known MAVLink dialects: common ardupilotmega ASLUAV AVSSUAS all csAirLink cubepilot development icarous loweheiser marsh paparazzi standard stemstudios storm32 uAvionix ualberta
[INFO] [1790593300.631059115] [uav3.mavros]: MAVROS UAS via /uas3 started. MY ID 3.191, TARGET ID 3.1
[INFO] [1790593300.668967553] [uav3.mavros_router]: link[1001] detected remote address 3.191
[INFO] [1790593301.554328554] [uav3.mavros]: CON: Got HEARTBEAT, connected. FCU: PX4 Autopilot
[INFO] [1790593301.566841614] [uav3.mavros.sys]: VER: 3.1: Capabilities         0x000000000000e8ff
[INFO] [1790593301.566880452] [uav3.mavros.sys]: VER: 3.1: Flight software:     011200c0 (fca3df865a000000)
[INFO] [1790593301.566888899] [uav3.mavros.sys]: VER: 3.1: Middleware software: 011200c0 (fca3df865a000000)
[INFO] [1790593301.566894134] [uav3.mavros.sys]: VER: 3.1: OS software:         070000ff (17040b9f87cb1791)
[INFO] [1790593301.566899043] [uav3.mavros.sys]: VER: 3.1: Board hardware:      00000001
[INFO] [1790593301.566903856] [uav3.mavros.sys]: VER: 3.1: VID/PID:             0000:0000
[INFO] [1790593301.566909081] [uav3.mavros.sys]: VER: 3.1: UID:                 4954414c44494e51
[WARN] [1790593301.570840666] [uav3.mavros.cmd]: CMD: Unexpected command 512, result 0
[WARN] [1790593313.010545172] [uav3.mavros.sys]: FCU: UNK(8): EVENT 11047904 with args -0-0-0-0-0-128-0-0-0-176-122-127-128-176-122-127-128-0-0-0-0-0-0-0-0-0-0-0-0-0-0-0-0-0-0-0-0-0-0-0-
[INFO] [1790593313.011051340] [uav3.mavros.sys]: FCU: EVENT 377561 with args -8-0-0-0-20-0-0-0-0-0-0-0-0-0-0-0-0-0-0-0-0-0-0-0-0-0-0-0-0-0-0-0-0-0-0-0-0-0-0-0-
[WARN] [1790593313.011178118] [uav3.mavros.sys]: FCU: EVENT 453929 with args -255-255-255-255-7-0-0-0-0-0-0-0-0-0-0-0-0-0-0-0-0-0-0-0-0-0-0-0-0-0-0-0-0-0-0-0-0-0-0-0-
[INFO] [1790593313.011316111] [uav3.mavros.sys]: FCU: EVENT 6801787 with args -255-255-255-255-12-0-0-0-0-0-0-0-0-0-0-0-0-0-0-0-0-0-0-0-0-0-0-0-0-0-0-0-0-0-0-0-0-0-0-0-
[WARN] [1790593313.011635243] [uav3.mavros.sys]: FCU: UNK(8): EVENT 1914663 with args -0-10-13-2-56-0-0-0-0-0-0-0-0-0-0-0-0-0-0-0-0-0-0-0-0-0-0-0-0-0-0-0-0-0-0-0-0-0-0-0-
[WARN] [1790593315.873240456] [uav3.mavros.cmd]: CMD: Unexpected command 176, result 0
[INFO] [1790593316.611753799] [uav3.mavros.sys]: FCU: EVENT 9489139 with args -4-0-0-0-0-0-0-0-0-0-0-0-0-0-0-0-0-0-0-0-0-0-0-0-0-0-0-0-0-0-0-0-0-0-0-0-0-0-0-0-
[INFO] [1790593318.864021933] [uav3.mavros.sys]: FCU: EVENT 4277609 with args -0-0-0-0-0-0-0-0-0-0-0-0-0-0-0-0-0-0-0-0-0-0-0-0-0-0-0-0-0-0-0-0-0-0-0-0-0-0-0-0-
[WARN] [1790593576.337812290] [uav3.mavros.cmd]: CMD: Unexpected command 176, result 0
[INFO] [1790593609.104483847] [uav3.mavros.sys]: FCU: EVENT 9844908 with args -0-0-0-0-0-0-0-0-0-0-0-0-0-0-0-0-0-0-0-0-0-0-0-0-0-0-0-0-0-0-0-0-0-0-0-0-0-0-0-0-
[INFO] [1790593611.270886180] [uav3.mavros.sys]: FCU: EVENT 16017271 with args -6-0-0-0-0-0-0-0-0-0-0-0-0-0-0-0-0-0-0-0-0-0-0-0-0-0-0-0-0-0-0-0-0-0-0-0-0-0-0-0-
[WARN] [1790593615.136055882] [uav3.mavros.sys]: FCU: UNK(8): EVENT 11047904 with args -0-0-0-0-0-128-0-0-0-176-122-127-128-176-122-127-128-0-0-0-0-0-0-0-0-0-0-0-0-0-0-0-0-0-0-0-0-0-0-0-
[INFO] [1790593615.136160235] [uav3.mavros.sys]: FCU: EVENT 377561 with args -8-0-0-0-20-0-0-0-0-0-0-0-0-0-0-0-0-0-0-0-0-0-0-0-0-0-0-0-0-0-0-0-0-0-0-0-0-0-0-0-
[WARN] [1790593615.136221560] [uav3.mavros.sys]: FCU: EVENT 453929 with args -255-255-255-255-7-0-0-0-0-0-0-0-0-0-0-0-0-0-0-0-0-0-0-0-0-0-0-0-0-0-0-0-0-0-0-0-0-0-0-0-
[INFO] [1790593615.136260594] [uav3.mavros.sys]: FCU: EVENT 6801787 with args -255-255-255-255-12-0-0-0-0-0-0-0-0-0-0-0-0-0-0-0-0-0-0-0-0-0-0-0-0-0-0-0-0-0-0-0-0-0-0-0-
[WARN] [1790593615.136298400] [uav3.mavros.sys]: FCU: UNK(8): EVENT 1914663 with args -0-10-9-2-56-0-0-0-0-0-0-0-0-0-0-0-0-0-0-0-0-0-0-0-0-0-0-0-0-0-0-0-0-0-0-0-0-0-0-0-
[INFO] [1790593620.471085472] [rclcpp]: signal_handler(SIGINT/SIGTERM)
[WARN] [1790593620.475561413] [uav3.mavros]: UAS Executor terminated
