[INFO] [1790593298.314050827] [uav10.mavros_node]: Starting mavros_node container
[INFO] [1790593298.314180699] [uav10.mavros_node]: FCU URL: udp://:14549@127.0.0.1:14589
[INFO] [1790593298.314191754] [uav10.mavros_node]: GCS URL: 
[INFO] [1790593298.314196659] [uav10.mavros_node]: UAS Prefix: /uas10
[INFO] [1790593298.314201396] [uav10.mavros_node]: Starting mavros router node
[INFO] [1790593298.561908455] [uav10.mavros_router]: Built-in SIMD instructions: SSE, SSE2
[INFO] [1790593298.561964659] [uav10.mavros_router]: Built-in MAVLink package version: 2026.8.8
[INFO] [1790593298.561974660] [uav10.mavros_router]: Known MAVLink dialects: common ardupilotmega ASLUAV AVSSUAS all csAirLink cubepilot development icarous loweheiser marsh paparazzi standard stemstudios storm32 uAvionix ualberta
[INFO] [1790593298.561982325] [uav10.mavros_router]: MAVROS Router started
[INFO] [1790593298.562135229] [uav10.mavros_node]: Starting mavros uas node
[INFO] [1790593298.691502871] [uav10.mavros_router]: Requested to add endpoint: type: 0, url: udp://:14549@127.0.0.1:14589
[INFO] [1790593298.691571918] [uav10.mavros_router]: Endpoint link[1000] created
[INFO] [1790593298.691817215] [uav10.mavros_router]: link[1000] opened successfully
[INFO] [1790593298.691855308] [uav10.mavros_router]: Requested to add endpoint: type: 2, url: /uas10
[INFO] [1790593298.691871352] [uav10.mavros_router]: Endpoint link[1001] created
[INFO] [1790593298.695724132] [uav10.mavros_router]: link[1000] detected remote address 10.1
[INFO] [1790593298.696793727] [uav10.mavros_router]: link[1001] opened successfully
[INFO] [1790593298.709125903] [uav10.mavros]: Plugin actuator_control ignored
[INFO] [1790593298.724735270] [uav10.mavros]: Plugin altitude ignored
[INFO] [1790593298.709177189] [uav10.mavros]: UAS Executor started, threads: 4
[INFO] [1790593298.839642250] [uav10.mavros]: Plugin command created
[INFO] [1790593298.839739490] [uav10.mavros]: Plugin command initialized
[INFO] [1790593298.839757327] [uav10.mavros]: Plugin ftp ignored
[INFO] [1790593298.839769516] [uav10.mavros]: Plugin geofence ignored
[INFO] [1790593298.969894086] [uav10.mavros]: Plugin global_position created
[INFO] [1790593298.969982352] [uav10.mavros]: Plugin global_position initialized
[INFO] [1790593298.969995347] [uav10.mavros]: Plugin home_position ignored
[INFO] [1790593298.970001310] [uav10.mavros]: Plugin imu ignored
[INFO] [1790593299.265898859] [uav10.mavros]: Plugin local_position created
[INFO] [1790593299.265963491] [uav10.mavros]: Plugin local_position initialized
[INFO] [1790593299.265975371] [uav10.mavros]: Plugin manual_control ignored
[INFO] [1790593299.265981879] [uav10.mavros]: Plugin nav_controller_output ignored
[INFO] [1790593299.265988085] [uav10.mavros]: Plugin param ignored
[INFO] [1790593299.265994343] [uav10.mavros]: Plugin rallypoint ignored
[INFO] [1790593299.266000220] [uav10.mavros]: Plugin rc_io ignored
[INFO] [1790593299.266005908] [uav10.mavros]: Plugin setpoint_accel ignored
[INFO] [1790593299.266014597] [uav10.mavros]: Plugin setpoint_attitude ignored
[INFO] [1790593299.266023187] [uav10.mavros]: Plugin setpoint_position ignored
[INFO] [1790593299.266029130] [uav10.mavros]: Plugin setpoint_raw ignored
[INFO] [1790593299.266034956] [uav10.mavros]: Plugin setpoint_trajectory ignored
[INFO] [1790593299.641452500] [uav10.mavros]: Plugin setpoint_velocity created
[INFO] [1790593299.641525812] [uav10.mavros]: Plugin setpoint_velocity initialized
[INFO] [1790593300.001952935] [uav10.mavros]: Plugin sys_status created
[INFO] [1790593300.002028619] [uav10.mavros]: Plugin sys_status initialized
[INFO] [1790593300.420379428] [uav10.mavros.time]: TM: Timesync mode: MAVLINK
[INFO] [1790593300.494717599] [uav10.mavros]: Plugin sys_time created
[INFO] [1790593300.494783728] [uav10.mavros]: Plugin sys_time initialized
[INFO] [1790593300.494795118] [uav10.mavros]: Plugin waypoint ignored
[INFO] [1790593300.494800520] [uav10.mavros]: Plugin wind_estimation ignored
[INFO] [1790593300.578190978] [uav10.mavros]: Built-in SIMD instructions: SSE, SSE2
[INFO] [1790593300.583275631] [uav10.mavros]: Built-in MAVLink package version: 2026.8.8
[INFO] [1790593300.583770099] [uav10.mavros]: Known MAVLink dialects: common ardupilotmega ASLUAV AVSSUAS all csAirLink cubepilot development icarous loweheiser marsh paparazzi standard stemstudios storm32 uAvionix ualberta
[INFO] [1790593300.587625823] [uav10.mavros]: MAVROS UAS via /uas10 started. MY ID 10.191, TARGET ID 10.1
[INFO] [1790593300.657678188] [uav10.mavros_router]: link[1001] detected remote address 10.191
[INFO] [1790593301.053006379] [uav10.mavros.sys]: VER: 10.1: Capabilities         0x000000000000e8ff
[INFO] [1790593301.053063722] [uav10.mavros.sys]: VER: 10.1: Flight software:     011200c0 (fca3df865a000000)
[INFO] [1790593301.053072648] [uav10.mavros.sys]: VER: 10.1: Middleware software: 011200c0 (fca3df865a000000)
[INFO] [1790593301.053078717] [uav10.mavros.sys]: VER: 10.1: OS software:         070000ff (17040b9f87cb1791)
[INFO] [1790593301.053084393] [uav10.mavros.sys]: VER: 10.1: Board hardware:      00000001
[INFO] [1790593301.053090096] [uav10.mavros.sys]: VER: 10.1: VID/PID:             0000:0000
[INFO] [1790593301.053095832] [uav10.mavros.sys]: VER: 10.1: UID:                 4954414c44494e58
[WARN] [1790593301.053131272] [uav10.mavros.cmd]: CMD: Unexpected command 512, result 0
[WARN] [1790593301.692244235] [uav10.mavros.sys]: FCU: UNK(8): EVENT 11047904 with args -0-0-0-16-0-128-0-0-0-176-58-127-128-176-58-127-128-0-0-0-0-0-0-0-0-0-0-0-0-0-0-0-0-0-0-0-0-0-0-0-
[ERROR] [1790593301.692342332] [uav10.mavros.sys]: FCU: EVENT 11464574 with args -0-64-0-0-20-0-0-0-0-0-0-0-0-0-0-0-0-0-0-0-0-0-0-0-0-0-0-0-0-0-0-0-0-0-0-0-0-0-0-0-
[INFO] [1790593301.692403913] [uav10.mavros.sys]: FCU: EVENT 377561 with args -8-0-0-0-20-0-0-0-0-0-0-0-0-0-0-0-0-0-0-0-0-0-0-0-0-0-0-0-0-0-0-0-0-0-0-0-0-0-0-0-
[WARN] [1790593301.692440228] [uav10.mavros.sys]: FCU: EVENT 453929 with args -255-255-255-255-7-0-0-0-0-0-0-0-0-0-0-0-0-0-0-0-0-0-0-0-0-0-0-0-0-0-0-0-0-0-0-0-0-0-0-0-
[INFO] [1790593301.692475330] [uav10.mavros.sys]: FCU: EVENT 6801787 with args -255-255-255-255-12-0-0-0-0-0-0-0-0-0-0-0-0-0-0-0-0-0-0-0-0-0-0-0-0-0-0-0-0-0-0-0-0-0-0-0-
[WARN] [1790593301.692511432] [uav10.mavros.sys]: FCU: UNK(8): EVENT 1914663 with args -0-10-13-2-56-0-0-0-0-0-0-0-0-0-0-0-0-0-0-0-0-0-0-0-0-0-0-0-0-0-0-0-0-0-0-0-0-0-0-0-
[INFO] [1790593301.742968740] [uav10.mavros]: CON: Got HEARTBEAT, connected. FCU: PX4 Autopilot
[INFO] [1790593302.830213330] [uav10.mavros.sys]: VER: 10.1: Capabilities         0x000000000000e8ff
[INFO] [1790593302.830928154] [uav10.mavros.sys]: VER: 10.1: Flight software:     011200c0 (fca3df865a000000)
[INFO] [1790593302.830960552] [uav10.mavros.sys]: VER: 10.1: Middleware software: 011200c0 (fca3df865a000000)
[INFO] [1790593302.830972371] [uav10.mavros.sys]: VER: 10.1: OS software:         070000ff (17040b9f87cb1791)
[INFO] [1790593302.830982187] [uav10.mavros.sys]: VER: 10.1: Board hardware:      00000001
[INFO] [1790593302.830991984] [uav10.mavros.sys]: VER: 10.1: VID/PID:             0000:0000
[INFO] [1790593302.831002053] [uav10.mavros.sys]: VER: 10.1: UID:                 4954414c44494e58
[WARN] [1790593310.524412352] [uav10.mavros.sys]: FCU: UNK(8): EVENT 11047904 with args -0-0-0-0-0-128-0-0-0-176-122-127-128-176-122-127-128-0-0-0-0-0-0-0-0-0-0-0-0-0-0-0-0-0-0-0-0-0-0-0-
[INFO] [1790593310.524548628] [uav10.mavros.sys]: FCU: EVENT 377561 with args -8-0-0-0-20-0-0-0-0-0-0-0-0-0-0-0-0-0-0-0-0-0-0-0-0-0-0-0-0-0-0-0-0-0-0-0-0-0-0-0-
[WARN] [1790593310.524620893] [uav10.mavros.sys]: FCU: EVENT 453929 with args -255-255-255-255-7-0-0-0-0-0-0-0-0-0-0-0-0-0-0-0-0-0-0-0-0-0-0-0-0-0-0-0-0-0-0-0-0-0-0-0-
[INFO] [1790593310.534240801] [uav10.mavros.sys]: FCU: EVENT 6801787 with args -255-255-255-255-12-0-0-0-0-0-0-0-0-0-0-0-0-0-0-0-0-0-0-0-0-0-0-0-0-0-0-0-0-0-0-0-0-0-0-0-
[WARN] [1790593310.534359554] [uav10.mavros.sys]: FCU: UNK(8): EVENT 1914663 with args -0-10-13-2-56-0-0-0-0-0-0-0-0-0-0-0-0-0-0-0-0-0-0-0-0-0-0-0-0-0-0-0-0-0-0-0-0-0-0-0-
[WARN] [1790593315.826491543] [uav10.mavros.cmd]: CMD: Unexpected command 176, result 0
[INFO] [1790593317.069729900] [uav10.mavros.sys]: FCU: EVENT 9489139 with args -4-0-0-0-0-0-0-0-0-0-0-0-0-0-0-0-0-0-0-0-0-0-0-0-0-0-0-0-0-0-0-0-0-0-0-0-0-0-0-0-
[INFO] [1790593319.297988000] [uav10.mavros.sys]: FCU: EVENT 4277609 with args -0-0-0-0-0-0-0-0-0-0-0-0-0-0-0-0-0-0-0-0-0-0-0-0-0-0-0-0-0-0-0-0-0-0-0-0-0-0-0-0-
[WARN] [1790593576.345019731] [uav10.mavros.cmd]: CMD: Unexpected command 176, result 0
[INFO] [1790593614.533460738] [uav10.mavros.sys]: FCU: EVENT 9844908 with args -0-0-0-0-0-0-0-0-0-0-0-0-0-0-0-0-0-0-0-0-0-0-0-0-0-0-0-0-0-0-0-0-0-0-0-0-0-0-0-0-
[INFO] [1790593616.703421729] [uav10.mavros.sys]: FCU: EVENT 16017271 with args -6-0-0-0-0-0-0-0-0-0-0-0-0-0-0-0-0-0-0-0-0-0-0-0-0-0-0-0-0-0-0-0-0-0-0-0-0-0-0-0-
[INFO] [1790593620.481401693] [rclcpp]: signal_handler(SIGINT/SIGTERM)
[WARN] [1790593620.481762607] [uav10.mavros]: UAS Executor terminated
