[INFO] [1790657420.202338578] [uav4.mavros_node]: Starting mavros_node container
[INFO] [1790657420.202459730] [uav4.mavros_node]: FCU URL: udp://:14543@127.0.0.1:14583
[INFO] [1790657420.202469079] [uav4.mavros_node]: GCS URL: 
[INFO] [1790657420.202474153] [uav4.mavros_node]: UAS Prefix: /uas4
[INFO] [1790657420.202478788] [uav4.mavros_node]: Starting mavros router node
[INFO] [1790657420.232657202] [uav4.mavros_router]: Built-in SIMD instructions: SSE, SSE2
[INFO] [1790657420.232708553] [uav4.mavros_router]: Built-in MAVLink package version: 2026.8.8
[INFO] [1790657420.232717466] [uav4.mavros_router]: Known MAVLink dialects: common ardupilotmega ASLUAV AVSSUAS all csAirLink cubepilot development icarous loweheiser marsh paparazzi standard stemstudios storm32 uAvionix ualberta
[INFO] [1790657420.232723943] [uav4.mavros_router]: MAVROS Router started
[INFO] [1790657420.232883059] [uav4.mavros_node]: Starting mavros uas node
[INFO] [1790657420.331161695] [uav4.mavros_router]: Requested to add endpoint: type: 0, url: udp://:14543@127.0.0.1:14583
[INFO] [1790657420.332496011] [uav4.mavros_router]: Endpoint link[1000] created
[INFO] [1790657420.334226604] [uav4.mavros_router]: link[1000] opened successfully
[INFO] [1790657420.334273103] [uav4.mavros_router]: Requested to add endpoint: type: 2, url: /uas4
[INFO] [1790657420.335425524] [uav4.mavros_router]: Endpoint link[1001] created
[INFO] [1790657420.339141014] [uav4.mavros_router]: link[1000] detected remote address 4.1
[INFO] [1790657420.344584150] [uav4.mavros]: Plugin actuator_control ignored
[INFO] [1790657420.345109454] [uav4.mavros]: Plugin altitude ignored
[INFO] [1790657420.344586649] [uav4.mavros]: UAS Executor started, threads: 4
[INFO] [1790657420.419569768] [uav4.mavros_router]: link[1001] opened successfully
[INFO] [1790657420.485537690] [uav4.mavros]: Plugin command created
[INFO] [1790657420.493681522] [uav4.mavros]: Plugin command initialized
[INFO] [1790657420.518908614] [uav4.mavros]: Plugin ftp ignored
[INFO] [1790657420.518934215] [uav4.mavros]: Plugin geofence ignored
[INFO] [1790657420.726248614] [uav4.mavros]: Plugin global_position created
[INFO] [1790657420.726315240] [uav4.mavros]: Plugin global_position initialized
[INFO] [1790657420.726326618] [uav4.mavros]: Plugin home_position ignored
[INFO] [1790657420.726332109] [uav4.mavros]: Plugin imu ignored
[INFO] [1790657421.080201263] [uav4.mavros]: Plugin local_position created
[INFO] [1790657421.080253489] [uav4.mavros]: Plugin local_position initialized
[INFO] [1790657421.080263356] [uav4.mavros]: Plugin manual_control ignored
[INFO] [1790657421.080268999] [uav4.mavros]: Plugin nav_controller_output ignored
[INFO] [1790657421.080274328] [uav4.mavros]: Plugin param ignored
[INFO] [1790657421.080279484] [uav4.mavros]: Plugin rallypoint ignored
[INFO] [1790657421.080284223] [uav4.mavros]: Plugin rc_io ignored
[INFO] [1790657421.080289185] [uav4.mavros]: Plugin setpoint_accel ignored
[INFO] [1790657421.080304014] [uav4.mavros]: Plugin setpoint_attitude ignored
[INFO] [1790657421.080309195] [uav4.mavros]: Plugin setpoint_position ignored
[INFO] [1790657421.080313983] [uav4.mavros]: Plugin setpoint_raw ignored
[INFO] [1790657421.080318486] [uav4.mavros]: Plugin setpoint_trajectory ignored
[INFO] [1790657421.333196963] [uav4.mavros]: Plugin setpoint_velocity created
[INFO] [1790657421.333244376] [uav4.mavros]: Plugin setpoint_velocity initialized
[INFO] [1790657421.902396788] [uav4.mavros]: Plugin sys_status created
[INFO] [1790657421.902535745] [uav4.mavros]: Plugin sys_status initialized
[INFO] [1790657421.998388314] [uav4.mavros.time]: TM: Timesync mode: MAVLINK
[INFO] [1790657422.005209671] [uav4.mavros]: Plugin sys_time created
[INFO] [1790657422.005260624] [uav4.mavros]: Plugin sys_time initialized
[INFO] [1790657422.005269358] [uav4.mavros]: Plugin waypoint ignored
[INFO] [1790657422.005274418] [uav4.mavros]: Plugin wind_estimation ignored
[INFO] [1790657422.007182589] [uav4.mavros]: Built-in SIMD instructions: SSE, SSE2
[INFO] [1790657422.007238572] [uav4.mavros]: Built-in MAVLink package version: 2026.8.8
[INFO] [1790657422.008112593] [uav4.mavros]: Known MAVLink dialects: common ardupilotmega ASLUAV AVSSUAS all csAirLink cubepilot development icarous loweheiser marsh paparazzi standard stemstudios storm32 uAvionix ualberta
[INFO] [1790657422.008126653] [uav4.mavros]: MAVROS UAS via /uas4 started. MY ID 4.191, TARGET ID 4.1
[INFO] [1790657422.095385510] [uav4.mavros_router]: link[1001] detected remote address 4.191
[INFO] [1790657422.864552608] [uav4.mavros]: CON: Got HEARTBEAT, connected. FCU: PX4 Autopilot
[INFO] [1790657423.887536163] [uav4.mavros.sys]: VER: 4.1: Capabilities         0x000000000000e8ff
[INFO] [1790657423.887648042] [uav4.mavros.sys]: VER: 4.1: Flight software:     011200c0 (fca3df865a000000)
[INFO] [1790657423.887657656] [uav4.mavros.sys]: VER: 4.1: Middleware software: 011200c0 (fca3df865a000000)
[INFO] [1790657423.887662305] [uav4.mavros.sys]: VER: 4.1: OS software:         070000ff (17040b9f87cb1791)
[INFO] [1790657423.887666866] [uav4.mavros.sys]: VER: 4.1: Board hardware:      00000001
[INFO] [1790657423.887672069] [uav4.mavros.sys]: VER: 4.1: VID/PID:             0000:0000
[INFO] [1790657423.887676731] [uav4.mavros.sys]: VER: 4.1: UID:                 4954414c44494e52
[WARN] [1790657423.889362432] [uav4.mavros.cmd]: CMD: Unexpected command 512, result 0
[WARN] [1790657434.095275270] [uav4.mavros.sys]: FCU: UNK(8): EVENT 11047904 with args -0-0-0-0-0-128-0-0-0-176-122-127-128-176-122-127-128-0-0-0-0-0-0-0-0-0-0-0-0-0-0-0-0-0-0-0-0-0-0-0-
[INFO] [1790657434.095382554] [uav4.mavros.sys]: FCU: EVENT 377561 with args -8-0-0-0-20-0-0-0-0-0-0-0-0-0-0-0-0-0-0-0-0-0-0-0-0-0-0-0-0-0-0-0-0-0-0-0-0-0-0-0-
[WARN] [1790657434.095443487] [uav4.mavros.sys]: FCU: EVENT 453929 with args -255-255-255-255-7-0-0-0-0-0-0-0-0-0-0-0-0-0-0-0-0-0-0-0-0-0-0-0-0-0-0-0-0-0-0-0-0-0-0-0-
[INFO] [1790657434.095477703] [uav4.mavros.sys]: FCU: EVENT 6801787 with args -255-255-255-255-12-0-0-0-0-0-0-0-0-0-0-0-0-0-0-0-0-0-0-0-0-0-0-0-0-0-0-0-0-0-0-0-0-0-0-0-
[WARN] [1790657434.095509226] [uav4.mavros.sys]: FCU: UNK(8): EVENT 1914663 with args -0-10-13-2-56-0-0-0-0-0-0-0-0-0-0-0-0-0-0-0-0-0-0-0-0-0-0-0-0-0-0-0-0-0-0-0-0-0-0-0-
[WARN] [1790657437.350900820] [uav4.mavros.cmd]: CMD: Unexpected command 176, result 0
[INFO] [1790657438.378891586] [uav4.mavros.sys]: FCU: EVENT 9489139 with args -4-0-0-0-0-0-0-0-0-0-0-0-0-0-0-0-0-0-0-0-0-0-0-0-0-0-0-0-0-0-0-0-0-0-0-0-0-0-0-0-
[INFO] [1790657440.268498861] [uav4.mavros.sys]: FCU: EVENT 4277609 with args -0-0-0-0-0-0-0-0-0-0-0-0-0-0-0-0-0-0-0-0-0-0-0-0-0-0-0-0-0-0-0-0-0-0-0-0-0-0-0-0-
[WARN] [1790657703.744550666] [uav4.mavros.cmd]: CMD: Unexpected command 176, result 0
[INFO] [1790657743.319555277] [uav4.mavros.sys]: FCU: EVENT 9844908 with args -0-0-0-0-0-0-0-0-0-0-0-0-0-0-0-0-0-0-0-0-0-0-0-0-0-0-0-0-0-0-0-0-0-0-0-0-0-0-0-0-
[INFO] [1790657745.531645773] [uav4.mavros.sys]: FCU: EVENT 16017271 with args -6-0-0-0-0-0-0-0-0-0-0-0-0-0-0-0-0-0-0-0-0-0-0-0-0-0-0-0-0-0-0-0-0-0-0-0-0-0-0-0-
[INFO] [1790657749.122390852] [rclcpp]: signal_handler(SIGINT/SIGTERM)
[WARN] [1790657749.126385484] [uav4.mavros]: UAS Executor terminated
