[INFO] [1790657420.000498783] [uav1.mavros_node]: Starting mavros_node container
[INFO] [1790657420.000600512] [uav1.mavros_node]: FCU URL: udp://:15540@127.0.0.1:15580
[INFO] [1790657420.000608130] [uav1.mavros_node]: GCS URL: 
[INFO] [1790657420.000612662] [uav1.mavros_node]: UAS Prefix: /uas1
[INFO] [1790657420.000617387] [uav1.mavros_node]: Starting mavros router node
[INFO] [1790657420.016298537] [uav1.mavros_router]: Built-in SIMD instructions: SSE, SSE2
[INFO] [1790657420.016338687] [uav1.mavros_router]: Built-in MAVLink package version: 2026.8.8
[INFO] [1790657420.016348153] [uav1.mavros_router]: Known MAVLink dialects: common ardupilotmega ASLUAV AVSSUAS all csAirLink cubepilot development icarous loweheiser marsh paparazzi standard stemstudios storm32 uAvionix ualberta
[INFO] [1790657420.016354746] [uav1.mavros_router]: MAVROS Router started
[INFO] [1790657420.016514306] [uav1.mavros_node]: Starting mavros uas node
[INFO] [1790657420.066885176] [uav1.mavros_router]: Requested to add endpoint: type: 0, url: udp://:15540@127.0.0.1:15580
[INFO] [1790657420.066941185] [uav1.mavros_router]: Endpoint link[1000] created
[INFO] [1790657420.067177850] [uav1.mavros_router]: link[1000] opened successfully
[INFO] [1790657420.067188759] [uav1.mavros_router]: Requested to add endpoint: type: 2, url: /uas1
[INFO] [1790657420.067199387] [uav1.mavros_router]: Endpoint link[1001] created
[INFO] [1790657420.072696686] [uav1.mavros_router]: link[1001] opened successfully
[INFO] [1790657420.077114495] [uav1.mavros]: Plugin actuator_control ignored
[INFO] [1790657420.080102380] [uav1.mavros]: Plugin altitude ignored
[INFO] [1790657420.077201403] [uav1.mavros]: UAS Executor started, threads: 4
[INFO] [1790657420.149182824] [uav1.mavros]: Plugin command created
[INFO] [1790657420.150333121] [uav1.mavros]: Plugin command initialized
[INFO] [1790657420.150373597] [uav1.mavros]: Plugin ftp ignored
[INFO] [1790657420.150379919] [uav1.mavros]: Plugin geofence ignored
[INFO] [1790657420.203864716] [uav1.mavros_router]: link[1000] detected remote address 1.1
[INFO] [1790657420.210903262] [uav1.mavros]: Plugin global_position created
[INFO] [1790657420.210953533] [uav1.mavros]: Plugin global_position initialized
[INFO] [1790657420.210963641] [uav1.mavros]: Plugin home_position ignored
[INFO] [1790657420.210969029] [uav1.mavros]: Plugin imu ignored
[INFO] [1790657420.425506473] [uav1.mavros]: Plugin local_position created
[INFO] [1790657420.426305696] [uav1.mavros]: Plugin local_position initialized
[INFO] [1790657420.426341687] [uav1.mavros]: Plugin manual_control ignored
[INFO] [1790657420.426347634] [uav1.mavros]: Plugin nav_controller_output ignored
[INFO] [1790657420.426352930] [uav1.mavros]: Plugin param ignored
[INFO] [1790657420.426357622] [uav1.mavros]: Plugin rallypoint ignored
[INFO] [1790657420.426362596] [uav1.mavros]: Plugin rc_io ignored
[INFO] [1790657420.426367275] [uav1.mavros]: Plugin setpoint_accel ignored
[INFO] [1790657420.426376049] [uav1.mavros]: Plugin setpoint_attitude ignored
[INFO] [1790657420.426381025] [uav1.mavros]: Plugin setpoint_position ignored
[INFO] [1790657420.426385859] [uav1.mavros]: Plugin setpoint_raw ignored
[INFO] [1790657420.426390588] [uav1.mavros]: Plugin setpoint_trajectory ignored
[INFO] [1790657420.612947846] [uav1.mavros]: Plugin setpoint_velocity created
[INFO] [1790657420.613027158] [uav1.mavros]: Plugin setpoint_velocity initialized
[INFO] [1790657420.844053695] [uav1.mavros]: Plugin sys_status created
[INFO] [1790657420.844131974] [uav1.mavros]: Plugin sys_status initialized
[INFO] [1790657420.920092127] [uav1.mavros.time]: TM: Timesync mode: MAVLINK
[INFO] [1790657420.949342171] [uav1.mavros]: Plugin sys_time created
[INFO] [1790657420.949402076] [uav1.mavros]: Plugin sys_time initialized
[INFO] [1790657420.949412748] [uav1.mavros]: Plugin waypoint ignored
[INFO] [1790657420.949418686] [uav1.mavros]: Plugin wind_estimation ignored
[INFO] [1790657420.958169368] [uav1.mavros]: Built-in SIMD instructions: SSE, SSE2
[INFO] [1790657420.958216109] [uav1.mavros]: Built-in MAVLink package version: 2026.8.8
[INFO] [1790657420.958255622] [uav1.mavros]: Known MAVLink dialects: common ardupilotmega ASLUAV AVSSUAS all csAirLink cubepilot development icarous loweheiser marsh paparazzi standard stemstudios storm32 uAvionix ualberta
[INFO] [1790657420.958262294] [uav1.mavros]: MAVROS UAS via /uas1 started. MY ID 1.191, TARGET ID 1.1
[INFO] [1790657421.670440339] [uav1.mavros_router]: link[1001] detected remote address 1.191
[INFO] [1790657422.155266706] [uav1.mavros.sys]: VER: 1.1: Capabilities         0x000000000000e8ff
[INFO] [1790657422.155326419] [uav1.mavros.sys]: VER: 1.1: Flight software:     011200c0 (fca3df865a000000)
[INFO] [1790657422.155336046] [uav1.mavros.sys]: VER: 1.1: Middleware software: 011200c0 (fca3df865a000000)
[INFO] [1790657422.155341245] [uav1.mavros.sys]: VER: 1.1: OS software:         070000ff (17040b9f87cb1791)
[INFO] [1790657422.155346015] [uav1.mavros.sys]: VER: 1.1: Board hardware:      00000001
[INFO] [1790657422.155351508] [uav1.mavros.sys]: VER: 1.1: VID/PID:             0000:0000
[INFO] [1790657422.155356303] [uav1.mavros.sys]: VER: 1.1: UID:                 4954414c44494e4f
[WARN] [1790657422.164276623] [uav1.mavros.cmd]: CMD: Unexpected command 512, result 0
[INFO] [1790657422.344431208] [uav1.mavros]: CON: Got HEARTBEAT, connected. FCU: PX4 Autopilot
[INFO] [1790657423.466389196] [uav1.mavros.sys]: VER: 1.1: Capabilities         0x000000000000e8ff
[INFO] [1790657423.466444108] [uav1.mavros.sys]: VER: 1.1: Flight software:     011200c0 (fca3df865a000000)
[INFO] [1790657423.466450930] [uav1.mavros.sys]: VER: 1.1: Middleware software: 011200c0 (fca3df865a000000)
[INFO] [1790657423.466455893] [uav1.mavros.sys]: VER: 1.1: OS software:         070000ff (17040b9f87cb1791)
[INFO] [1790657423.466460597] [uav1.mavros.sys]: VER: 1.1: Board hardware:      00000001
[INFO] [1790657423.466464927] [uav1.mavros.sys]: VER: 1.1: VID/PID:             0000:0000
[INFO] [1790657423.466469687] [uav1.mavros.sys]: VER: 1.1: UID:                 4954414c44494e4f
[WARN] [1790657433.145391085] [uav1.mavros.sys]: FCU: UNK(8): EVENT 1914663 with args -0-10-13-2-56-0-0-0-0-0-0-0-0-0-0-0-0-0-0-0-0-0-0-0-0-0-0-0-0-0-0-0-0-0-0-0-0-0-0-0-
[WARN] [1790657437.509718541] [uav1.mavros.cmd]: CMD: Unexpected command 176, result 0
[INFO] [1790657438.027341257] [uav1.mavros.sys]: FCU: EVENT 9489139 with args -4-0-0-0-0-0-0-0-0-0-0-0-0-0-0-0-0-0-0-0-0-0-0-0-0-0-0-0-0-0-0-0-0-0-0-0-0-0-0-0-
[INFO] [1790657440.023133582] [uav1.mavros.sys]: FCU: EVENT 4277609 with args -0-0-0-0-0-0-0-0-0-0-0-0-0-0-0-0-0-0-0-0-0-0-0-0-0-0-0-0-0-0-0-0-0-0-0-0-0-0-0-0-
[WARN] [1790657703.829874208] [uav1.mavros.cmd]: CMD: Unexpected command 176, result 0
[INFO] [1790657743.735880095] [uav1.mavros.sys]: FCU: EVENT 9844908 with args -0-0-0-0-0-0-0-0-0-0-0-0-0-0-0-0-0-0-0-0-0-0-0-0-0-0-0-0-0-0-0-0-0-0-0-0-0-0-0-0-
[INFO] [1790657745.880254003] [uav1.mavros.sys]: FCU: EVENT 16017271 with args -6-0-0-0-0-0-0-0-0-0-0-0-0-0-0-0-0-0-0-0-0-0-0-0-0-0-0-0-0-0-0-0-0-0-0-0-0-0-0-0-
[INFO] [1790657749.101086315] [rclcpp]: signal_handler(SIGINT/SIGTERM)
[WARN] [1790657749.102568550] [uav1.mavros]: UAS Executor terminated
