[INFO] [1790597294.151550398] [uav1.mavros_node]: Starting mavros_node container
[INFO] [1790597294.158679089] [uav1.mavros_node]: FCU URL: udp://:14540@127.0.0.1:14580
[INFO] [1790597294.161520336] [uav1.mavros_node]: GCS URL: 
[INFO] [1790597294.163073244] [uav1.mavros_node]: UAS Prefix: /uas1
[INFO] [1790597294.163941445] [uav1.mavros_node]: Starting mavros router node
[INFO] [1790597294.403506146] [uav1.mavros_router]: Built-in SIMD instructions: SSE, SSE2
[INFO] [1790597294.405590366] [uav1.mavros_router]: Built-in MAVLink package version: 2026.8.8
[INFO] [1790597294.405639722] [uav1.mavros_router]: Known MAVLink dialects: common ardupilotmega ASLUAV AVSSUAS all csAirLink cubepilot development icarous loweheiser marsh paparazzi standard stemstudios storm32 uAvionix ualberta
[INFO] [1790597294.405648996] [uav1.mavros_router]: MAVROS Router started
[INFO] [1790597294.405810742] [uav1.mavros_node]: Starting mavros uas node
[INFO] [1790597294.910575929] [uav1.mavros_router]: Requested to add endpoint: type: 0, url: udp://:14540@127.0.0.1:14580
[INFO] [1790597294.910841095] [uav1.mavros_router]: Endpoint link[1000] created
[INFO] [1790597294.911081588] [uav1.mavros_router]: link[1000] opened successfully
[INFO] [1790597294.911104265] [uav1.mavros_router]: Requested to add endpoint: type: 2, url: /uas1
[INFO] [1790597294.911118887] [uav1.mavros_router]: Endpoint link[1001] created
[INFO] [1790597294.917166893] [uav1.mavros_router]: link[1001] opened successfully
[INFO] [1790597294.917562804] [uav1.mavros_router]: link[1000] detected remote address 1.1
[INFO] [1790597294.924209678] [uav1.mavros]: UAS Executor started, threads: 4
[INFO] [1790597294.924224649] [uav1.mavros]: Plugin actuator_control ignored
[INFO] [1790597294.924784139] [uav1.mavros]: Plugin altitude ignored
[INFO] [1790597295.379127986] [uav1.mavros]: Plugin command created
[INFO] [1790597295.379203448] [uav1.mavros]: Plugin command initialized
[INFO] [1790597295.379215256] [uav1.mavros]: Plugin ftp ignored
[INFO] [1790597295.379221214] [uav1.mavros]: Plugin geofence ignored
[INFO] [1790597295.616452831] [uav1.mavros]: Plugin global_position created
[INFO] [1790597295.625812050] [uav1.mavros]: Plugin global_position initialized
[INFO] [1790597295.625829356] [uav1.mavros]: Plugin home_position ignored
[INFO] [1790597295.625836139] [uav1.mavros]: Plugin imu ignored
[INFO] [1790597295.938876145] [uav1.mavros]: Plugin local_position created
[INFO] [1790597295.938939676] [uav1.mavros]: Plugin local_position initialized
[INFO] [1790597295.938951336] [uav1.mavros]: Plugin manual_control ignored
[INFO] [1790597295.938956928] [uav1.mavros]: Plugin nav_controller_output ignored
[INFO] [1790597295.938962926] [uav1.mavros]: Plugin param ignored
[INFO] [1790597295.938968811] [uav1.mavros]: Plugin rallypoint ignored
[INFO] [1790597295.938974176] [uav1.mavros]: Plugin rc_io ignored
[INFO] [1790597295.938979521] [uav1.mavros]: Plugin setpoint_accel ignored
[INFO] [1790597295.938985047] [uav1.mavros]: Plugin setpoint_attitude ignored
[INFO] [1790597295.938991253] [uav1.mavros]: Plugin setpoint_position ignored
[INFO] [1790597295.938997398] [uav1.mavros]: Plugin setpoint_raw ignored
[INFO] [1790597295.939003011] [uav1.mavros]: Plugin setpoint_trajectory ignored
[INFO] [1790597296.235162586] [uav1.mavros]: Plugin setpoint_velocity created
[INFO] [1790597296.235594618] [uav1.mavros]: Plugin setpoint_velocity initialized
[INFO] [1790597296.813245522] [uav1.mavros]: Plugin sys_status created
[INFO] [1790597296.813333090] [uav1.mavros]: Plugin sys_status initialized
[INFO] [1790597296.900020333] [uav1.mavros.time]: TM: Timesync mode: MAVLINK
[INFO] [1790597296.915843207] [uav1.mavros]: Plugin sys_time created
[INFO] [1790597296.915919295] [uav1.mavros]: Plugin sys_time initialized
[INFO] [1790597296.915931433] [uav1.mavros]: Plugin waypoint ignored
[INFO] [1790597296.915937644] [uav1.mavros]: Plugin wind_estimation ignored
[INFO] [1790597296.925302575] [uav1.mavros]: Built-in SIMD instructions: SSE, SSE2
[INFO] [1790597296.925354907] [uav1.mavros]: Built-in MAVLink package version: 2026.8.8
[INFO] [1790597296.925389409] [uav1.mavros]: Known MAVLink dialects: common ardupilotmega ASLUAV AVSSUAS all csAirLink cubepilot development icarous loweheiser marsh paparazzi standard stemstudios storm32 uAvionix ualberta
[INFO] [1790597296.925397356] [uav1.mavros]: MAVROS UAS via /uas1 started. MY ID 1.191, TARGET ID 1.1
[INFO] [1790597296.965207707] [uav1.mavros_router]: link[1001] detected remote address 1.191
[INFO] [1790597297.640465828] [uav1.mavros]: CON: Got HEARTBEAT, connected. FCU: PX4 Autopilot
[INFO] [1790597298.696157179] [uav1.mavros.sys]: VER: 1.1: Capabilities         0x000000000000e8ff
[INFO] [1790597298.696213161] [uav1.mavros.sys]: VER: 1.1: Flight software:     011200c0 (fca3df865a000000)
[INFO] [1790597298.696222356] [uav1.mavros.sys]: VER: 1.1: Middleware software: 011200c0 (fca3df865a000000)
[INFO] [1790597298.696228591] [uav1.mavros.sys]: VER: 1.1: OS software:         070000ff (17040b9f87cb1791)
[INFO] [1790597298.696235088] [uav1.mavros.sys]: VER: 1.1: Board hardware:      00000001
[INFO] [1790597298.696240839] [uav1.mavros.sys]: VER: 1.1: VID/PID:             0000:0000
[INFO] [1790597298.696247087] [uav1.mavros.sys]: VER: 1.1: UID:                 4954414c44494e4f
[WARN] [1790597298.698836179] [uav1.mavros.cmd]: CMD: Unexpected command 512, result 0
[WARN] [1790597304.865283067] [uav1.mavros.sys]: FCU: UNK(8): EVENT 11047904 with args -0-0-0-0-0-128-0-0-0-176-122-127-128-176-122-127-128-0-0-0-0-0-0-0-0-0-0-0-0-0-0-0-0-0-0-0-0-0-0-0-
[INFO] [1790597304.865381963] [uav1.mavros.sys]: FCU: EVENT 377561 with args -8-0-0-0-20-0-0-0-0-0-0-0-0-0-0-0-0-0-0-0-0-0-0-0-0-0-0-0-0-0-0-0-0-0-0-0-0-0-0-0-
[WARN] [1790597304.865427139] [uav1.mavros.sys]: FCU: EVENT 453929 with args -255-255-255-255-7-0-0-0-0-0-0-0-0-0-0-0-0-0-0-0-0-0-0-0-0-0-0-0-0-0-0-0-0-0-0-0-0-0-0-0-
[INFO] [1790597304.865467231] [uav1.mavros.sys]: FCU: EVENT 6801787 with args -255-255-255-255-12-0-0-0-0-0-0-0-0-0-0-0-0-0-0-0-0-0-0-0-0-0-0-0-0-0-0-0-0-0-0-0-0-0-0-0-
[WARN] [1790597304.865501375] [uav1.mavros.sys]: FCU: UNK(8): EVENT 1914663 with args -0-10-13-2-56-0-0-0-0-0-0-0-0-0-0-0-0-0-0-0-0-0-0-0-0-0-0-0-0-0-0-0-0-0-0-0-0-0-0-0-
[WARN] [1790597310.435947405] [uav1.mavros.cmd]: CMD: Unexpected command 176, result 0
[INFO] [1790597311.328229824] [uav1.mavros.sys]: FCU: EVENT 9489139 with args -4-0-0-0-0-0-0-0-0-0-0-0-0-0-0-0-0-0-0-0-0-0-0-0-0-0-0-0-0-0-0-0-0-0-0-0-0-0-0-0-
[INFO] [1790597313.392592717] [uav1.mavros.sys]: FCU: EVENT 4277609 with args -0-0-0-0-0-0-0-0-0-0-0-0-0-0-0-0-0-0-0-0-0-0-0-0-0-0-0-0-0-0-0-0-0-0-0-0-0-0-0-0-
[WARN] [1790597571.735510831] [uav1.mavros.cmd]: CMD: Unexpected command 176, result 0
[INFO] [1790597605.190977503] [uav1.mavros.sys]: FCU: EVENT 9844908 with args -0-0-0-0-0-0-0-0-0-0-0-0-0-0-0-0-0-0-0-0-0-0-0-0-0-0-0-0-0-0-0-0-0-0-0-0-0-0-0-0-
[INFO] [1790597607.325166081] [uav1.mavros.sys]: FCU: EVENT 16017271 with args -6-0-0-0-0-0-0-0-0-0-0-0-0-0-0-0-0-0-0-0-0-0-0-0-0-0-0-0-0-0-0-0-0-0-0-0-0-0-0-0-
[WARN] [1790597611.491477024] [uav1.mavros.sys]: FCU: UNK(8): EVENT 11047904 with args -0-0-0-0-0-128-0-0-0-176-122-127-128-176-122-127-128-0-0-0-0-0-0-0-0-0-0-0-0-0-0-0-0-0-0-0-0-0-0-0-
[INFO] [1790597611.491822728] [uav1.mavros.sys]: FCU: EVENT 377561 with args -8-0-0-0-20-0-0-0-0-0-0-0-0-0-0-0-0-0-0-0-0-0-0-0-0-0-0-0-0-0-0-0-0-0-0-0-0-0-0-0-
[WARN] [1790597611.492013409] [uav1.mavros.sys]: FCU: EVENT 453929 with args -255-255-255-255-7-0-0-0-0-0-0-0-0-0-0-0-0-0-0-0-0-0-0-0-0-0-0-0-0-0-0-0-0-0-0-0-0-0-0-0-
[INFO] [1790597611.492842180] [uav1.mavros.sys]: FCU: EVENT 6801787 with args -255-255-255-255-12-0-0-0-0-0-0-0-0-0-0-0-0-0-0-0-0-0-0-0-0-0-0-0-0-0-0-0-0-0-0-0-0-0-0-0-
[WARN] [1790597611.492951687] [uav1.mavros.sys]: FCU: UNK(8): EVENT 1914663 with args -0-10-9-2-56-0-0-0-0-0-0-0-0-0-0-0-0-0-0-0-0-0-0-0-0-0-0-0-0-0-0-0-0-0-0-0-0-0-0-0-
[INFO] [1790597614.789945352] [rclcpp]: signal_handler(SIGINT/SIGTERM)
[WARN] [1790597614.802262318] [uav1.mavros]: UAS Executor terminated
