[INFO] [1790597293.841355688] [uav6.mavros_node]: Starting mavros_node container
[INFO] [1790597293.841853557] [uav6.mavros_node]: FCU URL: udp://:14545@127.0.0.1:14585
[INFO] [1790597293.841878587] [uav6.mavros_node]: GCS URL: 
[INFO] [1790597293.841892733] [uav6.mavros_node]: UAS Prefix: /uas6
[INFO] [1790597293.841899242] [uav6.mavros_node]: Starting mavros router node
[INFO] [1790597293.886305992] [uav6.mavros_router]: Built-in SIMD instructions: SSE, SSE2
[INFO] [1790597293.886365416] [uav6.mavros_router]: Built-in MAVLink package version: 2026.8.8
[INFO] [1790597293.886376098] [uav6.mavros_router]: Known MAVLink dialects: common ardupilotmega ASLUAV AVSSUAS all csAirLink cubepilot development icarous loweheiser marsh paparazzi standard stemstudios storm32 uAvionix ualberta
[INFO] [1790597293.886383566] [uav6.mavros_router]: MAVROS Router started
[INFO] [1790597293.886571178] [uav6.mavros_node]: Starting mavros uas node
[INFO] [1790597293.962922953] [uav6.mavros_router]: Requested to add endpoint: type: 0, url: udp://:14545@127.0.0.1:14585
[INFO] [1790597293.963004893] [uav6.mavros_router]: Endpoint link[1000] created
[INFO] [1790597293.963279051] [uav6.mavros_router]: link[1000] opened successfully
[INFO] [1790597293.963315256] [uav6.mavros_router]: Requested to add endpoint: type: 2, url: /uas6
[INFO] [1790597293.963332569] [uav6.mavros_router]: Endpoint link[1001] created
[INFO] [1790597293.969096206] [uav6.mavros_router]: link[1000] detected remote address 6.1
[INFO] [1790597293.980794675] [uav6.mavros]: Plugin actuator_control ignored
[INFO] [1790597293.980872703] [uav6.mavros]: Plugin altitude ignored
[INFO] [1790597293.981105002] [uav6.mavros]: UAS Executor started, threads: 4
[INFO] [1790597294.073485482] [uav6.mavros_router]: link[1001] opened successfully
[INFO] [1790597294.172870544] [uav6.mavros]: Plugin command created
[INFO] [1790597294.172942859] [uav6.mavros]: Plugin command initialized
[INFO] [1790597294.172956529] [uav6.mavros]: Plugin ftp ignored
[INFO] [1790597294.172963349] [uav6.mavros]: Plugin geofence ignored
[INFO] [1790597294.493789010] [uav6.mavros]: Plugin global_position created
[INFO] [1790597294.493853503] [uav6.mavros]: Plugin global_position initialized
[INFO] [1790597294.493866149] [uav6.mavros]: Plugin home_position ignored
[INFO] [1790597294.493872134] [uav6.mavros]: Plugin imu ignored
[INFO] [1790597294.769745286] [uav6.mavros]: Plugin local_position created
[INFO] [1790597294.769809995] [uav6.mavros]: Plugin local_position initialized
[INFO] [1790597294.769822380] [uav6.mavros]: Plugin manual_control ignored
[INFO] [1790597294.769827732] [uav6.mavros]: Plugin nav_controller_output ignored
[INFO] [1790597294.769833187] [uav6.mavros]: Plugin param ignored
[INFO] [1790597294.769838209] [uav6.mavros]: Plugin rallypoint ignored
[INFO] [1790597294.769843229] [uav6.mavros]: Plugin rc_io ignored
[INFO] [1790597294.769848514] [uav6.mavros]: Plugin setpoint_accel ignored
[INFO] [1790597294.769853533] [uav6.mavros]: Plugin setpoint_attitude ignored
[INFO] [1790597294.769858831] [uav6.mavros]: Plugin setpoint_position ignored
[INFO] [1790597294.769864534] [uav6.mavros]: Plugin setpoint_raw ignored
[INFO] [1790597294.769869961] [uav6.mavros]: Plugin setpoint_trajectory ignored
[INFO] [1790597294.811759603] [uav6.mavros]: Plugin setpoint_velocity created
[INFO] [1790597294.811871920] [uav6.mavros]: Plugin setpoint_velocity initialized
[INFO] [1790597294.962556909] [uav6.mavros]: Plugin sys_status created
[INFO] [1790597294.962653383] [uav6.mavros]: Plugin sys_status initialized
[INFO] [1790597295.172341399] [uav6.mavros.time]: TM: Timesync mode: MAVLINK
[INFO] [1790597295.232788322] [uav6.mavros]: Plugin sys_time created
[INFO] [1790597295.240202936] [uav6.mavros]: Plugin sys_time initialized
[INFO] [1790597295.240224793] [uav6.mavros]: Plugin waypoint ignored
[INFO] [1790597295.240231746] [uav6.mavros]: Plugin wind_estimation ignored
[INFO] [1790597295.265300858] [uav6.mavros]: Built-in SIMD instructions: SSE, SSE2
[INFO] [1790597295.279173580] [uav6.mavros]: Built-in MAVLink package version: 2026.8.8
[INFO] [1790597295.283944151] [uav6.mavros]: Known MAVLink dialects: common ardupilotmega ASLUAV AVSSUAS all csAirLink cubepilot development icarous loweheiser marsh paparazzi standard stemstudios storm32 uAvionix ualberta
[INFO] [1790597295.283961904] [uav6.mavros]: MAVROS UAS via /uas6 started. MY ID 6.191, TARGET ID 6.1
[INFO] [1790597295.344618337] [uav6.mavros]: CON: Got HEARTBEAT, connected. FCU: PX4 Autopilot
[INFO] [1790597295.344754836] [uav6.mavros_router]: link[1001] detected remote address 6.191
[INFO] [1790597296.505128384] [uav6.mavros.sys]: VER: 6.1: Capabilities         0x000000000000e8ff
[INFO] [1790597296.505194081] [uav6.mavros.sys]: VER: 6.1: Flight software:     011200c0 (fca3df865a000000)
[INFO] [1790597296.505203085] [uav6.mavros.sys]: VER: 6.1: Middleware software: 011200c0 (fca3df865a000000)
[INFO] [1790597296.505208108] [uav6.mavros.sys]: VER: 6.1: OS software:         070000ff (17040b9f87cb1791)
[INFO] [1790597296.505213380] [uav6.mavros.sys]: VER: 6.1: Board hardware:      00000001
[INFO] [1790597296.505218083] [uav6.mavros.sys]: VER: 6.1: VID/PID:             0000:0000
[INFO] [1790597296.505223083] [uav6.mavros.sys]: VER: 6.1: UID:                 4954414c44494e54
[WARN] [1790597296.505576966] [uav6.mavros.cmd]: CMD: Unexpected command 512, result 0
[WARN] [1790597309.889072364] [uav6.mavros.sys]: FCU: UNK(8): EVENT 11047904 with args -0-0-0-0-0-128-0-0-0-176-122-127-128-176-122-127-128-0-0-0-0-0-0-0-0-0-0-0-0-0-0-0-0-0-0-0-0-0-0-0-
[INFO] [1790597309.889198583] [uav6.mavros.sys]: FCU: EVENT 377561 with args -8-0-0-0-20-0-0-0-0-0-0-0-0-0-0-0-0-0-0-0-0-0-0-0-0-0-0-0-0-0-0-0-0-0-0-0-0-0-0-0-
[WARN] [1790597309.889243881] [uav6.mavros.sys]: FCU: EVENT 453929 with args -255-255-255-255-7-0-0-0-0-0-0-0-0-0-0-0-0-0-0-0-0-0-0-0-0-0-0-0-0-0-0-0-0-0-0-0-0-0-0-0-
[INFO] [1790597309.889279045] [uav6.mavros.sys]: FCU: EVENT 6801787 with args -255-255-255-255-12-0-0-0-0-0-0-0-0-0-0-0-0-0-0-0-0-0-0-0-0-0-0-0-0-0-0-0-0-0-0-0-0-0-0-0-
[WARN] [1790597309.889315428] [uav6.mavros.sys]: FCU: UNK(8): EVENT 1914663 with args -0-10-13-2-56-0-0-0-0-0-0-0-0-0-0-0-0-0-0-0-0-0-0-0-0-0-0-0-0-0-0-0-0-0-0-0-0-0-0-0-
[WARN] [1790597310.464194484] [uav6.mavros.cmd]: CMD: Unexpected command 176, result 0
[INFO] [1790597311.172872899] [uav6.mavros.sys]: FCU: EVENT 9489139 with args -4-0-0-0-0-0-0-0-0-0-0-0-0-0-0-0-0-0-0-0-0-0-0-0-0-0-0-0-0-0-0-0-0-0-0-0-0-0-0-0-
[INFO] [1790597312.970793620] [uav6.mavros.sys]: FCU: EVENT 4277609 with args -0-0-0-0-0-0-0-0-0-0-0-0-0-0-0-0-0-0-0-0-0-0-0-0-0-0-0-0-0-0-0-0-0-0-0-0-0-0-0-0-
[WARN] [1790597571.514536165] [uav6.mavros.cmd]: CMD: Unexpected command 176, result 0
[INFO] [1790597607.778915030] [uav6.mavros.sys]: FCU: EVENT 9844908 with args -0-0-0-0-0-0-0-0-0-0-0-0-0-0-0-0-0-0-0-0-0-0-0-0-0-0-0-0-0-0-0-0-0-0-0-0-0-0-0-0-
[INFO] [1790597609.916826758] [uav6.mavros.sys]: FCU: EVENT 16017271 with args -6-0-0-0-0-0-0-0-0-0-0-0-0-0-0-0-0-0-0-0-0-0-0-0-0-0-0-0-0-0-0-0-0-0-0-0-0-0-0-0-
[WARN] [1790597613.288955330] [uav6.mavros.sys]: FCU: UNK(8): EVENT 11047904 with args -0-0-0-0-0-128-0-0-0-176-122-127-128-176-122-127-128-0-0-0-0-0-0-0-0-0-0-0-0-0-0-0-0-0-0-0-0-0-0-0-
[INFO] [1790597613.289083358] [uav6.mavros.sys]: FCU: EVENT 377561 with args -8-0-0-0-20-0-0-0-0-0-0-0-0-0-0-0-0-0-0-0-0-0-0-0-0-0-0-0-0-0-0-0-0-0-0-0-0-0-0-0-
[WARN] [1790597613.289146962] [uav6.mavros.sys]: FCU: EVENT 453929 with args -255-255-255-255-7-0-0-0-0-0-0-0-0-0-0-0-0-0-0-0-0-0-0-0-0-0-0-0-0-0-0-0-0-0-0-0-0-0-0-0-
[INFO] [1790597613.289187434] [uav6.mavros.sys]: FCU: EVENT 6801787 with args -255-255-255-255-12-0-0-0-0-0-0-0-0-0-0-0-0-0-0-0-0-0-0-0-0-0-0-0-0-0-0-0-0-0-0-0-0-0-0-0-
[WARN] [1790597613.291069252] [uav6.mavros.sys]: FCU: UNK(8): EVENT 1914663 with args -0-10-9-2-56-0-0-0-0-0-0-0-0-0-0-0-0-0-0-0-0-0-0-0-0-0-0-0-0-0-0-0-0-0-0-0-0-0-0-0-
[INFO] [1790597614.787701692] [rclcpp]: signal_handler(SIGINT/SIGTERM)
[WARN] [1790597614.793328182] [uav6.mavros]: UAS Executor terminated
