[INFO] [1790597293.951645767] [uav2.mavros_node]: Starting mavros_node container
[INFO] [1790597293.951809716] [uav2.mavros_node]: FCU URL: udp://:14541@127.0.0.1:14581
[INFO] [1790597293.951827960] [uav2.mavros_node]: GCS URL: 
[INFO] [1790597293.951834308] [uav2.mavros_node]: UAS Prefix: /uas2
[INFO] [1790597293.951840197] [uav2.mavros_node]: Starting mavros router node
[INFO] [1790597294.139505109] [uav2.mavros_router]: Built-in SIMD instructions: SSE, SSE2
[INFO] [1790597294.139592785] [uav2.mavros_router]: Built-in MAVLink package version: 2026.8.8
[INFO] [1790597294.139609012] [uav2.mavros_router]: Known MAVLink dialects: common ardupilotmega ASLUAV AVSSUAS all csAirLink cubepilot development icarous loweheiser marsh paparazzi standard stemstudios storm32 uAvionix ualberta
[INFO] [1790597294.139617913] [uav2.mavros_router]: MAVROS Router started
[INFO] [1790597294.140061999] [uav2.mavros_node]: Starting mavros uas node
[INFO] [1790597294.595623847] [uav2.mavros_router]: Requested to add endpoint: type: 0, url: udp://:14541@127.0.0.1:14581
[INFO] [1790597294.595706280] [uav2.mavros_router]: Endpoint link[1000] created
[INFO] [1790597294.595958741] [uav2.mavros_router]: link[1000] opened successfully
[INFO] [1790597294.595991650] [uav2.mavros_router]: Requested to add endpoint: type: 2, url: /uas2
[INFO] [1790597294.596006894] [uav2.mavros_router]: Endpoint link[1001] created
[INFO] [1790597294.610852782] [uav2.mavros_router]: link[1000] detected remote address 2.1
[INFO] [1790597294.614059704] [uav2.mavros_router]: link[1001] opened successfully
[INFO] [1790597294.620000765] [uav2.mavros]: Plugin actuator_control ignored
[INFO] [1790597294.620065525] [uav2.mavros]: Plugin altitude ignored
[INFO] [1790597294.620067887] [uav2.mavros]: UAS Executor started, threads: 4
[INFO] [1790597294.958846751] [uav2.mavros]: Plugin command created
[INFO] [1790597294.958919109] [uav2.mavros]: Plugin command initialized
[INFO] [1790597294.958931349] [uav2.mavros]: Plugin ftp ignored
[INFO] [1790597294.958937191] [uav2.mavros]: Plugin geofence ignored
[INFO] [1790597295.499394300] [uav2.mavros]: Plugin global_position created
[INFO] [1790597295.499471306] [uav2.mavros]: Plugin global_position initialized
[INFO] [1790597295.499482257] [uav2.mavros]: Plugin home_position ignored
[INFO] [1790597295.499489431] [uav2.mavros]: Plugin imu ignored
[INFO] [1790597295.838579281] [uav2.mavros]: Plugin local_position created
[INFO] [1790597295.838655447] [uav2.mavros]: Plugin local_position initialized
[INFO] [1790597295.838667145] [uav2.mavros]: Plugin manual_control ignored
[INFO] [1790597295.838673896] [uav2.mavros]: Plugin nav_controller_output ignored
[INFO] [1790597295.838680456] [uav2.mavros]: Plugin param ignored
[INFO] [1790597295.838688689] [uav2.mavros]: Plugin rallypoint ignored
[INFO] [1790597295.838695092] [uav2.mavros]: Plugin rc_io ignored
[INFO] [1790597295.838701618] [uav2.mavros]: Plugin setpoint_accel ignored
[INFO] [1790597295.838708047] [uav2.mavros]: Plugin setpoint_attitude ignored
[INFO] [1790597295.838714378] [uav2.mavros]: Plugin setpoint_position ignored
[INFO] [1790597295.838720984] [uav2.mavros]: Plugin setpoint_raw ignored
[INFO] [1790597295.838727298] [uav2.mavros]: Plugin setpoint_trajectory ignored
[INFO] [1790597295.946252608] [uav2.mavros]: Plugin setpoint_velocity created
[INFO] [1790597295.946307175] [uav2.mavros]: Plugin setpoint_velocity initialized
[INFO] [1790597296.412503896] [uav2.mavros]: Plugin sys_status created
[INFO] [1790597296.412598603] [uav2.mavros]: Plugin sys_status initialized
[INFO] [1790597296.651282457] [uav2.mavros.time]: TM: Timesync mode: MAVLINK
[INFO] [1790597296.666867582] [uav2.mavros]: Plugin sys_time created
[INFO] [1790597296.666935856] [uav2.mavros]: Plugin sys_time initialized
[INFO] [1790597296.666949338] [uav2.mavros]: Plugin waypoint ignored
[INFO] [1790597296.666955675] [uav2.mavros]: Plugin wind_estimation ignored
[INFO] [1790597296.685557147] [uav2.mavros]: Built-in SIMD instructions: SSE, SSE2
[INFO] [1790597296.685616621] [uav2.mavros]: Built-in MAVLink package version: 2026.8.8
[INFO] [1790597296.685653825] [uav2.mavros]: Known MAVLink dialects: common ardupilotmega ASLUAV AVSSUAS all csAirLink cubepilot development icarous loweheiser marsh paparazzi standard stemstudios storm32 uAvionix ualberta
[INFO] [1790597296.685666081] [uav2.mavros]: MAVROS UAS via /uas2 started. MY ID 2.191, TARGET ID 2.1
[INFO] [1790597296.716060472] [uav2.mavros_router]: link[1001] detected remote address 2.191
[INFO] [1790597297.436117853] [uav2.mavros.sys]: VER: 2.1: Capabilities         0x000000000000e8ff
[INFO] [1790597297.436170924] [uav2.mavros.sys]: VER: 2.1: Flight software:     011200c0 (fca3df865a000000)
[INFO] [1790597297.436180799] [uav2.mavros.sys]: VER: 2.1: Middleware software: 011200c0 (fca3df865a000000)
[INFO] [1790597297.436186205] [uav2.mavros.sys]: VER: 2.1: OS software:         070000ff (17040b9f87cb1791)
[INFO] [1790597297.436192012] [uav2.mavros.sys]: VER: 2.1: Board hardware:      00000001
[INFO] [1790597297.436197129] [uav2.mavros.sys]: VER: 2.1: VID/PID:             0000:0000
[INFO] [1790597297.436202572] [uav2.mavros.sys]: VER: 2.1: UID:                 4954414c44494e50
[WARN] [1790597297.441602096] [uav2.mavros.cmd]: CMD: Unexpected command 512, result 0
[INFO] [1790597297.552487321] [uav2.mavros]: CON: Got HEARTBEAT, connected. FCU: PX4 Autopilot
[INFO] [1790597298.616824958] [uav2.mavros.sys]: VER: 2.1: Capabilities         0x000000000000e8ff
[INFO] [1790597298.616892283] [uav2.mavros.sys]: VER: 2.1: Flight software:     011200c0 (fca3df865a000000)
[INFO] [1790597298.616901156] [uav2.mavros.sys]: VER: 2.1: Middleware software: 011200c0 (fca3df865a000000)
[INFO] [1790597298.616906017] [uav2.mavros.sys]: VER: 2.1: OS software:         070000ff (17040b9f87cb1791)
[INFO] [1790597298.616910829] [uav2.mavros.sys]: VER: 2.1: Board hardware:      00000001
[INFO] [1790597298.616915566] [uav2.mavros.sys]: VER: 2.1: VID/PID:             0000:0000
[INFO] [1790597298.616920478] [uav2.mavros.sys]: VER: 2.1: UID:                 4954414c44494e50
[WARN] [1790597306.831109959] [uav2.mavros.sys]: FCU: UNK(8): EVENT 11047904 with args -0-0-0-0-0-128-0-0-0-176-122-127-128-176-122-127-128-0-0-0-0-0-0-0-0-0-0-0-0-0-0-0-0-0-0-0-0-0-0-0-
[INFO] [1790597306.832180082] [uav2.mavros.sys]: FCU: EVENT 377561 with args -8-0-0-0-20-0-0-0-0-0-0-0-0-0-0-0-0-0-0-0-0-0-0-0-0-0-0-0-0-0-0-0-0-0-0-0-0-0-0-0-
[WARN] [1790597306.832212850] [uav2.mavros.sys]: FCU: EVENT 453929 with args -255-255-255-255-7-0-0-0-0-0-0-0-0-0-0-0-0-0-0-0-0-0-0-0-0-0-0-0-0-0-0-0-0-0-0-0-0-0-0-0-
[INFO] [1790597306.832252492] [uav2.mavros.sys]: FCU: EVENT 6801787 with args -255-255-255-255-12-0-0-0-0-0-0-0-0-0-0-0-0-0-0-0-0-0-0-0-0-0-0-0-0-0-0-0-0-0-0-0-0-0-0-0-
[WARN] [1790597306.832290441] [uav2.mavros.sys]: FCU: UNK(8): EVENT 1914663 with args -0-10-13-2-56-0-0-0-0-0-0-0-0-0-0-0-0-0-0-0-0-0-0-0-0-0-0-0-0-0-0-0-0-0-0-0-0-0-0-0-
[WARN] [1790597310.471620425] [uav2.mavros.cmd]: CMD: Unexpected command 176, result 0
[INFO] [1790597311.471901560] [uav2.mavros.sys]: FCU: EVENT 9489139 with args -4-0-0-0-0-0-0-0-0-0-0-0-0-0-0-0-0-0-0-0-0-0-0-0-0-0-0-0-0-0-0-0-0-0-0-0-0-0-0-0-
[INFO] [1790597313.392590289] [uav2.mavros.sys]: FCU: EVENT 4277609 with args -0-0-0-0-0-0-0-0-0-0-0-0-0-0-0-0-0-0-0-0-0-0-0-0-0-0-0-0-0-0-0-0-0-0-0-0-0-0-0-0-
[WARN] [1790597571.766752558] [uav2.mavros.cmd]: CMD: Unexpected command 176, result 0
[INFO] [1790597605.295056256] [uav2.mavros.sys]: FCU: EVENT 9844908 with args -0-0-0-0-0-0-0-0-0-0-0-0-0-0-0-0-0-0-0-0-0-0-0-0-0-0-0-0-0-0-0-0-0-0-0-0-0-0-0-0-
[INFO] [1790597607.429790506] [uav2.mavros.sys]: FCU: EVENT 16017271 with args -6-0-0-0-0-0-0-0-0-0-0-0-0-0-0-0-0-0-0-0-0-0-0-0-0-0-0-0-0-0-0-0-0-0-0-0-0-0-0-0-
[WARN] [1790597611.229054888] [uav2.mavros.sys]: FCU: UNK(8): EVENT 11047904 with args -0-0-0-0-0-128-0-0-0-176-122-127-128-176-122-127-128-0-0-0-0-0-0-0-0-0-0-0-0-0-0-0-0-0-0-0-0-0-0-0-
[INFO] [1790597611.229437116] [uav2.mavros.sys]: FCU: EVENT 377561 with args -8-0-0-0-20-0-0-0-0-0-0-0-0-0-0-0-0-0-0-0-0-0-0-0-0-0-0-0-0-0-0-0-0-0-0-0-0-0-0-0-
[WARN] [1790597611.229485092] [uav2.mavros.sys]: FCU: EVENT 453929 with args -255-255-255-255-7-0-0-0-0-0-0-0-0-0-0-0-0-0-0-0-0-0-0-0-0-0-0-0-0-0-0-0-0-0-0-0-0-0-0-0-
[INFO] [1790597611.229874877] [uav2.mavros.sys]: FCU: EVENT 6801787 with args -255-255-255-255-12-0-0-0-0-0-0-0-0-0-0-0-0-0-0-0-0-0-0-0-0-0-0-0-0-0-0-0-0-0-0-0-0-0-0-0-
[WARN] [1790597611.229969335] [uav2.mavros.sys]: FCU: UNK(8): EVENT 1914663 with args -0-10-9-2-56-0-0-0-0-0-0-0-0-0-0-0-0-0-0-0-0-0-0-0-0-0-0-0-0-0-0-0-0-0-0-0-0-0-0-0-
[INFO] [1790597614.793601507] [rclcpp]: signal_handler(SIGINT/SIGTERM)
[WARN] [1790597614.797057447] [uav2.mavros]: UAS Executor terminated
