[INFO] [1790597294.128589882] [uav5.mavros_node]: Starting mavros_node container
[INFO] [1790597294.128702280] [uav5.mavros_node]: FCU URL: udp://:14544@127.0.0.1:14584
[INFO] [1790597294.128710137] [uav5.mavros_node]: GCS URL: 
[INFO] [1790597294.128715516] [uav5.mavros_node]: UAS Prefix: /uas5
[INFO] [1790597294.128721053] [uav5.mavros_node]: Starting mavros router node
[INFO] [1790597294.341299370] [uav5.mavros_router]: Built-in SIMD instructions: SSE, SSE2
[INFO] [1790597294.341344726] [uav5.mavros_router]: Built-in MAVLink package version: 2026.8.8
[INFO] [1790597294.341354705] [uav5.mavros_router]: Known MAVLink dialects: common ardupilotmega ASLUAV AVSSUAS all csAirLink cubepilot development icarous loweheiser marsh paparazzi standard stemstudios storm32 uAvionix ualberta
[INFO] [1790597294.341360914] [uav5.mavros_router]: MAVROS Router started
[INFO] [1790597294.341498806] [uav5.mavros_node]: Starting mavros uas node
[INFO] [1790597294.782110325] [uav5.mavros_router]: Requested to add endpoint: type: 0, url: udp://:14544@127.0.0.1:14584
[INFO] [1790597294.782202968] [uav5.mavros_router]: Endpoint link[1000] created
[INFO] [1790597294.782469291] [uav5.mavros_router]: link[1000] opened successfully
[INFO] [1790597294.782492248] [uav5.mavros_router]: Requested to add endpoint: type: 2, url: /uas5
[INFO] [1790597294.782506211] [uav5.mavros_router]: Endpoint link[1001] created
[INFO] [1790597294.792578954] [uav5.mavros_router]: link[1000] detected remote address 5.1
[INFO] [1790597294.803628766] [uav5.mavros]: UAS Executor started, threads: 4
[INFO] [1790597294.803648748] [uav5.mavros]: Plugin actuator_control ignored
[INFO] [1790597294.804642018] [uav5.mavros]: Plugin altitude ignored
[INFO] [1790597294.811399934] [uav5.mavros_router]: link[1001] opened successfully
[INFO] [1790597295.437216143] [uav5.mavros]: Plugin command created
[INFO] [1790597295.437404247] [uav5.mavros]: Plugin command initialized
[INFO] [1790597295.437443747] [uav5.mavros]: Plugin ftp ignored
[INFO] [1790597295.437456737] [uav5.mavros]: Plugin geofence ignored
[INFO] [1790597295.783330043] [uav5.mavros]: Plugin global_position created
[INFO] [1790597295.783399294] [uav5.mavros]: Plugin global_position initialized
[INFO] [1790597295.783412509] [uav5.mavros]: Plugin home_position ignored
[INFO] [1790597295.783420161] [uav5.mavros]: Plugin imu ignored
[INFO] [1790597296.252904304] [uav5.mavros]: Plugin local_position created
[INFO] [1790597296.252984510] [uav5.mavros]: Plugin local_position initialized
[INFO] [1790597296.253001863] [uav5.mavros]: Plugin manual_control ignored
[INFO] [1790597296.253008507] [uav5.mavros]: Plugin nav_controller_output ignored
[INFO] [1790597296.253015171] [uav5.mavros]: Plugin param ignored
[INFO] [1790597296.253023902] [uav5.mavros]: Plugin rallypoint ignored
[INFO] [1790597296.253033512] [uav5.mavros]: Plugin rc_io ignored
[INFO] [1790597296.253039623] [uav5.mavros]: Plugin setpoint_accel ignored
[INFO] [1790597296.253045096] [uav5.mavros]: Plugin setpoint_attitude ignored
[INFO] [1790597296.253056225] [uav5.mavros]: Plugin setpoint_position ignored
[INFO] [1790597296.253065467] [uav5.mavros]: Plugin setpoint_raw ignored
[INFO] [1790597296.253070618] [uav5.mavros]: Plugin setpoint_trajectory ignored
[INFO] [1790597296.468710649] [uav5.mavros]: Plugin setpoint_velocity created
[INFO] [1790597296.468770485] [uav5.mavros]: Plugin setpoint_velocity initialized
[INFO] [1790597296.742232558] [uav5.mavros]: Plugin sys_status created
[INFO] [1790597296.742323738] [uav5.mavros]: Plugin sys_status initialized
[INFO] [1790597296.787839197] [uav5.mavros.time]: TM: Timesync mode: MAVLINK
[INFO] [1790597296.791079135] [uav5.mavros]: Plugin sys_time created
[INFO] [1790597296.791136898] [uav5.mavros]: Plugin sys_time initialized
[INFO] [1790597296.791237102] [uav5.mavros]: Plugin waypoint ignored
[INFO] [1790597296.791247686] [uav5.mavros]: Plugin wind_estimation ignored
[INFO] [1790597296.794100801] [uav5.mavros]: Built-in SIMD instructions: SSE, SSE2
[INFO] [1790597296.794137202] [uav5.mavros]: Built-in MAVLink package version: 2026.8.8
[INFO] [1790597296.794257136] [uav5.mavros]: Known MAVLink dialects: common ardupilotmega ASLUAV AVSSUAS all csAirLink cubepilot development icarous loweheiser marsh paparazzi standard stemstudios storm32 uAvionix ualberta
[INFO] [1790597296.794271956] [uav5.mavros]: MAVROS UAS via /uas5 started. MY ID 5.191, TARGET ID 5.1
[INFO] [1790597296.822818152] [uav5.mavros_router]: link[1001] detected remote address 5.191
[INFO] [1790597297.607576738] [uav5.mavros]: CON: Got HEARTBEAT, connected. FCU: PX4 Autopilot
[INFO] [1790597298.671694484] [uav5.mavros.sys]: VER: 5.1: Capabilities         0x000000000000e8ff
[INFO] [1790597298.671761447] [uav5.mavros.sys]: VER: 5.1: Flight software:     011200c0 (fca3df865a000000)
[INFO] [1790597298.671771494] [uav5.mavros.sys]: VER: 5.1: Middleware software: 011200c0 (fca3df865a000000)
[INFO] [1790597298.671777399] [uav5.mavros.sys]: VER: 5.1: OS software:         070000ff (17040b9f87cb1791)
[INFO] [1790597298.671782898] [uav5.mavros.sys]: VER: 5.1: Board hardware:      00000001
[INFO] [1790597298.671788505] [uav5.mavros.sys]: VER: 5.1: VID/PID:             0000:0000
[INFO] [1790597298.671794278] [uav5.mavros.sys]: VER: 5.1: UID:                 4954414c44494e53
[WARN] [1790597298.673616968] [uav5.mavros.cmd]: CMD: Unexpected command 512, result 0
[WARN] [1790597305.323213990] [uav5.mavros.sys]: FCU: UNK(8): EVENT 11047904 with args -0-0-0-0-0-128-0-0-0-176-122-127-128-176-122-127-128-0-0-0-0-0-0-0-0-0-0-0-0-0-0-0-0-0-0-0-0-0-0-0-
[INFO] [1790597305.338874988] [uav5.mavros.sys]: FCU: EVENT 377561 with args -8-0-0-0-20-0-0-0-0-0-0-0-0-0-0-0-0-0-0-0-0-0-0-0-0-0-0-0-0-0-0-0-0-0-0-0-0-0-0-0-
[WARN] [1790597305.338955452] [uav5.mavros.sys]: FCU: EVENT 453929 with args -255-255-255-255-7-0-0-0-0-0-0-0-0-0-0-0-0-0-0-0-0-0-0-0-0-0-0-0-0-0-0-0-0-0-0-0-0-0-0-0-
[INFO] [1790597305.339002034] [uav5.mavros.sys]: FCU: EVENT 6801787 with args -255-255-255-255-12-0-0-0-0-0-0-0-0-0-0-0-0-0-0-0-0-0-0-0-0-0-0-0-0-0-0-0-0-0-0-0-0-0-0-0-
[WARN] [1790597305.339044918] [uav5.mavros.sys]: FCU: UNK(8): EVENT 1914663 with args -0-10-13-2-56-0-0-0-0-0-0-0-0-0-0-0-0-0-0-0-0-0-0-0-0-0-0-0-0-0-0-0-0-0-0-0-0-0-0-0-
[WARN] [1790597310.452966143] [uav5.mavros.cmd]: CMD: Unexpected command 176, result 0
[INFO] [1790597311.146869069] [uav5.mavros.sys]: FCU: EVENT 9489139 with args -4-0-0-0-0-0-0-0-0-0-0-0-0-0-0-0-0-0-0-0-0-0-0-0-0-0-0-0-0-0-0-0-0-0-0-0-0-0-0-0-
[INFO] [1790597313.041167913] [uav5.mavros.sys]: FCU: EVENT 4277609 with args -0-0-0-0-0-0-0-0-0-0-0-0-0-0-0-0-0-0-0-0-0-0-0-0-0-0-0-0-0-0-0-0-0-0-0-0-0-0-0-0-
[WARN] [1790597571.747933353] [uav5.mavros.cmd]: CMD: Unexpected command 176, result 0
[INFO] [1790597609.255366092] [uav5.mavros.sys]: FCU: EVENT 9844908 with args -0-0-0-0-0-0-0-0-0-0-0-0-0-0-0-0-0-0-0-0-0-0-0-0-0-0-0-0-0-0-0-0-0-0-0-0-0-0-0-0-
[INFO] [1790597611.395392424] [uav5.mavros.sys]: FCU: EVENT 16017271 with args -6-0-0-0-0-0-0-0-0-0-0-0-0-0-0-0-0-0-0-0-0-0-0-0-0-0-0-0-0-0-0-0-0-0-0-0-0-0-0-0-
[INFO] [1790597614.796150941] [rclcpp]: signal_handler(SIGINT/SIGTERM)
[WARN] [1790597614.801419223] [uav5.mavros]: UAS Executor terminated
