{
 "time_to_goal_s": null,
 "formation_rms_cruise_m": {
  "mean": 304.1,
  "p95": 898.21,
  "max": 987.442,
  "samples": 4959,
  "t_of_max_s": 560.6
 },
 "min_separation_m": 6.401,
 "min_separation_pair": [
  6,
  8
 ],
 "goal_reached_all": false,
 "max_simultaneous_masters": 2,
 "master_changes": [
  [
   7.4,
   1,
   1
  ],
  [
   44.3,
   2,
   2
  ],
  [
   50.6,
   1,
   3
  ],
  [
   52.6,
   2,
   4
  ],
  [
   56.4,
   1,
   5
  ],
  [
   63.1,
   2,
   6
  ],
  [
   191.1,
   1,
   7
  ],
  [
   195.6,
   3,
   8
  ],
  [
   235.5,
   1,
   9
  ],
  [
   239.9,
   3,
   10
  ],
  [
   263.6,
   1,
   11
  ],
  [
   266.1,
   3,
   12
  ],
  [
   273.7,
   1,
   13
  ],
  [
   291.6,
   3,
   14
  ],
  [
   296.3,
   1,
   15
  ],
  [
   326.3,
   3,
   16
  ],
  [
   346.7,
   1,
   17
  ],
  [
   375.6,
   3,
   18
  ],
  [
   401.5,
   1,
   19
  ],
  [
   406.8,
   3,
   20
  ],
  [
   409.7,
   1,
   21
  ],
  [
   417.3,
   3,
   22
  ],
  [
   450.6,
   1,
   23
  ],
  [
   484.0,
   3,
   24
  ],
  [
   518.4,
   1,
   25
  ],
  [
   521.0,
   3,
   26
  ],
  [
   559.6,
   1,
   27
  ]
 ]
}
 
{"result": "TIMEOUT", "mission_wall_s": 600.1, "t_sim_ready_s": 15.4}
