{
 "time_to_goal_s": 251.4,
 "formation_rms_cruise_m": {
  "mean": 3.134,
  "p95": 10.812,
  "max": 68.964,
  "samples": 2450,
  "t_of_max_s": 56.6
 },
 "min_separation_m": 7.522,
 "min_separation_pair": [
  9,
  7
 ],
 "goal_reached_all": true,
 "max_simultaneous_masters": 2,
 "master_changes": [
  [
   10.9,
   1,
   1
  ],
  [
   12.5,
   2,
   2
  ],
  [
   21.0,
   1,
   3
  ],
  [
   23.0,
   2,
   4
  ],
  [
   29.5,
   1,
   5
  ],
  [
   31.3,
   2,
   6
  ],
  [
   41.7,
   1,
   7
  ],
  [
   43.7,
   2,
   8
  ],
  [
   55.8,
   1,
   9
  ],
  [
   65.2,
   2,
   10
  ],
  [
   76.5,
   1,
   11
  ],
  [
   78.5,
   2,
   12
  ]
 ]
}
 
{"result": "COMPLETED", "mission_wall_s": 336.1, "t_sim_ready_s": 19.0}
