{
 "time_to_goal_s": null,
 "formation_rms_cruise_m": {
  "mean": 99.873,
  "p95": 295.505,
  "max": 385.48,
  "samples": 3635,
  "t_of_max_s": 458.5
 },
 "min_separation_m": 6.067,
 "min_separation_pair": [
  4,
  6
 ],
 "goal_reached_all": false,
 "max_simultaneous_masters": 3,
 "master_changes": [
  [
   9.9,
   1,
   1
  ],
  [
   42.2,
   2,
   2
  ],
  [
   56.0,
   1,
   3
  ],
  [
   62.5,
   2,
   4
  ],
  [
   65.1,
   1,
   5
  ],
  [
   144.4,
   2,
   6
  ],
  [
   188.6,
   1,
   7
  ],
  [
   412.3,
   1,
   9
  ],
  [
   457.2,
   1,
   11
  ]
 ]
}
 
{"result": "TIMEOUT", "mission_wall_s": 600.2, "t_sim_ready_s": 13.8}
