[INFO] [1790584560.008582763] [uav9.mavros_node]: Starting mavros_node container
[INFO] [1790584560.009370002] [uav9.mavros_node]: FCU URL: udp://:14548@127.0.0.1:14588
[INFO] [1790584560.009394282] [uav9.mavros_node]: GCS URL: 
[INFO] [1790584560.009401293] [uav9.mavros_node]: UAS Prefix: /uas9
[INFO] [1790584560.009407151] [uav9.mavros_node]: Starting mavros router node
[INFO] [1790584560.096794191] [uav9.mavros_router]: Built-in SIMD instructions: SSE, SSE2
[INFO] [1790584560.097759629] [uav9.mavros_router]: Built-in MAVLink package version: 2026.8.8
[INFO] [1790584560.098663992] [uav9.mavros_router]: Known MAVLink dialects: common ardupilotmega ASLUAV AVSSUAS all csAirLink cubepilot development icarous loweheiser marsh paparazzi standard stemstudios storm32 uAvionix ualberta
[INFO] [1790584560.098904690] [uav9.mavros_router]: MAVROS Router started
[INFO] [1790584560.099103087] [uav9.mavros_node]: Starting mavros uas node
[INFO] [1790584560.275170376] [uav9.mavros_router]: Requested to add endpoint: type: 0, url: udp://:14548@127.0.0.1:14588
[INFO] [1790584560.275342044] [uav9.mavros_router]: Endpoint link[1000] created
[INFO] [1790584560.275797341] [uav9.mavros_router]: link[1000] opened successfully
[INFO] [1790584560.275824452] [uav9.mavros_router]: Requested to add endpoint: type: 2, url: /uas9
[INFO] [1790584560.275839195] [uav9.mavros_router]: Endpoint link[1001] created
[INFO] [1790584560.280850552] [uav9.mavros_router]: link[1000] detected remote address 9.1
[INFO] [1790584560.290818757] [uav9.mavros]: Plugin actuator_control ignored
[INFO] [1790584560.290903085] [uav9.mavros]: Plugin altitude ignored
[INFO] [1790584560.291023048] [uav9.mavros]: UAS Executor started, threads: 4
[INFO] [1790584560.340541184] [uav9.mavros_router]: link[1001] opened successfully
[INFO] [1790584560.508055763] [uav9.mavros]: Plugin command created
[INFO] [1790584560.508132878] [uav9.mavros]: Plugin command initialized
[INFO] [1790584560.508143259] [uav9.mavros]: Plugin ftp ignored
[INFO] [1790584560.508161482] [uav9.mavros]: Plugin geofence ignored
[INFO] [1790584560.737312883] [uav9.mavros]: Plugin global_position created
[INFO] [1790584560.737393397] [uav9.mavros]: Plugin global_position initialized
[INFO] [1790584560.737414890] [uav9.mavros]: Plugin home_position ignored
[INFO] [1790584560.737422374] [uav9.mavros]: Plugin imu ignored
[INFO] [1790584560.960741056] [uav9.mavros]: Plugin local_position created
[INFO] [1790584560.964407270] [uav9.mavros]: Plugin local_position initialized
[INFO] [1790584560.964451723] [uav9.mavros]: Plugin manual_control ignored
[INFO] [1790584560.964459109] [uav9.mavros]: Plugin nav_controller_output ignored
[INFO] [1790584560.964464939] [uav9.mavros]: Plugin param ignored
[INFO] [1790584560.964470959] [uav9.mavros]: Plugin rallypoint ignored
[INFO] [1790584560.964476679] [uav9.mavros]: Plugin rc_io ignored
[INFO] [1790584560.964482193] [uav9.mavros]: Plugin setpoint_accel ignored
[INFO] [1790584560.964487722] [uav9.mavros]: Plugin setpoint_attitude ignored
[INFO] [1790584560.964493589] [uav9.mavros]: Plugin setpoint_position ignored
[INFO] [1790584560.964499509] [uav9.mavros]: Plugin setpoint_raw ignored
[INFO] [1790584560.964505389] [uav9.mavros]: Plugin setpoint_trajectory ignored
[INFO] [1790584561.146839543] [uav9.mavros]: Plugin setpoint_velocity created
[INFO] [1790584561.146923861] [uav9.mavros]: Plugin setpoint_velocity initialized
[INFO] [1790584561.458488555] [uav9.mavros]: Plugin sys_status created
[INFO] [1790584561.458541632] [uav9.mavros]: Plugin sys_status initialized
[INFO] [1790584561.622231089] [uav9.mavros.time]: TM: Timesync mode: MAVLINK
[INFO] [1790584561.667689230] [uav9.mavros]: Plugin sys_time created
[INFO] [1790584561.668339811] [uav9.mavros]: Plugin sys_time initialized
[INFO] [1790584561.668365555] [uav9.mavros]: Plugin waypoint ignored
[INFO] [1790584561.668372585] [uav9.mavros]: Plugin wind_estimation ignored
[INFO] [1790584561.690394071] [uav9.mavros]: Built-in SIMD instructions: SSE, SSE2
[INFO] [1790584561.691406338] [uav9.mavros]: Built-in MAVLink package version: 2026.8.8
[INFO] [1790584561.692031859] [uav9.mavros]: Known MAVLink dialects: common ardupilotmega ASLUAV AVSSUAS all csAirLink cubepilot development icarous loweheiser marsh paparazzi standard stemstudios storm32 uAvionix ualberta
[INFO] [1790584561.692069143] [uav9.mavros]: MAVROS UAS via /uas9 started. MY ID 9.191, TARGET ID 9.1
[INFO] [1790584561.699954609] [uav9.mavros_router]: link[1001] detected remote address 9.191
[INFO] [1790584562.363306240] [uav9.mavros]: CON: Got HEARTBEAT, connected. FCU: PX4 Autopilot
[WARN] [1790584562.372401473] [uav9.mavros.sys]: FCU: UNK(8): EVENT 11047904 with args -0-0-0-16-0-128-0-0-0-176-58-127-128-176-58-127-128-0-0-0-0-0-0-0-0-0-0-0-0-0-0-0-0-0-0-0-0-0-0-0-
[ERROR] [1790584562.372495417] [uav9.mavros.sys]: FCU: EVENT 11464574 with args -0-64-0-0-20-0-0-0-0-0-0-0-0-0-0-0-0-0-0-0-0-0-0-0-0-0-0-0-0-0-0-0-0-0-0-0-0-0-0-0-
[INFO] [1790584562.372554895] [uav9.mavros.sys]: FCU: EVENT 377561 with args -8-0-0-0-20-0-0-0-0-0-0-0-0-0-0-0-0-0-0-0-0-0-0-0-0-0-0-0-0-0-0-0-0-0-0-0-0-0-0-0-
[WARN] [1790584562.372597843] [uav9.mavros.sys]: FCU: EVENT 453929 with args -255-255-255-255-7-0-0-0-0-0-0-0-0-0-0-0-0-0-0-0-0-0-0-0-0-0-0-0-0-0-0-0-0-0-0-0-0-0-0-0-
[INFO] [1790584562.373076848] [uav9.mavros.sys]: FCU: EVENT 6801787 with args -255-255-255-255-12-0-0-0-0-0-0-0-0-0-0-0-0-0-0-0-0-0-0-0-0-0-0-0-0-0-0-0-0-0-0-0-0-0-0-0-
[WARN] [1790584562.373125297] [uav9.mavros.sys]: FCU: UNK(8): EVENT 1914663 with args -0-10-13-2-56-0-0-0-0-0-0-0-0-0-0-0-0-0-0-0-0-0-0-0-0-0-0-0-0-0-0-0-0-0-0-0-0-0-0-0-
[INFO] [1790584563.386737420] [uav9.mavros.sys]: VER: 9.1: Capabilities         0x000000000000e8ff
[INFO] [1790584563.386801988] [uav9.mavros.sys]: VER: 9.1: Flight software:     011200c0 (fca3df865a000000)
[INFO] [1790584563.386810767] [uav9.mavros.sys]: VER: 9.1: Middleware software: 011200c0 (fca3df865a000000)
[INFO] [1790584563.386815621] [uav9.mavros.sys]: VER: 9.1: OS software:         070000ff (17040b9f87cb1791)
[INFO] [1790584563.386820565] [uav9.mavros.sys]: VER: 9.1: Board hardware:      00000001
[INFO] [1790584563.386825183] [uav9.mavros.sys]: VER: 9.1: VID/PID:             0000:0000
[INFO] [1790584563.386829997] [uav9.mavros.sys]: VER: 9.1: UID:                 4954414c44494e57
[WARN] [1790584563.386876716] [uav9.mavros.cmd]: CMD: Unexpected command 512, result 0
[WARN] [1790584572.679890113] [uav9.mavros.sys]: FCU: UNK(8): EVENT 11047904 with args -0-0-0-0-0-128-0-0-0-176-122-127-128-176-122-127-128-0-0-0-0-0-0-0-0-0-0-0-0-0-0-0-0-0-0-0-0-0-0-0-
[INFO] [1790584572.680003552] [uav9.mavros.sys]: FCU: EVENT 377561 with args -8-0-0-0-20-0-0-0-0-0-0-0-0-0-0-0-0-0-0-0-0-0-0-0-0-0-0-0-0-0-0-0-0-0-0-0-0-0-0-0-
[WARN] [1790584572.680048399] [uav9.mavros.sys]: FCU: EVENT 453929 with args -255-255-255-255-7-0-0-0-0-0-0-0-0-0-0-0-0-0-0-0-0-0-0-0-0-0-0-0-0-0-0-0-0-0-0-0-0-0-0-0-
[INFO] [1790584572.680084793] [uav9.mavros.sys]: FCU: EVENT 6801787 with args -255-255-255-255-12-0-0-0-0-0-0-0-0-0-0-0-0-0-0-0-0-0-0-0-0-0-0-0-0-0-0-0-0-0-0-0-0-0-0-0-
[WARN] [1790584572.680121355] [uav9.mavros.sys]: FCU: UNK(8): EVENT 1914663 with args -0-10-13-2-56-0-0-0-0-0-0-0-0-0-0-0-0-0-0-0-0-0-0-0-0-0-0-0-0-0-0-0-0-0-0-0-0-0-0-0-
[WARN] [1790584576.919938608] [uav9.mavros.cmd]: CMD: Unexpected command 176, result 0
[INFO] [1790584577.110976315] [uav9.mavros.sys]: FCU: EVENT 9489139 with args -4-0-0-0-0-0-0-0-0-0-0-0-0-0-0-0-0-0-0-0-0-0-0-0-0-0-0-0-0-0-0-0-0-0-0-0-0-0-0-0-
[INFO] [1790584579.150385059] [uav9.mavros.sys]: FCU: EVENT 4277609 with args -0-0-0-0-0-0-0-0-0-0-0-0-0-0-0-0-0-0-0-0-0-0-0-0-0-0-0-0-0-0-0-0-0-0-0-0-0-0-0-0-
[WARN] [1790584827.204688202] [uav9.mavros.cmd]: CMD: Unexpected command 176, result 0
[INFO] [1790584860.924182599] [uav9.mavros.sys]: FCU: EVENT 9844908 with args -0-0-0-0-0-0-0-0-0-0-0-0-0-0-0-0-0-0-0-0-0-0-0-0-0-0-0-0-0-0-0-0-0-0-0-0-0-0-0-0-
[INFO] [1790584863.013939795] [uav9.mavros.sys]: FCU: EVENT 16017271 with args -6-0-0-0-0-0-0-0-0-0-0-0-0-0-0-0-0-0-0-0-0-0-0-0-0-0-0-0-0-0-0-0-0-0-0-0-0-0-0-0-
[INFO] [1790584866.040961314] [rclcpp]: signal_handler(SIGINT/SIGTERM)
[WARN] [1790584866.044383907] [uav9.mavros]: UAS Executor terminated
