[INFO] [1790584559.996131919] [uav1.mavros_node]: Starting mavros_node container
[INFO] [1790584559.996803110] [uav1.mavros_node]: FCU URL: udp://:14540@127.0.0.1:14580
[INFO] [1790584559.996833414] [uav1.mavros_node]: GCS URL: 
[INFO] [1790584559.996842547] [uav1.mavros_node]: UAS Prefix: /uas1
[INFO] [1790584559.996849028] [uav1.mavros_node]: Starting mavros router node
[INFO] [1790584560.065049980] [uav1.mavros_router]: Built-in SIMD instructions: SSE, SSE2
[INFO] [1790584560.066740907] [uav1.mavros_router]: Built-in MAVLink package version: 2026.8.8
[INFO] [1790584560.066773768] [uav1.mavros_router]: Known MAVLink dialects: common ardupilotmega ASLUAV AVSSUAS all csAirLink cubepilot development icarous loweheiser marsh paparazzi standard stemstudios storm32 uAvionix ualberta
[INFO] [1790584560.066783380] [uav1.mavros_router]: MAVROS Router started
[INFO] [1790584560.066931226] [uav1.mavros_node]: Starting mavros uas node
[INFO] [1790584560.269162166] [uav1.mavros_router]: Requested to add endpoint: type: 0, url: udp://:14540@127.0.0.1:14580
[INFO] [1790584560.269245566] [uav1.mavros_router]: Endpoint link[1000] created
[INFO] [1790584560.269505219] [uav1.mavros_router]: link[1000] opened successfully
[INFO] [1790584560.269524231] [uav1.mavros_router]: Requested to add endpoint: type: 2, url: /uas1
[INFO] [1790584560.269538368] [uav1.mavros_router]: Endpoint link[1001] created
[INFO] [1790584560.275117500] [uav1.mavros_router]: link[1000] detected remote address 1.1
[INFO] [1790584560.293662442] [uav1.mavros]: Plugin actuator_control ignored
[INFO] [1790584560.293728406] [uav1.mavros]: Plugin altitude ignored
[INFO] [1790584560.293759695] [uav1.mavros]: UAS Executor started, threads: 4
[INFO] [1790584560.364575490] [uav1.mavros_router]: link[1001] opened successfully
[INFO] [1790584560.453312563] [uav1.mavros]: Plugin command created
[INFO] [1790584560.453387398] [uav1.mavros]: Plugin command initialized
[INFO] [1790584560.453406161] [uav1.mavros]: Plugin ftp ignored
[INFO] [1790584560.453415324] [uav1.mavros]: Plugin geofence ignored
[INFO] [1790584560.631460739] [uav1.mavros]: Plugin global_position created
[INFO] [1790584560.631524244] [uav1.mavros]: Plugin global_position initialized
[INFO] [1790584560.631535299] [uav1.mavros]: Plugin home_position ignored
[INFO] [1790584560.631541619] [uav1.mavros]: Plugin imu ignored
[INFO] [1790584560.940404902] [uav1.mavros]: Plugin local_position created
[INFO] [1790584560.940460782] [uav1.mavros]: Plugin local_position initialized
[INFO] [1790584560.940473695] [uav1.mavros]: Plugin manual_control ignored
[INFO] [1790584560.940480139] [uav1.mavros]: Plugin nav_controller_output ignored
[INFO] [1790584560.940486512] [uav1.mavros]: Plugin param ignored
[INFO] [1790584560.940492535] [uav1.mavros]: Plugin rallypoint ignored
[INFO] [1790584560.940497622] [uav1.mavros]: Plugin rc_io ignored
[INFO] [1790584560.940503641] [uav1.mavros]: Plugin setpoint_accel ignored
[INFO] [1790584560.940509626] [uav1.mavros]: Plugin setpoint_attitude ignored
[INFO] [1790584560.940515516] [uav1.mavros]: Plugin setpoint_position ignored
[INFO] [1790584560.940520940] [uav1.mavros]: Plugin setpoint_raw ignored
[INFO] [1790584560.940526863] [uav1.mavros]: Plugin setpoint_trajectory ignored
[INFO] [1790584561.135999661] [uav1.mavros]: Plugin setpoint_velocity created
[INFO] [1790584561.136061109] [uav1.mavros]: Plugin setpoint_velocity initialized
[INFO] [1790584561.450512970] [uav1.mavros]: Plugin sys_status created
[INFO] [1790584561.450595972] [uav1.mavros]: Plugin sys_status initialized
[INFO] [1790584561.614857036] [uav1.mavros.time]: TM: Timesync mode: MAVLINK
[INFO] [1790584561.637694705] [uav1.mavros]: Plugin sys_time created
[INFO] [1790584561.637761355] [uav1.mavros]: Plugin sys_time initialized
[INFO] [1790584561.637772129] [uav1.mavros]: Plugin waypoint ignored
[INFO] [1790584561.637781763] [uav1.mavros]: Plugin wind_estimation ignored
[INFO] [1790584561.653481889] [uav1.mavros]: Built-in SIMD instructions: SSE, SSE2
[INFO] [1790584561.654758557] [uav1.mavros]: Built-in MAVLink package version: 2026.8.8
[INFO] [1790584561.654974131] [uav1.mavros]: Known MAVLink dialects: common ardupilotmega ASLUAV AVSSUAS all csAirLink cubepilot development icarous loweheiser marsh paparazzi standard stemstudios storm32 uAvionix ualberta
[INFO] [1790584561.654991769] [uav1.mavros]: MAVROS UAS via /uas1 started. MY ID 1.191, TARGET ID 1.1
[INFO] [1790584561.737765388] [uav1.mavros_router]: link[1001] detected remote address 1.191
[INFO] [1790584562.471797051] [uav1.mavros.sys]: VER: 1.1: Capabilities         0x000000000000e8ff
[INFO] [1790584562.471856505] [uav1.mavros.sys]: VER: 1.1: Flight software:     011200c0 (fca3df865a000000)
[INFO] [1790584562.471866263] [uav1.mavros.sys]: VER: 1.1: Middleware software: 011200c0 (fca3df865a000000)
[INFO] [1790584562.471872350] [uav1.mavros.sys]: VER: 1.1: OS software:         070000ff (17040b9f87cb1791)
[INFO] [1790584562.471878603] [uav1.mavros.sys]: VER: 1.1: Board hardware:      00000001
[INFO] [1790584562.471889334] [uav1.mavros.sys]: VER: 1.1: VID/PID:             0000:0000
[INFO] [1790584562.471908957] [uav1.mavros.sys]: VER: 1.1: UID:                 4954414c44494e4f
[WARN] [1790584562.473364612] [uav1.mavros.cmd]: CMD: Unexpected command 512, result 0
[INFO] [1790584562.493843168] [uav1.mavros]: CON: Got HEARTBEAT, connected. FCU: PX4 Autopilot
[INFO] [1790584563.522405302] [uav1.mavros.sys]: VER: 1.1: Capabilities         0x000000000000e8ff
[INFO] [1790584563.522447801] [uav1.mavros.sys]: VER: 1.1: Flight software:     011200c0 (fca3df865a000000)
[INFO] [1790584563.522457890] [uav1.mavros.sys]: VER: 1.1: Middleware software: 011200c0 (fca3df865a000000)
[INFO] [1790584563.522464148] [uav1.mavros.sys]: VER: 1.1: OS software:         070000ff (17040b9f87cb1791)
[INFO] [1790584563.522470408] [uav1.mavros.sys]: VER: 1.1: Board hardware:      00000001
[INFO] [1790584563.522476094] [uav1.mavros.sys]: VER: 1.1: VID/PID:             0000:0000
[INFO] [1790584563.522482085] [uav1.mavros.sys]: VER: 1.1: UID:                 4954414c44494e4f
[WARN] [1790584572.394057749] [uav1.mavros.sys]: FCU: UNK(8): EVENT 11047904 with args -0-0-0-0-0-128-0-0-0-176-122-127-128-176-122-127-128-0-0-0-0-0-0-0-0-0-0-0-0-0-0-0-0-0-0-0-0-0-0-0-
[INFO] [1790584572.394165706] [uav1.mavros.sys]: FCU: EVENT 377561 with args -8-0-0-0-20-0-0-0-0-0-0-0-0-0-0-0-0-0-0-0-0-0-0-0-0-0-0-0-0-0-0-0-0-0-0-0-0-0-0-0-
[WARN] [1790584572.394244960] [uav1.mavros.sys]: FCU: EVENT 453929 with args -255-255-255-255-7-0-0-0-0-0-0-0-0-0-0-0-0-0-0-0-0-0-0-0-0-0-0-0-0-0-0-0-0-0-0-0-0-0-0-0-
[INFO] [1790584572.394283163] [uav1.mavros.sys]: FCU: EVENT 6801787 with args -255-255-255-255-12-0-0-0-0-0-0-0-0-0-0-0-0-0-0-0-0-0-0-0-0-0-0-0-0-0-0-0-0-0-0-0-0-0-0-0-
[WARN] [1790584572.394321208] [uav1.mavros.sys]: FCU: UNK(8): EVENT 1914663 with args -0-10-13-2-56-0-0-0-0-0-0-0-0-0-0-0-0-0-0-0-0-0-0-0-0-0-0-0-0-0-0-0-0-0-0-0-0-0-0-0-
[WARN] [1790584576.897860589] [uav1.mavros.cmd]: CMD: Unexpected command 176, result 0
[INFO] [1790584577.098845543] [uav1.mavros.sys]: FCU: EVENT 9489139 with args -4-0-0-0-0-0-0-0-0-0-0-0-0-0-0-0-0-0-0-0-0-0-0-0-0-0-0-0-0-0-0-0-0-0-0-0-0-0-0-0-
[INFO] [1790584579.000467902] [uav1.mavros.sys]: FCU: EVENT 4277609 with args -0-0-0-0-0-0-0-0-0-0-0-0-0-0-0-0-0-0-0-0-0-0-0-0-0-0-0-0-0-0-0-0-0-0-0-0-0-0-0-0-
[WARN] [1790584827.098589721] [uav1.mavros.cmd]: CMD: Unexpected command 176, result 0
[INFO] [1790584859.797930375] [uav1.mavros.sys]: FCU: EVENT 9844908 with args -0-0-0-0-0-0-0-0-0-0-0-0-0-0-0-0-0-0-0-0-0-0-0-0-0-0-0-0-0-0-0-0-0-0-0-0-0-0-0-0-
[INFO] [1790584861.921156060] [uav1.mavros.sys]: FCU: EVENT 16017271 with args -6-0-0-0-0-0-0-0-0-0-0-0-0-0-0-0-0-0-0-0-0-0-0-0-0-0-0-0-0-0-0-0-0-0-0-0-0-0-0-0-
[INFO] [1790584866.035892158] [rclcpp]: signal_handler(SIGINT/SIGTERM)
[WARN] [1790584866.039532528] [uav1.mavros]: UAS Executor terminated
