[INFO] [1790502733.192485716] [uav8.mavros_node]: Starting mavros_node container
[INFO] [1790502733.192589184] [uav8.mavros_node]: FCU URL: udp://:14547@127.0.0.1:14587
[INFO] [1790502733.192597363] [uav8.mavros_node]: GCS URL: 
[INFO] [1790502733.192602522] [uav8.mavros_node]: UAS Prefix: /uas8
[INFO] [1790502733.192607443] [uav8.mavros_node]: Starting mavros router node
[INFO] [1790502733.352820910] [uav8.mavros_router]: Built-in SIMD instructions: SSE, SSE2
[INFO] [1790502733.352867425] [uav8.mavros_router]: Built-in MAVLink package version: 2026.8.8
[INFO] [1790502733.352878560] [uav8.mavros_router]: Known MAVLink dialects: common ardupilotmega ASLUAV AVSSUAS all csAirLink cubepilot development icarous loweheiser marsh paparazzi standard stemstudios storm32 uAvionix ualberta
[INFO] [1790502733.352897044] [uav8.mavros_router]: MAVROS Router started
[INFO] [1790502733.353320181] [uav8.mavros_node]: Starting mavros uas node
[INFO] [1790502733.398840013] [uav8.mavros_router]: Requested to add endpoint: type: 0, url: udp://:14547@127.0.0.1:14587
[INFO] [1790502733.398894026] [uav8.mavros_router]: Endpoint link[1000] created
[INFO] [1790502733.399197859] [uav8.mavros_router]: link[1000] opened successfully
[INFO] [1790502733.399223550] [uav8.mavros_router]: Requested to add endpoint: type: 2, url: /uas8
[INFO] [1790502733.399238076] [uav8.mavros_router]: Endpoint link[1001] created
[INFO] [1790502733.402714126] [uav8.mavros_router]: link[1000] detected remote address 8.1
[INFO] [1790502733.412152760] [uav8.mavros_router]: link[1001] opened successfully
[INFO] [1790502733.413755236] [uav8.mavros]: Plugin actuator_control ignored
[INFO] [1790502733.415254046] [uav8.mavros]: Plugin altitude ignored
[INFO] [1790502733.413778425] [uav8.mavros]: UAS Executor started, threads: 4
[INFO] [1790502733.923056118] [uav8.mavros]: Plugin command created
[INFO] [1790502733.924811555] [uav8.mavros]: Plugin command initialized
[INFO] [1790502733.924922097] [uav8.mavros]: Plugin ftp ignored
[INFO] [1790502733.925260802] [uav8.mavros]: Plugin geofence ignored
[INFO] [1790502734.188997186] [uav8.mavros]: Plugin global_position created
[INFO] [1790502734.189068228] [uav8.mavros]: Plugin global_position initialized
[INFO] [1790502734.189088838] [uav8.mavros]: Plugin home_position ignored
[INFO] [1790502734.189095688] [uav8.mavros]: Plugin imu ignored
[INFO] [1790502734.492192219] [uav8.mavros]: Plugin local_position created
[INFO] [1790502734.492275633] [uav8.mavros]: Plugin local_position initialized
[INFO] [1790502734.492288780] [uav8.mavros]: Plugin manual_control ignored
[INFO] [1790502734.492295456] [uav8.mavros]: Plugin nav_controller_output ignored
[INFO] [1790502734.492301570] [uav8.mavros]: Plugin param ignored
[INFO] [1790502734.492309561] [uav8.mavros]: Plugin rallypoint ignored
[INFO] [1790502734.492315234] [uav8.mavros]: Plugin rc_io ignored
[INFO] [1790502734.492321181] [uav8.mavros]: Plugin setpoint_accel ignored
[INFO] [1790502734.492327049] [uav8.mavros]: Plugin setpoint_attitude ignored
[INFO] [1790502734.492333045] [uav8.mavros]: Plugin setpoint_position ignored
[INFO] [1790502734.492339253] [uav8.mavros]: Plugin setpoint_raw ignored
[INFO] [1790502734.492344794] [uav8.mavros]: Plugin setpoint_trajectory ignored
[INFO] [1790502734.736723066] [uav8.mavros]: Plugin setpoint_velocity created
[INFO] [1790502734.736790268] [uav8.mavros]: Plugin setpoint_velocity initialized
[INFO] [1790502735.318958576] [uav8.mavros]: Plugin sys_status created
[INFO] [1790502735.319039525] [uav8.mavros]: Plugin sys_status initialized
[INFO] [1790502735.349462275] [uav8.mavros.time]: TM: Timesync mode: MAVLINK
[INFO] [1790502735.356694447] [uav8.mavros]: Plugin sys_time created
[INFO] [1790502735.356750940] [uav8.mavros]: Plugin sys_time initialized
[INFO] [1790502735.356762131] [uav8.mavros]: Plugin waypoint ignored
[INFO] [1790502735.356768591] [uav8.mavros]: Plugin wind_estimation ignored
[INFO] [1790502735.360604450] [uav8.mavros]: Built-in SIMD instructions: SSE, SSE2
[INFO] [1790502735.360638540] [uav8.mavros]: Built-in MAVLink package version: 2026.8.8
[INFO] [1790502735.360668023] [uav8.mavros]: Known MAVLink dialects: common ardupilotmega ASLUAV AVSSUAS all csAirLink cubepilot development icarous loweheiser marsh paparazzi standard stemstudios storm32 uAvionix ualberta
[INFO] [1790502735.360683332] [uav8.mavros]: MAVROS UAS via /uas8 started. MY ID 8.191, TARGET ID 8.1
[INFO] [1790502735.408908887] [uav8.mavros_router]: link[1001] detected remote address 8.191
[INFO] [1790502736.370717869] [uav8.mavros]: CON: Got HEARTBEAT, connected. FCU: PX4 Autopilot
[INFO] [1790502736.391736657] [uav8.mavros.sys]: VER: 8.1: Capabilities         0x000000000000e8ff
[INFO] [1790502736.391786983] [uav8.mavros.sys]: VER: 8.1: Flight software:     011200c0 (fca3df865a000000)
[INFO] [1790502736.391794932] [uav8.mavros.sys]: VER: 8.1: Middleware software: 011200c0 (fca3df865a000000)
[INFO] [1790502736.391804804] [uav8.mavros.sys]: VER: 8.1: OS software:         070000ff (17040b9f87cb1791)
[INFO] [1790502736.391810669] [uav8.mavros.sys]: VER: 8.1: Board hardware:      00000001
[INFO] [1790502736.391817748] [uav8.mavros.sys]: VER: 8.1: VID/PID:             0000:0000
[INFO] [1790502736.391825486] [uav8.mavros.sys]: VER: 8.1: UID:                 4954414c44494e56
[WARN] [1790502736.391867126] [uav8.mavros.cmd]: CMD: Unexpected command 512, result 0
[WARN] [1790502747.171578146] [uav8.mavros.sys]: FCU: UNK(8): EVENT 11047904 with args -0-0-0-0-0-128-0-0-0-176-122-127-128-176-122-127-128-0-0-0-0-0-0-0-0-0-0-0-0-0-0-0-0-0-0-0-0-0-0-0-
[INFO] [1790502747.172121931] [uav8.mavros.sys]: FCU: EVENT 377561 with args -8-0-0-0-20-0-0-0-0-0-0-0-0-0-0-0-0-0-0-0-0-0-0-0-0-0-0-0-0-0-0-0-0-0-0-0-0-0-0-0-
[WARN] [1790502747.172228425] [uav8.mavros.sys]: FCU: EVENT 453929 with args -255-255-255-255-7-0-0-0-0-0-0-0-0-0-0-0-0-0-0-0-0-0-0-0-0-0-0-0-0-0-0-0-0-0-0-0-0-0-0-0-
[INFO] [1790502747.172273630] [uav8.mavros.sys]: FCU: EVENT 6801787 with args -255-255-255-255-12-0-0-0-0-0-0-0-0-0-0-0-0-0-0-0-0-0-0-0-0-0-0-0-0-0-0-0-0-0-0-0-0-0-0-0-
[WARN] [1790502747.172309090] [uav8.mavros.sys]: FCU: UNK(8): EVENT 1914663 with args -0-10-13-2-56-0-0-0-0-0-0-0-0-0-0-0-0-0-0-0-0-0-0-0-0-0-0-0-0-0-0-0-0-0-0-0-0-0-0-0-
[WARN] [1790502750.774134005] [uav8.mavros.cmd]: CMD: Unexpected command 176, result 0
[INFO] [1790502751.646509408] [uav8.mavros.sys]: FCU: EVENT 9489139 with args -4-0-0-0-0-0-0-0-0-0-0-0-0-0-0-0-0-0-0-0-0-0-0-0-0-0-0-0-0-0-0-0-0-0-0-0-0-0-0-0-
[INFO] [1790502753.552062852] [uav8.mavros.sys]: FCU: EVENT 4277609 with args -0-0-0-0-0-0-0-0-0-0-0-0-0-0-0-0-0-0-0-0-0-0-0-0-0-0-0-0-0-0-0-0-0-0-0-0-0-0-0-0-
[INFO] [1790503050.591673798] [rclcpp]: signal_handler(SIGINT/SIGTERM)
[WARN] [1790503050.617605053] [uav8.mavros]: UAS Executor terminated
