[INFO] [1790579725.188276726] [uav5.mavros_node]: Starting mavros_node container
[INFO] [1790579725.188379480] [uav5.mavros_node]: FCU URL: udp://:14544@127.0.0.1:14584
[INFO] [1790579725.188391034] [uav5.mavros_node]: GCS URL: 
[INFO] [1790579725.188397148] [uav5.mavros_node]: UAS Prefix: /uas5
[INFO] [1790579725.188402975] [uav5.mavros_node]: Starting mavros router node
[INFO] [1790579725.319345385] [uav5.mavros_router]: Built-in SIMD instructions: SSE, SSE2
[INFO] [1790579725.319398585] [uav5.mavros_router]: Built-in MAVLink package version: 2026.8.8
[INFO] [1790579725.319409257] [uav5.mavros_router]: Known MAVLink dialects: common ardupilotmega ASLUAV AVSSUAS all csAirLink cubepilot development icarous loweheiser marsh paparazzi standard stemstudios storm32 uAvionix ualberta
[INFO] [1790579725.319416351] [uav5.mavros_router]: MAVROS Router started
[INFO] [1790579725.319629146] [uav5.mavros_node]: Starting mavros uas node
[INFO] [1790579725.438632749] [uav5.mavros_router]: Requested to add endpoint: type: 0, url: udp://:14544@127.0.0.1:14584
[INFO] [1790579725.438700910] [uav5.mavros_router]: Endpoint link[1000] created
[INFO] [1790579725.439071618] [uav5.mavros_router]: link[1000] opened successfully
[INFO] [1790579725.439106088] [uav5.mavros_router]: Requested to add endpoint: type: 2, url: /uas5
[INFO] [1790579725.439121559] [uav5.mavros_router]: Endpoint link[1001] created
[INFO] [1790579725.443239838] [uav5.mavros_router]: link[1001] opened successfully
[INFO] [1790579725.448902806] [uav5.mavros]: Plugin actuator_control ignored
[INFO] [1790579725.449003135] [uav5.mavros]: UAS Executor started, threads: 4
[INFO] [1790579725.449017096] [uav5.mavros]: Plugin altitude ignored
[INFO] [1790579725.451528993] [uav5.mavros_router]: link[1000] detected remote address 5.1
[INFO] [1790579725.503500792] [uav5.mavros]: Plugin command created
[INFO] [1790579725.504228883] [uav5.mavros]: Plugin command initialized
[INFO] [1790579725.504781932] [uav5.mavros]: Plugin ftp ignored
[INFO] [1790579725.504832517] [uav5.mavros]: Plugin geofence ignored
[INFO] [1790579725.711779851] [uav5.mavros]: Plugin global_position created
[INFO] [1790579725.711847611] [uav5.mavros]: Plugin global_position initialized
[INFO] [1790579725.711860066] [uav5.mavros]: Plugin home_position ignored
[INFO] [1790579725.711865695] [uav5.mavros]: Plugin imu ignored
[INFO] [1790579725.912919503] [uav5.mavros]: Plugin local_position created
[INFO] [1790579725.912978911] [uav5.mavros]: Plugin local_position initialized
[INFO] [1790579725.913102463] [uav5.mavros]: Plugin manual_control ignored
[INFO] [1790579725.913110491] [uav5.mavros]: Plugin nav_controller_output ignored
[INFO] [1790579725.913144503] [uav5.mavros]: Plugin param ignored
[INFO] [1790579725.913150762] [uav5.mavros]: Plugin rallypoint ignored
[INFO] [1790579725.913156359] [uav5.mavros]: Plugin rc_io ignored
[INFO] [1790579725.913161634] [uav5.mavros]: Plugin setpoint_accel ignored
[INFO] [1790579725.913167242] [uav5.mavros]: Plugin setpoint_attitude ignored
[INFO] [1790579725.913172994] [uav5.mavros]: Plugin setpoint_position ignored
[INFO] [1790579725.913178875] [uav5.mavros]: Plugin setpoint_raw ignored
[INFO] [1790579725.913184476] [uav5.mavros]: Plugin setpoint_trajectory ignored
[INFO] [1790579726.302519337] [uav5.mavros]: Plugin setpoint_velocity created
[INFO] [1790579726.303004224] [uav5.mavros]: Plugin setpoint_velocity initialized
[INFO] [1790579726.659816378] [uav5.mavros]: Plugin sys_status created
[INFO] [1790579726.672265463] [uav5.mavros]: Plugin sys_status initialized
[INFO] [1790579726.931253937] [uav5.mavros.time]: TM: Timesync mode: MAVLINK
[INFO] [1790579726.935899483] [uav5.mavros]: Plugin sys_time created
[INFO] [1790579726.935966423] [uav5.mavros]: Plugin sys_time initialized
[INFO] [1790579726.935978845] [uav5.mavros]: Plugin waypoint ignored
[INFO] [1790579726.935985048] [uav5.mavros]: Plugin wind_estimation ignored
[INFO] [1790579726.938201125] [uav5.mavros]: Built-in SIMD instructions: SSE, SSE2
[INFO] [1790579726.938240756] [uav5.mavros]: Built-in MAVLink package version: 2026.8.8
[INFO] [1790579726.938270716] [uav5.mavros]: Known MAVLink dialects: common ardupilotmega ASLUAV AVSSUAS all csAirLink cubepilot development icarous loweheiser marsh paparazzi standard stemstudios storm32 uAvionix ualberta
[INFO] [1790579726.938279622] [uav5.mavros]: MAVROS UAS via /uas5 started. MY ID 5.191, TARGET ID 5.1
[INFO] [1790579727.039630533] [uav5.mavros_router]: link[1001] detected remote address 5.191
[INFO] [1790579727.699749721] [uav5.mavros]: CON: Got HEARTBEAT, connected. FCU: PX4 Autopilot
[INFO] [1790579727.756996998] [uav5.mavros.sys]: VER: 5.1: Capabilities         0x000000000000e8ff
[INFO] [1790579727.757062332] [uav5.mavros.sys]: VER: 5.1: Flight software:     011200c0 (fca3df865a000000)
[INFO] [1790579727.757072128] [uav5.mavros.sys]: VER: 5.1: Middleware software: 011200c0 (fca3df865a000000)
[INFO] [1790579727.757077304] [uav5.mavros.sys]: VER: 5.1: OS software:         070000ff (17040b9f87cb1791)
[INFO] [1790579727.757082937] [uav5.mavros.sys]: VER: 5.1: Board hardware:      00000001
[INFO] [1790579727.757088124] [uav5.mavros.sys]: VER: 5.1: VID/PID:             0000:0000
[INFO] [1790579727.757093247] [uav5.mavros.sys]: VER: 5.1: UID:                 4954414c44494e53
[WARN] [1790579727.757166252] [uav5.mavros.cmd]: CMD: Unexpected command 512, result 0
[WARN] [1790579737.420064530] [uav5.mavros.sys]: FCU: UNK(8): EVENT 11047904 with args -0-0-0-0-0-128-0-0-0-176-122-127-128-176-122-127-128-0-0-0-0-0-0-0-0-0-0-0-0-0-0-0-0-0-0-0-0-0-0-0-
[INFO] [1790579737.444931880] [uav5.mavros.sys]: FCU: EVENT 377561 with args -8-0-0-0-20-0-0-0-0-0-0-0-0-0-0-0-0-0-0-0-0-0-0-0-0-0-0-0-0-0-0-0-0-0-0-0-0-0-0-0-
[WARN] [1790579737.445035210] [uav5.mavros.sys]: FCU: EVENT 453929 with args -255-255-255-255-7-0-0-0-0-0-0-0-0-0-0-0-0-0-0-0-0-0-0-0-0-0-0-0-0-0-0-0-0-0-0-0-0-0-0-0-
[INFO] [1790579737.445088557] [uav5.mavros.sys]: FCU: EVENT 6801787 with args -255-255-255-255-12-0-0-0-0-0-0-0-0-0-0-0-0-0-0-0-0-0-0-0-0-0-0-0-0-0-0-0-0-0-0-0-0-0-0-0-
[WARN] [1790579737.445128514] [uav5.mavros.sys]: FCU: UNK(8): EVENT 1914663 with args -0-10-13-2-56-0-0-0-0-0-0-0-0-0-0-0-0-0-0-0-0-0-0-0-0-0-0-0-0-0-0-0-0-0-0-0-0-0-0-0-
[WARN] [1790579744.039706333] [uav5.mavros.cmd]: CMD: Unexpected command 176, result 0
[INFO] [1790579744.731172726] [uav5.mavros.sys]: FCU: EVENT 9489139 with args -4-0-0-0-0-0-0-0-0-0-0-0-0-0-0-0-0-0-0-0-0-0-0-0-0-0-0-0-0-0-0-0-0-0-0-0-0-0-0-0-
[INFO] [1790579746.777880794] [uav5.mavros.sys]: FCU: EVENT 4277609 with args -0-0-0-0-0-0-0-0-0-0-0-0-0-0-0-0-0-0-0-0-0-0-0-0-0-0-0-0-0-0-0-0-0-0-0-0-0-0-0-0-
[WARN] [1790580005.639985637] [uav5.mavros.cmd]: CMD: Unexpected command 176, result 0
[INFO] [1790580043.020113996] [uav5.mavros.sys]: FCU: EVENT 9844908 with args -0-0-0-0-0-0-0-0-0-0-0-0-0-0-0-0-0-0-0-0-0-0-0-0-0-0-0-0-0-0-0-0-0-0-0-0-0-0-0-0-
[INFO] [1790580045.181208358] [uav5.mavros.sys]: FCU: EVENT 16017271 with args -6-0-0-0-0-0-0-0-0-0-0-0-0-0-0-0-0-0-0-0-0-0-0-0-0-0-0-0-0-0-0-0-0-0-0-0-0-0-0-0-
[INFO] [1790580049.078743644] [rclcpp]: signal_handler(SIGINT/SIGTERM)
[WARN] [1790580049.089336447] [uav5.mavros]: UAS Executor terminated
