[INFO] [1790579725.140049759] [uav3.mavros_node]: Starting mavros_node container
[INFO] [1790579725.140687005] [uav3.mavros_node]: FCU URL: udp://:14542@127.0.0.1:14582
[INFO] [1790579725.140741692] [uav3.mavros_node]: GCS URL: 
[INFO] [1790579725.140754737] [uav3.mavros_node]: UAS Prefix: /uas3
[INFO] [1790579725.140791305] [uav3.mavros_node]: Starting mavros router node
[INFO] [1790579725.339852142] [uav3.mavros_router]: Built-in SIMD instructions: SSE, SSE2
[INFO] [1790579725.339909329] [uav3.mavros_router]: Built-in MAVLink package version: 2026.8.8
[INFO] [1790579725.339921473] [uav3.mavros_router]: Known MAVLink dialects: common ardupilotmega ASLUAV AVSSUAS all csAirLink cubepilot development icarous loweheiser marsh paparazzi standard stemstudios storm32 uAvionix ualberta
[INFO] [1790579725.339929173] [uav3.mavros_router]: MAVROS Router started
[INFO] [1790579725.340078173] [uav3.mavros_node]: Starting mavros uas node
[INFO] [1790579725.563288172] [uav3.mavros_router]: Requested to add endpoint: type: 0, url: udp://:14542@127.0.0.1:14582
[INFO] [1790579725.563358019] [uav3.mavros_router]: Endpoint link[1000] created
[INFO] [1790579725.563600578] [uav3.mavros_router]: link[1000] opened successfully
[INFO] [1790579725.563622848] [uav3.mavros_router]: Requested to add endpoint: type: 2, url: /uas3
[INFO] [1790579725.563636602] [uav3.mavros_router]: Endpoint link[1001] created
[INFO] [1790579725.567671743] [uav3.mavros_router]: link[1000] detected remote address 3.1
[INFO] [1790579725.568054880] [uav3.mavros_router]: link[1001] opened successfully
[INFO] [1790579725.575274872] [uav3.mavros]: UAS Executor started, threads: 4
[INFO] [1790579725.575321506] [uav3.mavros]: Plugin actuator_control ignored
[INFO] [1790579725.585156792] [uav3.mavros]: Plugin altitude ignored
[INFO] [1790579725.991032545] [uav3.mavros]: Plugin command created
[INFO] [1790579725.991109835] [uav3.mavros]: Plugin command initialized
[INFO] [1790579725.991121037] [uav3.mavros]: Plugin ftp ignored
[INFO] [1790579725.991127114] [uav3.mavros]: Plugin geofence ignored
[INFO] [1790579726.298120682] [uav3.mavros]: Plugin global_position created
[INFO] [1790579726.298194487] [uav3.mavros]: Plugin global_position initialized
[INFO] [1790579726.321040173] [uav3.mavros]: Plugin home_position ignored
[INFO] [1790579726.321050805] [uav3.mavros]: Plugin imu ignored
[INFO] [1790579726.622272045] [uav3.mavros]: Plugin local_position created
[INFO] [1790579726.622337912] [uav3.mavros]: Plugin local_position initialized
[INFO] [1790579726.622350004] [uav3.mavros]: Plugin manual_control ignored
[INFO] [1790579726.622357094] [uav3.mavros]: Plugin nav_controller_output ignored
[INFO] [1790579726.622363491] [uav3.mavros]: Plugin param ignored
[INFO] [1790579726.622373950] [uav3.mavros]: Plugin rallypoint ignored
[INFO] [1790579726.622380243] [uav3.mavros]: Plugin rc_io ignored
[INFO] [1790579726.622390805] [uav3.mavros]: Plugin setpoint_accel ignored
[INFO] [1790579726.622396227] [uav3.mavros]: Plugin setpoint_attitude ignored
[INFO] [1790579726.622401552] [uav3.mavros]: Plugin setpoint_position ignored
[INFO] [1790579726.622407570] [uav3.mavros]: Plugin setpoint_raw ignored
[INFO] [1790579726.622413532] [uav3.mavros]: Plugin setpoint_trajectory ignored
[INFO] [1790579727.069020609] [uav3.mavros]: Plugin setpoint_velocity created
[INFO] [1790579727.069081833] [uav3.mavros]: Plugin setpoint_velocity initialized
[INFO] [1790579727.727583702] [uav3.mavros]: Plugin sys_status created
[INFO] [1790579727.727649922] [uav3.mavros]: Plugin sys_status initialized
[INFO] [1790579727.899356228] [uav3.mavros.time]: TM: Timesync mode: MAVLINK
[INFO] [1790579727.918808415] [uav3.mavros]: Plugin sys_time created
[INFO] [1790579727.918877172] [uav3.mavros]: Plugin sys_time initialized
[INFO] [1790579727.918892306] [uav3.mavros]: Plugin waypoint ignored
[INFO] [1790579727.918903065] [uav3.mavros]: Plugin wind_estimation ignored
[INFO] [1790579727.962949045] [uav3.mavros]: Built-in SIMD instructions: SSE, SSE2
[INFO] [1790579727.962992076] [uav3.mavros]: Built-in MAVLink package version: 2026.8.8
[INFO] [1790579727.963021383] [uav3.mavros]: Known MAVLink dialects: common ardupilotmega ASLUAV AVSSUAS all csAirLink cubepilot development icarous loweheiser marsh paparazzi standard stemstudios storm32 uAvionix ualberta
[INFO] [1790579727.963032078] [uav3.mavros]: MAVROS UAS via /uas3 started. MY ID 3.191, TARGET ID 3.1
[INFO] [1790579728.041257536] [uav3.mavros_router]: link[1001] detected remote address 3.191
[INFO] [1790579728.783562828] [uav3.mavros.sys]: VER: 3.1: Capabilities         0x000000000000e8ff
[INFO] [1790579728.783629760] [uav3.mavros.sys]: VER: 3.1: Flight software:     011200c0 (fca3df865a000000)
[INFO] [1790579728.783639502] [uav3.mavros.sys]: VER: 3.1: Middleware software: 011200c0 (fca3df865a000000)
[INFO] [1790579728.783645537] [uav3.mavros.sys]: VER: 3.1: OS software:         070000ff (17040b9f87cb1791)
[INFO] [1790579728.783651162] [uav3.mavros.sys]: VER: 3.1: Board hardware:      00000001
[INFO] [1790579728.783656430] [uav3.mavros.sys]: VER: 3.1: VID/PID:             0000:0000
[INFO] [1790579728.783661870] [uav3.mavros.sys]: VER: 3.1: UID:                 4954414c44494e51
[WARN] [1790579728.784326613] [uav3.mavros.cmd]: CMD: Unexpected command 512, result 0
[INFO] [1790579728.839649037] [uav3.mavros]: CON: Got HEARTBEAT, connected. FCU: PX4 Autopilot
[INFO] [1790579730.055143683] [uav3.mavros.sys]: VER: 3.1: Capabilities         0x000000000000e8ff
[INFO] [1790579730.055222825] [uav3.mavros.sys]: VER: 3.1: Flight software:     011200c0 (fca3df865a000000)
[INFO] [1790579730.055234213] [uav3.mavros.sys]: VER: 3.1: Middleware software: 011200c0 (fca3df865a000000)
[INFO] [1790579730.055546823] [uav3.mavros.sys]: VER: 3.1: OS software:         070000ff (17040b9f87cb1791)
[INFO] [1790579730.055554350] [uav3.mavros.sys]: VER: 3.1: Board hardware:      00000001
[INFO] [1790579730.055561101] [uav3.mavros.sys]: VER: 3.1: VID/PID:             0000:0000
[INFO] [1790579730.055566043] [uav3.mavros.sys]: VER: 3.1: UID:                 4954414c44494e51
[WARN] [1790579730.070417611] [uav3.mavros.sys]: VER: broadcast request timeout, retries left 4
[WARN] [1790579732.847131533] [uav3.mavros.sys]: FCU: UNK(8): EVENT 11047904 with args -0-0-0-0-0-128-0-0-0-176-122-127-128-176-122-127-128-0-0-0-0-0-0-0-0-0-0-0-0-0-0-0-0-0-0-0-0-0-0-0-
[INFO] [1790579732.853487342] [uav3.mavros.sys]: FCU: EVENT 377561 with args -8-0-0-0-20-0-0-0-0-0-0-0-0-0-0-0-0-0-0-0-0-0-0-0-0-0-0-0-0-0-0-0-0-0-0-0-0-0-0-0-
[WARN] [1790579732.853652427] [uav3.mavros.sys]: FCU: EVENT 453929 with args -255-255-255-255-7-0-0-0-0-0-0-0-0-0-0-0-0-0-0-0-0-0-0-0-0-0-0-0-0-0-0-0-0-0-0-0-0-0-0-0-
[INFO] [1790579732.853697844] [uav3.mavros.sys]: FCU: EVENT 6801787 with args -255-255-255-255-12-0-0-0-0-0-0-0-0-0-0-0-0-0-0-0-0-0-0-0-0-0-0-0-0-0-0-0-0-0-0-0-0-0-0-0-
[WARN] [1790579732.853737967] [uav3.mavros.sys]: FCU: UNK(8): EVENT 1914663 with args -0-10-13-2-56-0-0-0-0-0-0-0-0-0-0-0-0-0-0-0-0-0-0-0-0-0-0-0-0-0-0-0-0-0-0-0-0-0-0-0-
[WARN] [1790579744.032204109] [uav3.mavros.cmd]: CMD: Unexpected command 176, result 0
[INFO] [1790579744.485626948] [uav3.mavros.sys]: FCU: EVENT 9489139 with args -4-0-0-0-0-0-0-0-0-0-0-0-0-0-0-0-0-0-0-0-0-0-0-0-0-0-0-0-0-0-0-0-0-0-0-0-0-0-0-0-
[INFO] [1790579746.622272664] [uav3.mavros.sys]: FCU: EVENT 4277609 with args -0-0-0-0-0-0-0-0-0-0-0-0-0-0-0-0-0-0-0-0-0-0-0-0-0-0-0-0-0-0-0-0-0-0-0-0-0-0-0-0-
[WARN] [1790580005.635344934] [uav3.mavros.cmd]: CMD: Unexpected command 176, result 0
[INFO] [1790580041.945587055] [uav3.mavros.sys]: FCU: EVENT 9844908 with args -0-0-0-0-0-0-0-0-0-0-0-0-0-0-0-0-0-0-0-0-0-0-0-0-0-0-0-0-0-0-0-0-0-0-0-0-0-0-0-0-
[INFO] [1790580044.121163409] [uav3.mavros.sys]: FCU: EVENT 16017271 with args -6-0-0-0-0-0-0-0-0-0-0-0-0-0-0-0-0-0-0-0-0-0-0-0-0-0-0-0-0-0-0-0-0-0-0-0-0-0-0-0-
[WARN] [1790580048.095976157] [uav3.mavros.sys]: FCU: UNK(8): EVENT 11047904 with args -0-0-0-0-0-128-0-0-0-176-122-127-128-176-122-127-128-0-0-0-0-0-0-0-0-0-0-0-0-0-0-0-0-0-0-0-0-0-0-0-
[INFO] [1790580048.096128472] [uav3.mavros.sys]: FCU: EVENT 377561 with args -8-0-0-0-20-0-0-0-0-0-0-0-0-0-0-0-0-0-0-0-0-0-0-0-0-0-0-0-0-0-0-0-0-0-0-0-0-0-0-0-
[WARN] [1790580048.096197140] [uav3.mavros.sys]: FCU: EVENT 453929 with args -255-255-255-255-7-0-0-0-0-0-0-0-0-0-0-0-0-0-0-0-0-0-0-0-0-0-0-0-0-0-0-0-0-0-0-0-0-0-0-0-
[INFO] [1790580048.096233912] [uav3.mavros.sys]: FCU: EVENT 6801787 with args -255-255-255-255-12-0-0-0-0-0-0-0-0-0-0-0-0-0-0-0-0-0-0-0-0-0-0-0-0-0-0-0-0-0-0-0-0-0-0-0-
[WARN] [1790580048.096267168] [uav3.mavros.sys]: FCU: UNK(8): EVENT 1914663 with args -0-10-9-2-56-0-0-0-0-0-0-0-0-0-0-0-0-0-0-0-0-0-0-0-0-0-0-0-0-0-0-0-0-0-0-0-0-0-0-0-
[INFO] [1790580049.077757084] [rclcpp]: signal_handler(SIGINT/SIGTERM)
[WARN] [1790580049.091142215] [uav3.mavros]: UAS Executor terminated
