[INFO] [1790579725.224751412] [uav2.mavros_node]: Starting mavros_node container
[INFO] [1790579725.225423008] [uav2.mavros_node]: FCU URL: udp://:14541@127.0.0.1:14581
[INFO] [1790579725.225453455] [uav2.mavros_node]: GCS URL: 
[INFO] [1790579725.225459442] [uav2.mavros_node]: UAS Prefix: /uas2
[INFO] [1790579725.225464620] [uav2.mavros_node]: Starting mavros router node
[INFO] [1790579725.387714555] [uav2.mavros_router]: Built-in SIMD instructions: SSE, SSE2
[INFO] [1790579725.387750420] [uav2.mavros_router]: Built-in MAVLink package version: 2026.8.8
[INFO] [1790579725.387769433] [uav2.mavros_router]: Known MAVLink dialects: common ardupilotmega ASLUAV AVSSUAS all csAirLink cubepilot development icarous loweheiser marsh paparazzi standard stemstudios storm32 uAvionix ualberta
[INFO] [1790579725.387776577] [uav2.mavros_router]: MAVROS Router started
[INFO] [1790579725.387949738] [uav2.mavros_node]: Starting mavros uas node
[INFO] [1790579725.515236439] [uav2.mavros_router]: Requested to add endpoint: type: 0, url: udp://:14541@127.0.0.1:14581
[INFO] [1790579725.519769680] [uav2.mavros_router]: Endpoint link[1000] created
[INFO] [1790579725.522076908] [uav2.mavros_router]: link[1000] opened successfully
[INFO] [1790579725.522131118] [uav2.mavros_router]: Requested to add endpoint: type: 2, url: /uas2
[INFO] [1790579725.522155031] [uav2.mavros_router]: Endpoint link[1001] created
[INFO] [1790579725.524066679] [uav2.mavros_router]: link[1000] detected remote address 2.1
[INFO] [1790579725.550676640] [uav2.mavros]: Plugin actuator_control ignored
[INFO] [1790579725.550750398] [uav2.mavros]: Plugin altitude ignored
[INFO] [1790579725.551064624] [uav2.mavros]: UAS Executor started, threads: 4
[INFO] [1790579725.683331451] [uav2.mavros_router]: link[1001] opened successfully
[INFO] [1790579725.907662802] [uav2.mavros]: Plugin command created
[INFO] [1790579725.907734029] [uav2.mavros]: Plugin command initialized
[INFO] [1790579725.907808058] [uav2.mavros]: Plugin ftp ignored
[INFO] [1790579725.907815743] [uav2.mavros]: Plugin geofence ignored
[INFO] [1790579726.185699735] [uav2.mavros]: Plugin global_position created
[INFO] [1790579726.185785472] [uav2.mavros]: Plugin global_position initialized
[INFO] [1790579726.185797673] [uav2.mavros]: Plugin home_position ignored
[INFO] [1790579726.185804318] [uav2.mavros]: Plugin imu ignored
[INFO] [1790579726.558350426] [uav2.mavros]: Plugin local_position created
[INFO] [1790579726.560032579] [uav2.mavros]: Plugin local_position initialized
[INFO] [1790579726.563765743] [uav2.mavros]: Plugin manual_control ignored
[INFO] [1790579726.563803751] [uav2.mavros]: Plugin nav_controller_output ignored
[INFO] [1790579726.563813737] [uav2.mavros]: Plugin param ignored
[INFO] [1790579726.563820300] [uav2.mavros]: Plugin rallypoint ignored
[INFO] [1790579726.563826434] [uav2.mavros]: Plugin rc_io ignored
[INFO] [1790579726.563832664] [uav2.mavros]: Plugin setpoint_accel ignored
[INFO] [1790579726.563838449] [uav2.mavros]: Plugin setpoint_attitude ignored
[INFO] [1790579726.563859212] [uav2.mavros]: Plugin setpoint_position ignored
[INFO] [1790579726.563866000] [uav2.mavros]: Plugin setpoint_raw ignored
[INFO] [1790579726.563871376] [uav2.mavros]: Plugin setpoint_trajectory ignored
[INFO] [1790579727.339820665] [uav2.mavros]: Plugin setpoint_velocity created
[INFO] [1790579727.339900444] [uav2.mavros]: Plugin setpoint_velocity initialized
[INFO] [1790579728.008020407] [uav2.mavros]: Plugin sys_status created
[INFO] [1790579728.008130972] [uav2.mavros]: Plugin sys_status initialized
[INFO] [1790579728.027702116] [uav2.mavros.time]: TM: Timesync mode: MAVLINK
[INFO] [1790579728.031065553] [uav2.mavros]: Plugin sys_time created
[INFO] [1790579728.031131630] [uav2.mavros]: Plugin sys_time initialized
[INFO] [1790579728.031142967] [uav2.mavros]: Plugin waypoint ignored
[INFO] [1790579728.031151774] [uav2.mavros]: Plugin wind_estimation ignored
[INFO] [1790579728.033127706] [uav2.mavros]: Built-in SIMD instructions: SSE, SSE2
[INFO] [1790579728.033172263] [uav2.mavros]: Built-in MAVLink package version: 2026.8.8
[INFO] [1790579728.033207268] [uav2.mavros]: Known MAVLink dialects: common ardupilotmega ASLUAV AVSSUAS all csAirLink cubepilot development icarous loweheiser marsh paparazzi standard stemstudios storm32 uAvionix ualberta
[INFO] [1790579728.033215907] [uav2.mavros]: MAVROS UAS via /uas2 started. MY ID 2.191, TARGET ID 2.1
[INFO] [1790579728.118503434] [uav2.mavros_router]: link[1001] detected remote address 2.191
[INFO] [1790579728.868429122] [uav2.mavros]: CON: Got HEARTBEAT, connected. FCU: PX4 Autopilot
[INFO] [1790579729.941895370] [uav2.mavros.sys]: VER: 2.1: Capabilities         0x000000000000e8ff
[INFO] [1790579729.942997616] [uav2.mavros.sys]: VER: 2.1: Flight software:     011200c0 (fca3df865a000000)
[INFO] [1790579729.943044678] [uav2.mavros.sys]: VER: 2.1: Middleware software: 011200c0 (fca3df865a000000)
[INFO] [1790579729.943052671] [uav2.mavros.sys]: VER: 2.1: OS software:         070000ff (17040b9f87cb1791)
[INFO] [1790579729.943059413] [uav2.mavros.sys]: VER: 2.1: Board hardware:      00000001
[INFO] [1790579729.943066199] [uav2.mavros.sys]: VER: 2.1: VID/PID:             0000:0000
[INFO] [1790579729.943073149] [uav2.mavros.sys]: VER: 2.1: UID:                 4954414c44494e50
[WARN] [1790579729.944325598] [uav2.mavros.cmd]: CMD: Unexpected command 512, result 0
[WARN] [1790579738.550584735] [uav2.mavros.sys]: FCU: UNK(8): EVENT 11047904 with args -0-0-0-0-0-128-0-0-0-176-122-127-128-176-122-127-128-0-0-0-0-0-0-0-0-0-0-0-0-0-0-0-0-0-0-0-0-0-0-0-
[INFO] [1790579738.550674585] [uav2.mavros.sys]: FCU: EVENT 377561 with args -8-0-0-0-20-0-0-0-0-0-0-0-0-0-0-0-0-0-0-0-0-0-0-0-0-0-0-0-0-0-0-0-0-0-0-0-0-0-0-0-
[WARN] [1790579738.550706481] [uav2.mavros.sys]: FCU: EVENT 453929 with args -255-255-255-255-7-0-0-0-0-0-0-0-0-0-0-0-0-0-0-0-0-0-0-0-0-0-0-0-0-0-0-0-0-0-0-0-0-0-0-0-
[INFO] [1790579738.550734717] [uav2.mavros.sys]: FCU: EVENT 6801787 with args -255-255-255-255-12-0-0-0-0-0-0-0-0-0-0-0-0-0-0-0-0-0-0-0-0-0-0-0-0-0-0-0-0-0-0-0-0-0-0-0-
[WARN] [1790579738.550762256] [uav2.mavros.sys]: FCU: UNK(8): EVENT 1914663 with args -0-10-13-2-56-0-0-0-0-0-0-0-0-0-0-0-0-0-0-0-0-0-0-0-0-0-0-0-0-0-0-0-0-0-0-0-0-0-0-0-
[WARN] [1790579744.111120157] [uav2.mavros.cmd]: CMD: Unexpected command 176, result 0
[INFO] [1790579745.270978164] [uav2.mavros.sys]: FCU: EVENT 9489139 with args -4-0-0-0-0-0-0-0-0-0-0-0-0-0-0-0-0-0-0-0-0-0-0-0-0-0-0-0-0-0-0-0-0-0-0-0-0-0-0-0-
[INFO] [1790579747.457402788] [uav2.mavros.sys]: FCU: EVENT 4277609 with args -0-0-0-0-0-0-0-0-0-0-0-0-0-0-0-0-0-0-0-0-0-0-0-0-0-0-0-0-0-0-0-0-0-0-0-0-0-0-0-0-
[WARN] [1790580005.515143864] [uav2.mavros.cmd]: CMD: Unexpected command 176, result 0
[INFO] [1790580040.373386405] [uav2.mavros.sys]: FCU: EVENT 9844908 with args -0-0-0-0-0-0-0-0-0-0-0-0-0-0-0-0-0-0-0-0-0-0-0-0-0-0-0-0-0-0-0-0-0-0-0-0-0-0-0-0-
[INFO] [1790580042.518143806] [uav2.mavros.sys]: FCU: EVENT 16017271 with args -6-0-0-0-0-0-0-0-0-0-0-0-0-0-0-0-0-0-0-0-0-0-0-0-0-0-0-0-0-0-0-0-0-0-0-0-0-0-0-0-
[WARN] [1790580046.585222232] [uav2.mavros.sys]: FCU: UNK(8): EVENT 11047904 with args -0-0-0-0-0-128-0-0-0-176-122-127-128-176-122-127-128-0-0-0-0-0-0-0-0-0-0-0-0-0-0-0-0-0-0-0-0-0-0-0-
[INFO] [1790580046.585383760] [uav2.mavros.sys]: FCU: EVENT 377561 with args -8-0-0-0-20-0-0-0-0-0-0-0-0-0-0-0-0-0-0-0-0-0-0-0-0-0-0-0-0-0-0-0-0-0-0-0-0-0-0-0-
[WARN] [1790580046.585447926] [uav2.mavros.sys]: FCU: EVENT 453929 with args -255-255-255-255-7-0-0-0-0-0-0-0-0-0-0-0-0-0-0-0-0-0-0-0-0-0-0-0-0-0-0-0-0-0-0-0-0-0-0-0-
[INFO] [1790580046.585484464] [uav2.mavros.sys]: FCU: EVENT 6801787 with args -255-255-255-255-12-0-0-0-0-0-0-0-0-0-0-0-0-0-0-0-0-0-0-0-0-0-0-0-0-0-0-0-0-0-0-0-0-0-0-0-
[WARN] [1790580046.585518663] [uav2.mavros.sys]: FCU: UNK(8): EVENT 1914663 with args -0-10-9-2-56-0-0-0-0-0-0-0-0-0-0-0-0-0-0-0-0-0-0-0-0-0-0-0-0-0-0-0-0-0-0-0-0-0-0-0-
[INFO] [1790580049.062641715] [rclcpp]: signal_handler(SIGINT/SIGTERM)
[WARN] [1790580049.064989430] [uav2.mavros]: UAS Executor terminated
