[INFO] [1790590558.725836442] [uav4.mavros_node]: Starting mavros_node container
[INFO] [1790590558.725949702] [uav4.mavros_node]: FCU URL: udp://:14543@127.0.0.1:14583
[INFO] [1790590558.725960258] [uav4.mavros_node]: GCS URL: 
[INFO] [1790590558.725965662] [uav4.mavros_node]: UAS Prefix: /uas4
[INFO] [1790590558.725970515] [uav4.mavros_node]: Starting mavros router node
[INFO] [1790590558.782002119] [uav4.mavros_router]: Built-in SIMD instructions: SSE, SSE2
[INFO] [1790590558.782169158] [uav4.mavros_router]: Built-in MAVLink package version: 2026.8.8
[INFO] [1790590558.782185465] [uav4.mavros_router]: Known MAVLink dialects: common ardupilotmega ASLUAV AVSSUAS all csAirLink cubepilot development icarous loweheiser marsh paparazzi standard stemstudios storm32 uAvionix ualberta
[INFO] [1790590558.782193291] [uav4.mavros_router]: MAVROS Router started
[INFO] [1790590558.783302387] [uav4.mavros_node]: Starting mavros uas node
[INFO] [1790590559.104700997] [uav4.mavros_router]: Requested to add endpoint: type: 0, url: udp://:14543@127.0.0.1:14583
[INFO] [1790590559.104786764] [uav4.mavros_router]: Endpoint link[1000] created
[INFO] [1790590559.105418042] [uav4.mavros_router]: link[1000] opened successfully
[INFO] [1790590559.105447864] [uav4.mavros_router]: Requested to add endpoint: type: 2, url: /uas4
[INFO] [1790590559.105464222] [uav4.mavros_router]: Endpoint link[1001] created
[INFO] [1790590559.110503632] [uav4.mavros_router]: link[1000] detected remote address 4.1
[INFO] [1790590559.118779606] [uav4.mavros]: Plugin actuator_control ignored
[INFO] [1790590559.118851336] [uav4.mavros]: Plugin altitude ignored
[INFO] [1790590559.118899434] [uav4.mavros]: UAS Executor started, threads: 4
[INFO] [1790590559.121155600] [uav4.mavros_router]: link[1001] opened successfully
[INFO] [1790590559.381579556] [uav4.mavros]: Plugin command created
[INFO] [1790590559.383020684] [uav4.mavros]: Plugin command initialized
[INFO] [1790590559.386349612] [uav4.mavros]: Plugin ftp ignored
[INFO] [1790590559.387909069] [uav4.mavros]: Plugin geofence ignored
[INFO] [1790590559.426848119] [uav4.mavros]: Plugin global_position created
[INFO] [1790590559.426910915] [uav4.mavros]: Plugin global_position initialized
[INFO] [1790590559.426922493] [uav4.mavros]: Plugin home_position ignored
[INFO] [1790590559.426929050] [uav4.mavros]: Plugin imu ignored
[INFO] [1790590559.732185798] [uav4.mavros]: Plugin local_position created
[INFO] [1790590559.732247763] [uav4.mavros]: Plugin local_position initialized
[INFO] [1790590559.732259489] [uav4.mavros]: Plugin manual_control ignored
[INFO] [1790590559.732265921] [uav4.mavros]: Plugin nav_controller_output ignored
[INFO] [1790590559.732271491] [uav4.mavros]: Plugin param ignored
[INFO] [1790590559.732277294] [uav4.mavros]: Plugin rallypoint ignored
[INFO] [1790590559.732286054] [uav4.mavros]: Plugin rc_io ignored
[INFO] [1790590559.732291114] [uav4.mavros]: Plugin setpoint_accel ignored
[INFO] [1790590559.732295658] [uav4.mavros]: Plugin setpoint_attitude ignored
[INFO] [1790590559.732300690] [uav4.mavros]: Plugin setpoint_position ignored
[INFO] [1790590559.732305916] [uav4.mavros]: Plugin setpoint_raw ignored
[INFO] [1790590559.732311236] [uav4.mavros]: Plugin setpoint_trajectory ignored
[INFO] [1790590560.084613342] [uav4.mavros]: Plugin setpoint_velocity created
[INFO] [1790590560.084679395] [uav4.mavros]: Plugin setpoint_velocity initialized
[INFO] [1790590560.192777833] [uav4.mavros]: Plugin sys_status created
[INFO] [1790590560.192858931] [uav4.mavros]: Plugin sys_status initialized
[INFO] [1790590560.266494047] [uav4.mavros.time]: TM: Timesync mode: MAVLINK
[INFO] [1790590560.288153254] [uav4.mavros]: Plugin sys_time created
[INFO] [1790590560.288578960] [uav4.mavros]: Plugin sys_time initialized
[INFO] [1790590560.289208499] [uav4.mavros]: Plugin waypoint ignored
[INFO] [1790590560.289237042] [uav4.mavros]: Plugin wind_estimation ignored
[INFO] [1790590560.325214973] [uav4.mavros]: Built-in SIMD instructions: SSE, SSE2
[INFO] [1790590560.325261848] [uav4.mavros]: Built-in MAVLink package version: 2026.8.8
[INFO] [1790590560.326561349] [uav4.mavros]: Known MAVLink dialects: common ardupilotmega ASLUAV AVSSUAS all csAirLink cubepilot development icarous loweheiser marsh paparazzi standard stemstudios storm32 uAvionix ualberta
[INFO] [1790590560.326693896] [uav4.mavros]: MAVROS UAS via /uas4 started. MY ID 4.191, TARGET ID 4.1
[INFO] [1790590560.340829380] [uav4.mavros_router]: link[1001] detected remote address 4.191
[INFO] [1790590561.171832073] [uav4.mavros]: CON: Got HEARTBEAT, connected. FCU: PX4 Autopilot
[INFO] [1790590562.212757543] [uav4.mavros.sys]: VER: 4.1: Capabilities         0x000000000000e8ff
[INFO] [1790590562.212823824] [uav4.mavros.sys]: VER: 4.1: Flight software:     011200c0 (fca3df865a000000)
[INFO] [1790590562.212833987] [uav4.mavros.sys]: VER: 4.1: Middleware software: 011200c0 (fca3df865a000000)
[INFO] [1790590562.212839741] [uav4.mavros.sys]: VER: 4.1: OS software:         070000ff (17040b9f87cb1791)
[INFO] [1790590562.212845102] [uav4.mavros.sys]: VER: 4.1: Board hardware:      00000001
[INFO] [1790590562.212850496] [uav4.mavros.sys]: VER: 4.1: VID/PID:             0000:0000
[INFO] [1790590562.212855504] [uav4.mavros.sys]: VER: 4.1: UID:                 4954414c44494e52
[WARN] [1790590562.213124181] [uav4.mavros.cmd]: CMD: Unexpected command 512, result 0
[WARN] [1790590568.856457596] [uav4.mavros.sys]: FCU: UNK(8): EVENT 11047904 with args -0-0-0-0-0-128-0-0-0-176-122-127-128-176-122-127-128-0-0-0-0-0-0-0-0-0-0-0-0-0-0-0-0-0-0-0-0-0-0-0-
[INFO] [1790590568.856575997] [uav4.mavros.sys]: FCU: EVENT 377561 with args -8-0-0-0-20-0-0-0-0-0-0-0-0-0-0-0-0-0-0-0-0-0-0-0-0-0-0-0-0-0-0-0-0-0-0-0-0-0-0-0-
[WARN] [1790590568.856633521] [uav4.mavros.sys]: FCU: EVENT 453929 with args -255-255-255-255-7-0-0-0-0-0-0-0-0-0-0-0-0-0-0-0-0-0-0-0-0-0-0-0-0-0-0-0-0-0-0-0-0-0-0-0-
[INFO] [1790590568.856677587] [uav4.mavros.sys]: FCU: EVENT 6801787 with args -255-255-255-255-12-0-0-0-0-0-0-0-0-0-0-0-0-0-0-0-0-0-0-0-0-0-0-0-0-0-0-0-0-0-0-0-0-0-0-0-
[WARN] [1790590568.856717025] [uav4.mavros.sys]: FCU: UNK(8): EVENT 1914663 with args -0-10-13-2-56-0-0-0-0-0-0-0-0-0-0-0-0-0-0-0-0-0-0-0-0-0-0-0-0-0-0-0-0-0-0-0-0-0-0-0-
[WARN] [1790590576.169294583] [uav4.mavros.cmd]: CMD: Unexpected command 176, result 0
[INFO] [1790590576.249061669] [uav4.mavros.sys]: FCU: EVENT 9489139 with args -4-0-0-0-0-0-0-0-0-0-0-0-0-0-0-0-0-0-0-0-0-0-0-0-0-0-0-0-0-0-0-0-0-0-0-0-0-0-0-0-
[INFO] [1790590578.231930424] [uav4.mavros.sys]: FCU: EVENT 4277609 with args -0-0-0-0-0-0-0-0-0-0-0-0-0-0-0-0-0-0-0-0-0-0-0-0-0-0-0-0-0-0-0-0-0-0-0-0-0-0-0-0-
[WARN] [1790590835.499633379] [uav4.mavros.cmd]: CMD: Unexpected command 176, result 0
[INFO] [1790590867.995560268] [uav4.mavros.sys]: FCU: EVENT 9844908 with args -0-0-0-0-0-0-0-0-0-0-0-0-0-0-0-0-0-0-0-0-0-0-0-0-0-0-0-0-0-0-0-0-0-0-0-0-0-0-0-0-
[INFO] [1790590870.120808597] [uav4.mavros.sys]: FCU: EVENT 16017271 with args -6-0-0-0-0-0-0-0-0-0-0-0-0-0-0-0-0-0-0-0-0-0-0-0-0-0-0-0-0-0-0-0-0-0-0-0-0-0-0-0-
[WARN] [1790590873.780721034] [uav4.mavros.sys]: FCU: UNK(8): EVENT 11047904 with args -0-0-0-0-0-128-0-0-0-176-122-127-128-176-122-127-128-0-0-0-0-0-0-0-0-0-0-0-0-0-0-0-0-0-0-0-0-0-0-0-
[INFO] [1790590873.780798899] [uav4.mavros.sys]: FCU: EVENT 377561 with args -8-0-0-0-20-0-0-0-0-0-0-0-0-0-0-0-0-0-0-0-0-0-0-0-0-0-0-0-0-0-0-0-0-0-0-0-0-0-0-0-
[WARN] [1790590873.780913854] [uav4.mavros.sys]: FCU: EVENT 453929 with args -255-255-255-255-7-0-0-0-0-0-0-0-0-0-0-0-0-0-0-0-0-0-0-0-0-0-0-0-0-0-0-0-0-0-0-0-0-0-0-0-
[INFO] [1790590873.780939971] [uav4.mavros.sys]: FCU: EVENT 6801787 with args -255-255-255-255-12-0-0-0-0-0-0-0-0-0-0-0-0-0-0-0-0-0-0-0-0-0-0-0-0-0-0-0-0-0-0-0-0-0-0-0-
[WARN] [1790590873.781017321] [uav4.mavros.sys]: FCU: UNK(8): EVENT 1914663 with args -0-10-9-2-56-0-0-0-0-0-0-0-0-0-0-0-0-0-0-0-0-0-0-0-0-0-0-0-0-0-0-0-0-0-0-0-0-0-0-0-
[INFO] [1790590880.493184434] [rclcpp]: signal_handler(SIGINT/SIGTERM)
[WARN] [1790590880.499118370] [uav4.mavros]: UAS Executor terminated
