[INFO] [1790590559.085875984] [uav6.mavros_node]: Starting mavros_node container
[INFO] [1790590559.086001777] [uav6.mavros_node]: FCU URL: udp://:14545@127.0.0.1:14585
[INFO] [1790590559.086011948] [uav6.mavros_node]: GCS URL: 
[INFO] [1790590559.086017073] [uav6.mavros_node]: UAS Prefix: /uas6
[INFO] [1790590559.086022017] [uav6.mavros_node]: Starting mavros router node
[INFO] [1790590559.102522747] [uav6.mavros_router]: Built-in SIMD instructions: SSE, SSE2
[INFO] [1790590559.102570328] [uav6.mavros_router]: Built-in MAVLink package version: 2026.8.8
[INFO] [1790590559.102590438] [uav6.mavros_router]: Known MAVLink dialects: common ardupilotmega ASLUAV AVSSUAS all csAirLink cubepilot development icarous loweheiser marsh paparazzi standard stemstudios storm32 uAvionix ualberta
[INFO] [1790590559.102599377] [uav6.mavros_router]: MAVROS Router started
[INFO] [1790590559.102840778] [uav6.mavros_node]: Starting mavros uas node
[INFO] [1790590559.300489131] [uav6.mavros_router]: Requested to add endpoint: type: 0, url: udp://:14545@127.0.0.1:14585
[INFO] [1790590559.300576789] [uav6.mavros_router]: Endpoint link[1000] created
[INFO] [1790590559.300849457] [uav6.mavros_router]: link[1000] opened successfully
[INFO] [1790590559.304960328] [uav6.mavros_router]: link[1000] detected remote address 6.1
[WARN] [1790590559.305022075] [uav6.mavros_router]: Message dropped: msgid: 30, source: 6.1, target: 0.0
[INFO] [1790590559.304963097] [uav6.mavros_router]: Requested to add endpoint: type: 2, url: /uas6
[INFO] [1790590559.305607372] [uav6.mavros_router]: Endpoint link[1001] created
[INFO] [1790590559.322690046] [uav6.mavros]: Plugin actuator_control ignored
[INFO] [1790590559.330833778] [uav6.mavros]: Plugin altitude ignored
[INFO] [1790590559.323187302] [uav6.mavros]: UAS Executor started, threads: 4
[INFO] [1790590559.324383814] [uav6.mavros_router]: link[1001] opened successfully
[INFO] [1790590559.502298228] [uav6.mavros]: Plugin command created
[INFO] [1790590559.502370010] [uav6.mavros]: Plugin command initialized
[INFO] [1790590559.502381601] [uav6.mavros]: Plugin ftp ignored
[INFO] [1790590559.502388351] [uav6.mavros]: Plugin geofence ignored
[INFO] [1790590559.618371302] [uav6.mavros]: Plugin global_position created
[INFO] [1790590559.618478128] [uav6.mavros]: Plugin global_position initialized
[INFO] [1790590559.618617047] [uav6.mavros]: Plugin home_position ignored
[INFO] [1790590559.618628477] [uav6.mavros]: Plugin imu ignored
[INFO] [1790590559.968885446] [uav6.mavros]: Plugin local_position created
[INFO] [1790590559.970524350] [uav6.mavros]: Plugin local_position initialized
[INFO] [1790590559.970538551] [uav6.mavros]: Plugin manual_control ignored
[INFO] [1790590559.970567759] [uav6.mavros]: Plugin nav_controller_output ignored
[INFO] [1790590559.970574667] [uav6.mavros]: Plugin param ignored
[INFO] [1790590559.970586480] [uav6.mavros]: Plugin rallypoint ignored
[INFO] [1790590559.970596929] [uav6.mavros]: Plugin rc_io ignored
[INFO] [1790590559.970605500] [uav6.mavros]: Plugin setpoint_accel ignored
[INFO] [1790590559.970612729] [uav6.mavros]: Plugin setpoint_attitude ignored
[INFO] [1790590559.970619059] [uav6.mavros]: Plugin setpoint_position ignored
[INFO] [1790590559.970625298] [uav6.mavros]: Plugin setpoint_raw ignored
[INFO] [1790590559.970631505] [uav6.mavros]: Plugin setpoint_trajectory ignored
[INFO] [1790590560.316351606] [uav6.mavros]: Plugin setpoint_velocity created
[INFO] [1790590560.316424138] [uav6.mavros]: Plugin setpoint_velocity initialized
[INFO] [1790590560.642280787] [uav6.mavros]: Plugin sys_status created
[INFO] [1790590560.642350321] [uav6.mavros]: Plugin sys_status initialized
[INFO] [1790590561.171575547] [uav6.mavros.time]: TM: Timesync mode: MAVLINK
[INFO] [1790590561.230829220] [uav6.mavros]: Plugin sys_time created
[INFO] [1790590561.233553675] [uav6.mavros]: Plugin sys_time initialized
[INFO] [1790590561.235544220] [uav6.mavros]: Plugin waypoint ignored
[INFO] [1790590561.237567994] [uav6.mavros]: Plugin wind_estimation ignored
[INFO] [1790590561.291204383] [uav6.mavros]: Built-in SIMD instructions: SSE, SSE2
[INFO] [1790590561.291275543] [uav6.mavros]: Built-in MAVLink package version: 2026.8.8
[INFO] [1790590561.291283299] [uav6.mavros]: Known MAVLink dialects: common ardupilotmega ASLUAV AVSSUAS all csAirLink cubepilot development icarous loweheiser marsh paparazzi standard stemstudios storm32 uAvionix ualberta
[INFO] [1790590561.291290192] [uav6.mavros]: MAVROS UAS via /uas6 started. MY ID 6.191, TARGET ID 6.1
[INFO] [1790590561.342409983] [uav6.mavros_router]: link[1001] detected remote address 6.191
[INFO] [1790590561.731930223] [uav6.mavros.sys]: VER: 6.1: Capabilities         0x000000000000e8ff
[INFO] [1790590561.733080875] [uav6.mavros.sys]: VER: 6.1: Flight software:     011200c0 (fca3df865a000000)
[INFO] [1790590561.733118368] [uav6.mavros.sys]: VER: 6.1: Middleware software: 011200c0 (fca3df865a000000)
[INFO] [1790590561.733126627] [uav6.mavros.sys]: VER: 6.1: OS software:         070000ff (17040b9f87cb1791)
[INFO] [1790590561.733131981] [uav6.mavros.sys]: VER: 6.1: Board hardware:      00000001
[INFO] [1790590561.733138063] [uav6.mavros.sys]: VER: 6.1: VID/PID:             0000:0000
[INFO] [1790590561.733147057] [uav6.mavros.sys]: VER: 6.1: UID:                 4954414c44494e54
[WARN] [1790590561.739392580] [uav6.mavros.cmd]: CMD: Unexpected command 512, result 0
[INFO] [1790590562.231973648] [uav6.mavros]: CON: Got HEARTBEAT, connected. FCU: PX4 Autopilot
[INFO] [1790590563.285616642] [uav6.mavros.sys]: VER: 6.1: Capabilities         0x000000000000e8ff
[INFO] [1790590563.285688521] [uav6.mavros.sys]: VER: 6.1: Flight software:     011200c0 (fca3df865a000000)
[INFO] [1790590563.285700361] [uav6.mavros.sys]: VER: 6.1: Middleware software: 011200c0 (fca3df865a000000)
[INFO] [1790590563.285706856] [uav6.mavros.sys]: VER: 6.1: OS software:         070000ff (17040b9f87cb1791)
[INFO] [1790590563.285712399] [uav6.mavros.sys]: VER: 6.1: Board hardware:      00000001
[INFO] [1790590563.285718216] [uav6.mavros.sys]: VER: 6.1: VID/PID:             0000:0000
[INFO] [1790590563.285724073] [uav6.mavros.sys]: VER: 6.1: UID:                 4954414c44494e54
[WARN] [1790590575.650113890] [uav6.mavros.sys]: FCU: UNK(8): EVENT 11047904 with args -0-0-0-0-0-128-0-0-0-176-122-127-128-176-122-127-128-0-0-0-0-0-0-0-0-0-0-0-0-0-0-0-0-0-0-0-0-0-0-0-
[INFO] [1790590575.650919638] [uav6.mavros.sys]: FCU: EVENT 377561 with args -8-0-0-0-20-0-0-0-0-0-0-0-0-0-0-0-0-0-0-0-0-0-0-0-0-0-0-0-0-0-0-0-0-0-0-0-0-0-0-0-
[WARN] [1790590575.651023057] [uav6.mavros.sys]: FCU: EVENT 453929 with args -255-255-255-255-7-0-0-0-0-0-0-0-0-0-0-0-0-0-0-0-0-0-0-0-0-0-0-0-0-0-0-0-0-0-0-0-0-0-0-0-
[INFO] [1790590575.651133764] [uav6.mavros.sys]: FCU: EVENT 6801787 with args -255-255-255-255-12-0-0-0-0-0-0-0-0-0-0-0-0-0-0-0-0-0-0-0-0-0-0-0-0-0-0-0-0-0-0-0-0-0-0-0-
[WARN] [1790590575.651672054] [uav6.mavros.sys]: FCU: UNK(8): EVENT 1914663 with args -0-10-13-2-56-0-0-0-0-0-0-0-0-0-0-0-0-0-0-0-0-0-0-0-0-0-0-0-0-0-0-0-0-0-0-0-0-0-0-0-
[WARN] [1790590576.153578663] [uav6.mavros.cmd]: CMD: Unexpected command 176, result 0
[INFO] [1790590576.249651791] [uav6.mavros.sys]: FCU: EVENT 9489139 with args -4-0-0-0-0-0-0-0-0-0-0-0-0-0-0-0-0-0-0-0-0-0-0-0-0-0-0-0-0-0-0-0-0-0-0-0-0-0-0-0-
[INFO] [1790590578.290699636] [uav6.mavros.sys]: FCU: EVENT 4277609 with args -0-0-0-0-0-0-0-0-0-0-0-0-0-0-0-0-0-0-0-0-0-0-0-0-0-0-0-0-0-0-0-0-0-0-0-0-0-0-0-0-
[WARN] [1790590835.288717968] [uav6.mavros.cmd]: CMD: Unexpected command 176, result 0
[INFO] [1790590867.122052993] [uav6.mavros.sys]: FCU: EVENT 9844908 with args -0-0-0-0-0-0-0-0-0-0-0-0-0-0-0-0-0-0-0-0-0-0-0-0-0-0-0-0-0-0-0-0-0-0-0-0-0-0-0-0-
[INFO] [1790590869.263255119] [uav6.mavros.sys]: FCU: EVENT 16017271 with args -6-0-0-0-0-0-0-0-0-0-0-0-0-0-0-0-0-0-0-0-0-0-0-0-0-0-0-0-0-0-0-0-0-0-0-0-0-0-0-0-
[WARN] [1790590872.886696341] [uav6.mavros.sys]: FCU: UNK(8): EVENT 11047904 with args -0-0-0-0-0-128-0-0-0-176-122-127-128-176-122-127-128-0-0-0-0-0-0-0-0-0-0-0-0-0-0-0-0-0-0-0-0-0-0-0-
[INFO] [1790590872.886852830] [uav6.mavros.sys]: FCU: EVENT 377561 with args -8-0-0-0-20-0-0-0-0-0-0-0-0-0-0-0-0-0-0-0-0-0-0-0-0-0-0-0-0-0-0-0-0-0-0-0-0-0-0-0-
[WARN] [1790590872.886956946] [uav6.mavros.sys]: FCU: EVENT 453929 with args -255-255-255-255-7-0-0-0-0-0-0-0-0-0-0-0-0-0-0-0-0-0-0-0-0-0-0-0-0-0-0-0-0-0-0-0-0-0-0-0-
[INFO] [1790590872.886984894] [uav6.mavros.sys]: FCU: EVENT 6801787 with args -255-255-255-255-12-0-0-0-0-0-0-0-0-0-0-0-0-0-0-0-0-0-0-0-0-0-0-0-0-0-0-0-0-0-0-0-0-0-0-0-
[WARN] [1790590872.887024945] [uav6.mavros.sys]: FCU: UNK(8): EVENT 1914663 with args -0-10-9-2-56-0-0-0-0-0-0-0-0-0-0-0-0-0-0-0-0-0-0-0-0-0-0-0-0-0-0-0-0-0-0-0-0-0-0-0-
[INFO] [1790590880.494141200] [rclcpp]: signal_handler(SIGINT/SIGTERM)
[WARN] [1790590880.498104050] [uav6.mavros]: UAS Executor terminated
