[INFO] [1790605212.869113863] [uav7.mavros_node]: Starting mavros_node container
[INFO] [1790605212.872695469] [uav7.mavros_node]: FCU URL: udp://:14546@127.0.0.1:14586
[INFO] [1790605212.872705782] [uav7.mavros_node]: GCS URL: 
[INFO] [1790605212.872711321] [uav7.mavros_node]: UAS Prefix: /uas7
[INFO] [1790605212.872716148] [uav7.mavros_node]: Starting mavros router node
[INFO] [1790605212.947873257] [uav7.mavros_router]: Built-in SIMD instructions: SSE, SSE2
[INFO] [1790605212.947914260] [uav7.mavros_router]: Built-in MAVLink package version: 2026.8.8
[INFO] [1790605212.947922929] [uav7.mavros_router]: Known MAVLink dialects: common ardupilotmega ASLUAV AVSSUAS all csAirLink cubepilot development icarous loweheiser marsh paparazzi standard stemstudios storm32 uAvionix ualberta
[INFO] [1790605212.947929112] [uav7.mavros_router]: MAVROS Router started
[INFO] [1790605212.948079239] [uav7.mavros_node]: Starting mavros uas node
[INFO] [1790605213.195078911] [uav7.mavros_router]: Requested to add endpoint: type: 0, url: udp://:14546@127.0.0.1:14586
[INFO] [1790605213.195131837] [uav7.mavros_router]: Endpoint link[1000] created
[INFO] [1790605213.201601008] [uav7.mavros_router]: link[1000] opened successfully
[INFO] [1790605213.201648638] [uav7.mavros_router]: Requested to add endpoint: type: 2, url: /uas7
[INFO] [1790605213.201669225] [uav7.mavros_router]: Endpoint link[1001] created
[INFO] [1790605213.203978954] [uav7.mavros_router]: link[1000] detected remote address 7.1
[INFO] [1790605213.208455316] [uav7.mavros]: Plugin actuator_control ignored
[INFO] [1790605213.208523076] [uav7.mavros]: Plugin altitude ignored
[INFO] [1790605213.208793625] [uav7.mavros]: UAS Executor started, threads: 4
[INFO] [1790605213.277034923] [uav7.mavros_router]: link[1001] opened successfully
[INFO] [1790605213.402087861] [uav7.mavros]: Plugin command created
[INFO] [1790605213.402151049] [uav7.mavros]: Plugin command initialized
[INFO] [1790605213.402161563] [uav7.mavros]: Plugin ftp ignored
[INFO] [1790605213.402167387] [uav7.mavros]: Plugin geofence ignored
[INFO] [1790605213.676023222] [uav7.mavros]: Plugin global_position created
[INFO] [1790605213.676094069] [uav7.mavros]: Plugin global_position initialized
[INFO] [1790605213.676104909] [uav7.mavros]: Plugin home_position ignored
[INFO] [1790605213.676110895] [uav7.mavros]: Plugin imu ignored
[INFO] [1790605213.983350210] [uav7.mavros]: Plugin local_position created
[INFO] [1790605213.983423662] [uav7.mavros]: Plugin local_position initialized
[INFO] [1790605213.983434297] [uav7.mavros]: Plugin manual_control ignored
[INFO] [1790605213.983439634] [uav7.mavros]: Plugin nav_controller_output ignored
[INFO] [1790605213.983444883] [uav7.mavros]: Plugin param ignored
[INFO] [1790605213.983449856] [uav7.mavros]: Plugin rallypoint ignored
[INFO] [1790605213.983454623] [uav7.mavros]: Plugin rc_io ignored
[INFO] [1790605213.983459735] [uav7.mavros]: Plugin setpoint_accel ignored
[INFO] [1790605213.983464593] [uav7.mavros]: Plugin setpoint_attitude ignored
[INFO] [1790605213.983469513] [uav7.mavros]: Plugin setpoint_position ignored
[INFO] [1790605213.983475287] [uav7.mavros]: Plugin setpoint_raw ignored
[INFO] [1790605213.985597410] [uav7.mavros]: Plugin setpoint_trajectory ignored
[INFO] [1790605214.134036765] [uav7.mavros]: Plugin setpoint_velocity created
[INFO] [1790605214.134084589] [uav7.mavros]: Plugin setpoint_velocity initialized
[INFO] [1790605214.493073637] [uav7.mavros]: Plugin sys_status created
[INFO] [1790605214.493150400] [uav7.mavros]: Plugin sys_status initialized
[INFO] [1790605214.721020722] [uav7.mavros.time]: TM: Timesync mode: MAVLINK
[INFO] [1790605214.751690015] [uav7.mavros]: Plugin sys_time created
[INFO] [1790605214.751756020] [uav7.mavros]: Plugin sys_time initialized
[INFO] [1790605214.751764931] [uav7.mavros]: Plugin waypoint ignored
[INFO] [1790605214.751770040] [uav7.mavros]: Plugin wind_estimation ignored
[INFO] [1790605214.768632559] [uav7.mavros]: Built-in SIMD instructions: SSE, SSE2
[INFO] [1790605214.768675346] [uav7.mavros]: Built-in MAVLink package version: 2026.8.8
[INFO] [1790605214.768703840] [uav7.mavros]: Known MAVLink dialects: common ardupilotmega ASLUAV AVSSUAS all csAirLink cubepilot development icarous loweheiser marsh paparazzi standard stemstudios storm32 uAvionix ualberta
[INFO] [1790605214.768710783] [uav7.mavros]: MAVROS UAS via /uas7 started. MY ID 7.191, TARGET ID 7.1
[INFO] [1790605214.837654724] [uav7.mavros_router]: link[1001] detected remote address 7.191
[INFO] [1790605215.376604222] [uav7.mavros]: CON: Got HEARTBEAT, connected. FCU: PX4 Autopilot
[INFO] [1790605216.420178178] [uav7.mavros.sys]: VER: 7.1: Capabilities         0x000000000000e8ff
[INFO] [1790605216.420239083] [uav7.mavros.sys]: VER: 7.1: Flight software:     011200c0 (fca3df865a000000)
[INFO] [1790605216.420253527] [uav7.mavros.sys]: VER: 7.1: Middleware software: 011200c0 (fca3df865a000000)
[INFO] [1790605216.420258289] [uav7.mavros.sys]: VER: 7.1: OS software:         070000ff (17040b9f87cb1791)
[INFO] [1790605216.420262710] [uav7.mavros.sys]: VER: 7.1: Board hardware:      00000001
[INFO] [1790605216.420266911] [uav7.mavros.sys]: VER: 7.1: VID/PID:             0000:0000
[INFO] [1790605216.420271748] [uav7.mavros.sys]: VER: 7.1: UID:                 4954414c44494e55
[WARN] [1790605216.420310614] [uav7.mavros.cmd]: CMD: Unexpected command 512, result 0
[WARN] [1790605226.982354932] [uav7.mavros.sys]: FCU: UNK(8): EVENT 11047904 with args -0-0-0-0-0-128-0-0-0-176-122-127-128-176-122-127-128-0-0-0-0-0-0-0-0-0-0-0-0-0-0-0-0-0-0-0-0-0-0-0-
[INFO] [1790605226.986200164] [uav7.mavros.sys]: FCU: EVENT 377561 with args -8-0-0-0-20-0-0-0-0-0-0-0-0-0-0-0-0-0-0-0-0-0-0-0-0-0-0-0-0-0-0-0-0-0-0-0-0-0-0-0-
[WARN] [1790605226.986271881] [uav7.mavros.sys]: FCU: EVENT 453929 with args -255-255-255-255-7-0-0-0-0-0-0-0-0-0-0-0-0-0-0-0-0-0-0-0-0-0-0-0-0-0-0-0-0-0-0-0-0-0-0-0-
[INFO] [1790605226.986306304] [uav7.mavros.sys]: FCU: EVENT 6801787 with args -255-255-255-255-12-0-0-0-0-0-0-0-0-0-0-0-0-0-0-0-0-0-0-0-0-0-0-0-0-0-0-0-0-0-0-0-0-0-0-0-
[WARN] [1790605226.986338099] [uav7.mavros.sys]: FCU: UNK(8): EVENT 1914663 with args -0-10-13-2-56-0-0-0-0-0-0-0-0-0-0-0-0-0-0-0-0-0-0-0-0-0-0-0-0-0-0-0-0-0-0-0-0-0-0-0-
[WARN] [1790605228.641748076] [uav7.mavros.cmd]: CMD: Unexpected command 176, result 0
[INFO] [1790605228.962246949] [uav7.mavros.sys]: FCU: EVENT 9489139 with args -4-0-0-0-0-0-0-0-0-0-0-0-0-0-0-0-0-0-0-0-0-0-0-0-0-0-0-0-0-0-0-0-0-0-0-0-0-0-0-0-
[INFO] [1790605231.054106403] [uav7.mavros.sys]: FCU: EVENT 4277609 with args -0-0-0-0-0-0-0-0-0-0-0-0-0-0-0-0-0-0-0-0-0-0-0-0-0-0-0-0-0-0-0-0-0-0-0-0-0-0-0-0-
[WARN] [1790605479.206402056] [uav7.mavros.cmd]: CMD: Unexpected command 176, result 0
[INFO] [1790605510.329308297] [uav7.mavros.sys]: FCU: EVENT 9844908 with args -0-0-0-0-0-0-0-0-0-0-0-0-0-0-0-0-0-0-0-0-0-0-0-0-0-0-0-0-0-0-0-0-0-0-0-0-0-0-0-0-
[INFO] [1790605512.436308009] [uav7.mavros.sys]: FCU: EVENT 16017271 with args -6-0-0-0-0-0-0-0-0-0-0-0-0-0-0-0-0-0-0-0-0-0-0-0-0-0-0-0-0-0-0-0-0-0-0-0-0-0-0-0-
[WARN] [1790605516.627221961] [uav7.mavros.sys]: FCU: UNK(8): EVENT 11047904 with args -0-0-0-0-0-128-0-0-0-176-122-127-128-176-122-127-128-0-0-0-0-0-0-0-0-0-0-0-0-0-0-0-0-0-0-0-0-0-0-0-
[INFO] [1790605516.627295805] [uav7.mavros.sys]: FCU: EVENT 377561 with args -8-0-0-0-20-0-0-0-0-0-0-0-0-0-0-0-0-0-0-0-0-0-0-0-0-0-0-0-0-0-0-0-0-0-0-0-0-0-0-0-
[WARN] [1790605516.627378817] [uav7.mavros.sys]: FCU: EVENT 453929 with args -255-255-255-255-7-0-0-0-0-0-0-0-0-0-0-0-0-0-0-0-0-0-0-0-0-0-0-0-0-0-0-0-0-0-0-0-0-0-0-0-
[INFO] [1790605516.627395385] [uav7.mavros.sys]: FCU: EVENT 6801787 with args -255-255-255-255-12-0-0-0-0-0-0-0-0-0-0-0-0-0-0-0-0-0-0-0-0-0-0-0-0-0-0-0-0-0-0-0-0-0-0-0-
[WARN] [1790605516.627424106] [uav7.mavros.sys]: FCU: UNK(8): EVENT 1914663 with args -0-10-9-2-56-0-0-0-0-0-0-0-0-0-0-0-0-0-0-0-0-0-0-0-0-0-0-0-0-0-0-0-0-0-0-0-0-0-0-0-
[INFO] [1790605518.862250764] [rclcpp]: signal_handler(SIGINT/SIGTERM)
[WARN] [1790605518.864099399] [uav7.mavros]: UAS Executor terminated
