[INFO] [1790608787.861660173] [uav2.mavros_node]: Starting mavros_node container
[INFO] [1790608787.861798625] [uav2.mavros_node]: FCU URL: udp://:14541@127.0.0.1:14581
[INFO] [1790608787.861809481] [uav2.mavros_node]: GCS URL: 
[INFO] [1790608787.861814554] [uav2.mavros_node]: UAS Prefix: /uas2
[INFO] [1790608787.861819426] [uav2.mavros_node]: Starting mavros router node
[INFO] [1790608787.936592701] [uav2.mavros_router]: Built-in SIMD instructions: SSE, SSE2
[INFO] [1790608787.936643176] [uav2.mavros_router]: Built-in MAVLink package version: 2026.8.8
[INFO] [1790608787.936653874] [uav2.mavros_router]: Known MAVLink dialects: common ardupilotmega ASLUAV AVSSUAS all csAirLink cubepilot development icarous loweheiser marsh paparazzi standard stemstudios storm32 uAvionix ualberta
[INFO] [1790608787.936660808] [uav2.mavros_router]: MAVROS Router started
[INFO] [1790608787.936812039] [uav2.mavros_node]: Starting mavros uas node
[INFO] [1790608788.206209841] [uav2.mavros_router]: Requested to add endpoint: type: 0, url: udp://:14541@127.0.0.1:14581
[INFO] [1790608788.206264324] [uav2.mavros_router]: Endpoint link[1000] created
[INFO] [1790608788.206497955] [uav2.mavros_router]: link[1000] opened successfully
[INFO] [1790608788.206519179] [uav2.mavros_router]: Requested to add endpoint: type: 2, url: /uas2
[INFO] [1790608788.206533403] [uav2.mavros_router]: Endpoint link[1001] created
[INFO] [1790608788.209306329] [uav2.mavros_router]: link[1000] detected remote address 2.1
[INFO] [1790608788.223804041] [uav2.mavros]: UAS Executor started, threads: 4
[INFO] [1790608788.223828250] [uav2.mavros]: Plugin actuator_control ignored
[INFO] [1790608788.224185887] [uav2.mavros]: Plugin altitude ignored
[INFO] [1790608788.305332080] [uav2.mavros_router]: link[1001] opened successfully
[INFO] [1790608788.452252548] [uav2.mavros]: Plugin command created
[INFO] [1790608788.452305214] [uav2.mavros]: Plugin command initialized
[INFO] [1790608788.452313625] [uav2.mavros]: Plugin ftp ignored
[INFO] [1790608788.452319202] [uav2.mavros]: Plugin geofence ignored
[INFO] [1790608788.705104710] [uav2.mavros]: Plugin global_position created
[INFO] [1790608788.712720139] [uav2.mavros]: Plugin global_position initialized
[INFO] [1790608788.712731571] [uav2.mavros]: Plugin home_position ignored
[INFO] [1790608788.712737634] [uav2.mavros]: Plugin imu ignored
[INFO] [1790608788.959251262] [uav2.mavros]: Plugin local_position created
[INFO] [1790608788.959314924] [uav2.mavros]: Plugin local_position initialized
[INFO] [1790608788.959325351] [uav2.mavros]: Plugin manual_control ignored
[INFO] [1790608788.959332006] [uav2.mavros]: Plugin nav_controller_output ignored
[INFO] [1790608788.959338420] [uav2.mavros]: Plugin param ignored
[INFO] [1790608788.959344634] [uav2.mavros]: Plugin rallypoint ignored
[INFO] [1790608788.959350633] [uav2.mavros]: Plugin rc_io ignored
[INFO] [1790608788.959356820] [uav2.mavros]: Plugin setpoint_accel ignored
[INFO] [1790608788.959362836] [uav2.mavros]: Plugin setpoint_attitude ignored
[INFO] [1790608788.959374421] [uav2.mavros]: Plugin setpoint_position ignored
[INFO] [1790608788.959380936] [uav2.mavros]: Plugin setpoint_raw ignored
[INFO] [1790608788.959387110] [uav2.mavros]: Plugin setpoint_trajectory ignored
[INFO] [1790608789.175670608] [uav2.mavros]: Plugin setpoint_velocity created
[INFO] [1790608789.218103402] [uav2.mavros]: Plugin setpoint_velocity initialized
[INFO] [1790608789.462272802] [uav2.mavros]: Plugin sys_status created
[INFO] [1790608789.463015371] [uav2.mavros]: Plugin sys_status initialized
[INFO] [1790608789.573165200] [uav2.mavros.time]: TM: Timesync mode: MAVLINK
[INFO] [1790608789.613126476] [uav2.mavros]: Plugin sys_time created
[INFO] [1790608789.613171230] [uav2.mavros]: Plugin sys_time initialized
[INFO] [1790608789.613181116] [uav2.mavros]: Plugin waypoint ignored
[INFO] [1790608789.613187531] [uav2.mavros]: Plugin wind_estimation ignored
[INFO] [1790608789.633907220] [uav2.mavros]: Built-in SIMD instructions: SSE, SSE2
[INFO] [1790608789.634122659] [uav2.mavros]: Built-in MAVLink package version: 2026.8.8
[INFO] [1790608789.634162701] [uav2.mavros]: Known MAVLink dialects: common ardupilotmega ASLUAV AVSSUAS all csAirLink cubepilot development icarous loweheiser marsh paparazzi standard stemstudios storm32 uAvionix ualberta
[INFO] [1790608789.634170412] [uav2.mavros]: MAVROS UAS via /uas2 started. MY ID 2.191, TARGET ID 2.1
[INFO] [1790608789.672416464] [uav2.mavros_router]: link[1001] detected remote address 2.191
[INFO] [1790608790.447716773] [uav2.mavros]: CON: Got HEARTBEAT, connected. FCU: PX4 Autopilot
[INFO] [1790608791.481985905] [uav2.mavros.sys]: VER: 2.1: Capabilities         0x000000000000e8ff
[INFO] [1790608791.486900415] [uav2.mavros.sys]: VER: 2.1: Flight software:     011200c0 (fca3df865a000000)
[INFO] [1790608791.500356043] [uav2.mavros.sys]: VER: 2.1: Middleware software: 011200c0 (fca3df865a000000)
[INFO] [1790608791.500366757] [uav2.mavros.sys]: VER: 2.1: OS software:         070000ff (17040b9f87cb1791)
[INFO] [1790608791.500372459] [uav2.mavros.sys]: VER: 2.1: Board hardware:      00000001
[INFO] [1790608791.500378874] [uav2.mavros.sys]: VER: 2.1: VID/PID:             0000:0000
[INFO] [1790608791.500384556] [uav2.mavros.sys]: VER: 2.1: UID:                 4954414c44494e50
[WARN] [1790608791.500899291] [uav2.mavros.cmd]: CMD: Unexpected command 512, result 0
[WARN] [1790608801.873659311] [uav2.mavros.sys]: FCU: UNK(8): EVENT 11047904 with args -0-0-0-0-0-128-0-0-0-176-122-127-128-176-122-127-128-0-0-0-0-0-0-0-0-0-0-0-0-0-0-0-0-0-0-0-0-0-0-0-
[INFO] [1790608801.873750445] [uav2.mavros.sys]: FCU: EVENT 377561 with args -8-0-0-0-20-0-0-0-0-0-0-0-0-0-0-0-0-0-0-0-0-0-0-0-0-0-0-0-0-0-0-0-0-0-0-0-0-0-0-0-
[WARN] [1790608801.873806465] [uav2.mavros.sys]: FCU: EVENT 453929 with args -255-255-255-255-7-0-0-0-0-0-0-0-0-0-0-0-0-0-0-0-0-0-0-0-0-0-0-0-0-0-0-0-0-0-0-0-0-0-0-0-
[INFO] [1790608801.873843301] [uav2.mavros.sys]: FCU: EVENT 6801787 with args -255-255-255-255-12-0-0-0-0-0-0-0-0-0-0-0-0-0-0-0-0-0-0-0-0-0-0-0-0-0-0-0-0-0-0-0-0-0-0-0-
[WARN] [1790608801.873879838] [uav2.mavros.sys]: FCU: UNK(8): EVENT 1914663 with args -0-10-13-2-56-0-0-0-0-0-0-0-0-0-0-0-0-0-0-0-0-0-0-0-0-0-0-0-0-0-0-0-0-0-0-0-0-0-0-0-
[WARN] [1790608806.714200974] [uav2.mavros.cmd]: CMD: Unexpected command 176, result 0
[INFO] [1790608807.078785546] [uav2.mavros.sys]: FCU: EVENT 9489139 with args -4-0-0-0-0-0-0-0-0-0-0-0-0-0-0-0-0-0-0-0-0-0-0-0-0-0-0-0-0-0-0-0-0-0-0-0-0-0-0-0-
[INFO] [1790608809.146730753] [uav2.mavros.sys]: FCU: EVENT 4277609 with args -0-0-0-0-0-0-0-0-0-0-0-0-0-0-0-0-0-0-0-0-0-0-0-0-0-0-0-0-0-0-0-0-0-0-0-0-0-0-0-0-
[WARN] [1790609060.766564612] [uav2.mavros.cmd]: CMD: Unexpected command 176, result 0
[INFO] [1790609094.018377960] [uav2.mavros.sys]: FCU: EVENT 9844908 with args -0-0-0-0-0-0-0-0-0-0-0-0-0-0-0-0-0-0-0-0-0-0-0-0-0-0-0-0-0-0-0-0-0-0-0-0-0-0-0-0-
[INFO] [1790609096.135022784] [uav2.mavros.sys]: FCU: EVENT 16017271 with args -6-0-0-0-0-0-0-0-0-0-0-0-0-0-0-0-0-0-0-0-0-0-0-0-0-0-0-0-0-0-0-0-0-0-0-0-0-0-0-0-
[WARN] [1790609100.069532319] [uav2.mavros.sys]: FCU: UNK(8): EVENT 11047904 with args -0-0-0-0-0-128-0-0-0-176-122-127-128-176-122-127-128-0-0-0-0-0-0-0-0-0-0-0-0-0-0-0-0-0-0-0-0-0-0-0-
[INFO] [1790609100.069671884] [uav2.mavros.sys]: FCU: EVENT 377561 with args -8-0-0-0-20-0-0-0-0-0-0-0-0-0-0-0-0-0-0-0-0-0-0-0-0-0-0-0-0-0-0-0-0-0-0-0-0-0-0-0-
[WARN] [1790609100.069717071] [uav2.mavros.sys]: FCU: EVENT 453929 with args -255-255-255-255-7-0-0-0-0-0-0-0-0-0-0-0-0-0-0-0-0-0-0-0-0-0-0-0-0-0-0-0-0-0-0-0-0-0-0-0-
[INFO] [1790609100.069792177] [uav2.mavros.sys]: FCU: EVENT 6801787 with args -255-255-255-255-12-0-0-0-0-0-0-0-0-0-0-0-0-0-0-0-0-0-0-0-0-0-0-0-0-0-0-0-0-0-0-0-0-0-0-0-
[WARN] [1790609100.069970543] [uav2.mavros.sys]: FCU: UNK(8): EVENT 1914663 with args -0-10-9-2-56-0-0-0-0-0-0-0-0-0-0-0-0-0-0-0-0-0-0-0-0-0-0-0-0-0-0-0-0-0-0-0-0-0-0-0-
[INFO] [1790609102.238664431] [rclcpp]: signal_handler(SIGINT/SIGTERM)
[WARN] [1790609102.240791630] [uav2.mavros]: UAS Executor terminated
