[INFO] [1790608787.998468771] [uav5.mavros_node]: Starting mavros_node container
[INFO] [1790608787.998553495] [uav5.mavros_node]: FCU URL: udp://:14544@127.0.0.1:14584
[INFO] [1790608787.998559229] [uav5.mavros_node]: GCS URL: 
[INFO] [1790608787.998563804] [uav5.mavros_node]: UAS Prefix: /uas5
[INFO] [1790608787.998568431] [uav5.mavros_node]: Starting mavros router node
[INFO] [1790608788.129819796] [uav5.mavros_router]: Built-in SIMD instructions: SSE, SSE2
[INFO] [1790608788.130882856] [uav5.mavros_router]: Built-in MAVLink package version: 2026.8.8
[INFO] [1790608788.130907252] [uav5.mavros_router]: Known MAVLink dialects: common ardupilotmega ASLUAV AVSSUAS all csAirLink cubepilot development icarous loweheiser marsh paparazzi standard stemstudios storm32 uAvionix ualberta
[INFO] [1790608788.130913284] [uav5.mavros_router]: MAVROS Router started
[INFO] [1790608788.131107087] [uav5.mavros_node]: Starting mavros uas node
[INFO] [1790608788.399782334] [uav5.mavros_router]: Requested to add endpoint: type: 0, url: udp://:14544@127.0.0.1:14584
[INFO] [1790608788.399844346] [uav5.mavros_router]: Endpoint link[1000] created
[INFO] [1790608788.400086806] [uav5.mavros_router]: link[1000] opened successfully
[INFO] [1790608788.400106179] [uav5.mavros_router]: Requested to add endpoint: type: 2, url: /uas5
[INFO] [1790608788.400119045] [uav5.mavros_router]: Endpoint link[1001] created
[INFO] [1790608788.403574382] [uav5.mavros_router]: link[1000] detected remote address 5.1
[INFO] [1790608788.421138927] [uav5.mavros]: Plugin actuator_control ignored
[INFO] [1790608788.421180752] [uav5.mavros]: Plugin altitude ignored
[INFO] [1790608788.421204817] [uav5.mavros]: UAS Executor started, threads: 4
[INFO] [1790608788.480012290] [uav5.mavros_router]: link[1001] opened successfully
[INFO] [1790608788.749996985] [uav5.mavros]: Plugin command created
[INFO] [1790608788.750057812] [uav5.mavros]: Plugin command initialized
[INFO] [1790608788.750066203] [uav5.mavros]: Plugin ftp ignored
[INFO] [1790608788.750071018] [uav5.mavros]: Plugin geofence ignored
[INFO] [1790608789.151049488] [uav5.mavros]: Plugin global_position created
[INFO] [1790608789.151109571] [uav5.mavros]: Plugin global_position initialized
[INFO] [1790608789.151119284] [uav5.mavros]: Plugin home_position ignored
[INFO] [1790608789.151124700] [uav5.mavros]: Plugin imu ignored
[INFO] [1790608789.366174848] [uav5.mavros]: Plugin local_position created
[INFO] [1790608789.366240405] [uav5.mavros]: Plugin local_position initialized
[INFO] [1790608789.366250218] [uav5.mavros]: Plugin manual_control ignored
[INFO] [1790608789.367315564] [uav5.mavros]: Plugin nav_controller_output ignored
[INFO] [1790608789.367341497] [uav5.mavros]: Plugin param ignored
[INFO] [1790608789.367347346] [uav5.mavros]: Plugin rallypoint ignored
[INFO] [1790608789.367352074] [uav5.mavros]: Plugin rc_io ignored
[INFO] [1790608789.367357099] [uav5.mavros]: Plugin setpoint_accel ignored
[INFO] [1790608789.367362029] [uav5.mavros]: Plugin setpoint_attitude ignored
[INFO] [1790608789.367368050] [uav5.mavros]: Plugin setpoint_position ignored
[INFO] [1790608789.367377752] [uav5.mavros]: Plugin setpoint_raw ignored
[INFO] [1790608789.367383627] [uav5.mavros]: Plugin setpoint_trajectory ignored
[INFO] [1790608789.507266537] [uav5.mavros]: Plugin setpoint_velocity created
[INFO] [1790608789.507319646] [uav5.mavros]: Plugin setpoint_velocity initialized
[INFO] [1790608789.719979140] [uav5.mavros]: Plugin sys_status created
[INFO] [1790608789.720043806] [uav5.mavros]: Plugin sys_status initialized
[INFO] [1790608789.843818485] [uav5.mavros.time]: TM: Timesync mode: MAVLINK
[INFO] [1790608789.862338180] [uav5.mavros]: Plugin sys_time created
[INFO] [1790608789.867680599] [uav5.mavros]: Plugin sys_time initialized
[INFO] [1790608789.867703936] [uav5.mavros]: Plugin waypoint ignored
[INFO] [1790608789.867709742] [uav5.mavros]: Plugin wind_estimation ignored
[INFO] [1790608789.873252183] [uav5.mavros]: Built-in SIMD instructions: SSE, SSE2
[INFO] [1790608789.873303966] [uav5.mavros]: Built-in MAVLink package version: 2026.8.8
[INFO] [1790608789.873339424] [uav5.mavros]: Known MAVLink dialects: common ardupilotmega ASLUAV AVSSUAS all csAirLink cubepilot development icarous loweheiser marsh paparazzi standard stemstudios storm32 uAvionix ualberta
[INFO] [1790608789.873347894] [uav5.mavros]: MAVROS UAS via /uas5 started. MY ID 5.191, TARGET ID 5.1
[INFO] [1790608789.960606070] [uav5.mavros_router]: link[1001] detected remote address 5.191
[INFO] [1790608790.406622143] [uav5.mavros]: CON: Got HEARTBEAT, connected. FCU: PX4 Autopilot
[INFO] [1790608791.438533733] [uav5.mavros.sys]: VER: 5.1: Capabilities         0x000000000000e8ff
[INFO] [1790608791.486960936] [uav5.mavros.sys]: VER: 5.1: Flight software:     011200c0 (fca3df865a000000)
[INFO] [1790608791.500169420] [uav5.mavros.sys]: VER: 5.1: Middleware software: 011200c0 (fca3df865a000000)
[INFO] [1790608791.500179933] [uav5.mavros.sys]: VER: 5.1: OS software:         070000ff (17040b9f87cb1791)
[INFO] [1790608791.500185757] [uav5.mavros.sys]: VER: 5.1: Board hardware:      00000001
[INFO] [1790608791.500191845] [uav5.mavros.sys]: VER: 5.1: VID/PID:             0000:0000
[INFO] [1790608791.500197431] [uav5.mavros.sys]: VER: 5.1: UID:                 4954414c44494e53
[WARN] [1790608791.503373915] [uav5.mavros.cmd]: CMD: Unexpected command 512, result 0
[WARN] [1790608801.773903724] [uav5.mavros.sys]: FCU: UNK(8): EVENT 11047904 with args -0-0-0-0-0-128-0-0-0-176-122-127-128-176-122-127-128-0-0-0-0-0-0-0-0-0-0-0-0-0-0-0-0-0-0-0-0-0-0-0-
[INFO] [1790608801.775032464] [uav5.mavros.sys]: FCU: EVENT 377561 with args -8-0-0-0-20-0-0-0-0-0-0-0-0-0-0-0-0-0-0-0-0-0-0-0-0-0-0-0-0-0-0-0-0-0-0-0-0-0-0-0-
[WARN] [1790608801.775076348] [uav5.mavros.sys]: FCU: EVENT 453929 with args -255-255-255-255-7-0-0-0-0-0-0-0-0-0-0-0-0-0-0-0-0-0-0-0-0-0-0-0-0-0-0-0-0-0-0-0-0-0-0-0-
[INFO] [1790608801.775112969] [uav5.mavros.sys]: FCU: EVENT 6801787 with args -255-255-255-255-12-0-0-0-0-0-0-0-0-0-0-0-0-0-0-0-0-0-0-0-0-0-0-0-0-0-0-0-0-0-0-0-0-0-0-0-
[WARN] [1790608801.779958494] [uav5.mavros.sys]: FCU: UNK(8): EVENT 1914663 with args -0-10-13-2-56-0-0-0-0-0-0-0-0-0-0-0-0-0-0-0-0-0-0-0-0-0-0-0-0-0-0-0-0-0-0-0-0-0-0-0-
[WARN] [1790608806.748125276] [uav5.mavros.cmd]: CMD: Unexpected command 176, result 0
[INFO] [1790608807.092850891] [uav5.mavros.sys]: FCU: EVENT 9489139 with args -4-0-0-0-0-0-0-0-0-0-0-0-0-0-0-0-0-0-0-0-0-0-0-0-0-0-0-0-0-0-0-0-0-0-0-0-0-0-0-0-
[INFO] [1790608809.192160116] [uav5.mavros.sys]: FCU: EVENT 4277609 with args -0-0-0-0-0-0-0-0-0-0-0-0-0-0-0-0-0-0-0-0-0-0-0-0-0-0-0-0-0-0-0-0-0-0-0-0-0-0-0-0-
[WARN] [1790609061.093198173] [uav5.mavros.cmd]: CMD: Unexpected command 176, result 0
[INFO] [1790609097.281849931] [uav5.mavros.sys]: FCU: EVENT 9844908 with args -0-0-0-0-0-0-0-0-0-0-0-0-0-0-0-0-0-0-0-0-0-0-0-0-0-0-0-0-0-0-0-0-0-0-0-0-0-0-0-0-
[INFO] [1790609099.418122931] [uav5.mavros.sys]: FCU: EVENT 16017271 with args -6-0-0-0-0-0-0-0-0-0-0-0-0-0-0-0-0-0-0-0-0-0-0-0-0-0-0-0-0-0-0-0-0-0-0-0-0-0-0-0-
[INFO] [1790609102.241036347] [rclcpp]: signal_handler(SIGINT/SIGTERM)
[WARN] [1790609102.242059718] [uav5.mavros]: UAS Executor terminated
