[INFO] [1790608130.717976878] [uav1.mavros_node]: Starting mavros_node container
[INFO] [1790608130.720464946] [uav1.mavros_node]: FCU URL: udp://:14540@127.0.0.1:14580
[INFO] [1790608130.720492126] [uav1.mavros_node]: GCS URL: 
[INFO] [1790608130.720497056] [uav1.mavros_node]: UAS Prefix: /uas1
[INFO] [1790608130.720501654] [uav1.mavros_node]: Starting mavros router node
[INFO] [1790608131.212277731] [uav1.mavros_router]: Built-in SIMD instructions: SSE, SSE2
[INFO] [1790608131.212319430] [uav1.mavros_router]: Built-in MAVLink package version: 2026.8.8
[INFO] [1790608131.212327754] [uav1.mavros_router]: Known MAVLink dialects: common ardupilotmega ASLUAV AVSSUAS all csAirLink cubepilot development icarous loweheiser marsh paparazzi standard stemstudios storm32 uAvionix ualberta
[INFO] [1790608131.212333637] [uav1.mavros_router]: MAVROS Router started
[INFO] [1790608131.213671211] [uav1.mavros_node]: Starting mavros uas node
[INFO] [1790608131.384445687] [uav1.mavros_router]: Requested to add endpoint: type: 0, url: udp://:14540@127.0.0.1:14580
[INFO] [1790608131.384494619] [uav1.mavros_router]: Endpoint link[1000] created
[INFO] [1790608131.384745420] [uav1.mavros_router]: link[1000] opened successfully
[INFO] [1790608131.384764219] [uav1.mavros_router]: Requested to add endpoint: type: 2, url: /uas1
[INFO] [1790608131.384777943] [uav1.mavros_router]: Endpoint link[1001] created
[INFO] [1790608131.390393431] [uav1.mavros_router]: link[1000] detected remote address 1.1
[INFO] [1790608131.403945415] [uav1.mavros]: Plugin actuator_control ignored
[INFO] [1790608131.403992481] [uav1.mavros]: Plugin altitude ignored
[INFO] [1790608131.404398825] [uav1.mavros]: UAS Executor started, threads: 4
[INFO] [1790608131.456964096] [uav1.mavros_router]: link[1001] opened successfully
[INFO] [1790608131.522680514] [uav1.mavros]: Plugin command created
[INFO] [1790608131.570794174] [uav1.mavros]: Plugin command initialized
[INFO] [1790608131.570811325] [uav1.mavros]: Plugin ftp ignored
[INFO] [1790608131.570816918] [uav1.mavros]: Plugin geofence ignored
[INFO] [1790608131.828255085] [uav1.mavros]: Plugin global_position created
[INFO] [1790608131.828313545] [uav1.mavros]: Plugin global_position initialized
[INFO] [1790608131.828323355] [uav1.mavros]: Plugin home_position ignored
[INFO] [1790608131.828329966] [uav1.mavros]: Plugin imu ignored
[INFO] [1790608132.149942264] [uav1.mavros]: Plugin local_position created
[INFO] [1790608132.149988344] [uav1.mavros]: Plugin local_position initialized
[INFO] [1790608132.149997439] [uav1.mavros]: Plugin manual_control ignored
[INFO] [1790608132.150007115] [uav1.mavros]: Plugin nav_controller_output ignored
[INFO] [1790608132.150013247] [uav1.mavros]: Plugin param ignored
[INFO] [1790608132.150018682] [uav1.mavros]: Plugin rallypoint ignored
[INFO] [1790608132.150024022] [uav1.mavros]: Plugin rc_io ignored
[INFO] [1790608132.150029407] [uav1.mavros]: Plugin setpoint_accel ignored
[INFO] [1790608132.150035026] [uav1.mavros]: Plugin setpoint_attitude ignored
[INFO] [1790608132.150040595] [uav1.mavros]: Plugin setpoint_position ignored
[INFO] [1790608132.150046014] [uav1.mavros]: Plugin setpoint_raw ignored
[INFO] [1790608132.150051513] [uav1.mavros]: Plugin setpoint_trajectory ignored
[INFO] [1790608132.405192912] [uav1.mavros]: Plugin setpoint_velocity created
[INFO] [1790608132.405245489] [uav1.mavros]: Plugin setpoint_velocity initialized
[INFO] [1790608132.599604227] [uav1.mavros]: Plugin sys_status created
[INFO] [1790608132.599684170] [uav1.mavros]: Plugin sys_status initialized
[INFO] [1790608132.753460950] [uav1.mavros.time]: TM: Timesync mode: MAVLINK
[INFO] [1790608132.765793447] [uav1.mavros]: Plugin sys_time created
[INFO] [1790608132.767003291] [uav1.mavros]: Plugin sys_time initialized
[INFO] [1790608132.767019736] [uav1.mavros]: Plugin waypoint ignored
[INFO] [1790608132.767025817] [uav1.mavros]: Plugin wind_estimation ignored
[INFO] [1790608132.807750969] [uav1.mavros]: Built-in SIMD instructions: SSE, SSE2
[INFO] [1790608132.807795693] [uav1.mavros]: Built-in MAVLink package version: 2026.8.8
[INFO] [1790608132.807828878] [uav1.mavros]: Known MAVLink dialects: common ardupilotmega ASLUAV AVSSUAS all csAirLink cubepilot development icarous loweheiser marsh paparazzi standard stemstudios storm32 uAvionix ualberta
[INFO] [1790608132.807835212] [uav1.mavros]: MAVROS UAS via /uas1 started. MY ID 1.191, TARGET ID 1.1
[INFO] [1790608132.866743820] [uav1.mavros_router]: link[1001] detected remote address 1.191
[INFO] [1790608133.296172213] [uav1.mavros]: CON: Got HEARTBEAT, connected. FCU: PX4 Autopilot
[INFO] [1790608134.327083902] [uav1.mavros.sys]: VER: 1.1: Capabilities         0x000000000000e8ff
[INFO] [1790608134.331337974] [uav1.mavros.sys]: VER: 1.1: Flight software:     011200c0 (fca3df865a000000)
[INFO] [1790608134.331371702] [uav1.mavros.sys]: VER: 1.1: Middleware software: 011200c0 (fca3df865a000000)
[INFO] [1790608134.331378139] [uav1.mavros.sys]: VER: 1.1: OS software:         070000ff (17040b9f87cb1791)
[INFO] [1790608134.331383123] [uav1.mavros.sys]: VER: 1.1: Board hardware:      00000001
[INFO] [1790608134.331388779] [uav1.mavros.sys]: VER: 1.1: VID/PID:             0000:0000
[INFO] [1790608134.331393861] [uav1.mavros.sys]: VER: 1.1: UID:                 4954414c44494e4f
[WARN] [1790608134.336396730] [uav1.mavros.cmd]: CMD: Unexpected command 512, result 0
[WARN] [1790608144.484406688] [uav1.mavros.sys]: FCU: UNK(8): EVENT 11047904 with args -0-0-0-0-0-128-0-0-0-176-122-127-128-176-122-127-128-0-0-0-0-0-0-0-0-0-0-0-0-0-0-0-0-0-0-0-0-0-0-0-
[INFO] [1790608144.490030036] [uav1.mavros.sys]: FCU: EVENT 377561 with args -8-0-0-0-20-0-0-0-0-0-0-0-0-0-0-0-0-0-0-0-0-0-0-0-0-0-0-0-0-0-0-0-0-0-0-0-0-0-0-0-
[WARN] [1790608144.492438631] [uav1.mavros.sys]: FCU: EVENT 453929 with args -255-255-255-255-7-0-0-0-0-0-0-0-0-0-0-0-0-0-0-0-0-0-0-0-0-0-0-0-0-0-0-0-0-0-0-0-0-0-0-0-
[INFO] [1790608144.492504689] [uav1.mavros.sys]: FCU: EVENT 6801787 with args -255-255-255-255-12-0-0-0-0-0-0-0-0-0-0-0-0-0-0-0-0-0-0-0-0-0-0-0-0-0-0-0-0-0-0-0-0-0-0-0-
[WARN] [1790608144.492546667] [uav1.mavros.sys]: FCU: UNK(8): EVENT 1914663 with args -0-10-13-2-56-0-0-0-0-0-0-0-0-0-0-0-0-0-0-0-0-0-0-0-0-0-0-0-0-0-0-0-0-0-0-0-0-0-0-0-
[WARN] [1790608148.652031380] [uav1.mavros.cmd]: CMD: Unexpected command 176, result 0
[INFO] [1790608148.862321309] [uav1.mavros.sys]: FCU: EVENT 9489139 with args -4-0-0-0-0-0-0-0-0-0-0-0-0-0-0-0-0-0-0-0-0-0-0-0-0-0-0-0-0-0-0-0-0-0-0-0-0-0-0-0-
[INFO] [1790608150.859660518] [uav1.mavros.sys]: FCU: EVENT 4277609 with args -0-0-0-0-0-0-0-0-0-0-0-0-0-0-0-0-0-0-0-0-0-0-0-0-0-0-0-0-0-0-0-0-0-0-0-0-0-0-0-0-
