[INFO] [1790608131.162810989] [uav6.mavros_node]: Starting mavros_node container
[INFO] [1790608131.164817809] [uav6.mavros_node]: FCU URL: udp://:14545@127.0.0.1:14585
[INFO] [1790608131.165880427] [uav6.mavros_node]: GCS URL: 
[INFO] [1790608131.165894938] [uav6.mavros_node]: UAS Prefix: /uas6
[INFO] [1790608131.165900247] [uav6.mavros_node]: Starting mavros router node
[INFO] [1790608131.269522096] [uav6.mavros_router]: Built-in SIMD instructions: SSE, SSE2
[INFO] [1790608131.313884135] [uav6.mavros_router]: Built-in MAVLink package version: 2026.8.8
[INFO] [1790608131.313898313] [uav6.mavros_router]: Known MAVLink dialects: common ardupilotmega ASLUAV AVSSUAS all csAirLink cubepilot development icarous loweheiser marsh paparazzi standard stemstudios storm32 uAvionix ualberta
[INFO] [1790608131.313905184] [uav6.mavros_router]: MAVROS Router started
[INFO] [1790608131.314090489] [uav6.mavros_node]: Starting mavros uas node
[INFO] [1790608131.532581155] [uav6.mavros_router]: Requested to add endpoint: type: 0, url: udp://:14545@127.0.0.1:14585
[INFO] [1790608131.571031098] [uav6.mavros_router]: Endpoint link[1000] created
[INFO] [1790608131.571346628] [uav6.mavros_router]: link[1000] opened successfully
[INFO] [1790608131.571373673] [uav6.mavros_router]: Requested to add endpoint: type: 2, url: /uas6
[INFO] [1790608131.571388768] [uav6.mavros_router]: Endpoint link[1001] created
[INFO] [1790608131.548557809] [uav6.mavros]: Plugin actuator_control ignored
[INFO] [1790608131.572806927] [uav6.mavros]: Plugin altitude ignored
[INFO] [1790608131.548579364] [uav6.mavros]: UAS Executor started, threads: 4
[INFO] [1790608131.578927517] [uav6.mavros_router]: link[1000] detected remote address 6.1
[INFO] [1790608131.629577237] [uav6.mavros_router]: link[1001] opened successfully
[INFO] [1790608131.794501192] [uav6.mavros]: Plugin command created
[INFO] [1790608131.794550894] [uav6.mavros]: Plugin command initialized
[INFO] [1790608131.794560454] [uav6.mavros]: Plugin ftp ignored
[INFO] [1790608131.794566226] [uav6.mavros]: Plugin geofence ignored
[INFO] [1790608132.106158654] [uav6.mavros]: Plugin global_position created
[INFO] [1790608132.106225888] [uav6.mavros]: Plugin global_position initialized
[INFO] [1790608132.106236527] [uav6.mavros]: Plugin home_position ignored
[INFO] [1790608132.106242503] [uav6.mavros]: Plugin imu ignored
[INFO] [1790608132.361842613] [uav6.mavros]: Plugin local_position created
[INFO] [1790608132.361904383] [uav6.mavros]: Plugin local_position initialized
[INFO] [1790608132.361914792] [uav6.mavros]: Plugin manual_control ignored
[INFO] [1790608132.361920080] [uav6.mavros]: Plugin nav_controller_output ignored
[INFO] [1790608132.361925460] [uav6.mavros]: Plugin param ignored
[INFO] [1790608132.361930633] [uav6.mavros]: Plugin rallypoint ignored
[INFO] [1790608132.361935603] [uav6.mavros]: Plugin rc_io ignored
[INFO] [1790608132.361940510] [uav6.mavros]: Plugin setpoint_accel ignored
[INFO] [1790608132.361945229] [uav6.mavros]: Plugin setpoint_attitude ignored
[INFO] [1790608132.361950029] [uav6.mavros]: Plugin setpoint_position ignored
[INFO] [1790608132.361955332] [uav6.mavros]: Plugin setpoint_raw ignored
[INFO] [1790608132.367997941] [uav6.mavros]: Plugin setpoint_trajectory ignored
[INFO] [1790608132.568824214] [uav6.mavros]: Plugin setpoint_velocity created
[INFO] [1790608132.579839737] [uav6.mavros]: Plugin setpoint_velocity initialized
[INFO] [1790608132.829696965] [uav6.mavros]: Plugin sys_status created
[INFO] [1790608132.829779714] [uav6.mavros]: Plugin sys_status initialized
[INFO] [1790608132.999336152] [uav6.mavros.time]: TM: Timesync mode: MAVLINK
[INFO] [1790608133.028669625] [uav6.mavros]: Plugin sys_time created
[INFO] [1790608133.032962370] [uav6.mavros]: Plugin sys_time initialized
[INFO] [1790608133.032979810] [uav6.mavros]: Plugin waypoint ignored
[INFO] [1790608133.032985484] [uav6.mavros]: Plugin wind_estimation ignored
[INFO] [1790608133.063390822] [uav6.mavros]: Built-in SIMD instructions: SSE, SSE2
[INFO] [1790608133.063436661] [uav6.mavros]: Built-in MAVLink package version: 2026.8.8
[INFO] [1790608133.063469187] [uav6.mavros]: Known MAVLink dialects: common ardupilotmega ASLUAV AVSSUAS all csAirLink cubepilot development icarous loweheiser marsh paparazzi standard stemstudios storm32 uAvionix ualberta
[INFO] [1790608133.063476510] [uav6.mavros]: MAVROS UAS via /uas6 started. MY ID 6.191, TARGET ID 6.1
[INFO] [1790608133.069240993] [uav6.mavros_router]: link[1001] detected remote address 6.191
[INFO] [1790608133.173280723] [uav6.mavros]: CON: Got HEARTBEAT, connected. FCU: PX4 Autopilot
[INFO] [1790608134.203043606] [uav6.mavros.sys]: VER: 6.1: Capabilities         0x000000000000e8ff
[INFO] [1790608134.203100742] [uav6.mavros.sys]: VER: 6.1: Flight software:     011200c0 (fca3df865a000000)
[INFO] [1790608134.203109197] [uav6.mavros.sys]: VER: 6.1: Middleware software: 011200c0 (fca3df865a000000)
[INFO] [1790608134.203113827] [uav6.mavros.sys]: VER: 6.1: OS software:         070000ff (17040b9f87cb1791)
[INFO] [1790608134.203118343] [uav6.mavros.sys]: VER: 6.1: Board hardware:      00000001
[INFO] [1790608134.203123315] [uav6.mavros.sys]: VER: 6.1: VID/PID:             0000:0000
[INFO] [1790608134.203127858] [uav6.mavros.sys]: VER: 6.1: UID:                 4954414c44494e54
[WARN] [1790608134.203864449] [uav6.mavros.cmd]: CMD: Unexpected command 512, result 0
[WARN] [1790608145.083218304] [uav6.mavros.sys]: FCU: UNK(8): EVENT 11047904 with args -0-0-0-0-0-128-0-0-0-176-122-127-128-176-122-127-128-0-0-0-0-0-0-0-0-0-0-0-0-0-0-0-0-0-0-0-0-0-0-0-
[INFO] [1790608145.083319398] [uav6.mavros.sys]: FCU: EVENT 377561 with args -8-0-0-0-20-0-0-0-0-0-0-0-0-0-0-0-0-0-0-0-0-0-0-0-0-0-0-0-0-0-0-0-0-0-0-0-0-0-0-0-
[WARN] [1790608145.083802855] [uav6.mavros.sys]: FCU: EVENT 453929 with args -255-255-255-255-7-0-0-0-0-0-0-0-0-0-0-0-0-0-0-0-0-0-0-0-0-0-0-0-0-0-0-0-0-0-0-0-0-0-0-0-
[INFO] [1790608145.083846183] [uav6.mavros.sys]: FCU: EVENT 6801787 with args -255-255-255-255-12-0-0-0-0-0-0-0-0-0-0-0-0-0-0-0-0-0-0-0-0-0-0-0-0-0-0-0-0-0-0-0-0-0-0-0-
[WARN] [1790608145.083882889] [uav6.mavros.sys]: FCU: UNK(8): EVENT 1914663 with args -0-10-13-2-56-0-0-0-0-0-0-0-0-0-0-0-0-0-0-0-0-0-0-0-0-0-0-0-0-0-0-0-0-0-0-0-0-0-0-0-
[WARN] [1790608148.873970044] [uav6.mavros.cmd]: CMD: Unexpected command 176, result 0
[INFO] [1790608149.818157510] [uav6.mavros.sys]: FCU: EVENT 9489139 with args -4-0-0-0-0-0-0-0-0-0-0-0-0-0-0-0-0-0-0-0-0-0-0-0-0-0-0-0-0-0-0-0-0-0-0-0-0-0-0-0-
[INFO] [1790608151.759268550] [uav6.mavros.sys]: FCU: EVENT 4277609 with args -0-0-0-0-0-0-0-0-0-0-0-0-0-0-0-0-0-0-0-0-0-0-0-0-0-0-0-0-0-0-0-0-0-0-0-0-0-0-0-0-
[WARN] [1790608403.814718477] [uav6.mavros.cmd]: CMD: Unexpected command 176, result 0
[INFO] [1790608436.250831242] [uav6.mavros.sys]: FCU: EVENT 9844908 with args -0-0-0-0-0-0-0-0-0-0-0-0-0-0-0-0-0-0-0-0-0-0-0-0-0-0-0-0-0-0-0-0-0-0-0-0-0-0-0-0-
[INFO] [1790608438.347152051] [uav6.mavros.sys]: FCU: EVENT 16017271 with args -6-0-0-0-0-0-0-0-0-0-0-0-0-0-0-0-0-0-0-0-0-0-0-0-0-0-0-0-0-0-0-0-0-0-0-0-0-0-0-0-
[WARN] [1790608441.777704148] [uav6.mavros.sys]: FCU: UNK(8): EVENT 11047904 with args -0-0-0-0-0-128-0-0-0-176-122-127-128-176-122-127-128-0-0-0-0-0-0-0-0-0-0-0-0-0-0-0-0-0-0-0-0-0-0-0-
[INFO] [1790608441.777819094] [uav6.mavros.sys]: FCU: EVENT 377561 with args -8-0-0-0-20-0-0-0-0-0-0-0-0-0-0-0-0-0-0-0-0-0-0-0-0-0-0-0-0-0-0-0-0-0-0-0-0-0-0-0-
[WARN] [1790608441.777862916] [uav6.mavros.sys]: FCU: EVENT 453929 with args -255-255-255-255-7-0-0-0-0-0-0-0-0-0-0-0-0-0-0-0-0-0-0-0-0-0-0-0-0-0-0-0-0-0-0-0-0-0-0-0-
[INFO] [1790608441.777901470] [uav6.mavros.sys]: FCU: EVENT 6801787 with args -255-255-255-255-12-0-0-0-0-0-0-0-0-0-0-0-0-0-0-0-0-0-0-0-0-0-0-0-0-0-0-0-0-0-0-0-0-0-0-0-
[WARN] [1790608441.777941238] [uav6.mavros.sys]: FCU: UNK(8): EVENT 1914663 with args -0-10-9-2-56-0-0-0-0-0-0-0-0-0-0-0-0-0-0-0-0-0-0-0-0-0-0-0-0-0-0-0-0-0-0-0-0-0-0-0-
[INFO] [1790608445.085872656] [rclcpp]: signal_handler(SIGINT/SIGTERM)
[WARN] [1790608445.088235124] [uav6.mavros]: UAS Executor terminated
