[INFO] [1790608131.105551644] [uav8.mavros_node]: Starting mavros_node container
[INFO] [1790608131.119630285] [uav8.mavros_node]: FCU URL: udp://:14547@127.0.0.1:14587
[INFO] [1790608131.119658771] [uav8.mavros_node]: GCS URL: 
[INFO] [1790608131.119668413] [uav8.mavros_node]: UAS Prefix: /uas8
[INFO] [1790608131.119677706] [uav8.mavros_node]: Starting mavros router node
[INFO] [1790608131.206704139] [uav8.mavros_router]: Built-in SIMD instructions: SSE, SSE2
[INFO] [1790608131.206749960] [uav8.mavros_router]: Built-in MAVLink package version: 2026.8.8
[INFO] [1790608131.206759426] [uav8.mavros_router]: Known MAVLink dialects: common ardupilotmega ASLUAV AVSSUAS all csAirLink cubepilot development icarous loweheiser marsh paparazzi standard stemstudios storm32 uAvionix ualberta
[INFO] [1790608131.206765847] [uav8.mavros_router]: MAVROS Router started
[INFO] [1790608131.208103626] [uav8.mavros_node]: Starting mavros uas node
[INFO] [1790608131.318246981] [uav8.mavros_router]: Requested to add endpoint: type: 0, url: udp://:14547@127.0.0.1:14587
[INFO] [1790608131.318285576] [uav8.mavros_router]: Endpoint link[1000] created
[INFO] [1790608131.325403516] [uav8.mavros_router]: link[1000] opened successfully
[INFO] [1790608131.325448728] [uav8.mavros_router]: Requested to add endpoint: type: 2, url: /uas8
[INFO] [1790608131.325468761] [uav8.mavros_router]: Endpoint link[1001] created
[INFO] [1790608131.326518235] [uav8.mavros_router]: link[1000] detected remote address 8.1
[INFO] [1790608131.329272629] [uav8.mavros]: UAS Executor started, threads: 4
[INFO] [1790608131.329277442] [uav8.mavros]: Plugin actuator_control ignored
[INFO] [1790608131.329359073] [uav8.mavros]: Plugin altitude ignored
[INFO] [1790608131.360269130] [uav8.mavros_router]: link[1001] opened successfully
[INFO] [1790608131.452948199] [uav8.mavros]: Plugin command created
[INFO] [1790608131.453013486] [uav8.mavros]: Plugin command initialized
[INFO] [1790608131.453022930] [uav8.mavros]: Plugin ftp ignored
[INFO] [1790608131.453028720] [uav8.mavros]: Plugin geofence ignored
[INFO] [1790608131.642349040] [uav8.mavros]: Plugin global_position created
[INFO] [1790608131.643550372] [uav8.mavros]: Plugin global_position initialized
[INFO] [1790608131.643591190] [uav8.mavros]: Plugin home_position ignored
[INFO] [1790608131.643597073] [uav8.mavros]: Plugin imu ignored
[INFO] [1790608131.842274033] [uav8.mavros]: Plugin local_position created
[INFO] [1790608131.842337027] [uav8.mavros]: Plugin local_position initialized
[INFO] [1790608131.842346679] [uav8.mavros]: Plugin manual_control ignored
[INFO] [1790608131.842352478] [uav8.mavros]: Plugin nav_controller_output ignored
[INFO] [1790608131.842357552] [uav8.mavros]: Plugin param ignored
[INFO] [1790608131.842362109] [uav8.mavros]: Plugin rallypoint ignored
[INFO] [1790608131.842367275] [uav8.mavros]: Plugin rc_io ignored
[INFO] [1790608131.842372837] [uav8.mavros]: Plugin setpoint_accel ignored
[INFO] [1790608131.842377894] [uav8.mavros]: Plugin setpoint_attitude ignored
[INFO] [1790608131.842383034] [uav8.mavros]: Plugin setpoint_position ignored
[INFO] [1790608131.842387989] [uav8.mavros]: Plugin setpoint_raw ignored
[INFO] [1790608131.842392807] [uav8.mavros]: Plugin setpoint_trajectory ignored
[INFO] [1790608132.148721367] [uav8.mavros]: Plugin setpoint_velocity created
[INFO] [1790608132.148780100] [uav8.mavros]: Plugin setpoint_velocity initialized
[INFO] [1790608132.501160864] [uav8.mavros]: Plugin sys_status created
[INFO] [1790608132.501240941] [uav8.mavros]: Plugin sys_status initialized
[INFO] [1790608132.635265268] [uav8.mavros.time]: TM: Timesync mode: MAVLINK
[INFO] [1790608132.650711933] [uav8.mavros]: Plugin sys_time created
[INFO] [1790608132.650774770] [uav8.mavros]: Plugin sys_time initialized
[INFO] [1790608132.650786304] [uav8.mavros]: Plugin waypoint ignored
[INFO] [1790608132.650792639] [uav8.mavros]: Plugin wind_estimation ignored
[INFO] [1790608132.681275870] [uav8.mavros]: Built-in SIMD instructions: SSE, SSE2
[INFO] [1790608132.681325449] [uav8.mavros]: Built-in MAVLink package version: 2026.8.8
[INFO] [1790608132.681364248] [uav8.mavros]: Known MAVLink dialects: common ardupilotmega ASLUAV AVSSUAS all csAirLink cubepilot development icarous loweheiser marsh paparazzi standard stemstudios storm32 uAvionix ualberta
[INFO] [1790608132.681376656] [uav8.mavros]: MAVROS UAS via /uas8 started. MY ID 8.191, TARGET ID 8.1
[INFO] [1790608132.714274359] [uav8.mavros_router]: link[1001] detected remote address 8.191
[INFO] [1790608133.262190074] [uav8.mavros]: CON: Got HEARTBEAT, connected. FCU: PX4 Autopilot
[INFO] [1790608134.316127446] [uav8.mavros.sys]: VER: 8.1: Capabilities         0x000000000000e8ff
[INFO] [1790608134.316174603] [uav8.mavros.sys]: VER: 8.1: Flight software:     011200c0 (fca3df865a000000)
[INFO] [1790608134.316182072] [uav8.mavros.sys]: VER: 8.1: Middleware software: 011200c0 (fca3df865a000000)
[INFO] [1790608134.316187096] [uav8.mavros.sys]: VER: 8.1: OS software:         070000ff (17040b9f87cb1791)
[INFO] [1790608134.316191565] [uav8.mavros.sys]: VER: 8.1: Board hardware:      00000001
[INFO] [1790608134.316196246] [uav8.mavros.sys]: VER: 8.1: VID/PID:             0000:0000
[INFO] [1790608134.316201155] [uav8.mavros.sys]: VER: 8.1: UID:                 4954414c44494e56
[WARN] [1790608134.320719981] [uav8.mavros.cmd]: CMD: Unexpected command 512, result 0
[WARN] [1790608145.601912898] [uav8.mavros.sys]: FCU: UNK(8): EVENT 11047904 with args -0-0-0-0-0-128-0-0-0-176-122-127-128-176-122-127-128-0-0-0-0-0-0-0-0-0-0-0-0-0-0-0-0-0-0-0-0-0-0-0-
[INFO] [1790608145.602837254] [uav8.mavros.sys]: FCU: EVENT 377561 with args -8-0-0-0-20-0-0-0-0-0-0-0-0-0-0-0-0-0-0-0-0-0-0-0-0-0-0-0-0-0-0-0-0-0-0-0-0-0-0-0-
[WARN] [1790608145.602896068] [uav8.mavros.sys]: FCU: EVENT 453929 with args -255-255-255-255-7-0-0-0-0-0-0-0-0-0-0-0-0-0-0-0-0-0-0-0-0-0-0-0-0-0-0-0-0-0-0-0-0-0-0-0-
[INFO] [1790608145.602930860] [uav8.mavros.sys]: FCU: EVENT 6801787 with args -255-255-255-255-12-0-0-0-0-0-0-0-0-0-0-0-0-0-0-0-0-0-0-0-0-0-0-0-0-0-0-0-0-0-0-0-0-0-0-0-
[WARN] [1790608145.602963219] [uav8.mavros.sys]: FCU: UNK(8): EVENT 1914663 with args -0-10-13-2-56-0-0-0-0-0-0-0-0-0-0-0-0-0-0-0-0-0-0-0-0-0-0-0-0-0-0-0-0-0-0-0-0-0-0-0-
[WARN] [1790608148.866829712] [uav8.mavros.cmd]: CMD: Unexpected command 176, result 0
[INFO] [1790608149.923137168] [uav8.mavros.sys]: FCU: EVENT 9489139 with args -4-0-0-0-0-0-0-0-0-0-0-0-0-0-0-0-0-0-0-0-0-0-0-0-0-0-0-0-0-0-0-0-0-0-0-0-0-0-0-0-
[INFO] [1790608151.767848327] [uav8.mavros.sys]: FCU: EVENT 4277609 with args -0-0-0-0-0-0-0-0-0-0-0-0-0-0-0-0-0-0-0-0-0-0-0-0-0-0-0-0-0-0-0-0-0-0-0-0-0-0-0-0-
[WARN] [1790608404.267038234] [uav8.mavros.cmd]: CMD: Unexpected command 176, result 0
[INFO] [1790608435.000471398] [uav8.mavros.sys]: FCU: EVENT 9844908 with args -0-0-0-0-0-0-0-0-0-0-0-0-0-0-0-0-0-0-0-0-0-0-0-0-0-0-0-0-0-0-0-0-0-0-0-0-0-0-0-0-
[INFO] [1790608437.121625012] [uav8.mavros.sys]: FCU: EVENT 16017271 with args -6-0-0-0-0-0-0-0-0-0-0-0-0-0-0-0-0-0-0-0-0-0-0-0-0-0-0-0-0-0-0-0-0-0-0-0-0-0-0-0-
[WARN] [1790608440.899875150] [uav8.mavros.sys]: FCU: UNK(8): EVENT 11047904 with args -0-0-0-0-0-128-0-0-0-176-122-127-128-176-122-127-128-0-0-0-0-0-0-0-0-0-0-0-0-0-0-0-0-0-0-0-0-0-0-0-
[INFO] [1790608440.899933921] [uav8.mavros.sys]: FCU: EVENT 377561 with args -8-0-0-0-20-0-0-0-0-0-0-0-0-0-0-0-0-0-0-0-0-0-0-0-0-0-0-0-0-0-0-0-0-0-0-0-0-0-0-0-
[WARN] [1790608440.900015615] [uav8.mavros.sys]: FCU: EVENT 453929 with args -255-255-255-255-7-0-0-0-0-0-0-0-0-0-0-0-0-0-0-0-0-0-0-0-0-0-0-0-0-0-0-0-0-0-0-0-0-0-0-0-
[INFO] [1790608440.900033844] [uav8.mavros.sys]: FCU: EVENT 6801787 with args -255-255-255-255-12-0-0-0-0-0-0-0-0-0-0-0-0-0-0-0-0-0-0-0-0-0-0-0-0-0-0-0-0-0-0-0-0-0-0-0-
[WARN] [1790608440.900091988] [uav8.mavros.sys]: FCU: UNK(8): EVENT 1914663 with args -0-10-9-2-56-0-0-0-0-0-0-0-0-0-0-0-0-0-0-0-0-0-0-0-0-0-0-0-0-0-0-0-0-0-0-0-0-0-0-0-
[INFO] [1790608445.086282791] [rclcpp]: signal_handler(SIGINT/SIGTERM)
[WARN] [1790608445.088590154] [uav8.mavros]: UAS Executor terminated
