[INFO] [1790608131.154403196] [uav4.mavros_node]: Starting mavros_node container
[INFO] [1790608131.154513363] [uav4.mavros_node]: FCU URL: udp://:14543@127.0.0.1:14583
[INFO] [1790608131.154520419] [uav4.mavros_node]: GCS URL: 
[INFO] [1790608131.154525330] [uav4.mavros_node]: UAS Prefix: /uas4
[INFO] [1790608131.154529824] [uav4.mavros_node]: Starting mavros router node
[INFO] [1790608131.228705367] [uav4.mavros_router]: Built-in SIMD instructions: SSE, SSE2
[INFO] [1790608131.319580612] [uav4.mavros_router]: Built-in MAVLink package version: 2026.8.8
[INFO] [1790608131.319608713] [uav4.mavros_router]: Known MAVLink dialects: common ardupilotmega ASLUAV AVSSUAS all csAirLink cubepilot development icarous loweheiser marsh paparazzi standard stemstudios storm32 uAvionix ualberta
[INFO] [1790608131.319632932] [uav4.mavros_router]: MAVROS Router started
[INFO] [1790608131.319805703] [uav4.mavros_node]: Starting mavros uas node
[INFO] [1790608131.505896724] [uav4.mavros_router]: Requested to add endpoint: type: 0, url: udp://:14543@127.0.0.1:14583
[INFO] [1790608131.574136053] [uav4.mavros_router]: Endpoint link[1000] created
[INFO] [1790608131.574401550] [uav4.mavros_router]: link[1000] opened successfully
[INFO] [1790608131.574419431] [uav4.mavros_router]: Requested to add endpoint: type: 2, url: /uas4
[INFO] [1790608131.574433409] [uav4.mavros_router]: Endpoint link[1001] created
[INFO] [1790608131.514782287] [uav4.mavros]: Plugin actuator_control ignored
[INFO] [1790608131.575805520] [uav4.mavros]: Plugin altitude ignored
[INFO] [1790608131.576111052] [uav4.mavros_router]: link[1000] detected remote address 4.1
[INFO] [1790608131.514800532] [uav4.mavros]: UAS Executor started, threads: 4
[INFO] [1790608131.749460555] [uav4.mavros_router]: link[1001] opened successfully
[INFO] [1790608132.014069133] [uav4.mavros]: Plugin command created
[INFO] [1790608132.030356958] [uav4.mavros]: Plugin command initialized
[INFO] [1790608132.042004315] [uav4.mavros]: Plugin ftp ignored
[INFO] [1790608132.046556164] [uav4.mavros]: Plugin geofence ignored
[INFO] [1790608132.398380746] [uav4.mavros]: Plugin global_position created
[INFO] [1790608132.398435362] [uav4.mavros]: Plugin global_position initialized
[INFO] [1790608132.398444684] [uav4.mavros]: Plugin home_position ignored
[INFO] [1790608132.398450121] [uav4.mavros]: Plugin imu ignored
[INFO] [1790608132.657151047] [uav4.mavros]: Plugin local_position created
[INFO] [1790608132.657213477] [uav4.mavros]: Plugin local_position initialized
[INFO] [1790608132.657223941] [uav4.mavros]: Plugin manual_control ignored
[INFO] [1790608132.657238110] [uav4.mavros]: Plugin nav_controller_output ignored
[INFO] [1790608132.657244171] [uav4.mavros]: Plugin param ignored
[INFO] [1790608132.657249833] [uav4.mavros]: Plugin rallypoint ignored
[INFO] [1790608132.657255019] [uav4.mavros]: Plugin rc_io ignored
[INFO] [1790608132.657259977] [uav4.mavros]: Plugin setpoint_accel ignored
[INFO] [1790608132.657265453] [uav4.mavros]: Plugin setpoint_attitude ignored
[INFO] [1790608132.657270433] [uav4.mavros]: Plugin setpoint_position ignored
[INFO] [1790608132.657275943] [uav4.mavros]: Plugin setpoint_raw ignored
[INFO] [1790608132.657281452] [uav4.mavros]: Plugin setpoint_trajectory ignored
[INFO] [1790608132.820004017] [uav4.mavros]: Plugin setpoint_velocity created
[INFO] [1790608132.820065160] [uav4.mavros]: Plugin setpoint_velocity initialized
[INFO] [1790608133.144361478] [uav4.mavros]: Plugin sys_status created
[INFO] [1790608133.144433326] [uav4.mavros]: Plugin sys_status initialized
[INFO] [1790608133.278621049] [uav4.mavros.time]: TM: Timesync mode: MAVLINK
[INFO] [1790608133.299843033] [uav4.mavros]: Plugin sys_time created
[INFO] [1790608133.302490568] [uav4.mavros]: Plugin sys_time initialized
[INFO] [1790608133.302538944] [uav4.mavros]: Plugin waypoint ignored
[INFO] [1790608133.302553909] [uav4.mavros]: Plugin wind_estimation ignored
[INFO] [1790608133.316722191] [uav4.mavros]: Built-in SIMD instructions: SSE, SSE2
[INFO] [1790608133.316760942] [uav4.mavros]: Built-in MAVLink package version: 2026.8.8
[INFO] [1790608133.316793349] [uav4.mavros]: Known MAVLink dialects: common ardupilotmega ASLUAV AVSSUAS all csAirLink cubepilot development icarous loweheiser marsh paparazzi standard stemstudios storm32 uAvionix ualberta
[INFO] [1790608133.316800023] [uav4.mavros]: MAVROS UAS via /uas4 started. MY ID 4.191, TARGET ID 4.1
[INFO] [1790608133.394247265] [uav4.mavros_router]: link[1001] detected remote address 4.191
[INFO] [1790608134.175209290] [uav4.mavros.sys]: VER: 4.1: Capabilities         0x000000000000e8ff
[INFO] [1790608134.175258250] [uav4.mavros.sys]: VER: 4.1: Flight software:     011200c0 (fca3df865a000000)
[INFO] [1790608134.175266175] [uav4.mavros.sys]: VER: 4.1: Middleware software: 011200c0 (fca3df865a000000)
[INFO] [1790608134.175271408] [uav4.mavros.sys]: VER: 4.1: OS software:         070000ff (17040b9f87cb1791)
[INFO] [1790608134.175276175] [uav4.mavros.sys]: VER: 4.1: Board hardware:      00000001
[INFO] [1790608134.175280777] [uav4.mavros.sys]: VER: 4.1: VID/PID:             0000:0000
[INFO] [1790608134.175286042] [uav4.mavros.sys]: VER: 4.1: UID:                 4954414c44494e52
[WARN] [1790608134.175959136] [uav4.mavros.cmd]: CMD: Unexpected command 512, result 0
[INFO] [1790608134.265103284] [uav4.mavros]: CON: Got HEARTBEAT, connected. FCU: PX4 Autopilot
[INFO] [1790608135.295414747] [uav4.mavros.sys]: VER: 4.1: Capabilities         0x000000000000e8ff
[INFO] [1790608135.295461399] [uav4.mavros.sys]: VER: 4.1: Flight software:     011200c0 (fca3df865a000000)
[INFO] [1790608135.295469416] [uav4.mavros.sys]: VER: 4.1: Middleware software: 011200c0 (fca3df865a000000)
[INFO] [1790608135.295474396] [uav4.mavros.sys]: VER: 4.1: OS software:         070000ff (17040b9f87cb1791)
[INFO] [1790608135.295479252] [uav4.mavros.sys]: VER: 4.1: Board hardware:      00000001
[INFO] [1790608135.295483892] [uav4.mavros.sys]: VER: 4.1: VID/PID:             0000:0000
[INFO] [1790608135.295488965] [uav4.mavros.sys]: VER: 4.1: UID:                 4954414c44494e52
[WARN] [1790608146.245896884] [uav4.mavros.sys]: FCU: UNK(8): EVENT 11047904 with args -0-0-0-0-0-128-0-0-0-176-122-127-128-176-122-127-128-0-0-0-0-0-0-0-0-0-0-0-0-0-0-0-0-0-0-0-0-0-0-0-
[INFO] [1790608146.246020423] [uav4.mavros.sys]: FCU: EVENT 377561 with args -8-0-0-0-20-0-0-0-0-0-0-0-0-0-0-0-0-0-0-0-0-0-0-0-0-0-0-0-0-0-0-0-0-0-0-0-0-0-0-0-
[WARN] [1790608146.246063107] [uav4.mavros.sys]: FCU: EVENT 453929 with args -255-255-255-255-7-0-0-0-0-0-0-0-0-0-0-0-0-0-0-0-0-0-0-0-0-0-0-0-0-0-0-0-0-0-0-0-0-0-0-0-
[INFO] [1790608146.246095884] [uav4.mavros.sys]: FCU: EVENT 6801787 with args -255-255-255-255-12-0-0-0-0-0-0-0-0-0-0-0-0-0-0-0-0-0-0-0-0-0-0-0-0-0-0-0-0-0-0-0-0-0-0-0-
[WARN] [1790608146.246127736] [uav4.mavros.sys]: FCU: UNK(8): EVENT 1914663 with args -0-10-13-2-56-0-0-0-0-0-0-0-0-0-0-0-0-0-0-0-0-0-0-0-0-0-0-0-0-0-0-0-0-0-0-0-0-0-0-0-
[WARN] [1790608148.853118863] [uav4.mavros.cmd]: CMD: Unexpected command 176, result 0
[INFO] [1790608149.894898054] [uav4.mavros.sys]: FCU: EVENT 9489139 with args -4-0-0-0-0-0-0-0-0-0-0-0-0-0-0-0-0-0-0-0-0-0-0-0-0-0-0-0-0-0-0-0-0-0-0-0-0-0-0-0-
[INFO] [1790608151.887966982] [uav4.mavros.sys]: FCU: EVENT 4277609 with args -0-0-0-0-0-0-0-0-0-0-0-0-0-0-0-0-0-0-0-0-0-0-0-0-0-0-0-0-0-0-0-0-0-0-0-0-0-0-0-0-
[WARN] [1790608403.834750565] [uav4.mavros.cmd]: CMD: Unexpected command 176, result 0
[INFO] [1790608439.117827755] [uav4.mavros.sys]: FCU: EVENT 9844908 with args -0-0-0-0-0-0-0-0-0-0-0-0-0-0-0-0-0-0-0-0-0-0-0-0-0-0-0-0-0-0-0-0-0-0-0-0-0-0-0-0-
[INFO] [1790608441.206198254] [uav4.mavros.sys]: FCU: EVENT 16017271 with args -6-0-0-0-0-0-0-0-0-0-0-0-0-0-0-0-0-0-0-0-0-0-0-0-0-0-0-0-0-0-0-0-0-0-0-0-0-0-0-0-
[WARN] [1790608444.941251632] [uav4.mavros.sys]: FCU: UNK(8): EVENT 11047904 with args -0-0-0-0-0-128-0-0-0-176-122-127-128-176-122-127-128-0-0-0-0-0-0-0-0-0-0-0-0-0-0-0-0-0-0-0-0-0-0-0-
[INFO] [1790608444.941370522] [uav4.mavros.sys]: FCU: EVENT 377561 with args -8-0-0-0-20-0-0-0-0-0-0-0-0-0-0-0-0-0-0-0-0-0-0-0-0-0-0-0-0-0-0-0-0-0-0-0-0-0-0-0-
[WARN] [1790608444.941441216] [uav4.mavros.sys]: FCU: EVENT 453929 with args -255-255-255-255-7-0-0-0-0-0-0-0-0-0-0-0-0-0-0-0-0-0-0-0-0-0-0-0-0-0-0-0-0-0-0-0-0-0-0-0-
[INFO] [1790608444.941488922] [uav4.mavros.sys]: FCU: EVENT 6801787 with args -255-255-255-255-12-0-0-0-0-0-0-0-0-0-0-0-0-0-0-0-0-0-0-0-0-0-0-0-0-0-0-0-0-0-0-0-0-0-0-0-
[WARN] [1790608444.941522094] [uav4.mavros.sys]: FCU: UNK(8): EVENT 1914663 with args -0-10-9-2-56-0-0-0-0-0-0-0-0-0-0-0-0-0-0-0-0-0-0-0-0-0-0-0-0-0-0-0-0-0-0-0-0-0-0-0-
[INFO] [1790608445.076882994] [rclcpp]: signal_handler(SIGINT/SIGTERM)
[WARN] [1790608445.077303939] [uav4.mavros]: UAS Executor terminated
