[INFO] [1790608130.707819810] [uav3.mavros_node]: Starting mavros_node container
[INFO] [1790608130.720623298] [uav3.mavros_node]: FCU URL: udp://:14542@127.0.0.1:14582
[INFO] [1790608130.720641241] [uav3.mavros_node]: GCS URL: 
[INFO] [1790608130.720646160] [uav3.mavros_node]: UAS Prefix: /uas3
[INFO] [1790608130.720650313] [uav3.mavros_node]: Starting mavros router node
[INFO] [1790608131.167877808] [uav3.mavros_router]: Built-in SIMD instructions: SSE, SSE2
[INFO] [1790608131.167922762] [uav3.mavros_router]: Built-in MAVLink package version: 2026.8.8
[INFO] [1790608131.167931711] [uav3.mavros_router]: Known MAVLink dialects: common ardupilotmega ASLUAV AVSSUAS all csAirLink cubepilot development icarous loweheiser marsh paparazzi standard stemstudios storm32 uAvionix ualberta
[INFO] [1790608131.167938615] [uav3.mavros_router]: MAVROS Router started
[INFO] [1790608131.168086856] [uav3.mavros_node]: Starting mavros uas node
[INFO] [1790608131.305184275] [uav3.mavros_router]: Requested to add endpoint: type: 0, url: udp://:14542@127.0.0.1:14582
[INFO] [1790608131.313589758] [uav3.mavros_router]: Endpoint link[1000] created
[INFO] [1790608131.316525357] [uav3.mavros_router]: link[1000] opened successfully
[INFO] [1790608131.316568041] [uav3.mavros_router]: Requested to add endpoint: type: 2, url: /uas3
[INFO] [1790608131.317249593] [uav3.mavros_router]: Endpoint link[1001] created
[INFO] [1790608131.320389359] [uav3.mavros]: Plugin actuator_control ignored
[INFO] [1790608131.320994109] [uav3.mavros]: Plugin altitude ignored
[INFO] [1790608131.320756381] [uav3.mavros]: UAS Executor started, threads: 4
[INFO] [1790608131.320852288] [uav3.mavros_router]: link[1000] detected remote address 3.1
[INFO] [1790608131.362945008] [uav3.mavros_router]: link[1001] opened successfully
[INFO] [1790608131.480825135] [uav3.mavros]: Plugin command created
[INFO] [1790608131.480875329] [uav3.mavros]: Plugin command initialized
[INFO] [1790608131.480884539] [uav3.mavros]: Plugin ftp ignored
[INFO] [1790608131.480890148] [uav3.mavros]: Plugin geofence ignored
[INFO] [1790608131.665253216] [uav3.mavros]: Plugin global_position created
[INFO] [1790608131.665320641] [uav3.mavros]: Plugin global_position initialized
[INFO] [1790608131.665330321] [uav3.mavros]: Plugin home_position ignored
[INFO] [1790608131.665336322] [uav3.mavros]: Plugin imu ignored
[INFO] [1790608131.795035105] [uav3.mavros]: Plugin local_position created
[INFO] [1790608131.795065431] [uav3.mavros]: Plugin local_position initialized
[INFO] [1790608131.795074330] [uav3.mavros]: Plugin manual_control ignored
[INFO] [1790608131.795080514] [uav3.mavros]: Plugin nav_controller_output ignored
[INFO] [1790608131.795085742] [uav3.mavros]: Plugin param ignored
[INFO] [1790608131.795090996] [uav3.mavros]: Plugin rallypoint ignored
[INFO] [1790608131.795095562] [uav3.mavros]: Plugin rc_io ignored
[INFO] [1790608131.795100253] [uav3.mavros]: Plugin setpoint_accel ignored
[INFO] [1790608131.795104906] [uav3.mavros]: Plugin setpoint_attitude ignored
[INFO] [1790608131.795110021] [uav3.mavros]: Plugin setpoint_position ignored
[INFO] [1790608131.795114896] [uav3.mavros]: Plugin setpoint_raw ignored
[INFO] [1790608131.795119782] [uav3.mavros]: Plugin setpoint_trajectory ignored
[INFO] [1790608132.026356450] [uav3.mavros]: Plugin setpoint_velocity created
[INFO] [1790608132.026899244] [uav3.mavros]: Plugin setpoint_velocity initialized
[INFO] [1790608132.289421063] [uav3.mavros]: Plugin sys_status created
[INFO] [1790608132.289495106] [uav3.mavros]: Plugin sys_status initialized
[INFO] [1790608132.429973541] [uav3.mavros.time]: TM: Timesync mode: MAVLINK
[INFO] [1790608132.432059917] [uav3.mavros]: Plugin sys_time created
[INFO] [1790608132.432112952] [uav3.mavros]: Plugin sys_time initialized
[INFO] [1790608132.432122907] [uav3.mavros]: Plugin waypoint ignored
[INFO] [1790608132.432128007] [uav3.mavros]: Plugin wind_estimation ignored
[INFO] [1790608132.451708650] [uav3.mavros]: Built-in SIMD instructions: SSE, SSE2
[INFO] [1790608132.451742456] [uav3.mavros]: Built-in MAVLink package version: 2026.8.8
[INFO] [1790608132.451770447] [uav3.mavros]: Known MAVLink dialects: common ardupilotmega ASLUAV AVSSUAS all csAirLink cubepilot development icarous loweheiser marsh paparazzi standard stemstudios storm32 uAvionix ualberta
[INFO] [1790608132.451777733] [uav3.mavros]: MAVROS UAS via /uas3 started. MY ID 3.191, TARGET ID 3.1
[INFO] [1790608132.511217072] [uav3.mavros_router]: link[1001] detected remote address 3.191
[INFO] [1790608133.199877850] [uav3.mavros]: CON: Got HEARTBEAT, connected. FCU: PX4 Autopilot
[INFO] [1790608134.259864733] [uav3.mavros.sys]: VER: 3.1: Capabilities         0x000000000000e8ff
[INFO] [1790608134.259921627] [uav3.mavros.sys]: VER: 3.1: Flight software:     011200c0 (fca3df865a000000)
[INFO] [1790608134.259929066] [uav3.mavros.sys]: VER: 3.1: Middleware software: 011200c0 (fca3df865a000000)
[INFO] [1790608134.259933443] [uav3.mavros.sys]: VER: 3.1: OS software:         070000ff (17040b9f87cb1791)
[INFO] [1790608134.259937888] [uav3.mavros.sys]: VER: 3.1: Board hardware:      00000001
[INFO] [1790608134.259942827] [uav3.mavros.sys]: VER: 3.1: VID/PID:             0000:0000
[INFO] [1790608134.259947505] [uav3.mavros.sys]: VER: 3.1: UID:                 4954414c44494e51
[WARN] [1790608134.260036320] [uav3.mavros.cmd]: CMD: Unexpected command 512, result 0
[WARN] [1790608145.775793660] [uav3.mavros.sys]: FCU: UNK(8): EVENT 11047904 with args -0-0-0-0-0-128-0-0-0-176-122-127-128-176-122-127-128-0-0-0-0-0-0-0-0-0-0-0-0-0-0-0-0-0-0-0-0-0-0-0-
[INFO] [1790608145.775902924] [uav3.mavros.sys]: FCU: EVENT 377561 with args -8-0-0-0-20-0-0-0-0-0-0-0-0-0-0-0-0-0-0-0-0-0-0-0-0-0-0-0-0-0-0-0-0-0-0-0-0-0-0-0-
[WARN] [1790608145.775965509] [uav3.mavros.sys]: FCU: EVENT 453929 with args -255-255-255-255-7-0-0-0-0-0-0-0-0-0-0-0-0-0-0-0-0-0-0-0-0-0-0-0-0-0-0-0-0-0-0-0-0-0-0-0-
[INFO] [1790608145.776003306] [uav3.mavros.sys]: FCU: EVENT 6801787 with args -255-255-255-255-12-0-0-0-0-0-0-0-0-0-0-0-0-0-0-0-0-0-0-0-0-0-0-0-0-0-0-0-0-0-0-0-0-0-0-0-
[WARN] [1790608145.776037634] [uav3.mavros.sys]: FCU: UNK(8): EVENT 1914663 with args -0-10-13-2-56-0-0-0-0-0-0-0-0-0-0-0-0-0-0-0-0-0-0-0-0-0-0-0-0-0-0-0-0-0-0-0-0-0-0-0-
[WARN] [1790608148.834412794] [uav3.mavros.cmd]: CMD: Unexpected command 176, result 0
[INFO] [1790608149.636163644] [uav3.mavros.sys]: FCU: EVENT 9489139 with args -4-0-0-0-0-0-0-0-0-0-0-0-0-0-0-0-0-0-0-0-0-0-0-0-0-0-0-0-0-0-0-0-0-0-0-0-0-0-0-0-
[INFO] [1790608151.711309491] [uav3.mavros.sys]: FCU: EVENT 4277609 with args -0-0-0-0-0-0-0-0-0-0-0-0-0-0-0-0-0-0-0-0-0-0-0-0-0-0-0-0-0-0-0-0-0-0-0-0-0-0-0-0-
[WARN] [1790608403.834488417] [uav3.mavros.cmd]: CMD: Unexpected command 176, result 0
[INFO] [1790608435.263429691] [uav3.mavros.sys]: FCU: EVENT 9844908 with args -0-0-0-0-0-0-0-0-0-0-0-0-0-0-0-0-0-0-0-0-0-0-0-0-0-0-0-0-0-0-0-0-0-0-0-0-0-0-0-0-
[INFO] [1790608437.362086777] [uav3.mavros.sys]: FCU: EVENT 16017271 with args -6-0-0-0-0-0-0-0-0-0-0-0-0-0-0-0-0-0-0-0-0-0-0-0-0-0-0-0-0-0-0-0-0-0-0-0-0-0-0-0-
[WARN] [1790608440.667577319] [uav3.mavros.sys]: FCU: UNK(8): EVENT 11047904 with args -0-0-0-0-0-128-0-0-0-176-122-127-128-176-122-127-128-0-0-0-0-0-0-0-0-0-0-0-0-0-0-0-0-0-0-0-0-0-0-0-
[INFO] [1790608440.667707639] [uav3.mavros.sys]: FCU: EVENT 377561 with args -8-0-0-0-20-0-0-0-0-0-0-0-0-0-0-0-0-0-0-0-0-0-0-0-0-0-0-0-0-0-0-0-0-0-0-0-0-0-0-0-
[WARN] [1790608440.668444435] [uav3.mavros.sys]: FCU: EVENT 453929 with args -255-255-255-255-7-0-0-0-0-0-0-0-0-0-0-0-0-0-0-0-0-0-0-0-0-0-0-0-0-0-0-0-0-0-0-0-0-0-0-0-
[INFO] [1790608440.668485712] [uav3.mavros.sys]: FCU: EVENT 6801787 with args -255-255-255-255-12-0-0-0-0-0-0-0-0-0-0-0-0-0-0-0-0-0-0-0-0-0-0-0-0-0-0-0-0-0-0-0-0-0-0-0-
[WARN] [1790608440.668877748] [uav3.mavros.sys]: FCU: UNK(8): EVENT 1914663 with args -0-10-9-2-56-0-0-0-0-0-0-0-0-0-0-0-0-0-0-0-0-0-0-0-0-0-0-0-0-0-0-0-0-0-0-0-0-0-0-0-
[INFO] [1790608445.076899926] [rclcpp]: signal_handler(SIGINT/SIGTERM)
[WARN] [1790608445.077598480] [uav3.mavros]: UAS Executor terminated
Failed to publish log message to rosout: publisher's context is invalid, at ./src/rcl/publisher.c:423
