[INFO] [1790608131.144858958] [uav7.mavros_node]: Starting mavros_node container
[INFO] [1790608131.144969257] [uav7.mavros_node]: FCU URL: udp://:14546@127.0.0.1:14586
[INFO] [1790608131.144978674] [uav7.mavros_node]: GCS URL: 
[INFO] [1790608131.144983619] [uav7.mavros_node]: UAS Prefix: /uas7
[INFO] [1790608131.144988112] [uav7.mavros_node]: Starting mavros router node
[INFO] [1790608131.221496957] [uav7.mavros_router]: Built-in SIMD instructions: SSE, SSE2
[INFO] [1790608131.221540962] [uav7.mavros_router]: Built-in MAVLink package version: 2026.8.8
[INFO] [1790608131.221549346] [uav7.mavros_router]: Known MAVLink dialects: common ardupilotmega ASLUAV AVSSUAS all csAirLink cubepilot development icarous loweheiser marsh paparazzi standard stemstudios storm32 uAvionix ualberta
[INFO] [1790608131.221555340] [uav7.mavros_router]: MAVROS Router started
[INFO] [1790608131.221710556] [uav7.mavros_node]: Starting mavros uas node
[INFO] [1790608131.377506555] [uav7.mavros_router]: Requested to add endpoint: type: 0, url: udp://:14546@127.0.0.1:14586
[INFO] [1790608131.377576312] [uav7.mavros_router]: Endpoint link[1000] created
[INFO] [1790608131.380571723] [uav7.mavros_router]: link[1000] opened successfully
[INFO] [1790608131.380630121] [uav7.mavros_router]: Requested to add endpoint: type: 2, url: /uas7
[INFO] [1790608131.380653540] [uav7.mavros_router]: Endpoint link[1001] created
[INFO] [1790608131.386750705] [uav7.mavros_router]: link[1000] detected remote address 7.1
[INFO] [1790608131.395244619] [uav7.mavros]: Plugin actuator_control ignored
[INFO] [1790608131.401280701] [uav7.mavros]: Plugin altitude ignored
[INFO] [1790608131.395283824] [uav7.mavros]: UAS Executor started, threads: 4
[INFO] [1790608131.458800944] [uav7.mavros_router]: link[1001] opened successfully
[INFO] [1790608131.640164168] [uav7.mavros]: Plugin command created
[INFO] [1790608131.640730952] [uav7.mavros]: Plugin command initialized
[INFO] [1790608131.640743805] [uav7.mavros]: Plugin ftp ignored
[INFO] [1790608131.640749690] [uav7.mavros]: Plugin geofence ignored
[INFO] [1790608131.877586936] [uav7.mavros]: Plugin global_position created
[INFO] [1790608131.904691058] [uav7.mavros]: Plugin global_position initialized
[INFO] [1790608131.912140012] [uav7.mavros]: Plugin home_position ignored
[INFO] [1790608131.912156512] [uav7.mavros]: Plugin imu ignored
[INFO] [1790608132.132311137] [uav7.mavros]: Plugin local_position created
[INFO] [1790608132.132662717] [uav7.mavros]: Plugin local_position initialized
[INFO] [1790608132.132672870] [uav7.mavros]: Plugin manual_control ignored
[INFO] [1790608132.132678928] [uav7.mavros]: Plugin nav_controller_output ignored
[INFO] [1790608132.132684890] [uav7.mavros]: Plugin param ignored
[INFO] [1790608132.132690836] [uav7.mavros]: Plugin rallypoint ignored
[INFO] [1790608132.132696419] [uav7.mavros]: Plugin rc_io ignored
[INFO] [1790608132.132702182] [uav7.mavros]: Plugin setpoint_accel ignored
[INFO] [1790608132.132707684] [uav7.mavros]: Plugin setpoint_attitude ignored
[INFO] [1790608132.132713379] [uav7.mavros]: Plugin setpoint_position ignored
[INFO] [1790608132.132719103] [uav7.mavros]: Plugin setpoint_raw ignored
[INFO] [1790608132.132724766] [uav7.mavros]: Plugin setpoint_trajectory ignored
[INFO] [1790608132.277363594] [uav7.mavros]: Plugin setpoint_velocity created
[INFO] [1790608132.277423113] [uav7.mavros]: Plugin setpoint_velocity initialized
[INFO] [1790608132.543516475] [uav7.mavros]: Plugin sys_status created
[INFO] [1790608132.543596826] [uav7.mavros]: Plugin sys_status initialized
[INFO] [1790608132.703035137] [uav7.mavros.time]: TM: Timesync mode: MAVLINK
[INFO] [1790608132.741659951] [uav7.mavros]: Plugin sys_time created
[INFO] [1790608132.741716933] [uav7.mavros]: Plugin sys_time initialized
[INFO] [1790608132.741727242] [uav7.mavros]: Plugin waypoint ignored
[INFO] [1790608132.741732775] [uav7.mavros]: Plugin wind_estimation ignored
[INFO] [1790608132.751312639] [uav7.mavros]: Built-in SIMD instructions: SSE, SSE2
[INFO] [1790608132.751344861] [uav7.mavros]: Built-in MAVLink package version: 2026.8.8
[INFO] [1790608132.751373268] [uav7.mavros]: Known MAVLink dialects: common ardupilotmega ASLUAV AVSSUAS all csAirLink cubepilot development icarous loweheiser marsh paparazzi standard stemstudios storm32 uAvionix ualberta
[INFO] [1790608132.751379302] [uav7.mavros]: MAVROS UAS via /uas7 started. MY ID 7.191, TARGET ID 7.1
[INFO] [1790608132.831092531] [uav7.mavros_router]: link[1001] detected remote address 7.191
[INFO] [1790608133.200870313] [uav7.mavros]: CON: Got HEARTBEAT, connected. FCU: PX4 Autopilot
[INFO] [1790608134.228070329] [uav7.mavros.sys]: VER: 7.1: Capabilities         0x000000000000e8ff
[INFO] [1790608134.228117058] [uav7.mavros.sys]: VER: 7.1: Flight software:     011200c0 (fca3df865a000000)
[INFO] [1790608134.228125953] [uav7.mavros.sys]: VER: 7.1: Middleware software: 011200c0 (fca3df865a000000)
[INFO] [1790608134.228131601] [uav7.mavros.sys]: VER: 7.1: OS software:         070000ff (17040b9f87cb1791)
[INFO] [1790608134.228136416] [uav7.mavros.sys]: VER: 7.1: Board hardware:      00000001
[INFO] [1790608134.228141451] [uav7.mavros.sys]: VER: 7.1: VID/PID:             0000:0000
[INFO] [1790608134.228146474] [uav7.mavros.sys]: VER: 7.1: UID:                 4954414c44494e55
[WARN] [1790608134.230016884] [uav7.mavros.cmd]: CMD: Unexpected command 512, result 0
[WARN] [1790608139.103904631] [uav7.mavros.sys]: FCU: UNK(8): EVENT 11047904 with args -0-0-0-0-0-128-0-0-0-176-122-127-128-176-122-127-128-0-0-0-0-0-0-0-0-0-0-0-0-0-0-0-0-0-0-0-0-0-0-0-
[INFO] [1790608139.104016059] [uav7.mavros.sys]: FCU: EVENT 377561 with args -8-0-0-0-20-0-0-0-0-0-0-0-0-0-0-0-0-0-0-0-0-0-0-0-0-0-0-0-0-0-0-0-0-0-0-0-0-0-0-0-
[WARN] [1790608139.104066758] [uav7.mavros.sys]: FCU: EVENT 453929 with args -255-255-255-255-7-0-0-0-0-0-0-0-0-0-0-0-0-0-0-0-0-0-0-0-0-0-0-0-0-0-0-0-0-0-0-0-0-0-0-0-
[INFO] [1790608139.104103102] [uav7.mavros.sys]: FCU: EVENT 6801787 with args -255-255-255-255-12-0-0-0-0-0-0-0-0-0-0-0-0-0-0-0-0-0-0-0-0-0-0-0-0-0-0-0-0-0-0-0-0-0-0-0-
[WARN] [1790608139.104137816] [uav7.mavros.sys]: FCU: UNK(8): EVENT 1914663 with args -0-10-13-2-56-0-0-0-0-0-0-0-0-0-0-0-0-0-0-0-0-0-0-0-0-0-0-0-0-0-0-0-0-0-0-0-0-0-0-0-
[WARN] [1790608148.824322609] [uav7.mavros.cmd]: CMD: Unexpected command 176, result 0
[INFO] [1790608149.730377852] [uav7.mavros.sys]: FCU: EVENT 9489139 with args -4-0-0-0-0-0-0-0-0-0-0-0-0-0-0-0-0-0-0-0-0-0-0-0-0-0-0-0-0-0-0-0-0-0-0-0-0-0-0-0-
[INFO] [1790608151.606285400] [uav7.mavros.sys]: FCU: EVENT 4277609 with args -0-0-0-0-0-0-0-0-0-0-0-0-0-0-0-0-0-0-0-0-0-0-0-0-0-0-0-0-0-0-0-0-0-0-0-0-0-0-0-0-
[WARN] [1790608403.827048025] [uav7.mavros.cmd]: CMD: Unexpected command 176, result 0
[INFO] [1790608438.148812814] [uav7.mavros.sys]: FCU: EVENT 9844908 with args -0-0-0-0-0-0-0-0-0-0-0-0-0-0-0-0-0-0-0-0-0-0-0-0-0-0-0-0-0-0-0-0-0-0-0-0-0-0-0-0-
[INFO] [1790608440.256247153] [uav7.mavros.sys]: FCU: EVENT 16017271 with args -6-0-0-0-0-0-0-0-0-0-0-0-0-0-0-0-0-0-0-0-0-0-0-0-0-0-0-0-0-0-0-0-0-0-0-0-0-0-0-0-
[WARN] [1790608443.785252618] [uav7.mavros.sys]: FCU: UNK(8): EVENT 11047904 with args -0-0-0-0-0-128-0-0-0-176-122-127-128-176-122-127-128-0-0-0-0-0-0-0-0-0-0-0-0-0-0-0-0-0-0-0-0-0-0-0-
[INFO] [1790608443.786544302] [uav7.mavros.sys]: FCU: EVENT 377561 with args -8-0-0-0-20-0-0-0-0-0-0-0-0-0-0-0-0-0-0-0-0-0-0-0-0-0-0-0-0-0-0-0-0-0-0-0-0-0-0-0-
[WARN] [1790608443.786697832] [uav7.mavros.sys]: FCU: EVENT 453929 with args -255-255-255-255-7-0-0-0-0-0-0-0-0-0-0-0-0-0-0-0-0-0-0-0-0-0-0-0-0-0-0-0-0-0-0-0-0-0-0-0-
[INFO] [1790608443.786738733] [uav7.mavros.sys]: FCU: EVENT 6801787 with args -255-255-255-255-12-0-0-0-0-0-0-0-0-0-0-0-0-0-0-0-0-0-0-0-0-0-0-0-0-0-0-0-0-0-0-0-0-0-0-0-
[WARN] [1790608443.786897499] [uav7.mavros.sys]: FCU: UNK(8): EVENT 1914663 with args -0-10-9-2-56-0-0-0-0-0-0-0-0-0-0-0-0-0-0-0-0-0-0-0-0-0-0-0-0-0-0-0-0-0-0-0-0-0-0-0-
[INFO] [1790608445.085490890] [rclcpp]: signal_handler(SIGINT/SIGTERM)
[WARN] [1790608445.085895015] [uav7.mavros]: UAS Executor terminated
