[INFO] [1790499071.473195399] [uav10.mavros_node]: Starting mavros_node container
[INFO] [1790499071.473759370] [uav10.mavros_node]: FCU URL: udp://:14549@127.0.0.1:14589
[INFO] [1790499071.473858491] [uav10.mavros_node]: GCS URL: 
[INFO] [1790499071.474614198] [uav10.mavros_node]: UAS Prefix: /uas10
[INFO] [1790499071.474724322] [uav10.mavros_node]: Starting mavros router node
[INFO] [1790499071.693771975] [uav10.mavros_router]: Built-in SIMD instructions: SSE, SSE2
[INFO] [1790499071.694203849] [uav10.mavros_router]: Built-in MAVLink package version: 2026.8.8
[INFO] [1790499071.694285753] [uav10.mavros_router]: Known MAVLink dialects: common ardupilotmega ASLUAV AVSSUAS all csAirLink cubepilot development icarous loweheiser marsh paparazzi standard stemstudios storm32 uAvionix ualberta
[INFO] [1790499071.694311486] [uav10.mavros_router]: MAVROS Router started
[INFO] [1790499071.697012752] [uav10.mavros_node]: Starting mavros uas node
[INFO] [1790499072.391818947] [uav10.mavros_router]: Requested to add endpoint: type: 0, url: udp://:14549@127.0.0.1:14589
[INFO] [1790499072.407746589] [uav10.mavros_router]: Endpoint link[1000] created
[INFO] [1790499072.402916891] [uav10.mavros]: UAS Executor started, threads: 4
[INFO] [1790499072.408351302] [uav10.mavros_router]: link[1000] opened successfully
[INFO] [1790499072.408397079] [uav10.mavros_router]: Requested to add endpoint: type: 2, url: /uas10
[INFO] [1790499072.408429877] [uav10.mavros_router]: Endpoint link[1001] created
[INFO] [1790499072.402996307] [uav10.mavros]: Plugin actuator_control ignored
[INFO] [1790499072.408665699] [uav10.mavros]: Plugin altitude ignored
[INFO] [1790499072.415726525] [uav10.mavros_router]: link[1000] detected remote address 10.1
[INFO] [1790499072.522608071] [uav10.mavros_router]: link[1001] opened successfully
[INFO] [1790499072.718696208] [uav10.mavros]: Plugin command created
[INFO] [1790499072.718818167] [uav10.mavros]: Plugin command initialized
[INFO] [1790499072.718846543] [uav10.mavros]: Plugin ftp ignored
[INFO] [1790499072.722655847] [uav10.mavros]: Plugin geofence ignored
[INFO] [1790499073.787921600] [uav10.mavros]: Plugin global_position created
[INFO] [1790499073.822831237] [uav10.mavros]: Plugin global_position initialized
[INFO] [1790499073.822941253] [uav10.mavros]: Plugin home_position ignored
[INFO] [1790499073.822963848] [uav10.mavros]: Plugin imu ignored
[INFO] [1790499074.716287170] [uav10.mavros]: Plugin local_position created
[INFO] [1790499074.716391547] [uav10.mavros]: Plugin local_position initialized
[INFO] [1790499074.719074861] [uav10.mavros]: Plugin manual_control ignored
[INFO] [1790499074.719095154] [uav10.mavros]: Plugin nav_controller_output ignored
[INFO] [1790499074.719120236] [uav10.mavros]: Plugin param ignored
[INFO] [1790499074.719136477] [uav10.mavros]: Plugin rallypoint ignored
[INFO] [1790499074.719151296] [uav10.mavros]: Plugin rc_io ignored
[INFO] [1790499074.719165911] [uav10.mavros]: Plugin setpoint_accel ignored
[INFO] [1790499074.719180484] [uav10.mavros]: Plugin setpoint_attitude ignored
[INFO] [1790499074.719195312] [uav10.mavros]: Plugin setpoint_position ignored
[INFO] [1790499074.719223685] [uav10.mavros]: Plugin setpoint_raw ignored
[INFO] [1790499074.719238996] [uav10.mavros]: Plugin setpoint_trajectory ignored
[INFO] [1790499075.866563541] [uav10.mavros]: Plugin setpoint_velocity created
[INFO] [1790499075.872706199] [uav10.mavros]: Plugin setpoint_velocity initialized
[INFO] [1790499077.197851280] [uav10.mavros]: Plugin sys_status created
[INFO] [1790499077.198005173] [uav10.mavros]: Plugin sys_status initialized
[INFO] [1790499078.315044601] [uav10.mavros.time]: TM: Timesync mode: MAVLINK
[INFO] [1790499078.586472336] [uav10.mavros]: Plugin sys_time created
[INFO] [1790499078.588622682] [uav10.mavros]: Plugin sys_time initialized
[INFO] [1790499078.588671475] [uav10.mavros]: Plugin waypoint ignored
[INFO] [1790499078.588689510] [uav10.mavros]: Plugin wind_estimation ignored
[INFO] [1790499078.742542935] [uav10.mavros]: Built-in SIMD instructions: SSE, SSE2
[INFO] [1790499078.742634639] [uav10.mavros]: Built-in MAVLink package version: 2026.8.8
[INFO] [1790499078.742671832] [uav10.mavros]: Known MAVLink dialects: common ardupilotmega ASLUAV AVSSUAS all csAirLink cubepilot development icarous loweheiser marsh paparazzi standard stemstudios storm32 uAvionix ualberta
[INFO] [1790499078.742692853] [uav10.mavros]: MAVROS UAS via /uas10 started. MY ID 10.191, TARGET ID 10.1
[INFO] [1790499078.847486623] [uav10.mavros]: CON: Got HEARTBEAT, connected. FCU: PX4 Autopilot
[INFO] [1790499078.847804316] [uav10.mavros_router]: link[1001] detected remote address 10.191
[INFO] [1790499080.077785702] [uav10.mavros.sys]: VER: 10.1: Capabilities         0x000000000000e8ff
[INFO] [1790499080.077905584] [uav10.mavros.sys]: VER: 10.1: Flight software:     011200c0 (fca3df865a000000)
[INFO] [1790499080.077931112] [uav10.mavros.sys]: VER: 10.1: Middleware software: 011200c0 (fca3df865a000000)
[INFO] [1790499080.077947600] [uav10.mavros.sys]: VER: 10.1: OS software:         070000ff (17040b9f87cb1791)
[INFO] [1790499080.077962641] [uav10.mavros.sys]: VER: 10.1: Board hardware:      00000001
[INFO] [1790499080.077977622] [uav10.mavros.sys]: VER: 10.1: VID/PID:             0000:0000
[INFO] [1790499080.077992868] [uav10.mavros.sys]: VER: 10.1: UID:                 4954414c44494e58
[WARN] [1790499080.078104979] [uav10.mavros.cmd]: CMD: Unexpected command 512, result 0
[WARN] [1790499111.253330633] [uav10.mavros.sys]: FCU: UNK(8): EVENT 11047904 with args -0-0-0-0-0-128-0-0-0-176-122-127-128-176-122-127-128-0-0-0-0-0-0-0-0-0-0-0-0-0-0-0-0-0-0-0-0-0-0-0-
[INFO] [1790499111.256846233] [uav10.mavros.sys]: FCU: EVENT 377561 with args -8-0-0-0-20-0-0-0-0-0-0-0-0-0-0-0-0-0-0-0-0-0-0-0-0-0-0-0-0-0-0-0-0-0-0-0-0-0-0-0-
[WARN] [1790499111.257023555] [uav10.mavros.sys]: FCU: EVENT 453929 with args -255-255-255-255-7-0-0-0-0-0-0-0-0-0-0-0-0-0-0-0-0-0-0-0-0-0-0-0-0-0-0-0-0-0-0-0-0-0-0-0-
[INFO] [1790499111.257179011] [uav10.mavros.sys]: FCU: EVENT 6801787 with args -255-255-255-255-12-0-0-0-0-0-0-0-0-0-0-0-0-0-0-0-0-0-0-0-0-0-0-0-0-0-0-0-0-0-0-0-0-0-0-0-
[WARN] [1790499111.274480443] [uav10.mavros.sys]: FCU: UNK(8): EVENT 1914663 with args -0-10-13-2-56-0-0-0-0-0-0-0-0-0-0-0-0-0-0-0-0-0-0-0-0-0-0-0-0-0-0-0-0-0-0-0-0-0-0-0-
[ERROR] [1790499117.223539415] [uav10.mavros.sys]: SYS: set_message_interval service timeout
[ERROR] [1790499117.223663916] [uav10.mavros.sys]: SYS: command plugin service call failed!
[WARN] [1790499123.541924219] [uav10.mavros.cmd]: CMD: Unexpected command 176, result 0
[INFO] [1790499124.222804596] [uav10.mavros.sys]: FCU: EVENT 9489139 with args -4-0-0-0-0-0-0-0-0-0-0-0-0-0-0-0-0-0-0-0-0-0-0-0-0-0-0-0-0-0-0-0-0-0-0-0-0-0-0-0-
[INFO] [1790499126.902360047] [uav10.mavros.sys]: FCU: EVENT 4277609 with args -0-0-0-0-0-0-0-0-0-0-0-0-0-0-0-0-0-0-0-0-0-0-0-0-0-0-0-0-0-0-0-0-0-0-0-0-0-0-0-0-
[WARN] [1790499304.155864177] [uav10.mavros]: CON: Lost connection, HEARTBEAT timed out.
[INFO] [1790499304.195481918] [uav10.mavros]: CON: Got HEARTBEAT, connected. FCU: PX4 Autopilot
[INFO] [1790499306.638677929] [uav10.mavros.sys]: VER: 10.1: Capabilities         0x000000000000e8ff
[INFO] [1790499306.646652232] [uav10.mavros.sys]: VER: 10.1: Flight software:     011200c0 (fca3df865a000000)
[INFO] [1790499306.648609036] [uav10.mavros.sys]: VER: 10.1: Middleware software: 011200c0 (fca3df865a000000)
[INFO] [1790499306.648669725] [uav10.mavros.sys]: VER: 10.1: OS software:         070000ff (17040b9f87cb1791)
[INFO] [1790499306.648686872] [uav10.mavros.sys]: VER: 10.1: Board hardware:      00000001
[INFO] [1790499306.648703259] [uav10.mavros.sys]: VER: 10.1: VID/PID:             0000:0000
[INFO] [1790499306.648718814] [uav10.mavros.sys]: VER: 10.1: UID:                 4954414c44494e58
[WARN] [1790499306.667427351] [uav10.mavros.cmd]: CMD: Unexpected command 512, result 0
[WARN] [1790499306.976961080] [uav10.mavros.sys]: FCU: UNK(8): EVENT 11047904 with args -0-0-0-16-0-128-0-0-0-176-58-127-128-176-58-127-128-0-0-0-0-0-0-0-0-0-0-0-0-0-0-0-0-0-0-0-0-0-0-0-
[ERROR] [1790499306.977179007] [uav10.mavros.sys]: FCU: EVENT 11464574 with args -0-64-0-0-20-0-0-0-0-0-0-0-0-0-0-0-0-0-0-0-0-0-0-0-0-0-0-0-0-0-0-0-0-0-0-0-0-0-0-0-
[INFO] [1790499306.986647135] [uav10.mavros.sys]: FCU: EVENT 377561 with args -8-0-0-0-20-0-0-0-0-0-0-0-0-0-0-0-0-0-0-0-0-0-0-0-0-0-0-0-0-0-0-0-0-0-0-0-0-0-0-0-
[WARN] [1790499306.986805676] [uav10.mavros.sys]: FCU: EVENT 453929 with args -255-255-255-255-7-0-0-0-0-0-0-0-0-0-0-0-0-0-0-0-0-0-0-0-0-0-0-0-0-0-0-0-0-0-0-0-0-0-0-0-
[INFO] [1790499306.996020333] [uav10.mavros.sys]: FCU: EVENT 6801787 with args -255-255-255-255-12-0-0-0-0-0-0-0-0-0-0-0-0-0-0-0-0-0-0-0-0-0-0-0-0-0-0-0-0-0-0-0-0-0-0-0-
[WARN] [1790499306.996306020] [uav10.mavros.sys]: FCU: UNK(8): EVENT 1914663 with args -0-10-13-2-56-0-0-0-0-0-0-0-0-0-0-0-0-0-0-0-0-0-0-0-0-0-0-0-0-0-0-0-0-0-0-0-0-0-0-0-
[ERROR] [1790499306.996463728] [uav10.mavros.sys]: FCU: EVENT 14605264 with args -0-0-6-0-6-0-0-0-0-0-0-0-0-0-0-0-0-0-0-0-0-0-0-0-0-0-0-0-0-0-0-0-0-0-0-0-0-0-0-0-
[INFO] [1790499306.996731372] [uav10.mavros.sys]: FCU: EVENT 5383828 with args -6-2-0-0-31-0-0-0-0-0-0-0-0-0-0-0-0-0-0-0-0-0-0-0-0-0-0-0-0-0-0-0-0-0-0-0-0-0-0-0-
[INFO] [1790499311.332050857] [rclcpp]: signal_handler(SIGINT/SIGTERM)
[WARN] [1790499311.348750947] [uav10.mavros]: UAS Executor terminated
