[INFO] [1790499071.630378886] [uav8.mavros_node]: Starting mavros_node container
[INFO] [1790499071.636627818] [uav8.mavros_node]: FCU URL: udp://:14547@127.0.0.1:14587
[INFO] [1790499071.637285202] [uav8.mavros_node]: GCS URL: 
[INFO] [1790499071.637325943] [uav8.mavros_node]: UAS Prefix: /uas8
[INFO] [1790499071.637341061] [uav8.mavros_node]: Starting mavros router node
[INFO] [1790499072.110360843] [uav8.mavros_router]: Built-in SIMD instructions: SSE, SSE2
[INFO] [1790499072.110464881] [uav8.mavros_router]: Built-in MAVLink package version: 2026.8.8
[INFO] [1790499072.110493984] [uav8.mavros_router]: Known MAVLink dialects: common ardupilotmega ASLUAV AVSSUAS all csAirLink cubepilot development icarous loweheiser marsh paparazzi standard stemstudios storm32 uAvionix ualberta
[INFO] [1790499072.110511881] [uav8.mavros_router]: MAVROS Router started
[INFO] [1790499072.110793561] [uav8.mavros_node]: Starting mavros uas node
[INFO] [1790499073.283853043] [uav8.mavros]: UAS Executor started, threads: 4
[INFO] [1790499073.288320974] [uav8.mavros_router]: Requested to add endpoint: type: 0, url: udp://:14547@127.0.0.1:14587
[INFO] [1790499073.302552846] [uav8.mavros_router]: Endpoint link[1000] created
[INFO] [1790499073.291333221] [uav8.mavros]: Plugin actuator_control ignored
[INFO] [1790499073.309177509] [uav8.mavros]: Plugin altitude ignored
[INFO] [1790499073.323221866] [uav8.mavros_router]: link[1000] opened successfully
[INFO] [1790499073.323339661] [uav8.mavros_router]: Requested to add endpoint: type: 2, url: /uas8
[INFO] [1790499073.323394536] [uav8.mavros_router]: Endpoint link[1001] created
[INFO] [1790499073.337883614] [uav8.mavros_router]: link[1000] detected remote address 8.1
[INFO] [1790499073.584093299] [uav8.mavros_router]: link[1001] opened successfully
[INFO] [1790499074.185351338] [uav8.mavros]: Plugin command created
[INFO] [1790499074.185485089] [uav8.mavros]: Plugin command initialized
[INFO] [1790499074.185507052] [uav8.mavros]: Plugin ftp ignored
[INFO] [1790499074.185522407] [uav8.mavros]: Plugin geofence ignored
[INFO] [1790499075.642248394] [uav8.mavros]: Plugin global_position created
[INFO] [1790499075.642354813] [uav8.mavros]: Plugin global_position initialized
[INFO] [1790499075.642376105] [uav8.mavros]: Plugin home_position ignored
[INFO] [1790499075.643023795] [uav8.mavros]: Plugin imu ignored
[INFO] [1790499076.520008591] [uav8.mavros]: Plugin local_position created
[INFO] [1790499076.520135797] [uav8.mavros]: Plugin local_position initialized
[INFO] [1790499076.520163100] [uav8.mavros]: Plugin manual_control ignored
[INFO] [1790499076.520178496] [uav8.mavros]: Plugin nav_controller_output ignored
[INFO] [1790499076.520193212] [uav8.mavros]: Plugin param ignored
[INFO] [1790499076.520206295] [uav8.mavros]: Plugin rallypoint ignored
[INFO] [1790499076.520219050] [uav8.mavros]: Plugin rc_io ignored
[INFO] [1790499076.520231812] [uav8.mavros]: Plugin setpoint_accel ignored
[INFO] [1790499076.520246092] [uav8.mavros]: Plugin setpoint_attitude ignored
[INFO] [1790499076.520270021] [uav8.mavros]: Plugin setpoint_position ignored
[INFO] [1790499076.520283685] [uav8.mavros]: Plugin setpoint_raw ignored
[INFO] [1790499076.520529757] [uav8.mavros]: Plugin setpoint_trajectory ignored
[INFO] [1790499077.144789590] [uav8.mavros]: Plugin setpoint_velocity created
[INFO] [1790499077.144896160] [uav8.mavros]: Plugin setpoint_velocity initialized
[INFO] [1790499078.959101303] [uav8.mavros]: Plugin sys_status created
[INFO] [1790499078.959249205] [uav8.mavros]: Plugin sys_status initialized
[INFO] [1790499079.466257220] [uav8.mavros.time]: TM: Timesync mode: MAVLINK
[INFO] [1790499079.477128447] [uav8.mavros]: Plugin sys_time created
[INFO] [1790499079.477555173] [uav8.mavros]: Plugin sys_time initialized
[INFO] [1790499079.477591832] [uav8.mavros]: Plugin waypoint ignored
[INFO] [1790499079.477610396] [uav8.mavros]: Plugin wind_estimation ignored
[INFO] [1790499079.501011288] [uav8.mavros]: Built-in SIMD instructions: SSE, SSE2
[INFO] [1790499079.501099850] [uav8.mavros]: Built-in MAVLink package version: 2026.8.8
[INFO] [1790499079.501133463] [uav8.mavros]: Known MAVLink dialects: common ardupilotmega ASLUAV AVSSUAS all csAirLink cubepilot development icarous loweheiser marsh paparazzi standard stemstudios storm32 uAvionix ualberta
[INFO] [1790499079.501151233] [uav8.mavros]: MAVROS UAS via /uas8 started. MY ID 8.191, TARGET ID 8.1
[INFO] [1790499079.516009738] [uav8.mavros_router]: link[1001] detected remote address 8.191
[INFO] [1790499080.023645036] [uav8.mavros]: CON: Got HEARTBEAT, connected. FCU: PX4 Autopilot
[INFO] [1790499080.127436488] [uav8.mavros.sys]: VER: 8.1: Capabilities         0x000000000000e8ff
[INFO] [1790499080.158849917] [uav8.mavros.sys]: VER: 8.1: Flight software:     011200c0 (fca3df865a000000)
[INFO] [1790499080.158940205] [uav8.mavros.sys]: VER: 8.1: Middleware software: 011200c0 (fca3df865a000000)
[INFO] [1790499080.158957607] [uav8.mavros.sys]: VER: 8.1: OS software:         070000ff (17040b9f87cb1791)
[INFO] [1790499080.158971673] [uav8.mavros.sys]: VER: 8.1: Board hardware:      00000001
[INFO] [1790499080.158984344] [uav8.mavros.sys]: VER: 8.1: VID/PID:             0000:0000
[INFO] [1790499080.158996574] [uav8.mavros.sys]: VER: 8.1: UID:                 4954414c44494e56
[WARN] [1790499080.159508267] [uav8.mavros.cmd]: CMD: Unexpected command 512, result 0
[WARN] [1790499114.638367195] [uav8.mavros.sys]: FCU: UNK(8): EVENT 11047904 with args -0-0-0-0-0-128-0-0-0-176-122-127-128-176-122-127-128-0-0-0-0-0-0-0-0-0-0-0-0-0-0-0-0-0-0-0-0-0-0-0-
[INFO] [1790499114.701581806] [uav8.mavros.sys]: FCU: EVENT 377561 with args -8-0-0-0-20-0-0-0-0-0-0-0-0-0-0-0-0-0-0-0-0-0-0-0-0-0-0-0-0-0-0-0-0-0-0-0-0-0-0-0-
[WARN] [1790499114.701703046] [uav8.mavros.sys]: FCU: EVENT 453929 with args -255-255-255-255-7-0-0-0-0-0-0-0-0-0-0-0-0-0-0-0-0-0-0-0-0-0-0-0-0-0-0-0-0-0-0-0-0-0-0-0-
[INFO] [1790499114.701804904] [uav8.mavros.sys]: FCU: EVENT 6801787 with args -255-255-255-255-12-0-0-0-0-0-0-0-0-0-0-0-0-0-0-0-0-0-0-0-0-0-0-0-0-0-0-0-0-0-0-0-0-0-0-0-
[WARN] [1790499114.701908611] [uav8.mavros.sys]: FCU: UNK(8): EVENT 1914663 with args -0-10-13-2-56-0-0-0-0-0-0-0-0-0-0-0-0-0-0-0-0-0-0-0-0-0-0-0-0-0-0-0-0-0-0-0-0-0-0-0-
[WARN] [1790499124.053149593] [uav8.mavros.cmd]: CMD: Unexpected command 176, result 0
[INFO] [1790499125.308499596] [uav8.mavros.sys]: FCU: EVENT 9489139 with args -4-0-0-0-0-0-0-0-0-0-0-0-0-0-0-0-0-0-0-0-0-0-0-0-0-0-0-0-0-0-0-0-0-0-0-0-0-0-0-0-
[INFO] [1790499127.870315262] [uav8.mavros.sys]: FCU: EVENT 4277609 with args -0-0-0-0-0-0-0-0-0-0-0-0-0-0-0-0-0-0-0-0-0-0-0-0-0-0-0-0-0-0-0-0-0-0-0-0-0-0-0-0-
[WARN] [1790499304.217252479] [uav8.mavros]: CON: Lost connection, HEARTBEAT timed out.
[INFO] [1790499304.528993337] [uav8.mavros]: CON: Got HEARTBEAT, connected. FCU: PX4 Autopilot
[WARN] [1790499307.244703224] [uav8.mavros.sys]: FCU: UNK(8): EVENT 11047904 with args -0-0-0-16-0-128-0-0-0-176-58-127-128-176-58-127-128-0-0-0-0-0-0-0-0-0-0-0-0-0-0-0-0-0-0-0-0-0-0-0-
[ERROR] [1790499307.269040479] [uav8.mavros.sys]: FCU: EVENT 11464574 with args -0-64-0-0-20-0-0-0-0-0-0-0-0-0-0-0-0-0-0-0-0-0-0-0-0-0-0-0-0-0-0-0-0-0-0-0-0-0-0-0-
[INFO] [1790499307.278001073] [uav8.mavros.sys]: FCU: EVENT 377561 with args -8-0-0-0-20-0-0-0-0-0-0-0-0-0-0-0-0-0-0-0-0-0-0-0-0-0-0-0-0-0-0-0-0-0-0-0-0-0-0-0-
[WARN] [1790499307.278227147] [uav8.mavros.sys]: FCU: EVENT 453929 with args -255-255-255-255-7-0-0-0-0-0-0-0-0-0-0-0-0-0-0-0-0-0-0-0-0-0-0-0-0-0-0-0-0-0-0-0-0-0-0-0-
[INFO] [1790499307.285872007] [uav8.mavros.sys]: FCU: EVENT 6801787 with args -255-255-255-255-12-0-0-0-0-0-0-0-0-0-0-0-0-0-0-0-0-0-0-0-0-0-0-0-0-0-0-0-0-0-0-0-0-0-0-0-
[WARN] [1790499307.295940666] [uav8.mavros.sys]: FCU: UNK(8): EVENT 1914663 with args -0-10-13-2-56-0-0-0-0-0-0-0-0-0-0-0-0-0-0-0-0-0-0-0-0-0-0-0-0-0-0-0-0-0-0-0-0-0-0-0-
[ERROR] [1790499307.296232821] [uav8.mavros.sys]: FCU: EVENT 14605264 with args -0-0-6-0-6-0-0-0-0-0-0-0-0-0-0-0-0-0-0-0-0-0-0-0-0-0-0-0-0-0-0-0-0-0-0-0-0-0-0-0-
[INFO] [1790499307.317629138] [uav8.mavros.sys]: FCU: EVENT 5383828 with args -7-2-0-0-31-0-0-0-0-0-0-0-0-0-0-0-0-0-0-0-0-0-0-0-0-0-0-0-0-0-0-0-0-0-0-0-0-0-0-0-
[INFO] [1790499307.321731303] [uav8.mavros.sys]: VER: 8.1: Capabilities         0x000000000000e8ff
[INFO] [1790499307.326141075] [uav8.mavros.sys]: VER: 8.1: Flight software:     011200c0 (fca3df865a000000)
[INFO] [1790499307.330274602] [uav8.mavros.sys]: VER: 8.1: Middleware software: 011200c0 (fca3df865a000000)
[INFO] [1790499307.330324133] [uav8.mavros.sys]: VER: 8.1: OS software:         070000ff (17040b9f87cb1791)
[INFO] [1790499307.330343963] [uav8.mavros.sys]: VER: 8.1: Board hardware:      00000001
[INFO] [1790499307.330356002] [uav8.mavros.sys]: VER: 8.1: VID/PID:             0000:0000
[INFO] [1790499307.330367962] [uav8.mavros.sys]: VER: 8.1: UID:                 4954414c44494e56
[WARN] [1790499307.357330110] [uav8.mavros.cmd]: CMD: Unexpected command 512, result 0
[INFO] [1790499311.332389453] [rclcpp]: signal_handler(SIGINT/SIGTERM)
[WARN] [1790499311.349687734] [uav8.mavros]: UAS Executor terminated
