[INFO] [1790499071.368159668] [uav7.mavros_node]: Starting mavros_node container
[INFO] [1790499071.368375745] [uav7.mavros_node]: FCU URL: udp://:14546@127.0.0.1:14586
[INFO] [1790499071.368401434] [uav7.mavros_node]: GCS URL: 
[INFO] [1790499071.368416680] [uav7.mavros_node]: UAS Prefix: /uas7
[INFO] [1790499071.368431639] [uav7.mavros_node]: Starting mavros router node
[INFO] [1790499071.993298219] [uav7.mavros_router]: Built-in SIMD instructions: SSE, SSE2
[INFO] [1790499071.993401624] [uav7.mavros_router]: Built-in MAVLink package version: 2026.8.8
[INFO] [1790499071.995370831] [uav7.mavros_router]: Known MAVLink dialects: common ardupilotmega ASLUAV AVSSUAS all csAirLink cubepilot development icarous loweheiser marsh paparazzi standard stemstudios storm32 uAvionix ualberta
[INFO] [1790499071.997338329] [uav7.mavros_router]: MAVROS Router started
[INFO] [1790499072.006560650] [uav7.mavros_node]: Starting mavros uas node
[INFO] [1790499072.620308020] [uav7.mavros_router]: Requested to add endpoint: type: 0, url: udp://:14546@127.0.0.1:14586
[INFO] [1790499072.620423004] [uav7.mavros_router]: Endpoint link[1000] created
[INFO] [1790499072.622986846] [uav7.mavros_router]: link[1000] opened successfully
[INFO] [1790499072.623070316] [uav7.mavros_router]: Requested to add endpoint: type: 2, url: /uas7
[INFO] [1790499072.623113870] [uav7.mavros_router]: Endpoint link[1001] created
[INFO] [1790499072.625064689] [uav7.mavros_router]: link[1000] detected remote address 7.1
[INFO] [1790499072.632860061] [uav7.mavros]: Plugin actuator_control ignored
[INFO] [1790499072.633031594] [uav7.mavros]: Plugin altitude ignored
[INFO] [1790499072.633093493] [uav7.mavros]: UAS Executor started, threads: 4
[INFO] [1790499072.937665159] [uav7.mavros_router]: link[1001] opened successfully
[INFO] [1790499073.814527555] [uav7.mavros]: Plugin command created
[INFO] [1790499073.814670927] [uav7.mavros]: Plugin command initialized
[INFO] [1790499073.814704647] [uav7.mavros]: Plugin ftp ignored
[INFO] [1790499073.814724795] [uav7.mavros]: Plugin geofence ignored
[INFO] [1790499074.901887954] [uav7.mavros]: Plugin global_position created
[INFO] [1790499074.902022461] [uav7.mavros]: Plugin global_position initialized
[INFO] [1790499074.902179767] [uav7.mavros]: Plugin home_position ignored
[INFO] [1790499074.902198176] [uav7.mavros]: Plugin imu ignored
[INFO] [1790499076.166507381] [uav7.mavros]: Plugin local_position created
[INFO] [1790499076.166627187] [uav7.mavros]: Plugin local_position initialized
[INFO] [1790499076.166652709] [uav7.mavros]: Plugin manual_control ignored
[INFO] [1790499076.166669384] [uav7.mavros]: Plugin nav_controller_output ignored
[INFO] [1790499076.166685981] [uav7.mavros]: Plugin param ignored
[INFO] [1790499076.166701797] [uav7.mavros]: Plugin rallypoint ignored
[INFO] [1790499076.166717355] [uav7.mavros]: Plugin rc_io ignored
[INFO] [1790499076.166731863] [uav7.mavros]: Plugin setpoint_accel ignored
[INFO] [1790499076.166747066] [uav7.mavros]: Plugin setpoint_attitude ignored
[INFO] [1790499076.166762512] [uav7.mavros]: Plugin setpoint_position ignored
[INFO] [1790499076.166777630] [uav7.mavros]: Plugin setpoint_raw ignored
[INFO] [1790499076.166792717] [uav7.mavros]: Plugin setpoint_trajectory ignored
[INFO] [1790499076.834780885] [uav7.mavros]: Plugin setpoint_velocity created
[INFO] [1790499076.838265185] [uav7.mavros]: Plugin setpoint_velocity initialized
[INFO] [1790499078.475992587] [uav7.mavros]: Plugin sys_status created
[INFO] [1790499078.476165043] [uav7.mavros]: Plugin sys_status initialized
[INFO] [1790499079.796786764] [uav7.mavros.time]: TM: Timesync mode: MAVLINK
[INFO] [1790499079.895682887] [uav7.mavros]: Plugin sys_time created
[INFO] [1790499079.895791858] [uav7.mavros]: Plugin sys_time initialized
[INFO] [1790499079.895820485] [uav7.mavros]: Plugin waypoint ignored
[INFO] [1790499079.895837596] [uav7.mavros]: Plugin wind_estimation ignored
[INFO] [1790499079.951617729] [uav7.mavros]: Built-in SIMD instructions: SSE, SSE2
[INFO] [1790499079.951711404] [uav7.mavros]: Built-in MAVLink package version: 2026.8.8
[INFO] [1790499079.951754008] [uav7.mavros]: Known MAVLink dialects: common ardupilotmega ASLUAV AVSSUAS all csAirLink cubepilot development icarous loweheiser marsh paparazzi standard stemstudios storm32 uAvionix ualberta
[INFO] [1790499079.951772762] [uav7.mavros]: MAVROS UAS via /uas7 started. MY ID 7.191, TARGET ID 7.1
[INFO] [1790499079.963714207] [uav7.mavros_router]: link[1001] detected remote address 7.191
[INFO] [1790499080.153116081] [uav7.mavros]: CON: Got HEARTBEAT, connected. FCU: PX4 Autopilot
[INFO] [1790499081.328771250] [uav7.mavros.sys]: VER: 7.1: Capabilities         0x000000000000e8ff
[INFO] [1790499081.329418963] [uav7.mavros.sys]: VER: 7.1: Flight software:     011200c0 (fca3df865a000000)
[INFO] [1790499081.329475302] [uav7.mavros.sys]: VER: 7.1: Middleware software: 011200c0 (fca3df865a000000)
[INFO] [1790499081.329491148] [uav7.mavros.sys]: VER: 7.1: OS software:         070000ff (17040b9f87cb1791)
[INFO] [1790499081.330372487] [uav7.mavros.sys]: VER: 7.1: Board hardware:      00000001
[INFO] [1790499081.330389838] [uav7.mavros.sys]: VER: 7.1: VID/PID:             0000:0000
[INFO] [1790499081.330404228] [uav7.mavros.sys]: VER: 7.1: UID:                 4954414c44494e55
[WARN] [1790499081.331755960] [uav7.mavros.cmd]: CMD: Unexpected command 512, result 0
[WARN] [1790499104.883314335] [uav7.mavros.sys]: FCU: UNK(8): EVENT 11047904 with args -0-0-0-0-0-128-0-0-0-176-122-127-128-176-122-127-128-0-0-0-0-0-0-0-0-0-0-0-0-0-0-0-0-0-0-0-0-0-0-0-
[INFO] [1790499104.883527594] [uav7.mavros.sys]: FCU: EVENT 377561 with args -8-0-0-0-20-0-0-0-0-0-0-0-0-0-0-0-0-0-0-0-0-0-0-0-0-0-0-0-0-0-0-0-0-0-0-0-0-0-0-0-
[WARN] [1790499104.883664276] [uav7.mavros.sys]: FCU: EVENT 453929 with args -255-255-255-255-7-0-0-0-0-0-0-0-0-0-0-0-0-0-0-0-0-0-0-0-0-0-0-0-0-0-0-0-0-0-0-0-0-0-0-0-
[INFO] [1790499104.883766410] [uav7.mavros.sys]: FCU: EVENT 6801787 with args -255-255-255-255-12-0-0-0-0-0-0-0-0-0-0-0-0-0-0-0-0-0-0-0-0-0-0-0-0-0-0-0-0-0-0-0-0-0-0-0-
[WARN] [1790499104.883951452] [uav7.mavros.sys]: FCU: UNK(8): EVENT 1914663 with args -0-10-13-2-56-0-0-0-0-0-0-0-0-0-0-0-0-0-0-0-0-0-0-0-0-0-0-0-0-0-0-0-0-0-0-0-0-0-0-0-
[WARN] [1790499121.602305814] [uav7.mavros.cmd]: CMD: Unexpected command 176, result 0
[INFO] [1790499123.421606394] [uav7.mavros.sys]: FCU: EVENT 9489139 with args -4-0-0-0-0-0-0-0-0-0-0-0-0-0-0-0-0-0-0-0-0-0-0-0-0-0-0-0-0-0-0-0-0-0-0-0-0-0-0-0-
[INFO] [1790499125.967350282] [uav7.mavros.sys]: FCU: EVENT 4277609 with args -0-0-0-0-0-0-0-0-0-0-0-0-0-0-0-0-0-0-0-0-0-0-0-0-0-0-0-0-0-0-0-0-0-0-0-0-0-0-0-0-
[WARN] [1790499304.279017914] [uav7.mavros]: CON: Lost connection, HEARTBEAT timed out.
[INFO] [1790499305.176253720] [uav7.mavros]: CON: Got HEARTBEAT, connected. FCU: PX4 Autopilot
[INFO] [1790499307.173121675] [uav7.mavros.sys]: VER: 7.1: Capabilities         0x000000000000e8ff
[INFO] [1790499307.178916513] [uav7.mavros.sys]: VER: 7.1: Flight software:     011200c0 (fca3df865a000000)
[INFO] [1790499307.178972415] [uav7.mavros.sys]: VER: 7.1: Middleware software: 011200c0 (fca3df865a000000)
[INFO] [1790499307.178986220] [uav7.mavros.sys]: VER: 7.1: OS software:         070000ff (17040b9f87cb1791)
[INFO] [1790499307.178998014] [uav7.mavros.sys]: VER: 7.1: Board hardware:      00000001
[INFO] [1790499307.179010468] [uav7.mavros.sys]: VER: 7.1: VID/PID:             0000:0000
[INFO] [1790499307.179023947] [uav7.mavros.sys]: VER: 7.1: UID:                 4954414c44494e55
[WARN] [1790499307.200254046] [uav7.mavros.cmd]: CMD: Unexpected command 512, result 0
[WARN] [1790499307.365697974] [uav7.mavros.sys]: FCU: UNK(8): EVENT 11047904 with args -0-0-0-16-0-128-0-0-0-176-58-127-128-176-58-127-128-0-0-0-0-0-0-0-0-0-0-0-0-0-0-0-0-0-0-0-0-0-0-0-
[ERROR] [1790499307.379663105] [uav7.mavros.sys]: FCU: EVENT 11464574 with args -0-64-0-0-20-0-0-0-0-0-0-0-0-0-0-0-0-0-0-0-0-0-0-0-0-0-0-0-0-0-0-0-0-0-0-0-0-0-0-0-
[INFO] [1790499307.384607739] [uav7.mavros.sys]: FCU: EVENT 377561 with args -8-0-0-0-20-0-0-0-0-0-0-0-0-0-0-0-0-0-0-0-0-0-0-0-0-0-0-0-0-0-0-0-0-0-0-0-0-0-0-0-
[WARN] [1790499307.384750479] [uav7.mavros.sys]: FCU: EVENT 453929 with args -255-255-255-255-7-0-0-0-0-0-0-0-0-0-0-0-0-0-0-0-0-0-0-0-0-0-0-0-0-0-0-0-0-0-0-0-0-0-0-0-
[INFO] [1790499307.384866190] [uav7.mavros.sys]: FCU: EVENT 6801787 with args -255-255-255-255-12-0-0-0-0-0-0-0-0-0-0-0-0-0-0-0-0-0-0-0-0-0-0-0-0-0-0-0-0-0-0-0-0-0-0-0-
[WARN] [1790499307.393812877] [uav7.mavros.sys]: FCU: UNK(8): EVENT 1914663 with args -0-10-13-2-56-0-0-0-0-0-0-0-0-0-0-0-0-0-0-0-0-0-0-0-0-0-0-0-0-0-0-0-0-0-0-0-0-0-0-0-
[ERROR] [1790499307.394022025] [uav7.mavros.sys]: FCU: EVENT 14605264 with args -0-0-6-0-6-0-0-0-0-0-0-0-0-0-0-0-0-0-0-0-0-0-0-0-0-0-0-0-0-0-0-0-0-0-0-0-0-0-0-0-
[INFO] [1790499307.394141941] [uav7.mavros.sys]: FCU: EVENT 5383828 with args -7-2-0-0-31-0-0-0-0-0-0-0-0-0-0-0-0-0-0-0-0-0-0-0-0-0-0-0-0-0-0-0-0-0-0-0-0-0-0-0-
[INFO] [1790499311.331659823] [rclcpp]: signal_handler(SIGINT/SIGTERM)
[WARN] [1790499311.348496323] [uav7.mavros]: UAS Executor terminated
