[INFO] [1790403421.314923227] [uav9.mavros_node]: Starting mavros_node container
[INFO] [1790403421.315039936] [uav9.mavros_node]: FCU URL: udp://:14548@127.0.0.1:14588
[INFO] [1790403421.315049323] [uav9.mavros_node]: GCS URL: 
[INFO] [1790403421.315054055] [uav9.mavros_node]: UAS Prefix: /uas9
[INFO] [1790403421.315058388] [uav9.mavros_node]: Starting mavros router node
[INFO] [1790403421.384106355] [uav9.mavros_router]: Built-in SIMD instructions: SSE, SSE2
[INFO] [1790403421.384157659] [uav9.mavros_router]: Built-in MAVLink package version: 2026.8.8
[INFO] [1790403421.384167503] [uav9.mavros_router]: Known MAVLink dialects: common ardupilotmega ASLUAV AVSSUAS all csAirLink cubepilot development icarous loweheiser marsh paparazzi standard stemstudios storm32 uAvionix ualberta
[INFO] [1790403421.384174693] [uav9.mavros_router]: MAVROS Router started
[INFO] [1790403421.384300057] [uav9.mavros_node]: Starting mavros uas node
[INFO] [1790403421.679039381] [uav9.mavros_router]: Requested to add endpoint: type: 0, url: udp://:14548@127.0.0.1:14588
[INFO] [1790403421.679105450] [uav9.mavros_router]: Endpoint link[1000] created
[INFO] [1790403421.681481292] [uav9.mavros_router]: link[1000] opened successfully
[INFO] [1790403421.682712660] [uav9.mavros_router]: Requested to add endpoint: type: 2, url: /uas9
[INFO] [1790403421.683823868] [uav9.mavros_router]: Endpoint link[1001] created
[INFO] [1790403421.690122550] [uav9.mavros_router]: link[1000] detected remote address 9.1
[INFO] [1790403421.695307198] [uav9.mavros]: Plugin actuator_control ignored
[INFO] [1790403421.695698612] [uav9.mavros]: Plugin altitude ignored
[INFO] [1790403421.695671418] [uav9.mavros]: UAS Executor started, threads: 4
[INFO] [1790403421.778984902] [uav9.mavros_router]: link[1001] opened successfully
[INFO] [1790403421.902484232] [uav9.mavros]: Plugin command created
[INFO] [1790403421.902564120] [uav9.mavros]: Plugin command initialized
[INFO] [1790403421.902576565] [uav9.mavros]: Plugin ftp ignored
[INFO] [1790403421.902583130] [uav9.mavros]: Plugin geofence ignored
[INFO] [1790403421.988703107] [uav9.mavros]: Plugin global_position created
[INFO] [1790403421.988772051] [uav9.mavros]: Plugin global_position initialized
[INFO] [1790403421.988870822] [uav9.mavros]: Plugin home_position ignored
[INFO] [1790403421.988877638] [uav9.mavros]: Plugin imu ignored
[INFO] [1790403422.132071956] [uav9.mavros]: Plugin local_position created
[INFO] [1790403422.132132754] [uav9.mavros]: Plugin local_position initialized
[INFO] [1790403422.132143845] [uav9.mavros]: Plugin manual_control ignored
[INFO] [1790403422.132149374] [uav9.mavros]: Plugin nav_controller_output ignored
[INFO] [1790403422.132154718] [uav9.mavros]: Plugin param ignored
[INFO] [1790403422.132160055] [uav9.mavros]: Plugin rallypoint ignored
[INFO] [1790403422.132165076] [uav9.mavros]: Plugin rc_io ignored
[INFO] [1790403422.132170659] [uav9.mavros]: Plugin setpoint_accel ignored
[INFO] [1790403422.132175737] [uav9.mavros]: Plugin setpoint_attitude ignored
[INFO] [1790403422.132180761] [uav9.mavros]: Plugin setpoint_position ignored
[INFO] [1790403422.132186615] [uav9.mavros]: Plugin setpoint_raw ignored
[INFO] [1790403422.132192021] [uav9.mavros]: Plugin setpoint_trajectory ignored
[INFO] [1790403422.152332576] [uav9.mavros]: Plugin setpoint_velocity created
[INFO] [1790403422.152512508] [uav9.mavros]: Plugin setpoint_velocity initialized
[INFO] [1790403422.193634163] [uav9.mavros]: Plugin sys_status created
[INFO] [1790403422.193709750] [uav9.mavros]: Plugin sys_status initialized
[INFO] [1790403422.205485039] [uav9.mavros.time]: TM: Timesync mode: MAVLINK
[INFO] [1790403422.208290684] [uav9.mavros]: Plugin sys_time created
[INFO] [1790403422.208344882] [uav9.mavros]: Plugin sys_time initialized
[INFO] [1790403422.208451226] [uav9.mavros]: Plugin waypoint ignored
[INFO] [1790403422.208469628] [uav9.mavros]: Plugin wind_estimation ignored
[INFO] [1790403422.210357914] [uav9.mavros]: Built-in SIMD instructions: SSE, SSE2
[INFO] [1790403422.210405102] [uav9.mavros]: Built-in MAVLink package version: 2026.8.8
[INFO] [1790403422.210440574] [uav9.mavros]: Known MAVLink dialects: common ardupilotmega ASLUAV AVSSUAS all csAirLink cubepilot development icarous loweheiser marsh paparazzi standard stemstudios storm32 uAvionix ualberta
[INFO] [1790403422.210448482] [uav9.mavros]: MAVROS UAS via /uas9 started. MY ID 9.191, TARGET ID 9.1
[INFO] [1790403422.218842462] [uav9.mavros_router]: link[1001] detected remote address 9.191
[INFO] [1790403422.404897247] [uav9.mavros]: CON: Got HEARTBEAT, connected. FCU: PX4 Autopilot
[INFO] [1790403423.556056720] [uav9.mavros.sys]: VER: 9.1: Capabilities         0x000000000000e8ff
[INFO] [1790403423.556109558] [uav9.mavros.sys]: VER: 9.1: Flight software:     011200c0 (fca3df865a000000)
[INFO] [1790403423.556118756] [uav9.mavros.sys]: VER: 9.1: Middleware software: 011200c0 (fca3df865a000000)
[INFO] [1790403423.556123965] [uav9.mavros.sys]: VER: 9.1: OS software:         070000ff (17040b9f87cb1791)
[INFO] [1790403423.556128740] [uav9.mavros.sys]: VER: 9.1: Board hardware:      00000001
[INFO] [1790403423.556133971] [uav9.mavros.sys]: VER: 9.1: VID/PID:             0000:0000
[INFO] [1790403423.556139601] [uav9.mavros.sys]: VER: 9.1: UID:                 4954414c44494e57
[WARN] [1790403423.556182030] [uav9.mavros.cmd]: CMD: Unexpected command 512, result 0
[WARN] [1790403423.576373860] [uav9.mavros.sys]: FCU: UNK(8): EVENT 11047904 with args -0-0-0-0-0-128-0-0-0-176-122-127-128-176-122-127-128-0-0-0-0-0-0-0-0-0-0-0-0-0-0-0-0-0-0-0-0-0-0-0-
[INFO] [1790403423.576456774] [uav9.mavros.sys]: FCU: EVENT 377561 with args -8-0-0-0-20-0-0-0-0-0-0-0-0-0-0-0-0-0-0-0-0-0-0-0-0-0-0-0-0-0-0-0-0-0-0-0-0-0-0-0-
[WARN] [1790403423.576517021] [uav9.mavros.sys]: FCU: EVENT 453929 with args -255-255-255-255-7-0-0-0-0-0-0-0-0-0-0-0-0-0-0-0-0-0-0-0-0-0-0-0-0-0-0-0-0-0-0-0-0-0-0-0-
[INFO] [1790403423.576560159] [uav9.mavros.sys]: FCU: EVENT 6801787 with args -255-255-255-255-12-0-0-0-0-0-0-0-0-0-0-0-0-0-0-0-0-0-0-0-0-0-0-0-0-0-0-0-0-0-0-0-0-0-0-0-
[WARN] [1790403423.576597149] [uav9.mavros.sys]: FCU: UNK(8): EVENT 1914663 with args -0-10-13-2-56-0-0-0-0-0-0-0-0-0-0-0-0-0-0-0-0-0-0-0-0-0-0-0-0-0-0-0-0-0-0-0-0-0-0-0-
[INFO] [1790403428.857901845] [uav9.mavros.sys]: FCU: EVENT 9489139 with args -4-0-0-0-0-0-0-0-0-0-0-0-0-0-0-0-0-0-0-0-0-0-0-0-0-0-0-0-0-0-0-0-0-0-0-0-0-0-0-0-
[INFO] [1790403430.928383605] [uav9.mavros.sys]: FCU: EVENT 4277609 with args -0-0-0-0-0-0-0-0-0-0-0-0-0-0-0-0-0-0-0-0-0-0-0-0-0-0-0-0-0-0-0-0-0-0-0-0-0-0-0-0-
[WARN] [1790403471.032418997] [uav9.mavros.cmd]: CMD: Unexpected command 176, result 0
[INFO] [1790403489.133498164] [uav9.mavros.sys]: FCU: EVENT 9844908 with args -0-0-0-0-0-0-0-0-0-0-0-0-0-0-0-0-0-0-0-0-0-0-0-0-0-0-0-0-0-0-0-0-0-0-0-0-0-0-0-0-
[INFO] [1790403491.301624655] [uav9.mavros.sys]: FCU: EVENT 16017271 with args -6-0-0-0-0-0-0-0-0-0-0-0-0-0-0-0-0-0-0-0-0-0-0-0-0-0-0-0-0-0-0-0-0-0-0-0-0-0-0-0-
[WARN] [1790403495.637316866] [uav9.mavros.sys]: FCU: UNK(8): EVENT 11047904 with args -0-0-0-0-0-128-0-0-0-176-122-127-128-176-122-127-128-0-0-0-0-0-0-0-0-0-0-0-0-0-0-0-0-0-0-0-0-0-0-0-
[INFO] [1790403495.637494445] [uav9.mavros.sys]: FCU: EVENT 377561 with args -8-0-0-0-20-0-0-0-0-0-0-0-0-0-0-0-0-0-0-0-0-0-0-0-0-0-0-0-0-0-0-0-0-0-0-0-0-0-0-0-
[WARN] [1790403495.637541026] [uav9.mavros.sys]: FCU: EVENT 453929 with args -255-255-255-255-7-0-0-0-0-0-0-0-0-0-0-0-0-0-0-0-0-0-0-0-0-0-0-0-0-0-0-0-0-0-0-0-0-0-0-0-
[INFO] [1790403495.637579865] [uav9.mavros.sys]: FCU: EVENT 6801787 with args -255-255-255-255-12-0-0-0-0-0-0-0-0-0-0-0-0-0-0-0-0-0-0-0-0-0-0-0-0-0-0-0-0-0-0-0-0-0-0-0-
[WARN] [1790403495.637616780] [uav9.mavros.sys]: FCU: UNK(8): EVENT 1914663 with args -0-10-9-2-56-0-0-0-0-0-0-0-0-0-0-0-0-0-0-0-0-0-0-0-0-0-0-0-0-0-0-0-0-0-0-0-0-0-0-0-
[INFO] [1790403497.828130697] [rclcpp]: signal_handler(SIGINT/SIGTERM)
[WARN] [1790403497.835805243] [uav9.mavros]: UAS Executor terminated
