[INFO] [1790595321.967713785] [uav6.mavros_node]: Starting mavros_node container
[INFO] [1790595321.967839946] [uav6.mavros_node]: FCU URL: udp://:14545@127.0.0.1:14585
[INFO] [1790595321.967851947] [uav6.mavros_node]: GCS URL: 
[INFO] [1790595321.967858492] [uav6.mavros_node]: UAS Prefix: /uas6
[INFO] [1790595321.967863983] [uav6.mavros_node]: Starting mavros router node
[INFO] [1790595322.159744439] [uav6.mavros_router]: Built-in SIMD instructions: SSE, SSE2
[INFO] [1790595322.161611387] [uav6.mavros_router]: Built-in MAVLink package version: 2026.8.8
[INFO] [1790595322.161853331] [uav6.mavros_router]: Known MAVLink dialects: common ardupilotmega ASLUAV AVSSUAS all csAirLink cubepilot development icarous loweheiser marsh paparazzi standard stemstudios storm32 uAvionix ualberta
[INFO] [1790595322.162673339] [uav6.mavros_router]: MAVROS Router started
[INFO] [1790595322.165083258] [uav6.mavros_node]: Starting mavros uas node
[INFO] [1790595322.361942123] [uav6.mavros_router]: Requested to add endpoint: type: 0, url: udp://:14545@127.0.0.1:14585
[INFO] [1790595322.362018873] [uav6.mavros_router]: Endpoint link[1000] created
[INFO] [1790595322.364271994] [uav6.mavros_router]: link[1000] opened successfully
[INFO] [1790595322.364327866] [uav6.mavros_router]: Requested to add endpoint: type: 2, url: /uas6
[INFO] [1790595322.364347836] [uav6.mavros_router]: Endpoint link[1001] created
[INFO] [1790595322.366756452] [uav6.mavros_router]: link[1000] detected remote address 6.1
[INFO] [1790595322.387892784] [uav6.mavros]: Plugin actuator_control ignored
[INFO] [1790595322.392053776] [uav6.mavros]: Plugin altitude ignored
[INFO] [1790595322.388137987] [uav6.mavros]: UAS Executor started, threads: 4
[INFO] [1790595322.429782340] [uav6.mavros_router]: link[1001] opened successfully
[INFO] [1790595322.609704720] [uav6.mavros]: Plugin command created
[INFO] [1790595322.613532593] [uav6.mavros]: Plugin command initialized
[INFO] [1790595322.613900418] [uav6.mavros]: Plugin ftp ignored
[INFO] [1790595322.614198723] [uav6.mavros]: Plugin geofence ignored
[INFO] [1790595322.807914499] [uav6.mavros]: Plugin global_position created
[INFO] [1790595322.808211755] [uav6.mavros]: Plugin global_position initialized
[INFO] [1790595322.808232383] [uav6.mavros]: Plugin home_position ignored
[INFO] [1790595322.808239080] [uav6.mavros]: Plugin imu ignored
[INFO] [1790595323.078889343] [uav6.mavros]: Plugin local_position created
[INFO] [1790595323.078950135] [uav6.mavros]: Plugin local_position initialized
[INFO] [1790595323.078960343] [uav6.mavros]: Plugin manual_control ignored
[INFO] [1790595323.078966129] [uav6.mavros]: Plugin nav_controller_output ignored
[INFO] [1790595323.078972027] [uav6.mavros]: Plugin param ignored
[INFO] [1790595323.078978153] [uav6.mavros]: Plugin rallypoint ignored
[INFO] [1790595323.091498818] [uav6.mavros]: Plugin rc_io ignored
[INFO] [1790595323.091509259] [uav6.mavros]: Plugin setpoint_accel ignored
[INFO] [1790595323.091514886] [uav6.mavros]: Plugin setpoint_attitude ignored
[INFO] [1790595323.091520605] [uav6.mavros]: Plugin setpoint_position ignored
[INFO] [1790595323.091526363] [uav6.mavros]: Plugin setpoint_raw ignored
[INFO] [1790595323.091534590] [uav6.mavros]: Plugin setpoint_trajectory ignored
[INFO] [1790595323.343385802] [uav6.mavros]: Plugin setpoint_velocity created
[INFO] [1790595323.343453026] [uav6.mavros]: Plugin setpoint_velocity initialized
[INFO] [1790595323.585475010] [uav6.mavros]: Plugin sys_status created
[INFO] [1790595323.585548834] [uav6.mavros]: Plugin sys_status initialized
[INFO] [1790595323.650557113] [uav6.mavros.time]: TM: Timesync mode: MAVLINK
[INFO] [1790595323.688169460] [uav6.mavros]: Plugin sys_time created
[INFO] [1790595323.688237027] [uav6.mavros]: Plugin sys_time initialized
[INFO] [1790595323.688247353] [uav6.mavros]: Plugin waypoint ignored
[INFO] [1790595323.688253720] [uav6.mavros]: Plugin wind_estimation ignored
[INFO] [1790595323.712877897] [uav6.mavros]: Built-in SIMD instructions: SSE, SSE2
[INFO] [1790595323.712931003] [uav6.mavros]: Built-in MAVLink package version: 2026.8.8
[INFO] [1790595323.712964127] [uav6.mavros]: Known MAVLink dialects: common ardupilotmega ASLUAV AVSSUAS all csAirLink cubepilot development icarous loweheiser marsh paparazzi standard stemstudios storm32 uAvionix ualberta
[INFO] [1790595323.712972273] [uav6.mavros]: MAVROS UAS via /uas6 started. MY ID 6.191, TARGET ID 6.1
[INFO] [1790595323.829200583] [uav6.mavros_router]: link[1001] detected remote address 6.191
[INFO] [1790595324.389896708] [uav6.mavros]: CON: Got HEARTBEAT, connected. FCU: PX4 Autopilot
[INFO] [1790595325.416156304] [uav6.mavros.sys]: VER: 6.1: Capabilities         0x000000000000e8ff
[INFO] [1790595325.416195887] [uav6.mavros.sys]: VER: 6.1: Flight software:     011200c0 (fca3df865a000000)
[INFO] [1790595325.416204426] [uav6.mavros.sys]: VER: 6.1: Middleware software: 011200c0 (fca3df865a000000)
[INFO] [1790595325.416210266] [uav6.mavros.sys]: VER: 6.1: OS software:         070000ff (17040b9f87cb1791)
[INFO] [1790595325.416215858] [uav6.mavros.sys]: VER: 6.1: Board hardware:      00000001
[INFO] [1790595325.416221325] [uav6.mavros.sys]: VER: 6.1: VID/PID:             0000:0000
[INFO] [1790595325.416226893] [uav6.mavros.sys]: VER: 6.1: UID:                 4954414c44494e54
[WARN] [1790595325.421244483] [uav6.mavros.cmd]: CMD: Unexpected command 512, result 0
[WARN] [1790595339.528981153] [uav6.mavros.sys]: FCU: UNK(8): EVENT 11047904 with args -0-0-0-0-0-128-0-0-0-176-122-127-128-176-122-127-128-0-0-0-0-0-0-0-0-0-0-0-0-0-0-0-0-0-0-0-0-0-0-0-
[INFO] [1790595339.529271615] [uav6.mavros.sys]: FCU: EVENT 377561 with args -8-0-0-0-20-0-0-0-0-0-0-0-0-0-0-0-0-0-0-0-0-0-0-0-0-0-0-0-0-0-0-0-0-0-0-0-0-0-0-0-
[WARN] [1790595339.530352506] [uav6.mavros.sys]: FCU: EVENT 453929 with args -255-255-255-255-7-0-0-0-0-0-0-0-0-0-0-0-0-0-0-0-0-0-0-0-0-0-0-0-0-0-0-0-0-0-0-0-0-0-0-0-
[INFO] [1790595339.530393318] [uav6.mavros.sys]: FCU: EVENT 6801787 with args -255-255-255-255-12-0-0-0-0-0-0-0-0-0-0-0-0-0-0-0-0-0-0-0-0-0-0-0-0-0-0-0-0-0-0-0-0-0-0-0-
[WARN] [1790595339.530433823] [uav6.mavros.sys]: FCU: UNK(8): EVENT 1914663 with args -0-10-13-2-56-0-0-0-0-0-0-0-0-0-0-0-0-0-0-0-0-0-0-0-0-0-0-0-0-0-0-0-0-0-0-0-0-0-0-0-
[WARN] [1790595339.682087029] [uav6.mavros.cmd]: CMD: Unexpected command 176, result 0
[INFO] [1790595339.873225750] [uav6.mavros.sys]: FCU: EVENT 9489139 with args -4-0-0-0-0-0-0-0-0-0-0-0-0-0-0-0-0-0-0-0-0-0-0-0-0-0-0-0-0-0-0-0-0-0-0-0-0-0-0-0-
[INFO] [1790595341.809738252] [uav6.mavros.sys]: FCU: EVENT 4277609 with args -0-0-0-0-0-0-0-0-0-0-0-0-0-0-0-0-0-0-0-0-0-0-0-0-0-0-0-0-0-0-0-0-0-0-0-0-0-0-0-0-
[WARN] [1790595591.823597779] [uav6.mavros.cmd]: CMD: Unexpected command 176, result 0
[INFO] [1790595625.590153239] [uav6.mavros.sys]: FCU: EVENT 9844908 with args -0-0-0-0-0-0-0-0-0-0-0-0-0-0-0-0-0-0-0-0-0-0-0-0-0-0-0-0-0-0-0-0-0-0-0-0-0-0-0-0-
[INFO] [1790595627.713201918] [uav6.mavros.sys]: FCU: EVENT 16017271 with args -6-0-0-0-0-0-0-0-0-0-0-0-0-0-0-0-0-0-0-0-0-0-0-0-0-0-0-0-0-0-0-0-0-0-0-0-0-0-0-0-
[WARN] [1790595631.677577693] [uav6.mavros.sys]: FCU: UNK(8): EVENT 11047904 with args -0-0-0-0-0-128-0-0-0-176-122-127-128-176-122-127-128-0-0-0-0-0-0-0-0-0-0-0-0-0-0-0-0-0-0-0-0-0-0-0-
[INFO] [1790595631.677670915] [uav6.mavros.sys]: FCU: EVENT 377561 with args -8-0-0-0-20-0-0-0-0-0-0-0-0-0-0-0-0-0-0-0-0-0-0-0-0-0-0-0-0-0-0-0-0-0-0-0-0-0-0-0-
[WARN] [1790595631.677736331] [uav6.mavros.sys]: FCU: EVENT 453929 with args -255-255-255-255-7-0-0-0-0-0-0-0-0-0-0-0-0-0-0-0-0-0-0-0-0-0-0-0-0-0-0-0-0-0-0-0-0-0-0-0-
[INFO] [1790595631.677817478] [uav6.mavros.sys]: FCU: EVENT 6801787 with args -255-255-255-255-12-0-0-0-0-0-0-0-0-0-0-0-0-0-0-0-0-0-0-0-0-0-0-0-0-0-0-0-0-0-0-0-0-0-0-0-
[WARN] [1790595631.677837140] [uav6.mavros.sys]: FCU: UNK(8): EVENT 1914663 with args -0-10-9-2-56-0-0-0-0-0-0-0-0-0-0-0-0-0-0-0-0-0-0-0-0-0-0-0-0-0-0-0-0-0-0-0-0-0-0-0-
[INFO] [1790595638.459992986] [rclcpp]: signal_handler(SIGINT/SIGTERM)
[WARN] [1790595638.460442716] [uav6.mavros]: UAS Executor terminated
