[INFO] [1790595322.032517573] [uav5.mavros_node]: Starting mavros_node container
[INFO] [1790595322.032632513] [uav5.mavros_node]: FCU URL: udp://:14544@127.0.0.1:14584
[INFO] [1790595322.032646122] [uav5.mavros_node]: GCS URL: 
[INFO] [1790595322.032652658] [uav5.mavros_node]: UAS Prefix: /uas5
[INFO] [1790595322.032658803] [uav5.mavros_node]: Starting mavros router node
[INFO] [1790595322.165205894] [uav5.mavros_router]: Built-in SIMD instructions: SSE, SSE2
[INFO] [1790595322.168712111] [uav5.mavros_router]: Built-in MAVLink package version: 2026.8.8
[INFO] [1790595322.168744801] [uav5.mavros_router]: Known MAVLink dialects: common ardupilotmega ASLUAV AVSSUAS all csAirLink cubepilot development icarous loweheiser marsh paparazzi standard stemstudios storm32 uAvionix ualberta
[INFO] [1790595322.168752977] [uav5.mavros_router]: MAVROS Router started
[INFO] [1790595322.170253074] [uav5.mavros_node]: Starting mavros uas node
[INFO] [1790595322.485677913] [uav5.mavros_router]: Requested to add endpoint: type: 0, url: udp://:14544@127.0.0.1:14584
[INFO] [1790595322.485735337] [uav5.mavros_router]: Endpoint link[1000] created
[INFO] [1790595322.485971301] [uav5.mavros_router]: link[1000] opened successfully
[INFO] [1790595322.485991778] [uav5.mavros_router]: Requested to add endpoint: type: 2, url: /uas5
[INFO] [1790595322.486005679] [uav5.mavros_router]: Endpoint link[1001] created
[INFO] [1790595322.489299425] [uav5.mavros_router]: link[1000] detected remote address 5.1
[INFO] [1790595322.499686489] [uav5.mavros]: Plugin actuator_control ignored
[INFO] [1790595322.499750765] [uav5.mavros]: Plugin altitude ignored
[INFO] [1790595322.500843066] [uav5.mavros]: UAS Executor started, threads: 4
[INFO] [1790595322.560524347] [uav5.mavros_router]: link[1001] opened successfully
[INFO] [1790595322.842394459] [uav5.mavros]: Plugin command created
[INFO] [1790595322.854204786] [uav5.mavros]: Plugin command initialized
[INFO] [1790595322.854217694] [uav5.mavros]: Plugin ftp ignored
[INFO] [1790595322.854223462] [uav5.mavros]: Plugin geofence ignored
[INFO] [1790595323.127963470] [uav5.mavros]: Plugin global_position created
[INFO] [1790595323.128027030] [uav5.mavros]: Plugin global_position initialized
[INFO] [1790595323.128037769] [uav5.mavros]: Plugin home_position ignored
[INFO] [1790595323.128044349] [uav5.mavros]: Plugin imu ignored
[INFO] [1790595323.361367974] [uav5.mavros]: Plugin local_position created
[INFO] [1790595323.361413560] [uav5.mavros]: Plugin local_position initialized
[INFO] [1790595323.361422921] [uav5.mavros]: Plugin manual_control ignored
[INFO] [1790595323.361429098] [uav5.mavros]: Plugin nav_controller_output ignored
[INFO] [1790595323.361435340] [uav5.mavros]: Plugin param ignored
[INFO] [1790595323.361441334] [uav5.mavros]: Plugin rallypoint ignored
[INFO] [1790595323.361447115] [uav5.mavros]: Plugin rc_io ignored
[INFO] [1790595323.361453133] [uav5.mavros]: Plugin setpoint_accel ignored
[INFO] [1790595323.361458999] [uav5.mavros]: Plugin setpoint_attitude ignored
[INFO] [1790595323.361465131] [uav5.mavros]: Plugin setpoint_position ignored
[INFO] [1790595323.361471152] [uav5.mavros]: Plugin setpoint_raw ignored
[INFO] [1790595323.361477068] [uav5.mavros]: Plugin setpoint_trajectory ignored
[INFO] [1790595323.503228316] [uav5.mavros]: Plugin setpoint_velocity created
[INFO] [1790595323.503297137] [uav5.mavros]: Plugin setpoint_velocity initialized
[INFO] [1790595323.727476749] [uav5.mavros]: Plugin sys_status created
[INFO] [1790595323.727555712] [uav5.mavros]: Plugin sys_status initialized
[INFO] [1790595323.852264982] [uav5.mavros.time]: TM: Timesync mode: MAVLINK
[INFO] [1790595323.864884573] [uav5.mavros]: Plugin sys_time created
[INFO] [1790595323.864949172] [uav5.mavros]: Plugin sys_time initialized
[INFO] [1790595323.864960204] [uav5.mavros]: Plugin waypoint ignored
[INFO] [1790595323.864969259] [uav5.mavros]: Plugin wind_estimation ignored
[INFO] [1790595323.884310708] [uav5.mavros]: Built-in SIMD instructions: SSE, SSE2
[INFO] [1790595323.884362746] [uav5.mavros]: Built-in MAVLink package version: 2026.8.8
[INFO] [1790595323.884394126] [uav5.mavros]: Known MAVLink dialects: common ardupilotmega ASLUAV AVSSUAS all csAirLink cubepilot development icarous loweheiser marsh paparazzi standard stemstudios storm32 uAvionix ualberta
[INFO] [1790595323.884402287] [uav5.mavros]: MAVROS UAS via /uas5 started. MY ID 5.191, TARGET ID 5.1
[INFO] [1790595323.956289671] [uav5.mavros_router]: link[1001] detected remote address 5.191
[INFO] [1790595324.389577186] [uav5.mavros]: CON: Got HEARTBEAT, connected. FCU: PX4 Autopilot
[INFO] [1790595325.415766656] [uav5.mavros.sys]: VER: 5.1: Capabilities         0x000000000000e8ff
[INFO] [1790595325.415836054] [uav5.mavros.sys]: VER: 5.1: Flight software:     011200c0 (fca3df865a000000)
[INFO] [1790595325.415847251] [uav5.mavros.sys]: VER: 5.1: Middleware software: 011200c0 (fca3df865a000000)
[INFO] [1790595325.415855409] [uav5.mavros.sys]: VER: 5.1: OS software:         070000ff (17040b9f87cb1791)
[INFO] [1790595325.415861045] [uav5.mavros.sys]: VER: 5.1: Board hardware:      00000001
[INFO] [1790595325.415867168] [uav5.mavros.sys]: VER: 5.1: VID/PID:             0000:0000
[INFO] [1790595325.415874366] [uav5.mavros.sys]: VER: 5.1: UID:                 4954414c44494e53
[WARN] [1790595325.416614284] [uav5.mavros.cmd]: CMD: Unexpected command 512, result 0
[WARN] [1790595333.252585406] [uav5.mavros.sys]: FCU: UNK(8): EVENT 11047904 with args -0-0-0-0-0-128-0-0-0-176-122-127-128-176-122-127-128-0-0-0-0-0-0-0-0-0-0-0-0-0-0-0-0-0-0-0-0-0-0-0-
[INFO] [1790595333.253001549] [uav5.mavros.sys]: FCU: EVENT 377561 with args -8-0-0-0-20-0-0-0-0-0-0-0-0-0-0-0-0-0-0-0-0-0-0-0-0-0-0-0-0-0-0-0-0-0-0-0-0-0-0-0-
[WARN] [1790595333.253067644] [uav5.mavros.sys]: FCU: EVENT 453929 with args -255-255-255-255-7-0-0-0-0-0-0-0-0-0-0-0-0-0-0-0-0-0-0-0-0-0-0-0-0-0-0-0-0-0-0-0-0-0-0-0-
[INFO] [1790595333.253113604] [uav5.mavros.sys]: FCU: EVENT 6801787 with args -255-255-255-255-12-0-0-0-0-0-0-0-0-0-0-0-0-0-0-0-0-0-0-0-0-0-0-0-0-0-0-0-0-0-0-0-0-0-0-0-
[WARN] [1790595333.253152247] [uav5.mavros.sys]: FCU: UNK(8): EVENT 1914663 with args -0-10-13-2-56-0-0-0-0-0-0-0-0-0-0-0-0-0-0-0-0-0-0-0-0-0-0-0-0-0-0-0-0-0-0-0-0-0-0-0-
[WARN] [1790595339.703543265] [uav5.mavros.cmd]: CMD: Unexpected command 176, result 0
[INFO] [1790595339.831713426] [uav5.mavros.sys]: FCU: EVENT 9489139 with args -4-0-0-0-0-0-0-0-0-0-0-0-0-0-0-0-0-0-0-0-0-0-0-0-0-0-0-0-0-0-0-0-0-0-0-0-0-0-0-0-
[INFO] [1790595341.774490790] [uav5.mavros.sys]: FCU: EVENT 4277609 with args -0-0-0-0-0-0-0-0-0-0-0-0-0-0-0-0-0-0-0-0-0-0-0-0-0-0-0-0-0-0-0-0-0-0-0-0-0-0-0-0-
[WARN] [1790595591.832075578] [uav5.mavros.cmd]: CMD: Unexpected command 176, result 0
[INFO] [1790595623.214028321] [uav5.mavros.sys]: FCU: EVENT 9844908 with args -0-0-0-0-0-0-0-0-0-0-0-0-0-0-0-0-0-0-0-0-0-0-0-0-0-0-0-0-0-0-0-0-0-0-0-0-0-0-0-0-
[INFO] [1790595625.300063001] [uav5.mavros.sys]: FCU: EVENT 16017271 with args -6-0-0-0-0-0-0-0-0-0-0-0-0-0-0-0-0-0-0-0-0-0-0-0-0-0-0-0-0-0-0-0-0-0-0-0-0-0-0-0-
[WARN] [1790595629.472773914] [uav5.mavros.sys]: FCU: UNK(8): EVENT 11047904 with args -0-0-0-0-0-128-0-0-0-176-122-127-128-176-122-127-128-0-0-0-0-0-0-0-0-0-0-0-0-0-0-0-0-0-0-0-0-0-0-0-
[INFO] [1790595629.472855478] [uav5.mavros.sys]: FCU: EVENT 377561 with args -8-0-0-0-20-0-0-0-0-0-0-0-0-0-0-0-0-0-0-0-0-0-0-0-0-0-0-0-0-0-0-0-0-0-0-0-0-0-0-0-
[WARN] [1790595629.473049411] [uav5.mavros.sys]: FCU: EVENT 453929 with args -255-255-255-255-7-0-0-0-0-0-0-0-0-0-0-0-0-0-0-0-0-0-0-0-0-0-0-0-0-0-0-0-0-0-0-0-0-0-0-0-
[INFO] [1790595629.473077327] [uav5.mavros.sys]: FCU: EVENT 6801787 with args -255-255-255-255-12-0-0-0-0-0-0-0-0-0-0-0-0-0-0-0-0-0-0-0-0-0-0-0-0-0-0-0-0-0-0-0-0-0-0-0-
[WARN] [1790595629.473138216] [uav5.mavros.sys]: FCU: UNK(8): EVENT 1914663 with args -0-10-9-2-56-0-0-0-0-0-0-0-0-0-0-0-0-0-0-0-0-0-0-0-0-0-0-0-0-0-0-0-0-0-0-0-0-0-0-0-
[INFO] [1790595638.460654455] [rclcpp]: signal_handler(SIGINT/SIGTERM)
[WARN] [1790595638.467917261] [uav5.mavros]: UAS Executor terminated
