[INFO] [1790595321.971083099] [uav1.mavros_node]: Starting mavros_node container
[INFO] [1790595321.971192443] [uav1.mavros_node]: FCU URL: udp://:14540@127.0.0.1:14580
[INFO] [1790595321.971205244] [uav1.mavros_node]: GCS URL: 
[INFO] [1790595321.971211412] [uav1.mavros_node]: UAS Prefix: /uas1
[INFO] [1790595321.971219987] [uav1.mavros_node]: Starting mavros router node
[INFO] [1790595322.033064623] [uav1.mavros_router]: Built-in SIMD instructions: SSE, SSE2
[INFO] [1790595322.033097492] [uav1.mavros_router]: Built-in MAVLink package version: 2026.8.8
[INFO] [1790595322.033105338] [uav1.mavros_router]: Known MAVLink dialects: common ardupilotmega ASLUAV AVSSUAS all csAirLink cubepilot development icarous loweheiser marsh paparazzi standard stemstudios storm32 uAvionix ualberta
[INFO] [1790595322.033110165] [uav1.mavros_router]: MAVROS Router started
[INFO] [1790595322.033248004] [uav1.mavros_node]: Starting mavros uas node
[INFO] [1790595322.141340251] [uav1.mavros_router]: Requested to add endpoint: type: 0, url: udp://:14540@127.0.0.1:14580
[INFO] [1790595322.141412945] [uav1.mavros_router]: Endpoint link[1000] created
[INFO] [1790595322.141668274] [uav1.mavros_router]: link[1000] opened successfully
[INFO] [1790595322.141684952] [uav1.mavros_router]: Requested to add endpoint: type: 2, url: /uas1
[INFO] [1790595322.141696123] [uav1.mavros_router]: Endpoint link[1001] created
[INFO] [1790595322.143579214] [uav1.mavros_router]: link[1000] detected remote address 1.1
[INFO] [1790595322.153886797] [uav1.mavros]: Plugin actuator_control ignored
[INFO] [1790595322.154042672] [uav1.mavros]: Plugin altitude ignored
[INFO] [1790595322.154824287] [uav1.mavros]: UAS Executor started, threads: 4
[INFO] [1790595322.164327120] [uav1.mavros_router]: link[1001] opened successfully
[INFO] [1790595322.373775621] [uav1.mavros]: Plugin command created
[INFO] [1790595322.373847977] [uav1.mavros]: Plugin command initialized
[INFO] [1790595322.373858319] [uav1.mavros]: Plugin ftp ignored
[INFO] [1790595322.373864477] [uav1.mavros]: Plugin geofence ignored
[INFO] [1790595322.578268148] [uav1.mavros]: Plugin global_position created
[INFO] [1790595322.578491997] [uav1.mavros]: Plugin global_position initialized
[INFO] [1790595322.579694583] [uav1.mavros]: Plugin home_position ignored
[INFO] [1790595322.579705007] [uav1.mavros]: Plugin imu ignored
[INFO] [1790595322.775418861] [uav1.mavros]: Plugin local_position created
[INFO] [1790595322.775488174] [uav1.mavros]: Plugin local_position initialized
[INFO] [1790595322.775499187] [uav1.mavros]: Plugin manual_control ignored
[INFO] [1790595322.775505960] [uav1.mavros]: Plugin nav_controller_output ignored
[INFO] [1790595322.775512490] [uav1.mavros]: Plugin param ignored
[INFO] [1790595322.775518844] [uav1.mavros]: Plugin rallypoint ignored
[INFO] [1790595322.775524877] [uav1.mavros]: Plugin rc_io ignored
[INFO] [1790595322.775531066] [uav1.mavros]: Plugin setpoint_accel ignored
[INFO] [1790595322.775537237] [uav1.mavros]: Plugin setpoint_attitude ignored
[INFO] [1790595322.775543530] [uav1.mavros]: Plugin setpoint_position ignored
[INFO] [1790595322.775549473] [uav1.mavros]: Plugin setpoint_raw ignored
[INFO] [1790595322.775555386] [uav1.mavros]: Plugin setpoint_trajectory ignored
[INFO] [1790595322.962401591] [uav1.mavros]: Plugin setpoint_velocity created
[INFO] [1790595322.962469206] [uav1.mavros]: Plugin setpoint_velocity initialized
[INFO] [1790595323.320736451] [uav1.mavros]: Plugin sys_status created
[INFO] [1790595323.320806588] [uav1.mavros]: Plugin sys_status initialized
[INFO] [1790595323.474307332] [uav1.mavros.time]: TM: Timesync mode: MAVLINK
[INFO] [1790595323.490952707] [uav1.mavros]: Plugin sys_time created
[INFO] [1790595323.491020443] [uav1.mavros]: Plugin sys_time initialized
[INFO] [1790595323.491032151] [uav1.mavros]: Plugin waypoint ignored
[INFO] [1790595323.491038750] [uav1.mavros]: Plugin wind_estimation ignored
[INFO] [1790595323.512287756] [uav1.mavros]: Built-in SIMD instructions: SSE, SSE2
[INFO] [1790595323.512338408] [uav1.mavros]: Built-in MAVLink package version: 2026.8.8
[INFO] [1790595323.512372579] [uav1.mavros]: Known MAVLink dialects: common ardupilotmega ASLUAV AVSSUAS all csAirLink cubepilot development icarous loweheiser marsh paparazzi standard stemstudios storm32 uAvionix ualberta
[INFO] [1790595323.512381823] [uav1.mavros]: MAVROS UAS via /uas1 started. MY ID 1.191, TARGET ID 1.1
[INFO] [1790595323.587536949] [uav1.mavros_router]: link[1001] detected remote address 1.191
[INFO] [1790595324.374861841] [uav1.mavros.sys]: VER: 1.1: Capabilities         0x000000000000e8ff
[INFO] [1790595324.374924532] [uav1.mavros.sys]: VER: 1.1: Flight software:     011200c0 (fca3df865a000000)
[INFO] [1790595324.374933313] [uav1.mavros.sys]: VER: 1.1: Middleware software: 011200c0 (fca3df865a000000)
[INFO] [1790595324.374939773] [uav1.mavros.sys]: VER: 1.1: OS software:         070000ff (17040b9f87cb1791)
[INFO] [1790595324.374945971] [uav1.mavros.sys]: VER: 1.1: Board hardware:      00000001
[INFO] [1790595324.374951710] [uav1.mavros.sys]: VER: 1.1: VID/PID:             0000:0000
[INFO] [1790595324.374957445] [uav1.mavros.sys]: VER: 1.1: UID:                 4954414c44494e4f
[WARN] [1790595324.377716555] [uav1.mavros.cmd]: CMD: Unexpected command 512, result 0
[INFO] [1790595324.457261738] [uav1.mavros]: CON: Got HEARTBEAT, connected. FCU: PX4 Autopilot
[INFO] [1790595325.494400859] [uav1.mavros.sys]: VER: 1.1: Capabilities         0x000000000000e8ff
[INFO] [1790595325.494479279] [uav1.mavros.sys]: VER: 1.1: Flight software:     011200c0 (fca3df865a000000)
[INFO] [1790595325.494498964] [uav1.mavros.sys]: VER: 1.1: Middleware software: 011200c0 (fca3df865a000000)
[INFO] [1790595325.494512645] [uav1.mavros.sys]: VER: 1.1: OS software:         070000ff (17040b9f87cb1791)
[INFO] [1790595325.494525472] [uav1.mavros.sys]: VER: 1.1: Board hardware:      00000001
[INFO] [1790595325.494537543] [uav1.mavros.sys]: VER: 1.1: VID/PID:             0000:0000
[INFO] [1790595325.494549854] [uav1.mavros.sys]: VER: 1.1: UID:                 4954414c44494e4f
[WARN] [1790595335.853538537] [uav1.mavros.sys]: FCU: UNK(8): EVENT 11047904 with args -0-0-0-0-0-128-0-0-0-176-122-127-128-176-122-127-128-0-0-0-0-0-0-0-0-0-0-0-0-0-0-0-0-0-0-0-0-0-0-0-
[INFO] [1790595335.853674226] [uav1.mavros.sys]: FCU: EVENT 377561 with args -8-0-0-0-20-0-0-0-0-0-0-0-0-0-0-0-0-0-0-0-0-0-0-0-0-0-0-0-0-0-0-0-0-0-0-0-0-0-0-0-
[WARN] [1790595335.853745341] [uav1.mavros.sys]: FCU: EVENT 453929 with args -255-255-255-255-7-0-0-0-0-0-0-0-0-0-0-0-0-0-0-0-0-0-0-0-0-0-0-0-0-0-0-0-0-0-0-0-0-0-0-0-
[INFO] [1790595335.853786421] [uav1.mavros.sys]: FCU: EVENT 6801787 with args -255-255-255-255-12-0-0-0-0-0-0-0-0-0-0-0-0-0-0-0-0-0-0-0-0-0-0-0-0-0-0-0-0-0-0-0-0-0-0-0-
[WARN] [1790595335.853823354] [uav1.mavros.sys]: FCU: UNK(8): EVENT 1914663 with args -0-10-13-2-56-0-0-0-0-0-0-0-0-0-0-0-0-0-0-0-0-0-0-0-0-0-0-0-0-0-0-0-0-0-0-0-0-0-0-0-
[WARN] [1790595339.666419686] [uav1.mavros.cmd]: CMD: Unexpected command 176, result 0
[INFO] [1790595339.908224020] [uav1.mavros.sys]: FCU: EVENT 9489139 with args -4-0-0-0-0-0-0-0-0-0-0-0-0-0-0-0-0-0-0-0-0-0-0-0-0-0-0-0-0-0-0-0-0-0-0-0-0-0-0-0-
[INFO] [1790595341.814146720] [uav1.mavros.sys]: FCU: EVENT 4277609 with args -0-0-0-0-0-0-0-0-0-0-0-0-0-0-0-0-0-0-0-0-0-0-0-0-0-0-0-0-0-0-0-0-0-0-0-0-0-0-0-0-
[WARN] [1790595591.609332723] [uav1.mavros.cmd]: CMD: Unexpected command 176, result 0
[INFO] [1790595622.737843661] [uav1.mavros.sys]: FCU: EVENT 9844908 with args -0-0-0-0-0-0-0-0-0-0-0-0-0-0-0-0-0-0-0-0-0-0-0-0-0-0-0-0-0-0-0-0-0-0-0-0-0-0-0-0-
[INFO] [1790595624.828558174] [uav1.mavros.sys]: FCU: EVENT 16017271 with args -6-0-0-0-0-0-0-0-0-0-0-0-0-0-0-0-0-0-0-0-0-0-0-0-0-0-0-0-0-0-0-0-0-0-0-0-0-0-0-0-
[WARN] [1790595628.334699088] [uav1.mavros.sys]: FCU: UNK(8): EVENT 11047904 with args -0-0-0-0-0-128-0-0-0-176-122-127-128-176-122-127-128-0-0-0-0-0-0-0-0-0-0-0-0-0-0-0-0-0-0-0-0-0-0-0-
[INFO] [1790595628.334848576] [uav1.mavros.sys]: FCU: EVENT 377561 with args -8-0-0-0-20-0-0-0-0-0-0-0-0-0-0-0-0-0-0-0-0-0-0-0-0-0-0-0-0-0-0-0-0-0-0-0-0-0-0-0-
[WARN] [1790595628.334880282] [uav1.mavros.sys]: FCU: EVENT 453929 with args -255-255-255-255-7-0-0-0-0-0-0-0-0-0-0-0-0-0-0-0-0-0-0-0-0-0-0-0-0-0-0-0-0-0-0-0-0-0-0-0-
[INFO] [1790595628.334959077] [uav1.mavros.sys]: FCU: EVENT 6801787 with args -255-255-255-255-12-0-0-0-0-0-0-0-0-0-0-0-0-0-0-0-0-0-0-0-0-0-0-0-0-0-0-0-0-0-0-0-0-0-0-0-
[WARN] [1790595628.334981764] [uav1.mavros.sys]: FCU: UNK(8): EVENT 1914663 with args -0-10-9-2-56-0-0-0-0-0-0-0-0-0-0-0-0-0-0-0-0-0-0-0-0-0-0-0-0-0-0-0-0-0-0-0-0-0-0-0-
[INFO] [1790595638.458775919] [rclcpp]: signal_handler(SIGINT/SIGTERM)
[WARN] [1790595638.461444653] [uav1.mavros]: UAS Executor terminated
