[INFO] [1790598949.190760809] [uav5.mavros_node]: Starting mavros_node container
[INFO] [1790598949.190872774] [uav5.mavros_node]: FCU URL: udp://:14544@127.0.0.1:14584
[INFO] [1790598949.190885715] [uav5.mavros_node]: GCS URL: 
[INFO] [1790598949.190891458] [uav5.mavros_node]: UAS Prefix: /uas5
[INFO] [1790598949.190896825] [uav5.mavros_node]: Starting mavros router node
[INFO] [1790598949.248212118] [uav5.mavros_router]: Built-in SIMD instructions: SSE, SSE2
[INFO] [1790598949.248357941] [uav5.mavros_router]: Built-in MAVLink package version: 2026.8.8
[INFO] [1790598949.248378209] [uav5.mavros_router]: Known MAVLink dialects: common ardupilotmega ASLUAV AVSSUAS all csAirLink cubepilot development icarous loweheiser marsh paparazzi standard stemstudios storm32 uAvionix ualberta
[INFO] [1790598949.248397462] [uav5.mavros_router]: MAVROS Router started
[INFO] [1790598949.248565152] [uav5.mavros_node]: Starting mavros uas node
[INFO] [1790598949.480221907] [uav5.mavros_router]: Requested to add endpoint: type: 0, url: udp://:14544@127.0.0.1:14584
[INFO] [1790598949.480288803] [uav5.mavros_router]: Endpoint link[1000] created
[INFO] [1790598949.482126661] [uav5.mavros_router]: link[1000] opened successfully
[INFO] [1790598949.482180387] [uav5.mavros_router]: Requested to add endpoint: type: 2, url: /uas5
[INFO] [1790598949.482202898] [uav5.mavros_router]: Endpoint link[1001] created
[INFO] [1790598949.488221350] [uav5.mavros_router]: link[1000] detected remote address 5.1
[INFO] [1790598949.516816544] [uav5.mavros]: UAS Executor started, threads: 4
[INFO] [1790598949.516830360] [uav5.mavros]: Plugin actuator_control ignored
[INFO] [1790598949.518168027] [uav5.mavros]: Plugin altitude ignored
[INFO] [1790598949.643122422] [uav5.mavros_router]: link[1001] opened successfully
[INFO] [1790598949.838203517] [uav5.mavros]: Plugin command created
[INFO] [1790598949.853073864] [uav5.mavros]: Plugin command initialized
[INFO] [1790598949.854532422] [uav5.mavros]: Plugin ftp ignored
[INFO] [1790598949.854549742] [uav5.mavros]: Plugin geofence ignored
[INFO] [1790598950.112805177] [uav5.mavros]: Plugin global_position created
[INFO] [1790598950.112880103] [uav5.mavros]: Plugin global_position initialized
[INFO] [1790598950.112891078] [uav5.mavros]: Plugin home_position ignored
[INFO] [1790598950.112897054] [uav5.mavros]: Plugin imu ignored
[INFO] [1790598950.490964864] [uav5.mavros]: Plugin local_position created
[INFO] [1790598950.491036648] [uav5.mavros]: Plugin local_position initialized
[INFO] [1790598950.491049140] [uav5.mavros]: Plugin manual_control ignored
[INFO] [1790598950.491054979] [uav5.mavros]: Plugin nav_controller_output ignored
[INFO] [1790598950.491060842] [uav5.mavros]: Plugin param ignored
[INFO] [1790598950.491066720] [uav5.mavros]: Plugin rallypoint ignored
[INFO] [1790598950.491072301] [uav5.mavros]: Plugin rc_io ignored
[INFO] [1790598950.491080980] [uav5.mavros]: Plugin setpoint_accel ignored
[INFO] [1790598950.491086817] [uav5.mavros]: Plugin setpoint_attitude ignored
[INFO] [1790598950.491092605] [uav5.mavros]: Plugin setpoint_position ignored
[INFO] [1790598950.491100013] [uav5.mavros]: Plugin setpoint_raw ignored
[INFO] [1790598950.491106039] [uav5.mavros]: Plugin setpoint_trajectory ignored
[INFO] [1790598950.660443516] [uav5.mavros]: Plugin setpoint_velocity created
[INFO] [1790598950.663154130] [uav5.mavros]: Plugin setpoint_velocity initialized
[INFO] [1790598951.069531379] [uav5.mavros]: Plugin sys_status created
[INFO] [1790598951.069746812] [uav5.mavros]: Plugin sys_status initialized
[INFO] [1790598951.384800150] [uav5.mavros.time]: TM: Timesync mode: MAVLINK
[INFO] [1790598951.403767498] [uav5.mavros]: Plugin sys_time created
[INFO] [1790598951.404557801] [uav5.mavros]: Plugin sys_time initialized
[INFO] [1790598951.404672202] [uav5.mavros]: Plugin waypoint ignored
[INFO] [1790598951.404694086] [uav5.mavros]: Plugin wind_estimation ignored
[INFO] [1790598951.412187591] [uav5.mavros]: Built-in SIMD instructions: SSE, SSE2
[INFO] [1790598951.412659571] [uav5.mavros]: Built-in MAVLink package version: 2026.8.8
[INFO] [1790598951.413895522] [uav5.mavros]: Known MAVLink dialects: common ardupilotmega ASLUAV AVSSUAS all csAirLink cubepilot development icarous loweheiser marsh paparazzi standard stemstudios storm32 uAvionix ualberta
[INFO] [1790598951.413961362] [uav5.mavros]: MAVROS UAS via /uas5 started. MY ID 5.191, TARGET ID 5.1
[INFO] [1790598951.419455636] [uav5.mavros_router]: link[1001] detected remote address 5.191
[INFO] [1790598951.631296492] [uav5.mavros]: CON: Got HEARTBEAT, connected. FCU: PX4 Autopilot
[INFO] [1790598952.659388003] [uav5.mavros.sys]: VER: 5.1: Capabilities         0x000000000000e8ff
[INFO] [1790598952.659457454] [uav5.mavros.sys]: VER: 5.1: Flight software:     011200c0 (fca3df865a000000)
[INFO] [1790598952.659466721] [uav5.mavros.sys]: VER: 5.1: Middleware software: 011200c0 (fca3df865a000000)
[INFO] [1790598952.659472590] [uav5.mavros.sys]: VER: 5.1: OS software:         070000ff (17040b9f87cb1791)
[INFO] [1790598952.659478682] [uav5.mavros.sys]: VER: 5.1: Board hardware:      00000001
[INFO] [1790598952.659484294] [uav5.mavros.sys]: VER: 5.1: VID/PID:             0000:0000
[INFO] [1790598952.659493593] [uav5.mavros.sys]: VER: 5.1: UID:                 4954414c44494e53
[WARN] [1790598952.665717527] [uav5.mavros.cmd]: CMD: Unexpected command 512, result 0
[WARN] [1790598959.745527193] [uav5.mavros.sys]: FCU: UNK(8): EVENT 11047904 with args -0-0-0-0-0-128-0-0-0-176-122-127-128-176-122-127-128-0-0-0-0-0-0-0-0-0-0-0-0-0-0-0-0-0-0-0-0-0-0-0-
[INFO] [1790598959.746812898] [uav5.mavros.sys]: FCU: EVENT 377561 with args -8-0-0-0-20-0-0-0-0-0-0-0-0-0-0-0-0-0-0-0-0-0-0-0-0-0-0-0-0-0-0-0-0-0-0-0-0-0-0-0-
[WARN] [1790598959.747367489] [uav5.mavros.sys]: FCU: EVENT 453929 with args -255-255-255-255-7-0-0-0-0-0-0-0-0-0-0-0-0-0-0-0-0-0-0-0-0-0-0-0-0-0-0-0-0-0-0-0-0-0-0-0-
[INFO] [1790598959.747826459] [uav5.mavros.sys]: FCU: EVENT 6801787 with args -255-255-255-255-12-0-0-0-0-0-0-0-0-0-0-0-0-0-0-0-0-0-0-0-0-0-0-0-0-0-0-0-0-0-0-0-0-0-0-0-
[WARN] [1790598959.751653375] [uav5.mavros.sys]: FCU: UNK(8): EVENT 1914663 with args -0-10-13-2-56-0-0-0-0-0-0-0-0-0-0-0-0-0-0-0-0-0-0-0-0-0-0-0-0-0-0-0-0-0-0-0-0-0-0-0-
[WARN] [1790598967.124029928] [uav5.mavros.cmd]: CMD: Unexpected command 176, result 0
[INFO] [1790598967.256744141] [uav5.mavros.sys]: FCU: EVENT 9489139 with args -4-0-0-0-0-0-0-0-0-0-0-0-0-0-0-0-0-0-0-0-0-0-0-0-0-0-0-0-0-0-0-0-0-0-0-0-0-0-0-0-
[INFO] [1790598969.264217254] [uav5.mavros.sys]: FCU: EVENT 4277609 with args -0-0-0-0-0-0-0-0-0-0-0-0-0-0-0-0-0-0-0-0-0-0-0-0-0-0-0-0-0-0-0-0-0-0-0-0-0-0-0-0-
[WARN] [1790599226.555502417] [uav5.mavros.cmd]: CMD: Unexpected command 176, result 0
[INFO] [1790599259.025827724] [uav5.mavros.sys]: FCU: EVENT 9844908 with args -0-0-0-0-0-0-0-0-0-0-0-0-0-0-0-0-0-0-0-0-0-0-0-0-0-0-0-0-0-0-0-0-0-0-0-0-0-0-0-0-
[INFO] [1790599261.140962786] [uav5.mavros.sys]: FCU: EVENT 16017271 with args -6-0-0-0-0-0-0-0-0-0-0-0-0-0-0-0-0-0-0-0-0-0-0-0-0-0-0-0-0-0-0-0-0-0-0-0-0-0-0-0-
[WARN] [1790599264.443778603] [uav5.mavros.sys]: FCU: UNK(8): EVENT 11047904 with args -0-0-0-0-0-128-0-0-0-176-122-127-128-176-122-127-128-0-0-0-0-0-0-0-0-0-0-0-0-0-0-0-0-0-0-0-0-0-0-0-
[INFO] [1790599264.443878509] [uav5.mavros.sys]: FCU: EVENT 377561 with args -8-0-0-0-20-0-0-0-0-0-0-0-0-0-0-0-0-0-0-0-0-0-0-0-0-0-0-0-0-0-0-0-0-0-0-0-0-0-0-0-
[WARN] [1790599264.443942205] [uav5.mavros.sys]: FCU: EVENT 453929 with args -255-255-255-255-7-0-0-0-0-0-0-0-0-0-0-0-0-0-0-0-0-0-0-0-0-0-0-0-0-0-0-0-0-0-0-0-0-0-0-0-
[INFO] [1790599264.443979784] [uav5.mavros.sys]: FCU: EVENT 6801787 with args -255-255-255-255-12-0-0-0-0-0-0-0-0-0-0-0-0-0-0-0-0-0-0-0-0-0-0-0-0-0-0-0-0-0-0-0-0-0-0-0-
[WARN] [1790599264.444016026] [uav5.mavros.sys]: FCU: UNK(8): EVENT 1914663 with args -0-10-9-2-56-0-0-0-0-0-0-0-0-0-0-0-0-0-0-0-0-0-0-0-0-0-0-0-0-0-0-0-0-0-0-0-0-0-0-0-
[INFO] [1790599265.684462238] [rclcpp]: signal_handler(SIGINT/SIGTERM)
[WARN] [1790599265.686823961] [uav5.mavros]: UAS Executor terminated
