[INFO] [1790598949.252745910] [uav6.mavros_node]: Starting mavros_node container
[INFO] [1790598949.252887426] [uav6.mavros_node]: FCU URL: udp://:14545@127.0.0.1:14585
[INFO] [1790598949.252898936] [uav6.mavros_node]: GCS URL: 
[INFO] [1790598949.252904823] [uav6.mavros_node]: UAS Prefix: /uas6
[INFO] [1790598949.252910250] [uav6.mavros_node]: Starting mavros router node
[INFO] [1790598949.393797644] [uav6.mavros_router]: Built-in SIMD instructions: SSE, SSE2
[INFO] [1790598949.394796724] [uav6.mavros_router]: Built-in MAVLink package version: 2026.8.8
[INFO] [1790598949.394808560] [uav6.mavros_router]: Known MAVLink dialects: common ardupilotmega ASLUAV AVSSUAS all csAirLink cubepilot development icarous loweheiser marsh paparazzi standard stemstudios storm32 uAvionix ualberta
[INFO] [1790598949.394816032] [uav6.mavros_router]: MAVROS Router started
[INFO] [1790598949.394978197] [uav6.mavros_node]: Starting mavros uas node
[INFO] [1790598949.539635539] [uav6.mavros_router]: Requested to add endpoint: type: 0, url: udp://:14545@127.0.0.1:14585
[INFO] [1790598949.542453411] [uav6.mavros_router]: Endpoint link[1000] created
[INFO] [1790598949.543704074] [uav6.mavros_router]: link[1000] opened successfully
[INFO] [1790598949.547137729] [uav6.mavros_router]: Requested to add endpoint: type: 2, url: /uas6
[INFO] [1790598949.547167948] [uav6.mavros_router]: Endpoint link[1001] created
[INFO] [1790598949.544530891] [uav6.mavros_router]: link[1000] detected remote address 6.1
[INFO] [1790598949.551218351] [uav6.mavros]: Plugin actuator_control ignored
[INFO] [1790598949.551277659] [uav6.mavros]: Plugin altitude ignored
[INFO] [1790598949.551423891] [uav6.mavros]: UAS Executor started, threads: 4
[INFO] [1790598949.590041794] [uav6.mavros_router]: link[1001] opened successfully
[INFO] [1790598949.818030640] [uav6.mavros]: Plugin command created
[INFO] [1790598949.818252913] [uav6.mavros]: Plugin command initialized
[INFO] [1790598949.818263779] [uav6.mavros]: Plugin ftp ignored
[INFO] [1790598949.819379347] [uav6.mavros]: Plugin geofence ignored
[INFO] [1790598950.107713132] [uav6.mavros]: Plugin global_position created
[INFO] [1790598950.107771399] [uav6.mavros]: Plugin global_position initialized
[INFO] [1790598950.107783349] [uav6.mavros]: Plugin home_position ignored
[INFO] [1790598950.107789667] [uav6.mavros]: Plugin imu ignored
[INFO] [1790598950.508044299] [uav6.mavros]: Plugin local_position created
[INFO] [1790598950.508125805] [uav6.mavros]: Plugin local_position initialized
[INFO] [1790598950.508136295] [uav6.mavros]: Plugin manual_control ignored
[INFO] [1790598950.508146045] [uav6.mavros]: Plugin nav_controller_output ignored
[INFO] [1790598950.508152223] [uav6.mavros]: Plugin param ignored
[INFO] [1790598950.508158681] [uav6.mavros]: Plugin rallypoint ignored
[INFO] [1790598950.508164516] [uav6.mavros]: Plugin rc_io ignored
[INFO] [1790598950.508170455] [uav6.mavros]: Plugin setpoint_accel ignored
[INFO] [1790598950.508176368] [uav6.mavros]: Plugin setpoint_attitude ignored
[INFO] [1790598950.508187684] [uav6.mavros]: Plugin setpoint_position ignored
[INFO] [1790598950.508194048] [uav6.mavros]: Plugin setpoint_raw ignored
[INFO] [1790598950.508200112] [uav6.mavros]: Plugin setpoint_trajectory ignored
[INFO] [1790598950.656062694] [uav6.mavros]: Plugin setpoint_velocity created
[INFO] [1790598950.658987482] [uav6.mavros]: Plugin setpoint_velocity initialized
[INFO] [1790598950.999287932] [uav6.mavros]: Plugin sys_status created
[INFO] [1790598950.999367895] [uav6.mavros]: Plugin sys_status initialized
[INFO] [1790598951.145592694] [uav6.mavros.time]: TM: Timesync mode: MAVLINK
[INFO] [1790598951.194041114] [uav6.mavros]: Plugin sys_time created
[INFO] [1790598951.194103443] [uav6.mavros]: Plugin sys_time initialized
[INFO] [1790598951.194115475] [uav6.mavros]: Plugin waypoint ignored
[INFO] [1790598951.194122038] [uav6.mavros]: Plugin wind_estimation ignored
[INFO] [1790598951.222846814] [uav6.mavros]: Built-in SIMD instructions: SSE, SSE2
[INFO] [1790598951.222901564] [uav6.mavros]: Built-in MAVLink package version: 2026.8.8
[INFO] [1790598951.222941967] [uav6.mavros]: Known MAVLink dialects: common ardupilotmega ASLUAV AVSSUAS all csAirLink cubepilot development icarous loweheiser marsh paparazzi standard stemstudios storm32 uAvionix ualberta
[INFO] [1790598951.222950537] [uav6.mavros]: MAVROS UAS via /uas6 started. MY ID 6.191, TARGET ID 6.1
[INFO] [1790598951.279465837] [uav6.mavros_router]: link[1001] detected remote address 6.191
[INFO] [1790598951.710696966] [uav6.mavros]: CON: Got HEARTBEAT, connected. FCU: PX4 Autopilot
[INFO] [1790598952.750053903] [uav6.mavros.sys]: VER: 6.1: Capabilities         0x000000000000e8ff
[INFO] [1790598952.750119623] [uav6.mavros.sys]: VER: 6.1: Flight software:     011200c0 (fca3df865a000000)
[INFO] [1790598952.750129655] [uav6.mavros.sys]: VER: 6.1: Middleware software: 011200c0 (fca3df865a000000)
[INFO] [1790598952.750135339] [uav6.mavros.sys]: VER: 6.1: OS software:         070000ff (17040b9f87cb1791)
[INFO] [1790598952.750140769] [uav6.mavros.sys]: VER: 6.1: Board hardware:      00000001
[INFO] [1790598952.750146234] [uav6.mavros.sys]: VER: 6.1: VID/PID:             0000:0000
[INFO] [1790598952.750151227] [uav6.mavros.sys]: VER: 6.1: UID:                 4954414c44494e54
[WARN] [1790598952.752109425] [uav6.mavros.cmd]: CMD: Unexpected command 512, result 0
[WARN] [1790598963.777051125] [uav6.mavros.sys]: FCU: UNK(8): EVENT 11047904 with args -0-0-0-0-0-128-0-0-0-176-122-127-128-176-122-127-128-0-0-0-0-0-0-0-0-0-0-0-0-0-0-0-0-0-0-0-0-0-0-0-
[INFO] [1790598963.777162909] [uav6.mavros.sys]: FCU: EVENT 377561 with args -8-0-0-0-20-0-0-0-0-0-0-0-0-0-0-0-0-0-0-0-0-0-0-0-0-0-0-0-0-0-0-0-0-0-0-0-0-0-0-0-
[WARN] [1790598963.777198542] [uav6.mavros.sys]: FCU: EVENT 453929 with args -255-255-255-255-7-0-0-0-0-0-0-0-0-0-0-0-0-0-0-0-0-0-0-0-0-0-0-0-0-0-0-0-0-0-0-0-0-0-0-0-
[INFO] [1790598963.777232133] [uav6.mavros.sys]: FCU: EVENT 6801787 with args -255-255-255-255-12-0-0-0-0-0-0-0-0-0-0-0-0-0-0-0-0-0-0-0-0-0-0-0-0-0-0-0-0-0-0-0-0-0-0-0-
[WARN] [1790598963.777266957] [uav6.mavros.sys]: FCU: UNK(8): EVENT 1914663 with args -0-10-13-2-56-0-0-0-0-0-0-0-0-0-0-0-0-0-0-0-0-0-0-0-0-0-0-0-0-0-0-0-0-0-0-0-0-0-0-0-
[WARN] [1790598967.126215009] [uav6.mavros.cmd]: CMD: Unexpected command 176, result 0
[INFO] [1790598967.213841277] [uav6.mavros.sys]: FCU: EVENT 9489139 with args -4-0-0-0-0-0-0-0-0-0-0-0-0-0-0-0-0-0-0-0-0-0-0-0-0-0-0-0-0-0-0-0-0-0-0-0-0-0-0-0-
[INFO] [1790598969.245016351] [uav6.mavros.sys]: FCU: EVENT 4277609 with args -0-0-0-0-0-0-0-0-0-0-0-0-0-0-0-0-0-0-0-0-0-0-0-0-0-0-0-0-0-0-0-0-0-0-0-0-0-0-0-0-
[WARN] [1790599226.455810313] [uav6.mavros.cmd]: CMD: Unexpected command 176, result 0
[INFO] [1790599257.632433104] [uav6.mavros.sys]: FCU: EVENT 9844908 with args -0-0-0-0-0-0-0-0-0-0-0-0-0-0-0-0-0-0-0-0-0-0-0-0-0-0-0-0-0-0-0-0-0-0-0-0-0-0-0-0-
[INFO] [1790599259.750243267] [uav6.mavros.sys]: FCU: EVENT 16017271 with args -6-0-0-0-0-0-0-0-0-0-0-0-0-0-0-0-0-0-0-0-0-0-0-0-0-0-0-0-0-0-0-0-0-0-0-0-0-0-0-0-
[WARN] [1790599263.461726462] [uav6.mavros.sys]: FCU: UNK(8): EVENT 11047904 with args -0-0-0-0-0-128-0-0-0-176-122-127-128-176-122-127-128-0-0-0-0-0-0-0-0-0-0-0-0-0-0-0-0-0-0-0-0-0-0-0-
[INFO] [1790599263.461822822] [uav6.mavros.sys]: FCU: EVENT 377561 with args -8-0-0-0-20-0-0-0-0-0-0-0-0-0-0-0-0-0-0-0-0-0-0-0-0-0-0-0-0-0-0-0-0-0-0-0-0-0-0-0-
[WARN] [1790599263.461883106] [uav6.mavros.sys]: FCU: EVENT 453929 with args -255-255-255-255-7-0-0-0-0-0-0-0-0-0-0-0-0-0-0-0-0-0-0-0-0-0-0-0-0-0-0-0-0-0-0-0-0-0-0-0-
[INFO] [1790599263.461922911] [uav6.mavros.sys]: FCU: EVENT 6801787 with args -255-255-255-255-12-0-0-0-0-0-0-0-0-0-0-0-0-0-0-0-0-0-0-0-0-0-0-0-0-0-0-0-0-0-0-0-0-0-0-0-
[WARN] [1790599263.461993917] [uav6.mavros.sys]: FCU: UNK(8): EVENT 1914663 with args -0-10-9-2-56-0-0-0-0-0-0-0-0-0-0-0-0-0-0-0-0-0-0-0-0-0-0-0-0-0-0-0-0-0-0-0-0-0-0-0-
[INFO] [1790599265.683252211] [rclcpp]: signal_handler(SIGINT/SIGTERM)
[WARN] [1790599265.694519378] [uav6.mavros]: UAS Executor terminated
