[INFO] [1790605536.080294128] [uav9.mavros_node]: Starting mavros_node container
[INFO] [1790605536.090664265] [uav9.mavros_node]: FCU URL: udp://:14548@127.0.0.1:14588
[INFO] [1790605536.090678644] [uav9.mavros_node]: GCS URL: 
[INFO] [1790605536.090683563] [uav9.mavros_node]: UAS Prefix: /uas9
[INFO] [1790605536.090688180] [uav9.mavros_node]: Starting mavros router node
[INFO] [1790605536.197586460] [uav9.mavros_router]: Built-in SIMD instructions: SSE, SSE2
[INFO] [1790605536.197623781] [uav9.mavros_router]: Built-in MAVLink package version: 2026.8.8
[INFO] [1790605536.197632914] [uav9.mavros_router]: Known MAVLink dialects: common ardupilotmega ASLUAV AVSSUAS all csAirLink cubepilot development icarous loweheiser marsh paparazzi standard stemstudios storm32 uAvionix ualberta
[INFO] [1790605536.197638663] [uav9.mavros_router]: MAVROS Router started
[INFO] [1790605536.197805815] [uav9.mavros_node]: Starting mavros uas node
[INFO] [1790605536.383085524] [uav9.mavros_router]: Requested to add endpoint: type: 0, url: udp://:14548@127.0.0.1:14588
[INFO] [1790605536.383145700] [uav9.mavros_router]: Endpoint link[1000] created
[INFO] [1790605536.385378827] [uav9.mavros_router]: link[1000] opened successfully
[INFO] [1790605536.385430593] [uav9.mavros_router]: Requested to add endpoint: type: 2, url: /uas9
[INFO] [1790605536.385463010] [uav9.mavros_router]: Endpoint link[1001] created
[INFO] [1790605536.387813070] [uav9.mavros_router]: link[1000] detected remote address 9.1
[INFO] [1790605536.395095356] [uav9.mavros]: Plugin actuator_control ignored
[INFO] [1790605536.400776470] [uav9.mavros]: Plugin altitude ignored
[INFO] [1790605536.396116900] [uav9.mavros]: UAS Executor started, threads: 4
[INFO] [1790605536.570279382] [uav9.mavros_router]: link[1001] opened successfully
[INFO] [1790605536.776769430] [uav9.mavros]: Plugin command created
[INFO] [1790605536.776832509] [uav9.mavros]: Plugin command initialized
[INFO] [1790605536.776842131] [uav9.mavros]: Plugin ftp ignored
[INFO] [1790605536.776848316] [uav9.mavros]: Plugin geofence ignored
[INFO] [1790605537.107431456] [uav9.mavros]: Plugin global_position created
[INFO] [1790605537.107505760] [uav9.mavros]: Plugin global_position initialized
[INFO] [1790605537.107517057] [uav9.mavros]: Plugin home_position ignored
[INFO] [1790605537.107523082] [uav9.mavros]: Plugin imu ignored
[INFO] [1790605537.470821145] [uav9.mavros]: Plugin local_position created
[INFO] [1790605537.470883845] [uav9.mavros]: Plugin local_position initialized
[INFO] [1790605537.470899501] [uav9.mavros]: Plugin manual_control ignored
[INFO] [1790605537.470905834] [uav9.mavros]: Plugin nav_controller_output ignored
[INFO] [1790605537.470911405] [uav9.mavros]: Plugin param ignored
[INFO] [1790605537.470916752] [uav9.mavros]: Plugin rallypoint ignored
[INFO] [1790605537.470929938] [uav9.mavros]: Plugin rc_io ignored
[INFO] [1790605537.470935732] [uav9.mavros]: Plugin setpoint_accel ignored
[INFO] [1790605537.470940867] [uav9.mavros]: Plugin setpoint_attitude ignored
[INFO] [1790605537.470946225] [uav9.mavros]: Plugin setpoint_position ignored
[INFO] [1790605537.470951652] [uav9.mavros]: Plugin setpoint_raw ignored
[INFO] [1790605537.470957007] [uav9.mavros]: Plugin setpoint_trajectory ignored
[INFO] [1790605537.702651033] [uav9.mavros]: Plugin setpoint_velocity created
[INFO] [1790605537.708116594] [uav9.mavros]: Plugin setpoint_velocity initialized
[INFO] [1790605537.965022552] [uav9.mavros]: Plugin sys_status created
[INFO] [1790605537.965089825] [uav9.mavros]: Plugin sys_status initialized
[INFO] [1790605538.064499250] [uav9.mavros.time]: TM: Timesync mode: MAVLINK
[INFO] [1790605538.072550854] [uav9.mavros]: Plugin sys_time created
[INFO] [1790605538.072611162] [uav9.mavros]: Plugin sys_time initialized
[INFO] [1790605538.072620552] [uav9.mavros]: Plugin waypoint ignored
[INFO] [1790605538.072626058] [uav9.mavros]: Plugin wind_estimation ignored
[INFO] [1790605538.081665288] [uav9.mavros]: Built-in SIMD instructions: SSE, SSE2
[INFO] [1790605538.082044537] [uav9.mavros]: Built-in MAVLink package version: 2026.8.8
[INFO] [1790605538.082078550] [uav9.mavros]: Known MAVLink dialects: common ardupilotmega ASLUAV AVSSUAS all csAirLink cubepilot development icarous loweheiser marsh paparazzi standard stemstudios storm32 uAvionix ualberta
[INFO] [1790605538.082085898] [uav9.mavros]: MAVROS UAS via /uas9 started. MY ID 9.191, TARGET ID 9.1
[INFO] [1790605538.146228279] [uav9.mavros_router]: link[1001] detected remote address 9.191
[INFO] [1790605538.463585766] [uav9.mavros]: CON: Got HEARTBEAT, connected. FCU: PX4 Autopilot
[WARN] [1790605538.535368165] [uav9.mavros.sys]: FCU: UNK(8): EVENT 11047904 with args -0-0-0-16-0-128-0-0-0-176-58-127-128-176-58-127-128-0-0-0-0-0-0-0-0-0-0-0-0-0-0-0-0-0-0-0-0-0-0-0-
[ERROR] [1790605538.544110200] [uav9.mavros.sys]: FCU: EVENT 11464574 with args -0-64-0-0-20-0-0-0-0-0-0-0-0-0-0-0-0-0-0-0-0-0-0-0-0-0-0-0-0-0-0-0-0-0-0-0-0-0-0-0-
[INFO] [1790605538.544199809] [uav9.mavros.sys]: FCU: EVENT 377561 with args -8-0-0-0-20-0-0-0-0-0-0-0-0-0-0-0-0-0-0-0-0-0-0-0-0-0-0-0-0-0-0-0-0-0-0-0-0-0-0-0-
[WARN] [1790605538.544246859] [uav9.mavros.sys]: FCU: EVENT 453929 with args -255-255-255-255-7-0-0-0-0-0-0-0-0-0-0-0-0-0-0-0-0-0-0-0-0-0-0-0-0-0-0-0-0-0-0-0-0-0-0-0-
[INFO] [1790605538.544283771] [uav9.mavros.sys]: FCU: EVENT 6801787 with args -255-255-255-255-12-0-0-0-0-0-0-0-0-0-0-0-0-0-0-0-0-0-0-0-0-0-0-0-0-0-0-0-0-0-0-0-0-0-0-0-
[WARN] [1790605538.544319494] [uav9.mavros.sys]: FCU: UNK(8): EVENT 1914663 with args -0-10-13-2-56-0-0-0-0-0-0-0-0-0-0-0-0-0-0-0-0-0-0-0-0-0-0-0-0-0-0-0-0-0-0-0-0-0-0-0-
[INFO] [1790605539.555463613] [uav9.mavros.sys]: VER: 9.1: Capabilities         0x000000000000e8ff
[INFO] [1790605539.555508931] [uav9.mavros.sys]: VER: 9.1: Flight software:     011200c0 (fca3df865a000000)
[INFO] [1790605539.555515513] [uav9.mavros.sys]: VER: 9.1: Middleware software: 011200c0 (fca3df865a000000)
[INFO] [1790605539.555520386] [uav9.mavros.sys]: VER: 9.1: OS software:         070000ff (17040b9f87cb1791)
[INFO] [1790605539.555525255] [uav9.mavros.sys]: VER: 9.1: Board hardware:      00000001
[INFO] [1790605539.555529273] [uav9.mavros.sys]: VER: 9.1: VID/PID:             0000:0000
[INFO] [1790605539.555533363] [uav9.mavros.sys]: VER: 9.1: UID:                 4954414c44494e57
[WARN] [1790605539.558204386] [uav9.mavros.cmd]: CMD: Unexpected command 512, result 0
[WARN] [1790605547.112319268] [uav9.mavros.sys]: FCU: UNK(8): EVENT 11047904 with args -0-0-0-0-0-128-0-0-0-176-122-127-128-176-122-127-128-0-0-0-0-0-0-0-0-0-0-0-0-0-0-0-0-0-0-0-0-0-0-0-
[INFO] [1790605547.112417804] [uav9.mavros.sys]: FCU: EVENT 377561 with args -8-0-0-0-20-0-0-0-0-0-0-0-0-0-0-0-0-0-0-0-0-0-0-0-0-0-0-0-0-0-0-0-0-0-0-0-0-0-0-0-
[WARN] [1790605547.112461637] [uav9.mavros.sys]: FCU: EVENT 453929 with args -255-255-255-255-7-0-0-0-0-0-0-0-0-0-0-0-0-0-0-0-0-0-0-0-0-0-0-0-0-0-0-0-0-0-0-0-0-0-0-0-
[INFO] [1790605547.112497861] [uav9.mavros.sys]: FCU: EVENT 6801787 with args -255-255-255-255-12-0-0-0-0-0-0-0-0-0-0-0-0-0-0-0-0-0-0-0-0-0-0-0-0-0-0-0-0-0-0-0-0-0-0-0-
[WARN] [1790605547.112543664] [uav9.mavros.sys]: FCU: UNK(8): EVENT 1914663 with args -0-10-13-2-56-0-0-0-0-0-0-0-0-0-0-0-0-0-0-0-0-0-0-0-0-0-0-0-0-0-0-0-0-0-0-0-0-0-0-0-
[WARN] [1790605552.673070707] [uav9.mavros.cmd]: CMD: Unexpected command 176, result 0
[INFO] [1790605553.016168594] [uav9.mavros.sys]: FCU: EVENT 9489139 with args -4-0-0-0-0-0-0-0-0-0-0-0-0-0-0-0-0-0-0-0-0-0-0-0-0-0-0-0-0-0-0-0-0-0-0-0-0-0-0-0-
[INFO] [1790605554.899252779] [uav9.mavros.sys]: FCU: EVENT 4277609 with args -0-0-0-0-0-0-0-0-0-0-0-0-0-0-0-0-0-0-0-0-0-0-0-0-0-0-0-0-0-0-0-0-0-0-0-0-0-0-0-0-
[WARN] [1790605807.917370471] [uav9.mavros.cmd]: CMD: Unexpected command 176, result 0
[INFO] [1790605839.497619771] [uav9.mavros.sys]: FCU: EVENT 9844908 with args -0-0-0-0-0-0-0-0-0-0-0-0-0-0-0-0-0-0-0-0-0-0-0-0-0-0-0-0-0-0-0-0-0-0-0-0-0-0-0-0-
[INFO] [1790605841.580452853] [uav9.mavros.sys]: FCU: EVENT 16017271 with args -6-0-0-0-0-0-0-0-0-0-0-0-0-0-0-0-0-0-0-0-0-0-0-0-0-0-0-0-0-0-0-0-0-0-0-0-0-0-0-0-
[WARN] [1790605845.781060894] [uav9.mavros.sys]: FCU: UNK(8): EVENT 11047904 with args -0-0-0-0-0-128-0-0-0-176-122-127-128-176-122-127-128-0-0-0-0-0-0-0-0-0-0-0-0-0-0-0-0-0-0-0-0-0-0-0-
[INFO] [1790605845.781194924] [uav9.mavros.sys]: FCU: EVENT 377561 with args -8-0-0-0-20-0-0-0-0-0-0-0-0-0-0-0-0-0-0-0-0-0-0-0-0-0-0-0-0-0-0-0-0-0-0-0-0-0-0-0-
[WARN] [1790605845.781262575] [uav9.mavros.sys]: FCU: EVENT 453929 with args -255-255-255-255-7-0-0-0-0-0-0-0-0-0-0-0-0-0-0-0-0-0-0-0-0-0-0-0-0-0-0-0-0-0-0-0-0-0-0-0-
[INFO] [1790605845.782005450] [uav9.mavros.sys]: FCU: EVENT 6801787 with args -255-255-255-255-12-0-0-0-0-0-0-0-0-0-0-0-0-0-0-0-0-0-0-0-0-0-0-0-0-0-0-0-0-0-0-0-0-0-0-0-
[WARN] [1790605845.782043943] [uav9.mavros.sys]: FCU: UNK(8): EVENT 1914663 with args -0-10-9-2-56-0-0-0-0-0-0-0-0-0-0-0-0-0-0-0-0-0-0-0-0-0-0-0-0-0-0-0-0-0-0-0-0-0-0-0-
[INFO] [1790605854.276354924] [rclcpp]: signal_handler(SIGINT/SIGTERM)
[WARN] [1790605854.278330511] [uav9.mavros]: UAS Executor terminated
pure virtual method called
terminate called without an active exception
