[INFO] [1790605535.971636705] [uav1.mavros_node]: Starting mavros_node container
[INFO] [1790605535.971750232] [uav1.mavros_node]: FCU URL: udp://:14540@127.0.0.1:14580
[INFO] [1790605535.971758768] [uav1.mavros_node]: GCS URL: 
[INFO] [1790605535.971763865] [uav1.mavros_node]: UAS Prefix: /uas1
[INFO] [1790605535.971769213] [uav1.mavros_node]: Starting mavros router node
[INFO] [1790605536.054486929] [uav1.mavros_router]: Built-in SIMD instructions: SSE, SSE2
[INFO] [1790605536.054533262] [uav1.mavros_router]: Built-in MAVLink package version: 2026.8.8
[INFO] [1790605536.054542640] [uav1.mavros_router]: Known MAVLink dialects: common ardupilotmega ASLUAV AVSSUAS all csAirLink cubepilot development icarous loweheiser marsh paparazzi standard stemstudios storm32 uAvionix ualberta
[INFO] [1790605536.054548600] [uav1.mavros_router]: MAVROS Router started
[INFO] [1790605536.054696352] [uav1.mavros_node]: Starting mavros uas node
[INFO] [1790605536.290348938] [uav1.mavros_router]: Requested to add endpoint: type: 0, url: udp://:14540@127.0.0.1:14580
[INFO] [1790605536.290408501] [uav1.mavros_router]: Endpoint link[1000] created
[INFO] [1790605536.290631981] [uav1.mavros_router]: link[1000] opened successfully
[INFO] [1790605536.290654044] [uav1.mavros_router]: Requested to add endpoint: type: 2, url: /uas1
[INFO] [1790605536.290672338] [uav1.mavros_router]: Endpoint link[1001] created
[INFO] [1790605536.292047232] [uav1.mavros_router]: link[1000] detected remote address 1.1
[INFO] [1790605536.311910111] [uav1.mavros]: Plugin actuator_control ignored
[INFO] [1790605536.311958313] [uav1.mavros]: Plugin altitude ignored
[INFO] [1790605536.313082974] [uav1.mavros]: UAS Executor started, threads: 4
[INFO] [1790605536.352315024] [uav1.mavros_router]: link[1001] opened successfully
[INFO] [1790605536.649783475] [uav1.mavros]: Plugin command created
[INFO] [1790605536.649857234] [uav1.mavros]: Plugin command initialized
[INFO] [1790605536.649869128] [uav1.mavros]: Plugin ftp ignored
[INFO] [1790605536.649875015] [uav1.mavros]: Plugin geofence ignored
[INFO] [1790605536.898223304] [uav1.mavros]: Plugin global_position created
[INFO] [1790605536.898296278] [uav1.mavros]: Plugin global_position initialized
[INFO] [1790605536.898306634] [uav1.mavros]: Plugin home_position ignored
[INFO] [1790605536.898312519] [uav1.mavros]: Plugin imu ignored
[INFO] [1790605537.125898509] [uav1.mavros]: Plugin local_position created
[INFO] [1790605537.125950891] [uav1.mavros]: Plugin local_position initialized
[INFO] [1790605537.125960916] [uav1.mavros]: Plugin manual_control ignored
[INFO] [1790605537.125970109] [uav1.mavros]: Plugin nav_controller_output ignored
[INFO] [1790605537.125975579] [uav1.mavros]: Plugin param ignored
[INFO] [1790605537.125980822] [uav1.mavros]: Plugin rallypoint ignored
[INFO] [1790605537.125985723] [uav1.mavros]: Plugin rc_io ignored
[INFO] [1790605537.125990926] [uav1.mavros]: Plugin setpoint_accel ignored
[INFO] [1790605537.125995885] [uav1.mavros]: Plugin setpoint_attitude ignored
[INFO] [1790605537.126000771] [uav1.mavros]: Plugin setpoint_position ignored
[INFO] [1790605537.126005797] [uav1.mavros]: Plugin setpoint_raw ignored
[INFO] [1790605537.126011154] [uav1.mavros]: Plugin setpoint_trajectory ignored
[INFO] [1790605537.372913030] [uav1.mavros]: Plugin setpoint_velocity created
[INFO] [1790605537.374403191] [uav1.mavros]: Plugin setpoint_velocity initialized
[INFO] [1790605537.904075106] [uav1.mavros]: Plugin sys_status created
[INFO] [1790605537.904144013] [uav1.mavros]: Plugin sys_status initialized
[INFO] [1790605538.095405533] [uav1.mavros.time]: TM: Timesync mode: MAVLINK
[INFO] [1790605538.123815065] [uav1.mavros]: Plugin sys_time created
[INFO] [1790605538.123876575] [uav1.mavros]: Plugin sys_time initialized
[INFO] [1790605538.123886985] [uav1.mavros]: Plugin waypoint ignored
[INFO] [1790605538.123892154] [uav1.mavros]: Plugin wind_estimation ignored
[INFO] [1790605538.149388374] [uav1.mavros]: Built-in SIMD instructions: SSE, SSE2
[INFO] [1790605538.149428564] [uav1.mavros]: Built-in MAVLink package version: 2026.8.8
[INFO] [1790605538.149459562] [uav1.mavros]: Known MAVLink dialects: common ardupilotmega ASLUAV AVSSUAS all csAirLink cubepilot development icarous loweheiser marsh paparazzi standard stemstudios storm32 uAvionix ualberta
[INFO] [1790605538.149466412] [uav1.mavros]: MAVROS UAS via /uas1 started. MY ID 1.191, TARGET ID 1.1
[INFO] [1790605538.225864808] [uav1.mavros_router]: link[1001] detected remote address 1.191
[INFO] [1790605538.435334340] [uav1.mavros]: CON: Got HEARTBEAT, connected. FCU: PX4 Autopilot
[INFO] [1790605539.476750950] [uav1.mavros.sys]: VER: 1.1: Capabilities         0x000000000000e8ff
[INFO] [1790605539.476809031] [uav1.mavros.sys]: VER: 1.1: Flight software:     011200c0 (fca3df865a000000)
[INFO] [1790605539.476818533] [uav1.mavros.sys]: VER: 1.1: Middleware software: 011200c0 (fca3df865a000000)
[INFO] [1790605539.476824192] [uav1.mavros.sys]: VER: 1.1: OS software:         070000ff (17040b9f87cb1791)
[INFO] [1790605539.476828842] [uav1.mavros.sys]: VER: 1.1: Board hardware:      00000001
[INFO] [1790605539.476833881] [uav1.mavros.sys]: VER: 1.1: VID/PID:             0000:0000
[INFO] [1790605539.476838791] [uav1.mavros.sys]: VER: 1.1: UID:                 4954414c44494e4f
[WARN] [1790605539.481040399] [uav1.mavros.cmd]: CMD: Unexpected command 512, result 0
[WARN] [1790605549.406878971] [uav1.mavros.sys]: FCU: UNK(8): EVENT 11047904 with args -0-0-0-0-0-128-0-0-0-176-122-127-128-176-122-127-128-0-0-0-0-0-0-0-0-0-0-0-0-0-0-0-0-0-0-0-0-0-0-0-
[INFO] [1790605549.406971331] [uav1.mavros.sys]: FCU: EVENT 377561 with args -8-0-0-0-20-0-0-0-0-0-0-0-0-0-0-0-0-0-0-0-0-0-0-0-0-0-0-0-0-0-0-0-0-0-0-0-0-0-0-0-
[WARN] [1790605549.407032502] [uav1.mavros.sys]: FCU: EVENT 453929 with args -255-255-255-255-7-0-0-0-0-0-0-0-0-0-0-0-0-0-0-0-0-0-0-0-0-0-0-0-0-0-0-0-0-0-0-0-0-0-0-0-
[INFO] [1790605549.407071004] [uav1.mavros.sys]: FCU: EVENT 6801787 with args -255-255-255-255-12-0-0-0-0-0-0-0-0-0-0-0-0-0-0-0-0-0-0-0-0-0-0-0-0-0-0-0-0-0-0-0-0-0-0-0-
[WARN] [1790605549.407107002] [uav1.mavros.sys]: FCU: UNK(8): EVENT 1914663 with args -0-10-13-2-56-0-0-0-0-0-0-0-0-0-0-0-0-0-0-0-0-0-0-0-0-0-0-0-0-0-0-0-0-0-0-0-0-0-0-0-
[WARN] [1790605552.571892313] [uav1.mavros.cmd]: CMD: Unexpected command 176, result 0
[INFO] [1790605552.867921829] [uav1.mavros.sys]: FCU: EVENT 9489139 with args -4-0-0-0-0-0-0-0-0-0-0-0-0-0-0-0-0-0-0-0-0-0-0-0-0-0-0-0-0-0-0-0-0-0-0-0-0-0-0-0-
[INFO] [1790605554.920651952] [uav1.mavros.sys]: FCU: EVENT 4277609 with args -0-0-0-0-0-0-0-0-0-0-0-0-0-0-0-0-0-0-0-0-0-0-0-0-0-0-0-0-0-0-0-0-0-0-0-0-0-0-0-0-
