[INFO] [1790599282.413287466] [uav1.mavros_node]: Starting mavros_node container
[INFO] [1790599282.415650803] [uav1.mavros_node]: FCU URL: udp://:14540@127.0.0.1:14580
[INFO] [1790599282.415674714] [uav1.mavros_node]: GCS URL: 
[INFO] [1790599282.415680288] [uav1.mavros_node]: UAS Prefix: /uas1
[INFO] [1790599282.415684968] [uav1.mavros_node]: Starting mavros router node
[INFO] [1790599282.491217079] [uav1.mavros_router]: Built-in SIMD instructions: SSE, SSE2
[INFO] [1790599282.491269435] [uav1.mavros_router]: Built-in MAVLink package version: 2026.8.8
[INFO] [1790599282.491673032] [uav1.mavros_router]: Known MAVLink dialects: common ardupilotmega ASLUAV AVSSUAS all csAirLink cubepilot development icarous loweheiser marsh paparazzi standard stemstudios storm32 uAvionix ualberta
[INFO] [1790599282.491681236] [uav1.mavros_router]: MAVROS Router started
[INFO] [1790599282.491836535] [uav1.mavros_node]: Starting mavros uas node
[INFO] [1790599282.666556039] [uav1.mavros_router]: Requested to add endpoint: type: 0, url: udp://:14540@127.0.0.1:14580
[INFO] [1790599282.666619202] [uav1.mavros_router]: Endpoint link[1000] created
[INFO] [1790599282.670713094] [uav1.mavros_router]: link[1000] opened successfully
[INFO] [1790599282.670769274] [uav1.mavros_router]: Requested to add endpoint: type: 2, url: /uas1
[INFO] [1790599282.670789902] [uav1.mavros_router]: Endpoint link[1001] created
[INFO] [1790599282.674456309] [uav1.mavros_router]: link[1000] detected remote address 1.1
[INFO] [1790599282.686995032] [uav1.mavros]: Plugin actuator_control ignored
[INFO] [1790599282.690939471] [uav1.mavros]: Plugin altitude ignored
[INFO] [1790599282.691363328] [uav1.mavros_router]: link[1001] opened successfully
[INFO] [1790599282.687025908] [uav1.mavros]: UAS Executor started, threads: 4
[INFO] [1790599282.897256134] [uav1.mavros]: Plugin command created
[INFO] [1790599282.903997053] [uav1.mavros]: Plugin command initialized
[INFO] [1790599282.909081789] [uav1.mavros]: Plugin ftp ignored
[INFO] [1790599282.909097110] [uav1.mavros]: Plugin geofence ignored
[INFO] [1790599283.116172158] [uav1.mavros]: Plugin global_position created
[INFO] [1790599283.116233414] [uav1.mavros]: Plugin global_position initialized
[INFO] [1790599283.116243174] [uav1.mavros]: Plugin home_position ignored
[INFO] [1790599283.116249324] [uav1.mavros]: Plugin imu ignored
[INFO] [1790599283.451554545] [uav1.mavros]: Plugin local_position created
[INFO] [1790599283.451614421] [uav1.mavros]: Plugin local_position initialized
[INFO] [1790599283.451626665] [uav1.mavros]: Plugin manual_control ignored
[INFO] [1790599283.451631946] [uav1.mavros]: Plugin nav_controller_output ignored
[INFO] [1790599283.451636981] [uav1.mavros]: Plugin param ignored
[INFO] [1790599283.451642249] [uav1.mavros]: Plugin rallypoint ignored
[INFO] [1790599283.451647120] [uav1.mavros]: Plugin rc_io ignored
[INFO] [1790599283.451652042] [uav1.mavros]: Plugin setpoint_accel ignored
[INFO] [1790599283.451657183] [uav1.mavros]: Plugin setpoint_attitude ignored
[INFO] [1790599283.451662306] [uav1.mavros]: Plugin setpoint_position ignored
[INFO] [1790599283.451667447] [uav1.mavros]: Plugin setpoint_raw ignored
[INFO] [1790599283.451673068] [uav1.mavros]: Plugin setpoint_trajectory ignored
[INFO] [1790599283.669541327] [uav1.mavros]: Plugin setpoint_velocity created
[INFO] [1790599283.682587941] [uav1.mavros]: Plugin setpoint_velocity initialized
[INFO] [1790599284.110498023] [uav1.mavros]: Plugin sys_status created
[INFO] [1790599284.114313966] [uav1.mavros]: Plugin sys_status initialized
[INFO] [1790599284.268421430] [uav1.mavros.time]: TM: Timesync mode: MAVLINK
[INFO] [1790599284.342228855] [uav1.mavros]: Plugin sys_time created
[INFO] [1790599284.342285708] [uav1.mavros]: Plugin sys_time initialized
[INFO] [1790599284.342294976] [uav1.mavros]: Plugin waypoint ignored
[INFO] [1790599284.342300895] [uav1.mavros]: Plugin wind_estimation ignored
[INFO] [1790599284.368485696] [uav1.mavros]: Built-in SIMD instructions: SSE, SSE2
[INFO] [1790599284.368526099] [uav1.mavros]: Built-in MAVLink package version: 2026.8.8
[INFO] [1790599284.370456770] [uav1.mavros]: Known MAVLink dialects: common ardupilotmega ASLUAV AVSSUAS all csAirLink cubepilot development icarous loweheiser marsh paparazzi standard stemstudios storm32 uAvionix ualberta
[INFO] [1790599284.370492742] [uav1.mavros]: MAVROS UAS via /uas1 started. MY ID 1.191, TARGET ID 1.1
[INFO] [1790599284.429560967] [uav1.mavros_router]: link[1001] detected remote address 1.191
[INFO] [1790599285.081220264] [uav1.mavros]: CON: Got HEARTBEAT, connected. FCU: PX4 Autopilot
[INFO] [1790599286.108507463] [uav1.mavros.sys]: VER: 1.1: Capabilities         0x000000000000e8ff
[INFO] [1790599286.108561866] [uav1.mavros.sys]: VER: 1.1: Flight software:     011200c0 (fca3df865a000000)
[INFO] [1790599286.108569989] [uav1.mavros.sys]: VER: 1.1: Middleware software: 011200c0 (fca3df865a000000)
[INFO] [1790599286.108574764] [uav1.mavros.sys]: VER: 1.1: OS software:         070000ff (17040b9f87cb1791)
[INFO] [1790599286.108579372] [uav1.mavros.sys]: VER: 1.1: Board hardware:      00000001
[INFO] [1790599286.108590247] [uav1.mavros.sys]: VER: 1.1: VID/PID:             0000:0000
[INFO] [1790599286.108595077] [uav1.mavros.sys]: VER: 1.1: UID:                 4954414c44494e4f
[WARN] [1790599286.108642771] [uav1.mavros.cmd]: CMD: Unexpected command 512, result 0
[WARN] [1790599296.707095849] [uav1.mavros.sys]: FCU: UNK(8): EVENT 11047904 with args -0-0-0-0-0-128-0-0-0-176-122-127-128-176-122-127-128-0-0-0-0-0-0-0-0-0-0-0-0-0-0-0-0-0-0-0-0-0-0-0-
[INFO] [1790599296.712067806] [uav1.mavros.sys]: FCU: EVENT 377561 with args -8-0-0-0-20-0-0-0-0-0-0-0-0-0-0-0-0-0-0-0-0-0-0-0-0-0-0-0-0-0-0-0-0-0-0-0-0-0-0-0-
[WARN] [1790599296.712179273] [uav1.mavros.sys]: FCU: EVENT 453929 with args -255-255-255-255-7-0-0-0-0-0-0-0-0-0-0-0-0-0-0-0-0-0-0-0-0-0-0-0-0-0-0-0-0-0-0-0-0-0-0-0-
[INFO] [1790599296.715485026] [uav1.mavros.sys]: FCU: EVENT 6801787 with args -255-255-255-255-12-0-0-0-0-0-0-0-0-0-0-0-0-0-0-0-0-0-0-0-0-0-0-0-0-0-0-0-0-0-0-0-0-0-0-0-
[WARN] [1790599296.716860049] [uav1.mavros.sys]: FCU: UNK(8): EVENT 1914663 with args -0-10-13-2-56-0-0-0-0-0-0-0-0-0-0-0-0-0-0-0-0-0-0-0-0-0-0-0-0-0-0-0-0-0-0-0-0-0-0-0-
[WARN] [1790599300.249078494] [uav1.mavros.cmd]: CMD: Unexpected command 176, result 0
[INFO] [1790599300.449782239] [uav1.mavros.sys]: FCU: EVENT 9489139 with args -4-0-0-0-0-0-0-0-0-0-0-0-0-0-0-0-0-0-0-0-0-0-0-0-0-0-0-0-0-0-0-0-0-0-0-0-0-0-0-0-
[INFO] [1790599302.491111343] [uav1.mavros.sys]: FCU: EVENT 4277609 with args -0-0-0-0-0-0-0-0-0-0-0-0-0-0-0-0-0-0-0-0-0-0-0-0-0-0-0-0-0-0-0-0-0-0-0-0-0-0-0-0-
