[INFO] [1790599282.414908511] [uav8.mavros_node]: Starting mavros_node container
[INFO] [1790599282.415214276] [uav8.mavros_node]: FCU URL: udp://:14547@127.0.0.1:14587
[INFO] [1790599282.415228172] [uav8.mavros_node]: GCS URL: 
[INFO] [1790599282.415232510] [uav8.mavros_node]: UAS Prefix: /uas8
[INFO] [1790599282.415236506] [uav8.mavros_node]: Starting mavros router node
[INFO] [1790599282.474680495] [uav8.mavros_router]: Built-in SIMD instructions: SSE, SSE2
[INFO] [1790599282.474725512] [uav8.mavros_router]: Built-in MAVLink package version: 2026.8.8
[INFO] [1790599282.474734997] [uav8.mavros_router]: Known MAVLink dialects: common ardupilotmega ASLUAV AVSSUAS all csAirLink cubepilot development icarous loweheiser marsh paparazzi standard stemstudios storm32 uAvionix ualberta
[INFO] [1790599282.474742123] [uav8.mavros_router]: MAVROS Router started
[INFO] [1790599282.474899910] [uav8.mavros_node]: Starting mavros uas node
[INFO] [1790599282.605922456] [uav8.mavros_router]: Requested to add endpoint: type: 0, url: udp://:14547@127.0.0.1:14587
[INFO] [1790599282.605987303] [uav8.mavros_router]: Endpoint link[1000] created
[INFO] [1790599282.607414866] [uav8.mavros_router]: link[1000] opened successfully
[INFO] [1790599282.607460670] [uav8.mavros_router]: Requested to add endpoint: type: 2, url: /uas8
[INFO] [1790599282.607481421] [uav8.mavros_router]: Endpoint link[1001] created
[INFO] [1790599282.610970073] [uav8.mavros_router]: link[1000] detected remote address 8.1
[INFO] [1790599282.645792192] [uav8.mavros]: Plugin actuator_control ignored
[INFO] [1790599282.647214195] [uav8.mavros]: Plugin altitude ignored
[INFO] [1790599282.646539594] [uav8.mavros]: UAS Executor started, threads: 4
[INFO] [1790599282.651195664] [uav8.mavros_router]: link[1001] opened successfully
[INFO] [1790599282.902700056] [uav8.mavros]: Plugin command created
[INFO] [1790599282.902772326] [uav8.mavros]: Plugin command initialized
[INFO] [1790599282.902781243] [uav8.mavros]: Plugin ftp ignored
[INFO] [1790599282.902786661] [uav8.mavros]: Plugin geofence ignored
[INFO] [1790599283.135429289] [uav8.mavros]: Plugin global_position created
[INFO] [1790599283.157568377] [uav8.mavros]: Plugin global_position initialized
[INFO] [1790599283.163533809] [uav8.mavros]: Plugin home_position ignored
[INFO] [1790599283.163544343] [uav8.mavros]: Plugin imu ignored
[INFO] [1790599283.368560868] [uav8.mavros]: Plugin local_position created
[INFO] [1790599283.368618084] [uav8.mavros]: Plugin local_position initialized
[INFO] [1790599283.368628991] [uav8.mavros]: Plugin manual_control ignored
[INFO] [1790599283.368635498] [uav8.mavros]: Plugin nav_controller_output ignored
[INFO] [1790599283.368641679] [uav8.mavros]: Plugin param ignored
[INFO] [1790599283.368647484] [uav8.mavros]: Plugin rallypoint ignored
[INFO] [1790599283.368653109] [uav8.mavros]: Plugin rc_io ignored
[INFO] [1790599283.368658843] [uav8.mavros]: Plugin setpoint_accel ignored
[INFO] [1790599283.368664459] [uav8.mavros]: Plugin setpoint_attitude ignored
[INFO] [1790599283.368670166] [uav8.mavros]: Plugin setpoint_position ignored
[INFO] [1790599283.368675758] [uav8.mavros]: Plugin setpoint_raw ignored
[INFO] [1790599283.368681312] [uav8.mavros]: Plugin setpoint_trajectory ignored
[INFO] [1790599283.540741678] [uav8.mavros]: Plugin setpoint_velocity created
[INFO] [1790599283.540795820] [uav8.mavros]: Plugin setpoint_velocity initialized
[INFO] [1790599283.817742481] [uav8.mavros]: Plugin sys_status created
[INFO] [1790599283.828864826] [uav8.mavros]: Plugin sys_status initialized
[INFO] [1790599283.985788649] [uav8.mavros.time]: TM: Timesync mode: MAVLINK
[INFO] [1790599284.021059381] [uav8.mavros]: Plugin sys_time created
[INFO] [1790599284.021117296] [uav8.mavros]: Plugin sys_time initialized
[INFO] [1790599284.021126700] [uav8.mavros]: Plugin waypoint ignored
[INFO] [1790599284.021132319] [uav8.mavros]: Plugin wind_estimation ignored
[INFO] [1790599284.072969445] [uav8.mavros]: Built-in SIMD instructions: SSE, SSE2
[INFO] [1790599284.073015798] [uav8.mavros]: Built-in MAVLink package version: 2026.8.8
[INFO] [1790599284.073048521] [uav8.mavros]: Known MAVLink dialects: common ardupilotmega ASLUAV AVSSUAS all csAirLink cubepilot development icarous loweheiser marsh paparazzi standard stemstudios storm32 uAvionix ualberta
[INFO] [1790599284.073055764] [uav8.mavros]: MAVROS UAS via /uas8 started. MY ID 8.191, TARGET ID 8.1
[INFO] [1790599284.120205336] [uav8.mavros_router]: link[1001] detected remote address 8.191
[INFO] [1790599284.790520381] [uav8.mavros]: CON: Got HEARTBEAT, connected. FCU: PX4 Autopilot
[INFO] [1790599285.846131311] [uav8.mavros.sys]: VER: 8.1: Capabilities         0x000000000000e8ff
[INFO] [1790599285.846187003] [uav8.mavros.sys]: VER: 8.1: Flight software:     011200c0 (fca3df865a000000)
[INFO] [1790599285.846194742] [uav8.mavros.sys]: VER: 8.1: Middleware software: 011200c0 (fca3df865a000000)
[INFO] [1790599285.846199349] [uav8.mavros.sys]: VER: 8.1: OS software:         070000ff (17040b9f87cb1791)
[INFO] [1790599285.846204225] [uav8.mavros.sys]: VER: 8.1: Board hardware:      00000001
[INFO] [1790599285.846208827] [uav8.mavros.sys]: VER: 8.1: VID/PID:             0000:0000
[INFO] [1790599285.846213450] [uav8.mavros.sys]: VER: 8.1: UID:                 4954414c44494e56
[WARN] [1790599285.846258563] [uav8.mavros.cmd]: CMD: Unexpected command 512, result 0
[WARN] [1790599285.984800640] [uav8.mavros.sys]: FCU: UNK(8): EVENT 11047904 with args -0-0-0-16-0-128-0-0-0-176-58-127-128-176-58-127-128-0-0-0-0-0-0-0-0-0-0-0-0-0-0-0-0-0-0-0-0-0-0-0-
[ERROR] [1790599285.985018130] [uav8.mavros.sys]: FCU: EVENT 11464574 with args -0-64-0-0-20-0-0-0-0-0-0-0-0-0-0-0-0-0-0-0-0-0-0-0-0-0-0-0-0-0-0-0-0-0-0-0-0-0-0-0-
[INFO] [1790599285.985062517] [uav8.mavros.sys]: FCU: EVENT 377561 with args -8-0-0-0-20-0-0-0-0-0-0-0-0-0-0-0-0-0-0-0-0-0-0-0-0-0-0-0-0-0-0-0-0-0-0-0-0-0-0-0-
[WARN] [1790599285.985100897] [uav8.mavros.sys]: FCU: EVENT 453929 with args -255-255-255-255-7-0-0-0-0-0-0-0-0-0-0-0-0-0-0-0-0-0-0-0-0-0-0-0-0-0-0-0-0-0-0-0-0-0-0-0-
[INFO] [1790599285.985134782] [uav8.mavros.sys]: FCU: EVENT 6801787 with args -255-255-255-255-12-0-0-0-0-0-0-0-0-0-0-0-0-0-0-0-0-0-0-0-0-0-0-0-0-0-0-0-0-0-0-0-0-0-0-0-
[WARN] [1790599285.985167650] [uav8.mavros.sys]: FCU: UNK(8): EVENT 1914663 with args -0-10-13-2-56-0-0-0-0-0-0-0-0-0-0-0-0-0-0-0-0-0-0-0-0-0-0-0-0-0-0-0-0-0-0-0-0-0-0-0-
[WARN] [1790599297.733263391] [uav8.mavros.sys]: FCU: UNK(8): EVENT 11047904 with args -0-0-0-0-0-128-0-0-0-176-122-127-128-176-122-127-128-0-0-0-0-0-0-0-0-0-0-0-0-0-0-0-0-0-0-0-0-0-0-0-
[INFO] [1790599297.733373840] [uav8.mavros.sys]: FCU: EVENT 377561 with args -8-0-0-0-20-0-0-0-0-0-0-0-0-0-0-0-0-0-0-0-0-0-0-0-0-0-0-0-0-0-0-0-0-0-0-0-0-0-0-0-
[WARN] [1790599297.733415371] [uav8.mavros.sys]: FCU: EVENT 453929 with args -255-255-255-255-7-0-0-0-0-0-0-0-0-0-0-0-0-0-0-0-0-0-0-0-0-0-0-0-0-0-0-0-0-0-0-0-0-0-0-0-
[INFO] [1790599297.733450228] [uav8.mavros.sys]: FCU: EVENT 6801787 with args -255-255-255-255-12-0-0-0-0-0-0-0-0-0-0-0-0-0-0-0-0-0-0-0-0-0-0-0-0-0-0-0-0-0-0-0-0-0-0-0-
[WARN] [1790599297.733485800] [uav8.mavros.sys]: FCU: UNK(8): EVENT 1914663 with args -0-10-13-2-56-0-0-0-0-0-0-0-0-0-0-0-0-0-0-0-0-0-0-0-0-0-0-0-0-0-0-0-0-0-0-0-0-0-0-0-
[WARN] [1790599300.259273404] [uav8.mavros.cmd]: CMD: Unexpected command 176, result 0
[INFO] [1790599301.070035374] [uav8.mavros.sys]: FCU: EVENT 9489139 with args -4-0-0-0-0-0-0-0-0-0-0-0-0-0-0-0-0-0-0-0-0-0-0-0-0-0-0-0-0-0-0-0-0-0-0-0-0-0-0-0-
[INFO] [1790599302.909993434] [uav8.mavros.sys]: FCU: EVENT 4277609 with args -0-0-0-0-0-0-0-0-0-0-0-0-0-0-0-0-0-0-0-0-0-0-0-0-0-0-0-0-0-0-0-0-0-0-0-0-0-0-0-0-
[WARN] [1790599551.812254784] [uav8.mavros.cmd]: CMD: Unexpected command 176, result 0
[INFO] [1790599582.891237660] [uav8.mavros.sys]: FCU: EVENT 9844908 with args -0-0-0-0-0-0-0-0-0-0-0-0-0-0-0-0-0-0-0-0-0-0-0-0-0-0-0-0-0-0-0-0-0-0-0-0-0-0-0-0-
[INFO] [1790599584.992999854] [uav8.mavros.sys]: FCU: EVENT 16017271 with args -6-0-0-0-0-0-0-0-0-0-0-0-0-0-0-0-0-0-0-0-0-0-0-0-0-0-0-0-0-0-0-0-0-0-0-0-0-0-0-0-
[WARN] [1790599588.266768549] [uav8.mavros.sys]: FCU: UNK(8): EVENT 11047904 with args -0-0-0-0-0-128-0-0-0-176-122-127-128-176-122-127-128-0-0-0-0-0-0-0-0-0-0-0-0-0-0-0-0-0-0-0-0-0-0-0-
[INFO] [1790599588.266858314] [uav8.mavros.sys]: FCU: EVENT 377561 with args -8-0-0-0-20-0-0-0-0-0-0-0-0-0-0-0-0-0-0-0-0-0-0-0-0-0-0-0-0-0-0-0-0-0-0-0-0-0-0-0-
[WARN] [1790599588.267006945] [uav8.mavros.sys]: FCU: EVENT 453929 with args -255-255-255-255-7-0-0-0-0-0-0-0-0-0-0-0-0-0-0-0-0-0-0-0-0-0-0-0-0-0-0-0-0-0-0-0-0-0-0-0-
[INFO] [1790599588.267051058] [uav8.mavros.sys]: FCU: EVENT 6801787 with args -255-255-255-255-12-0-0-0-0-0-0-0-0-0-0-0-0-0-0-0-0-0-0-0-0-0-0-0-0-0-0-0-0-0-0-0-0-0-0-0-
[WARN] [1790599588.267111480] [uav8.mavros.sys]: FCU: UNK(8): EVENT 1914663 with args -0-10-9-2-56-0-0-0-0-0-0-0-0-0-0-0-0-0-0-0-0-0-0-0-0-0-0-0-0-0-0-0-0-0-0-0-0-0-0-0-
[INFO] [1790599591.457221528] [rclcpp]: signal_handler(SIGINT/SIGTERM)
[WARN] [1790599591.459203985] [uav8.mavros]: UAS Executor terminated
