[INFO] [1790599282.415722712] [uav9.mavros_node]: Starting mavros_node container
[INFO] [1790599282.415934761] [uav9.mavros_node]: FCU URL: udp://:14548@127.0.0.1:14588
[INFO] [1790599282.415976831] [uav9.mavros_node]: GCS URL: 
[INFO] [1790599282.415997657] [uav9.mavros_node]: UAS Prefix: /uas9
[INFO] [1790599282.416002278] [uav9.mavros_node]: Starting mavros router node
[INFO] [1790599282.485126379] [uav9.mavros_router]: Built-in SIMD instructions: SSE, SSE2
[INFO] [1790599282.485181226] [uav9.mavros_router]: Built-in MAVLink package version: 2026.8.8
[INFO] [1790599282.485473367] [uav9.mavros_router]: Known MAVLink dialects: common ardupilotmega ASLUAV AVSSUAS all csAirLink cubepilot development icarous loweheiser marsh paparazzi standard stemstudios storm32 uAvionix ualberta
[INFO] [1790599282.485481543] [uav9.mavros_router]: MAVROS Router started
[INFO] [1790599282.485638021] [uav9.mavros_node]: Starting mavros uas node
[INFO] [1790599282.740832993] [uav9.mavros_router]: Requested to add endpoint: type: 0, url: udp://:14548@127.0.0.1:14588
[INFO] [1790599282.740895279] [uav9.mavros_router]: Endpoint link[1000] created
[INFO] [1790599282.742067793] [uav9.mavros_router]: link[1000] opened successfully
[INFO] [1790599282.742109325] [uav9.mavros_router]: Requested to add endpoint: type: 2, url: /uas9
[INFO] [1790599282.742128416] [uav9.mavros_router]: Endpoint link[1001] created
[INFO] [1790599282.743545269] [uav9.mavros_router]: link[1000] detected remote address 9.1
[INFO] [1790599282.756219734] [uav9.mavros]: UAS Executor started, threads: 4
[INFO] [1790599282.757081286] [uav9.mavros]: Plugin actuator_control ignored
[INFO] [1790599282.765560285] [uav9.mavros]: Plugin altitude ignored
[INFO] [1790599282.823320770] [uav9.mavros_router]: link[1001] opened successfully
[INFO] [1790599283.018637879] [uav9.mavros]: Plugin command created
[INFO] [1790599283.018713620] [uav9.mavros]: Plugin command initialized
[INFO] [1790599283.018725545] [uav9.mavros]: Plugin ftp ignored
[INFO] [1790599283.018731117] [uav9.mavros]: Plugin geofence ignored
[INFO] [1790599283.227745696] [uav9.mavros]: Plugin global_position created
[INFO] [1790599283.227927083] [uav9.mavros]: Plugin global_position initialized
[INFO] [1790599283.227944210] [uav9.mavros]: Plugin home_position ignored
[INFO] [1790599283.227950853] [uav9.mavros]: Plugin imu ignored
[INFO] [1790599283.430495739] [uav9.mavros]: Plugin local_position created
[INFO] [1790599283.430557097] [uav9.mavros]: Plugin local_position initialized
[INFO] [1790599283.430567493] [uav9.mavros]: Plugin manual_control ignored
[INFO] [1790599283.430572601] [uav9.mavros]: Plugin nav_controller_output ignored
[INFO] [1790599283.430578049] [uav9.mavros]: Plugin param ignored
[INFO] [1790599283.430589440] [uav9.mavros]: Plugin rallypoint ignored
[INFO] [1790599283.430596377] [uav9.mavros]: Plugin rc_io ignored
[INFO] [1790599283.430601101] [uav9.mavros]: Plugin setpoint_accel ignored
[INFO] [1790599283.430606223] [uav9.mavros]: Plugin setpoint_attitude ignored
[INFO] [1790599283.430610864] [uav9.mavros]: Plugin setpoint_position ignored
[INFO] [1790599283.430615691] [uav9.mavros]: Plugin setpoint_raw ignored
[INFO] [1790599283.430620515] [uav9.mavros]: Plugin setpoint_trajectory ignored
[INFO] [1790599283.731766538] [uav9.mavros]: Plugin setpoint_velocity created
[INFO] [1790599283.731818287] [uav9.mavros]: Plugin setpoint_velocity initialized
[INFO] [1790599284.018995431] [uav9.mavros]: Plugin sys_status created
[INFO] [1790599284.019061583] [uav9.mavros]: Plugin sys_status initialized
[INFO] [1790599284.104271335] [uav9.mavros.time]: TM: Timesync mode: MAVLINK
[INFO] [1790599284.147144331] [uav9.mavros]: Plugin sys_time created
[INFO] [1790599284.147200307] [uav9.mavros]: Plugin sys_time initialized
[INFO] [1790599284.147209239] [uav9.mavros]: Plugin waypoint ignored
[INFO] [1790599284.147214947] [uav9.mavros]: Plugin wind_estimation ignored
[INFO] [1790599284.154217411] [uav9.mavros]: Built-in SIMD instructions: SSE, SSE2
[INFO] [1790599284.154255151] [uav9.mavros]: Built-in MAVLink package version: 2026.8.8
[INFO] [1790599284.154284081] [uav9.mavros]: Known MAVLink dialects: common ardupilotmega ASLUAV AVSSUAS all csAirLink cubepilot development icarous loweheiser marsh paparazzi standard stemstudios storm32 uAvionix ualberta
[INFO] [1790599284.154290964] [uav9.mavros]: MAVROS UAS via /uas9 started. MY ID 9.191, TARGET ID 9.1
[INFO] [1790599284.189449526] [uav9.mavros_router]: link[1001] detected remote address 9.191
[INFO] [1790599284.838253704] [uav9.mavros]: CON: Got HEARTBEAT, connected. FCU: PX4 Autopilot
[WARN] [1790599284.843316535] [uav9.mavros.sys]: FCU: UNK(8): EVENT 11047904 with args -0-0-0-16-0-128-0-0-0-176-58-127-128-176-58-127-128-0-0-0-0-0-0-0-0-0-0-0-0-0-0-0-0-0-0-0-0-0-0-0-
[ERROR] [1790599284.843415848] [uav9.mavros.sys]: FCU: EVENT 11464574 with args -0-64-0-0-20-0-0-0-0-0-0-0-0-0-0-0-0-0-0-0-0-0-0-0-0-0-0-0-0-0-0-0-0-0-0-0-0-0-0-0-
[INFO] [1790599284.843478067] [uav9.mavros.sys]: FCU: EVENT 377561 with args -8-0-0-0-20-0-0-0-0-0-0-0-0-0-0-0-0-0-0-0-0-0-0-0-0-0-0-0-0-0-0-0-0-0-0-0-0-0-0-0-
[WARN] [1790599284.843513192] [uav9.mavros.sys]: FCU: EVENT 453929 with args -255-255-255-255-7-0-0-0-0-0-0-0-0-0-0-0-0-0-0-0-0-0-0-0-0-0-0-0-0-0-0-0-0-0-0-0-0-0-0-0-
[INFO] [1790599284.843546096] [uav9.mavros.sys]: FCU: EVENT 6801787 with args -255-255-255-255-12-0-0-0-0-0-0-0-0-0-0-0-0-0-0-0-0-0-0-0-0-0-0-0-0-0-0-0-0-0-0-0-0-0-0-0-
[WARN] [1790599284.843578529] [uav9.mavros.sys]: FCU: UNK(8): EVENT 1914663 with args -0-10-13-2-56-0-0-0-0-0-0-0-0-0-0-0-0-0-0-0-0-0-0-0-0-0-0-0-0-0-0-0-0-0-0-0-0-0-0-0-
[INFO] [1790599285.856223591] [uav9.mavros.sys]: VER: 9.1: Capabilities         0x000000000000e8ff
[INFO] [1790599285.856268459] [uav9.mavros.sys]: VER: 9.1: Flight software:     011200c0 (fca3df865a000000)
[INFO] [1790599285.856276176] [uav9.mavros.sys]: VER: 9.1: Middleware software: 011200c0 (fca3df865a000000)
[INFO] [1790599285.856281022] [uav9.mavros.sys]: VER: 9.1: OS software:         070000ff (17040b9f87cb1791)
[INFO] [1790599285.856286314] [uav9.mavros.sys]: VER: 9.1: Board hardware:      00000001
[INFO] [1790599285.856291800] [uav9.mavros.sys]: VER: 9.1: VID/PID:             0000:0000
[INFO] [1790599285.856297130] [uav9.mavros.sys]: VER: 9.1: UID:                 4954414c44494e57
[WARN] [1790599285.859253610] [uav9.mavros.cmd]: CMD: Unexpected command 512, result 0
[WARN] [1790599297.533673073] [uav9.mavros.sys]: FCU: UNK(8): EVENT 11047904 with args -0-0-0-0-0-128-0-0-0-176-122-127-128-176-122-127-128-0-0-0-0-0-0-0-0-0-0-0-0-0-0-0-0-0-0-0-0-0-0-0-
[INFO] [1790599297.534244456] [uav9.mavros.sys]: FCU: EVENT 377561 with args -8-0-0-0-20-0-0-0-0-0-0-0-0-0-0-0-0-0-0-0-0-0-0-0-0-0-0-0-0-0-0-0-0-0-0-0-0-0-0-0-
[WARN] [1790599297.534272912] [uav9.mavros.sys]: FCU: EVENT 453929 with args -255-255-255-255-7-0-0-0-0-0-0-0-0-0-0-0-0-0-0-0-0-0-0-0-0-0-0-0-0-0-0-0-0-0-0-0-0-0-0-0-
[INFO] [1790599297.534310476] [uav9.mavros.sys]: FCU: EVENT 6801787 with args -255-255-255-255-12-0-0-0-0-0-0-0-0-0-0-0-0-0-0-0-0-0-0-0-0-0-0-0-0-0-0-0-0-0-0-0-0-0-0-0-
[WARN] [1790599297.534347120] [uav9.mavros.sys]: FCU: UNK(8): EVENT 1914663 with args -0-10-13-2-56-0-0-0-0-0-0-0-0-0-0-0-0-0-0-0-0-0-0-0-0-0-0-0-0-0-0-0-0-0-0-0-0-0-0-0-
[WARN] [1790599300.264959475] [uav9.mavros.cmd]: CMD: Unexpected command 176, result 0
[INFO] [1790599301.061075451] [uav9.mavros.sys]: FCU: EVENT 9489139 with args -4-0-0-0-0-0-0-0-0-0-0-0-0-0-0-0-0-0-0-0-0-0-0-0-0-0-0-0-0-0-0-0-0-0-0-0-0-0-0-0-
[INFO] [1790599303.048314040] [uav9.mavros.sys]: FCU: EVENT 4277609 with args -0-0-0-0-0-0-0-0-0-0-0-0-0-0-0-0-0-0-0-0-0-0-0-0-0-0-0-0-0-0-0-0-0-0-0-0-0-0-0-0-
[WARN] [1790599551.816742605] [uav9.mavros.cmd]: CMD: Unexpected command 176, result 0
[INFO] [1790599586.416810584] [uav9.mavros.sys]: FCU: EVENT 9844908 with args -0-0-0-0-0-0-0-0-0-0-0-0-0-0-0-0-0-0-0-0-0-0-0-0-0-0-0-0-0-0-0-0-0-0-0-0-0-0-0-0-
[INFO] [1790599588.504839529] [uav9.mavros.sys]: FCU: EVENT 16017271 with args -6-0-0-0-0-0-0-0-0-0-0-0-0-0-0-0-0-0-0-0-0-0-0-0-0-0-0-0-0-0-0-0-0-0-0-0-0-0-0-0-
[INFO] [1790599591.457470821] [rclcpp]: signal_handler(SIGINT/SIGTERM)
[WARN] [1790599591.461157449] [uav9.mavros]: UAS Executor terminated
