[INFO] [1790599282.418504060] [uav7.mavros_node]: Starting mavros_node container
[INFO] [1790599282.419057671] [uav7.mavros_node]: FCU URL: udp://:14546@127.0.0.1:14586
[INFO] [1790599282.419079482] [uav7.mavros_node]: GCS URL: 
[INFO] [1790599282.419084844] [uav7.mavros_node]: UAS Prefix: /uas7
[INFO] [1790599282.419089493] [uav7.mavros_node]: Starting mavros router node
[INFO] [1790599282.510066443] [uav7.mavros_router]: Built-in SIMD instructions: SSE, SSE2
[INFO] [1790599282.511003185] [uav7.mavros_router]: Built-in MAVLink package version: 2026.8.8
[INFO] [1790599282.511160855] [uav7.mavros_router]: Known MAVLink dialects: common ardupilotmega ASLUAV AVSSUAS all csAirLink cubepilot development icarous loweheiser marsh paparazzi standard stemstudios storm32 uAvionix ualberta
[INFO] [1790599282.511176568] [uav7.mavros_router]: MAVROS Router started
[INFO] [1790599282.513402082] [uav7.mavros_node]: Starting mavros uas node
[INFO] [1790599282.718128804] [uav7.mavros_router]: Requested to add endpoint: type: 0, url: udp://:14546@127.0.0.1:14586
[INFO] [1790599282.718186952] [uav7.mavros_router]: Endpoint link[1000] created
[INFO] [1790599282.720367824] [uav7.mavros_router]: link[1000] opened successfully
[INFO] [1790599282.720404714] [uav7.mavros_router]: Requested to add endpoint: type: 2, url: /uas7
[INFO] [1790599282.720425752] [uav7.mavros_router]: Endpoint link[1001] created
[INFO] [1790599282.725096557] [uav7.mavros_router]: link[1000] detected remote address 7.1
[INFO] [1790599282.733152876] [uav7.mavros]: UAS Executor started, threads: 4
[INFO] [1790599282.736650316] [uav7.mavros]: Plugin actuator_control ignored
[INFO] [1790599282.736711474] [uav7.mavros]: Plugin altitude ignored
[INFO] [1790599282.765638435] [uav7.mavros_router]: link[1001] opened successfully
[INFO] [1790599282.917358834] [uav7.mavros]: Plugin command created
[INFO] [1790599282.917424997] [uav7.mavros]: Plugin command initialized
[INFO] [1790599282.917434673] [uav7.mavros]: Plugin ftp ignored
[INFO] [1790599282.917440261] [uav7.mavros]: Plugin geofence ignored
[INFO] [1790599283.274021130] [uav7.mavros]: Plugin global_position created
[INFO] [1790599283.274084084] [uav7.mavros]: Plugin global_position initialized
[INFO] [1790599283.274094102] [uav7.mavros]: Plugin home_position ignored
[INFO] [1790599283.274100122] [uav7.mavros]: Plugin imu ignored
[INFO] [1790599283.509108547] [uav7.mavros]: Plugin local_position created
[INFO] [1790599283.509164483] [uav7.mavros]: Plugin local_position initialized
[INFO] [1790599283.509173317] [uav7.mavros]: Plugin manual_control ignored
[INFO] [1790599283.509180044] [uav7.mavros]: Plugin nav_controller_output ignored
[INFO] [1790599283.509185677] [uav7.mavros]: Plugin param ignored
[INFO] [1790599283.509191360] [uav7.mavros]: Plugin rallypoint ignored
[INFO] [1790599283.509196779] [uav7.mavros]: Plugin rc_io ignored
[INFO] [1790599283.509202528] [uav7.mavros]: Plugin setpoint_accel ignored
[INFO] [1790599283.509208372] [uav7.mavros]: Plugin setpoint_attitude ignored
[INFO] [1790599283.509213972] [uav7.mavros]: Plugin setpoint_position ignored
[INFO] [1790599283.509219663] [uav7.mavros]: Plugin setpoint_raw ignored
[INFO] [1790599283.509225042] [uav7.mavros]: Plugin setpoint_trajectory ignored
[INFO] [1790599283.625574577] [uav7.mavros]: Plugin setpoint_velocity created
[INFO] [1790599283.625631754] [uav7.mavros]: Plugin setpoint_velocity initialized
[INFO] [1790599283.937530972] [uav7.mavros]: Plugin sys_status created
[INFO] [1790599283.937609165] [uav7.mavros]: Plugin sys_status initialized
[INFO] [1790599284.221918005] [uav7.mavros.time]: TM: Timesync mode: MAVLINK
[INFO] [1790599284.246253956] [uav7.mavros]: Plugin sys_time created
[INFO] [1790599284.246321112] [uav7.mavros]: Plugin sys_time initialized
[INFO] [1790599284.246332019] [uav7.mavros]: Plugin waypoint ignored
[INFO] [1790599284.246337403] [uav7.mavros]: Plugin wind_estimation ignored
[INFO] [1790599284.282490517] [uav7.mavros]: Built-in SIMD instructions: SSE, SSE2
[INFO] [1790599284.298542251] [uav7.mavros]: Built-in MAVLink package version: 2026.8.8
[INFO] [1790599284.298570800] [uav7.mavros]: Known MAVLink dialects: common ardupilotmega ASLUAV AVSSUAS all csAirLink cubepilot development icarous loweheiser marsh paparazzi standard stemstudios storm32 uAvionix ualberta
[INFO] [1790599284.298578548] [uav7.mavros]: MAVROS UAS via /uas7 started. MY ID 7.191, TARGET ID 7.1
[INFO] [1790599284.365807674] [uav7.mavros_router]: link[1001] detected remote address 7.191
[INFO] [1790599284.815787523] [uav7.mavros]: CON: Got HEARTBEAT, connected. FCU: PX4 Autopilot
[INFO] [1790599285.866421198] [uav7.mavros.sys]: VER: 7.1: Capabilities         0x000000000000e8ff
[INFO] [1790599285.866476128] [uav7.mavros.sys]: VER: 7.1: Flight software:     011200c0 (fca3df865a000000)
[INFO] [1790599285.866483151] [uav7.mavros.sys]: VER: 7.1: Middleware software: 011200c0 (fca3df865a000000)
[INFO] [1790599285.866487845] [uav7.mavros.sys]: VER: 7.1: OS software:         070000ff (17040b9f87cb1791)
[INFO] [1790599285.866493211] [uav7.mavros.sys]: VER: 7.1: Board hardware:      00000001
[INFO] [1790599285.866497567] [uav7.mavros.sys]: VER: 7.1: VID/PID:             0000:0000
[INFO] [1790599285.866502140] [uav7.mavros.sys]: VER: 7.1: UID:                 4954414c44494e55
[WARN] [1790599285.866548030] [uav7.mavros.cmd]: CMD: Unexpected command 512, result 0
[WARN] [1790599297.098721003] [uav7.mavros.sys]: FCU: UNK(8): EVENT 11047904 with args -0-0-0-0-0-128-0-0-0-176-122-127-128-176-122-127-128-0-0-0-0-0-0-0-0-0-0-0-0-0-0-0-0-0-0-0-0-0-0-0-
[INFO] [1790599297.098818303] [uav7.mavros.sys]: FCU: EVENT 377561 with args -8-0-0-0-20-0-0-0-0-0-0-0-0-0-0-0-0-0-0-0-0-0-0-0-0-0-0-0-0-0-0-0-0-0-0-0-0-0-0-0-
[WARN] [1790599297.098874255] [uav7.mavros.sys]: FCU: EVENT 453929 with args -255-255-255-255-7-0-0-0-0-0-0-0-0-0-0-0-0-0-0-0-0-0-0-0-0-0-0-0-0-0-0-0-0-0-0-0-0-0-0-0-
[INFO] [1790599297.098908353] [uav7.mavros.sys]: FCU: EVENT 6801787 with args -255-255-255-255-12-0-0-0-0-0-0-0-0-0-0-0-0-0-0-0-0-0-0-0-0-0-0-0-0-0-0-0-0-0-0-0-0-0-0-0-
[WARN] [1790599297.098942153] [uav7.mavros.sys]: FCU: UNK(8): EVENT 1914663 with args -0-10-13-2-56-0-0-0-0-0-0-0-0-0-0-0-0-0-0-0-0-0-0-0-0-0-0-0-0-0-0-0-0-0-0-0-0-0-0-0-
[WARN] [1790599300.278353355] [uav7.mavros.cmd]: CMD: Unexpected command 176, result 0
[INFO] [1790599301.069619287] [uav7.mavros.sys]: FCU: EVENT 9489139 with args -4-0-0-0-0-0-0-0-0-0-0-0-0-0-0-0-0-0-0-0-0-0-0-0-0-0-0-0-0-0-0-0-0-0-0-0-0-0-0-0-
[INFO] [1790599302.864329191] [uav7.mavros.sys]: FCU: EVENT 4277609 with args -0-0-0-0-0-0-0-0-0-0-0-0-0-0-0-0-0-0-0-0-0-0-0-0-0-0-0-0-0-0-0-0-0-0-0-0-0-0-0-0-
[WARN] [1790599551.823916250] [uav7.mavros.cmd]: CMD: Unexpected command 176, result 0
[INFO] [1790599583.295114008] [uav7.mavros.sys]: FCU: EVENT 9844908 with args -0-0-0-0-0-0-0-0-0-0-0-0-0-0-0-0-0-0-0-0-0-0-0-0-0-0-0-0-0-0-0-0-0-0-0-0-0-0-0-0-
[INFO] [1790599585.381375308] [uav7.mavros.sys]: FCU: EVENT 16017271 with args -6-0-0-0-0-0-0-0-0-0-0-0-0-0-0-0-0-0-0-0-0-0-0-0-0-0-0-0-0-0-0-0-0-0-0-0-0-0-0-0-
[WARN] [1790599589.411915027] [uav7.mavros.sys]: FCU: UNK(8): EVENT 11047904 with args -0-0-0-0-0-128-0-0-0-176-122-127-128-176-122-127-128-0-0-0-0-0-0-0-0-0-0-0-0-0-0-0-0-0-0-0-0-0-0-0-
[INFO] [1790599589.412678409] [uav7.mavros.sys]: FCU: EVENT 377561 with args -8-0-0-0-20-0-0-0-0-0-0-0-0-0-0-0-0-0-0-0-0-0-0-0-0-0-0-0-0-0-0-0-0-0-0-0-0-0-0-0-
[WARN] [1790599589.413262036] [uav7.mavros.sys]: FCU: EVENT 453929 with args -255-255-255-255-7-0-0-0-0-0-0-0-0-0-0-0-0-0-0-0-0-0-0-0-0-0-0-0-0-0-0-0-0-0-0-0-0-0-0-0-
[INFO] [1790599589.413367387] [uav7.mavros.sys]: FCU: EVENT 6801787 with args -255-255-255-255-12-0-0-0-0-0-0-0-0-0-0-0-0-0-0-0-0-0-0-0-0-0-0-0-0-0-0-0-0-0-0-0-0-0-0-0-
[WARN] [1790599589.413394158] [uav7.mavros.sys]: FCU: UNK(8): EVENT 1914663 with args -0-10-9-2-56-0-0-0-0-0-0-0-0-0-0-0-0-0-0-0-0-0-0-0-0-0-0-0-0-0-0-0-0-0-0-0-0-0-0-0-
[INFO] [1790599591.457100192] [rclcpp]: signal_handler(SIGINT/SIGTERM)
[WARN] [1790599591.458981901] [uav7.mavros]: UAS Executor terminated
