[INFO] [1790590230.848950873] [uav3.mavros_node]: Starting mavros_node container
[INFO] [1790590230.850021313] [uav3.mavros_node]: FCU URL: udp://:14542@127.0.0.1:14582
[INFO] [1790590230.850130321] [uav3.mavros_node]: GCS URL: 
[INFO] [1790590230.850141548] [uav3.mavros_node]: UAS Prefix: /uas3
[INFO] [1790590230.850148452] [uav3.mavros_node]: Starting mavros router node
[INFO] [1790590230.893944916] [uav3.mavros_router]: Built-in SIMD instructions: SSE, SSE2
[INFO] [1790590230.894000932] [uav3.mavros_router]: Built-in MAVLink package version: 2026.8.8
[INFO] [1790590230.894013206] [uav3.mavros_router]: Known MAVLink dialects: common ardupilotmega ASLUAV AVSSUAS all csAirLink cubepilot development icarous loweheiser marsh paparazzi standard stemstudios storm32 uAvionix ualberta
[INFO] [1790590230.894020894] [uav3.mavros_router]: MAVROS Router started
[INFO] [1790590230.894707084] [uav3.mavros_node]: Starting mavros uas node
[INFO] [1790590231.324572489] [uav3.mavros_router]: Requested to add endpoint: type: 0, url: udp://:14542@127.0.0.1:14582
[INFO] [1790590231.324635008] [uav3.mavros_router]: Endpoint link[1000] created
[INFO] [1790590231.335775676] [uav3.mavros]: UAS Executor started, threads: 4
[INFO] [1790590231.337214498] [uav3.mavros_router]: link[1000] opened successfully
[INFO] [1790590231.337267278] [uav3.mavros_router]: Requested to add endpoint: type: 2, url: /uas3
[INFO] [1790590231.337292913] [uav3.mavros_router]: Endpoint link[1001] created
[INFO] [1790590231.338494951] [uav3.mavros]: Plugin actuator_control ignored
[INFO] [1790590231.338544723] [uav3.mavros]: Plugin altitude ignored
[INFO] [1790590231.346041806] [uav3.mavros_router]: link[1000] detected remote address 3.1
[INFO] [1790590231.436756120] [uav3.mavros_router]: link[1001] opened successfully
[INFO] [1790590231.660708030] [uav3.mavros]: Plugin command created
[INFO] [1790590231.660802040] [uav3.mavros]: Plugin command initialized
[INFO] [1790590231.660814267] [uav3.mavros]: Plugin ftp ignored
[INFO] [1790590231.660819933] [uav3.mavros]: Plugin geofence ignored
[INFO] [1790590232.052517915] [uav3.mavros]: Plugin global_position created
[INFO] [1790590232.053963115] [uav3.mavros]: Plugin global_position initialized
[INFO] [1790590232.054024354] [uav3.mavros]: Plugin home_position ignored
[INFO] [1790590232.054052929] [uav3.mavros]: Plugin imu ignored
[INFO] [1790590232.162339528] [uav3.mavros]: Plugin local_position created
[INFO] [1790590232.162397261] [uav3.mavros]: Plugin local_position initialized
[INFO] [1790590232.162409862] [uav3.mavros]: Plugin manual_control ignored
[INFO] [1790590232.162417338] [uav3.mavros]: Plugin nav_controller_output ignored
[INFO] [1790590232.162424530] [uav3.mavros]: Plugin param ignored
[INFO] [1790590232.162430096] [uav3.mavros]: Plugin rallypoint ignored
[INFO] [1790590232.162435827] [uav3.mavros]: Plugin rc_io ignored
[INFO] [1790590232.162443668] [uav3.mavros]: Plugin setpoint_accel ignored
[INFO] [1790590232.162450770] [uav3.mavros]: Plugin setpoint_attitude ignored
[INFO] [1790590232.162456633] [uav3.mavros]: Plugin setpoint_position ignored
[INFO] [1790590232.162461531] [uav3.mavros]: Plugin setpoint_raw ignored
[INFO] [1790590232.162466292] [uav3.mavros]: Plugin setpoint_trajectory ignored
[INFO] [1790590232.359992986] [uav3.mavros]: Plugin setpoint_velocity created
[INFO] [1790590232.360061871] [uav3.mavros]: Plugin setpoint_velocity initialized
[INFO] [1790590232.586004001] [uav3.mavros]: Plugin sys_status created
[INFO] [1790590232.586092541] [uav3.mavros]: Plugin sys_status initialized
[INFO] [1790590232.684933641] [uav3.mavros.time]: TM: Timesync mode: MAVLINK
[INFO] [1790590232.691542027] [uav3.mavros]: Plugin sys_time created
[INFO] [1790590232.691614845] [uav3.mavros]: Plugin sys_time initialized
[INFO] [1790590232.691628852] [uav3.mavros]: Plugin waypoint ignored
[INFO] [1790590232.691635205] [uav3.mavros]: Plugin wind_estimation ignored
[INFO] [1790590232.694104593] [uav3.mavros]: Built-in SIMD instructions: SSE, SSE2
[INFO] [1790590232.694140535] [uav3.mavros]: Built-in MAVLink package version: 2026.8.8
[INFO] [1790590232.694166291] [uav3.mavros]: Known MAVLink dialects: common ardupilotmega ASLUAV AVSSUAS all csAirLink cubepilot development icarous loweheiser marsh paparazzi standard stemstudios storm32 uAvionix ualberta
[INFO] [1790590232.694175881] [uav3.mavros]: MAVROS UAS via /uas3 started. MY ID 3.191, TARGET ID 3.1
[INFO] [1790590232.752426004] [uav3.mavros_router]: link[1001] detected remote address 3.191
[INFO] [1790590233.338836985] [uav3.mavros]: CON: Got HEARTBEAT, connected. FCU: PX4 Autopilot
[INFO] [1790590234.353640408] [uav3.mavros.sys]: VER: 3.1: Capabilities         0x000000000000e8ff
[INFO] [1790590234.353696376] [uav3.mavros.sys]: VER: 3.1: Flight software:     011200c0 (fca3df865a000000)
[INFO] [1790590234.353705862] [uav3.mavros.sys]: VER: 3.1: Middleware software: 011200c0 (fca3df865a000000)
[INFO] [1790590234.353711550] [uav3.mavros.sys]: VER: 3.1: OS software:         070000ff (17040b9f87cb1791)
[INFO] [1790590234.353716743] [uav3.mavros.sys]: VER: 3.1: Board hardware:      00000001
[INFO] [1790590234.353721906] [uav3.mavros.sys]: VER: 3.1: VID/PID:             0000:0000
[INFO] [1790590234.353730184] [uav3.mavros.sys]: VER: 3.1: UID:                 4954414c44494e51
[WARN] [1790590234.355270323] [uav3.mavros.cmd]: CMD: Unexpected command 512, result 0
[WARN] [1790590244.722332056] [uav3.mavros.sys]: FCU: UNK(8): EVENT 11047904 with args -0-0-0-0-0-128-0-0-0-176-122-127-128-176-122-127-128-0-0-0-0-0-0-0-0-0-0-0-0-0-0-0-0-0-0-0-0-0-0-0-
[INFO] [1790590244.722440803] [uav3.mavros.sys]: FCU: EVENT 377561 with args -8-0-0-0-20-0-0-0-0-0-0-0-0-0-0-0-0-0-0-0-0-0-0-0-0-0-0-0-0-0-0-0-0-0-0-0-0-0-0-0-
[WARN] [1790590244.722483023] [uav3.mavros.sys]: FCU: EVENT 453929 with args -255-255-255-255-7-0-0-0-0-0-0-0-0-0-0-0-0-0-0-0-0-0-0-0-0-0-0-0-0-0-0-0-0-0-0-0-0-0-0-0-
[INFO] [1790590244.722520434] [uav3.mavros.sys]: FCU: EVENT 6801787 with args -255-255-255-255-12-0-0-0-0-0-0-0-0-0-0-0-0-0-0-0-0-0-0-0-0-0-0-0-0-0-0-0-0-0-0-0-0-0-0-0-
[WARN] [1790590244.722558502] [uav3.mavros.sys]: FCU: UNK(8): EVENT 1914663 with args -0-10-13-2-56-0-0-0-0-0-0-0-0-0-0-0-0-0-0-0-0-0-0-0-0-0-0-0-0-0-0-0-0-0-0-0-0-0-0-0-
[WARN] [1790590247.499785943] [uav3.mavros.cmd]: CMD: Unexpected command 176, result 0
[INFO] [1790590248.183790726] [uav3.mavros.sys]: FCU: EVENT 9489139 with args -4-0-0-0-0-0-0-0-0-0-0-0-0-0-0-0-0-0-0-0-0-0-0-0-0-0-0-0-0-0-0-0-0-0-0-0-0-0-0-0-
[INFO] [1790590250.240823481] [uav3.mavros.sys]: FCU: EVENT 4277609 with args -0-0-0-0-0-0-0-0-0-0-0-0-0-0-0-0-0-0-0-0-0-0-0-0-0-0-0-0-0-0-0-0-0-0-0-0-0-0-0-0-
[WARN] [1790590501.673657688] [uav3.mavros.cmd]: CMD: Unexpected command 176, result 0
[INFO] [1790590533.764017137] [uav3.mavros.sys]: FCU: EVENT 9844908 with args -0-0-0-0-0-0-0-0-0-0-0-0-0-0-0-0-0-0-0-0-0-0-0-0-0-0-0-0-0-0-0-0-0-0-0-0-0-0-0-0-
[INFO] [1790590535.857422687] [uav3.mavros.sys]: FCU: EVENT 16017271 with args -6-0-0-0-0-0-0-0-0-0-0-0-0-0-0-0-0-0-0-0-0-0-0-0-0-0-0-0-0-0-0-0-0-0-0-0-0-0-0-0-
[WARN] [1790590539.822300845] [uav3.mavros.sys]: FCU: UNK(8): EVENT 11047904 with args -0-0-0-0-0-128-0-0-0-176-122-127-128-176-122-127-128-0-0-0-0-0-0-0-0-0-0-0-0-0-0-0-0-0-0-0-0-0-0-0-
[INFO] [1790590539.822441519] [uav3.mavros.sys]: FCU: EVENT 377561 with args -8-0-0-0-20-0-0-0-0-0-0-0-0-0-0-0-0-0-0-0-0-0-0-0-0-0-0-0-0-0-0-0-0-0-0-0-0-0-0-0-
[WARN] [1790590539.822479432] [uav3.mavros.sys]: FCU: EVENT 453929 with args -255-255-255-255-7-0-0-0-0-0-0-0-0-0-0-0-0-0-0-0-0-0-0-0-0-0-0-0-0-0-0-0-0-0-0-0-0-0-0-0-
[INFO] [1790590539.822526113] [uav3.mavros.sys]: FCU: EVENT 6801787 with args -255-255-255-255-12-0-0-0-0-0-0-0-0-0-0-0-0-0-0-0-0-0-0-0-0-0-0-0-0-0-0-0-0-0-0-0-0-0-0-0-
[WARN] [1790590539.822604668] [uav3.mavros.sys]: FCU: UNK(8): EVENT 1914663 with args -0-10-9-2-56-0-0-0-0-0-0-0-0-0-0-0-0-0-0-0-0-0-0-0-0-0-0-0-0-0-0-0-0-0-0-0-0-0-0-0-
[INFO] [1790590544.406314066] [rclcpp]: signal_handler(SIGINT/SIGTERM)
[WARN] [1790590544.414790759] [uav3.mavros]: UAS Executor terminated
