[INFO] [1790590230.782231472] [uav7.mavros_node]: Starting mavros_node container
[INFO] [1790590230.782343899] [uav7.mavros_node]: FCU URL: udp://:14546@127.0.0.1:14586
[INFO] [1790590230.782355413] [uav7.mavros_node]: GCS URL: 
[INFO] [1790590230.782361575] [uav7.mavros_node]: UAS Prefix: /uas7
[INFO] [1790590230.782366931] [uav7.mavros_node]: Starting mavros router node
[INFO] [1790590230.840793213] [uav7.mavros_router]: Built-in SIMD instructions: SSE, SSE2
[INFO] [1790590230.840855807] [uav7.mavros_router]: Built-in MAVLink package version: 2026.8.8
[INFO] [1790590230.840869483] [uav7.mavros_router]: Known MAVLink dialects: common ardupilotmega ASLUAV AVSSUAS all csAirLink cubepilot development icarous loweheiser marsh paparazzi standard stemstudios storm32 uAvionix ualberta
[INFO] [1790590230.840877323] [uav7.mavros_router]: MAVROS Router started
[INFO] [1790590230.841023965] [uav7.mavros_node]: Starting mavros uas node
[INFO] [1790590230.937496548] [uav7.mavros_router]: Requested to add endpoint: type: 0, url: udp://:14546@127.0.0.1:14586
[INFO] [1790590230.937648182] [uav7.mavros_router]: Endpoint link[1000] created
[INFO] [1790590230.938149831] [uav7.mavros_router]: link[1000] opened successfully
[INFO] [1790590230.938177535] [uav7.mavros_router]: Requested to add endpoint: type: 2, url: /uas7
[INFO] [1790590230.938193808] [uav7.mavros_router]: Endpoint link[1001] created
[INFO] [1790590230.939864050] [uav7.mavros_router]: link[1000] detected remote address 7.1
[INFO] [1790590230.943166557] [uav7.mavros_router]: link[1001] opened successfully
[INFO] [1790590230.948481185] [uav7.mavros]: UAS Executor started, threads: 4
[INFO] [1790590230.948481744] [uav7.mavros]: Plugin actuator_control ignored
[INFO] [1790590230.948655518] [uav7.mavros]: Plugin altitude ignored
[INFO] [1790590230.978246203] [uav7.mavros]: Plugin command created
[INFO] [1790590230.978300732] [uav7.mavros]: Plugin command initialized
[INFO] [1790590230.978311133] [uav7.mavros]: Plugin ftp ignored
[INFO] [1790590230.978319407] [uav7.mavros]: Plugin geofence ignored
[INFO] [1790590231.002866728] [uav7.mavros]: Plugin global_position created
[INFO] [1790590231.002930630] [uav7.mavros]: Plugin global_position initialized
[INFO] [1790590231.002941113] [uav7.mavros]: Plugin home_position ignored
[INFO] [1790590231.002948291] [uav7.mavros]: Plugin imu ignored
[INFO] [1790590231.018384292] [uav7.mavros]: Plugin local_position created
[INFO] [1790590231.018439957] [uav7.mavros]: Plugin local_position initialized
[INFO] [1790590231.018451351] [uav7.mavros]: Plugin manual_control ignored
[INFO] [1790590231.018457557] [uav7.mavros]: Plugin nav_controller_output ignored
[INFO] [1790590231.018463514] [uav7.mavros]: Plugin param ignored
[INFO] [1790590231.018469044] [uav7.mavros]: Plugin rallypoint ignored
[INFO] [1790590231.018474872] [uav7.mavros]: Plugin rc_io ignored
[INFO] [1790590231.018480269] [uav7.mavros]: Plugin setpoint_accel ignored
[INFO] [1790590231.018485612] [uav7.mavros]: Plugin setpoint_attitude ignored
[INFO] [1790590231.018491384] [uav7.mavros]: Plugin setpoint_position ignored
[INFO] [1790590231.018497051] [uav7.mavros]: Plugin setpoint_raw ignored
[INFO] [1790590231.018502463] [uav7.mavros]: Plugin setpoint_trajectory ignored
[INFO] [1790590231.032266797] [uav7.mavros]: Plugin setpoint_velocity created
[INFO] [1790590231.032320514] [uav7.mavros]: Plugin setpoint_velocity initialized
[INFO] [1790590231.134453452] [uav7.mavros]: Plugin sys_status created
[INFO] [1790590231.134535108] [uav7.mavros]: Plugin sys_status initialized
[INFO] [1790590231.206501323] [uav7.mavros.time]: TM: Timesync mode: MAVLINK
[INFO] [1790590231.222299211] [uav7.mavros]: Plugin sys_time created
[INFO] [1790590231.222372716] [uav7.mavros]: Plugin sys_time initialized
[INFO] [1790590231.224389879] [uav7.mavros]: Plugin waypoint ignored
[INFO] [1790590231.224425465] [uav7.mavros]: Plugin wind_estimation ignored
[INFO] [1790590231.227606599] [uav7.mavros]: Built-in SIMD instructions: SSE, SSE2
[INFO] [1790590231.227657893] [uav7.mavros]: Built-in MAVLink package version: 2026.8.8
[INFO] [1790590231.227761800] [uav7.mavros]: Known MAVLink dialects: common ardupilotmega ASLUAV AVSSUAS all csAirLink cubepilot development icarous loweheiser marsh paparazzi standard stemstudios storm32 uAvionix ualberta
[INFO] [1790590231.227775346] [uav7.mavros]: MAVROS UAS via /uas7 started. MY ID 7.191, TARGET ID 7.1
[INFO] [1790590231.321602994] [uav7.mavros_router]: link[1001] detected remote address 7.191
[INFO] [1790590232.136440100] [uav7.mavros]: CON: Got HEARTBEAT, connected. FCU: PX4 Autopilot
[INFO] [1790590232.194115150] [uav7.mavros.sys]: VER: 7.1: Capabilities         0x000000000000e8ff
[INFO] [1790590232.194176573] [uav7.mavros.sys]: VER: 7.1: Flight software:     011200c0 (fca3df865a000000)
[INFO] [1790590232.194186662] [uav7.mavros.sys]: VER: 7.1: Middleware software: 011200c0 (fca3df865a000000)
[INFO] [1790590232.194193621] [uav7.mavros.sys]: VER: 7.1: OS software:         070000ff (17040b9f87cb1791)
[INFO] [1790590232.194199538] [uav7.mavros.sys]: VER: 7.1: Board hardware:      00000001
[INFO] [1790590232.194205310] [uav7.mavros.sys]: VER: 7.1: VID/PID:             0000:0000
[INFO] [1790590232.194210907] [uav7.mavros.sys]: VER: 7.1: UID:                 4954414c44494e55
[WARN] [1790590232.194253150] [uav7.mavros.cmd]: CMD: Unexpected command 512, result 0
[WARN] [1790590238.559716360] [uav7.mavros.sys]: FCU: UNK(8): EVENT 11047904 with args -0-0-0-0-0-128-0-0-0-176-122-127-128-176-122-127-128-0-0-0-0-0-0-0-0-0-0-0-0-0-0-0-0-0-0-0-0-0-0-0-
[INFO] [1790590238.562237261] [uav7.mavros.sys]: FCU: EVENT 377561 with args -8-0-0-0-20-0-0-0-0-0-0-0-0-0-0-0-0-0-0-0-0-0-0-0-0-0-0-0-0-0-0-0-0-0-0-0-0-0-0-0-
[WARN] [1790590238.591037519] [uav7.mavros.sys]: FCU: EVENT 453929 with args -255-255-255-255-7-0-0-0-0-0-0-0-0-0-0-0-0-0-0-0-0-0-0-0-0-0-0-0-0-0-0-0-0-0-0-0-0-0-0-0-
[INFO] [1790590238.599861464] [uav7.mavros.sys]: FCU: EVENT 6801787 with args -255-255-255-255-12-0-0-0-0-0-0-0-0-0-0-0-0-0-0-0-0-0-0-0-0-0-0-0-0-0-0-0-0-0-0-0-0-0-0-0-
[WARN] [1790590238.616687416] [uav7.mavros.sys]: FCU: UNK(8): EVENT 1914663 with args -0-10-13-2-56-0-0-0-0-0-0-0-0-0-0-0-0-0-0-0-0-0-0-0-0-0-0-0-0-0-0-0-0-0-0-0-0-0-0-0-
[WARN] [1790590247.526134408] [uav7.mavros.cmd]: CMD: Unexpected command 176, result 0
[INFO] [1790590248.077523287] [uav7.mavros.sys]: FCU: EVENT 9489139 with args -4-0-0-0-0-0-0-0-0-0-0-0-0-0-0-0-0-0-0-0-0-0-0-0-0-0-0-0-0-0-0-0-0-0-0-0-0-0-0-0-
[INFO] [1790590250.120131117] [uav7.mavros.sys]: FCU: EVENT 4277609 with args -0-0-0-0-0-0-0-0-0-0-0-0-0-0-0-0-0-0-0-0-0-0-0-0-0-0-0-0-0-0-0-0-0-0-0-0-0-0-0-0-
[WARN] [1790590501.692848336] [uav7.mavros.cmd]: CMD: Unexpected command 176, result 0
[INFO] [1790590534.833096730] [uav7.mavros.sys]: FCU: EVENT 9844908 with args -0-0-0-0-0-0-0-0-0-0-0-0-0-0-0-0-0-0-0-0-0-0-0-0-0-0-0-0-0-0-0-0-0-0-0-0-0-0-0-0-
[INFO] [1790590536.929353904] [uav7.mavros.sys]: FCU: EVENT 16017271 with args -6-0-0-0-0-0-0-0-0-0-0-0-0-0-0-0-0-0-0-0-0-0-0-0-0-0-0-0-0-0-0-0-0-0-0-0-0-0-0-0-
[WARN] [1790590540.576762585] [uav7.mavros.sys]: FCU: UNK(8): EVENT 11047904 with args -0-0-0-0-0-128-0-0-0-176-122-127-128-176-122-127-128-0-0-0-0-0-0-0-0-0-0-0-0-0-0-0-0-0-0-0-0-0-0-0-
[INFO] [1790590540.576888215] [uav7.mavros.sys]: FCU: EVENT 377561 with args -8-0-0-0-20-0-0-0-0-0-0-0-0-0-0-0-0-0-0-0-0-0-0-0-0-0-0-0-0-0-0-0-0-0-0-0-0-0-0-0-
[WARN] [1790590540.576990208] [uav7.mavros.sys]: FCU: EVENT 453929 with args -255-255-255-255-7-0-0-0-0-0-0-0-0-0-0-0-0-0-0-0-0-0-0-0-0-0-0-0-0-0-0-0-0-0-0-0-0-0-0-0-
[INFO] [1790590540.577078460] [uav7.mavros.sys]: FCU: EVENT 6801787 with args -255-255-255-255-12-0-0-0-0-0-0-0-0-0-0-0-0-0-0-0-0-0-0-0-0-0-0-0-0-0-0-0-0-0-0-0-0-0-0-0-
[WARN] [1790590540.577108879] [uav7.mavros.sys]: FCU: UNK(8): EVENT 1914663 with args -0-10-9-2-56-0-0-0-0-0-0-0-0-0-0-0-0-0-0-0-0-0-0-0-0-0-0-0-0-0-0-0-0-0-0-0-0-0-0-0-
[INFO] [1790590544.408007838] [rclcpp]: signal_handler(SIGINT/SIGTERM)
[WARN] [1790590544.415710527] [uav7.mavros]: UAS Executor terminated
