[INFO] [1790590230.779153807] [uav4.mavros_node]: Starting mavros_node container
[INFO] [1790590230.780866934] [uav4.mavros_node]: FCU URL: udp://:14543@127.0.0.1:14583
[INFO] [1790590230.781179164] [uav4.mavros_node]: GCS URL: 
[INFO] [1790590230.781414128] [uav4.mavros_node]: UAS Prefix: /uas4
[INFO] [1790590230.781432074] [uav4.mavros_node]: Starting mavros router node
[INFO] [1790590231.222952576] [uav4.mavros_router]: Built-in SIMD instructions: SSE, SSE2
[INFO] [1790590231.222993500] [uav4.mavros_router]: Built-in MAVLink package version: 2026.8.8
[INFO] [1790590231.223007003] [uav4.mavros_router]: Known MAVLink dialects: common ardupilotmega ASLUAV AVSSUAS all csAirLink cubepilot development icarous loweheiser marsh paparazzi standard stemstudios storm32 uAvionix ualberta
[INFO] [1790590231.223016326] [uav4.mavros_router]: MAVROS Router started
[INFO] [1790590231.223170777] [uav4.mavros_node]: Starting mavros uas node
[INFO] [1790590231.267291559] [uav4.mavros_router]: Requested to add endpoint: type: 0, url: udp://:14543@127.0.0.1:14583
[INFO] [1790590231.267349999] [uav4.mavros_router]: Endpoint link[1000] created
[INFO] [1790590231.267571555] [uav4.mavros_router]: link[1000] opened successfully
[INFO] [1790590231.267837678] [uav4.mavros_router]: Requested to add endpoint: type: 2, url: /uas4
[INFO] [1790590231.267862289] [uav4.mavros_router]: Endpoint link[1001] created
[INFO] [1790590231.269916704] [uav4.mavros_router]: link[1000] detected remote address 4.1
[INFO] [1790590231.276632550] [uav4.mavros_router]: link[1001] opened successfully
[INFO] [1790590231.292116427] [uav4.mavros]: Plugin actuator_control ignored
[INFO] [1790590231.292170961] [uav4.mavros]: Plugin altitude ignored
[INFO] [1790590231.292958248] [uav4.mavros]: UAS Executor started, threads: 4
[INFO] [1790590231.512436500] [uav4.mavros]: Plugin command created
[INFO] [1790590231.512564812] [uav4.mavros]: Plugin command initialized
[INFO] [1790590231.512576687] [uav4.mavros]: Plugin ftp ignored
[INFO] [1790590231.512591853] [uav4.mavros]: Plugin geofence ignored
[INFO] [1790590231.586812330] [uav4.mavros]: Plugin global_position created
[INFO] [1790590231.586876449] [uav4.mavros]: Plugin global_position initialized
[INFO] [1790590231.586887938] [uav4.mavros]: Plugin home_position ignored
[INFO] [1790590231.586894965] [uav4.mavros]: Plugin imu ignored
[INFO] [1790590231.674432479] [uav4.mavros]: Plugin local_position created
[INFO] [1790590231.674498404] [uav4.mavros]: Plugin local_position initialized
[INFO] [1790590231.674509659] [uav4.mavros]: Plugin manual_control ignored
[INFO] [1790590231.674520504] [uav4.mavros]: Plugin nav_controller_output ignored
[INFO] [1790590231.674527284] [uav4.mavros]: Plugin param ignored
[INFO] [1790590231.674532832] [uav4.mavros]: Plugin rallypoint ignored
[INFO] [1790590231.674538066] [uav4.mavros]: Plugin rc_io ignored
[INFO] [1790590231.674543804] [uav4.mavros]: Plugin setpoint_accel ignored
[INFO] [1790590231.674549281] [uav4.mavros]: Plugin setpoint_attitude ignored
[INFO] [1790590231.674554901] [uav4.mavros]: Plugin setpoint_position ignored
[INFO] [1790590231.674560391] [uav4.mavros]: Plugin setpoint_raw ignored
[INFO] [1790590231.674566066] [uav4.mavros]: Plugin setpoint_trajectory ignored
[INFO] [1790590231.794492994] [uav4.mavros]: Plugin setpoint_velocity created
[INFO] [1790590231.794571409] [uav4.mavros]: Plugin setpoint_velocity initialized
[INFO] [1790590232.156787198] [uav4.mavros]: Plugin sys_status created
[INFO] [1790590232.156874927] [uav4.mavros]: Plugin sys_status initialized
[INFO] [1790590232.331895950] [uav4.mavros.time]: TM: Timesync mode: MAVLINK
[INFO] [1790590232.399128050] [uav4.mavros]: Plugin sys_time created
[INFO] [1790590232.399192357] [uav4.mavros]: Plugin sys_time initialized
[INFO] [1790590232.399202550] [uav4.mavros]: Plugin waypoint ignored
[INFO] [1790590232.399208459] [uav4.mavros]: Plugin wind_estimation ignored
[INFO] [1790590232.434252167] [uav4.mavros]: Built-in SIMD instructions: SSE, SSE2
[INFO] [1790590232.442244354] [uav4.mavros]: Built-in MAVLink package version: 2026.8.8
[INFO] [1790590232.442316850] [uav4.mavros]: Known MAVLink dialects: common ardupilotmega ASLUAV AVSSUAS all csAirLink cubepilot development icarous loweheiser marsh paparazzi standard stemstudios storm32 uAvionix ualberta
[INFO] [1790590232.442327657] [uav4.mavros]: MAVROS UAS via /uas4 started. MY ID 4.191, TARGET ID 4.1
[INFO] [1790590232.450617701] [uav4.mavros_router]: link[1001] detected remote address 4.191
[INFO] [1790590233.255979957] [uav4.mavros.sys]: VER: 4.1: Capabilities         0x000000000000e8ff
[INFO] [1790590233.256038830] [uav4.mavros.sys]: VER: 4.1: Flight software:     011200c0 (fca3df865a000000)
[INFO] [1790590233.256047307] [uav4.mavros.sys]: VER: 4.1: Middleware software: 011200c0 (fca3df865a000000)
[INFO] [1790590233.256053086] [uav4.mavros.sys]: VER: 4.1: OS software:         070000ff (17040b9f87cb1791)
[INFO] [1790590233.256058403] [uav4.mavros.sys]: VER: 4.1: Board hardware:      00000001
[INFO] [1790590233.256064164] [uav4.mavros.sys]: VER: 4.1: VID/PID:             0000:0000
[INFO] [1790590233.256069701] [uav4.mavros.sys]: VER: 4.1: UID:                 4954414c44494e52
[WARN] [1790590233.256110677] [uav4.mavros.cmd]: CMD: Unexpected command 512, result 0
[INFO] [1790590233.413508072] [uav4.mavros]: CON: Got HEARTBEAT, connected. FCU: PX4 Autopilot
[INFO] [1790590234.419757375] [uav4.mavros.sys]: VER: 4.1: Capabilities         0x000000000000e8ff
[INFO] [1790590234.419801809] [uav4.mavros.sys]: VER: 4.1: Flight software:     011200c0 (fca3df865a000000)
[INFO] [1790590234.419809180] [uav4.mavros.sys]: VER: 4.1: Middleware software: 011200c0 (fca3df865a000000)
[INFO] [1790590234.419814741] [uav4.mavros.sys]: VER: 4.1: OS software:         070000ff (17040b9f87cb1791)
[INFO] [1790590234.419820092] [uav4.mavros.sys]: VER: 4.1: Board hardware:      00000001
[INFO] [1790590234.419825253] [uav4.mavros.sys]: VER: 4.1: VID/PID:             0000:0000
[INFO] [1790590234.419830059] [uav4.mavros.sys]: VER: 4.1: UID:                 4954414c44494e52
[WARN] [1790590243.218098712] [uav4.mavros.sys]: FCU: UNK(8): EVENT 11047904 with args -0-0-0-0-0-128-0-0-0-176-122-127-128-176-122-127-128-0-0-0-0-0-0-0-0-0-0-0-0-0-0-0-0-0-0-0-0-0-0-0-
[INFO] [1790590243.218446713] [uav4.mavros.sys]: FCU: EVENT 377561 with args -8-0-0-0-20-0-0-0-0-0-0-0-0-0-0-0-0-0-0-0-0-0-0-0-0-0-0-0-0-0-0-0-0-0-0-0-0-0-0-0-
[WARN] [1790590243.218485411] [uav4.mavros.sys]: FCU: EVENT 453929 with args -255-255-255-255-7-0-0-0-0-0-0-0-0-0-0-0-0-0-0-0-0-0-0-0-0-0-0-0-0-0-0-0-0-0-0-0-0-0-0-0-
[INFO] [1790590243.218527391] [uav4.mavros.sys]: FCU: EVENT 6801787 with args -255-255-255-255-12-0-0-0-0-0-0-0-0-0-0-0-0-0-0-0-0-0-0-0-0-0-0-0-0-0-0-0-0-0-0-0-0-0-0-0-
[WARN] [1790590243.218562462] [uav4.mavros.sys]: FCU: UNK(8): EVENT 1914663 with args -0-10-13-2-56-0-0-0-0-0-0-0-0-0-0-0-0-0-0-0-0-0-0-0-0-0-0-0-0-0-0-0-0-0-0-0-0-0-0-0-
[WARN] [1790590247.518842730] [uav4.mavros.cmd]: CMD: Unexpected command 176, result 0
[INFO] [1790590247.787370539] [uav4.mavros.sys]: FCU: EVENT 9489139 with args -4-0-0-0-0-0-0-0-0-0-0-0-0-0-0-0-0-0-0-0-0-0-0-0-0-0-0-0-0-0-0-0-0-0-0-0-0-0-0-0-
[INFO] [1790590249.633246496] [uav4.mavros.sys]: FCU: EVENT 4277609 with args -0-0-0-0-0-0-0-0-0-0-0-0-0-0-0-0-0-0-0-0-0-0-0-0-0-0-0-0-0-0-0-0-0-0-0-0-0-0-0-0-
[WARN] [1790590501.691747304] [uav4.mavros.cmd]: CMD: Unexpected command 176, result 0
[INFO] [1790590532.201543099] [uav4.mavros.sys]: FCU: EVENT 9844908 with args -0-0-0-0-0-0-0-0-0-0-0-0-0-0-0-0-0-0-0-0-0-0-0-0-0-0-0-0-0-0-0-0-0-0-0-0-0-0-0-0-
[INFO] [1790590534.313169853] [uav4.mavros.sys]: FCU: EVENT 16017271 with args -6-0-0-0-0-0-0-0-0-0-0-0-0-0-0-0-0-0-0-0-0-0-0-0-0-0-0-0-0-0-0-0-0-0-0-0-0-0-0-0-
[WARN] [1790590537.516947156] [uav4.mavros.sys]: FCU: UNK(8): EVENT 11047904 with args -0-0-0-0-0-128-0-0-0-176-122-127-128-176-122-127-128-0-0-0-0-0-0-0-0-0-0-0-0-0-0-0-0-0-0-0-0-0-0-0-
[INFO] [1790590537.517032472] [uav4.mavros.sys]: FCU: EVENT 377561 with args -8-0-0-0-20-0-0-0-0-0-0-0-0-0-0-0-0-0-0-0-0-0-0-0-0-0-0-0-0-0-0-0-0-0-0-0-0-0-0-0-
[WARN] [1790590537.517101838] [uav4.mavros.sys]: FCU: EVENT 453929 with args -255-255-255-255-7-0-0-0-0-0-0-0-0-0-0-0-0-0-0-0-0-0-0-0-0-0-0-0-0-0-0-0-0-0-0-0-0-0-0-0-
[INFO] [1790590537.517472435] [uav4.mavros.sys]: FCU: EVENT 6801787 with args -255-255-255-255-12-0-0-0-0-0-0-0-0-0-0-0-0-0-0-0-0-0-0-0-0-0-0-0-0-0-0-0-0-0-0-0-0-0-0-0-
[WARN] [1790590537.517527745] [uav4.mavros.sys]: FCU: UNK(8): EVENT 1914663 with args -0-10-9-2-56-0-0-0-0-0-0-0-0-0-0-0-0-0-0-0-0-0-0-0-0-0-0-0-0-0-0-0-0-0-0-0-0-0-0-0-
[INFO] [1790590544.404693205] [rclcpp]: signal_handler(SIGINT/SIGTERM)
[WARN] [1790590544.410624119] [uav4.mavros]: UAS Executor terminated
