[INFO] [1790590231.289713856] [uav10.mavros_node]: Starting mavros_node container
[INFO] [1790590231.290705376] [uav10.mavros_node]: FCU URL: udp://:14549@127.0.0.1:14589
[INFO] [1790590231.290735928] [uav10.mavros_node]: GCS URL: 
[INFO] [1790590231.290746991] [uav10.mavros_node]: UAS Prefix: /uas10
[INFO] [1790590231.290785019] [uav10.mavros_node]: Starting mavros router node
[INFO] [1790590231.376567201] [uav10.mavros_router]: Built-in SIMD instructions: SSE, SSE2
[INFO] [1790590231.376639467] [uav10.mavros_router]: Built-in MAVLink package version: 2026.8.8
[INFO] [1790590231.376652198] [uav10.mavros_router]: Known MAVLink dialects: common ardupilotmega ASLUAV AVSSUAS all csAirLink cubepilot development icarous loweheiser marsh paparazzi standard stemstudios storm32 uAvionix ualberta
[INFO] [1790590231.376663604] [uav10.mavros_router]: MAVROS Router started
[INFO] [1790590231.376822814] [uav10.mavros_node]: Starting mavros uas node
[INFO] [1790590231.573540593] [uav10.mavros_router]: Requested to add endpoint: type: 0, url: udp://:14549@127.0.0.1:14589
[INFO] [1790590231.573621627] [uav10.mavros_router]: Endpoint link[1000] created
[INFO] [1790590231.573855495] [uav10.mavros_router]: link[1000] opened successfully
[INFO] [1790590231.573873564] [uav10.mavros_router]: Requested to add endpoint: type: 2, url: /uas10
[INFO] [1790590231.573886696] [uav10.mavros_router]: Endpoint link[1001] created
[INFO] [1790590231.577786218] [uav10.mavros_router]: link[1000] detected remote address 10.1
[INFO] [1790590231.592801531] [uav10.mavros]: Plugin actuator_control ignored
[INFO] [1790590231.592865354] [uav10.mavros]: Plugin altitude ignored
[INFO] [1790590231.593240331] [uav10.mavros_router]: link[1001] opened successfully
[INFO] [1790590231.593949183] [uav10.mavros]: UAS Executor started, threads: 4
[INFO] [1790590232.105249860] [uav10.mavros]: Plugin command created
[INFO] [1790590232.105317405] [uav10.mavros]: Plugin command initialized
[INFO] [1790590232.105329133] [uav10.mavros]: Plugin ftp ignored
[INFO] [1790590232.105334902] [uav10.mavros]: Plugin geofence ignored
[INFO] [1790590232.204895975] [uav10.mavros]: Plugin global_position created
[INFO] [1790590232.204941214] [uav10.mavros]: Plugin global_position initialized
[INFO] [1790590232.204951857] [uav10.mavros]: Plugin home_position ignored
[INFO] [1790590232.204957536] [uav10.mavros]: Plugin imu ignored
[INFO] [1790590232.229318850] [uav10.mavros]: Plugin local_position created
[INFO] [1790590232.229375761] [uav10.mavros]: Plugin local_position initialized
[INFO] [1790590232.229386475] [uav10.mavros]: Plugin manual_control ignored
[INFO] [1790590232.229393687] [uav10.mavros]: Plugin nav_controller_output ignored
[INFO] [1790590232.229399956] [uav10.mavros]: Plugin param ignored
[INFO] [1790590232.229405251] [uav10.mavros]: Plugin rallypoint ignored
[INFO] [1790590232.229418725] [uav10.mavros]: Plugin rc_io ignored
[INFO] [1790590232.229426774] [uav10.mavros]: Plugin setpoint_accel ignored
[INFO] [1790590232.229444339] [uav10.mavros]: Plugin setpoint_attitude ignored
[INFO] [1790590232.229452264] [uav10.mavros]: Plugin setpoint_position ignored
[INFO] [1790590232.229460551] [uav10.mavros]: Plugin setpoint_raw ignored
[INFO] [1790590232.229470253] [uav10.mavros]: Plugin setpoint_trajectory ignored
[INFO] [1790590232.253011583] [uav10.mavros]: Plugin setpoint_velocity created
[INFO] [1790590232.253065576] [uav10.mavros]: Plugin setpoint_velocity initialized
[INFO] [1790590232.624825619] [uav10.mavros]: Plugin sys_status created
[INFO] [1790590232.624928263] [uav10.mavros]: Plugin sys_status initialized
[INFO] [1790590232.676157108] [uav10.mavros.time]: TM: Timesync mode: MAVLINK
[INFO] [1790590232.679969896] [uav10.mavros]: Plugin sys_time created
[INFO] [1790590232.680033122] [uav10.mavros]: Plugin sys_time initialized
[INFO] [1790590232.680047428] [uav10.mavros]: Plugin waypoint ignored
[INFO] [1790590232.680477843] [uav10.mavros]: Plugin wind_estimation ignored
[INFO] [1790590232.683649884] [uav10.mavros]: Built-in SIMD instructions: SSE, SSE2
[INFO] [1790590232.683706902] [uav10.mavros]: Built-in MAVLink package version: 2026.8.8
[INFO] [1790590232.683742088] [uav10.mavros]: Known MAVLink dialects: common ardupilotmega ASLUAV AVSSUAS all csAirLink cubepilot development icarous loweheiser marsh paparazzi standard stemstudios storm32 uAvionix ualberta
[INFO] [1790590232.683753242] [uav10.mavros]: MAVROS UAS via /uas10 started. MY ID 10.191, TARGET ID 10.1
[INFO] [1790590232.751287893] [uav10.mavros_router]: link[1001] detected remote address 10.191
[INFO] [1790590233.331834713] [uav10.mavros]: CON: Got HEARTBEAT, connected. FCU: PX4 Autopilot
[INFO] [1790590234.344146221] [uav10.mavros.sys]: VER: 10.1: Capabilities         0x000000000000e8ff
[INFO] [1790590234.345956643] [uav10.mavros.sys]: VER: 10.1: Flight software:     011200c0 (fca3df865a000000)
[INFO] [1790590234.346765119] [uav10.mavros.sys]: VER: 10.1: Middleware software: 011200c0 (fca3df865a000000)
[INFO] [1790590234.348206875] [uav10.mavros.sys]: VER: 10.1: OS software:         070000ff (17040b9f87cb1791)
[INFO] [1790590234.349030428] [uav10.mavros.sys]: VER: 10.1: Board hardware:      00000001
[INFO] [1790590234.349658954] [uav10.mavros.sys]: VER: 10.1: VID/PID:             0000:0000
[INFO] [1790590234.350149249] [uav10.mavros.sys]: VER: 10.1: UID:                 4954414c44494e58
[WARN] [1790590234.354142903] [uav10.mavros.cmd]: CMD: Unexpected command 512, result 0
[WARN] [1790590234.451991642] [uav10.mavros.sys]: FCU: UNK(8): EVENT 11047904 with args -0-0-0-16-0-128-0-0-0-176-58-127-128-176-58-127-128-0-0-0-0-0-0-0-0-0-0-0-0-0-0-0-0-0-0-0-0-0-0-0-
[ERROR] [1790590234.452203226] [uav10.mavros.sys]: FCU: EVENT 11464574 with args -0-64-0-0-20-0-0-0-0-0-0-0-0-0-0-0-0-0-0-0-0-0-0-0-0-0-0-0-0-0-0-0-0-0-0-0-0-0-0-0-
[INFO] [1790590234.452265955] [uav10.mavros.sys]: FCU: EVENT 377561 with args -8-0-0-0-20-0-0-0-0-0-0-0-0-0-0-0-0-0-0-0-0-0-0-0-0-0-0-0-0-0-0-0-0-0-0-0-0-0-0-0-
[WARN] [1790590234.452338270] [uav10.mavros.sys]: FCU: EVENT 453929 with args -255-255-255-255-7-0-0-0-0-0-0-0-0-0-0-0-0-0-0-0-0-0-0-0-0-0-0-0-0-0-0-0-0-0-0-0-0-0-0-0-
[INFO] [1790590234.452356384] [uav10.mavros.sys]: FCU: EVENT 6801787 with args -255-255-255-255-12-0-0-0-0-0-0-0-0-0-0-0-0-0-0-0-0-0-0-0-0-0-0-0-0-0-0-0-0-0-0-0-0-0-0-0-
[WARN] [1790590234.452386688] [uav10.mavros.sys]: FCU: UNK(8): EVENT 1914663 with args -0-10-13-2-56-0-0-0-0-0-0-0-0-0-0-0-0-0-0-0-0-0-0-0-0-0-0-0-0-0-0-0-0-0-0-0-0-0-0-0-
[WARN] [1790590245.113232912] [uav10.mavros.sys]: FCU: UNK(8): EVENT 11047904 with args -0-0-0-0-0-128-0-0-0-176-122-127-128-176-122-127-128-0-0-0-0-0-0-0-0-0-0-0-0-0-0-0-0-0-0-0-0-0-0-0-
[INFO] [1790590245.113367113] [uav10.mavros.sys]: FCU: EVENT 377561 with args -8-0-0-0-20-0-0-0-0-0-0-0-0-0-0-0-0-0-0-0-0-0-0-0-0-0-0-0-0-0-0-0-0-0-0-0-0-0-0-0-
[WARN] [1790590245.113406008] [uav10.mavros.sys]: FCU: EVENT 453929 with args -255-255-255-255-7-0-0-0-0-0-0-0-0-0-0-0-0-0-0-0-0-0-0-0-0-0-0-0-0-0-0-0-0-0-0-0-0-0-0-0-
[INFO] [1790590245.113439654] [uav10.mavros.sys]: FCU: EVENT 6801787 with args -255-255-255-255-12-0-0-0-0-0-0-0-0-0-0-0-0-0-0-0-0-0-0-0-0-0-0-0-0-0-0-0-0-0-0-0-0-0-0-0-
[WARN] [1790590245.113473060] [uav10.mavros.sys]: FCU: UNK(8): EVENT 1914663 with args -0-10-13-2-56-0-0-0-0-0-0-0-0-0-0-0-0-0-0-0-0-0-0-0-0-0-0-0-0-0-0-0-0-0-0-0-0-0-0-0-
[WARN] [1790590247.539935327] [uav10.mavros.cmd]: CMD: Unexpected command 176, result 0
[INFO] [1790590247.992483124] [uav10.mavros.sys]: FCU: EVENT 9489139 with args -4-0-0-0-0-0-0-0-0-0-0-0-0-0-0-0-0-0-0-0-0-0-0-0-0-0-0-0-0-0-0-0-0-0-0-0-0-0-0-0-
[INFO] [1790590250.010497910] [uav10.mavros.sys]: FCU: EVENT 4277609 with args -0-0-0-0-0-0-0-0-0-0-0-0-0-0-0-0-0-0-0-0-0-0-0-0-0-0-0-0-0-0-0-0-0-0-0-0-0-0-0-0-
