[INFO] [1790590231.405588116] [uav8.mavros_node]: Starting mavros_node container
[INFO] [1790590231.405709096] [uav8.mavros_node]: FCU URL: udp://:14547@127.0.0.1:14587
[INFO] [1790590231.405717868] [uav8.mavros_node]: GCS URL: 
[INFO] [1790590231.405723672] [uav8.mavros_node]: UAS Prefix: /uas8
[INFO] [1790590231.405729563] [uav8.mavros_node]: Starting mavros router node
[INFO] [1790590231.614536193] [uav8.mavros_router]: Built-in SIMD instructions: SSE, SSE2
[INFO] [1790590231.614601717] [uav8.mavros_router]: Built-in MAVLink package version: 2026.8.8
[INFO] [1790590231.614614486] [uav8.mavros_router]: Known MAVLink dialects: common ardupilotmega ASLUAV AVSSUAS all csAirLink cubepilot development icarous loweheiser marsh paparazzi standard stemstudios storm32 uAvionix ualberta
[INFO] [1790590231.614621640] [uav8.mavros_router]: MAVROS Router started
[INFO] [1790590231.614780280] [uav8.mavros_node]: Starting mavros uas node
[INFO] [1790590232.075735126] [uav8.mavros_router]: Requested to add endpoint: type: 0, url: udp://:14547@127.0.0.1:14587
[INFO] [1790590232.075810090] [uav8.mavros_router]: Endpoint link[1000] created
[INFO] [1790590232.076169127] [uav8.mavros_router]: link[1000] opened successfully
[INFO] [1790590232.076195595] [uav8.mavros_router]: Requested to add endpoint: type: 2, url: /uas8
[INFO] [1790590232.076211376] [uav8.mavros_router]: Endpoint link[1001] created
[INFO] [1790590232.083416370] [uav8.mavros_router]: link[1000] detected remote address 8.1
[INFO] [1790590232.100364676] [uav8.mavros]: Plugin actuator_control ignored
[INFO] [1790590232.100434130] [uav8.mavros]: Plugin altitude ignored
[INFO] [1790590232.100756938] [uav8.mavros]: UAS Executor started, threads: 4
[INFO] [1790590232.218541239] [uav8.mavros_router]: link[1001] opened successfully
[INFO] [1790590232.829638014] [uav8.mavros]: Plugin command created
[INFO] [1790590232.836644194] [uav8.mavros]: Plugin command initialized
[INFO] [1790590232.837065559] [uav8.mavros]: Plugin ftp ignored
[INFO] [1790590232.837081764] [uav8.mavros]: Plugin geofence ignored
[INFO] [1790590233.367616600] [uav8.mavros]: Plugin global_position created
[INFO] [1790590233.367711726] [uav8.mavros]: Plugin global_position initialized
[INFO] [1790590233.367725284] [uav8.mavros]: Plugin home_position ignored
[INFO] [1790590233.367731390] [uav8.mavros]: Plugin imu ignored
[INFO] [1790590233.537725318] [uav8.mavros]: Plugin local_position created
[INFO] [1790590233.537786223] [uav8.mavros]: Plugin local_position initialized
[INFO] [1790590233.537798609] [uav8.mavros]: Plugin manual_control ignored
[INFO] [1790590233.537804489] [uav8.mavros]: Plugin nav_controller_output ignored
[INFO] [1790590233.537809590] [uav8.mavros]: Plugin param ignored
[INFO] [1790590233.537814602] [uav8.mavros]: Plugin rallypoint ignored
[INFO] [1790590233.537819283] [uav8.mavros]: Plugin rc_io ignored
[INFO] [1790590233.537824402] [uav8.mavros]: Plugin setpoint_accel ignored
[INFO] [1790590233.537829499] [uav8.mavros]: Plugin setpoint_attitude ignored
[INFO] [1790590233.537880192] [uav8.mavros]: Plugin setpoint_position ignored
[INFO] [1790590233.537885792] [uav8.mavros]: Plugin setpoint_raw ignored
[INFO] [1790590233.537891236] [uav8.mavros]: Plugin setpoint_trajectory ignored
[INFO] [1790590233.610914437] [uav8.mavros]: Plugin setpoint_velocity created
[INFO] [1790590233.611091113] [uav8.mavros]: Plugin setpoint_velocity initialized
[INFO] [1790590233.638766045] [uav8.mavros]: Plugin sys_status created
[INFO] [1790590233.638876530] [uav8.mavros]: Plugin sys_status initialized
[INFO] [1790590233.656637972] [uav8.mavros.time]: TM: Timesync mode: MAVLINK
[INFO] [1790590233.661848454] [uav8.mavros]: Plugin sys_time created
[INFO] [1790590233.661915895] [uav8.mavros]: Plugin sys_time initialized
[INFO] [1790590233.661929392] [uav8.mavros]: Plugin waypoint ignored
[INFO] [1790590233.661936265] [uav8.mavros]: Plugin wind_estimation ignored
[INFO] [1790590233.664279804] [uav8.mavros]: Built-in SIMD instructions: SSE, SSE2
[INFO] [1790590233.664494880] [uav8.mavros]: Built-in MAVLink package version: 2026.8.8
[INFO] [1790590233.664535972] [uav8.mavros]: Known MAVLink dialects: common ardupilotmega ASLUAV AVSSUAS all csAirLink cubepilot development icarous loweheiser marsh paparazzi standard stemstudios storm32 uAvionix ualberta
[INFO] [1790590233.664544885] [uav8.mavros]: MAVROS UAS via /uas8 started. MY ID 8.191, TARGET ID 8.1
[INFO] [1790590233.706766440] [uav8.mavros_router]: link[1001] detected remote address 8.191
[INFO] [1790590234.355482591] [uav8.mavros]: CON: Got HEARTBEAT, connected. FCU: PX4 Autopilot
[INFO] [1790590235.401319275] [uav8.mavros.sys]: VER: 8.1: Capabilities         0x000000000000e8ff
[INFO] [1790590235.401377859] [uav8.mavros.sys]: VER: 8.1: Flight software:     011200c0 (fca3df865a000000)
[INFO] [1790590235.401388012] [uav8.mavros.sys]: VER: 8.1: Middleware software: 011200c0 (fca3df865a000000)
[INFO] [1790590235.401393621] [uav8.mavros.sys]: VER: 8.1: OS software:         070000ff (17040b9f87cb1791)
[INFO] [1790590235.401398344] [uav8.mavros.sys]: VER: 8.1: Board hardware:      00000001
[INFO] [1790590235.401403449] [uav8.mavros.sys]: VER: 8.1: VID/PID:             0000:0000
[INFO] [1790590235.401408320] [uav8.mavros.sys]: VER: 8.1: UID:                 4954414c44494e56
[WARN] [1790590235.401457286] [uav8.mavros.cmd]: CMD: Unexpected command 512, result 0
[WARN] [1790590247.288772525] [uav8.mavros.sys]: FCU: UNK(8): EVENT 11047904 with args -0-0-0-0-0-128-0-0-0-176-122-127-128-176-122-127-128-0-0-0-0-0-0-0-0-0-0-0-0-0-0-0-0-0-0-0-0-0-0-0-
[INFO] [1790590247.291016925] [uav8.mavros.sys]: FCU: EVENT 377561 with args -8-0-0-0-20-0-0-0-0-0-0-0-0-0-0-0-0-0-0-0-0-0-0-0-0-0-0-0-0-0-0-0-0-0-0-0-0-0-0-0-
[WARN] [1790590247.291119160] [uav8.mavros.sys]: FCU: EVENT 453929 with args -255-255-255-255-7-0-0-0-0-0-0-0-0-0-0-0-0-0-0-0-0-0-0-0-0-0-0-0-0-0-0-0-0-0-0-0-0-0-0-0-
[INFO] [1790590247.291170998] [uav8.mavros.sys]: FCU: EVENT 6801787 with args -255-255-255-255-12-0-0-0-0-0-0-0-0-0-0-0-0-0-0-0-0-0-0-0-0-0-0-0-0-0-0-0-0-0-0-0-0-0-0-0-
[WARN] [1790590247.291209544] [uav8.mavros.sys]: FCU: UNK(8): EVENT 1914663 with args -0-10-13-2-56-0-0-0-0-0-0-0-0-0-0-0-0-0-0-0-0-0-0-0-0-0-0-0-0-0-0-0-0-0-0-0-0-0-0-0-
[WARN] [1790590247.554533231] [uav8.mavros.cmd]: CMD: Unexpected command 176, result 0
[INFO] [1790590248.495416125] [uav8.mavros.sys]: FCU: EVENT 9489139 with args -4-0-0-0-0-0-0-0-0-0-0-0-0-0-0-0-0-0-0-0-0-0-0-0-0-0-0-0-0-0-0-0-0-0-0-0-0-0-0-0-
[INFO] [1790590250.581644078] [uav8.mavros.sys]: FCU: EVENT 4277609 with args -0-0-0-0-0-0-0-0-0-0-0-0-0-0-0-0-0-0-0-0-0-0-0-0-0-0-0-0-0-0-0-0-0-0-0-0-0-0-0-0-
[WARN] [1790590501.696091704] [uav8.mavros.cmd]: CMD: Unexpected command 176, result 0
[INFO] [1790590533.829198243] [uav8.mavros.sys]: FCU: EVENT 9844908 with args -0-0-0-0-0-0-0-0-0-0-0-0-0-0-0-0-0-0-0-0-0-0-0-0-0-0-0-0-0-0-0-0-0-0-0-0-0-0-0-0-
[INFO] [1790590535.931485518] [uav8.mavros.sys]: FCU: EVENT 16017271 with args -6-0-0-0-0-0-0-0-0-0-0-0-0-0-0-0-0-0-0-0-0-0-0-0-0-0-0-0-0-0-0-0-0-0-0-0-0-0-0-0-
[WARN] [1790590540.015719283] [uav8.mavros.sys]: FCU: UNK(8): EVENT 11047904 with args -0-0-0-0-0-128-0-0-0-176-122-127-128-176-122-127-128-0-0-0-0-0-0-0-0-0-0-0-0-0-0-0-0-0-0-0-0-0-0-0-
[INFO] [1790590540.016067631] [uav8.mavros.sys]: FCU: EVENT 377561 with args -8-0-0-0-20-0-0-0-0-0-0-0-0-0-0-0-0-0-0-0-0-0-0-0-0-0-0-0-0-0-0-0-0-0-0-0-0-0-0-0-
[WARN] [1790590540.016144459] [uav8.mavros.sys]: FCU: EVENT 453929 with args -255-255-255-255-7-0-0-0-0-0-0-0-0-0-0-0-0-0-0-0-0-0-0-0-0-0-0-0-0-0-0-0-0-0-0-0-0-0-0-0-
[INFO] [1790590540.016227182] [uav8.mavros.sys]: FCU: EVENT 6801787 with args -255-255-255-255-12-0-0-0-0-0-0-0-0-0-0-0-0-0-0-0-0-0-0-0-0-0-0-0-0-0-0-0-0-0-0-0-0-0-0-0-
[WARN] [1790590540.016250353] [uav8.mavros.sys]: FCU: UNK(8): EVENT 1914663 with args -0-10-9-2-56-0-0-0-0-0-0-0-0-0-0-0-0-0-0-0-0-0-0-0-0-0-0-0-0-0-0-0-0-0-0-0-0-0-0-0-
[INFO] [1790590544.406468517] [rclcpp]: signal_handler(SIGINT/SIGTERM)
[WARN] [1790590544.415059573] [uav8.mavros]: UAS Executor terminated
