[INFO] [1790591223.848027233] [uav4.mavros_node]: Starting mavros_node container
[INFO] [1790591223.848148053] [uav4.mavros_node]: FCU URL: udp://:14543@127.0.0.1:14583
[INFO] [1790591223.848158907] [uav4.mavros_node]: GCS URL: 
[INFO] [1790591223.848164458] [uav4.mavros_node]: UAS Prefix: /uas4
[INFO] [1790591223.848169791] [uav4.mavros_node]: Starting mavros router node
[INFO] [1790591223.860943209] [uav4.mavros_router]: Built-in SIMD instructions: SSE, SSE2
[INFO] [1790591223.860987209] [uav4.mavros_router]: Built-in MAVLink package version: 2026.8.8
[INFO] [1790591223.860996459] [uav4.mavros_router]: Known MAVLink dialects: common ardupilotmega ASLUAV AVSSUAS all csAirLink cubepilot development icarous loweheiser marsh paparazzi standard stemstudios storm32 uAvionix ualberta
[INFO] [1790591223.861003503] [uav4.mavros_router]: MAVROS Router started
[INFO] [1790591223.861137122] [uav4.mavros_node]: Starting mavros uas node
[INFO] [1790591223.894698135] [uav4.mavros_router]: Requested to add endpoint: type: 0, url: udp://:14543@127.0.0.1:14583
[INFO] [1790591223.894755422] [uav4.mavros_router]: Endpoint link[1000] created
[INFO] [1790591223.895121246] [uav4.mavros_router]: link[1000] opened successfully
[INFO] [1790591223.895140146] [uav4.mavros_router]: Requested to add endpoint: type: 2, url: /uas4
[INFO] [1790591223.895155264] [uav4.mavros_router]: Endpoint link[1001] created
[INFO] [1790591223.896298907] [uav4.mavros_router]: link[1000] detected remote address 4.1
[INFO] [1790591223.898476349] [uav4.mavros_router]: link[1001] opened successfully
[INFO] [1790591223.904597454] [uav4.mavros]: UAS Executor started, threads: 4
[INFO] [1790591223.904611178] [uav4.mavros]: Plugin actuator_control ignored
[INFO] [1790591223.904693261] [uav4.mavros]: Plugin altitude ignored
[INFO] [1790591223.925332652] [uav4.mavros]: Plugin command created
[INFO] [1790591223.925393787] [uav4.mavros]: Plugin command initialized
[INFO] [1790591223.925408548] [uav4.mavros]: Plugin ftp ignored
[INFO] [1790591223.925415386] [uav4.mavros]: Plugin geofence ignored
[INFO] [1790591223.942328124] [uav4.mavros]: Plugin global_position created
[INFO] [1790591223.944579854] [uav4.mavros]: Plugin global_position initialized
[INFO] [1790591223.944619229] [uav4.mavros]: Plugin home_position ignored
[INFO] [1790591223.944627677] [uav4.mavros]: Plugin imu ignored
[INFO] [1790591223.955276493] [uav4.mavros]: Plugin local_position created
[INFO] [1790591223.955342351] [uav4.mavros]: Plugin local_position initialized
[INFO] [1790591223.955354215] [uav4.mavros]: Plugin manual_control ignored
[INFO] [1790591223.955361688] [uav4.mavros]: Plugin nav_controller_output ignored
[INFO] [1790591223.955369023] [uav4.mavros]: Plugin param ignored
[INFO] [1790591223.955375965] [uav4.mavros]: Plugin rallypoint ignored
[INFO] [1790591223.955390261] [uav4.mavros]: Plugin rc_io ignored
[INFO] [1790591223.955397265] [uav4.mavros]: Plugin setpoint_accel ignored
[INFO] [1790591223.955404015] [uav4.mavros]: Plugin setpoint_attitude ignored
[INFO] [1790591223.955411212] [uav4.mavros]: Plugin setpoint_position ignored
[INFO] [1790591223.955418092] [uav4.mavros]: Plugin setpoint_raw ignored
[INFO] [1790591223.955425198] [uav4.mavros]: Plugin setpoint_trajectory ignored
[INFO] [1790591223.960917568] [uav4.mavros]: Plugin setpoint_velocity created
[INFO] [1790591223.961046365] [uav4.mavros]: Plugin setpoint_velocity initialized
[INFO] [1790591223.971427898] [uav4.mavros]: Plugin sys_status created
[INFO] [1790591223.971492009] [uav4.mavros]: Plugin sys_status initialized
[INFO] [1790591223.976416132] [uav4.mavros.time]: TM: Timesync mode: MAVLINK
[INFO] [1790591223.977820348] [uav4.mavros]: Plugin sys_time created
[INFO] [1790591223.977936208] [uav4.mavros]: Plugin sys_time initialized
[INFO] [1790591223.977972328] [uav4.mavros]: Plugin waypoint ignored
[INFO] [1790591223.977978068] [uav4.mavros]: Plugin wind_estimation ignored
[INFO] [1790591223.979242956] [uav4.mavros]: Built-in SIMD instructions: SSE, SSE2
[INFO] [1790591223.979279029] [uav4.mavros]: Built-in MAVLink package version: 2026.8.8
[INFO] [1790591223.979311063] [uav4.mavros]: Known MAVLink dialects: common ardupilotmega ASLUAV AVSSUAS all csAirLink cubepilot development icarous loweheiser marsh paparazzi standard stemstudios storm32 uAvionix ualberta
[INFO] [1790591223.979319003] [uav4.mavros]: MAVROS UAS via /uas4 started. MY ID 4.191, TARGET ID 4.1
[INFO] [1790591224.031934191] [uav4.mavros]: CON: Got HEARTBEAT, connected. FCU: PX4 Autopilot
[INFO] [1790591224.032098973] [uav4.mavros_router]: link[1001] detected remote address 4.191
[INFO] [1790591225.053731875] [uav4.mavros.sys]: VER: 4.1: Capabilities         0x000000000000e8ff
[INFO] [1790591225.056794244] [uav4.mavros.sys]: VER: 4.1: Flight software:     011200c0 (fca3df865a000000)
[INFO] [1790591225.056846570] [uav4.mavros.sys]: VER: 4.1: Middleware software: 011200c0 (fca3df865a000000)
[INFO] [1790591225.056858567] [uav4.mavros.sys]: VER: 4.1: OS software:         070000ff (17040b9f87cb1791)
[INFO] [1790591225.056865020] [uav4.mavros.sys]: VER: 4.1: Board hardware:      00000001
[INFO] [1790591225.056870912] [uav4.mavros.sys]: VER: 4.1: VID/PID:             0000:0000
[INFO] [1790591225.056876838] [uav4.mavros.sys]: VER: 4.1: UID:                 4954414c44494e52
[WARN] [1790591225.056968481] [uav4.mavros.cmd]: CMD: Unexpected command 512, result 0
[WARN] [1790591236.514634338] [uav4.mavros.sys]: FCU: UNK(8): EVENT 11047904 with args -0-0-0-0-0-128-0-0-0-176-122-127-128-176-122-127-128-0-0-0-0-0-0-0-0-0-0-0-0-0-0-0-0-0-0-0-0-0-0-0-
[INFO] [1790591236.517027257] [uav4.mavros.sys]: FCU: EVENT 377561 with args -8-0-0-0-20-0-0-0-0-0-0-0-0-0-0-0-0-0-0-0-0-0-0-0-0-0-0-0-0-0-0-0-0-0-0-0-0-0-0-0-
[WARN] [1790591236.517094594] [uav4.mavros.sys]: FCU: EVENT 453929 with args -255-255-255-255-7-0-0-0-0-0-0-0-0-0-0-0-0-0-0-0-0-0-0-0-0-0-0-0-0-0-0-0-0-0-0-0-0-0-0-0-
[INFO] [1790591236.517137089] [uav4.mavros.sys]: FCU: EVENT 6801787 with args -255-255-255-255-12-0-0-0-0-0-0-0-0-0-0-0-0-0-0-0-0-0-0-0-0-0-0-0-0-0-0-0-0-0-0-0-0-0-0-0-
[WARN] [1790591236.517175765] [uav4.mavros.sys]: FCU: UNK(8): EVENT 1914663 with args -0-10-13-2-56-0-0-0-0-0-0-0-0-0-0-0-0-0-0-0-0-0-0-0-0-0-0-0-0-0-0-0-0-0-0-0-0-0-0-0-
[WARN] [1790591241.710853185] [uav4.mavros.cmd]: CMD: Unexpected command 176, result 0
[INFO] [1790591241.861787072] [uav4.mavros.sys]: FCU: EVENT 9489139 with args -4-0-0-0-0-0-0-0-0-0-0-0-0-0-0-0-0-0-0-0-0-0-0-0-0-0-0-0-0-0-0-0-0-0-0-0-0-0-0-0-
[INFO] [1790591243.907056915] [uav4.mavros.sys]: FCU: EVENT 4277609 with args -0-0-0-0-0-0-0-0-0-0-0-0-0-0-0-0-0-0-0-0-0-0-0-0-0-0-0-0-0-0-0-0-0-0-0-0-0-0-0-0-
[WARN] [1790591495.908004982] [uav4.mavros.cmd]: CMD: Unexpected command 176, result 0
[INFO] [1790591528.476709405] [uav4.mavros.sys]: FCU: EVENT 9844908 with args -0-0-0-0-0-0-0-0-0-0-0-0-0-0-0-0-0-0-0-0-0-0-0-0-0-0-0-0-0-0-0-0-0-0-0-0-0-0-0-0-
[INFO] [1790591530.611527093] [uav4.mavros.sys]: FCU: EVENT 16017271 with args -6-0-0-0-0-0-0-0-0-0-0-0-0-0-0-0-0-0-0-0-0-0-0-0-0-0-0-0-0-0-0-0-0-0-0-0-0-0-0-0-
[WARN] [1790591534.457119972] [uav4.mavros.sys]: FCU: UNK(8): EVENT 11047904 with args -0-0-0-0-0-128-0-0-0-176-122-127-128-176-122-127-128-0-0-0-0-0-0-0-0-0-0-0-0-0-0-0-0-0-0-0-0-0-0-0-
[INFO] [1790591534.457233658] [uav4.mavros.sys]: FCU: EVENT 377561 with args -8-0-0-0-20-0-0-0-0-0-0-0-0-0-0-0-0-0-0-0-0-0-0-0-0-0-0-0-0-0-0-0-0-0-0-0-0-0-0-0-
[WARN] [1790591534.457323217] [uav4.mavros.sys]: FCU: EVENT 453929 with args -255-255-255-255-7-0-0-0-0-0-0-0-0-0-0-0-0-0-0-0-0-0-0-0-0-0-0-0-0-0-0-0-0-0-0-0-0-0-0-0-
[INFO] [1790591534.457365871] [uav4.mavros.sys]: FCU: EVENT 6801787 with args -255-255-255-255-12-0-0-0-0-0-0-0-0-0-0-0-0-0-0-0-0-0-0-0-0-0-0-0-0-0-0-0-0-0-0-0-0-0-0-0-
[WARN] [1790591534.457403479] [uav4.mavros.sys]: FCU: UNK(8): EVENT 1914663 with args -0-10-9-2-56-0-0-0-0-0-0-0-0-0-0-0-0-0-0-0-0-0-0-0-0-0-0-0-0-0-0-0-0-0-0-0-0-0-0-0-
[INFO] [1790591539.120453185] [rclcpp]: signal_handler(SIGINT/SIGTERM)
[WARN] [1790591539.121426320] [uav4.mavros]: UAS Executor terminated
