[INFO] [1790591224.235102173] [uav7.mavros_node]: Starting mavros_node container
[INFO] [1790591224.235225117] [uav7.mavros_node]: FCU URL: udp://:14546@127.0.0.1:14586
[INFO] [1790591224.235235429] [uav7.mavros_node]: GCS URL: 
[INFO] [1790591224.235240721] [uav7.mavros_node]: UAS Prefix: /uas7
[INFO] [1790591224.235246298] [uav7.mavros_node]: Starting mavros router node
[INFO] [1790591224.339201273] [uav7.mavros_router]: Built-in SIMD instructions: SSE, SSE2
[INFO] [1790591224.340295148] [uav7.mavros_router]: Built-in MAVLink package version: 2026.8.8
[INFO] [1790591224.340705257] [uav7.mavros_router]: Known MAVLink dialects: common ardupilotmega ASLUAV AVSSUAS all csAirLink cubepilot development icarous loweheiser marsh paparazzi standard stemstudios storm32 uAvionix ualberta
[INFO] [1790591224.341292061] [uav7.mavros_router]: MAVROS Router started
[INFO] [1790591224.345753731] [uav7.mavros_node]: Starting mavros uas node
[INFO] [1790591224.589338181] [uav7.mavros_router]: Requested to add endpoint: type: 0, url: udp://:14546@127.0.0.1:14586
[INFO] [1790591224.589405280] [uav7.mavros_router]: Endpoint link[1000] created
[INFO] [1790591224.592047455] [uav7.mavros_router]: link[1000] opened successfully
[INFO] [1790591224.592102789] [uav7.mavros_router]: Requested to add endpoint: type: 2, url: /uas7
[INFO] [1790591224.592124082] [uav7.mavros_router]: Endpoint link[1001] created
[INFO] [1790591224.594192139] [uav7.mavros_router]: link[1000] detected remote address 7.1
[INFO] [1790591224.617324715] [uav7.mavros]: Plugin actuator_control ignored
[INFO] [1790591224.617569215] [uav7.mavros]: Plugin altitude ignored
[INFO] [1790591224.617543138] [uav7.mavros]: UAS Executor started, threads: 4
[INFO] [1790591224.695436168] [uav7.mavros_router]: link[1001] opened successfully
[INFO] [1790591224.867436500] [uav7.mavros]: Plugin command created
[INFO] [1790591224.867886300] [uav7.mavros]: Plugin command initialized
[INFO] [1790591224.868069325] [uav7.mavros]: Plugin ftp ignored
[INFO] [1790591224.868079484] [uav7.mavros]: Plugin geofence ignored
[INFO] [1790591225.182543038] [uav7.mavros]: Plugin global_position created
[INFO] [1790591225.182620045] [uav7.mavros]: Plugin global_position initialized
[INFO] [1790591225.182631974] [uav7.mavros]: Plugin home_position ignored
[INFO] [1790591225.182638527] [uav7.mavros]: Plugin imu ignored
[INFO] [1790591225.413465459] [uav7.mavros]: Plugin local_position created
[INFO] [1790591225.413770287] [uav7.mavros]: Plugin local_position initialized
[INFO] [1790591225.414261626] [uav7.mavros]: Plugin manual_control ignored
[INFO] [1790591225.414276694] [uav7.mavros]: Plugin nav_controller_output ignored
[INFO] [1790591225.414283399] [uav7.mavros]: Plugin param ignored
[INFO] [1790591225.414288739] [uav7.mavros]: Plugin rallypoint ignored
[INFO] [1790591225.414294334] [uav7.mavros]: Plugin rc_io ignored
[INFO] [1790591225.414299859] [uav7.mavros]: Plugin setpoint_accel ignored
[INFO] [1790591225.414305000] [uav7.mavros]: Plugin setpoint_attitude ignored
[INFO] [1790591225.414310254] [uav7.mavros]: Plugin setpoint_position ignored
[INFO] [1790591225.414316008] [uav7.mavros]: Plugin setpoint_raw ignored
[INFO] [1790591225.414322140] [uav7.mavros]: Plugin setpoint_trajectory ignored
[INFO] [1790591225.616916491] [uav7.mavros]: Plugin setpoint_velocity created
[INFO] [1790591225.616983183] [uav7.mavros]: Plugin setpoint_velocity initialized
[INFO] [1790591225.807956038] [uav7.mavros]: Plugin sys_status created
[INFO] [1790591225.808031849] [uav7.mavros]: Plugin sys_status initialized
[INFO] [1790591225.974874464] [uav7.mavros.time]: TM: Timesync mode: MAVLINK
[INFO] [1790591225.994638864] [uav7.mavros]: Plugin sys_time created
[INFO] [1790591225.995033532] [uav7.mavros]: Plugin sys_time initialized
[INFO] [1790591225.995060132] [uav7.mavros]: Plugin waypoint ignored
[INFO] [1790591225.995067336] [uav7.mavros]: Plugin wind_estimation ignored
[INFO] [1790591226.004000481] [uav7.mavros]: Built-in SIMD instructions: SSE, SSE2
[INFO] [1790591226.004048129] [uav7.mavros]: Built-in MAVLink package version: 2026.8.8
[INFO] [1790591226.004081104] [uav7.mavros]: Known MAVLink dialects: common ardupilotmega ASLUAV AVSSUAS all csAirLink cubepilot development icarous loweheiser marsh paparazzi standard stemstudios storm32 uAvionix ualberta
[INFO] [1790591226.004089584] [uav7.mavros]: MAVROS UAS via /uas7 started. MY ID 7.191, TARGET ID 7.1
[INFO] [1790591226.102494739] [uav7.mavros_router]: link[1001] detected remote address 7.191
[INFO] [1790591226.209203249] [uav7.mavros]: CON: Got HEARTBEAT, connected. FCU: PX4 Autopilot
[INFO] [1790591227.230385277] [uav7.mavros.sys]: VER: 7.1: Capabilities         0x000000000000e8ff
[INFO] [1790591227.230447781] [uav7.mavros.sys]: VER: 7.1: Flight software:     011200c0 (fca3df865a000000)
[INFO] [1790591227.230456438] [uav7.mavros.sys]: VER: 7.1: Middleware software: 011200c0 (fca3df865a000000)
[INFO] [1790591227.230461835] [uav7.mavros.sys]: VER: 7.1: OS software:         070000ff (17040b9f87cb1791)
[INFO] [1790591227.230467096] [uav7.mavros.sys]: VER: 7.1: Board hardware:      00000001
[INFO] [1790591227.230472123] [uav7.mavros.sys]: VER: 7.1: VID/PID:             0000:0000
[INFO] [1790591227.230477484] [uav7.mavros.sys]: VER: 7.1: UID:                 4954414c44494e55
[WARN] [1790591227.235950029] [uav7.mavros.cmd]: CMD: Unexpected command 512, result 0
[WARN] [1790591237.963177082] [uav7.mavros.sys]: FCU: UNK(8): EVENT 11047904 with args -0-0-0-0-0-128-0-0-0-176-122-127-128-176-122-127-128-0-0-0-0-0-0-0-0-0-0-0-0-0-0-0-0-0-0-0-0-0-0-0-
[INFO] [1790591237.963385146] [uav7.mavros.sys]: FCU: EVENT 377561 with args -8-0-0-0-20-0-0-0-0-0-0-0-0-0-0-0-0-0-0-0-0-0-0-0-0-0-0-0-0-0-0-0-0-0-0-0-0-0-0-0-
[WARN] [1790591237.963441422] [uav7.mavros.sys]: FCU: EVENT 453929 with args -255-255-255-255-7-0-0-0-0-0-0-0-0-0-0-0-0-0-0-0-0-0-0-0-0-0-0-0-0-0-0-0-0-0-0-0-0-0-0-0-
[INFO] [1790591237.966714658] [uav7.mavros.sys]: FCU: EVENT 6801787 with args -255-255-255-255-12-0-0-0-0-0-0-0-0-0-0-0-0-0-0-0-0-0-0-0-0-0-0-0-0-0-0-0-0-0-0-0-0-0-0-0-
[WARN] [1790591237.966803735] [uav7.mavros.sys]: FCU: UNK(8): EVENT 1914663 with args -0-10-13-2-56-0-0-0-0-0-0-0-0-0-0-0-0-0-0-0-0-0-0-0-0-0-0-0-0-0-0-0-0-0-0-0-0-0-0-0-
[WARN] [1790591241.684407836] [uav7.mavros.cmd]: CMD: Unexpected command 176, result 0
[INFO] [1790591242.772729064] [uav7.mavros.sys]: FCU: EVENT 9489139 with args -4-0-0-0-0-0-0-0-0-0-0-0-0-0-0-0-0-0-0-0-0-0-0-0-0-0-0-0-0-0-0-0-0-0-0-0-0-0-0-0-
[INFO] [1790591244.570704132] [uav7.mavros.sys]: FCU: EVENT 4277609 with args -0-0-0-0-0-0-0-0-0-0-0-0-0-0-0-0-0-0-0-0-0-0-0-0-0-0-0-0-0-0-0-0-0-0-0-0-0-0-0-0-
[WARN] [1790591495.887877909] [uav7.mavros.cmd]: CMD: Unexpected command 176, result 0
[INFO] [1790591527.890866778] [uav7.mavros.sys]: FCU: EVENT 9844908 with args -0-0-0-0-0-0-0-0-0-0-0-0-0-0-0-0-0-0-0-0-0-0-0-0-0-0-0-0-0-0-0-0-0-0-0-0-0-0-0-0-
[INFO] [1790591530.016665921] [uav7.mavros.sys]: FCU: EVENT 16017271 with args -6-0-0-0-0-0-0-0-0-0-0-0-0-0-0-0-0-0-0-0-0-0-0-0-0-0-0-0-0-0-0-0-0-0-0-0-0-0-0-0-
[WARN] [1790591534.017888036] [uav7.mavros.sys]: FCU: UNK(8): EVENT 11047904 with args -0-0-0-0-0-128-0-0-0-176-122-127-128-176-122-127-128-0-0-0-0-0-0-0-0-0-0-0-0-0-0-0-0-0-0-0-0-0-0-0-
[INFO] [1790591534.018226964] [uav7.mavros.sys]: FCU: EVENT 377561 with args -8-0-0-0-20-0-0-0-0-0-0-0-0-0-0-0-0-0-0-0-0-0-0-0-0-0-0-0-0-0-0-0-0-0-0-0-0-0-0-0-
[WARN] [1790591534.018359186] [uav7.mavros.sys]: FCU: EVENT 453929 with args -255-255-255-255-7-0-0-0-0-0-0-0-0-0-0-0-0-0-0-0-0-0-0-0-0-0-0-0-0-0-0-0-0-0-0-0-0-0-0-0-
[INFO] [1790591534.018404523] [uav7.mavros.sys]: FCU: EVENT 6801787 with args -255-255-255-255-12-0-0-0-0-0-0-0-0-0-0-0-0-0-0-0-0-0-0-0-0-0-0-0-0-0-0-0-0-0-0-0-0-0-0-0-
[WARN] [1790591534.018489947] [uav7.mavros.sys]: FCU: UNK(8): EVENT 1914663 with args -0-10-9-2-56-0-0-0-0-0-0-0-0-0-0-0-0-0-0-0-0-0-0-0-0-0-0-0-0-0-0-0-0-0-0-0-0-0-0-0-
[INFO] [1790591539.118787751] [rclcpp]: signal_handler(SIGINT/SIGTERM)
[WARN] [1790591539.119869913] [uav7.mavros]: UAS Executor terminated
Failed to publish log message to rosout: publisher's context is invalid, at ./src/rcl/publisher.c:423
