[INFO] [1790591223.736291324] [uav1.mavros_node]: Starting mavros_node container
[INFO] [1790591223.736725260] [uav1.mavros_node]: FCU URL: udp://:14540@127.0.0.1:14580
[INFO] [1790591223.736751406] [uav1.mavros_node]: GCS URL: 
[INFO] [1790591223.736761964] [uav1.mavros_node]: UAS Prefix: /uas1
[INFO] [1790591223.736772083] [uav1.mavros_node]: Starting mavros router node
[INFO] [1790591223.766944544] [uav1.mavros_router]: Built-in SIMD instructions: SSE, SSE2
[INFO] [1790591223.766989760] [uav1.mavros_router]: Built-in MAVLink package version: 2026.8.8
[INFO] [1790591223.767000736] [uav1.mavros_router]: Known MAVLink dialects: common ardupilotmega ASLUAV AVSSUAS all csAirLink cubepilot development icarous loweheiser marsh paparazzi standard stemstudios storm32 uAvionix ualberta
[INFO] [1790591223.767011371] [uav1.mavros_router]: MAVROS Router started
[INFO] [1790591223.767164181] [uav1.mavros_node]: Starting mavros uas node
[INFO] [1790591224.238036819] [uav1.mavros_router]: Requested to add endpoint: type: 0, url: udp://:14540@127.0.0.1:14580
[INFO] [1790591224.238146591] [uav1.mavros_router]: Endpoint link[1000] created
[INFO] [1790591224.238520689] [uav1.mavros_router]: link[1000] opened successfully
[INFO] [1790591224.238548684] [uav1.mavros_router]: Requested to add endpoint: type: 2, url: /uas1
[INFO] [1790591224.238564852] [uav1.mavros_router]: Endpoint link[1001] created
[INFO] [1790591224.246294585] [uav1.mavros_router]: link[1000] detected remote address 1.1
[INFO] [1790591224.253006402] [uav1.mavros]: Plugin actuator_control ignored
[INFO] [1790591224.253063906] [uav1.mavros]: Plugin altitude ignored
[INFO] [1790591224.253278932] [uav1.mavros_router]: link[1001] opened successfully
[INFO] [1790591224.253644442] [uav1.mavros]: UAS Executor started, threads: 4
[INFO] [1790591224.499904061] [uav1.mavros]: Plugin command created
[INFO] [1790591224.499975235] [uav1.mavros]: Plugin command initialized
[INFO] [1790591224.499985738] [uav1.mavros]: Plugin ftp ignored
[INFO] [1790591224.499991834] [uav1.mavros]: Plugin geofence ignored
[INFO] [1790591224.615838485] [uav1.mavros]: Plugin global_position created
[INFO] [1790591224.615927955] [uav1.mavros]: Plugin global_position initialized
[INFO] [1790591224.615941803] [uav1.mavros]: Plugin home_position ignored
[INFO] [1790591224.615948567] [uav1.mavros]: Plugin imu ignored
[INFO] [1790591224.695694272] [uav1.mavros]: Plugin local_position created
[INFO] [1790591224.695756230] [uav1.mavros]: Plugin local_position initialized
[INFO] [1790591224.695766540] [uav1.mavros]: Plugin manual_control ignored
[INFO] [1790591224.695974008] [uav1.mavros]: Plugin nav_controller_output ignored
[INFO] [1790591224.695981552] [uav1.mavros]: Plugin param ignored
[INFO] [1790591224.695987504] [uav1.mavros]: Plugin rallypoint ignored
[INFO] [1790591224.695996045] [uav1.mavros]: Plugin rc_io ignored
[INFO] [1790591224.696002157] [uav1.mavros]: Plugin setpoint_accel ignored
[INFO] [1790591224.696009848] [uav1.mavros]: Plugin setpoint_attitude ignored
[INFO] [1790591224.696016093] [uav1.mavros]: Plugin setpoint_position ignored
[INFO] [1790591224.696022202] [uav1.mavros]: Plugin setpoint_raw ignored
[INFO] [1790591224.696030350] [uav1.mavros]: Plugin setpoint_trajectory ignored
[INFO] [1790591224.765686700] [uav1.mavros]: Plugin setpoint_velocity created
[INFO] [1790591224.765762710] [uav1.mavros]: Plugin setpoint_velocity initialized
[INFO] [1790591225.014686352] [uav1.mavros]: Plugin sys_status created
[INFO] [1790591225.014786890] [uav1.mavros]: Plugin sys_status initialized
[INFO] [1790591225.163426160] [uav1.mavros.time]: TM: Timesync mode: MAVLINK
[INFO] [1790591225.214395866] [uav1.mavros]: Plugin sys_time created
[INFO] [1790591225.214468447] [uav1.mavros]: Plugin sys_time initialized
[INFO] [1790591225.214479189] [uav1.mavros]: Plugin waypoint ignored
[INFO] [1790591225.214484654] [uav1.mavros]: Plugin wind_estimation ignored
[INFO] [1790591225.235442840] [uav1.mavros]: Built-in SIMD instructions: SSE, SSE2
[INFO] [1790591225.235497000] [uav1.mavros]: Built-in MAVLink package version: 2026.8.8
[INFO] [1790591225.235530291] [uav1.mavros]: Known MAVLink dialects: common ardupilotmega ASLUAV AVSSUAS all csAirLink cubepilot development icarous loweheiser marsh paparazzi standard stemstudios storm32 uAvionix ualberta
[INFO] [1790591225.235539006] [uav1.mavros]: MAVROS UAS via /uas1 started. MY ID 1.191, TARGET ID 1.1
[INFO] [1790591225.333683222] [uav1.mavros_router]: link[1001] detected remote address 1.191
[INFO] [1790591226.144011252] [uav1.mavros.sys]: VER: 1.1: Capabilities         0x000000000000e8ff
[INFO] [1790591226.144068346] [uav1.mavros.sys]: VER: 1.1: Flight software:     011200c0 (fca3df865a000000)
[INFO] [1790591226.144076948] [uav1.mavros.sys]: VER: 1.1: Middleware software: 011200c0 (fca3df865a000000)
[INFO] [1790591226.144081713] [uav1.mavros.sys]: VER: 1.1: OS software:         070000ff (17040b9f87cb1791)
[INFO] [1790591226.144087062] [uav1.mavros.sys]: VER: 1.1: Board hardware:      00000001
[INFO] [1790591226.144092155] [uav1.mavros.sys]: VER: 1.1: VID/PID:             0000:0000
[INFO] [1790591226.144097052] [uav1.mavros.sys]: VER: 1.1: UID:                 4954414c44494e4f
[WARN] [1790591226.144143247] [uav1.mavros.cmd]: CMD: Unexpected command 512, result 0
[INFO] [1790591226.326000655] [uav1.mavros]: CON: Got HEARTBEAT, connected. FCU: PX4 Autopilot
[INFO] [1790591227.360886577] [uav1.mavros.sys]: VER: 1.1: Capabilities         0x000000000000e8ff
[INFO] [1790591227.360942090] [uav1.mavros.sys]: VER: 1.1: Flight software:     011200c0 (fca3df865a000000)
[INFO] [1790591227.360951201] [uav1.mavros.sys]: VER: 1.1: Middleware software: 011200c0 (fca3df865a000000)
[INFO] [1790591227.360957250] [uav1.mavros.sys]: VER: 1.1: OS software:         070000ff (17040b9f87cb1791)
[INFO] [1790591227.360963044] [uav1.mavros.sys]: VER: 1.1: Board hardware:      00000001
[INFO] [1790591227.360969042] [uav1.mavros.sys]: VER: 1.1: VID/PID:             0000:0000
[INFO] [1790591227.360975078] [uav1.mavros.sys]: VER: 1.1: UID:                 4954414c44494e4f
[WARN] [1790591237.933612910] [uav1.mavros.sys]: FCU: UNK(8): EVENT 11047904 with args -0-0-0-0-0-128-0-0-0-176-122-127-128-176-122-127-128-0-0-0-0-0-0-0-0-0-0-0-0-0-0-0-0-0-0-0-0-0-0-0-
[INFO] [1790591237.933715437] [uav1.mavros.sys]: FCU: EVENT 377561 with args -8-0-0-0-20-0-0-0-0-0-0-0-0-0-0-0-0-0-0-0-0-0-0-0-0-0-0-0-0-0-0-0-0-0-0-0-0-0-0-0-
[WARN] [1790591237.933753006] [uav1.mavros.sys]: FCU: EVENT 453929 with args -255-255-255-255-7-0-0-0-0-0-0-0-0-0-0-0-0-0-0-0-0-0-0-0-0-0-0-0-0-0-0-0-0-0-0-0-0-0-0-0-
[INFO] [1790591237.933786704] [uav1.mavros.sys]: FCU: EVENT 6801787 with args -255-255-255-255-12-0-0-0-0-0-0-0-0-0-0-0-0-0-0-0-0-0-0-0-0-0-0-0-0-0-0-0-0-0-0-0-0-0-0-0-
[WARN] [1790591237.933822888] [uav1.mavros.sys]: FCU: UNK(8): EVENT 1914663 with args -0-10-13-2-56-0-0-0-0-0-0-0-0-0-0-0-0-0-0-0-0-0-0-0-0-0-0-0-0-0-0-0-0-0-0-0-0-0-0-0-
[WARN] [1790591241.666286344] [uav1.mavros.cmd]: CMD: Unexpected command 176, result 0
[INFO] [1790591241.805332071] [uav1.mavros.sys]: FCU: EVENT 9489139 with args -4-0-0-0-0-0-0-0-0-0-0-0-0-0-0-0-0-0-0-0-0-0-0-0-0-0-0-0-0-0-0-0-0-0-0-0-0-0-0-0-
[INFO] [1790591243.691450172] [uav1.mavros.sys]: FCU: EVENT 4277609 with args -0-0-0-0-0-0-0-0-0-0-0-0-0-0-0-0-0-0-0-0-0-0-0-0-0-0-0-0-0-0-0-0-0-0-0-0-0-0-0-0-
[WARN] [1790591495.912442585] [uav1.mavros.cmd]: CMD: Unexpected command 176, result 0
[INFO] [1790591533.970062413] [uav1.mavros.sys]: FCU: EVENT 9844908 with args -0-0-0-0-0-0-0-0-0-0-0-0-0-0-0-0-0-0-0-0-0-0-0-0-0-0-0-0-0-0-0-0-0-0-0-0-0-0-0-0-
[INFO] [1790591536.089498959] [uav1.mavros.sys]: FCU: EVENT 16017271 with args -6-0-0-0-0-0-0-0-0-0-0-0-0-0-0-0-0-0-0-0-0-0-0-0-0-0-0-0-0-0-0-0-0-0-0-0-0-0-0-0-
[INFO] [1790591539.117569003] [rclcpp]: signal_handler(SIGINT/SIGTERM)
[WARN] [1790591539.121736385] [uav1.mavros]: UAS Executor terminated
