[INFO] [1790659156.127971202] [uav7.mavros_node]: Starting mavros_node container
[INFO] [1790659156.157269768] [uav7.mavros_node]: FCU URL: udp://:14546@127.0.0.1:14586
[INFO] [1790659156.157279058] [uav7.mavros_node]: GCS URL: 
[INFO] [1790659156.157284283] [uav7.mavros_node]: UAS Prefix: /uas7
[INFO] [1790659156.157289008] [uav7.mavros_node]: Starting mavros router node
[INFO] [1790659156.322768362] [uav7.mavros_router]: Built-in SIMD instructions: SSE, SSE2
[INFO] [1790659156.370818457] [uav7.mavros_router]: Built-in MAVLink package version: 2026.8.8
[INFO] [1790659156.370838689] [uav7.mavros_router]: Known MAVLink dialects: common ardupilotmega ASLUAV AVSSUAS all csAirLink cubepilot development icarous loweheiser marsh paparazzi standard stemstudios storm32 uAvionix ualberta
[INFO] [1790659156.370845651] [uav7.mavros_router]: MAVROS Router started
[INFO] [1790659156.371010075] [uav7.mavros_node]: Starting mavros uas node
[INFO] [1790659156.662876500] [uav7.mavros_router]: Requested to add endpoint: type: 0, url: udp://:14546@127.0.0.1:14586
[INFO] [1790659156.662931764] [uav7.mavros_router]: Endpoint link[1000] created
[INFO] [1790659156.663166430] [uav7.mavros_router]: link[1000] opened successfully
[INFO] [1790659156.663179302] [uav7.mavros_router]: Requested to add endpoint: type: 2, url: /uas7
[INFO] [1790659156.663191781] [uav7.mavros_router]: Endpoint link[1001] created
[INFO] [1790659156.670465522] [uav7.mavros_router]: link[1000] detected remote address 7.1
[INFO] [1790659156.674079463] [uav7.mavros]: Plugin actuator_control ignored
[INFO] [1790659156.674140744] [uav7.mavros]: Plugin altitude ignored
[INFO] [1790659156.674459317] [uav7.mavros]: UAS Executor started, threads: 4
[INFO] [1790659156.761797717] [uav7.mavros_router]: link[1001] opened successfully
[INFO] [1790659156.998020617] [uav7.mavros]: Plugin command created
[INFO] [1790659156.998667103] [uav7.mavros]: Plugin command initialized
[INFO] [1790659156.998682015] [uav7.mavros]: Plugin ftp ignored
[INFO] [1790659156.998688809] [uav7.mavros]: Plugin geofence ignored
[INFO] [1790659157.084338685] [uav7.mavros]: Plugin global_position created
[INFO] [1790659157.084818897] [uav7.mavros]: Plugin global_position initialized
[INFO] [1790659157.084846478] [uav7.mavros]: Plugin home_position ignored
[INFO] [1790659157.084852485] [uav7.mavros]: Plugin imu ignored
[INFO] [1790659157.623824804] [uav7.mavros]: Plugin local_position created
[INFO] [1790659157.623888362] [uav7.mavros]: Plugin local_position initialized
[INFO] [1790659157.623898227] [uav7.mavros]: Plugin manual_control ignored
[INFO] [1790659157.623904267] [uav7.mavros]: Plugin nav_controller_output ignored
[INFO] [1790659157.623909930] [uav7.mavros]: Plugin param ignored
[INFO] [1790659157.623915513] [uav7.mavros]: Plugin rallypoint ignored
[INFO] [1790659157.623921106] [uav7.mavros]: Plugin rc_io ignored
[INFO] [1790659157.623926798] [uav7.mavros]: Plugin setpoint_accel ignored
[INFO] [1790659157.623932222] [uav7.mavros]: Plugin setpoint_attitude ignored
[INFO] [1790659157.623937846] [uav7.mavros]: Plugin setpoint_position ignored
[INFO] [1790659157.623947742] [uav7.mavros]: Plugin setpoint_raw ignored
[INFO] [1790659157.623953536] [uav7.mavros]: Plugin setpoint_trajectory ignored
[INFO] [1790659157.808372656] [uav7.mavros]: Plugin setpoint_velocity created
[INFO] [1790659157.808431781] [uav7.mavros]: Plugin setpoint_velocity initialized
[INFO] [1790659158.159742262] [uav7.mavros]: Plugin sys_status created
[INFO] [1790659158.159820644] [uav7.mavros]: Plugin sys_status initialized
[INFO] [1790659158.346926046] [uav7.mavros.time]: TM: Timesync mode: MAVLINK
[INFO] [1790659158.361079481] [uav7.mavros]: Plugin sys_time created
[INFO] [1790659158.361136118] [uav7.mavros]: Plugin sys_time initialized
[INFO] [1790659158.361145594] [uav7.mavros]: Plugin waypoint ignored
[INFO] [1790659158.361151354] [uav7.mavros]: Plugin wind_estimation ignored
[INFO] [1790659158.368267649] [uav7.mavros]: Built-in SIMD instructions: SSE, SSE2
[INFO] [1790659158.368314224] [uav7.mavros]: Built-in MAVLink package version: 2026.8.8
[INFO] [1790659158.368342215] [uav7.mavros]: Known MAVLink dialects: common ardupilotmega ASLUAV AVSSUAS all csAirLink cubepilot development icarous loweheiser marsh paparazzi standard stemstudios storm32 uAvionix ualberta
[INFO] [1790659158.368349598] [uav7.mavros]: MAVROS UAS via /uas7 started. MY ID 7.191, TARGET ID 7.1
[INFO] [1790659158.453550897] [uav7.mavros_router]: link[1001] detected remote address 7.191
[INFO] [1790659159.185735065] [uav7.mavros.sys]: VER: 7.1: Capabilities         0x000000000000e8ff
[INFO] [1790659159.185776019] [uav7.mavros.sys]: VER: 7.1: Flight software:     011200c0 (fca3df865a000000)
[INFO] [1790659159.185784181] [uav7.mavros.sys]: VER: 7.1: Middleware software: 011200c0 (fca3df865a000000)
[INFO] [1790659159.185789356] [uav7.mavros.sys]: VER: 7.1: OS software:         070000ff (17040b9f87cb1791)
[INFO] [1790659159.185793878] [uav7.mavros.sys]: VER: 7.1: Board hardware:      00000001
[INFO] [1790659159.185798784] [uav7.mavros.sys]: VER: 7.1: VID/PID:             0000:0000
[INFO] [1790659159.185803733] [uav7.mavros.sys]: VER: 7.1: UID:                 4954414c44494e55
[WARN] [1790659159.190916163] [uav7.mavros.cmd]: CMD: Unexpected command 512, result 0
[INFO] [1790659159.302018943] [uav7.mavros]: CON: Got HEARTBEAT, connected. FCU: PX4 Autopilot
[INFO] [1790659160.316148056] [uav7.mavros.sys]: VER: 7.1: Capabilities         0x000000000000e8ff
[INFO] [1790659160.316677399] [uav7.mavros.sys]: VER: 7.1: Flight software:     011200c0 (fca3df865a000000)
[INFO] [1790659160.316692820] [uav7.mavros.sys]: VER: 7.1: Middleware software: 011200c0 (fca3df865a000000)
[INFO] [1790659160.316697347] [uav7.mavros.sys]: VER: 7.1: OS software:         070000ff (17040b9f87cb1791)
[INFO] [1790659160.316701727] [uav7.mavros.sys]: VER: 7.1: Board hardware:      00000001
[INFO] [1790659160.316706267] [uav7.mavros.sys]: VER: 7.1: VID/PID:             0000:0000
[INFO] [1790659160.316710833] [uav7.mavros.sys]: VER: 7.1: UID:                 4954414c44494e55
[WARN] [1790659165.345750728] [uav7.mavros.sys]: FCU: UNK(8): EVENT 11047904 with args -0-0-0-0-0-128-0-0-0-176-122-127-128-176-122-127-128-0-0-0-0-0-0-0-0-0-0-0-0-0-0-0-0-0-0-0-0-0-0-0-
[INFO] [1790659165.345842981] [uav7.mavros.sys]: FCU: EVENT 377561 with args -8-0-0-0-20-0-0-0-0-0-0-0-0-0-0-0-0-0-0-0-0-0-0-0-0-0-0-0-0-0-0-0-0-0-0-0-0-0-0-0-
[WARN] [1790659165.347818735] [uav7.mavros.sys]: FCU: EVENT 453929 with args -255-255-255-255-7-0-0-0-0-0-0-0-0-0-0-0-0-0-0-0-0-0-0-0-0-0-0-0-0-0-0-0-0-0-0-0-0-0-0-0-
[INFO] [1790659165.347946635] [uav7.mavros.sys]: FCU: EVENT 6801787 with args -255-255-255-255-12-0-0-0-0-0-0-0-0-0-0-0-0-0-0-0-0-0-0-0-0-0-0-0-0-0-0-0-0-0-0-0-0-0-0-0-
[WARN] [1790659165.347988736] [uav7.mavros.sys]: FCU: UNK(8): EVENT 1914663 with args -0-10-13-2-56-0-0-0-0-0-0-0-0-0-0-0-0-0-0-0-0-0-0-0-0-0-0-0-0-0-0-0-0-0-0-0-0-0-0-0-
[WARN] [1790659171.666516161] [uav7.mavros.cmd]: CMD: Unexpected command 176, result 0
[INFO] [1790659172.521784368] [uav7.mavros.sys]: FCU: EVENT 9489139 with args -4-0-0-0-0-0-0-0-0-0-0-0-0-0-0-0-0-0-0-0-0-0-0-0-0-0-0-0-0-0-0-0-0-0-0-0-0-0-0-0-
[INFO] [1790659174.770583636] [uav7.mavros.sys]: FCU: EVENT 4277609 with args -0-0-0-0-0-0-0-0-0-0-0-0-0-0-0-0-0-0-0-0-0-0-0-0-0-0-0-0-0-0-0-0-0-0-0-0-0-0-0-0-
[WARN] [1790659446.882399043] [uav7.mavros.cmd]: CMD: Unexpected command 176, result 0
[INFO] [1790659481.944864929] [uav7.mavros.sys]: FCU: EVENT 9844908 with args -0-0-0-0-0-0-0-0-0-0-0-0-0-0-0-0-0-0-0-0-0-0-0-0-0-0-0-0-0-0-0-0-0-0-0-0-0-0-0-0-
[INFO] [1790659484.084908880] [uav7.mavros.sys]: FCU: EVENT 16017271 with args -6-0-0-0-0-0-0-0-0-0-0-0-0-0-0-0-0-0-0-0-0-0-0-0-0-0-0-0-0-0-0-0-0-0-0-0-0-0-0-0-
[INFO] [1790659488.232331913] [rclcpp]: signal_handler(SIGINT/SIGTERM)
[WARN] [1790659488.235578068] [uav7.mavros]: UAS Executor terminated
