[INFO] [1790659156.145094214] [uav8.mavros_node]: Starting mavros_node container
[INFO] [1790659156.157717177] [uav8.mavros_node]: FCU URL: udp://:14547@127.0.0.1:14587
[INFO] [1790659156.157743688] [uav8.mavros_node]: GCS URL: 
[INFO] [1790659156.157748753] [uav8.mavros_node]: UAS Prefix: /uas8
[INFO] [1790659156.157753693] [uav8.mavros_node]: Starting mavros router node
[INFO] [1790659156.284439069] [uav8.mavros_router]: Built-in SIMD instructions: SSE, SSE2
[INFO] [1790659156.284828026] [uav8.mavros_router]: Built-in MAVLink package version: 2026.8.8
[INFO] [1790659156.284842199] [uav8.mavros_router]: Known MAVLink dialects: common ardupilotmega ASLUAV AVSSUAS all csAirLink cubepilot development icarous loweheiser marsh paparazzi standard stemstudios storm32 uAvionix ualberta
[INFO] [1790659156.284848919] [uav8.mavros_router]: MAVROS Router started
[INFO] [1790659156.285549143] [uav8.mavros_node]: Starting mavros uas node
[INFO] [1790659156.650940925] [uav8.mavros_router]: Requested to add endpoint: type: 0, url: udp://:14547@127.0.0.1:14587
[INFO] [1790659156.652504462] [uav8.mavros_router]: Endpoint link[1000] created
[INFO] [1790659156.652816276] [uav8.mavros_router]: link[1000] opened successfully
[INFO] [1790659156.652841973] [uav8.mavros_router]: Requested to add endpoint: type: 2, url: /uas8
[INFO] [1790659156.652856509] [uav8.mavros_router]: Endpoint link[1001] created
[INFO] [1790659156.655465082] [uav8.mavros_router]: link[1000] detected remote address 8.1
[INFO] [1790659156.663284835] [uav8.mavros]: Plugin actuator_control ignored
[INFO] [1790659156.663345944] [uav8.mavros]: Plugin altitude ignored
[INFO] [1790659156.663319461] [uav8.mavros]: UAS Executor started, threads: 4
[INFO] [1790659156.696301807] [uav8.mavros_router]: link[1001] opened successfully
[INFO] [1790659156.750246242] [uav8.mavros]: Plugin command created
[INFO] [1790659156.752897794] [uav8.mavros]: Plugin command initialized
[INFO] [1790659156.752935078] [uav8.mavros]: Plugin ftp ignored
[INFO] [1790659156.752941282] [uav8.mavros]: Plugin geofence ignored
[INFO] [1790659157.254208815] [uav8.mavros]: Plugin global_position created
[INFO] [1790659157.254732329] [uav8.mavros]: Plugin global_position initialized
[INFO] [1790659157.254768808] [uav8.mavros]: Plugin home_position ignored
[INFO] [1790659157.254775873] [uav8.mavros]: Plugin imu ignored
[INFO] [1790659157.464343996] [uav8.mavros]: Plugin local_position created
[INFO] [1790659157.464404431] [uav8.mavros]: Plugin local_position initialized
[INFO] [1790659157.464413194] [uav8.mavros]: Plugin manual_control ignored
[INFO] [1790659157.464418642] [uav8.mavros]: Plugin nav_controller_output ignored
[INFO] [1790659157.464423771] [uav8.mavros]: Plugin param ignored
[INFO] [1790659157.464429021] [uav8.mavros]: Plugin rallypoint ignored
[INFO] [1790659157.464433577] [uav8.mavros]: Plugin rc_io ignored
[INFO] [1790659157.464438242] [uav8.mavros]: Plugin setpoint_accel ignored
[INFO] [1790659157.464443790] [uav8.mavros]: Plugin setpoint_attitude ignored
[INFO] [1790659157.464448865] [uav8.mavros]: Plugin setpoint_position ignored
[INFO] [1790659157.464454051] [uav8.mavros]: Plugin setpoint_raw ignored
[INFO] [1790659157.464459591] [uav8.mavros]: Plugin setpoint_trajectory ignored
[INFO] [1790659157.638884425] [uav8.mavros]: Plugin setpoint_velocity created
[INFO] [1790659157.639364779] [uav8.mavros]: Plugin setpoint_velocity initialized
[INFO] [1790659157.932114897] [uav8.mavros]: Plugin sys_status created
[INFO] [1790659157.932201571] [uav8.mavros]: Plugin sys_status initialized
[INFO] [1790659158.086507273] [uav8.mavros.time]: TM: Timesync mode: MAVLINK
[INFO] [1790659158.143024973] [uav8.mavros]: Plugin sys_time created
[INFO] [1790659158.143091078] [uav8.mavros]: Plugin sys_time initialized
[INFO] [1790659158.143101352] [uav8.mavros]: Plugin waypoint ignored
[INFO] [1790659158.143113140] [uav8.mavros]: Plugin wind_estimation ignored
[INFO] [1790659158.173792025] [uav8.mavros]: Built-in SIMD instructions: SSE, SSE2
[INFO] [1790659158.174078850] [uav8.mavros]: Built-in MAVLink package version: 2026.8.8
[INFO] [1790659158.174166442] [uav8.mavros]: Known MAVLink dialects: common ardupilotmega ASLUAV AVSSUAS all csAirLink cubepilot development icarous loweheiser marsh paparazzi standard stemstudios storm32 uAvionix ualberta
[INFO] [1790659158.174175036] [uav8.mavros]: MAVROS UAS via /uas8 started. MY ID 8.191, TARGET ID 8.1
[INFO] [1790659158.185725171] [uav8.mavros_router]: link[1001] detected remote address 8.191
[INFO] [1790659158.286353728] [uav8.mavros]: CON: Got HEARTBEAT, connected. FCU: PX4 Autopilot
[INFO] [1790659159.310406479] [uav8.mavros.sys]: VER: 8.1: Capabilities         0x000000000000e8ff
[INFO] [1790659159.310460807] [uav8.mavros.sys]: VER: 8.1: Flight software:     011200c0 (fca3df865a000000)
[INFO] [1790659159.310468510] [uav8.mavros.sys]: VER: 8.1: Middleware software: 011200c0 (fca3df865a000000)
[INFO] [1790659159.310473834] [uav8.mavros.sys]: VER: 8.1: OS software:         070000ff (17040b9f87cb1791)
[INFO] [1790659159.310478709] [uav8.mavros.sys]: VER: 8.1: Board hardware:      00000001
[INFO] [1790659159.310484044] [uav8.mavros.sys]: VER: 8.1: VID/PID:             0000:0000
[INFO] [1790659159.310488979] [uav8.mavros.sys]: VER: 8.1: UID:                 4954414c44494e56
[WARN] [1790659159.313477231] [uav8.mavros.cmd]: CMD: Unexpected command 512, result 0
[WARN] [1790659168.655141136] [uav8.mavros.sys]: FCU: UNK(8): EVENT 11047904 with args -0-0-0-0-0-128-0-0-0-176-122-127-128-176-122-127-128-0-0-0-0-0-0-0-0-0-0-0-0-0-0-0-0-0-0-0-0-0-0-0-
[INFO] [1790659168.660879101] [uav8.mavros.sys]: FCU: EVENT 377561 with args -8-0-0-0-20-0-0-0-0-0-0-0-0-0-0-0-0-0-0-0-0-0-0-0-0-0-0-0-0-0-0-0-0-0-0-0-0-0-0-0-
[WARN] [1790659168.672491687] [uav8.mavros.sys]: FCU: EVENT 453929 with args -255-255-255-255-7-0-0-0-0-0-0-0-0-0-0-0-0-0-0-0-0-0-0-0-0-0-0-0-0-0-0-0-0-0-0-0-0-0-0-0-
[INFO] [1790659168.672614926] [uav8.mavros.sys]: FCU: EVENT 6801787 with args -255-255-255-255-12-0-0-0-0-0-0-0-0-0-0-0-0-0-0-0-0-0-0-0-0-0-0-0-0-0-0-0-0-0-0-0-0-0-0-0-
[WARN] [1790659168.672694678] [uav8.mavros.sys]: FCU: UNK(8): EVENT 1914663 with args -0-10-13-2-56-0-0-0-0-0-0-0-0-0-0-0-0-0-0-0-0-0-0-0-0-0-0-0-0-0-0-0-0-0-0-0-0-0-0-0-
[WARN] [1790659171.922236623] [uav8.mavros.cmd]: CMD: Unexpected command 176, result 0
[INFO] [1790659172.552587110] [uav8.mavros.sys]: FCU: EVENT 9489139 with args -4-0-0-0-0-0-0-0-0-0-0-0-0-0-0-0-0-0-0-0-0-0-0-0-0-0-0-0-0-0-0-0-0-0-0-0-0-0-0-0-
[INFO] [1790659174.796179178] [uav8.mavros.sys]: FCU: EVENT 4277609 with args -0-0-0-0-0-0-0-0-0-0-0-0-0-0-0-0-0-0-0-0-0-0-0-0-0-0-0-0-0-0-0-0-0-0-0-0-0-0-0-0-
[WARN] [1790659446.880069639] [uav8.mavros.cmd]: CMD: Unexpected command 176, result 0
[INFO] [1790659480.569726376] [uav8.mavros.sys]: FCU: EVENT 9844908 with args -0-0-0-0-0-0-0-0-0-0-0-0-0-0-0-0-0-0-0-0-0-0-0-0-0-0-0-0-0-0-0-0-0-0-0-0-0-0-0-0-
[INFO] [1790659482.752123796] [uav8.mavros.sys]: FCU: EVENT 16017271 with args -6-0-0-0-0-0-0-0-0-0-0-0-0-0-0-0-0-0-0-0-0-0-0-0-0-0-0-0-0-0-0-0-0-0-0-0-0-0-0-0-
[WARN] [1790659487.125176028] [uav8.mavros.sys]: FCU: UNK(8): EVENT 11047904 with args -0-0-0-0-0-128-0-0-0-176-122-127-128-176-122-127-128-0-0-0-0-0-0-0-0-0-0-0-0-0-0-0-0-0-0-0-0-0-0-0-
[INFO] [1790659487.125288696] [uav8.mavros.sys]: FCU: EVENT 377561 with args -8-0-0-0-20-0-0-0-0-0-0-0-0-0-0-0-0-0-0-0-0-0-0-0-0-0-0-0-0-0-0-0-0-0-0-0-0-0-0-0-
[WARN] [1790659487.125374301] [uav8.mavros.sys]: FCU: EVENT 453929 with args -255-255-255-255-7-0-0-0-0-0-0-0-0-0-0-0-0-0-0-0-0-0-0-0-0-0-0-0-0-0-0-0-0-0-0-0-0-0-0-0-
[INFO] [1790659487.125413224] [uav8.mavros.sys]: FCU: EVENT 6801787 with args -255-255-255-255-12-0-0-0-0-0-0-0-0-0-0-0-0-0-0-0-0-0-0-0-0-0-0-0-0-0-0-0-0-0-0-0-0-0-0-0-
[WARN] [1790659487.125458604] [uav8.mavros.sys]: FCU: UNK(8): EVENT 1914663 with args -0-10-9-2-56-0-0-0-0-0-0-0-0-0-0-0-0-0-0-0-0-0-0-0-0-0-0-0-0-0-0-0-0-0-0-0-0-0-0-0-
[INFO] [1790659488.234104430] [rclcpp]: signal_handler(SIGINT/SIGTERM)
[WARN] [1790659488.246017840] [uav8.mavros]: UAS Executor terminated
