[INFO] [1790659155.993129569] [uav9.mavros_node]: Starting mavros_node container
[INFO] [1790659155.993259056] [uav9.mavros_node]: FCU URL: udp://:14548@127.0.0.1:14588
[INFO] [1790659155.993267872] [uav9.mavros_node]: GCS URL: 
[INFO] [1790659155.993272587] [uav9.mavros_node]: UAS Prefix: /uas9
[INFO] [1790659155.993277211] [uav9.mavros_node]: Starting mavros router node
[INFO] [1790659156.097510926] [uav9.mavros_router]: Built-in SIMD instructions: SSE, SSE2
[INFO] [1790659156.097556419] [uav9.mavros_router]: Built-in MAVLink package version: 2026.8.8
[INFO] [1790659156.097565618] [uav9.mavros_router]: Known MAVLink dialects: common ardupilotmega ASLUAV AVSSUAS all csAirLink cubepilot development icarous loweheiser marsh paparazzi standard stemstudios storm32 uAvionix ualberta
[INFO] [1790659156.097572465] [uav9.mavros_router]: MAVROS Router started
[INFO] [1790659156.099214405] [uav9.mavros_node]: Starting mavros uas node
[INFO] [1790659156.511700301] [uav9.mavros_router]: Requested to add endpoint: type: 0, url: udp://:14548@127.0.0.1:14588
[INFO] [1790659156.511732837] [uav9.mavros_router]: Endpoint link[1000] created
[INFO] [1790659156.519166154] [uav9.mavros_router]: link[1000] opened successfully
[INFO] [1790659156.519219321] [uav9.mavros_router]: Requested to add endpoint: type: 2, url: /uas9
[INFO] [1790659156.519239346] [uav9.mavros_router]: Endpoint link[1001] created
[INFO] [1790659156.521026603] [uav9.mavros_router]: link[1000] detected remote address 9.1
[INFO] [1790659156.528019883] [uav9.mavros]: Plugin actuator_control ignored
[INFO] [1790659156.528070949] [uav9.mavros]: Plugin altitude ignored
[INFO] [1790659156.528702461] [uav9.mavros]: UAS Executor started, threads: 4
[INFO] [1790659156.599203333] [uav9.mavros_router]: link[1001] opened successfully
[INFO] [1790659156.844692812] [uav9.mavros]: Plugin command created
[INFO] [1790659156.844740738] [uav9.mavros]: Plugin command initialized
[INFO] [1790659156.844749879] [uav9.mavros]: Plugin ftp ignored
[INFO] [1790659156.844760068] [uav9.mavros]: Plugin geofence ignored
[INFO] [1790659157.043462682] [uav9.mavros]: Plugin global_position created
[INFO] [1790659157.043530323] [uav9.mavros]: Plugin global_position initialized
[INFO] [1790659157.043540650] [uav9.mavros]: Plugin home_position ignored
[INFO] [1790659157.043546670] [uav9.mavros]: Plugin imu ignored
[INFO] [1790659157.480851849] [uav9.mavros]: Plugin local_position created
[INFO] [1790659157.480909726] [uav9.mavros]: Plugin local_position initialized
[INFO] [1790659157.480918591] [uav9.mavros]: Plugin manual_control ignored
[INFO] [1790659157.480924020] [uav9.mavros]: Plugin nav_controller_output ignored
[INFO] [1790659157.480929376] [uav9.mavros]: Plugin param ignored
[INFO] [1790659157.480934294] [uav9.mavros]: Plugin rallypoint ignored
[INFO] [1790659157.480939060] [uav9.mavros]: Plugin rc_io ignored
[INFO] [1790659157.480944044] [uav9.mavros]: Plugin setpoint_accel ignored
[INFO] [1790659157.480954191] [uav9.mavros]: Plugin setpoint_attitude ignored
[INFO] [1790659157.480959340] [uav9.mavros]: Plugin setpoint_position ignored
[INFO] [1790659157.480964676] [uav9.mavros]: Plugin setpoint_raw ignored
[INFO] [1790659157.480969565] [uav9.mavros]: Plugin setpoint_trajectory ignored
[INFO] [1790659157.751000533] [uav9.mavros]: Plugin setpoint_velocity created
[INFO] [1790659157.751049424] [uav9.mavros]: Plugin setpoint_velocity initialized
[INFO] [1790659158.113604283] [uav9.mavros]: Plugin sys_status created
[INFO] [1790659158.113678656] [uav9.mavros]: Plugin sys_status initialized
[INFO] [1790659158.331054398] [uav9.mavros.time]: TM: Timesync mode: MAVLINK
[INFO] [1790659158.350673548] [uav9.mavros]: Plugin sys_time created
[INFO] [1790659158.350726762] [uav9.mavros]: Plugin sys_time initialized
[INFO] [1790659158.350736539] [uav9.mavros]: Plugin waypoint ignored
[INFO] [1790659158.350742687] [uav9.mavros]: Plugin wind_estimation ignored
[INFO] [1790659158.360084419] [uav9.mavros]: Built-in SIMD instructions: SSE, SSE2
[INFO] [1790659158.360126587] [uav9.mavros]: Built-in MAVLink package version: 2026.8.8
[INFO] [1790659158.360158237] [uav9.mavros]: Known MAVLink dialects: common ardupilotmega ASLUAV AVSSUAS all csAirLink cubepilot development icarous loweheiser marsh paparazzi standard stemstudios storm32 uAvionix ualberta
[INFO] [1790659158.360166846] [uav9.mavros]: MAVROS UAS via /uas9 started. MY ID 9.191, TARGET ID 9.1
[INFO] [1790659158.439602604] [uav9.mavros_router]: link[1001] detected remote address 9.191
[INFO] [1790659159.071772238] [uav9.mavros]: CON: Got HEARTBEAT, connected. FCU: PX4 Autopilot
[INFO] [1790659160.111656829] [uav9.mavros.sys]: VER: 9.1: Capabilities         0x000000000000e8ff
[INFO] [1790659160.111727238] [uav9.mavros.sys]: VER: 9.1: Flight software:     011200c0 (fca3df865a000000)
[INFO] [1790659160.111734951] [uav9.mavros.sys]: VER: 9.1: Middleware software: 011200c0 (fca3df865a000000)
[INFO] [1790659160.111740178] [uav9.mavros.sys]: VER: 9.1: OS software:         070000ff (17040b9f87cb1791)
[INFO] [1790659160.111745172] [uav9.mavros.sys]: VER: 9.1: Board hardware:      00000001
[INFO] [1790659160.111749642] [uav9.mavros.sys]: VER: 9.1: VID/PID:             0000:0000
[INFO] [1790659160.111754655] [uav9.mavros.sys]: VER: 9.1: UID:                 4954414c44494e57
[WARN] [1790659160.113948768] [uav9.mavros.cmd]: CMD: Unexpected command 512, result 0
[WARN] [1790659168.880549257] [uav9.mavros.sys]: FCU: UNK(8): EVENT 11047904 with args -0-0-0-0-0-128-0-0-0-176-122-127-128-176-122-127-128-0-0-0-0-0-0-0-0-0-0-0-0-0-0-0-0-0-0-0-0-0-0-0-
[INFO] [1790659168.880639352] [uav9.mavros.sys]: FCU: EVENT 377561 with args -8-0-0-0-20-0-0-0-0-0-0-0-0-0-0-0-0-0-0-0-0-0-0-0-0-0-0-0-0-0-0-0-0-0-0-0-0-0-0-0-
[WARN] [1790659168.880715755] [uav9.mavros.sys]: FCU: EVENT 453929 with args -255-255-255-255-7-0-0-0-0-0-0-0-0-0-0-0-0-0-0-0-0-0-0-0-0-0-0-0-0-0-0-0-0-0-0-0-0-0-0-0-
[INFO] [1790659168.880753138] [uav9.mavros.sys]: FCU: EVENT 6801787 with args -255-255-255-255-12-0-0-0-0-0-0-0-0-0-0-0-0-0-0-0-0-0-0-0-0-0-0-0-0-0-0-0-0-0-0-0-0-0-0-0-
[WARN] [1790659168.880788676] [uav9.mavros.sys]: FCU: UNK(8): EVENT 1914663 with args -0-10-13-2-56-0-0-0-0-0-0-0-0-0-0-0-0-0-0-0-0-0-0-0-0-0-0-0-0-0-0-0-0-0-0-0-0-0-0-0-
[WARN] [1790659171.705056480] [uav9.mavros.cmd]: CMD: Unexpected command 176, result 0
[INFO] [1790659172.281299179] [uav9.mavros.sys]: FCU: EVENT 9489139 with args -4-0-0-0-0-0-0-0-0-0-0-0-0-0-0-0-0-0-0-0-0-0-0-0-0-0-0-0-0-0-0-0-0-0-0-0-0-0-0-0-
[INFO] [1790659174.521787952] [uav9.mavros.sys]: FCU: EVENT 4277609 with args -0-0-0-0-0-0-0-0-0-0-0-0-0-0-0-0-0-0-0-0-0-0-0-0-0-0-0-0-0-0-0-0-0-0-0-0-0-0-0-0-
[WARN] [1790659446.881799706] [uav9.mavros.cmd]: CMD: Unexpected command 176, result 0
[INFO] [1790659480.599794957] [uav9.mavros.sys]: FCU: EVENT 9844908 with args -0-0-0-0-0-0-0-0-0-0-0-0-0-0-0-0-0-0-0-0-0-0-0-0-0-0-0-0-0-0-0-0-0-0-0-0-0-0-0-0-
[INFO] [1790659482.749318261] [uav9.mavros.sys]: FCU: EVENT 16017271 with args -6-0-0-0-0-0-0-0-0-0-0-0-0-0-0-0-0-0-0-0-0-0-0-0-0-0-0-0-0-0-0-0-0-0-0-0-0-0-0-0-
[WARN] [1790659486.386609869] [uav9.mavros.sys]: FCU: UNK(8): EVENT 11047904 with args -0-0-0-0-0-128-0-0-0-176-122-127-128-176-122-127-128-0-0-0-0-0-0-0-0-0-0-0-0-0-0-0-0-0-0-0-0-0-0-0-
[INFO] [1790659486.388046816] [uav9.mavros.sys]: FCU: EVENT 377561 with args -8-0-0-0-20-0-0-0-0-0-0-0-0-0-0-0-0-0-0-0-0-0-0-0-0-0-0-0-0-0-0-0-0-0-0-0-0-0-0-0-
[WARN] [1790659486.390736707] [uav9.mavros.sys]: FCU: EVENT 453929 with args -255-255-255-255-7-0-0-0-0-0-0-0-0-0-0-0-0-0-0-0-0-0-0-0-0-0-0-0-0-0-0-0-0-0-0-0-0-0-0-0-
[INFO] [1790659486.390814470] [uav9.mavros.sys]: FCU: EVENT 6801787 with args -255-255-255-255-12-0-0-0-0-0-0-0-0-0-0-0-0-0-0-0-0-0-0-0-0-0-0-0-0-0-0-0-0-0-0-0-0-0-0-0-
[WARN] [1790659486.390863584] [uav9.mavros.sys]: FCU: UNK(8): EVENT 1914663 with args -0-10-9-2-56-0-0-0-0-0-0-0-0-0-0-0-0-0-0-0-0-0-0-0-0-0-0-0-0-0-0-0-0-0-0-0-0-0-0-0-
[INFO] [1790659488.235366362] [rclcpp]: signal_handler(SIGINT/SIGTERM)
[WARN] [1790659488.243625899] [uav9.mavros]: UAS Executor terminated
