[INFO] [1790403263.907090932] [uav2.mavros_node]: Starting mavros_node container
[INFO] [1790403263.907303611] [uav2.mavros_node]: FCU URL: udp://:14541@127.0.0.1:14581
[INFO] [1790403263.907328927] [uav2.mavros_node]: GCS URL: 
[INFO] [1790403263.907340387] [uav2.mavros_node]: UAS Prefix: /uas2
[INFO] [1790403263.907350673] [uav2.mavros_node]: Starting mavros router node
[INFO] [1790403263.917200270] [uav2.mavros_router]: Built-in SIMD instructions: SSE, SSE2
[INFO] [1790403263.917359095] [uav2.mavros_router]: Built-in MAVLink package version: 2026.8.8
[INFO] [1790403263.917384996] [uav2.mavros_router]: Known MAVLink dialects: common ardupilotmega ASLUAV AVSSUAS all csAirLink cubepilot development icarous loweheiser marsh paparazzi standard stemstudios storm32 uAvionix ualberta
[INFO] [1790403263.917404281] [uav2.mavros_router]: MAVROS Router started
[INFO] [1790403263.917566376] [uav2.mavros_node]: Starting mavros uas node
[INFO] [1790403263.948810593] [uav2.mavros_router]: Requested to add endpoint: type: 0, url: udp://:14541@127.0.0.1:14581
[INFO] [1790403263.948937933] [uav2.mavros_router]: Endpoint link[1000] created
[INFO] [1790403263.949250777] [uav2.mavros_router]: link[1000] opened successfully
[INFO] [1790403263.949278137] [uav2.mavros_router]: Requested to add endpoint: type: 2, url: /uas2
[INFO] [1790403263.949299199] [uav2.mavros_router]: Endpoint link[1001] created
[INFO] [1790403263.951735022] [uav2.mavros_router]: link[1001] opened successfully
[INFO] [1790403263.958942679] [uav2.mavros]: UAS Executor started, threads: 4
[INFO] [1790403263.958958680] [uav2.mavros]: Plugin actuator_control ignored
[INFO] [1790403263.959289042] [uav2.mavros]: Plugin altitude ignored
[INFO] [1790403263.964220693] [uav2.mavros_router]: link[1000] detected remote address 2.1
[INFO] [1790403263.976360988] [uav2.mavros]: Plugin command created
[INFO] [1790403263.976855112] [uav2.mavros]: Plugin command initialized
[INFO] [1790403263.976893509] [uav2.mavros]: Plugin ftp ignored
[INFO] [1790403263.976935915] [uav2.mavros]: Plugin geofence ignored
[INFO] [1790403263.993803310] [uav2.mavros]: Plugin global_position created
[INFO] [1790403263.993862203] [uav2.mavros]: Plugin global_position initialized
[INFO] [1790403263.993873628] [uav2.mavros]: Plugin home_position ignored
[INFO] [1790403263.993880509] [uav2.mavros]: Plugin imu ignored
[INFO] [1790403264.009743936] [uav2.mavros]: Plugin local_position created
[INFO] [1790403264.009944025] [uav2.mavros]: Plugin local_position initialized
[INFO] [1790403264.009973500] [uav2.mavros]: Plugin manual_control ignored
[INFO] [1790403264.009987366] [uav2.mavros]: Plugin nav_controller_output ignored
[INFO] [1790403264.009999596] [uav2.mavros]: Plugin param ignored
[INFO] [1790403264.010011057] [uav2.mavros]: Plugin rallypoint ignored
[INFO] [1790403264.010250751] [uav2.mavros]: Plugin rc_io ignored
[INFO] [1790403264.010284126] [uav2.mavros]: Plugin setpoint_accel ignored
[INFO] [1790403264.010295510] [uav2.mavros]: Plugin setpoint_attitude ignored
[INFO] [1790403264.010306378] [uav2.mavros]: Plugin setpoint_position ignored
[INFO] [1790403264.010317041] [uav2.mavros]: Plugin setpoint_raw ignored
[INFO] [1790403264.010327208] [uav2.mavros]: Plugin setpoint_trajectory ignored
[INFO] [1790403264.031884528] [uav2.mavros]: Plugin setpoint_velocity created
[INFO] [1790403264.032893484] [uav2.mavros]: Plugin setpoint_velocity initialized
[INFO] [1790403264.062500876] [uav2.mavros]: Plugin sys_status created
[INFO] [1790403264.062576577] [uav2.mavros]: Plugin sys_status initialized
[INFO] [1790403264.074464057] [uav2.mavros.time]: TM: Timesync mode: MAVLINK
[INFO] [1790403264.076788854] [uav2.mavros]: Plugin sys_time created
[INFO] [1790403264.076865953] [uav2.mavros]: Plugin sys_time initialized
[INFO] [1790403264.076887506] [uav2.mavros]: Plugin waypoint ignored
[INFO] [1790403264.076900059] [uav2.mavros]: Plugin wind_estimation ignored
[INFO] [1790403264.078528873] [uav2.mavros]: Built-in SIMD instructions: SSE, SSE2
[INFO] [1790403264.078613052] [uav2.mavros]: Built-in MAVLink package version: 2026.8.8
[INFO] [1790403264.078703770] [uav2.mavros]: Known MAVLink dialects: common ardupilotmega ASLUAV AVSSUAS all csAirLink cubepilot development icarous loweheiser marsh paparazzi standard stemstudios storm32 uAvionix ualberta
[INFO] [1790403264.078772696] [uav2.mavros]: MAVROS UAS via /uas2 started. MY ID 2.191, TARGET ID 2.1
[WARN] [1790403264.094934622] [uav2.mavros.sys]: FCU: UNK(8): EVENT 11047904 with args -0-0-0-19-1-128-0-0-0-0-42-1-128-0-42-1-128-0-0-0-0-0-0-0-0-0-0-0-0-0-0-0-0-0-0-0-0-0-0-0-
[ERROR] [1790403264.095155268] [uav2.mavros.sys]: FCU: EVENT 13426421 with args -252-0-126-0-17-0-0-0-0-0-0-0-0-0-0-0-0-0-0-0-0-0-0-0-0-0-0-0-0-0-0-0-0-0-0-0-0-0-0-0-
[ERROR] [1790403264.095288584] [uav2.mavros.sys]: FCU: EVENT 11464574 with args -0-64-0-0-20-0-0-0-0-0-0-0-0-0-0-0-0-0-0-0-0-0-0-0-0-0-0-0-0-0-0-0-0-0-0-0-0-0-0-0-
[ERROR] [1790403264.095353548] [uav2.mavros.sys]: FCU: EVENT 10450063 with args -254-209-126-0-16-0-0-0-0-0-0-0-0-0-0-0-0-0-0-0-0-0-0-0-0-0-0-0-0-0-0-0-0-0-0-0-0-0-0-0-
[ERROR] [1790403264.095404394] [uav2.mavros.sys]: FCU: EVENT 13835193 with args -252-0-126-0-17-0-0-0-0-0-0-0-0-0-0-0-0-0-0-0-0-0-0-0-0-0-0-0-0-0-0-0-0-0-0-0-0-0-0-0-
[ERROR] [1790403264.095696495] [uav2.mavros.sys]: FCU: EVENT 10011251 with args -56-0-0-0-24-0-0-0-0-0-0-0-0-0-0-0-0-0-0-0-0-0-0-0-0-0-0-0-0-0-0-0-0-0-0-0-0-0-0-0-
[INFO] [1790403264.096456953] [uav2.mavros.sys]: FCU: EVENT 377561 with args -8-0-0-0-20-0-0-0-0-0-0-0-0-0-0-0-0-0-0-0-0-0-0-0-0-0-0-0-0-0-0-0-0-0-0-0-0-0-0-0-
[WARN] [1790403264.096842330] [uav2.mavros.sys]: FCU: EVENT 453929 with args -255-255-255-255-7-0-0-0-0-0-0-0-0-0-0-0-0-0-0-0-0-0-0-0-0-0-0-0-0-0-0-0-0-0-0-0-0-0-0-0-
[INFO] [1790403264.096930658] [uav2.mavros.sys]: FCU: EVENT 6801787 with args -255-255-255-255-12-0-0-0-0-0-0-0-0-0-0-0-0-0-0-0-0-0-0-0-0-0-0-0-0-0-0-0-0-0-0-0-0-0-0-0-
[WARN] [1790403264.097015271] [uav2.mavros.sys]: FCU: UNK(8): EVENT 1914663 with args -0-2-13-2-56-0-0-0-0-0-0-0-0-0-0-0-0-0-0-0-0-0-0-0-0-0-0-0-0-0-0-0-0-0-0-0-0-0-0-0-
[INFO] [1790403264.148586197] [uav2.mavros]: CON: Got HEARTBEAT, connected. FCU: PX4 Autopilot
[INFO] [1790403264.149954619] [uav2.mavros_router]: link[1001] detected remote address 2.191
[INFO] [1790403265.155760265] [uav2.mavros.sys]: VER: 2.1: Capabilities         0x000000000000e8ff
[INFO] [1790403265.155803207] [uav2.mavros.sys]: VER: 2.1: Flight software:     011200c0 (fca3df865a000000)
[INFO] [1790403265.155810590] [uav2.mavros.sys]: VER: 2.1: Middleware software: 011200c0 (fca3df865a000000)
[INFO] [1790403265.155816137] [uav2.mavros.sys]: VER: 2.1: OS software:         070000ff (17040b9f87cb1791)
[INFO] [1790403265.155821171] [uav2.mavros.sys]: VER: 2.1: Board hardware:      00000001
[INFO] [1790403265.155825923] [uav2.mavros.sys]: VER: 2.1: VID/PID:             0000:0000
[INFO] [1790403265.155831259] [uav2.mavros.sys]: VER: 2.1: UID:                 4954414c44494e50
[WARN] [1790403265.157725957] [uav2.mavros.cmd]: CMD: Unexpected command 512, result 0
[WARN] [1790403266.172194078] [uav2.mavros.sys]: FCU: UNK(8): EVENT 11047904 with args -0-0-0-18-1-128-0-0-0-0-58-1-128-0-58-1-128-0-0-0-0-0-0-0-0-0-0-0-0-0-0-0-0-0-0-0-0-0-0-0-
[ERROR] [1790403266.172320825] [uav2.mavros.sys]: FCU: EVENT 12712246 with args -0-64-0-0-20-0-0-0-0-0-0-0-0-0-0-0-0-0-0-0-0-0-0-0-0-0-0-0-0-0-0-0-0-0-0-0-0-0-0-0-
[ERROR] [1790403266.172378956] [uav2.mavros.sys]: FCU: EVENT 13835193 with args -252-0-126-0-17-0-0-0-0-0-0-0-0-0-0-0-0-0-0-0-0-0-0-0-0-0-0-0-0-0-0-0-0-0-0-0-0-0-0-0-
[ERROR] [1790403266.172431771] [uav2.mavros.sys]: FCU: EVENT 10011251 with args -56-0-0-0-24-0-0-0-0-0-0-0-0-0-0-0-0-0-0-0-0-0-0-0-0-0-0-0-0-0-0-0-0-0-0-0-0-0-0-0-
[INFO] [1790403266.172515379] [uav2.mavros.sys]: FCU: EVENT 377561 with args -8-0-0-0-20-0-0-0-0-0-0-0-0-0-0-0-0-0-0-0-0-0-0-0-0-0-0-0-0-0-0-0-0-0-0-0-0-0-0-0-
[WARN] [1790403266.172545562] [uav2.mavros.sys]: FCU: EVENT 453929 with args -255-255-255-255-7-0-0-0-0-0-0-0-0-0-0-0-0-0-0-0-0-0-0-0-0-0-0-0-0-0-0-0-0-0-0-0-0-0-0-0-
[INFO] [1790403266.172585027] [uav2.mavros.sys]: FCU: EVENT 6801787 with args -255-255-255-255-12-0-0-0-0-0-0-0-0-0-0-0-0-0-0-0-0-0-0-0-0-0-0-0-0-0-0-0-0-0-0-0-0-0-0-0-
[WARN] [1790403266.172671899] [uav2.mavros.sys]: FCU: UNK(8): EVENT 1914663 with args -0-10-13-2-56-0-0-0-0-0-0-0-0-0-0-0-0-0-0-0-0-0-0-0-0-0-0-0-0-0-0-0-0-0-0-0-0-0-0-0-
[WARN] [1790403268.256857412] [uav2.mavros.sys]: FCU: UNK(8): EVENT 11047904 with args -0-0-0-0-0-128-0-0-0-176-122-127-128-176-122-127-128-0-0-0-0-0-0-0-0-0-0-0-0-0-0-0-0-0-0-0-0-0-0-0-
[INFO] [1790403268.256989177] [uav2.mavros.sys]: FCU: EVENT 377561 with args -8-0-0-0-20-0-0-0-0-0-0-0-0-0-0-0-0-0-0-0-0-0-0-0-0-0-0-0-0-0-0-0-0-0-0-0-0-0-0-0-
[WARN] [1790403268.257024609] [uav2.mavros.sys]: FCU: EVENT 453929 with args -255-255-255-255-7-0-0-0-0-0-0-0-0-0-0-0-0-0-0-0-0-0-0-0-0-0-0-0-0-0-0-0-0-0-0-0-0-0-0-0-
[INFO] [1790403268.257044569] [uav2.mavros.sys]: FCU: EVENT 6801787 with args -255-255-255-255-12-0-0-0-0-0-0-0-0-0-0-0-0-0-0-0-0-0-0-0-0-0-0-0-0-0-0-0-0-0-0-0-0-0-0-0-
[WARN] [1790403268.257080021] [uav2.mavros.sys]: FCU: UNK(8): EVENT 1914663 with args -0-10-13-2-56-0-0-0-0-0-0-0-0-0-0-0-0-0-0-0-0-0-0-0-0-0-0-0-0-0-0-0-0-0-0-0-0-0-0-0-
[INFO] [1790403269.884382876] [uav2.mavros.sys]: FCU: EVENT 9489139 with args -4-0-0-0-0-0-0-0-0-0-0-0-0-0-0-0-0-0-0-0-0-0-0-0-0-0-0-0-0-0-0-0-0-0-0-0-0-0-0-0-
[INFO] [1790403271.705374937] [uav2.mavros.sys]: FCU: EVENT 4277609 with args -0-0-0-0-0-0-0-0-0-0-0-0-0-0-0-0-0-0-0-0-0-0-0-0-0-0-0-0-0-0-0-0-0-0-0-0-0-0-0-0-
[WARN] [1790403311.152034982] [uav2.mavros.cmd]: CMD: Unexpected command 176, result 0
[INFO] [1790403328.992692757] [uav2.mavros.sys]: FCU: EVENT 9844908 with args -0-0-0-0-0-0-0-0-0-0-0-0-0-0-0-0-0-0-0-0-0-0-0-0-0-0-0-0-0-0-0-0-0-0-0-0-0-0-0-0-
[INFO] [1790403331.024801078] [uav2.mavros.sys]: FCU: EVENT 16017271 with args -6-0-0-0-0-0-0-0-0-0-0-0-0-0-0-0-0-0-0-0-0-0-0-0-0-0-0-0-0-0-0-0-0-0-0-0-0-0-0-0-
[INFO] [1790403332.414474600] [rclcpp]: signal_handler(SIGINT/SIGTERM)
[WARN] [1790403332.417303299] [uav2.mavros]: UAS Executor terminated
