[INFO] [1790653075.244255745] [uav1.mavros_node]: Starting mavros_node container
[INFO] [1790653075.244824081] [uav1.mavros_node]: FCU URL: udp://:15540@127.0.0.1:15580
[INFO] [1790653075.244843599] [uav1.mavros_node]: GCS URL: 
[INFO] [1790653075.244848675] [uav1.mavros_node]: UAS Prefix: /uas1
[INFO] [1790653075.244853696] [uav1.mavros_node]: Starting mavros router node
[INFO] [1790653075.354586167] [uav1.mavros_router]: Built-in SIMD instructions: SSE, SSE2
[INFO] [1790653075.365316707] [uav1.mavros_router]: Built-in MAVLink package version: 2026.8.8
[INFO] [1790653075.367572830] [uav1.mavros_router]: Known MAVLink dialects: common ardupilotmega ASLUAV AVSSUAS all csAirLink cubepilot development icarous loweheiser marsh paparazzi standard stemstudios storm32 uAvionix ualberta
[INFO] [1790653075.367585557] [uav1.mavros_router]: MAVROS Router started
[INFO] [1790653075.367738782] [uav1.mavros_node]: Starting mavros uas node
[INFO] [1790653075.605684449] [uav1.mavros_router]: Requested to add endpoint: type: 0, url: udp://:15540@127.0.0.1:15580
[INFO] [1790653075.605749602] [uav1.mavros_router]: Endpoint link[1000] created
[INFO] [1790653075.605999814] [uav1.mavros_router]: link[1000] opened successfully
[INFO] [1790653075.606023293] [uav1.mavros_router]: Requested to add endpoint: type: 2, url: /uas1
[INFO] [1790653075.606039127] [uav1.mavros_router]: Endpoint link[1001] created
[INFO] [1790653075.620355037] [uav1.mavros]: Plugin actuator_control ignored
[INFO] [1790653075.625926664] [uav1.mavros]: Plugin altitude ignored
[INFO] [1790653075.620398623] [uav1.mavros]: UAS Executor started, threads: 4
[INFO] [1790653075.636081477] [uav1.mavros_router]: link[1000] detected remote address 1.1
[INFO] [1790653075.717651227] [uav1.mavros_router]: link[1001] opened successfully
[INFO] [1790653075.956622261] [uav1.mavros]: Plugin command created
[INFO] [1790653075.956698424] [uav1.mavros]: Plugin command initialized
[INFO] [1790653075.956707906] [uav1.mavros]: Plugin ftp ignored
[INFO] [1790653075.956713183] [uav1.mavros]: Plugin geofence ignored
[INFO] [1790653076.396981368] [uav1.mavros]: Plugin global_position created
[INFO] [1790653076.397048236] [uav1.mavros]: Plugin global_position initialized
[INFO] [1790653076.397057742] [uav1.mavros]: Plugin home_position ignored
[INFO] [1790653076.397063761] [uav1.mavros]: Plugin imu ignored
[INFO] [1790653076.705590001] [uav1.mavros]: Plugin local_position created
[INFO] [1790653076.705644220] [uav1.mavros]: Plugin local_position initialized
[INFO] [1790653076.705654203] [uav1.mavros]: Plugin manual_control ignored
[INFO] [1790653076.705660346] [uav1.mavros]: Plugin nav_controller_output ignored
[INFO] [1790653076.705666359] [uav1.mavros]: Plugin param ignored
[INFO] [1790653076.705671843] [uav1.mavros]: Plugin rallypoint ignored
[INFO] [1790653076.705676305] [uav1.mavros]: Plugin rc_io ignored
[INFO] [1790653076.705681463] [uav1.mavros]: Plugin setpoint_accel ignored
[INFO] [1790653076.705694188] [uav1.mavros]: Plugin setpoint_attitude ignored
[INFO] [1790653076.705699928] [uav1.mavros]: Plugin setpoint_position ignored
[INFO] [1790653076.705704733] [uav1.mavros]: Plugin setpoint_raw ignored
[INFO] [1790653076.705709637] [uav1.mavros]: Plugin setpoint_trajectory ignored
[INFO] [1790653076.980847826] [uav1.mavros]: Plugin setpoint_velocity created
[INFO] [1790653076.982553569] [uav1.mavros]: Plugin setpoint_velocity initialized
[INFO] [1790653077.310904202] [uav1.mavros]: Plugin sys_status created
[INFO] [1790653077.310976455] [uav1.mavros]: Plugin sys_status initialized
[INFO] [1790653077.400007295] [uav1.mavros.time]: TM: Timesync mode: MAVLINK
[INFO] [1790653077.408858076] [uav1.mavros]: Plugin sys_time created
[INFO] [1790653077.408910603] [uav1.mavros]: Plugin sys_time initialized
[INFO] [1790653077.408919962] [uav1.mavros]: Plugin waypoint ignored
[INFO] [1790653077.408925123] [uav1.mavros]: Plugin wind_estimation ignored
[INFO] [1790653077.417061065] [uav1.mavros]: Built-in SIMD instructions: SSE, SSE2
[INFO] [1790653077.417101777] [uav1.mavros]: Built-in MAVLink package version: 2026.8.8
[INFO] [1790653077.417127202] [uav1.mavros]: Known MAVLink dialects: common ardupilotmega ASLUAV AVSSUAS all csAirLink cubepilot development icarous loweheiser marsh paparazzi standard stemstudios storm32 uAvionix ualberta
[INFO] [1790653077.417135524] [uav1.mavros]: MAVROS UAS via /uas1 started. MY ID 1.191, TARGET ID 1.1
[INFO] [1790653077.961059811] [uav1.mavros]: CON: Got HEARTBEAT, connected. FCU: PX4 Autopilot
[INFO] [1790653078.207975097] [uav1.mavros_router]: link[1001] detected remote address 1.191
[INFO] [1790653079.122792950] [uav1.mavros.sys]: VER: 1.1: Capabilities         0x000000000000e8ff
[INFO] [1790653079.122857947] [uav1.mavros.sys]: VER: 1.1: Flight software:     011200c0 (fca3df865a000000)
[INFO] [1790653079.122866016] [uav1.mavros.sys]: VER: 1.1: Middleware software: 011200c0 (fca3df865a000000)
[INFO] [1790653079.122871420] [uav1.mavros.sys]: VER: 1.1: OS software:         070000ff (17040b9f87cb1791)
[INFO] [1790653079.122876735] [uav1.mavros.sys]: VER: 1.1: Board hardware:      00000001
[INFO] [1790653079.122881658] [uav1.mavros.sys]: VER: 1.1: VID/PID:             0000:0000
[INFO] [1790653079.122886376] [uav1.mavros.sys]: VER: 1.1: UID:                 4954414c44494e4f
[WARN] [1790653079.129527227] [uav1.mavros.cmd]: CMD: Unexpected command 512, result 0
[WARN] [1790653090.097297208] [uav1.mavros.sys]: FCU: UNK(8): EVENT 1914663 with args -0-10-13-2-56-0-0-0-0-0-0-0-0-0-0-0-0-0-0-0-0-0-0-0-0-0-0-0-0-0-0-0-0-0-0-0-0-0-0-0-
[WARN] [1790653093.408999583] [uav1.mavros.cmd]: CMD: Unexpected command 176, result 0
[INFO] [1790653094.626590458] [uav1.mavros.sys]: FCU: EVENT 9489139 with args -4-0-0-0-0-0-0-0-0-0-0-0-0-0-0-0-0-0-0-0-0-0-0-0-0-0-0-0-0-0-0-0-0-0-0-0-0-0-0-0-
[INFO] [1790653096.799506139] [uav1.mavros.sys]: FCU: EVENT 4277609 with args -0-0-0-0-0-0-0-0-0-0-0-0-0-0-0-0-0-0-0-0-0-0-0-0-0-0-0-0-0-0-0-0-0-0-0-0-0-0-0-0-
