[INFO] [1790403062.634714739] [uav5.mavros_node]: Starting mavros_node container
[INFO] [1790403062.634843069] [uav5.mavros_node]: FCU URL: udp://:14544@127.0.0.1:14584
[INFO] [1790403062.634852197] [uav5.mavros_node]: GCS URL: 
[INFO] [1790403062.634857307] [uav5.mavros_node]: UAS Prefix: /uas5
[INFO] [1790403062.634861958] [uav5.mavros_node]: Starting mavros router node
[INFO] [1790403062.686695610] [uav5.mavros_router]: Built-in SIMD instructions: SSE, SSE2
[INFO] [1790403062.686851441] [uav5.mavros_router]: Built-in MAVLink package version: 2026.8.8
[INFO] [1790403062.686924910] [uav5.mavros_router]: Known MAVLink dialects: common ardupilotmega ASLUAV AVSSUAS all csAirLink cubepilot development icarous loweheiser marsh paparazzi standard stemstudios storm32 uAvionix ualberta
[INFO] [1790403062.686946776] [uav5.mavros_router]: MAVROS Router started
[INFO] [1790403062.687136853] [uav5.mavros_node]: Starting mavros uas node
[INFO] [1790403062.790690781] [uav5.mavros_router]: Requested to add endpoint: type: 0, url: udp://:14544@127.0.0.1:14584
[INFO] [1790403062.790854702] [uav5.mavros_router]: Endpoint link[1000] created
[INFO] [1790403062.791102748] [uav5.mavros_router]: link[1000] opened successfully
[INFO] [1790403062.791125641] [uav5.mavros_router]: Requested to add endpoint: type: 2, url: /uas5
[INFO] [1790403062.791139996] [uav5.mavros_router]: Endpoint link[1001] created
[INFO] [1790403062.798793831] [uav5.mavros_router]: link[1001] opened successfully
[INFO] [1790403062.804076213] [uav5.mavros]: Plugin actuator_control ignored
[INFO] [1790403062.805111581] [uav5.mavros]: Plugin altitude ignored
[INFO] [1790403062.804391307] [uav5.mavros]: UAS Executor started, threads: 4
[INFO] [1790403062.809310423] [uav5.mavros_router]: link[1000] detected remote address 5.1
[INFO] [1790403062.922985020] [uav5.mavros]: Plugin command created
[INFO] [1790403062.923180739] [uav5.mavros]: Plugin command initialized
[INFO] [1790403062.923208083] [uav5.mavros]: Plugin ftp ignored
[INFO] [1790403062.924341424] [uav5.mavros]: Plugin geofence ignored
[INFO] [1790403063.006078867] [uav5.mavros]: Plugin global_position created
[INFO] [1790403063.006153869] [uav5.mavros]: Plugin global_position initialized
[INFO] [1790403063.006165131] [uav5.mavros]: Plugin home_position ignored
[INFO] [1790403063.006175724] [uav5.mavros]: Plugin imu ignored
[INFO] [1790403063.073699425] [uav5.mavros]: Plugin local_position created
[INFO] [1790403063.077527177] [uav5.mavros]: Plugin local_position initialized
[INFO] [1790403063.077567327] [uav5.mavros]: Plugin manual_control ignored
[INFO] [1790403063.077575581] [uav5.mavros]: Plugin nav_controller_output ignored
[INFO] [1790403063.077582013] [uav5.mavros]: Plugin param ignored
[INFO] [1790403063.077588118] [uav5.mavros]: Plugin rallypoint ignored
[INFO] [1790403063.077598910] [uav5.mavros]: Plugin rc_io ignored
[INFO] [1790403063.077604324] [uav5.mavros]: Plugin setpoint_accel ignored
[INFO] [1790403063.077609921] [uav5.mavros]: Plugin setpoint_attitude ignored
[INFO] [1790403063.077615046] [uav5.mavros]: Plugin setpoint_position ignored
[INFO] [1790403063.077621210] [uav5.mavros]: Plugin setpoint_raw ignored
[INFO] [1790403063.077626461] [uav5.mavros]: Plugin setpoint_trajectory ignored
[INFO] [1790403063.142838853] [uav5.mavros]: Plugin setpoint_velocity created
[INFO] [1790403063.147660712] [uav5.mavros]: Plugin setpoint_velocity initialized
[INFO] [1790403063.197360812] [uav5.mavros]: Plugin sys_status created
[INFO] [1790403063.197447181] [uav5.mavros]: Plugin sys_status initialized
[INFO] [1790403063.225696431] [uav5.mavros.time]: TM: Timesync mode: MAVLINK
[INFO] [1790403063.230773032] [uav5.mavros]: Plugin sys_time created
[INFO] [1790403063.230837475] [uav5.mavros]: Plugin sys_time initialized
[INFO] [1790403063.230848717] [uav5.mavros]: Plugin waypoint ignored
[INFO] [1790403063.230855318] [uav5.mavros]: Plugin wind_estimation ignored
[INFO] [1790403063.234824540] [uav5.mavros]: Built-in SIMD instructions: SSE, SSE2
[INFO] [1790403063.234864951] [uav5.mavros]: Built-in MAVLink package version: 2026.8.8
[INFO] [1790403063.234892060] [uav5.mavros]: Known MAVLink dialects: common ardupilotmega ASLUAV AVSSUAS all csAirLink cubepilot development icarous loweheiser marsh paparazzi standard stemstudios storm32 uAvionix ualberta
[INFO] [1790403063.234899713] [uav5.mavros]: MAVROS UAS via /uas5 started. MY ID 5.191, TARGET ID 5.1
[INFO] [1790403063.239977800] [uav5.mavros_router]: link[1001] detected remote address 5.191
[WARN] [1790403063.791469464] [uav5.mavros.sys]: FCU: UNK(8): EVENT 11047904 with args -0-0-0-18-1-128-0-0-0-0-58-1-128-0-58-1-128-0-0-0-0-0-0-0-0-0-0-0-0-0-0-0-0-0-0-0-0-0-0-0-
[ERROR] [1790403063.791586121] [uav5.mavros.sys]: FCU: EVENT 13426421 with args -252-0-126-0-17-0-0-0-0-0-0-0-0-0-0-0-0-0-0-0-0-0-0-0-0-0-0-0-0-0-0-0-0-0-0-0-0-0-0-0-
[ERROR] [1790403063.791631538] [uav5.mavros.sys]: FCU: EVENT 12712246 with args -0-64-0-0-20-0-0-0-0-0-0-0-0-0-0-0-0-0-0-0-0-0-0-0-0-0-0-0-0-0-0-0-0-0-0-0-0-0-0-0-
[ERROR] [1790403063.791693902] [uav5.mavros.sys]: FCU: EVENT 13835193 with args -252-0-126-0-17-0-0-0-0-0-0-0-0-0-0-0-0-0-0-0-0-0-0-0-0-0-0-0-0-0-0-0-0-0-0-0-0-0-0-0-
[ERROR] [1790403063.791710521] [uav5.mavros.sys]: FCU: EVENT 10011251 with args -56-0-0-0-24-0-0-0-0-0-0-0-0-0-0-0-0-0-0-0-0-0-0-0-0-0-0-0-0-0-0-0-0-0-0-0-0-0-0-0-
[INFO] [1790403063.791725558] [uav5.mavros.sys]: FCU: EVENT 377561 with args -8-0-0-0-20-0-0-0-0-0-0-0-0-0-0-0-0-0-0-0-0-0-0-0-0-0-0-0-0-0-0-0-0-0-0-0-0-0-0-0-
[WARN] [1790403063.791790863] [uav5.mavros.sys]: FCU: EVENT 453929 with args -255-255-255-255-7-0-0-0-0-0-0-0-0-0-0-0-0-0-0-0-0-0-0-0-0-0-0-0-0-0-0-0-0-0-0-0-0-0-0-0-
[INFO] [1790403063.791804489] [uav5.mavros.sys]: FCU: EVENT 6801787 with args -255-255-255-255-12-0-0-0-0-0-0-0-0-0-0-0-0-0-0-0-0-0-0-0-0-0-0-0-0-0-0-0-0-0-0-0-0-0-0-0-
[WARN] [1790403063.791861312] [uav5.mavros.sys]: FCU: UNK(8): EVENT 1914663 with args -0-2-13-2-56-0-0-0-0-0-0-0-0-0-0-0-0-0-0-0-0-0-0-0-0-0-0-0-0-0-0-0-0-0-0-0-0-0-0-0-
[INFO] [1790403063.860805466] [uav5.mavros]: CON: Got HEARTBEAT, connected. FCU: PX4 Autopilot
[INFO] [1790403064.868651502] [uav5.mavros.sys]: VER: 5.1: Capabilities         0x000000000000e8ff
[INFO] [1790403064.868708798] [uav5.mavros.sys]: VER: 5.1: Flight software:     011200c0 (fca3df865a000000)
[INFO] [1790403064.868717775] [uav5.mavros.sys]: VER: 5.1: Middleware software: 011200c0 (fca3df865a000000)
[INFO] [1790403064.868723230] [uav5.mavros.sys]: VER: 5.1: OS software:         070000ff (17040b9f87cb1791)
[INFO] [1790403064.868727881] [uav5.mavros.sys]: VER: 5.1: Board hardware:      00000001
[INFO] [1790403064.868732417] [uav5.mavros.sys]: VER: 5.1: VID/PID:             0000:0000
[INFO] [1790403064.868738667] [uav5.mavros.sys]: VER: 5.1: UID:                 4954414c44494e53
[WARN] [1790403064.870733178] [uav5.mavros.cmd]: CMD: Unexpected command 512, result 0
[WARN] [1790403065.868063583] [uav5.mavros.sys]: FCU: UNK(8): EVENT 11047904 with args -0-0-0-0-0-128-0-0-0-176-122-127-128-176-122-127-128-0-0-0-0-0-0-0-0-0-0-0-0-0-0-0-0-0-0-0-0-0-0-0-
[INFO] [1790403065.868192530] [uav5.mavros.sys]: FCU: EVENT 377561 with args -8-0-0-0-20-0-0-0-0-0-0-0-0-0-0-0-0-0-0-0-0-0-0-0-0-0-0-0-0-0-0-0-0-0-0-0-0-0-0-0-
[WARN] [1790403065.868256826] [uav5.mavros.sys]: FCU: EVENT 453929 with args -255-255-255-255-7-0-0-0-0-0-0-0-0-0-0-0-0-0-0-0-0-0-0-0-0-0-0-0-0-0-0-0-0-0-0-0-0-0-0-0-
[INFO] [1790403065.868339871] [uav5.mavros.sys]: FCU: EVENT 6801787 with args -255-255-255-255-12-0-0-0-0-0-0-0-0-0-0-0-0-0-0-0-0-0-0-0-0-0-0-0-0-0-0-0-0-0-0-0-0-0-0-0-
[WARN] [1790403065.868364289] [uav5.mavros.sys]: FCU: UNK(8): EVENT 1914663 with args -0-10-13-2-56-0-0-0-0-0-0-0-0-0-0-0-0-0-0-0-0-0-0-0-0-0-0-0-0-0-0-0-0-0-0-0-0-0-0-0-
[INFO] [1790403070.001199008] [uav5.mavros.sys]: FCU: EVENT 9489139 with args -4-0-0-0-0-0-0-0-0-0-0-0-0-0-0-0-0-0-0-0-0-0-0-0-0-0-0-0-0-0-0-0-0-0-0-0-0-0-0-0-
[INFO] [1790403071.945597188] [uav5.mavros.sys]: FCU: EVENT 4277609 with args -0-0-0-0-0-0-0-0-0-0-0-0-0-0-0-0-0-0-0-0-0-0-0-0-0-0-0-0-0-0-0-0-0-0-0-0-0-0-0-0-
[WARN] [1790403111.344255431] [uav5.mavros.cmd]: CMD: Unexpected command 176, result 0
[INFO] [1790403129.323206464] [uav5.mavros.sys]: FCU: EVENT 9844908 with args -0-0-0-0-0-0-0-0-0-0-0-0-0-0-0-0-0-0-0-0-0-0-0-0-0-0-0-0-0-0-0-0-0-0-0-0-0-0-0-0-
[INFO] [1790403131.376448414] [uav5.mavros.sys]: FCU: EVENT 16017271 with args -6-0-0-0-0-0-0-0-0-0-0-0-0-0-0-0-0-0-0-0-0-0-0-0-0-0-0-0-0-0-0-0-0-0-0-0-0-0-0-0-
[WARN] [1790403134.599921144] [uav5.mavros.sys]: FCU: UNK(8): EVENT 11047904 with args -0-0-0-0-0-128-0-0-0-176-122-127-128-176-122-127-128-0-0-0-0-0-0-0-0-0-0-0-0-0-0-0-0-0-0-0-0-0-0-0-
[INFO] [1790403134.600025137] [uav5.mavros.sys]: FCU: EVENT 377561 with args -8-0-0-0-20-0-0-0-0-0-0-0-0-0-0-0-0-0-0-0-0-0-0-0-0-0-0-0-0-0-0-0-0-0-0-0-0-0-0-0-
[WARN] [1790403134.600052856] [uav5.mavros.sys]: FCU: EVENT 453929 with args -255-255-255-255-7-0-0-0-0-0-0-0-0-0-0-0-0-0-0-0-0-0-0-0-0-0-0-0-0-0-0-0-0-0-0-0-0-0-0-0-
[INFO] [1790403134.600110631] [uav5.mavros.sys]: FCU: EVENT 6801787 with args -255-255-255-255-12-0-0-0-0-0-0-0-0-0-0-0-0-0-0-0-0-0-0-0-0-0-0-0-0-0-0-0-0-0-0-0-0-0-0-0-
[WARN] [1790403134.600155960] [uav5.mavros.sys]: FCU: UNK(8): EVENT 1914663 with args -0-10-9-2-56-0-0-0-0-0-0-0-0-0-0-0-0-0-0-0-0-0-0-0-0-0-0-0-0-0-0-0-0-0-0-0-0-0-0-0-
[INFO] [1790403135.820635114] [rclcpp]: signal_handler(SIGINT/SIGTERM)
[WARN] [1790403135.824635126] [uav5.mavros]: UAS Executor terminated
