[INFO] [1790600301.463603422] [uav5.mavros_node]: Starting mavros_node container
[INFO] [1790600301.463691830] [uav5.mavros_node]: FCU URL: udp://:14544@127.0.0.1:14584
[INFO] [1790600301.463700161] [uav5.mavros_node]: GCS URL: 
[INFO] [1790600301.463705316] [uav5.mavros_node]: UAS Prefix: /uas5
[INFO] [1790600301.463710625] [uav5.mavros_node]: Starting mavros router node
[INFO] [1790600301.509419398] [uav5.mavros_router]: Built-in SIMD instructions: SSE, SSE2
[INFO] [1790600301.509467388] [uav5.mavros_router]: Built-in MAVLink package version: 2026.8.8
[INFO] [1790600301.509476165] [uav5.mavros_router]: Known MAVLink dialects: common ardupilotmega ASLUAV AVSSUAS all csAirLink cubepilot development icarous loweheiser marsh paparazzi standard stemstudios storm32 uAvionix ualberta
[INFO] [1790600301.509483497] [uav5.mavros_router]: MAVROS Router started
[INFO] [1790600301.509637761] [uav5.mavros_node]: Starting mavros uas node
[INFO] [1790600301.720177456] [uav5.mavros_router]: Requested to add endpoint: type: 0, url: udp://:14544@127.0.0.1:14584
[INFO] [1790600301.720250685] [uav5.mavros_router]: Endpoint link[1000] created
[INFO] [1790600301.720511274] [uav5.mavros_router]: link[1000] opened successfully
[INFO] [1790600301.720537503] [uav5.mavros_router]: Requested to add endpoint: type: 2, url: /uas5
[INFO] [1790600301.720552543] [uav5.mavros_router]: Endpoint link[1001] created
[INFO] [1790600301.728567441] [uav5.mavros_router]: link[1000] detected remote address 5.1
[INFO] [1790600301.734306725] [uav5.mavros]: Plugin actuator_control ignored
[INFO] [1790600301.740902061] [uav5.mavros]: Plugin altitude ignored
[INFO] [1790600301.740597589] [uav5.mavros_router]: link[1001] opened successfully
[INFO] [1790600301.734327376] [uav5.mavros]: UAS Executor started, threads: 4
[INFO] [1790600301.951146968] [uav5.mavros]: Plugin command created
[INFO] [1790600301.951212054] [uav5.mavros]: Plugin command initialized
[INFO] [1790600301.951222260] [uav5.mavros]: Plugin ftp ignored
[INFO] [1790600301.951227608] [uav5.mavros]: Plugin geofence ignored
[INFO] [1790600302.174464031] [uav5.mavros]: Plugin global_position created
[INFO] [1790600302.174514111] [uav5.mavros]: Plugin global_position initialized
[INFO] [1790600302.174521818] [uav5.mavros]: Plugin home_position ignored
[INFO] [1790600302.174526812] [uav5.mavros]: Plugin imu ignored
[INFO] [1790600302.361630467] [uav5.mavros]: Plugin local_position created
[INFO] [1790600302.361683627] [uav5.mavros]: Plugin local_position initialized
[INFO] [1790600302.362318182] [uav5.mavros]: Plugin manual_control ignored
[INFO] [1790600302.362325516] [uav5.mavros]: Plugin nav_controller_output ignored
[INFO] [1790600302.362330574] [uav5.mavros]: Plugin param ignored
[INFO] [1790600302.362336362] [uav5.mavros]: Plugin rallypoint ignored
[INFO] [1790600302.362341996] [uav5.mavros]: Plugin rc_io ignored
[INFO] [1790600302.362347840] [uav5.mavros]: Plugin setpoint_accel ignored
[INFO] [1790600302.362353408] [uav5.mavros]: Plugin setpoint_attitude ignored
[INFO] [1790600302.362359059] [uav5.mavros]: Plugin setpoint_position ignored
[INFO] [1790600302.362365056] [uav5.mavros]: Plugin setpoint_raw ignored
[INFO] [1790600302.362370493] [uav5.mavros]: Plugin setpoint_trajectory ignored
[INFO] [1790600302.537716913] [uav5.mavros]: Plugin setpoint_velocity created
[INFO] [1790600302.537775218] [uav5.mavros]: Plugin setpoint_velocity initialized
[INFO] [1790600302.808681358] [uav5.mavros]: Plugin sys_status created
[INFO] [1790600302.808761155] [uav5.mavros]: Plugin sys_status initialized
[INFO] [1790600303.076482255] [uav5.mavros.time]: TM: Timesync mode: MAVLINK
[INFO] [1790600303.159941102] [uav5.mavros]: Plugin sys_time created
[INFO] [1790600303.160000058] [uav5.mavros]: Plugin sys_time initialized
[INFO] [1790600303.160009009] [uav5.mavros]: Plugin waypoint ignored
[INFO] [1790600303.160014246] [uav5.mavros]: Plugin wind_estimation ignored
[INFO] [1790600303.203615527] [uav5.mavros]: Built-in SIMD instructions: SSE, SSE2
[INFO] [1790600303.203660600] [uav5.mavros]: Built-in MAVLink package version: 2026.8.8
[INFO] [1790600303.203689121] [uav5.mavros]: Known MAVLink dialects: common ardupilotmega ASLUAV AVSSUAS all csAirLink cubepilot development icarous loweheiser marsh paparazzi standard stemstudios storm32 uAvionix ualberta
[INFO] [1790600303.203695818] [uav5.mavros]: MAVROS UAS via /uas5 started. MY ID 5.191, TARGET ID 5.1
[INFO] [1790600303.217944136] [uav5.mavros_router]: link[1001] detected remote address 5.191
[INFO] [1790600303.835009942] [uav5.mavros.sys]: VER: 5.1: Capabilities         0x000000000000e8ff
[INFO] [1790600303.835060544] [uav5.mavros.sys]: VER: 5.1: Flight software:     011200c0 (fca3df865a000000)
[INFO] [1790600303.835068350] [uav5.mavros.sys]: VER: 5.1: Middleware software: 011200c0 (fca3df865a000000)
[INFO] [1790600303.835073788] [uav5.mavros.sys]: VER: 5.1: OS software:         070000ff (17040b9f87cb1791)
[INFO] [1790600303.835078866] [uav5.mavros.sys]: VER: 5.1: Board hardware:      00000001
[INFO] [1790600303.835084080] [uav5.mavros.sys]: VER: 5.1: VID/PID:             0000:0000
[INFO] [1790600303.835089219] [uav5.mavros.sys]: VER: 5.1: UID:                 4954414c44494e53
[WARN] [1790600303.838062844] [uav5.mavros.cmd]: CMD: Unexpected command 512, result 0
[INFO] [1790600303.975683926] [uav5.mavros]: CON: Got HEARTBEAT, connected. FCU: PX4 Autopilot
[INFO] [1790600305.093774158] [uav5.mavros.sys]: VER: 5.1: Capabilities         0x000000000000e8ff
[INFO] [1790600305.093821439] [uav5.mavros.sys]: VER: 5.1: Flight software:     011200c0 (fca3df865a000000)
[INFO] [1790600305.093828938] [uav5.mavros.sys]: VER: 5.1: Middleware software: 011200c0 (fca3df865a000000)
[INFO] [1790600305.093834331] [uav5.mavros.sys]: VER: 5.1: OS software:         070000ff (17040b9f87cb1791)
[INFO] [1790600305.093838941] [uav5.mavros.sys]: VER: 5.1: Board hardware:      00000001
[INFO] [1790600305.093843763] [uav5.mavros.sys]: VER: 5.1: VID/PID:             0000:0000
[INFO] [1790600305.093848706] [uav5.mavros.sys]: VER: 5.1: UID:                 4954414c44494e53
[WARN] [1790600312.995956398] [uav5.mavros.sys]: FCU: UNK(8): EVENT 11047904 with args -0-0-0-0-0-128-0-0-0-176-122-127-128-176-122-127-128-0-0-0-0-0-0-0-0-0-0-0-0-0-0-0-0-0-0-0-0-0-0-0-
[INFO] [1790600312.996074503] [uav5.mavros.sys]: FCU: EVENT 377561 with args -8-0-0-0-20-0-0-0-0-0-0-0-0-0-0-0-0-0-0-0-0-0-0-0-0-0-0-0-0-0-0-0-0-0-0-0-0-0-0-0-
[WARN] [1790600312.996114817] [uav5.mavros.sys]: FCU: EVENT 453929 with args -255-255-255-255-7-0-0-0-0-0-0-0-0-0-0-0-0-0-0-0-0-0-0-0-0-0-0-0-0-0-0-0-0-0-0-0-0-0-0-0-
[INFO] [1790600312.996155333] [uav5.mavros.sys]: FCU: EVENT 6801787 with args -255-255-255-255-12-0-0-0-0-0-0-0-0-0-0-0-0-0-0-0-0-0-0-0-0-0-0-0-0-0-0-0-0-0-0-0-0-0-0-0-
[WARN] [1790600312.996191129] [uav5.mavros.sys]: FCU: UNK(8): EVENT 1914663 with args -0-10-13-2-56-0-0-0-0-0-0-0-0-0-0-0-0-0-0-0-0-0-0-0-0-0-0-0-0-0-0-0-0-0-0-0-0-0-0-0-
[WARN] [1790600318.354780857] [uav5.mavros.cmd]: CMD: Unexpected command 176, result 0
[INFO] [1790600318.562722382] [uav5.mavros.sys]: FCU: EVENT 9489139 with args -4-0-0-0-0-0-0-0-0-0-0-0-0-0-0-0-0-0-0-0-0-0-0-0-0-0-0-0-0-0-0-0-0-0-0-0-0-0-0-0-
[INFO] [1790600320.575615240] [uav5.mavros.sys]: FCU: EVENT 4277609 with args -0-0-0-0-0-0-0-0-0-0-0-0-0-0-0-0-0-0-0-0-0-0-0-0-0-0-0-0-0-0-0-0-0-0-0-0-0-0-0-0-
[WARN] [1790600568.992961199] [uav5.mavros.cmd]: CMD: Unexpected command 176, result 0
[INFO] [1790600602.751231530] [uav5.mavros.sys]: FCU: EVENT 9844908 with args -0-0-0-0-0-0-0-0-0-0-0-0-0-0-0-0-0-0-0-0-0-0-0-0-0-0-0-0-0-0-0-0-0-0-0-0-0-0-0-0-
[INFO] [1790600604.846014661] [uav5.mavros.sys]: FCU: EVENT 16017271 with args -6-0-0-0-0-0-0-0-0-0-0-0-0-0-0-0-0-0-0-0-0-0-0-0-0-0-0-0-0-0-0-0-0-0-0-0-0-0-0-0-
[WARN] [1790600608.737323017] [uav5.mavros.sys]: FCU: UNK(8): EVENT 11047904 with args -0-0-0-0-0-128-0-0-0-176-122-127-128-176-122-127-128-0-0-0-0-0-0-0-0-0-0-0-0-0-0-0-0-0-0-0-0-0-0-0-
[INFO] [1790600608.737409865] [uav5.mavros.sys]: FCU: EVENT 377561 with args -8-0-0-0-20-0-0-0-0-0-0-0-0-0-0-0-0-0-0-0-0-0-0-0-0-0-0-0-0-0-0-0-0-0-0-0-0-0-0-0-
[WARN] [1790600608.737471629] [uav5.mavros.sys]: FCU: EVENT 453929 with args -255-255-255-255-7-0-0-0-0-0-0-0-0-0-0-0-0-0-0-0-0-0-0-0-0-0-0-0-0-0-0-0-0-0-0-0-0-0-0-0-
[INFO] [1790600608.737593879] [uav5.mavros.sys]: FCU: EVENT 6801787 with args -255-255-255-255-12-0-0-0-0-0-0-0-0-0-0-0-0-0-0-0-0-0-0-0-0-0-0-0-0-0-0-0-0-0-0-0-0-0-0-0-
[WARN] [1790600608.737626360] [uav5.mavros.sys]: FCU: UNK(8): EVENT 1914663 with args -0-10-9-2-56-0-0-0-0-0-0-0-0-0-0-0-0-0-0-0-0-0-0-0-0-0-0-0-0-0-0-0-0-0-0-0-0-0-0-0-
[INFO] [1790600609.794611485] [rclcpp]: signal_handler(SIGINT/SIGTERM)
[WARN] [1790600609.795384096] [uav5.mavros]: UAS Executor terminated
