[INFO] [1790600301.548227101] [uav7.mavros_node]: Starting mavros_node container
[INFO] [1790600301.548323531] [uav7.mavros_node]: FCU URL: udp://:14546@127.0.0.1:14586
[INFO] [1790600301.548332110] [uav7.mavros_node]: GCS URL: 
[INFO] [1790600301.548337435] [uav7.mavros_node]: UAS Prefix: /uas7
[INFO] [1790600301.548342470] [uav7.mavros_node]: Starting mavros router node
[INFO] [1790600301.638324182] [uav7.mavros_router]: Built-in SIMD instructions: SSE, SSE2
[INFO] [1790600301.638362997] [uav7.mavros_router]: Built-in MAVLink package version: 2026.8.8
[INFO] [1790600301.638372189] [uav7.mavros_router]: Known MAVLink dialects: common ardupilotmega ASLUAV AVSSUAS all csAirLink cubepilot development icarous loweheiser marsh paparazzi standard stemstudios storm32 uAvionix ualberta
[INFO] [1790600301.638377882] [uav7.mavros_router]: MAVROS Router started
[INFO] [1790600301.638511990] [uav7.mavros_node]: Starting mavros uas node
[INFO] [1790600301.810772470] [uav7.mavros_router]: Requested to add endpoint: type: 0, url: udp://:14546@127.0.0.1:14586
[INFO] [1790600301.812229141] [uav7.mavros_router]: Endpoint link[1000] created
[INFO] [1790600301.813410778] [uav7.mavros_router]: link[1000] opened successfully
[INFO] [1790600301.813454857] [uav7.mavros_router]: Requested to add endpoint: type: 2, url: /uas7
[INFO] [1790600301.813474157] [uav7.mavros_router]: Endpoint link[1001] created
[INFO] [1790600301.819342134] [uav7.mavros_router]: link[1000] detected remote address 7.1
[INFO] [1790600301.823179783] [uav7.mavros]: Plugin actuator_control ignored
[INFO] [1790600301.823300549] [uav7.mavros]: Plugin altitude ignored
[INFO] [1790600301.823243741] [uav7.mavros]: UAS Executor started, threads: 4
[INFO] [1790600301.825230794] [uav7.mavros_router]: link[1001] opened successfully
[INFO] [1790600301.962931810] [uav7.mavros]: Plugin command created
[INFO] [1790600301.962984420] [uav7.mavros]: Plugin command initialized
[INFO] [1790600301.962993043] [uav7.mavros]: Plugin ftp ignored
[INFO] [1790600301.962998263] [uav7.mavros]: Plugin geofence ignored
[INFO] [1790600302.232812864] [uav7.mavros]: Plugin global_position created
[INFO] [1790600302.232874061] [uav7.mavros]: Plugin global_position initialized
[INFO] [1790600302.232883203] [uav7.mavros]: Plugin home_position ignored
[INFO] [1790600302.232889709] [uav7.mavros]: Plugin imu ignored
[INFO] [1790600302.400280933] [uav7.mavros]: Plugin local_position created
[INFO] [1790600302.400332004] [uav7.mavros]: Plugin local_position initialized
[INFO] [1790600302.400341315] [uav7.mavros]: Plugin manual_control ignored
[INFO] [1790600302.400346218] [uav7.mavros]: Plugin nav_controller_output ignored
[INFO] [1790600302.400351294] [uav7.mavros]: Plugin param ignored
[INFO] [1790600302.400356375] [uav7.mavros]: Plugin rallypoint ignored
[INFO] [1790600302.400361085] [uav7.mavros]: Plugin rc_io ignored
[INFO] [1790600302.400366297] [uav7.mavros]: Plugin setpoint_accel ignored
[INFO] [1790600302.400371137] [uav7.mavros]: Plugin setpoint_attitude ignored
[INFO] [1790600302.400376234] [uav7.mavros]: Plugin setpoint_position ignored
[INFO] [1790600302.400381121] [uav7.mavros]: Plugin setpoint_raw ignored
[INFO] [1790600302.400386200] [uav7.mavros]: Plugin setpoint_trajectory ignored
[INFO] [1790600302.534002897] [uav7.mavros]: Plugin setpoint_velocity created
[INFO] [1790600302.534062159] [uav7.mavros]: Plugin setpoint_velocity initialized
[INFO] [1790600302.839332435] [uav7.mavros]: Plugin sys_status created
[INFO] [1790600302.839411030] [uav7.mavros]: Plugin sys_status initialized
[INFO] [1790600303.064285103] [uav7.mavros.time]: TM: Timesync mode: MAVLINK
[INFO] [1790600303.105924627] [uav7.mavros]: Plugin sys_time created
[INFO] [1790600303.105994048] [uav7.mavros]: Plugin sys_time initialized
[INFO] [1790600303.106002357] [uav7.mavros]: Plugin waypoint ignored
[INFO] [1790600303.106006884] [uav7.mavros]: Plugin wind_estimation ignored
[INFO] [1790600303.120014510] [uav7.mavros]: Built-in SIMD instructions: SSE, SSE2
[INFO] [1790600303.120057485] [uav7.mavros]: Built-in MAVLink package version: 2026.8.8
[INFO] [1790600303.120571772] [uav7.mavros]: Known MAVLink dialects: common ardupilotmega ASLUAV AVSSUAS all csAirLink cubepilot development icarous loweheiser marsh paparazzi standard stemstudios storm32 uAvionix ualberta
[INFO] [1790600303.120579936] [uav7.mavros]: MAVROS UAS via /uas7 started. MY ID 7.191, TARGET ID 7.1
[INFO] [1790600303.209767513] [uav7.mavros_router]: link[1001] detected remote address 7.191
[INFO] [1790600303.869286243] [uav7.mavros.sys]: VER: 7.1: Capabilities         0x000000000000e8ff
[INFO] [1790600303.869327629] [uav7.mavros.sys]: VER: 7.1: Flight software:     011200c0 (fca3df865a000000)
[INFO] [1790600303.869336031] [uav7.mavros.sys]: VER: 7.1: Middleware software: 011200c0 (fca3df865a000000)
[INFO] [1790600303.869341449] [uav7.mavros.sys]: VER: 7.1: OS software:         070000ff (17040b9f87cb1791)
[INFO] [1790600303.869346709] [uav7.mavros.sys]: VER: 7.1: Board hardware:      00000001
[INFO] [1790600303.869352619] [uav7.mavros.sys]: VER: 7.1: VID/PID:             0000:0000
[INFO] [1790600303.869358264] [uav7.mavros.sys]: VER: 7.1: UID:                 4954414c44494e55
[WARN] [1790600303.869449646] [uav7.mavros.cmd]: CMD: Unexpected command 512, result 0
[INFO] [1790600303.958408820] [uav7.mavros]: CON: Got HEARTBEAT, connected. FCU: PX4 Autopilot
[WARN] [1790600304.009288257] [uav7.mavros.sys]: FCU: UNK(8): EVENT 11047904 with args -0-0-0-16-0-128-0-0-0-176-58-127-128-176-58-127-128-0-0-0-0-0-0-0-0-0-0-0-0-0-0-0-0-0-0-0-0-0-0-0-
[ERROR] [1790600304.009399176] [uav7.mavros.sys]: FCU: EVENT 11464574 with args -0-64-0-0-20-0-0-0-0-0-0-0-0-0-0-0-0-0-0-0-0-0-0-0-0-0-0-0-0-0-0-0-0-0-0-0-0-0-0-0-
[INFO] [1790600304.009460710] [uav7.mavros.sys]: FCU: EVENT 377561 with args -8-0-0-0-20-0-0-0-0-0-0-0-0-0-0-0-0-0-0-0-0-0-0-0-0-0-0-0-0-0-0-0-0-0-0-0-0-0-0-0-
[WARN] [1790600304.009497795] [uav7.mavros.sys]: FCU: EVENT 453929 with args -255-255-255-255-7-0-0-0-0-0-0-0-0-0-0-0-0-0-0-0-0-0-0-0-0-0-0-0-0-0-0-0-0-0-0-0-0-0-0-0-
[INFO] [1790600304.009532699] [uav7.mavros.sys]: FCU: EVENT 6801787 with args -255-255-255-255-12-0-0-0-0-0-0-0-0-0-0-0-0-0-0-0-0-0-0-0-0-0-0-0-0-0-0-0-0-0-0-0-0-0-0-0-
[WARN] [1790600304.009570747] [uav7.mavros.sys]: FCU: UNK(8): EVENT 1914663 with args -0-10-13-2-56-0-0-0-0-0-0-0-0-0-0-0-0-0-0-0-0-0-0-0-0-0-0-0-0-0-0-0-0-0-0-0-0-0-0-0-
[INFO] [1790600305.009231298] [uav7.mavros.sys]: VER: 7.1: Capabilities         0x000000000000e8ff
[INFO] [1790600305.009267479] [uav7.mavros.sys]: VER: 7.1: Flight software:     011200c0 (fca3df865a000000)
[INFO] [1790600305.009275396] [uav7.mavros.sys]: VER: 7.1: Middleware software: 011200c0 (fca3df865a000000)
[INFO] [1790600305.009280717] [uav7.mavros.sys]: VER: 7.1: OS software:         070000ff (17040b9f87cb1791)
[INFO] [1790600305.009285938] [uav7.mavros.sys]: VER: 7.1: Board hardware:      00000001
[INFO] [1790600305.009293535] [uav7.mavros.sys]: VER: 7.1: VID/PID:             0000:0000
[INFO] [1790600305.009298893] [uav7.mavros.sys]: VER: 7.1: UID:                 4954414c44494e55
[WARN] [1790600305.025322977] [uav7.mavros.sys]: VER: broadcast request timeout, retries left 4
[WARN] [1790600312.942874083] [uav7.mavros.sys]: FCU: UNK(8): EVENT 11047904 with args -0-0-0-0-0-128-0-0-0-176-122-127-128-176-122-127-128-0-0-0-0-0-0-0-0-0-0-0-0-0-0-0-0-0-0-0-0-0-0-0-
[INFO] [1790600312.942992394] [uav7.mavros.sys]: FCU: EVENT 377561 with args -8-0-0-0-20-0-0-0-0-0-0-0-0-0-0-0-0-0-0-0-0-0-0-0-0-0-0-0-0-0-0-0-0-0-0-0-0-0-0-0-
[WARN] [1790600312.943032293] [uav7.mavros.sys]: FCU: EVENT 453929 with args -255-255-255-255-7-0-0-0-0-0-0-0-0-0-0-0-0-0-0-0-0-0-0-0-0-0-0-0-0-0-0-0-0-0-0-0-0-0-0-0-
[INFO] [1790600312.943067324] [uav7.mavros.sys]: FCU: EVENT 6801787 with args -255-255-255-255-12-0-0-0-0-0-0-0-0-0-0-0-0-0-0-0-0-0-0-0-0-0-0-0-0-0-0-0-0-0-0-0-0-0-0-0-
[WARN] [1790600312.943106148] [uav7.mavros.sys]: FCU: UNK(8): EVENT 1914663 with args -0-10-13-2-56-0-0-0-0-0-0-0-0-0-0-0-0-0-0-0-0-0-0-0-0-0-0-0-0-0-0-0-0-0-0-0-0-0-0-0-
[WARN] [1790600318.381112535] [uav7.mavros.cmd]: CMD: Unexpected command 176, result 0
[INFO] [1790600319.469728192] [uav7.mavros.sys]: FCU: EVENT 9489139 with args -4-0-0-0-0-0-0-0-0-0-0-0-0-0-0-0-0-0-0-0-0-0-0-0-0-0-0-0-0-0-0-0-0-0-0-0-0-0-0-0-
[INFO] [1790600321.383498178] [uav7.mavros.sys]: FCU: EVENT 4277609 with args -0-0-0-0-0-0-0-0-0-0-0-0-0-0-0-0-0-0-0-0-0-0-0-0-0-0-0-0-0-0-0-0-0-0-0-0-0-0-0-0-
[WARN] [1790600569.008474739] [uav7.mavros.cmd]: CMD: Unexpected command 176, result 0
[INFO] [1790600599.801530936] [uav7.mavros.sys]: FCU: EVENT 9844908 with args -0-0-0-0-0-0-0-0-0-0-0-0-0-0-0-0-0-0-0-0-0-0-0-0-0-0-0-0-0-0-0-0-0-0-0-0-0-0-0-0-
[INFO] [1790600601.911890095] [uav7.mavros.sys]: FCU: EVENT 16017271 with args -6-0-0-0-0-0-0-0-0-0-0-0-0-0-0-0-0-0-0-0-0-0-0-0-0-0-0-0-0-0-0-0-0-0-0-0-0-0-0-0-
[WARN] [1790600605.486901562] [uav7.mavros.sys]: FCU: UNK(8): EVENT 11047904 with args -0-0-0-0-0-128-0-0-0-176-122-127-128-176-122-127-128-0-0-0-0-0-0-0-0-0-0-0-0-0-0-0-0-0-0-0-0-0-0-0-
[INFO] [1790600605.487028604] [uav7.mavros.sys]: FCU: EVENT 377561 with args -8-0-0-0-20-0-0-0-0-0-0-0-0-0-0-0-0-0-0-0-0-0-0-0-0-0-0-0-0-0-0-0-0-0-0-0-0-0-0-0-
[WARN] [1790600605.487062406] [uav7.mavros.sys]: FCU: EVENT 453929 with args -255-255-255-255-7-0-0-0-0-0-0-0-0-0-0-0-0-0-0-0-0-0-0-0-0-0-0-0-0-0-0-0-0-0-0-0-0-0-0-0-
[INFO] [1790600605.487090468] [uav7.mavros.sys]: FCU: EVENT 6801787 with args -255-255-255-255-12-0-0-0-0-0-0-0-0-0-0-0-0-0-0-0-0-0-0-0-0-0-0-0-0-0-0-0-0-0-0-0-0-0-0-0-
[WARN] [1790600605.487115294] [uav7.mavros.sys]: FCU: UNK(8): EVENT 1914663 with args -0-10-9-2-56-0-0-0-0-0-0-0-0-0-0-0-0-0-0-0-0-0-0-0-0-0-0-0-0-0-0-0-0-0-0-0-0-0-0-0-
[INFO] [1790600609.804012176] [rclcpp]: signal_handler(SIGINT/SIGTERM)
[WARN] [1790600609.807789008] [uav7.mavros]: UAS Executor terminated
