[INFO] [1790600301.561420071] [uav4.mavros_node]: Starting mavros_node container
[INFO] [1790600301.562113436] [uav4.mavros_node]: FCU URL: udp://:14543@127.0.0.1:14583
[INFO] [1790600301.562133958] [uav4.mavros_node]: GCS URL: 
[INFO] [1790600301.562139586] [uav4.mavros_node]: UAS Prefix: /uas4
[INFO] [1790600301.562144546] [uav4.mavros_node]: Starting mavros router node
[INFO] [1790600301.656476559] [uav4.mavros_router]: Built-in SIMD instructions: SSE, SSE2
[INFO] [1790600301.656514854] [uav4.mavros_router]: Built-in MAVLink package version: 2026.8.8
[INFO] [1790600301.656522956] [uav4.mavros_router]: Known MAVLink dialects: common ardupilotmega ASLUAV AVSSUAS all csAirLink cubepilot development icarous loweheiser marsh paparazzi standard stemstudios storm32 uAvionix ualberta
[INFO] [1790600301.656528852] [uav4.mavros_router]: MAVROS Router started
[INFO] [1790600301.656701382] [uav4.mavros_node]: Starting mavros uas node
[INFO] [1790600301.853094891] [uav4.mavros_router]: Requested to add endpoint: type: 0, url: udp://:14543@127.0.0.1:14583
[INFO] [1790600301.853156342] [uav4.mavros_router]: Endpoint link[1000] created
[INFO] [1790600301.853401138] [uav4.mavros_router]: link[1000] opened successfully
[INFO] [1790600301.853422328] [uav4.mavros_router]: Requested to add endpoint: type: 2, url: /uas4
[INFO] [1790600301.853435457] [uav4.mavros_router]: Endpoint link[1001] created
[INFO] [1790600301.859625435] [uav4.mavros_router]: link[1000] detected remote address 4.1
[INFO] [1790600301.887917061] [uav4.mavros]: UAS Executor started, threads: 4
[INFO] [1790600301.887927320] [uav4.mavros]: Plugin actuator_control ignored
[INFO] [1790600301.890748387] [uav4.mavros]: Plugin altitude ignored
[INFO] [1790600301.893577736] [uav4.mavros_router]: link[1001] opened successfully
[INFO] [1790600302.115893008] [uav4.mavros]: Plugin command created
[INFO] [1790600302.115948483] [uav4.mavros]: Plugin command initialized
[INFO] [1790600302.115957911] [uav4.mavros]: Plugin ftp ignored
[INFO] [1790600302.115963910] [uav4.mavros]: Plugin geofence ignored
[INFO] [1790600302.401080143] [uav4.mavros]: Plugin global_position created
[INFO] [1790600302.401145493] [uav4.mavros]: Plugin global_position initialized
[INFO] [1790600302.401154618] [uav4.mavros]: Plugin home_position ignored
[INFO] [1790600302.401159939] [uav4.mavros]: Plugin imu ignored
[INFO] [1790600302.695914049] [uav4.mavros]: Plugin local_position created
[INFO] [1790600302.695964458] [uav4.mavros]: Plugin local_position initialized
[INFO] [1790600302.695973207] [uav4.mavros]: Plugin manual_control ignored
[INFO] [1790600302.695979097] [uav4.mavros]: Plugin nav_controller_output ignored
[INFO] [1790600302.695984638] [uav4.mavros]: Plugin param ignored
[INFO] [1790600302.695990072] [uav4.mavros]: Plugin rallypoint ignored
[INFO] [1790600302.695995277] [uav4.mavros]: Plugin rc_io ignored
[INFO] [1790600302.696000437] [uav4.mavros]: Plugin setpoint_accel ignored
[INFO] [1790600302.696005474] [uav4.mavros]: Plugin setpoint_attitude ignored
[INFO] [1790600302.696010579] [uav4.mavros]: Plugin setpoint_position ignored
[INFO] [1790600302.696015559] [uav4.mavros]: Plugin setpoint_raw ignored
[INFO] [1790600302.696020848] [uav4.mavros]: Plugin setpoint_trajectory ignored
[INFO] [1790600302.903039273] [uav4.mavros]: Plugin setpoint_velocity created
[INFO] [1790600302.903239387] [uav4.mavros]: Plugin setpoint_velocity initialized
[INFO] [1790600303.173005488] [uav4.mavros]: Plugin sys_status created
[INFO] [1790600303.173086976] [uav4.mavros]: Plugin sys_status initialized
[INFO] [1790600303.335455714] [uav4.mavros.time]: TM: Timesync mode: MAVLINK
[INFO] [1790600303.356004411] [uav4.mavros]: Plugin sys_time created
[INFO] [1790600303.356068001] [uav4.mavros]: Plugin sys_time initialized
[INFO] [1790600303.356077105] [uav4.mavros]: Plugin waypoint ignored
[INFO] [1790600303.356081760] [uav4.mavros]: Plugin wind_estimation ignored
[INFO] [1790600303.368254382] [uav4.mavros]: Built-in SIMD instructions: SSE, SSE2
[INFO] [1790600303.368296267] [uav4.mavros]: Built-in MAVLink package version: 2026.8.8
[INFO] [1790600303.368326494] [uav4.mavros]: Known MAVLink dialects: common ardupilotmega ASLUAV AVSSUAS all csAirLink cubepilot development icarous loweheiser marsh paparazzi standard stemstudios storm32 uAvionix ualberta
[INFO] [1790600303.368333336] [uav4.mavros]: MAVROS UAS via /uas4 started. MY ID 4.191, TARGET ID 4.1
[INFO] [1790600303.454353150] [uav4.mavros_router]: link[1001] detected remote address 4.191
[INFO] [1790600303.987744936] [uav4.mavros]: CON: Got HEARTBEAT, connected. FCU: PX4 Autopilot
[INFO] [1790600305.109063273] [uav4.mavros.sys]: VER: 4.1: Capabilities         0x000000000000e8ff
[INFO] [1790600305.109124045] [uav4.mavros.sys]: VER: 4.1: Flight software:     011200c0 (fca3df865a000000)
[INFO] [1790600305.109131595] [uav4.mavros.sys]: VER: 4.1: Middleware software: 011200c0 (fca3df865a000000)
[INFO] [1790600305.109136911] [uav4.mavros.sys]: VER: 4.1: OS software:         070000ff (17040b9f87cb1791)
[INFO] [1790600305.109142187] [uav4.mavros.sys]: VER: 4.1: Board hardware:      00000001
[INFO] [1790600305.109147585] [uav4.mavros.sys]: VER: 4.1: VID/PID:             0000:0000
[INFO] [1790600305.109152612] [uav4.mavros.sys]: VER: 4.1: UID:                 4954414c44494e52
[WARN] [1790600305.109195931] [uav4.mavros.cmd]: CMD: Unexpected command 512, result 0
[WARN] [1790600313.043436746] [uav4.mavros.sys]: FCU: UNK(8): EVENT 11047904 with args -0-0-0-0-0-128-0-0-0-176-122-127-128-176-122-127-128-0-0-0-0-0-0-0-0-0-0-0-0-0-0-0-0-0-0-0-0-0-0-0-
[INFO] [1790600313.046227062] [uav4.mavros.sys]: FCU: EVENT 377561 with args -8-0-0-0-20-0-0-0-0-0-0-0-0-0-0-0-0-0-0-0-0-0-0-0-0-0-0-0-0-0-0-0-0-0-0-0-0-0-0-0-
[WARN] [1790600313.046288761] [uav4.mavros.sys]: FCU: EVENT 453929 with args -255-255-255-255-7-0-0-0-0-0-0-0-0-0-0-0-0-0-0-0-0-0-0-0-0-0-0-0-0-0-0-0-0-0-0-0-0-0-0-0-
[INFO] [1790600313.048539318] [uav4.mavros.sys]: FCU: EVENT 6801787 with args -255-255-255-255-12-0-0-0-0-0-0-0-0-0-0-0-0-0-0-0-0-0-0-0-0-0-0-0-0-0-0-0-0-0-0-0-0-0-0-0-
[WARN] [1790600313.048596242] [uav4.mavros.sys]: FCU: UNK(8): EVENT 1914663 with args -0-10-13-2-56-0-0-0-0-0-0-0-0-0-0-0-0-0-0-0-0-0-0-0-0-0-0-0-0-0-0-0-0-0-0-0-0-0-0-0-
[WARN] [1790600318.375904698] [uav4.mavros.cmd]: CMD: Unexpected command 176, result 0
[INFO] [1790600318.659069881] [uav4.mavros.sys]: FCU: EVENT 9489139 with args -4-0-0-0-0-0-0-0-0-0-0-0-0-0-0-0-0-0-0-0-0-0-0-0-0-0-0-0-0-0-0-0-0-0-0-0-0-0-0-0-
[INFO] [1790600320.574448948] [uav4.mavros.sys]: FCU: EVENT 4277609 with args -0-0-0-0-0-0-0-0-0-0-0-0-0-0-0-0-0-0-0-0-0-0-0-0-0-0-0-0-0-0-0-0-0-0-0-0-0-0-0-0-
[WARN] [1790600569.005262236] [uav4.mavros.cmd]: CMD: Unexpected command 176, result 0
[INFO] [1790600598.976985586] [uav4.mavros.sys]: FCU: EVENT 9844908 with args -0-0-0-0-0-0-0-0-0-0-0-0-0-0-0-0-0-0-0-0-0-0-0-0-0-0-0-0-0-0-0-0-0-0-0-0-0-0-0-0-
[INFO] [1790600601.078270009] [uav4.mavros.sys]: FCU: EVENT 16017271 with args -6-0-0-0-0-0-0-0-0-0-0-0-0-0-0-0-0-0-0-0-0-0-0-0-0-0-0-0-0-0-0-0-0-0-0-0-0-0-0-0-
[WARN] [1790600604.817435698] [uav4.mavros.sys]: FCU: UNK(8): EVENT 11047904 with args -0-0-0-0-0-128-0-0-0-176-122-127-128-176-122-127-128-0-0-0-0-0-0-0-0-0-0-0-0-0-0-0-0-0-0-0-0-0-0-0-
[INFO] [1790600604.817615471] [uav4.mavros.sys]: FCU: EVENT 377561 with args -8-0-0-0-20-0-0-0-0-0-0-0-0-0-0-0-0-0-0-0-0-0-0-0-0-0-0-0-0-0-0-0-0-0-0-0-0-0-0-0-
[WARN] [1790600604.817655824] [uav4.mavros.sys]: FCU: EVENT 453929 with args -255-255-255-255-7-0-0-0-0-0-0-0-0-0-0-0-0-0-0-0-0-0-0-0-0-0-0-0-0-0-0-0-0-0-0-0-0-0-0-0-
[INFO] [1790600604.817676295] [uav4.mavros.sys]: FCU: EVENT 6801787 with args -255-255-255-255-12-0-0-0-0-0-0-0-0-0-0-0-0-0-0-0-0-0-0-0-0-0-0-0-0-0-0-0-0-0-0-0-0-0-0-0-
[WARN] [1790600604.817743224] [uav4.mavros.sys]: FCU: UNK(8): EVENT 1914663 with args -0-10-9-2-56-0-0-0-0-0-0-0-0-0-0-0-0-0-0-0-0-0-0-0-0-0-0-0-0-0-0-0-0-0-0-0-0-0-0-0-
[INFO] [1790600609.794669800] [rclcpp]: signal_handler(SIGINT/SIGTERM)
[WARN] [1790600609.798395091] [uav4.mavros]: UAS Executor terminated
