[INFO] [1790402447.469851457] [uav3.mavros_node]: Starting mavros_node container
[INFO] [1790402447.472275912] [uav3.mavros_node]: FCU URL: udp://:14542@127.0.0.1:14582
[INFO] [1790402447.472310402] [uav3.mavros_node]: GCS URL: 
[INFO] [1790402447.472318598] [uav3.mavros_node]: UAS Prefix: /uas3
[INFO] [1790402447.472323691] [uav3.mavros_node]: Starting mavros router node
[INFO] [1790402447.506163943] [uav3.mavros_router]: Built-in SIMD instructions: SSE, SSE2
[INFO] [1790402447.506216183] [uav3.mavros_router]: Built-in MAVLink package version: 2026.8.8
[INFO] [1790402447.506260460] [uav3.mavros_router]: Known MAVLink dialects: common ardupilotmega ASLUAV AVSSUAS all csAirLink cubepilot development icarous loweheiser marsh paparazzi standard stemstudios storm32 uAvionix ualberta
[INFO] [1790402447.506273463] [uav3.mavros_router]: MAVROS Router started
[INFO] [1790402447.507378611] [uav3.mavros_node]: Starting mavros uas node
[INFO] [1790402447.644316013] [uav3.mavros_router]: Requested to add endpoint: type: 0, url: udp://:14542@127.0.0.1:14582
[INFO] [1790402447.647109198] [uav3.mavros_router]: Endpoint link[1000] created
[INFO] [1790402447.648195851] [uav3.mavros_router]: link[1000] opened successfully
[INFO] [1790402447.649298490] [uav3.mavros_router]: Requested to add endpoint: type: 2, url: /uas3
[INFO] [1790402447.650316264] [uav3.mavros_router]: Endpoint link[1001] created
[INFO] [1790402447.651195467] [uav3.mavros_router]: link[1000] detected remote address 3.1
[WARN] [1790402447.666842501] [uav3.mavros]: plugin_denylist pattern 'image_pub' does not match any declared plugin
[WARN] [1790402447.666886731] [uav3.mavros]: plugin_denylist pattern 'vibration' does not match any declared plugin
[WARN] [1790402447.666894346] [uav3.mavros]: plugin_denylist pattern 'distance_sensor' does not match any declared plugin
[WARN] [1790402447.666900440] [uav3.mavros]: plugin_denylist pattern 'rangefinder' does not match any declared plugin
[WARN] [1790402447.666909571] [uav3.mavros]: plugin_denylist pattern 'wheel_odometry' does not match any declared plugin
[INFO] [1790402447.667527438] [uav3.mavros]: UAS Executor started, threads: 4
[INFO] [1790402447.715508271] [uav3.mavros_router]: link[1001] opened successfully
[INFO] [1790402447.824036301] [uav3.mavros]: Plugin actuator_control created
[INFO] [1790402447.826327333] [uav3.mavros]: Plugin actuator_control initialized
[INFO] [1790402447.956594598] [uav3.mavros]: Plugin altitude created
[INFO] [1790402447.956660678] [uav3.mavros]: Plugin altitude initialized
[INFO] [1790402448.169820287] [uav3.mavros]: Plugin command created
[INFO] [1790402448.169882570] [uav3.mavros]: Plugin command initialized
[INFO] [1790402448.359420521] [uav3.mavros]: Plugin ftp created
[INFO] [1790402448.359478388] [uav3.mavros]: Plugin ftp initialized
[INFO] [1790402448.504948095] [uav3.mavros]: Plugin geofence created
[INFO] [1790402448.505015050] [uav3.mavros]: Plugin geofence initialized
[INFO] [1790402448.774614283] [uav3.mavros]: Plugin global_position created
[INFO] [1790402448.776656563] [uav3.mavros]: Plugin global_position initialized
[INFO] [1790402448.906202630] [uav3.mavros]: Plugin home_position created
[INFO] [1790402448.906267644] [uav3.mavros]: Plugin home_position initialized
[INFO] [1790402449.039907726] [uav3.mavros]: Plugin imu created
[INFO] [1790402449.046214840] [uav3.mavros]: Plugin imu initialized
[INFO] [1790402449.274803760] [uav3.mavros]: Plugin local_position created
[INFO] [1790402449.274873600] [uav3.mavros]: Plugin local_position initialized
[INFO] [1790402449.462188218] [uav3.mavros]: Plugin manual_control created
[INFO] [1790402449.462262356] [uav3.mavros]: Plugin manual_control initialized
[INFO] [1790402449.628296237] [uav3.mavros]: Plugin nav_controller_output created
[INFO] [1790402449.628777564] [uav3.mavros]: Plugin nav_controller_output initialized
[INFO] [1790402449.755829006] [uav3.mavros]: Plugin param created
[INFO] [1790402449.755901385] [uav3.mavros]: Plugin param initialized
[INFO] [1790402450.096631298] [uav3.mavros]: Plugin rallypoint created
[INFO] [1790402450.096697075] [uav3.mavros]: Plugin rallypoint initialized
[INFO] [1790402450.760539047] [uav3.mavros]: Plugin rc_io created
[INFO] [1790402450.760608582] [uav3.mavros]: Plugin rc_io initialized
[INFO] [1790402451.000999447] [uav3.mavros]: Plugin setpoint_accel created
[INFO] [1790402451.001058735] [uav3.mavros]: Plugin setpoint_accel initialized
[INFO] [1790402451.129541750] [uav3.mavros]: Plugin setpoint_attitude created
[INFO] [1790402451.129996582] [uav3.mavros]: Plugin setpoint_attitude initialized
[INFO] [1790402451.186538748] [uav3.mavros]: Plugin setpoint_position created
[INFO] [1790402451.186590959] [uav3.mavros]: Plugin setpoint_position initialized
[INFO] [1790402451.249174373] [uav3.mavros]: Plugin setpoint_raw created
[INFO] [1790402451.249256404] [uav3.mavros]: Plugin setpoint_raw initialized
[INFO] [1790402451.583588207] [uav3.mavros]: Plugin setpoint_trajectory created
[INFO] [1790402451.584414668] [uav3.mavros]: Plugin setpoint_trajectory initialized
[INFO] [1790402451.902549074] [uav3.mavros]: Plugin setpoint_velocity created
[INFO] [1790402451.902618045] [uav3.mavros]: Plugin setpoint_velocity initialized
[INFO] [1790402452.284138558] [uav3.mavros]: Plugin sys_status created
[INFO] [1790402452.284219271] [uav3.mavros]: Plugin sys_status initialized
[INFO] [1790402452.446015569] [uav3.mavros.time]: TM: Timesync mode: MAVLINK
[INFO] [1790402452.487709574] [uav3.mavros]: Plugin sys_time created
[INFO] [1790402452.487777586] [uav3.mavros]: Plugin sys_time initialized
[INFO] [1790402452.603335142] [uav3.mavros]: Plugin waypoint created
[INFO] [1790402452.603412337] [uav3.mavros]: Plugin waypoint initialized
[INFO] [1790402452.644672538] [uav3.mavros]: Plugin wind_estimation created
[INFO] [1790402452.644730323] [uav3.mavros]: Plugin wind_estimation initialized
[INFO] [1790402452.647627192] [uav3.mavros]: Built-in SIMD instructions: SSE, SSE2
[INFO] [1790402452.647672672] [uav3.mavros]: Built-in MAVLink package version: 2026.8.8
[INFO] [1790402452.647724950] [uav3.mavros]: Known MAVLink dialects: common ardupilotmega ASLUAV AVSSUAS all csAirLink cubepilot development icarous loweheiser marsh paparazzi standard stemstudios storm32 uAvionix ualberta
[INFO] [1790402452.647731981] [uav3.mavros]: MAVROS UAS via /uas3 started. MY ID 3.191, TARGET ID 3.1
[INFO] [1790402452.655344019] [uav3.mavros.imu]: IMU: High resolution IMU detected!
[INFO] [1790402452.662688545] [uav3.mavros.imu]: IMU: Attitude quaternion IMU detected!
[INFO] [1790402452.695317539] [uav3.mavros_router]: link[1001] detected remote address 3.191
[WARN] [1790402452.704184286] [uav3.mavros.sys]: FCU: UNK(8): EVENT 11047904 with args -0-0-0-0-0-128-0-0-0-176-122-127-128-176-122-127-128-0-0-0-0-0-0-0-0-0-0-0-0-0-0-0-0-0-0-0-0-0-0-0-
[INFO] [1790402452.704313469] [uav3.mavros.sys]: FCU: EVENT 377561 with args -8-0-0-0-20-0-0-0-0-0-0-0-0-0-0-0-0-0-0-0-0-0-0-0-0-0-0-0-0-0-0-0-0-0-0-0-0-0-0-0-
[WARN] [1790402452.704361139] [uav3.mavros.sys]: FCU: EVENT 453929 with args -255-255-255-255-7-0-0-0-0-0-0-0-0-0-0-0-0-0-0-0-0-0-0-0-0-0-0-0-0-0-0-0-0-0-0-0-0-0-0-0-
[INFO] [1790402452.704403086] [uav3.mavros.sys]: FCU: EVENT 6801787 with args -255-255-255-255-12-0-0-0-0-0-0-0-0-0-0-0-0-0-0-0-0-0-0-0-0-0-0-0-0-0-0-0-0-0-0-0-0-0-0-0-
[WARN] [1790402452.704440901] [uav3.mavros.sys]: FCU: UNK(8): EVENT 1914663 with args -0-10-13-2-56-0-0-0-0-0-0-0-0-0-0-0-0-0-0-0-0-0-0-0-0-0-0-0-0-0-0-0-0-0-0-0-0-0-0-0-
[INFO] [1790402453.304427056] [uav3.mavros.geofence]: GF: Using MISSION_ITEM_INT
[INFO] [1790402453.304503839] [uav3.mavros.rallypoint]: RP: Using MISSION_ITEM_INT
[INFO] [1790402453.304514902] [uav3.mavros.mission]: WP: Using MISSION_ITEM_INT
[INFO] [1790402453.304524030] [uav3.mavros.sys]: VER: 3.1: Capabilities         0x000000000000e8ff
[INFO] [1790402453.304533352] [uav3.mavros.sys]: VER: 3.1: Flight software:     011200c0 (fca3df865a000000)
[INFO] [1790402453.304539878] [uav3.mavros.sys]: VER: 3.1: Middleware software: 011200c0 (fca3df865a000000)
[INFO] [1790402453.304545880] [uav3.mavros.sys]: VER: 3.1: OS software:         070000ff (17040b9f87cb1791)
[INFO] [1790402453.304551840] [uav3.mavros.sys]: VER: 3.1: Board hardware:      00000001
[INFO] [1790402453.304568605] [uav3.mavros.sys]: VER: 3.1: VID/PID:             0000:0000
[INFO] [1790402453.304573914] [uav3.mavros.sys]: VER: 3.1: UID:                 4954414c44494e51
[WARN] [1790402453.306009886] [uav3.mavros.cmd]: CMD: Unexpected command 512, result 0
[INFO] [1790402453.398026353] [uav3.mavros]: CON: Got HEARTBEAT, connected. FCU: PX4 Autopilot
[INFO] [1790402453.398125029] [uav3.mavros.mission]: WP: detected enable_partial_push: 0
[INFO] [1790402453.398283187] [uav3.mavros.imu]: IMU: High resolution IMU detected!
[INFO] [1790402453.406807354] [uav3.mavros.imu]: IMU: Attitude quaternion IMU detected!
[INFO] [1790402454.424585619] [uav3.mavros.sys]: VER: 3.1: Capabilities         0x000000000000e8ff
[INFO] [1790402454.424657444] [uav3.mavros.sys]: VER: 3.1: Flight software:     011200c0 (fca3df865a000000)
[INFO] [1790402454.424666525] [uav3.mavros.sys]: VER: 3.1: Middleware software: 011200c0 (fca3df865a000000)
[INFO] [1790402454.424673079] [uav3.mavros.sys]: VER: 3.1: OS software:         070000ff (17040b9f87cb1791)
[INFO] [1790402454.424678973] [uav3.mavros.sys]: VER: 3.1: Board hardware:      00000001
[INFO] [1790402454.424684645] [uav3.mavros.sys]: VER: 3.1: VID/PID:             0000:0000
[INFO] [1790402454.424701057] [uav3.mavros.sys]: VER: 3.1: UID:                 4954414c44494e51
[INFO] [1790402457.511481560] [uav3.mavros.sys]: FCU: EVENT 9489139 with args -4-0-0-0-0-0-0-0-0-0-0-0-0-0-0-0-0-0-0-0-0-0-0-0-0-0-0-0-0-0-0-0-0-0-0-0-0-0-0-0-
[INFO] [1790402459.310586723] [uav3.mavros.sys]: FCU: EVENT 4277609 with args -0-0-0-0-0-0-0-0-0-0-0-0-0-0-0-0-0-0-0-0-0-0-0-0-0-0-0-0-0-0-0-0-0-0-0-0-0-0-0-0-
[WARN] [1790402467.930906205] [uav3.mavros.param]: PR: request param #188 timeout, retries left 2, and 550 params still missing
[INFO] [1790402468.418377289] [uav3.mavros.mission]: WP: mission received
[INFO] [1790402473.482196244] [uav3.mavros.rallypoint]: RP: mission received
[INFO] [1790402478.490643472] [uav3.mavros.geofence]: GF: mission received
[WARN] [1790402500.305423055] [uav3.mavros.cmd]: CMD: Unexpected command 176, result 0
[INFO] [1790402519.130446219] [uav3.mavros.sys]: FCU: EVENT 9844908 with args -0-0-0-0-0-0-0-0-0-0-0-0-0-0-0-0-0-0-0-0-0-0-0-0-0-0-0-0-0-0-0-0-0-0-0-0-0-0-0-0-
[INFO] [1790402521.260869845] [uav3.mavros.sys]: FCU: EVENT 16017271 with args -6-0-0-0-0-0-0-0-0-0-0-0-0-0-0-0-0-0-0-0-0-0-0-0-0-0-0-0-0-0-0-0-0-0-0-0-0-0-0-0-
[WARN] [1790402525.337016077] [uav3.mavros.sys]: FCU: UNK(8): EVENT 11047904 with args -0-0-0-0-0-128-0-0-0-176-122-127-128-176-122-127-128-0-0-0-0-0-0-0-0-0-0-0-0-0-0-0-0-0-0-0-0-0-0-0-
[INFO] [1790402525.337164030] [uav3.mavros.sys]: FCU: EVENT 377561 with args -8-0-0-0-20-0-0-0-0-0-0-0-0-0-0-0-0-0-0-0-0-0-0-0-0-0-0-0-0-0-0-0-0-0-0-0-0-0-0-0-
[WARN] [1790402525.337208172] [uav3.mavros.sys]: FCU: EVENT 453929 with args -255-255-255-255-7-0-0-0-0-0-0-0-0-0-0-0-0-0-0-0-0-0-0-0-0-0-0-0-0-0-0-0-0-0-0-0-0-0-0-0-
[INFO] [1790402525.337251698] [uav3.mavros.sys]: FCU: EVENT 6801787 with args -255-255-255-255-12-0-0-0-0-0-0-0-0-0-0-0-0-0-0-0-0-0-0-0-0-0-0-0-0-0-0-0-0-0-0-0-0-0-0-0-
[WARN] [1790402525.337291911] [uav3.mavros.sys]: FCU: UNK(8): EVENT 1914663 with args -0-10-9-2-56-0-0-0-0-0-0-0-0-0-0-0-0-0-0-0-0-0-0-0-0-0-0-0-0-0-0-0-0-0-0-0-0-0-0-0-
[INFO] [1790402527.377917454] [rclcpp]: signal_handler(SIGINT/SIGTERM)
[WARN] [1790402527.383428634] [uav3.mavros]: UAS Executor terminated
