[INFO] [1790594988.603815660] [uav7.mavros_node]: Starting mavros_node container
[INFO] [1790594988.603934616] [uav7.mavros_node]: FCU URL: udp://:14546@127.0.0.1:14586
[INFO] [1790594988.603944929] [uav7.mavros_node]: GCS URL: 
[INFO] [1790594988.603950485] [uav7.mavros_node]: UAS Prefix: /uas7
[INFO] [1790594988.603955978] [uav7.mavros_node]: Starting mavros router node
[INFO] [1790594988.816591257] [uav7.mavros_router]: Built-in SIMD instructions: SSE, SSE2
[INFO] [1790594988.816654725] [uav7.mavros_router]: Built-in MAVLink package version: 2026.8.8
[INFO] [1790594988.816664739] [uav7.mavros_router]: Known MAVLink dialects: common ardupilotmega ASLUAV AVSSUAS all csAirLink cubepilot development icarous loweheiser marsh paparazzi standard stemstudios storm32 uAvionix ualberta
[INFO] [1790594988.816672207] [uav7.mavros_router]: MAVROS Router started
[INFO] [1790594988.816829930] [uav7.mavros_node]: Starting mavros uas node
[INFO] [1790594989.118502019] [uav7.mavros_router]: Requested to add endpoint: type: 0, url: udp://:14546@127.0.0.1:14586
[INFO] [1790594989.118573488] [uav7.mavros_router]: Endpoint link[1000] created
[INFO] [1790594989.118827449] [uav7.mavros_router]: link[1000] opened successfully
[INFO] [1790594989.118845805] [uav7.mavros_router]: Requested to add endpoint: type: 2, url: /uas7
[INFO] [1790594989.118858711] [uav7.mavros_router]: Endpoint link[1001] created
[INFO] [1790594989.121878049] [uav7.mavros_router]: link[1000] detected remote address 7.1
[INFO] [1790594989.161065382] [uav7.mavros]: UAS Executor started, threads: 4
[INFO] [1790594989.161083666] [uav7.mavros]: Plugin actuator_control ignored
[INFO] [1790594989.191693062] [uav7.mavros]: Plugin altitude ignored
[INFO] [1790594989.246451808] [uav7.mavros_router]: link[1001] opened successfully
[INFO] [1790594989.669824659] [uav7.mavros]: Plugin command created
[INFO] [1790594989.669908400] [uav7.mavros]: Plugin command initialized
[INFO] [1790594989.669920883] [uav7.mavros]: Plugin ftp ignored
[INFO] [1790594989.669927452] [uav7.mavros]: Plugin geofence ignored
[INFO] [1790594990.274723679] [uav7.mavros]: Plugin global_position created
[INFO] [1790594990.276099906] [uav7.mavros]: Plugin global_position initialized
[INFO] [1790594990.276157872] [uav7.mavros]: Plugin home_position ignored
[INFO] [1790594990.276168614] [uav7.mavros]: Plugin imu ignored
[INFO] [1790594990.584933343] [uav7.mavros]: Plugin local_position created
[INFO] [1790594990.584997907] [uav7.mavros]: Plugin local_position initialized
[INFO] [1790594990.585008590] [uav7.mavros]: Plugin manual_control ignored
[INFO] [1790594990.585014565] [uav7.mavros]: Plugin nav_controller_output ignored
[INFO] [1790594990.585020433] [uav7.mavros]: Plugin param ignored
[INFO] [1790594990.585026196] [uav7.mavros]: Plugin rallypoint ignored
[INFO] [1790594990.585031371] [uav7.mavros]: Plugin rc_io ignored
[INFO] [1790594990.585036318] [uav7.mavros]: Plugin setpoint_accel ignored
[INFO] [1790594990.585041648] [uav7.mavros]: Plugin setpoint_attitude ignored
[INFO] [1790594990.585047056] [uav7.mavros]: Plugin setpoint_position ignored
[INFO] [1790594990.585052431] [uav7.mavros]: Plugin setpoint_raw ignored
[INFO] [1790594990.585057454] [uav7.mavros]: Plugin setpoint_trajectory ignored
[INFO] [1790594990.907572533] [uav7.mavros]: Plugin setpoint_velocity created
[INFO] [1790594990.907632777] [uav7.mavros]: Plugin setpoint_velocity initialized
[INFO] [1790594991.304776954] [uav7.mavros]: Plugin sys_status created
[INFO] [1790594991.305140549] [uav7.mavros]: Plugin sys_status initialized
[INFO] [1790594991.377142802] [uav7.mavros.time]: TM: Timesync mode: MAVLINK
[INFO] [1790594991.388354199] [uav7.mavros]: Plugin sys_time created
[INFO] [1790594991.388418032] [uav7.mavros]: Plugin sys_time initialized
[INFO] [1790594991.388429906] [uav7.mavros]: Plugin waypoint ignored
[INFO] [1790594991.388436669] [uav7.mavros]: Plugin wind_estimation ignored
[INFO] [1790594991.396563207] [uav7.mavros]: Built-in SIMD instructions: SSE, SSE2
[INFO] [1790594991.396927707] [uav7.mavros]: Built-in MAVLink package version: 2026.8.8
[INFO] [1790594991.398522102] [uav7.mavros]: Known MAVLink dialects: common ardupilotmega ASLUAV AVSSUAS all csAirLink cubepilot development icarous loweheiser marsh paparazzi standard stemstudios storm32 uAvionix ualberta
[INFO] [1790594991.398597205] [uav7.mavros]: MAVROS UAS via /uas7 started. MY ID 7.191, TARGET ID 7.1
[INFO] [1790594991.491781439] [uav7.mavros_router]: link[1001] detected remote address 7.191
[INFO] [1790594991.707460183] [uav7.mavros]: CON: Got HEARTBEAT, connected. FCU: PX4 Autopilot
[INFO] [1790594992.766440150] [uav7.mavros.sys]: VER: 7.1: Capabilities         0x000000000000e8ff
[INFO] [1790594992.766509309] [uav7.mavros.sys]: VER: 7.1: Flight software:     011200c0 (fca3df865a000000)
[INFO] [1790594992.766519229] [uav7.mavros.sys]: VER: 7.1: Middleware software: 011200c0 (fca3df865a000000)
[INFO] [1790594992.766525110] [uav7.mavros.sys]: VER: 7.1: OS software:         070000ff (17040b9f87cb1791)
[INFO] [1790594992.766530985] [uav7.mavros.sys]: VER: 7.1: Board hardware:      00000001
[INFO] [1790594992.766536466] [uav7.mavros.sys]: VER: 7.1: VID/PID:             0000:0000
[INFO] [1790594992.766542158] [uav7.mavros.sys]: VER: 7.1: UID:                 4954414c44494e55
[WARN] [1790594992.767840925] [uav7.mavros.cmd]: CMD: Unexpected command 512, result 0
[WARN] [1790594999.831730479] [uav7.mavros.sys]: FCU: UNK(8): EVENT 11047904 with args -0-0-0-0-0-128-0-0-0-176-122-127-128-176-122-127-128-0-0-0-0-0-0-0-0-0-0-0-0-0-0-0-0-0-0-0-0-0-0-0-
[INFO] [1790594999.837676873] [uav7.mavros.sys]: FCU: EVENT 377561 with args -8-0-0-0-20-0-0-0-0-0-0-0-0-0-0-0-0-0-0-0-0-0-0-0-0-0-0-0-0-0-0-0-0-0-0-0-0-0-0-0-
[WARN] [1790594999.840471381] [uav7.mavros.sys]: FCU: EVENT 453929 with args -255-255-255-255-7-0-0-0-0-0-0-0-0-0-0-0-0-0-0-0-0-0-0-0-0-0-0-0-0-0-0-0-0-0-0-0-0-0-0-0-
[INFO] [1790594999.846425465] [uav7.mavros.sys]: FCU: EVENT 6801787 with args -255-255-255-255-12-0-0-0-0-0-0-0-0-0-0-0-0-0-0-0-0-0-0-0-0-0-0-0-0-0-0-0-0-0-0-0-0-0-0-0-
[WARN] [1790594999.846524831] [uav7.mavros.sys]: FCU: UNK(8): EVENT 1914663 with args -0-10-13-2-56-0-0-0-0-0-0-0-0-0-0-0-0-0-0-0-0-0-0-0-0-0-0-0-0-0-0-0-0-0-0-0-0-0-0-0-
[WARN] [1790595005.159618118] [uav7.mavros.cmd]: CMD: Unexpected command 176, result 0
[INFO] [1790595005.429140638] [uav7.mavros.sys]: FCU: EVENT 9489139 with args -4-0-0-0-0-0-0-0-0-0-0-0-0-0-0-0-0-0-0-0-0-0-0-0-0-0-0-0-0-0-0-0-0-0-0-0-0-0-0-0-
[INFO] [1790595007.384750718] [uav7.mavros.sys]: FCU: EVENT 4277609 with args -0-0-0-0-0-0-0-0-0-0-0-0-0-0-0-0-0-0-0-0-0-0-0-0-0-0-0-0-0-0-0-0-0-0-0-0-0-0-0-0-
[WARN] [1790595264.135109944] [uav7.mavros.cmd]: CMD: Unexpected command 176, result 0
[INFO] [1790595296.202062373] [uav7.mavros.sys]: FCU: EVENT 9844908 with args -0-0-0-0-0-0-0-0-0-0-0-0-0-0-0-0-0-0-0-0-0-0-0-0-0-0-0-0-0-0-0-0-0-0-0-0-0-0-0-0-
[INFO] [1790595298.313701433] [uav7.mavros.sys]: FCU: EVENT 16017271 with args -6-0-0-0-0-0-0-0-0-0-0-0-0-0-0-0-0-0-0-0-0-0-0-0-0-0-0-0-0-0-0-0-0-0-0-0-0-0-0-0-
[WARN] [1790595302.209768405] [uav7.mavros.sys]: FCU: UNK(8): EVENT 11047904 with args -0-0-0-0-0-128-0-0-0-176-122-127-128-176-122-127-128-0-0-0-0-0-0-0-0-0-0-0-0-0-0-0-0-0-0-0-0-0-0-0-
[INFO] [1790595302.209858631] [uav7.mavros.sys]: FCU: EVENT 377561 with args -8-0-0-0-20-0-0-0-0-0-0-0-0-0-0-0-0-0-0-0-0-0-0-0-0-0-0-0-0-0-0-0-0-0-0-0-0-0-0-0-
[WARN] [1790595302.209947367] [uav7.mavros.sys]: FCU: EVENT 453929 with args -255-255-255-255-7-0-0-0-0-0-0-0-0-0-0-0-0-0-0-0-0-0-0-0-0-0-0-0-0-0-0-0-0-0-0-0-0-0-0-0-
[INFO] [1790595302.209969261] [uav7.mavros.sys]: FCU: EVENT 6801787 with args -255-255-255-255-12-0-0-0-0-0-0-0-0-0-0-0-0-0-0-0-0-0-0-0-0-0-0-0-0-0-0-0-0-0-0-0-0-0-0-0-
[WARN] [1790595302.210006607] [uav7.mavros.sys]: FCU: UNK(8): EVENT 1914663 with args -0-10-9-2-56-0-0-0-0-0-0-0-0-0-0-0-0-0-0-0-0-0-0-0-0-0-0-0-0-0-0-0-0-0-0-0-0-0-0-0-
[INFO] [1790595305.743927536] [rclcpp]: signal_handler(SIGINT/SIGTERM)
[WARN] [1790595305.746272834] [uav7.mavros]: UAS Executor terminated
