[INFO] [1790594647.683726033] [uav9.mavros_node]: Starting mavros_node container
[INFO] [1790594647.683890859] [uav9.mavros_node]: FCU URL: udp://:14548@127.0.0.1:14588
[INFO] [1790594647.683909987] [uav9.mavros_node]: GCS URL: 
[INFO] [1790594647.683922052] [uav9.mavros_node]: UAS Prefix: /uas9
[INFO] [1790594647.683932803] [uav9.mavros_node]: Starting mavros router node
[INFO] [1790594647.829705724] [uav9.mavros_router]: Built-in SIMD instructions: SSE, SSE2
[INFO] [1790594647.829773666] [uav9.mavros_router]: Built-in MAVLink package version: 2026.8.8
[INFO] [1790594647.829783935] [uav9.mavros_router]: Known MAVLink dialects: common ardupilotmega ASLUAV AVSSUAS all csAirLink cubepilot development icarous loweheiser marsh paparazzi standard stemstudios storm32 uAvionix ualberta
[INFO] [1790594647.829791885] [uav9.mavros_router]: MAVROS Router started
[INFO] [1790594647.829966341] [uav9.mavros_node]: Starting mavros uas node
[INFO] [1790594648.124809514] [uav9.mavros_router]: Requested to add endpoint: type: 0, url: udp://:14548@127.0.0.1:14588
[INFO] [1790594648.124869545] [uav9.mavros_router]: Endpoint link[1000] created
[INFO] [1790594648.125121352] [uav9.mavros_router]: link[1000] opened successfully
[INFO] [1790594648.125151867] [uav9.mavros_router]: Requested to add endpoint: type: 2, url: /uas9
[INFO] [1790594648.125169442] [uav9.mavros_router]: Endpoint link[1001] created
[INFO] [1790594648.131660363] [uav9.mavros_router]: link[1000] detected remote address 9.1
[INFO] [1790594648.151330175] [uav9.mavros]: UAS Executor started, threads: 4
[INFO] [1790594648.151345226] [uav9.mavros]: Plugin actuator_control ignored
[INFO] [1790594648.151439808] [uav9.mavros]: Plugin altitude ignored
[INFO] [1790594648.178309639] [uav9.mavros_router]: link[1001] opened successfully
[INFO] [1790594648.222183293] [uav9.mavros]: Plugin command created
[INFO] [1790594648.222718289] [uav9.mavros]: Plugin command initialized
[INFO] [1790594648.222729600] [uav9.mavros]: Plugin ftp ignored
[INFO] [1790594648.222736077] [uav9.mavros]: Plugin geofence ignored
[INFO] [1790594648.321628309] [uav9.mavros]: Plugin global_position created
[INFO] [1790594648.321702746] [uav9.mavros]: Plugin global_position initialized
[INFO] [1790594648.321718626] [uav9.mavros]: Plugin home_position ignored
[INFO] [1790594648.321725489] [uav9.mavros]: Plugin imu ignored
[INFO] [1790594648.462267569] [uav9.mavros]: Plugin local_position created
[INFO] [1790594648.462330862] [uav9.mavros]: Plugin local_position initialized
[INFO] [1790594648.462344583] [uav9.mavros]: Plugin manual_control ignored
[INFO] [1790594648.462411310] [uav9.mavros]: Plugin nav_controller_output ignored
[INFO] [1790594648.462417433] [uav9.mavros]: Plugin param ignored
[INFO] [1790594648.462422970] [uav9.mavros]: Plugin rallypoint ignored
[INFO] [1790594648.462453417] [uav9.mavros]: Plugin rc_io ignored
[INFO] [1790594648.462461481] [uav9.mavros]: Plugin setpoint_accel ignored
[INFO] [1790594648.462467174] [uav9.mavros]: Plugin setpoint_attitude ignored
[INFO] [1790594648.462472765] [uav9.mavros]: Plugin setpoint_position ignored
[INFO] [1790594648.462478128] [uav9.mavros]: Plugin setpoint_raw ignored
[INFO] [1790594648.462483536] [uav9.mavros]: Plugin setpoint_trajectory ignored
[INFO] [1790594648.601730753] [uav9.mavros]: Plugin setpoint_velocity created
[INFO] [1790594648.601795853] [uav9.mavros]: Plugin setpoint_velocity initialized
[INFO] [1790594649.237148315] [uav9.mavros]: Plugin sys_status created
[INFO] [1790594649.237215902] [uav9.mavros]: Plugin sys_status initialized
[INFO] [1790594649.526548705] [uav9.mavros.time]: TM: Timesync mode: MAVLINK
[INFO] [1790594649.598071966] [uav9.mavros]: Plugin sys_time created
[INFO] [1790594649.598992319] [uav9.mavros]: Plugin sys_time initialized
[INFO] [1790594649.599005448] [uav9.mavros]: Plugin waypoint ignored
[INFO] [1790594649.599011766] [uav9.mavros]: Plugin wind_estimation ignored
[INFO] [1790594649.631465904] [uav9.mavros]: Built-in SIMD instructions: SSE, SSE2
[INFO] [1790594649.631584718] [uav9.mavros]: Built-in MAVLink package version: 2026.8.8
[INFO] [1790594649.631618478] [uav9.mavros]: Known MAVLink dialects: common ardupilotmega ASLUAV AVSSUAS all csAirLink cubepilot development icarous loweheiser marsh paparazzi standard stemstudios storm32 uAvionix ualberta
[INFO] [1790594649.631632095] [uav9.mavros]: MAVROS UAS via /uas9 started. MY ID 9.191, TARGET ID 9.1
[INFO] [1790594649.794094381] [uav9.mavros_router]: link[1001] detected remote address 9.191
[WARN] [1790594650.054752968] [uav9.mavros.sys]: FCU: UNK(8): EVENT 11047904 with args -0-0-0-16-0-128-0-0-0-176-58-127-128-176-58-127-128-0-0-0-0-0-0-0-0-0-0-0-0-0-0-0-0-0-0-0-0-0-0-0-
[ERROR] [1790594650.054841137] [uav9.mavros.sys]: FCU: EVENT 11464574 with args -0-64-0-0-20-0-0-0-0-0-0-0-0-0-0-0-0-0-0-0-0-0-0-0-0-0-0-0-0-0-0-0-0-0-0-0-0-0-0-0-
[INFO] [1790594650.054951702] [uav9.mavros.sys]: FCU: EVENT 377561 with args -8-0-0-0-20-0-0-0-0-0-0-0-0-0-0-0-0-0-0-0-0-0-0-0-0-0-0-0-0-0-0-0-0-0-0-0-0-0-0-0-
[WARN] [1790594650.054999675] [uav9.mavros.sys]: FCU: EVENT 453929 with args -255-255-255-255-7-0-0-0-0-0-0-0-0-0-0-0-0-0-0-0-0-0-0-0-0-0-0-0-0-0-0-0-0-0-0-0-0-0-0-0-
[INFO] [1790594650.055043189] [uav9.mavros.sys]: FCU: EVENT 6801787 with args -255-255-255-255-12-0-0-0-0-0-0-0-0-0-0-0-0-0-0-0-0-0-0-0-0-0-0-0-0-0-0-0-0-0-0-0-0-0-0-0-
[WARN] [1790594650.055119447] [uav9.mavros.sys]: FCU: UNK(8): EVENT 1914663 with args -0-10-13-2-56-0-0-0-0-0-0-0-0-0-0-0-0-0-0-0-0-0-0-0-0-0-0-0-0-0-0-0-0-0-0-0-0-0-0-0-
[INFO] [1790594650.087811334] [uav9.mavros]: CON: Got HEARTBEAT, connected. FCU: PX4 Autopilot
[INFO] [1790594651.127764391] [uav9.mavros.sys]: VER: 9.1: Capabilities         0x000000000000e8ff
[INFO] [1790594651.127814985] [uav9.mavros.sys]: VER: 9.1: Flight software:     011200c0 (fca3df865a000000)
[INFO] [1790594651.127822905] [uav9.mavros.sys]: VER: 9.1: Middleware software: 011200c0 (fca3df865a000000)
[INFO] [1790594651.127827553] [uav9.mavros.sys]: VER: 9.1: OS software:         070000ff (17040b9f87cb1791)
[INFO] [1790594651.127832904] [uav9.mavros.sys]: VER: 9.1: Board hardware:      00000001
[INFO] [1790594651.127838045] [uav9.mavros.sys]: VER: 9.1: VID/PID:             0000:0000
[INFO] [1790594651.127869425] [uav9.mavros.sys]: VER: 9.1: UID:                 4954414c44494e57
[WARN] [1790594651.127912571] [uav9.mavros.cmd]: CMD: Unexpected command 512, result 0
[WARN] [1790594662.689789093] [uav9.mavros.sys]: FCU: UNK(8): EVENT 11047904 with args -0-0-0-0-0-128-0-0-0-176-122-127-128-176-122-127-128-0-0-0-0-0-0-0-0-0-0-0-0-0-0-0-0-0-0-0-0-0-0-0-
[INFO] [1790594662.689975422] [uav9.mavros.sys]: FCU: EVENT 377561 with args -8-0-0-0-20-0-0-0-0-0-0-0-0-0-0-0-0-0-0-0-0-0-0-0-0-0-0-0-0-0-0-0-0-0-0-0-0-0-0-0-
[WARN] [1790594662.690006115] [uav9.mavros.sys]: FCU: EVENT 453929 with args -255-255-255-255-7-0-0-0-0-0-0-0-0-0-0-0-0-0-0-0-0-0-0-0-0-0-0-0-0-0-0-0-0-0-0-0-0-0-0-0-
[INFO] [1790594662.690063508] [uav9.mavros.sys]: FCU: EVENT 6801787 with args -255-255-255-255-12-0-0-0-0-0-0-0-0-0-0-0-0-0-0-0-0-0-0-0-0-0-0-0-0-0-0-0-0-0-0-0-0-0-0-0-
[WARN] [1790594662.690249849] [uav9.mavros.sys]: FCU: UNK(8): EVENT 1914663 with args -0-10-13-2-56-0-0-0-0-0-0-0-0-0-0-0-0-0-0-0-0-0-0-0-0-0-0-0-0-0-0-0-0-0-0-0-0-0-0-0-
[WARN] [1790594665.087927551] [uav9.mavros.cmd]: CMD: Unexpected command 176, result 0
[INFO] [1790594666.156706978] [uav9.mavros.sys]: FCU: EVENT 9489139 with args -4-0-0-0-0-0-0-0-0-0-0-0-0-0-0-0-0-0-0-0-0-0-0-0-0-0-0-0-0-0-0-0-0-0-0-0-0-0-0-0-
[INFO] [1790594668.176736406] [uav9.mavros.sys]: FCU: EVENT 4277609 with args -0-0-0-0-0-0-0-0-0-0-0-0-0-0-0-0-0-0-0-0-0-0-0-0-0-0-0-0-0-0-0-0-0-0-0-0-0-0-0-0-
[WARN] [1790594926.316939712] [uav9.mavros.cmd]: CMD: Unexpected command 176, result 0
[INFO] [1790594960.813772178] [uav9.mavros.sys]: FCU: EVENT 9844908 with args -0-0-0-0-0-0-0-0-0-0-0-0-0-0-0-0-0-0-0-0-0-0-0-0-0-0-0-0-0-0-0-0-0-0-0-0-0-0-0-0-
[INFO] [1790594962.998627713] [uav9.mavros.sys]: FCU: EVENT 16017271 with args -6-0-0-0-0-0-0-0-0-0-0-0-0-0-0-0-0-0-0-0-0-0-0-0-0-0-0-0-0-0-0-0-0-0-0-0-0-0-0-0-
[WARN] [1790594967.595072414] [uav9.mavros.sys]: FCU: UNK(8): EVENT 11047904 with args -0-0-0-0-0-128-0-0-0-176-122-127-128-176-122-127-128-0-0-0-0-0-0-0-0-0-0-0-0-0-0-0-0-0-0-0-0-0-0-0-
[INFO] [1790594967.595180453] [uav9.mavros.sys]: FCU: EVENT 377561 with args -8-0-0-0-20-0-0-0-0-0-0-0-0-0-0-0-0-0-0-0-0-0-0-0-0-0-0-0-0-0-0-0-0-0-0-0-0-0-0-0-
[WARN] [1790594967.595262714] [uav9.mavros.sys]: FCU: EVENT 453929 with args -255-255-255-255-7-0-0-0-0-0-0-0-0-0-0-0-0-0-0-0-0-0-0-0-0-0-0-0-0-0-0-0-0-0-0-0-0-0-0-0-
[INFO] [1790594967.595302663] [uav9.mavros.sys]: FCU: EVENT 6801787 with args -255-255-255-255-12-0-0-0-0-0-0-0-0-0-0-0-0-0-0-0-0-0-0-0-0-0-0-0-0-0-0-0-0-0-0-0-0-0-0-0-
[WARN] [1790594967.595342600] [uav9.mavros.sys]: FCU: UNK(8): EVENT 1914663 with args -0-10-9-2-56-0-0-0-0-0-0-0-0-0-0-0-0-0-0-0-0-0-0-0-0-0-0-0-0-0-0-0-0-0-0-0-0-0-0-0-
[INFO] [1790594971.270340035] [rclcpp]: signal_handler(SIGINT/SIGTERM)
[WARN] [1790594971.273765453] [uav9.mavros]: UAS Executor terminated
