[INFO] [1790594647.708352744] [uav10.mavros_node]: Starting mavros_node container
[INFO] [1790594647.711398960] [uav10.mavros_node]: FCU URL: udp://:14549@127.0.0.1:14589
[INFO] [1790594647.711447311] [uav10.mavros_node]: GCS URL: 
[INFO] [1790594647.711453962] [uav10.mavros_node]: UAS Prefix: /uas10
[INFO] [1790594647.711459023] [uav10.mavros_node]: Starting mavros router node
[INFO] [1790594647.871861231] [uav10.mavros_router]: Built-in SIMD instructions: SSE, SSE2
[INFO] [1790594647.871907469] [uav10.mavros_router]: Built-in MAVLink package version: 2026.8.8
[INFO] [1790594647.871917726] [uav10.mavros_router]: Known MAVLink dialects: common ardupilotmega ASLUAV AVSSUAS all csAirLink cubepilot development icarous loweheiser marsh paparazzi standard stemstudios storm32 uAvionix ualberta
[INFO] [1790594647.871924375] [uav10.mavros_router]: MAVROS Router started
[INFO] [1790594647.872075670] [uav10.mavros_node]: Starting mavros uas node
[INFO] [1790594648.541422798] [uav10.mavros_router]: Requested to add endpoint: type: 0, url: udp://:14549@127.0.0.1:14589
[INFO] [1790594648.541528086] [uav10.mavros_router]: Endpoint link[1000] created
[INFO] [1790594648.542001185] [uav10.mavros_router]: link[1000] opened successfully
[INFO] [1790594648.543451743] [uav10.mavros_router]: Requested to add endpoint: type: 2, url: /uas10
[INFO] [1790594648.544672654] [uav10.mavros_router]: Endpoint link[1001] created
[INFO] [1790594648.553502411] [uav10.mavros_router]: link[1000] detected remote address 10.1
[INFO] [1790594648.590685273] [uav10.mavros]: UAS Executor started, threads: 4
[INFO] [1790594648.590687083] [uav10.mavros]: Plugin actuator_control ignored
[INFO] [1790594648.600024142] [uav10.mavros]: Plugin altitude ignored
[INFO] [1790594648.673159085] [uav10.mavros_router]: link[1001] opened successfully
[INFO] [1790594648.958560987] [uav10.mavros]: Plugin command created
[INFO] [1790594648.960837805] [uav10.mavros]: Plugin command initialized
[INFO] [1790594648.960854953] [uav10.mavros]: Plugin ftp ignored
[INFO] [1790594648.960862473] [uav10.mavros]: Plugin geofence ignored
[INFO] [1790594649.193637825] [uav10.mavros]: Plugin global_position created
[INFO] [1790594649.193718033] [uav10.mavros]: Plugin global_position initialized
[INFO] [1790594649.193733539] [uav10.mavros]: Plugin home_position ignored
[INFO] [1790594649.193740419] [uav10.mavros]: Plugin imu ignored
[INFO] [1790594649.210350013] [uav10.mavros]: Plugin local_position created
[INFO] [1790594649.210975015] [uav10.mavros]: Plugin local_position initialized
[INFO] [1790594649.210999721] [uav10.mavros]: Plugin manual_control ignored
[INFO] [1790594649.211006420] [uav10.mavros]: Plugin nav_controller_output ignored
[INFO] [1790594649.211012458] [uav10.mavros]: Plugin param ignored
[INFO] [1790594649.211023667] [uav10.mavros]: Plugin rallypoint ignored
[INFO] [1790594649.211030191] [uav10.mavros]: Plugin rc_io ignored
[INFO] [1790594649.211036320] [uav10.mavros]: Plugin setpoint_accel ignored
[INFO] [1790594649.211049844] [uav10.mavros]: Plugin setpoint_attitude ignored
[INFO] [1790594649.211062986] [uav10.mavros]: Plugin setpoint_position ignored
[INFO] [1790594649.211072966] [uav10.mavros]: Plugin setpoint_raw ignored
[INFO] [1790594649.211078320] [uav10.mavros]: Plugin setpoint_trajectory ignored
[INFO] [1790594649.248049292] [uav10.mavros]: Plugin setpoint_velocity created
[INFO] [1790594649.248128618] [uav10.mavros]: Plugin setpoint_velocity initialized
[INFO] [1790594650.024677107] [uav10.mavros]: Plugin sys_status created
[INFO] [1790594650.024766591] [uav10.mavros]: Plugin sys_status initialized
[INFO] [1790594650.510795607] [uav10.mavros.time]: TM: Timesync mode: MAVLINK
[INFO] [1790594650.549067948] [uav10.mavros]: Plugin sys_time created
[INFO] [1790594650.552762300] [uav10.mavros]: Plugin sys_time initialized
[INFO] [1790594650.552801209] [uav10.mavros]: Plugin waypoint ignored
[INFO] [1790594650.552808640] [uav10.mavros]: Plugin wind_estimation ignored
[INFO] [1790594650.582744952] [uav10.mavros]: Built-in SIMD instructions: SSE, SSE2
[INFO] [1790594650.582799315] [uav10.mavros]: Built-in MAVLink package version: 2026.8.8
[INFO] [1790594650.582831051] [uav10.mavros]: Known MAVLink dialects: common ardupilotmega ASLUAV AVSSUAS all csAirLink cubepilot development icarous loweheiser marsh paparazzi standard stemstudios storm32 uAvionix ualberta
[INFO] [1790594650.582838846] [uav10.mavros]: MAVROS UAS via /uas10 started. MY ID 10.191, TARGET ID 10.1
[INFO] [1790594650.597315422] [uav10.mavros_router]: link[1001] detected remote address 10.191
[WARN] [1790594651.048970942] [uav10.mavros.sys]: FCU: UNK(8): EVENT 11047904 with args -0-0-0-16-0-128-0-0-0-176-58-127-128-176-58-127-128-0-0-0-0-0-0-0-0-0-0-0-0-0-0-0-0-0-0-0-0-0-0-0-
[ERROR] [1790594651.049113166] [uav10.mavros.sys]: FCU: EVENT 11464574 with args -0-64-0-0-20-0-0-0-0-0-0-0-0-0-0-0-0-0-0-0-0-0-0-0-0-0-0-0-0-0-0-0-0-0-0-0-0-0-0-0-
[INFO] [1790594651.049201267] [uav10.mavros.sys]: FCU: EVENT 377561 with args -8-0-0-0-20-0-0-0-0-0-0-0-0-0-0-0-0-0-0-0-0-0-0-0-0-0-0-0-0-0-0-0-0-0-0-0-0-0-0-0-
[WARN] [1790594651.049400647] [uav10.mavros.sys]: FCU: EVENT 453929 with args -255-255-255-255-7-0-0-0-0-0-0-0-0-0-0-0-0-0-0-0-0-0-0-0-0-0-0-0-0-0-0-0-0-0-0-0-0-0-0-0-
[INFO] [1790594651.049425180] [uav10.mavros.sys]: FCU: EVENT 6801787 with args -255-255-255-255-12-0-0-0-0-0-0-0-0-0-0-0-0-0-0-0-0-0-0-0-0-0-0-0-0-0-0-0-0-0-0-0-0-0-0-0-
[WARN] [1790594651.049463427] [uav10.mavros.sys]: FCU: UNK(8): EVENT 1914663 with args -0-10-13-2-56-0-0-0-0-0-0-0-0-0-0-0-0-0-0-0-0-0-0-0-0-0-0-0-0-0-0-0-0-0-0-0-0-0-0-0-
[INFO] [1790594651.085802726] [uav10.mavros]: CON: Got HEARTBEAT, connected. FCU: PX4 Autopilot
[INFO] [1790594651.087220089] [uav10.mavros.sys]: VER: 10.1: Capabilities         0x000000000000e8ff
[INFO] [1790594651.087270092] [uav10.mavros.sys]: VER: 10.1: Flight software:     011200c0 (fca3df865a000000)
[INFO] [1790594651.087277651] [uav10.mavros.sys]: VER: 10.1: Middleware software: 011200c0 (fca3df865a000000)
[INFO] [1790594651.087284586] [uav10.mavros.sys]: VER: 10.1: OS software:         070000ff (17040b9f87cb1791)
[INFO] [1790594651.087290320] [uav10.mavros.sys]: VER: 10.1: Board hardware:      00000001
[INFO] [1790594651.087295299] [uav10.mavros.sys]: VER: 10.1: VID/PID:             0000:0000
[INFO] [1790594651.087301007] [uav10.mavros.sys]: VER: 10.1: UID:                 4954414c44494e58
[WARN] [1790594651.093310026] [uav10.mavros.cmd]: CMD: Unexpected command 512, result 0
[WARN] [1790594662.839129058] [uav10.mavros.sys]: FCU: UNK(8): EVENT 11047904 with args -0-0-0-0-0-128-0-0-0-176-122-127-128-176-122-127-128-0-0-0-0-0-0-0-0-0-0-0-0-0-0-0-0-0-0-0-0-0-0-0-
[INFO] [1790594662.839433761] [uav10.mavros.sys]: FCU: EVENT 377561 with args -8-0-0-0-20-0-0-0-0-0-0-0-0-0-0-0-0-0-0-0-0-0-0-0-0-0-0-0-0-0-0-0-0-0-0-0-0-0-0-0-
[WARN] [1790594662.839482493] [uav10.mavros.sys]: FCU: EVENT 453929 with args -255-255-255-255-7-0-0-0-0-0-0-0-0-0-0-0-0-0-0-0-0-0-0-0-0-0-0-0-0-0-0-0-0-0-0-0-0-0-0-0-
[INFO] [1790594662.841816743] [uav10.mavros.sys]: FCU: EVENT 6801787 with args -255-255-255-255-12-0-0-0-0-0-0-0-0-0-0-0-0-0-0-0-0-0-0-0-0-0-0-0-0-0-0-0-0-0-0-0-0-0-0-0-
[WARN] [1790594662.841888294] [uav10.mavros.sys]: FCU: UNK(8): EVENT 1914663 with args -0-10-13-2-56-0-0-0-0-0-0-0-0-0-0-0-0-0-0-0-0-0-0-0-0-0-0-0-0-0-0-0-0-0-0-0-0-0-0-0-
[WARN] [1790594665.124521467] [uav10.mavros.cmd]: CMD: Unexpected command 176, result 0
[INFO] [1790594666.116654082] [uav10.mavros.sys]: FCU: EVENT 9489139 with args -4-0-0-0-0-0-0-0-0-0-0-0-0-0-0-0-0-0-0-0-0-0-0-0-0-0-0-0-0-0-0-0-0-0-0-0-0-0-0-0-
[INFO] [1790594668.185524935] [uav10.mavros.sys]: FCU: EVENT 4277609 with args -0-0-0-0-0-0-0-0-0-0-0-0-0-0-0-0-0-0-0-0-0-0-0-0-0-0-0-0-0-0-0-0-0-0-0-0-0-0-0-0-
[WARN] [1790594926.314180605] [uav10.mavros.cmd]: CMD: Unexpected command 176, result 0
[INFO] [1790594960.540467069] [uav10.mavros.sys]: FCU: EVENT 9844908 with args -0-0-0-0-0-0-0-0-0-0-0-0-0-0-0-0-0-0-0-0-0-0-0-0-0-0-0-0-0-0-0-0-0-0-0-0-0-0-0-0-
[INFO] [1790594962.735086872] [uav10.mavros.sys]: FCU: EVENT 16017271 with args -6-0-0-0-0-0-0-0-0-0-0-0-0-0-0-0-0-0-0-0-0-0-0-0-0-0-0-0-0-0-0-0-0-0-0-0-0-0-0-0-
[WARN] [1790594966.230045333] [uav10.mavros.sys]: FCU: UNK(8): EVENT 11047904 with args -0-0-0-0-0-128-0-0-0-176-122-127-128-176-122-127-128-0-0-0-0-0-0-0-0-0-0-0-0-0-0-0-0-0-0-0-0-0-0-0-
[INFO] [1790594966.234593261] [uav10.mavros.sys]: FCU: EVENT 377561 with args -8-0-0-0-20-0-0-0-0-0-0-0-0-0-0-0-0-0-0-0-0-0-0-0-0-0-0-0-0-0-0-0-0-0-0-0-0-0-0-0-
[WARN] [1790594966.234712705] [uav10.mavros.sys]: FCU: EVENT 453929 with args -255-255-255-255-7-0-0-0-0-0-0-0-0-0-0-0-0-0-0-0-0-0-0-0-0-0-0-0-0-0-0-0-0-0-0-0-0-0-0-0-
[INFO] [1790594966.235095202] [uav10.mavros.sys]: FCU: EVENT 6801787 with args -255-255-255-255-12-0-0-0-0-0-0-0-0-0-0-0-0-0-0-0-0-0-0-0-0-0-0-0-0-0-0-0-0-0-0-0-0-0-0-0-
[WARN] [1790594966.235121016] [uav10.mavros.sys]: FCU: UNK(8): EVENT 1914663 with args -0-10-9-2-56-0-0-0-0-0-0-0-0-0-0-0-0-0-0-0-0-0-0-0-0-0-0-0-0-0-0-0-0-0-0-0-0-0-0-0-
[INFO] [1790594971.267208672] [rclcpp]: signal_handler(SIGINT/SIGTERM)
[WARN] [1790594971.271782954] [uav10.mavros]: UAS Executor terminated
