[INFO] [1790411833.187014666] [uav3.mavros_node]: Starting mavros_node container
[INFO] [1790411833.187764142] [uav3.mavros_node]: FCU URL: udp://:14542@127.0.0.1:14582
[INFO] [1790411833.187800394] [uav3.mavros_node]: GCS URL: 
[INFO] [1790411833.187810882] [uav3.mavros_node]: UAS Prefix: /uas3
[INFO] [1790411833.187820070] [uav3.mavros_node]: Starting mavros router node
[INFO] [1790411833.227085060] [uav3.mavros_router]: Built-in SIMD instructions: SSE, SSE2
[INFO] [1790411833.227139906] [uav3.mavros_router]: Built-in MAVLink package version: 2026.8.8
[INFO] [1790411833.227151193] [uav3.mavros_router]: Known MAVLink dialects: common ardupilotmega ASLUAV AVSSUAS all csAirLink cubepilot development icarous loweheiser marsh paparazzi standard stemstudios storm32 uAvionix ualberta
[INFO] [1790411833.227161394] [uav3.mavros_router]: MAVROS Router started
[INFO] [1790411833.228685094] [uav3.mavros_node]: Starting mavros uas node
[INFO] [1790411833.379393388] [uav3.mavros_router]: Requested to add endpoint: type: 0, url: udp://:14542@127.0.0.1:14582
[INFO] [1790411833.379477212] [uav3.mavros_router]: Endpoint link[1000] created
[INFO] [1790411833.379731609] [uav3.mavros_router]: link[1000] opened successfully
[INFO] [1790411833.379746902] [uav3.mavros_router]: Requested to add endpoint: type: 2, url: /uas3
[INFO] [1790411833.379759270] [uav3.mavros_router]: Endpoint link[1001] created
[INFO] [1790411833.391567511] [uav3.mavros_router]: link[1000] detected remote address 3.1
[INFO] [1790411833.399108149] [uav3.mavros]: Plugin actuator_control ignored
[INFO] [1790411833.399218137] [uav3.mavros]: Plugin altitude ignored
[INFO] [1790411833.399453293] [uav3.mavros]: UAS Executor started, threads: 4
[INFO] [1790411833.415447175] [uav3.mavros_router]: link[1001] opened successfully
[INFO] [1790411833.697862091] [uav3.mavros]: Plugin command created
[INFO] [1790411833.697935767] [uav3.mavros]: Plugin command initialized
[INFO] [1790411833.697947939] [uav3.mavros]: Plugin ftp ignored
[INFO] [1790411833.697955630] [uav3.mavros]: Plugin geofence ignored
[INFO] [1790411833.867768536] [uav3.mavros]: Plugin global_position created
[INFO] [1790411833.868821865] [uav3.mavros]: Plugin global_position initialized
[INFO] [1790411833.868833698] [uav3.mavros]: Plugin home_position ignored
[INFO] [1790411833.868840534] [uav3.mavros]: Plugin imu ignored
[INFO] [1790411834.025861310] [uav3.mavros]: Plugin local_position created
[INFO] [1790411834.025911072] [uav3.mavros]: Plugin local_position initialized
[INFO] [1790411834.025923723] [uav3.mavros]: Plugin manual_control ignored
[INFO] [1790411834.025929541] [uav3.mavros]: Plugin nav_controller_output ignored
[INFO] [1790411834.025934680] [uav3.mavros]: Plugin param ignored
[INFO] [1790411834.025940304] [uav3.mavros]: Plugin rallypoint ignored
[INFO] [1790411834.025945397] [uav3.mavros]: Plugin rc_io ignored
[INFO] [1790411834.025950629] [uav3.mavros]: Plugin setpoint_accel ignored
[INFO] [1790411834.025956145] [uav3.mavros]: Plugin setpoint_attitude ignored
[INFO] [1790411834.025961792] [uav3.mavros]: Plugin setpoint_position ignored
[INFO] [1790411834.025966856] [uav3.mavros]: Plugin setpoint_raw ignored
[INFO] [1790411834.025972411] [uav3.mavros]: Plugin setpoint_trajectory ignored
[INFO] [1790411834.241889300] [uav3.mavros]: Plugin setpoint_velocity created
[INFO] [1790411834.241951684] [uav3.mavros]: Plugin setpoint_velocity initialized
[INFO] [1790411834.648188651] [uav3.mavros]: Plugin sys_status created
[INFO] [1790411834.648280909] [uav3.mavros]: Plugin sys_status initialized
[INFO] [1790411834.940630452] [uav3.mavros.time]: TM: Timesync mode: MAVLINK
[INFO] [1790411835.057953802] [uav3.mavros]: Plugin sys_time created
[INFO] [1790411835.058032038] [uav3.mavros]: Plugin sys_time initialized
[INFO] [1790411835.058042644] [uav3.mavros]: Plugin waypoint ignored
[INFO] [1790411835.058048869] [uav3.mavros]: Plugin wind_estimation ignored
[INFO] [1790411835.154487913] [uav3.mavros]: Built-in SIMD instructions: SSE, SSE2
[INFO] [1790411835.154549356] [uav3.mavros]: Built-in MAVLink package version: 2026.8.8
[INFO] [1790411835.154585631] [uav3.mavros]: Known MAVLink dialects: common ardupilotmega ASLUAV AVSSUAS all csAirLink cubepilot development icarous loweheiser marsh paparazzi standard stemstudios storm32 uAvionix ualberta
[INFO] [1790411835.154595356] [uav3.mavros]: MAVROS UAS via /uas3 started. MY ID 3.191, TARGET ID 3.1
[INFO] [1790411835.238602704] [uav3.mavros_router]: link[1001] detected remote address 3.191
[INFO] [1790411835.729015544] [uav3.mavros.sys]: VER: 3.1: Capabilities         0x000000000000e8ff
[INFO] [1790411835.729073532] [uav3.mavros.sys]: VER: 3.1: Flight software:     011200c0 (fca3df865a000000)
[INFO] [1790411835.729081385] [uav3.mavros.sys]: VER: 3.1: Middleware software: 011200c0 (fca3df865a000000)
[INFO] [1790411835.729086362] [uav3.mavros.sys]: VER: 3.1: OS software:         070000ff (17040b9f87cb1791)
[INFO] [1790411835.729091282] [uav3.mavros.sys]: VER: 3.1: Board hardware:      00000001
[INFO] [1790411835.729096658] [uav3.mavros.sys]: VER: 3.1: VID/PID:             0000:0000
[INFO] [1790411835.729102508] [uav3.mavros.sys]: VER: 3.1: UID:                 4954414c44494e51
[WARN] [1790411835.733902318] [uav3.mavros.cmd]: CMD: Unexpected command 512, result 0
[INFO] [1790411835.774912009] [uav3.mavros]: CON: Got HEARTBEAT, connected. FCU: PX4 Autopilot
[INFO] [1790411836.794394791] [uav3.mavros.sys]: VER: 3.1: Capabilities         0x000000000000e8ff
[INFO] [1790411836.794465120] [uav3.mavros.sys]: VER: 3.1: Flight software:     011200c0 (fca3df865a000000)
[INFO] [1790411836.794474138] [uav3.mavros.sys]: VER: 3.1: Middleware software: 011200c0 (fca3df865a000000)
[INFO] [1790411836.794479605] [uav3.mavros.sys]: VER: 3.1: OS software:         070000ff (17040b9f87cb1791)
[INFO] [1790411836.794484309] [uav3.mavros.sys]: VER: 3.1: Board hardware:      00000001
[INFO] [1790411836.794489133] [uav3.mavros.sys]: VER: 3.1: VID/PID:             0000:0000
[INFO] [1790411836.794493747] [uav3.mavros.sys]: VER: 3.1: UID:                 4954414c44494e51
[WARN] [1790411836.795034203] [uav3.mavros.sys]: VER: broadcast request timeout, retries left 4
[WARN] [1790411847.895950036] [uav3.mavros.sys]: FCU: UNK(8): EVENT 11047904 with args -0-0-0-0-0-128-0-0-0-176-122-127-128-176-122-127-128-0-0-0-0-0-0-0-0-0-0-0-0-0-0-0-0-0-0-0-0-0-0-0-
[INFO] [1790411847.896067249] [uav3.mavros.sys]: FCU: EVENT 377561 with args -8-0-0-0-20-0-0-0-0-0-0-0-0-0-0-0-0-0-0-0-0-0-0-0-0-0-0-0-0-0-0-0-0-0-0-0-0-0-0-0-
[WARN] [1790411847.896131755] [uav3.mavros.sys]: FCU: EVENT 453929 with args -255-255-255-255-7-0-0-0-0-0-0-0-0-0-0-0-0-0-0-0-0-0-0-0-0-0-0-0-0-0-0-0-0-0-0-0-0-0-0-0-
[INFO] [1790411847.896171576] [uav3.mavros.sys]: FCU: EVENT 6801787 with args -255-255-255-255-12-0-0-0-0-0-0-0-0-0-0-0-0-0-0-0-0-0-0-0-0-0-0-0-0-0-0-0-0-0-0-0-0-0-0-0-
[WARN] [1790411847.896204760] [uav3.mavros.sys]: FCU: UNK(8): EVENT 1914663 with args -0-10-13-2-56-0-0-0-0-0-0-0-0-0-0-0-0-0-0-0-0-0-0-0-0-0-0-0-0-0-0-0-0-0-0-0-0-0-0-0-
[WARN] [1790411851.786398648] [uav3.mavros.cmd]: CMD: Unexpected command 176, result 0
[INFO] [1790411852.729004085] [uav3.mavros.sys]: FCU: EVENT 9489139 with args -4-0-0-0-0-0-0-0-0-0-0-0-0-0-0-0-0-0-0-0-0-0-0-0-0-0-0-0-0-0-0-0-0-0-0-0-0-0-0-0-
[INFO] [1790411854.646882417] [uav3.mavros.sys]: FCU: EVENT 4277609 with args -0-0-0-0-0-0-0-0-0-0-0-0-0-0-0-0-0-0-0-0-0-0-0-0-0-0-0-0-0-0-0-0-0-0-0-0-0-0-0-0-
[WARN] [1790412109.529811966] [uav3.mavros.cmd]: CMD: Unexpected command 176, result 0
[INFO] [1790412141.818936163] [uav3.mavros.sys]: FCU: EVENT 9844908 with args -0-0-0-0-0-0-0-0-0-0-0-0-0-0-0-0-0-0-0-0-0-0-0-0-0-0-0-0-0-0-0-0-0-0-0-0-0-0-0-0-
[INFO] [1790412143.971120122] [uav3.mavros.sys]: FCU: EVENT 16017271 with args -6-0-0-0-0-0-0-0-0-0-0-0-0-0-0-0-0-0-0-0-0-0-0-0-0-0-0-0-0-0-0-0-0-0-0-0-0-0-0-0-
[WARN] [1790412147.892813000] [uav3.mavros.sys]: FCU: UNK(8): EVENT 11047904 with args -0-0-0-0-0-128-0-0-0-176-122-127-128-176-122-127-128-0-0-0-0-0-0-0-0-0-0-0-0-0-0-0-0-0-0-0-0-0-0-0-
[INFO] [1790412147.892886291] [uav3.mavros.sys]: FCU: EVENT 377561 with args -8-0-0-0-20-0-0-0-0-0-0-0-0-0-0-0-0-0-0-0-0-0-0-0-0-0-0-0-0-0-0-0-0-0-0-0-0-0-0-0-
[WARN] [1790412147.893093470] [uav3.mavros.sys]: FCU: EVENT 453929 with args -255-255-255-255-7-0-0-0-0-0-0-0-0-0-0-0-0-0-0-0-0-0-0-0-0-0-0-0-0-0-0-0-0-0-0-0-0-0-0-0-
[INFO] [1790412147.893137937] [uav3.mavros.sys]: FCU: EVENT 6801787 with args -255-255-255-255-12-0-0-0-0-0-0-0-0-0-0-0-0-0-0-0-0-0-0-0-0-0-0-0-0-0-0-0-0-0-0-0-0-0-0-0-
[WARN] [1790412147.893230909] [uav3.mavros.sys]: FCU: UNK(8): EVENT 1914663 with args -0-10-9-2-56-0-0-0-0-0-0-0-0-0-0-0-0-0-0-0-0-0-0-0-0-0-0-0-0-0-0-0-0-0-0-0-0-0-0-0-
[INFO] [1790412149.927989170] [rclcpp]: signal_handler(SIGINT/SIGTERM)
[WARN] [1790412149.933066353] [uav3.mavros]: UAS Executor terminated
