[INFO] [1790411833.372280846] [uav7.mavros_node]: Starting mavros_node container
[INFO] [1790411833.372388938] [uav7.mavros_node]: FCU URL: udp://:14546@127.0.0.1:14586
[INFO] [1790411833.372400939] [uav7.mavros_node]: GCS URL: 
[INFO] [1790411833.372406577] [uav7.mavros_node]: UAS Prefix: /uas7
[INFO] [1790411833.372411435] [uav7.mavros_node]: Starting mavros router node
[INFO] [1790411833.469591405] [uav7.mavros_router]: Built-in SIMD instructions: SSE, SSE2
[INFO] [1790411833.469643553] [uav7.mavros_router]: Built-in MAVLink package version: 2026.8.8
[INFO] [1790411833.469653273] [uav7.mavros_router]: Known MAVLink dialects: common ardupilotmega ASLUAV AVSSUAS all csAirLink cubepilot development icarous loweheiser marsh paparazzi standard stemstudios storm32 uAvionix ualberta
[INFO] [1790411833.469660196] [uav7.mavros_router]: MAVROS Router started
[INFO] [1790411833.469802595] [uav7.mavros_node]: Starting mavros uas node
[INFO] [1790411833.632498388] [uav7.mavros_router]: Requested to add endpoint: type: 0, url: udp://:14546@127.0.0.1:14586
[INFO] [1790411833.632557506] [uav7.mavros_router]: Endpoint link[1000] created
[INFO] [1790411833.632798930] [uav7.mavros_router]: link[1000] opened successfully
[INFO] [1790411833.632814613] [uav7.mavros_router]: Requested to add endpoint: type: 2, url: /uas7
[INFO] [1790411833.632828430] [uav7.mavros_router]: Endpoint link[1001] created
[INFO] [1790411833.642498507] [uav7.mavros_router]: link[1000] detected remote address 7.1
[INFO] [1790411833.662534154] [uav7.mavros]: Plugin actuator_control ignored
[INFO] [1790411833.674264789] [uav7.mavros]: Plugin altitude ignored
[INFO] [1790411833.662629430] [uav7.mavros]: UAS Executor started, threads: 4
[INFO] [1790411833.773961238] [uav7.mavros_router]: link[1001] opened successfully
[INFO] [1790411834.023681700] [uav7.mavros]: Plugin command created
[INFO] [1790411834.025452099] [uav7.mavros]: Plugin command initialized
[INFO] [1790411834.026646291] [uav7.mavros]: Plugin ftp ignored
[INFO] [1790411834.027737831] [uav7.mavros]: Plugin geofence ignored
[INFO] [1790411834.736620785] [uav7.mavros]: Plugin global_position created
[INFO] [1790411834.736696107] [uav7.mavros]: Plugin global_position initialized
[INFO] [1790411834.736707596] [uav7.mavros]: Plugin home_position ignored
[INFO] [1790411834.736714192] [uav7.mavros]: Plugin imu ignored
[INFO] [1790411835.206178030] [uav7.mavros]: Plugin local_position created
[INFO] [1790411835.206654571] [uav7.mavros]: Plugin local_position initialized
[INFO] [1790411835.206675214] [uav7.mavros]: Plugin manual_control ignored
[INFO] [1790411835.206681519] [uav7.mavros]: Plugin nav_controller_output ignored
[INFO] [1790411835.206687058] [uav7.mavros]: Plugin param ignored
[INFO] [1790411835.206692822] [uav7.mavros]: Plugin rallypoint ignored
[INFO] [1790411835.206698163] [uav7.mavros]: Plugin rc_io ignored
[INFO] [1790411835.206703387] [uav7.mavros]: Plugin setpoint_accel ignored
[INFO] [1790411835.206708329] [uav7.mavros]: Plugin setpoint_attitude ignored
[INFO] [1790411835.206713308] [uav7.mavros]: Plugin setpoint_position ignored
[INFO] [1790411835.206718051] [uav7.mavros]: Plugin setpoint_raw ignored
[INFO] [1790411835.206722950] [uav7.mavros]: Plugin setpoint_trajectory ignored
[INFO] [1790411835.534866897] [uav7.mavros]: Plugin setpoint_velocity created
[INFO] [1790411835.534922401] [uav7.mavros]: Plugin setpoint_velocity initialized
[INFO] [1790411835.801617796] [uav7.mavros]: Plugin sys_status created
[INFO] [1790411835.801704162] [uav7.mavros]: Plugin sys_status initialized
[INFO] [1790411835.975545741] [uav7.mavros.time]: TM: Timesync mode: MAVLINK
[INFO] [1790411836.002368734] [uav7.mavros]: Plugin sys_time created
[INFO] [1790411836.002438841] [uav7.mavros]: Plugin sys_time initialized
[INFO] [1790411836.002451267] [uav7.mavros]: Plugin waypoint ignored
[INFO] [1790411836.002456936] [uav7.mavros]: Plugin wind_estimation ignored
[INFO] [1790411836.022606336] [uav7.mavros]: Built-in SIMD instructions: SSE, SSE2
[INFO] [1790411836.022659649] [uav7.mavros]: Built-in MAVLink package version: 2026.8.8
[INFO] [1790411836.022692576] [uav7.mavros]: Known MAVLink dialects: common ardupilotmega ASLUAV AVSSUAS all csAirLink cubepilot development icarous loweheiser marsh paparazzi standard stemstudios storm32 uAvionix ualberta
[INFO] [1790411836.022701259] [uav7.mavros]: MAVROS UAS via /uas7 started. MY ID 7.191, TARGET ID 7.1
[INFO] [1790411836.025022203] [uav7.mavros_router]: link[1001] detected remote address 7.191
[INFO] [1790411836.839457403] [uav7.mavros.sys]: VER: 7.1: Capabilities         0x000000000000e8ff
[INFO] [1790411836.839517538] [uav7.mavros.sys]: VER: 7.1: Flight software:     011200c0 (fca3df865a000000)
[INFO] [1790411836.839525659] [uav7.mavros.sys]: VER: 7.1: Middleware software: 011200c0 (fca3df865a000000)
[INFO] [1790411836.839531113] [uav7.mavros.sys]: VER: 7.1: OS software:         070000ff (17040b9f87cb1791)
[INFO] [1790411836.839536064] [uav7.mavros.sys]: VER: 7.1: Board hardware:      00000001
[INFO] [1790411836.839540823] [uav7.mavros.sys]: VER: 7.1: VID/PID:             0000:0000
[INFO] [1790411836.839546045] [uav7.mavros.sys]: VER: 7.1: UID:                 4954414c44494e55
[WARN] [1790411836.842382398] [uav7.mavros.cmd]: CMD: Unexpected command 512, result 0
[INFO] [1790411836.873638237] [uav7.mavros]: CON: Got HEARTBEAT, connected. FCU: PX4 Autopilot
[INFO] [1790411837.884756613] [uav7.mavros.sys]: VER: 7.1: Capabilities         0x000000000000e8ff
[INFO] [1790411837.884806300] [uav7.mavros.sys]: VER: 7.1: Flight software:     011200c0 (fca3df865a000000)
[INFO] [1790411837.884815902] [uav7.mavros.sys]: VER: 7.1: Middleware software: 011200c0 (fca3df865a000000)
[INFO] [1790411837.884822140] [uav7.mavros.sys]: VER: 7.1: OS software:         070000ff (17040b9f87cb1791)
[INFO] [1790411837.884827675] [uav7.mavros.sys]: VER: 7.1: Board hardware:      00000001
[INFO] [1790411837.884833011] [uav7.mavros.sys]: VER: 7.1: VID/PID:             0000:0000
[INFO] [1790411837.884837323] [uav7.mavros.sys]: VER: 7.1: UID:                 4954414c44494e55
[WARN] [1790411847.879984834] [uav7.mavros.sys]: FCU: UNK(8): EVENT 11047904 with args -0-0-0-0-0-128-0-0-0-176-122-127-128-176-122-127-128-0-0-0-0-0-0-0-0-0-0-0-0-0-0-0-0-0-0-0-0-0-0-0-
[INFO] [1790411847.880091459] [uav7.mavros.sys]: FCU: EVENT 377561 with args -8-0-0-0-20-0-0-0-0-0-0-0-0-0-0-0-0-0-0-0-0-0-0-0-0-0-0-0-0-0-0-0-0-0-0-0-0-0-0-0-
[WARN] [1790411847.880133033] [uav7.mavros.sys]: FCU: EVENT 453929 with args -255-255-255-255-7-0-0-0-0-0-0-0-0-0-0-0-0-0-0-0-0-0-0-0-0-0-0-0-0-0-0-0-0-0-0-0-0-0-0-0-
[INFO] [1790411847.880170315] [uav7.mavros.sys]: FCU: EVENT 6801787 with args -255-255-255-255-12-0-0-0-0-0-0-0-0-0-0-0-0-0-0-0-0-0-0-0-0-0-0-0-0-0-0-0-0-0-0-0-0-0-0-0-
[WARN] [1790411847.880207906] [uav7.mavros.sys]: FCU: UNK(8): EVENT 1914663 with args -0-10-13-2-56-0-0-0-0-0-0-0-0-0-0-0-0-0-0-0-0-0-0-0-0-0-0-0-0-0-0-0-0-0-0-0-0-0-0-0-
[WARN] [1790411851.837994817] [uav7.mavros.cmd]: CMD: Unexpected command 176, result 0
[INFO] [1790411852.666973962] [uav7.mavros.sys]: FCU: EVENT 9489139 with args -4-0-0-0-0-0-0-0-0-0-0-0-0-0-0-0-0-0-0-0-0-0-0-0-0-0-0-0-0-0-0-0-0-0-0-0-0-0-0-0-
[INFO] [1790411854.649228168] [uav7.mavros.sys]: FCU: EVENT 4277609 with args -0-0-0-0-0-0-0-0-0-0-0-0-0-0-0-0-0-0-0-0-0-0-0-0-0-0-0-0-0-0-0-0-0-0-0-0-0-0-0-0-
[WARN] [1790412109.524815710] [uav7.mavros.cmd]: CMD: Unexpected command 176, result 0
[INFO] [1790412143.086221795] [uav7.mavros.sys]: FCU: EVENT 9844908 with args -0-0-0-0-0-0-0-0-0-0-0-0-0-0-0-0-0-0-0-0-0-0-0-0-0-0-0-0-0-0-0-0-0-0-0-0-0-0-0-0-
[INFO] [1790412145.243648017] [uav7.mavros.sys]: FCU: EVENT 16017271 with args -6-0-0-0-0-0-0-0-0-0-0-0-0-0-0-0-0-0-0-0-0-0-0-0-0-0-0-0-0-0-0-0-0-0-0-0-0-0-0-0-
[WARN] [1790412148.831242723] [uav7.mavros.sys]: FCU: UNK(8): EVENT 11047904 with args -0-0-0-0-0-128-0-0-0-176-122-127-128-176-122-127-128-0-0-0-0-0-0-0-0-0-0-0-0-0-0-0-0-0-0-0-0-0-0-0-
[INFO] [1790412148.831326442] [uav7.mavros.sys]: FCU: EVENT 377561 with args -8-0-0-0-20-0-0-0-0-0-0-0-0-0-0-0-0-0-0-0-0-0-0-0-0-0-0-0-0-0-0-0-0-0-0-0-0-0-0-0-
[WARN] [1790412148.831454266] [uav7.mavros.sys]: FCU: EVENT 453929 with args -255-255-255-255-7-0-0-0-0-0-0-0-0-0-0-0-0-0-0-0-0-0-0-0-0-0-0-0-0-0-0-0-0-0-0-0-0-0-0-0-
[INFO] [1790412148.831502938] [uav7.mavros.sys]: FCU: EVENT 6801787 with args -255-255-255-255-12-0-0-0-0-0-0-0-0-0-0-0-0-0-0-0-0-0-0-0-0-0-0-0-0-0-0-0-0-0-0-0-0-0-0-0-
[WARN] [1790412148.831524468] [uav7.mavros.sys]: FCU: UNK(8): EVENT 1914663 with args -0-10-9-2-56-0-0-0-0-0-0-0-0-0-0-0-0-0-0-0-0-0-0-0-0-0-0-0-0-0-0-0-0-0-0-0-0-0-0-0-
[INFO] [1790412149.929561560] [rclcpp]: signal_handler(SIGINT/SIGTERM)
[WARN] [1790412149.930327001] [uav7.mavros]: UAS Executor terminated
