[INFO] [1790411833.338260242] [uav1.mavros_node]: Starting mavros_node container
[INFO] [1790411833.338367530] [uav1.mavros_node]: FCU URL: udp://:14540@127.0.0.1:14580
[INFO] [1790411833.338376320] [uav1.mavros_node]: GCS URL: 
[INFO] [1790411833.338381813] [uav1.mavros_node]: UAS Prefix: /uas1
[INFO] [1790411833.338387094] [uav1.mavros_node]: Starting mavros router node
[INFO] [1790411833.461776385] [uav1.mavros_router]: Built-in SIMD instructions: SSE, SSE2
[INFO] [1790411833.461822854] [uav1.mavros_router]: Built-in MAVLink package version: 2026.8.8
[INFO] [1790411833.461833563] [uav1.mavros_router]: Known MAVLink dialects: common ardupilotmega ASLUAV AVSSUAS all csAirLink cubepilot development icarous loweheiser marsh paparazzi standard stemstudios storm32 uAvionix ualberta
[INFO] [1790411833.461842244] [uav1.mavros_router]: MAVROS Router started
[INFO] [1790411833.461987055] [uav1.mavros_node]: Starting mavros uas node
[INFO] [1790411833.873515104] [uav1.mavros]: Plugin actuator_control ignored
[INFO] [1790411833.873578101] [uav1.mavros]: Plugin altitude ignored
[INFO] [1790411833.875218036] [uav1.mavros]: UAS Executor started, threads: 4
[INFO] [1790411833.880249961] [uav1.mavros_router]: Requested to add endpoint: type: 0, url: udp://:14540@127.0.0.1:14580
[INFO] [1790411833.880320391] [uav1.mavros_router]: Endpoint link[1000] created
[INFO] [1790411833.880566792] [uav1.mavros_router]: link[1000] opened successfully
[INFO] [1790411833.880589884] [uav1.mavros_router]: Requested to add endpoint: type: 2, url: /uas1
[INFO] [1790411833.880606012] [uav1.mavros_router]: Endpoint link[1001] created
[INFO] [1790411833.887483580] [uav1.mavros_router]: link[1000] detected remote address 1.1
[INFO] [1790411833.956638480] [uav1.mavros_router]: link[1001] opened successfully
[INFO] [1790411834.126518075] [uav1.mavros]: Plugin command created
[INFO] [1790411834.126750301] [uav1.mavros]: Plugin command initialized
[INFO] [1790411834.126775369] [uav1.mavros]: Plugin ftp ignored
[INFO] [1790411834.127073741] [uav1.mavros]: Plugin geofence ignored
[INFO] [1790411834.739709177] [uav1.mavros]: Plugin global_position created
[INFO] [1790411834.739775117] [uav1.mavros]: Plugin global_position initialized
[INFO] [1790411834.739787088] [uav1.mavros]: Plugin home_position ignored
[INFO] [1790411834.739793540] [uav1.mavros]: Plugin imu ignored
[INFO] [1790411835.123285581] [uav1.mavros]: Plugin local_position created
[INFO] [1790411835.123353466] [uav1.mavros]: Plugin local_position initialized
[INFO] [1790411835.123364447] [uav1.mavros]: Plugin manual_control ignored
[INFO] [1790411835.123370088] [uav1.mavros]: Plugin nav_controller_output ignored
[INFO] [1790411835.123375295] [uav1.mavros]: Plugin param ignored
[INFO] [1790411835.123380457] [uav1.mavros]: Plugin rallypoint ignored
[INFO] [1790411835.123385466] [uav1.mavros]: Plugin rc_io ignored
[INFO] [1790411835.123390877] [uav1.mavros]: Plugin setpoint_accel ignored
[INFO] [1790411835.123395987] [uav1.mavros]: Plugin setpoint_attitude ignored
[INFO] [1790411835.123401128] [uav1.mavros]: Plugin setpoint_position ignored
[INFO] [1790411835.123410448] [uav1.mavros]: Plugin setpoint_raw ignored
[INFO] [1790411835.123415521] [uav1.mavros]: Plugin setpoint_trajectory ignored
[INFO] [1790411835.446555821] [uav1.mavros]: Plugin setpoint_velocity created
[INFO] [1790411835.446607880] [uav1.mavros]: Plugin setpoint_velocity initialized
[INFO] [1790411835.980120976] [uav1.mavros]: Plugin sys_status created
[INFO] [1790411835.980207782] [uav1.mavros]: Plugin sys_status initialized
[INFO] [1790411836.120800561] [uav1.mavros.time]: TM: Timesync mode: MAVLINK
[INFO] [1790411836.164355116] [uav1.mavros]: Plugin sys_time created
[INFO] [1790411836.164424107] [uav1.mavros]: Plugin sys_time initialized
[INFO] [1790411836.164437584] [uav1.mavros]: Plugin waypoint ignored
[INFO] [1790411836.164443972] [uav1.mavros]: Plugin wind_estimation ignored
[INFO] [1790411836.175794720] [uav1.mavros]: Built-in SIMD instructions: SSE, SSE2
[INFO] [1790411836.178367677] [uav1.mavros]: Built-in MAVLink package version: 2026.8.8
[INFO] [1790411836.179309978] [uav1.mavros]: Known MAVLink dialects: common ardupilotmega ASLUAV AVSSUAS all csAirLink cubepilot development icarous loweheiser marsh paparazzi standard stemstudios storm32 uAvionix ualberta
[INFO] [1790411836.179339013] [uav1.mavros]: MAVROS UAS via /uas1 started. MY ID 1.191, TARGET ID 1.1
[INFO] [1790411836.212124513] [uav1.mavros_router]: link[1001] detected remote address 1.191
[INFO] [1790411836.997503588] [uav1.mavros]: CON: Got HEARTBEAT, connected. FCU: PX4 Autopilot
[INFO] [1790411837.032415070] [uav1.mavros.sys]: VER: 1.1: Capabilities         0x000000000000e8ff
[INFO] [1790411837.032486831] [uav1.mavros.sys]: VER: 1.1: Flight software:     011200c0 (fca3df865a000000)
[INFO] [1790411837.032497629] [uav1.mavros.sys]: VER: 1.1: Middleware software: 011200c0 (fca3df865a000000)
[INFO] [1790411837.032504707] [uav1.mavros.sys]: VER: 1.1: OS software:         070000ff (17040b9f87cb1791)
[INFO] [1790411837.032510244] [uav1.mavros.sys]: VER: 1.1: Board hardware:      00000001
[INFO] [1790411837.032515920] [uav1.mavros.sys]: VER: 1.1: VID/PID:             0000:0000
[INFO] [1790411837.032521677] [uav1.mavros.sys]: VER: 1.1: UID:                 4954414c44494e4f
[WARN] [1790411837.035191462] [uav1.mavros.cmd]: CMD: Unexpected command 512, result 0
[WARN] [1790411846.564421135] [uav1.mavros.sys]: FCU: UNK(8): EVENT 11047904 with args -0-0-0-0-0-128-0-0-0-176-122-127-128-176-122-127-128-0-0-0-0-0-0-0-0-0-0-0-0-0-0-0-0-0-0-0-0-0-0-0-
[INFO] [1790411846.564530888] [uav1.mavros.sys]: FCU: EVENT 377561 with args -8-0-0-0-20-0-0-0-0-0-0-0-0-0-0-0-0-0-0-0-0-0-0-0-0-0-0-0-0-0-0-0-0-0-0-0-0-0-0-0-
[WARN] [1790411846.565737776] [uav1.mavros.sys]: FCU: EVENT 453929 with args -255-255-255-255-7-0-0-0-0-0-0-0-0-0-0-0-0-0-0-0-0-0-0-0-0-0-0-0-0-0-0-0-0-0-0-0-0-0-0-0-
[INFO] [1790411846.565790291] [uav1.mavros.sys]: FCU: EVENT 6801787 with args -255-255-255-255-12-0-0-0-0-0-0-0-0-0-0-0-0-0-0-0-0-0-0-0-0-0-0-0-0-0-0-0-0-0-0-0-0-0-0-0-
[WARN] [1790411846.565826572] [uav1.mavros.sys]: FCU: UNK(8): EVENT 1914663 with args -0-10-13-2-56-0-0-0-0-0-0-0-0-0-0-0-0-0-0-0-0-0-0-0-0-0-0-0-0-0-0-0-0-0-0-0-0-0-0-0-
[WARN] [1790411851.774470645] [uav1.mavros.cmd]: CMD: Unexpected command 176, result 0
[INFO] [1790411852.659855914] [uav1.mavros.sys]: FCU: EVENT 9489139 with args -4-0-0-0-0-0-0-0-0-0-0-0-0-0-0-0-0-0-0-0-0-0-0-0-0-0-0-0-0-0-0-0-0-0-0-0-0-0-0-0-
[INFO] [1790411854.694125088] [uav1.mavros.sys]: FCU: EVENT 4277609 with args -0-0-0-0-0-0-0-0-0-0-0-0-0-0-0-0-0-0-0-0-0-0-0-0-0-0-0-0-0-0-0-0-0-0-0-0-0-0-0-0-
[WARN] [1790412109.458978217] [uav1.mavros.cmd]: CMD: Unexpected command 176, result 0
[INFO] [1790412141.733065932] [uav1.mavros.sys]: FCU: EVENT 9844908 with args -0-0-0-0-0-0-0-0-0-0-0-0-0-0-0-0-0-0-0-0-0-0-0-0-0-0-0-0-0-0-0-0-0-0-0-0-0-0-0-0-
[INFO] [1790412143.889782926] [uav1.mavros.sys]: FCU: EVENT 16017271 with args -6-0-0-0-0-0-0-0-0-0-0-0-0-0-0-0-0-0-0-0-0-0-0-0-0-0-0-0-0-0-0-0-0-0-0-0-0-0-0-0-
[WARN] [1790412148.042318253] [uav1.mavros.sys]: FCU: UNK(8): EVENT 11047904 with args -0-0-0-0-0-128-0-0-0-176-122-127-128-176-122-127-128-0-0-0-0-0-0-0-0-0-0-0-0-0-0-0-0-0-0-0-0-0-0-0-
[INFO] [1790412148.042442181] [uav1.mavros.sys]: FCU: EVENT 377561 with args -8-0-0-0-20-0-0-0-0-0-0-0-0-0-0-0-0-0-0-0-0-0-0-0-0-0-0-0-0-0-0-0-0-0-0-0-0-0-0-0-
[WARN] [1790412148.042521903] [uav1.mavros.sys]: FCU: EVENT 453929 with args -255-255-255-255-7-0-0-0-0-0-0-0-0-0-0-0-0-0-0-0-0-0-0-0-0-0-0-0-0-0-0-0-0-0-0-0-0-0-0-0-
[INFO] [1790412148.042619777] [uav1.mavros.sys]: FCU: EVENT 6801787 with args -255-255-255-255-12-0-0-0-0-0-0-0-0-0-0-0-0-0-0-0-0-0-0-0-0-0-0-0-0-0-0-0-0-0-0-0-0-0-0-0-
[WARN] [1790412148.042645100] [uav1.mavros.sys]: FCU: UNK(8): EVENT 1914663 with args -0-10-9-2-56-0-0-0-0-0-0-0-0-0-0-0-0-0-0-0-0-0-0-0-0-0-0-0-0-0-0-0-0-0-0-0-0-0-0-0-
[INFO] [1790412149.927962470] [rclcpp]: signal_handler(SIGINT/SIGTERM)
[WARN] [1790412149.931500437] [uav1.mavros]: UAS Executor terminated
