[INFO] [1790655070.388277206] [uav8.mavros_node]: Starting mavros_node container
[INFO] [1790655070.389344026] [uav8.mavros_node]: FCU URL: udp://:14547@127.0.0.1:14587
[INFO] [1790655070.389357474] [uav8.mavros_node]: GCS URL: 
[INFO] [1790655070.389362201] [uav8.mavros_node]: UAS Prefix: /uas8
[INFO] [1790655070.389366548] [uav8.mavros_node]: Starting mavros router node
[INFO] [1790655070.479203028] [uav8.mavros_router]: Built-in SIMD instructions: SSE, SSE2
[INFO] [1790655070.479228958] [uav8.mavros_router]: Built-in MAVLink package version: 2026.8.8
[INFO] [1790655070.479236994] [uav8.mavros_router]: Known MAVLink dialects: common ardupilotmega ASLUAV AVSSUAS all csAirLink cubepilot development icarous loweheiser marsh paparazzi standard stemstudios storm32 uAvionix ualberta
[INFO] [1790655070.479243055] [uav8.mavros_router]: MAVROS Router started
[INFO] [1790655070.479351916] [uav8.mavros_node]: Starting mavros uas node
[INFO] [1790655070.679564436] [uav8.mavros_router]: Requested to add endpoint: type: 0, url: udp://:14547@127.0.0.1:14587
[INFO] [1790655070.679621972] [uav8.mavros_router]: Endpoint link[1000] created
[INFO] [1790655070.681930005] [uav8.mavros_router]: link[1000] opened successfully
[INFO] [1790655070.681967422] [uav8.mavros_router]: Requested to add endpoint: type: 2, url: /uas8
[INFO] [1790655070.681997779] [uav8.mavros_router]: Endpoint link[1001] created
[INFO] [1790655070.691416883] [uav8.mavros]: Plugin actuator_control ignored
[INFO] [1790655070.692080090] [uav8.mavros]: Plugin altitude ignored
[INFO] [1790655070.691837291] [uav8.mavros]: UAS Executor started, threads: 4
[INFO] [1790655070.693158213] [uav8.mavros_router]: link[1000] detected remote address 8.1
[INFO] [1790655070.736329815] [uav8.mavros_router]: link[1001] opened successfully
[INFO] [1790655070.904548101] [uav8.mavros]: Plugin command created
[INFO] [1790655070.904612243] [uav8.mavros]: Plugin command initialized
[INFO] [1790655070.904624238] [uav8.mavros]: Plugin ftp ignored
[INFO] [1790655070.904630089] [uav8.mavros]: Plugin geofence ignored
[INFO] [1790655071.228434865] [uav8.mavros]: Plugin global_position created
[INFO] [1790655071.228490728] [uav8.mavros]: Plugin global_position initialized
[INFO] [1790655071.228500728] [uav8.mavros]: Plugin home_position ignored
[INFO] [1790655071.228505845] [uav8.mavros]: Plugin imu ignored
[INFO] [1790655071.480302081] [uav8.mavros]: Plugin local_position created
[INFO] [1790655071.480360258] [uav8.mavros]: Plugin local_position initialized
[INFO] [1790655071.480371764] [uav8.mavros]: Plugin manual_control ignored
[INFO] [1790655071.480377410] [uav8.mavros]: Plugin nav_controller_output ignored
[INFO] [1790655071.480382178] [uav8.mavros]: Plugin param ignored
[INFO] [1790655071.480387009] [uav8.mavros]: Plugin rallypoint ignored
[INFO] [1790655071.480391359] [uav8.mavros]: Plugin rc_io ignored
[INFO] [1790655071.480396002] [uav8.mavros]: Plugin setpoint_accel ignored
[INFO] [1790655071.480400642] [uav8.mavros]: Plugin setpoint_attitude ignored
[INFO] [1790655071.480405009] [uav8.mavros]: Plugin setpoint_position ignored
[INFO] [1790655071.480409806] [uav8.mavros]: Plugin setpoint_raw ignored
[INFO] [1790655071.480414491] [uav8.mavros]: Plugin setpoint_trajectory ignored
[INFO] [1790655071.655209922] [uav8.mavros]: Plugin setpoint_velocity created
[INFO] [1790655071.655278064] [uav8.mavros]: Plugin setpoint_velocity initialized
[INFO] [1790655071.901965036] [uav8.mavros]: Plugin sys_status created
[INFO] [1790655071.902035803] [uav8.mavros]: Plugin sys_status initialized
[INFO] [1790655072.025451123] [uav8.mavros.time]: TM: Timesync mode: MAVLINK
[INFO] [1790655072.101655860] [uav8.mavros]: Plugin sys_time created
[INFO] [1790655072.101704974] [uav8.mavros]: Plugin sys_time initialized
[INFO] [1790655072.101714119] [uav8.mavros]: Plugin waypoint ignored
[INFO] [1790655072.101720133] [uav8.mavros]: Plugin wind_estimation ignored
[INFO] [1790655072.162120132] [uav8.mavros]: Built-in SIMD instructions: SSE, SSE2
[INFO] [1790655072.162153845] [uav8.mavros]: Built-in MAVLink package version: 2026.8.8
[INFO] [1790655072.162181761] [uav8.mavros]: Known MAVLink dialects: common ardupilotmega ASLUAV AVSSUAS all csAirLink cubepilot development icarous loweheiser marsh paparazzi standard stemstudios storm32 uAvionix ualberta
[INFO] [1790655072.162189113] [uav8.mavros]: MAVROS UAS via /uas8 started. MY ID 8.191, TARGET ID 8.1
[INFO] [1790655072.176655930] [uav8.mavros_router]: link[1001] detected remote address 8.191
[INFO] [1790655072.722381323] [uav8.mavros]: CON: Got HEARTBEAT, connected. FCU: PX4 Autopilot
[INFO] [1790655073.741336941] [uav8.mavros.sys]: VER: 8.1: Capabilities         0x000000000000e8ff
[INFO] [1790655073.741394557] [uav8.mavros.sys]: VER: 8.1: Flight software:     011200c0 (fca3df865a000000)
[INFO] [1790655073.741402587] [uav8.mavros.sys]: VER: 8.1: Middleware software: 011200c0 (fca3df865a000000)
[INFO] [1790655073.741407637] [uav8.mavros.sys]: VER: 8.1: OS software:         070000ff (17040b9f87cb1791)
[INFO] [1790655073.741412327] [uav8.mavros.sys]: VER: 8.1: Board hardware:      00000001
[INFO] [1790655073.741416670] [uav8.mavros.sys]: VER: 8.1: VID/PID:             0000:0000
[INFO] [1790655073.741420941] [uav8.mavros.sys]: VER: 8.1: UID:                 4954414c44494e56
[WARN] [1790655073.749819381] [uav8.mavros.cmd]: CMD: Unexpected command 512, result 0
[WARN] [1790655073.880007536] [uav8.mavros.sys]: FCU: UNK(8): EVENT 11047904 with args -0-0-0-16-0-128-0-0-0-176-58-127-128-176-58-127-128-0-0-0-0-0-0-0-0-0-0-0-0-0-0-0-0-0-0-0-0-0-0-0-
[ERROR] [1790655073.880083135] [uav8.mavros.sys]: FCU: EVENT 11464574 with args -0-64-0-0-20-0-0-0-0-0-0-0-0-0-0-0-0-0-0-0-0-0-0-0-0-0-0-0-0-0-0-0-0-0-0-0-0-0-0-0-
[INFO] [1790655073.880137735] [uav8.mavros.sys]: FCU: EVENT 377561 with args -8-0-0-0-20-0-0-0-0-0-0-0-0-0-0-0-0-0-0-0-0-0-0-0-0-0-0-0-0-0-0-0-0-0-0-0-0-0-0-0-
[WARN] [1790655073.880174566] [uav8.mavros.sys]: FCU: EVENT 453929 with args -255-255-255-255-7-0-0-0-0-0-0-0-0-0-0-0-0-0-0-0-0-0-0-0-0-0-0-0-0-0-0-0-0-0-0-0-0-0-0-0-
[INFO] [1790655073.880210500] [uav8.mavros.sys]: FCU: EVENT 6801787 with args -255-255-255-255-12-0-0-0-0-0-0-0-0-0-0-0-0-0-0-0-0-0-0-0-0-0-0-0-0-0-0-0-0-0-0-0-0-0-0-0-
[WARN] [1790655073.880245229] [uav8.mavros.sys]: FCU: UNK(8): EVENT 1914663 with args -0-10-13-2-56-0-0-0-0-0-0-0-0-0-0-0-0-0-0-0-0-0-0-0-0-0-0-0-0-0-0-0-0-0-0-0-0-0-0-0-
[WARN] [1790655081.926425120] [uav8.mavros.sys]: FCU: UNK(8): EVENT 11047904 with args -0-0-0-0-0-128-0-0-0-176-122-127-128-176-122-127-128-0-0-0-0-0-0-0-0-0-0-0-0-0-0-0-0-0-0-0-0-0-0-0-
[INFO] [1790655081.926539397] [uav8.mavros.sys]: FCU: EVENT 377561 with args -8-0-0-0-20-0-0-0-0-0-0-0-0-0-0-0-0-0-0-0-0-0-0-0-0-0-0-0-0-0-0-0-0-0-0-0-0-0-0-0-
[WARN] [1790655081.926582776] [uav8.mavros.sys]: FCU: EVENT 453929 with args -255-255-255-255-7-0-0-0-0-0-0-0-0-0-0-0-0-0-0-0-0-0-0-0-0-0-0-0-0-0-0-0-0-0-0-0-0-0-0-0-
[INFO] [1790655081.926619720] [uav8.mavros.sys]: FCU: EVENT 6801787 with args -255-255-255-255-12-0-0-0-0-0-0-0-0-0-0-0-0-0-0-0-0-0-0-0-0-0-0-0-0-0-0-0-0-0-0-0-0-0-0-0-
[WARN] [1790655081.926654801] [uav8.mavros.sys]: FCU: UNK(8): EVENT 1914663 with args -0-10-13-2-56-0-0-0-0-0-0-0-0-0-0-0-0-0-0-0-0-0-0-0-0-0-0-0-0-0-0-0-0-0-0-0-0-0-0-0-
[WARN] [1790655087.769837202] [uav8.mavros.cmd]: CMD: Unexpected command 176, result 0
[INFO] [1790655088.310635536] [uav8.mavros.sys]: FCU: EVENT 9489139 with args -4-0-0-0-0-0-0-0-0-0-0-0-0-0-0-0-0-0-0-0-0-0-0-0-0-0-0-0-0-0-0-0-0-0-0-0-0-0-0-0-
[INFO] [1790655090.353578981] [uav8.mavros.sys]: FCU: EVENT 4277609 with args -0-0-0-0-0-0-0-0-0-0-0-0-0-0-0-0-0-0-0-0-0-0-0-0-0-0-0-0-0-0-0-0-0-0-0-0-0-0-0-0-
[WARN] [1790655344.211311227] [uav8.mavros.cmd]: CMD: Unexpected command 176, result 0
[INFO] [1790655375.924028382] [uav8.mavros.sys]: FCU: EVENT 9844908 with args -0-0-0-0-0-0-0-0-0-0-0-0-0-0-0-0-0-0-0-0-0-0-0-0-0-0-0-0-0-0-0-0-0-0-0-0-0-0-0-0-
[INFO] [1790655378.061465605] [uav8.mavros.sys]: FCU: EVENT 16017271 with args -6-0-0-0-0-0-0-0-0-0-0-0-0-0-0-0-0-0-0-0-0-0-0-0-0-0-0-0-0-0-0-0-0-0-0-0-0-0-0-0-
[WARN] [1790655382.097759101] [uav8.mavros.sys]: FCU: UNK(8): EVENT 11047904 with args -0-0-0-0-0-128-0-0-0-176-122-127-128-176-122-127-128-0-0-0-0-0-0-0-0-0-0-0-0-0-0-0-0-0-0-0-0-0-0-0-
[INFO] [1790655382.097862940] [uav8.mavros.sys]: FCU: EVENT 377561 with args -8-0-0-0-20-0-0-0-0-0-0-0-0-0-0-0-0-0-0-0-0-0-0-0-0-0-0-0-0-0-0-0-0-0-0-0-0-0-0-0-
[WARN] [1790655382.097954853] [uav8.mavros.sys]: FCU: EVENT 453929 with args -255-255-255-255-7-0-0-0-0-0-0-0-0-0-0-0-0-0-0-0-0-0-0-0-0-0-0-0-0-0-0-0-0-0-0-0-0-0-0-0-
[INFO] [1790655382.097976769] [uav8.mavros.sys]: FCU: EVENT 6801787 with args -255-255-255-255-12-0-0-0-0-0-0-0-0-0-0-0-0-0-0-0-0-0-0-0-0-0-0-0-0-0-0-0-0-0-0-0-0-0-0-0-
[WARN] [1790655382.098046100] [uav8.mavros.sys]: FCU: UNK(8): EVENT 1914663 with args -0-10-9-2-56-0-0-0-0-0-0-0-0-0-0-0-0-0-0-0-0-0-0-0-0-0-0-0-0-0-0-0-0-0-0-0-0-0-0-0-
[INFO] [1790655385.263223501] [rclcpp]: signal_handler(SIGINT/SIGTERM)
[WARN] [1790655385.267724506] [uav8.mavros]: UAS Executor terminated
