[INFO] [1790655070.379876612] [uav7.mavros_node]: Starting mavros_node container
[INFO] [1790655070.382217759] [uav7.mavros_node]: FCU URL: udp://:14546@127.0.0.1:14586
[INFO] [1790655070.382819937] [uav7.mavros_node]: GCS URL: 
[INFO] [1790655070.382829791] [uav7.mavros_node]: UAS Prefix: /uas7
[INFO] [1790655070.382834405] [uav7.mavros_node]: Starting mavros router node
[INFO] [1790655070.456588175] [uav7.mavros_router]: Built-in SIMD instructions: SSE, SSE2
[INFO] [1790655070.467700730] [uav7.mavros_router]: Built-in MAVLink package version: 2026.8.8
[INFO] [1790655070.467715100] [uav7.mavros_router]: Known MAVLink dialects: common ardupilotmega ASLUAV AVSSUAS all csAirLink cubepilot development icarous loweheiser marsh paparazzi standard stemstudios storm32 uAvionix ualberta
[INFO] [1790655070.467722339] [uav7.mavros_router]: MAVROS Router started
[INFO] [1790655070.467850813] [uav7.mavros_node]: Starting mavros uas node
[INFO] [1790655070.670288909] [uav7.mavros_router]: Requested to add endpoint: type: 0, url: udp://:14546@127.0.0.1:14586
[INFO] [1790655070.670366138] [uav7.mavros_router]: Endpoint link[1000] created
[INFO] [1790655070.671645471] [uav7.mavros_router]: link[1000] opened successfully
[INFO] [1790655070.671693756] [uav7.mavros_router]: Requested to add endpoint: type: 2, url: /uas7
[INFO] [1790655070.671742368] [uav7.mavros_router]: Endpoint link[1001] created
[INFO] [1790655070.672797610] [uav7.mavros_router]: link[1000] detected remote address 7.1
[INFO] [1790655070.683849016] [uav7.mavros]: Plugin actuator_control ignored
[INFO] [1790655070.684499284] [uav7.mavros]: Plugin altitude ignored
[INFO] [1790655070.684068429] [uav7.mavros]: UAS Executor started, threads: 4
[INFO] [1790655070.728902146] [uav7.mavros_router]: link[1001] opened successfully
[INFO] [1790655070.953824165] [uav7.mavros]: Plugin command created
[INFO] [1790655070.953891866] [uav7.mavros]: Plugin command initialized
[INFO] [1790655070.953903025] [uav7.mavros]: Plugin ftp ignored
[INFO] [1790655070.953908960] [uav7.mavros]: Plugin geofence ignored
[INFO] [1790655071.111381755] [uav7.mavros]: Plugin global_position created
[INFO] [1790655071.122174020] [uav7.mavros]: Plugin global_position initialized
[INFO] [1790655071.122192698] [uav7.mavros]: Plugin home_position ignored
[INFO] [1790655071.122198279] [uav7.mavros]: Plugin imu ignored
[INFO] [1790655071.363869240] [uav7.mavros]: Plugin local_position created
[INFO] [1790655071.363922830] [uav7.mavros]: Plugin local_position initialized
[INFO] [1790655071.363932984] [uav7.mavros]: Plugin manual_control ignored
[INFO] [1790655071.363937797] [uav7.mavros]: Plugin nav_controller_output ignored
[INFO] [1790655071.363943230] [uav7.mavros]: Plugin param ignored
[INFO] [1790655071.363948529] [uav7.mavros]: Plugin rallypoint ignored
[INFO] [1790655071.363953515] [uav7.mavros]: Plugin rc_io ignored
[INFO] [1790655071.363958223] [uav7.mavros]: Plugin setpoint_accel ignored
[INFO] [1790655071.363963032] [uav7.mavros]: Plugin setpoint_attitude ignored
[INFO] [1790655071.363969157] [uav7.mavros]: Plugin setpoint_position ignored
[INFO] [1790655071.363975521] [uav7.mavros]: Plugin setpoint_raw ignored
[INFO] [1790655071.363980109] [uav7.mavros]: Plugin setpoint_trajectory ignored
[INFO] [1790655071.572767942] [uav7.mavros]: Plugin setpoint_velocity created
[INFO] [1790655071.572818268] [uav7.mavros]: Plugin setpoint_velocity initialized
[INFO] [1790655071.930437939] [uav7.mavros]: Plugin sys_status created
[INFO] [1790655071.930512281] [uav7.mavros]: Plugin sys_status initialized
[INFO] [1790655072.065589697] [uav7.mavros.time]: TM: Timesync mode: MAVLINK
[INFO] [1790655072.102540142] [uav7.mavros]: Plugin sys_time created
[INFO] [1790655072.102588549] [uav7.mavros]: Plugin sys_time initialized
[INFO] [1790655072.102597115] [uav7.mavros]: Plugin waypoint ignored
[INFO] [1790655072.102602517] [uav7.mavros]: Plugin wind_estimation ignored
[INFO] [1790655072.140370841] [uav7.mavros]: Built-in SIMD instructions: SSE, SSE2
[INFO] [1790655072.144895347] [uav7.mavros]: Built-in MAVLink package version: 2026.8.8
[INFO] [1790655072.144938072] [uav7.mavros]: Known MAVLink dialects: common ardupilotmega ASLUAV AVSSUAS all csAirLink cubepilot development icarous loweheiser marsh paparazzi standard stemstudios storm32 uAvionix ualberta
[INFO] [1790655072.144944915] [uav7.mavros]: MAVROS UAS via /uas7 started. MY ID 7.191, TARGET ID 7.1
[INFO] [1790655072.219559080] [uav7.mavros_router]: link[1001] detected remote address 7.191
[INFO] [1790655072.557748309] [uav7.mavros]: CON: Got HEARTBEAT, connected. FCU: PX4 Autopilot
[INFO] [1790655073.586809707] [uav7.mavros.sys]: VER: 7.1: Capabilities         0x000000000000e8ff
[INFO] [1790655073.586855003] [uav7.mavros.sys]: VER: 7.1: Flight software:     011200c0 (fca3df865a000000)
[INFO] [1790655073.586862477] [uav7.mavros.sys]: VER: 7.1: Middleware software: 011200c0 (fca3df865a000000)
[INFO] [1790655073.586867543] [uav7.mavros.sys]: VER: 7.1: OS software:         070000ff (17040b9f87cb1791)
[INFO] [1790655073.586872698] [uav7.mavros.sys]: VER: 7.1: Board hardware:      00000001
[INFO] [1790655073.586877832] [uav7.mavros.sys]: VER: 7.1: VID/PID:             0000:0000
[INFO] [1790655073.586882858] [uav7.mavros.sys]: VER: 7.1: UID:                 4954414c44494e55
[WARN] [1790655073.589426949] [uav7.mavros.cmd]: CMD: Unexpected command 512, result 0
[WARN] [1790655080.891473895] [uav7.mavros.sys]: FCU: UNK(8): EVENT 11047904 with args -0-0-0-0-0-128-0-0-0-176-122-127-128-176-122-127-128-0-0-0-0-0-0-0-0-0-0-0-0-0-0-0-0-0-0-0-0-0-0-0-
[INFO] [1790655080.891861497] [uav7.mavros.sys]: FCU: EVENT 377561 with args -8-0-0-0-20-0-0-0-0-0-0-0-0-0-0-0-0-0-0-0-0-0-0-0-0-0-0-0-0-0-0-0-0-0-0-0-0-0-0-0-
[WARN] [1790655080.892351560] [uav7.mavros.sys]: FCU: EVENT 453929 with args -255-255-255-255-7-0-0-0-0-0-0-0-0-0-0-0-0-0-0-0-0-0-0-0-0-0-0-0-0-0-0-0-0-0-0-0-0-0-0-0-
[INFO] [1790655080.892416365] [uav7.mavros.sys]: FCU: EVENT 6801787 with args -255-255-255-255-12-0-0-0-0-0-0-0-0-0-0-0-0-0-0-0-0-0-0-0-0-0-0-0-0-0-0-0-0-0-0-0-0-0-0-0-
[WARN] [1790655080.892456768] [uav7.mavros.sys]: FCU: UNK(8): EVENT 1914663 with args -0-10-13-2-56-0-0-0-0-0-0-0-0-0-0-0-0-0-0-0-0-0-0-0-0-0-0-0-0-0-0-0-0-0-0-0-0-0-0-0-
[WARN] [1790655087.733095507] [uav7.mavros.cmd]: CMD: Unexpected command 176, result 0
[INFO] [1790655088.237518804] [uav7.mavros.sys]: FCU: EVENT 9489139 with args -4-0-0-0-0-0-0-0-0-0-0-0-0-0-0-0-0-0-0-0-0-0-0-0-0-0-0-0-0-0-0-0-0-0-0-0-0-0-0-0-
[INFO] [1790655090.164258512] [uav7.mavros.sys]: FCU: EVENT 4277609 with args -0-0-0-0-0-0-0-0-0-0-0-0-0-0-0-0-0-0-0-0-0-0-0-0-0-0-0-0-0-0-0-0-0-0-0-0-0-0-0-0-
[WARN] [1790655344.177721222] [uav7.mavros.cmd]: CMD: Unexpected command 176, result 0
[INFO] [1790655380.056310847] [uav7.mavros.sys]: FCU: EVENT 9844908 with args -0-0-0-0-0-0-0-0-0-0-0-0-0-0-0-0-0-0-0-0-0-0-0-0-0-0-0-0-0-0-0-0-0-0-0-0-0-0-0-0-
[INFO] [1790655382.208252566] [uav7.mavros.sys]: FCU: EVENT 16017271 with args -6-0-0-0-0-0-0-0-0-0-0-0-0-0-0-0-0-0-0-0-0-0-0-0-0-0-0-0-0-0-0-0-0-0-0-0-0-0-0-0-
[INFO] [1790655385.262795631] [rclcpp]: signal_handler(SIGINT/SIGTERM)
[WARN] [1790655385.266000166] [uav7.mavros]: UAS Executor terminated
