[INFO] [1790582915.486966732] [uav1.mavros_node]: Starting mavros_node container
[INFO] [1790582915.488098134] [uav1.mavros_node]: FCU URL: udp://:14540@127.0.0.1:14580
[INFO] [1790582915.488161204] [uav1.mavros_node]: GCS URL: 
[INFO] [1790582915.488183855] [uav1.mavros_node]: UAS Prefix: /uas1
[INFO] [1790582915.488195030] [uav1.mavros_node]: Starting mavros router node
[INFO] [1790582915.532441177] [uav1.mavros_router]: Built-in SIMD instructions: SSE, SSE2
[INFO] [1790582915.532493021] [uav1.mavros_router]: Built-in MAVLink package version: 2026.8.8
[INFO] [1790582915.532504841] [uav1.mavros_router]: Known MAVLink dialects: common ardupilotmega ASLUAV AVSSUAS all csAirLink cubepilot development icarous loweheiser marsh paparazzi standard stemstudios storm32 uAvionix ualberta
[INFO] [1790582915.532512410] [uav1.mavros_router]: MAVROS Router started
[INFO] [1790582915.532676365] [uav1.mavros_node]: Starting mavros uas node
[INFO] [1790582915.694626044] [uav1.mavros_router]: Requested to add endpoint: type: 0, url: udp://:14540@127.0.0.1:14580
[INFO] [1790582915.694689644] [uav1.mavros_router]: Endpoint link[1000] created
[INFO] [1790582915.701572583] [uav1.mavros_router]: link[1000] opened successfully
[INFO] [1790582915.701751996] [uav1.mavros_router]: Requested to add endpoint: type: 2, url: /uas1
[INFO] [1790582915.701812558] [uav1.mavros_router]: Endpoint link[1001] created
[INFO] [1790582915.705154577] [uav1.mavros_router]: link[1000] detected remote address 1.1
[INFO] [1790582915.722266374] [uav1.mavros]: Plugin actuator_control ignored
[INFO] [1790582915.722334648] [uav1.mavros]: Plugin altitude ignored
[INFO] [1790582915.723067995] [uav1.mavros]: UAS Executor started, threads: 4
[INFO] [1790582915.822464616] [uav1.mavros_router]: link[1001] opened successfully
[INFO] [1790582916.022439798] [uav1.mavros]: Plugin command created
[INFO] [1790582916.022507718] [uav1.mavros]: Plugin command initialized
[INFO] [1790582916.022517402] [uav1.mavros]: Plugin ftp ignored
[INFO] [1790582916.022522708] [uav1.mavros]: Plugin geofence ignored
[INFO] [1790582916.356091680] [uav1.mavros]: Plugin global_position created
[INFO] [1790582916.356163538] [uav1.mavros]: Plugin global_position initialized
[INFO] [1790582916.356174580] [uav1.mavros]: Plugin home_position ignored
[INFO] [1790582916.356181512] [uav1.mavros]: Plugin imu ignored
[INFO] [1790582916.797206684] [uav1.mavros]: Plugin local_position created
[INFO] [1790582916.797250898] [uav1.mavros]: Plugin local_position initialized
[INFO] [1790582916.797261253] [uav1.mavros]: Plugin manual_control ignored
[INFO] [1790582916.797267548] [uav1.mavros]: Plugin nav_controller_output ignored
[INFO] [1790582916.797273870] [uav1.mavros]: Plugin param ignored
[INFO] [1790582916.797279867] [uav1.mavros]: Plugin rallypoint ignored
[INFO] [1790582916.797285464] [uav1.mavros]: Plugin rc_io ignored
[INFO] [1790582916.797290955] [uav1.mavros]: Plugin setpoint_accel ignored
[INFO] [1790582916.797296788] [uav1.mavros]: Plugin setpoint_attitude ignored
[INFO] [1790582916.797302472] [uav1.mavros]: Plugin setpoint_position ignored
[INFO] [1790582916.797308051] [uav1.mavros]: Plugin setpoint_raw ignored
[INFO] [1790582916.797313928] [uav1.mavros]: Plugin setpoint_trajectory ignored
[INFO] [1790582916.993954420] [uav1.mavros]: Plugin setpoint_velocity created
[INFO] [1790582916.994026627] [uav1.mavros]: Plugin setpoint_velocity initialized
[INFO] [1790582917.243182162] [uav1.mavros]: Plugin sys_status created
[INFO] [1790582917.243267968] [uav1.mavros]: Plugin sys_status initialized
[INFO] [1790582917.425356351] [uav1.mavros.time]: TM: Timesync mode: MAVLINK
[INFO] [1790582917.445984159] [uav1.mavros]: Plugin sys_time created
[INFO] [1790582917.446056578] [uav1.mavros]: Plugin sys_time initialized
[INFO] [1790582917.446069433] [uav1.mavros]: Plugin waypoint ignored
[INFO] [1790582917.446075657] [uav1.mavros]: Plugin wind_estimation ignored
[INFO] [1790582917.471688503] [uav1.mavros]: Built-in SIMD instructions: SSE, SSE2
[INFO] [1790582917.471744790] [uav1.mavros]: Built-in MAVLink package version: 2026.8.8
[INFO] [1790582917.471780444] [uav1.mavros]: Known MAVLink dialects: common ardupilotmega ASLUAV AVSSUAS all csAirLink cubepilot development icarous loweheiser marsh paparazzi standard stemstudios storm32 uAvionix ualberta
[INFO] [1790582917.471789519] [uav1.mavros]: MAVROS UAS via /uas1 started. MY ID 1.191, TARGET ID 1.1
[INFO] [1790582917.501914593] [uav1.mavros_router]: link[1001] detected remote address 1.191
[INFO] [1790582918.051231225] [uav1.mavros]: CON: Got HEARTBEAT, connected. FCU: PX4 Autopilot
[INFO] [1790582919.122911791] [uav1.mavros.sys]: VER: 1.1: Capabilities         0x000000000000e8ff
[INFO] [1790582919.122974539] [uav1.mavros.sys]: VER: 1.1: Flight software:     011200c0 (fca3df865a000000)
[INFO] [1790582919.122984236] [uav1.mavros.sys]: VER: 1.1: Middleware software: 011200c0 (fca3df865a000000)
[INFO] [1790582919.122989925] [uav1.mavros.sys]: VER: 1.1: OS software:         070000ff (17040b9f87cb1791)
[INFO] [1790582919.122995748] [uav1.mavros.sys]: VER: 1.1: Board hardware:      00000001
[INFO] [1790582919.123001770] [uav1.mavros.sys]: VER: 1.1: VID/PID:             0000:0000
[INFO] [1790582919.123007860] [uav1.mavros.sys]: VER: 1.1: UID:                 4954414c44494e4f
[WARN] [1790582919.124841188] [uav1.mavros.cmd]: CMD: Unexpected command 512, result 0
[WARN] [1790582929.165733603] [uav1.mavros.sys]: FCU: UNK(8): EVENT 11047904 with args -0-0-0-0-0-128-0-0-0-176-122-127-128-176-122-127-128-0-0-0-0-0-0-0-0-0-0-0-0-0-0-0-0-0-0-0-0-0-0-0-
[INFO] [1790582929.165869207] [uav1.mavros.sys]: FCU: EVENT 377561 with args -8-0-0-0-20-0-0-0-0-0-0-0-0-0-0-0-0-0-0-0-0-0-0-0-0-0-0-0-0-0-0-0-0-0-0-0-0-0-0-0-
[WARN] [1790582929.165918290] [uav1.mavros.sys]: FCU: EVENT 453929 with args -255-255-255-255-7-0-0-0-0-0-0-0-0-0-0-0-0-0-0-0-0-0-0-0-0-0-0-0-0-0-0-0-0-0-0-0-0-0-0-0-
[INFO] [1790582929.165957473] [uav1.mavros.sys]: FCU: EVENT 6801787 with args -255-255-255-255-12-0-0-0-0-0-0-0-0-0-0-0-0-0-0-0-0-0-0-0-0-0-0-0-0-0-0-0-0-0-0-0-0-0-0-0-
[WARN] [1790582929.165996215] [uav1.mavros.sys]: FCU: UNK(8): EVENT 1914663 with args -0-10-13-2-56-0-0-0-0-0-0-0-0-0-0-0-0-0-0-0-0-0-0-0-0-0-0-0-0-0-0-0-0-0-0-0-0-0-0-0-
[WARN] [1790582933.451205180] [uav1.mavros.cmd]: CMD: Unexpected command 176, result 0
[INFO] [1790582933.705738870] [uav1.mavros.sys]: FCU: EVENT 9489139 with args -4-0-0-0-0-0-0-0-0-0-0-0-0-0-0-0-0-0-0-0-0-0-0-0-0-0-0-0-0-0-0-0-0-0-0-0-0-0-0-0-
[INFO] [1790582935.843397085] [uav1.mavros.sys]: FCU: EVENT 4277609 with args -0-0-0-0-0-0-0-0-0-0-0-0-0-0-0-0-0-0-0-0-0-0-0-0-0-0-0-0-0-0-0-0-0-0-0-0-0-0-0-0-
[WARN] [1790583184.987133369] [uav1.mavros.cmd]: CMD: Unexpected command 176, result 0
[INFO] [1790583222.808398714] [uav1.mavros.sys]: FCU: EVENT 9844908 with args -0-0-0-0-0-0-0-0-0-0-0-0-0-0-0-0-0-0-0-0-0-0-0-0-0-0-0-0-0-0-0-0-0-0-0-0-0-0-0-0-
[INFO] [1790583224.896362223] [uav1.mavros.sys]: FCU: EVENT 16017271 with args -6-0-0-0-0-0-0-0-0-0-0-0-0-0-0-0-0-0-0-0-0-0-0-0-0-0-0-0-0-0-0-0-0-0-0-0-0-0-0-0-
[INFO] [1790583227.484693773] [rclcpp]: signal_handler(SIGINT/SIGTERM)
[WARN] [1790583227.486410490] [uav1.mavros]: UAS Executor terminated
