[INFO] [1790582915.483362856] [uav7.mavros_node]: Starting mavros_node container
[INFO] [1790582915.484411741] [uav7.mavros_node]: FCU URL: udp://:14546@127.0.0.1:14586
[INFO] [1790582915.484449424] [uav7.mavros_node]: GCS URL: 
[INFO] [1790582915.484455957] [uav7.mavros_node]: UAS Prefix: /uas7
[INFO] [1790582915.484460868] [uav7.mavros_node]: Starting mavros router node
[INFO] [1790582915.588479989] [uav7.mavros_router]: Built-in SIMD instructions: SSE, SSE2
[INFO] [1790582915.588526947] [uav7.mavros_router]: Built-in MAVLink package version: 2026.8.8
[INFO] [1790582915.588536370] [uav7.mavros_router]: Known MAVLink dialects: common ardupilotmega ASLUAV AVSSUAS all csAirLink cubepilot development icarous loweheiser marsh paparazzi standard stemstudios storm32 uAvionix ualberta
[INFO] [1790582915.588543458] [uav7.mavros_router]: MAVROS Router started
[INFO] [1790582915.588681938] [uav7.mavros_node]: Starting mavros uas node
[INFO] [1790582915.851025501] [uav7.mavros_router]: Requested to add endpoint: type: 0, url: udp://:14546@127.0.0.1:14586
[INFO] [1790582915.851101045] [uav7.mavros_router]: Endpoint link[1000] created
[INFO] [1790582915.851359461] [uav7.mavros_router]: link[1000] opened successfully
[INFO] [1790582915.851384979] [uav7.mavros_router]: Requested to add endpoint: type: 2, url: /uas7
[INFO] [1790582915.851401983] [uav7.mavros_router]: Endpoint link[1001] created
[INFO] [1790582915.852309167] [uav7.mavros_router]: link[1000] detected remote address 7.1
[INFO] [1790582915.887529727] [uav7.mavros]: Plugin actuator_control ignored
[INFO] [1790582915.893262219] [uav7.mavros]: Plugin altitude ignored
[INFO] [1790582915.887584080] [uav7.mavros]: UAS Executor started, threads: 4
[INFO] [1790582915.951767100] [uav7.mavros_router]: link[1001] opened successfully
[INFO] [1790582916.187114507] [uav7.mavros]: Plugin command created
[INFO] [1790582916.187193054] [uav7.mavros]: Plugin command initialized
[INFO] [1790582916.187206466] [uav7.mavros]: Plugin ftp ignored
[INFO] [1790582916.187213742] [uav7.mavros]: Plugin geofence ignored
[INFO] [1790582916.369589854] [uav7.mavros]: Plugin global_position created
[INFO] [1790582916.369658837] [uav7.mavros]: Plugin global_position initialized
[INFO] [1790582916.369668667] [uav7.mavros]: Plugin home_position ignored
[INFO] [1790582916.369674815] [uav7.mavros]: Plugin imu ignored
[INFO] [1790582916.572814669] [uav7.mavros]: Plugin local_position created
[INFO] [1790582916.572880943] [uav7.mavros]: Plugin local_position initialized
[INFO] [1790582916.572895656] [uav7.mavros]: Plugin manual_control ignored
[INFO] [1790582916.572902891] [uav7.mavros]: Plugin nav_controller_output ignored
[INFO] [1790582916.572908720] [uav7.mavros]: Plugin param ignored
[INFO] [1790582916.572913829] [uav7.mavros]: Plugin rallypoint ignored
[INFO] [1790582916.572921340] [uav7.mavros]: Plugin rc_io ignored
[INFO] [1790582916.572928889] [uav7.mavros]: Plugin setpoint_accel ignored
[INFO] [1790582916.572934301] [uav7.mavros]: Plugin setpoint_attitude ignored
[INFO] [1790582916.572945985] [uav7.mavros]: Plugin setpoint_position ignored
[INFO] [1790582916.572957580] [uav7.mavros]: Plugin setpoint_raw ignored
[INFO] [1790582916.572965096] [uav7.mavros]: Plugin setpoint_trajectory ignored
[INFO] [1790582916.865097578] [uav7.mavros]: Plugin setpoint_velocity created
[INFO] [1790582916.865710793] [uav7.mavros]: Plugin setpoint_velocity initialized
[INFO] [1790582917.206966931] [uav7.mavros]: Plugin sys_status created
[INFO] [1790582917.207210135] [uav7.mavros]: Plugin sys_status initialized
[INFO] [1790582917.365081461] [uav7.mavros.time]: TM: Timesync mode: MAVLINK
[INFO] [1790582917.381113073] [uav7.mavros]: Plugin sys_time created
[INFO] [1790582917.381178280] [uav7.mavros]: Plugin sys_time initialized
[INFO] [1790582917.381196010] [uav7.mavros]: Plugin waypoint ignored
[INFO] [1790582917.381205468] [uav7.mavros]: Plugin wind_estimation ignored
[INFO] [1790582917.387517154] [uav7.mavros]: Built-in SIMD instructions: SSE, SSE2
[INFO] [1790582917.387562117] [uav7.mavros]: Built-in MAVLink package version: 2026.8.8
[INFO] [1790582917.387595275] [uav7.mavros]: Known MAVLink dialects: common ardupilotmega ASLUAV AVSSUAS all csAirLink cubepilot development icarous loweheiser marsh paparazzi standard stemstudios storm32 uAvionix ualberta
[INFO] [1790582917.387604405] [uav7.mavros]: MAVROS UAS via /uas7 started. MY ID 7.191, TARGET ID 7.1
[INFO] [1790582917.474595302] [uav7.mavros_router]: link[1001] detected remote address 7.191
[INFO] [1790582917.917561418] [uav7.mavros]: CON: Got HEARTBEAT, connected. FCU: PX4 Autopilot
[WARN] [1790582917.982968582] [uav7.mavros.sys]: FCU: UNK(8): EVENT 11047904 with args -0-0-0-16-0-128-0-0-0-176-58-127-128-176-58-127-128-0-0-0-0-0-0-0-0-0-0-0-0-0-0-0-0-0-0-0-0-0-0-0-
[ERROR] [1790582917.983075668] [uav7.mavros.sys]: FCU: EVENT 11464574 with args -0-64-0-0-20-0-0-0-0-0-0-0-0-0-0-0-0-0-0-0-0-0-0-0-0-0-0-0-0-0-0-0-0-0-0-0-0-0-0-0-
[INFO] [1790582917.983156799] [uav7.mavros.sys]: FCU: EVENT 377561 with args -8-0-0-0-20-0-0-0-0-0-0-0-0-0-0-0-0-0-0-0-0-0-0-0-0-0-0-0-0-0-0-0-0-0-0-0-0-0-0-0-
[WARN] [1790582917.983198663] [uav7.mavros.sys]: FCU: EVENT 453929 with args -255-255-255-255-7-0-0-0-0-0-0-0-0-0-0-0-0-0-0-0-0-0-0-0-0-0-0-0-0-0-0-0-0-0-0-0-0-0-0-0-
[INFO] [1790582917.983238104] [uav7.mavros.sys]: FCU: EVENT 6801787 with args -255-255-255-255-12-0-0-0-0-0-0-0-0-0-0-0-0-0-0-0-0-0-0-0-0-0-0-0-0-0-0-0-0-0-0-0-0-0-0-0-
[WARN] [1790582917.983280496] [uav7.mavros.sys]: FCU: UNK(8): EVENT 1914663 with args -0-10-13-2-56-0-0-0-0-0-0-0-0-0-0-0-0-0-0-0-0-0-0-0-0-0-0-0-0-0-0-0-0-0-0-0-0-0-0-0-
[INFO] [1790582918.940973121] [uav7.mavros.sys]: VER: 7.1: Capabilities         0x000000000000e8ff
[INFO] [1790582918.941032559] [uav7.mavros.sys]: VER: 7.1: Flight software:     011200c0 (fca3df865a000000)
[INFO] [1790582918.941040939] [uav7.mavros.sys]: VER: 7.1: Middleware software: 011200c0 (fca3df865a000000)
[INFO] [1790582918.941046603] [uav7.mavros.sys]: VER: 7.1: OS software:         070000ff (17040b9f87cb1791)
[INFO] [1790582918.941051684] [uav7.mavros.sys]: VER: 7.1: Board hardware:      00000001
[INFO] [1790582918.941056244] [uav7.mavros.sys]: VER: 7.1: VID/PID:             0000:0000
[INFO] [1790582918.941061443] [uav7.mavros.sys]: VER: 7.1: UID:                 4954414c44494e55
[WARN] [1790582918.945063524] [uav7.mavros.cmd]: CMD: Unexpected command 512, result 0
[WARN] [1790582930.769102027] [uav7.mavros.sys]: FCU: UNK(8): EVENT 11047904 with args -0-0-0-0-0-128-0-0-0-176-122-127-128-176-122-127-128-0-0-0-0-0-0-0-0-0-0-0-0-0-0-0-0-0-0-0-0-0-0-0-
[INFO] [1790582930.769233775] [uav7.mavros.sys]: FCU: EVENT 377561 with args -8-0-0-0-20-0-0-0-0-0-0-0-0-0-0-0-0-0-0-0-0-0-0-0-0-0-0-0-0-0-0-0-0-0-0-0-0-0-0-0-
[WARN] [1790582930.769307043] [uav7.mavros.sys]: FCU: EVENT 453929 with args -255-255-255-255-7-0-0-0-0-0-0-0-0-0-0-0-0-0-0-0-0-0-0-0-0-0-0-0-0-0-0-0-0-0-0-0-0-0-0-0-
[INFO] [1790582930.769343138] [uav7.mavros.sys]: FCU: EVENT 6801787 with args -255-255-255-255-12-0-0-0-0-0-0-0-0-0-0-0-0-0-0-0-0-0-0-0-0-0-0-0-0-0-0-0-0-0-0-0-0-0-0-0-
[WARN] [1790582930.769376616] [uav7.mavros.sys]: FCU: UNK(8): EVENT 1914663 with args -0-10-13-2-56-0-0-0-0-0-0-0-0-0-0-0-0-0-0-0-0-0-0-0-0-0-0-0-0-0-0-0-0-0-0-0-0-0-0-0-
[WARN] [1790582933.461706155] [uav7.mavros.cmd]: CMD: Unexpected command 176, result 0
[INFO] [1790582933.555404593] [uav7.mavros.sys]: FCU: EVENT 9489139 with args -4-0-0-0-0-0-0-0-0-0-0-0-0-0-0-0-0-0-0-0-0-0-0-0-0-0-0-0-0-0-0-0-0-0-0-0-0-0-0-0-
[INFO] [1790582935.419315670] [uav7.mavros.sys]: FCU: EVENT 4277609 with args -0-0-0-0-0-0-0-0-0-0-0-0-0-0-0-0-0-0-0-0-0-0-0-0-0-0-0-0-0-0-0-0-0-0-0-0-0-0-0-0-
[WARN] [1790583185.153811756] [uav7.mavros.cmd]: CMD: Unexpected command 176, result 0
[INFO] [1790583217.112004717] [uav7.mavros.sys]: FCU: EVENT 9844908 with args -0-0-0-0-0-0-0-0-0-0-0-0-0-0-0-0-0-0-0-0-0-0-0-0-0-0-0-0-0-0-0-0-0-0-0-0-0-0-0-0-
[INFO] [1790583219.202136676] [uav7.mavros.sys]: FCU: EVENT 16017271 with args -6-0-0-0-0-0-0-0-0-0-0-0-0-0-0-0-0-0-0-0-0-0-0-0-0-0-0-0-0-0-0-0-0-0-0-0-0-0-0-0-
[WARN] [1790583223.305382422] [uav7.mavros.sys]: FCU: UNK(8): EVENT 11047904 with args -0-0-0-0-0-128-0-0-0-176-122-127-128-176-122-127-128-0-0-0-0-0-0-0-0-0-0-0-0-0-0-0-0-0-0-0-0-0-0-0-
[INFO] [1790583223.305646265] [uav7.mavros.sys]: FCU: EVENT 377561 with args -8-0-0-0-20-0-0-0-0-0-0-0-0-0-0-0-0-0-0-0-0-0-0-0-0-0-0-0-0-0-0-0-0-0-0-0-0-0-0-0-
[WARN] [1790583223.305738315] [uav7.mavros.sys]: FCU: EVENT 453929 with args -255-255-255-255-7-0-0-0-0-0-0-0-0-0-0-0-0-0-0-0-0-0-0-0-0-0-0-0-0-0-0-0-0-0-0-0-0-0-0-0-
[INFO] [1790583223.305762223] [uav7.mavros.sys]: FCU: EVENT 6801787 with args -255-255-255-255-12-0-0-0-0-0-0-0-0-0-0-0-0-0-0-0-0-0-0-0-0-0-0-0-0-0-0-0-0-0-0-0-0-0-0-0-
[WARN] [1790583223.305789345] [uav7.mavros.sys]: FCU: UNK(8): EVENT 1914663 with args -0-10-9-2-56-0-0-0-0-0-0-0-0-0-0-0-0-0-0-0-0-0-0-0-0-0-0-0-0-0-0-0-0-0-0-0-0-0-0-0-
[INFO] [1790583227.499239056] [rclcpp]: signal_handler(SIGINT/SIGTERM)
[WARN] [1790583227.507398456] [uav7.mavros]: UAS Executor terminated
