[INFO] [1790582915.577116163] [uav8.mavros_node]: Starting mavros_node container
[INFO] [1790582915.577701994] [uav8.mavros_node]: FCU URL: udp://:14547@127.0.0.1:14587
[INFO] [1790582915.577714927] [uav8.mavros_node]: GCS URL: 
[INFO] [1790582915.577720531] [uav8.mavros_node]: UAS Prefix: /uas8
[INFO] [1790582915.577725391] [uav8.mavros_node]: Starting mavros router node
[INFO] [1790582915.700630396] [uav8.mavros_router]: Built-in SIMD instructions: SSE, SSE2
[INFO] [1790582915.700759120] [uav8.mavros_router]: Built-in MAVLink package version: 2026.8.8
[INFO] [1790582915.700797164] [uav8.mavros_router]: Known MAVLink dialects: common ardupilotmega ASLUAV AVSSUAS all csAirLink cubepilot development icarous loweheiser marsh paparazzi standard stemstudios storm32 uAvionix ualberta
[INFO] [1790582915.700832241] [uav8.mavros_router]: MAVROS Router started
[INFO] [1790582915.700983355] [uav8.mavros_node]: Starting mavros uas node
[INFO] [1790582915.896933353] [uav8.mavros_router]: Requested to add endpoint: type: 0, url: udp://:14547@127.0.0.1:14587
[INFO] [1790582915.897415583] [uav8.mavros_router]: Endpoint link[1000] created
[INFO] [1790582915.898737938] [uav8.mavros_router]: link[1000] opened successfully
[INFO] [1790582915.898830505] [uav8.mavros_router]: Requested to add endpoint: type: 2, url: /uas8
[INFO] [1790582915.899781839] [uav8.mavros_router]: Endpoint link[1001] created
[INFO] [1790582915.902447133] [uav8.mavros_router]: link[1000] detected remote address 8.1
[INFO] [1790582915.910864897] [uav8.mavros]: UAS Executor started, threads: 4
[INFO] [1790582915.911810157] [uav8.mavros]: Plugin actuator_control ignored
[INFO] [1790582915.913587214] [uav8.mavros]: Plugin altitude ignored
[INFO] [1790582915.915953254] [uav8.mavros_router]: link[1001] opened successfully
[INFO] [1790582916.025842380] [uav8.mavros]: Plugin command created
[INFO] [1790582916.025922492] [uav8.mavros]: Plugin command initialized
[INFO] [1790582916.025936071] [uav8.mavros]: Plugin ftp ignored
[INFO] [1790582916.025941966] [uav8.mavros]: Plugin geofence ignored
[INFO] [1790582916.306175555] [uav8.mavros]: Plugin global_position created
[INFO] [1790582916.308799225] [uav8.mavros]: Plugin global_position initialized
[INFO] [1790582916.308857414] [uav8.mavros]: Plugin home_position ignored
[INFO] [1790582916.308865999] [uav8.mavros]: Plugin imu ignored
[INFO] [1790582916.718371976] [uav8.mavros]: Plugin local_position created
[INFO] [1790582916.718434582] [uav8.mavros]: Plugin local_position initialized
[INFO] [1790582916.718445163] [uav8.mavros]: Plugin manual_control ignored
[INFO] [1790582916.718451770] [uav8.mavros]: Plugin nav_controller_output ignored
[INFO] [1790582916.718458203] [uav8.mavros]: Plugin param ignored
[INFO] [1790582916.718464199] [uav8.mavros]: Plugin rallypoint ignored
[INFO] [1790582916.718470321] [uav8.mavros]: Plugin rc_io ignored
[INFO] [1790582916.718476482] [uav8.mavros]: Plugin setpoint_accel ignored
[INFO] [1790582916.718482795] [uav8.mavros]: Plugin setpoint_attitude ignored
[INFO] [1790582916.718489221] [uav8.mavros]: Plugin setpoint_position ignored
[INFO] [1790582916.718495273] [uav8.mavros]: Plugin setpoint_raw ignored
[INFO] [1790582916.718501211] [uav8.mavros]: Plugin setpoint_trajectory ignored
[INFO] [1790582916.965569247] [uav8.mavros]: Plugin setpoint_velocity created
[INFO] [1790582916.965631663] [uav8.mavros]: Plugin setpoint_velocity initialized
[INFO] [1790582917.098910204] [uav8.mavros]: Plugin sys_status created
[INFO] [1790582917.098996523] [uav8.mavros]: Plugin sys_status initialized
[INFO] [1790582917.206314083] [uav8.mavros.time]: TM: Timesync mode: MAVLINK
[INFO] [1790582917.224646250] [uav8.mavros]: Plugin sys_time created
[INFO] [1790582917.224727742] [uav8.mavros]: Plugin sys_time initialized
[INFO] [1790582917.224741854] [uav8.mavros]: Plugin waypoint ignored
[INFO] [1790582917.224748153] [uav8.mavros]: Plugin wind_estimation ignored
[INFO] [1790582917.254005457] [uav8.mavros]: Built-in SIMD instructions: SSE, SSE2
[INFO] [1790582917.254057619] [uav8.mavros]: Built-in MAVLink package version: 2026.8.8
[INFO] [1790582917.254090755] [uav8.mavros]: Known MAVLink dialects: common ardupilotmega ASLUAV AVSSUAS all csAirLink cubepilot development icarous loweheiser marsh paparazzi standard stemstudios storm32 uAvionix ualberta
[INFO] [1790582917.254098800] [uav8.mavros]: MAVROS UAS via /uas8 started. MY ID 8.191, TARGET ID 8.1
[INFO] [1790582917.295692974] [uav8.mavros_router]: link[1001] detected remote address 8.191
[INFO] [1790582917.946954550] [uav8.mavros]: CON: Got HEARTBEAT, connected. FCU: PX4 Autopilot
[INFO] [1790582918.988495112] [uav8.mavros.sys]: VER: 8.1: Capabilities         0x000000000000e8ff
[INFO] [1790582918.988565346] [uav8.mavros.sys]: VER: 8.1: Flight software:     011200c0 (fca3df865a000000)
[INFO] [1790582918.988575648] [uav8.mavros.sys]: VER: 8.1: Middleware software: 011200c0 (fca3df865a000000)
[INFO] [1790582918.988581576] [uav8.mavros.sys]: VER: 8.1: OS software:         070000ff (17040b9f87cb1791)
[INFO] [1790582918.988587166] [uav8.mavros.sys]: VER: 8.1: Board hardware:      00000001
[INFO] [1790582918.988592743] [uav8.mavros.sys]: VER: 8.1: VID/PID:             0000:0000
[INFO] [1790582918.988598440] [uav8.mavros.sys]: VER: 8.1: UID:                 4954414c44494e56
[WARN] [1790582918.989139072] [uav8.mavros.cmd]: CMD: Unexpected command 512, result 0
[WARN] [1790582926.786844190] [uav8.mavros.sys]: FCU: UNK(8): EVENT 11047904 with args -0-0-0-0-0-128-0-0-0-176-122-127-128-176-122-127-128-0-0-0-0-0-0-0-0-0-0-0-0-0-0-0-0-0-0-0-0-0-0-0-
[INFO] [1790582926.786985902] [uav8.mavros.sys]: FCU: EVENT 377561 with args -8-0-0-0-20-0-0-0-0-0-0-0-0-0-0-0-0-0-0-0-0-0-0-0-0-0-0-0-0-0-0-0-0-0-0-0-0-0-0-0-
[WARN] [1790582926.787024797] [uav8.mavros.sys]: FCU: EVENT 453929 with args -255-255-255-255-7-0-0-0-0-0-0-0-0-0-0-0-0-0-0-0-0-0-0-0-0-0-0-0-0-0-0-0-0-0-0-0-0-0-0-0-
[INFO] [1790582926.787061164] [uav8.mavros.sys]: FCU: EVENT 6801787 with args -255-255-255-255-12-0-0-0-0-0-0-0-0-0-0-0-0-0-0-0-0-0-0-0-0-0-0-0-0-0-0-0-0-0-0-0-0-0-0-0-
[WARN] [1790582926.787098438] [uav8.mavros.sys]: FCU: UNK(8): EVENT 1914663 with args -0-10-13-2-56-0-0-0-0-0-0-0-0-0-0-0-0-0-0-0-0-0-0-0-0-0-0-0-0-0-0-0-0-0-0-0-0-0-0-0-
[WARN] [1790582933.487636058] [uav8.mavros.cmd]: CMD: Unexpected command 176, result 0
[INFO] [1790582934.541753220] [uav8.mavros.sys]: FCU: EVENT 9489139 with args -4-0-0-0-0-0-0-0-0-0-0-0-0-0-0-0-0-0-0-0-0-0-0-0-0-0-0-0-0-0-0-0-0-0-0-0-0-0-0-0-
[INFO] [1790582936.362951064] [uav8.mavros.sys]: FCU: EVENT 4277609 with args -0-0-0-0-0-0-0-0-0-0-0-0-0-0-0-0-0-0-0-0-0-0-0-0-0-0-0-0-0-0-0-0-0-0-0-0-0-0-0-0-
[WARN] [1790583185.184372028] [uav8.mavros.cmd]: CMD: Unexpected command 176, result 0
[INFO] [1790583216.843660520] [uav8.mavros.sys]: FCU: EVENT 9844908 with args -0-0-0-0-0-0-0-0-0-0-0-0-0-0-0-0-0-0-0-0-0-0-0-0-0-0-0-0-0-0-0-0-0-0-0-0-0-0-0-0-
[INFO] [1790583218.935004376] [uav8.mavros.sys]: FCU: EVENT 16017271 with args -6-0-0-0-0-0-0-0-0-0-0-0-0-0-0-0-0-0-0-0-0-0-0-0-0-0-0-0-0-0-0-0-0-0-0-0-0-0-0-0-
[WARN] [1790583223.029229603] [uav8.mavros.sys]: FCU: UNK(8): EVENT 11047904 with args -0-0-0-0-0-128-0-0-0-176-122-127-128-176-122-127-128-0-0-0-0-0-0-0-0-0-0-0-0-0-0-0-0-0-0-0-0-0-0-0-
[INFO] [1790583223.029338981] [uav8.mavros.sys]: FCU: EVENT 377561 with args -8-0-0-0-20-0-0-0-0-0-0-0-0-0-0-0-0-0-0-0-0-0-0-0-0-0-0-0-0-0-0-0-0-0-0-0-0-0-0-0-
[WARN] [1790583223.029405665] [uav8.mavros.sys]: FCU: EVENT 453929 with args -255-255-255-255-7-0-0-0-0-0-0-0-0-0-0-0-0-0-0-0-0-0-0-0-0-0-0-0-0-0-0-0-0-0-0-0-0-0-0-0-
[INFO] [1790583223.029447994] [uav8.mavros.sys]: FCU: EVENT 6801787 with args -255-255-255-255-12-0-0-0-0-0-0-0-0-0-0-0-0-0-0-0-0-0-0-0-0-0-0-0-0-0-0-0-0-0-0-0-0-0-0-0-
[WARN] [1790583223.029486935] [uav8.mavros.sys]: FCU: UNK(8): EVENT 1914663 with args -0-10-9-2-56-0-0-0-0-0-0-0-0-0-0-0-0-0-0-0-0-0-0-0-0-0-0-0-0-0-0-0-0-0-0-0-0-0-0-0-
[INFO] [1790583227.495994138] [rclcpp]: signal_handler(SIGINT/SIGTERM)
[WARN] [1790583227.500638435] [uav8.mavros]: UAS Executor terminated
