[INFO] [1790582915.473234748] [uav4.mavros_node]: Starting mavros_node container
[INFO] [1790582915.473348925] [uav4.mavros_node]: FCU URL: udp://:14543@127.0.0.1:14583
[INFO] [1790582915.473358964] [uav4.mavros_node]: GCS URL: 
[INFO] [1790582915.473365190] [uav4.mavros_node]: UAS Prefix: /uas4
[INFO] [1790582915.473370595] [uav4.mavros_node]: Starting mavros router node
[INFO] [1790582915.525139947] [uav4.mavros_router]: Built-in SIMD instructions: SSE, SSE2
[INFO] [1790582915.525196759] [uav4.mavros_router]: Built-in MAVLink package version: 2026.8.8
[INFO] [1790582915.525208671] [uav4.mavros_router]: Known MAVLink dialects: common ardupilotmega ASLUAV AVSSUAS all csAirLink cubepilot development icarous loweheiser marsh paparazzi standard stemstudios storm32 uAvionix ualberta
[INFO] [1790582915.525215683] [uav4.mavros_router]: MAVROS Router started
[INFO] [1790582915.525995993] [uav4.mavros_node]: Starting mavros uas node
[INFO] [1790582915.729966414] [uav4.mavros_router]: Requested to add endpoint: type: 0, url: udp://:14543@127.0.0.1:14583
[INFO] [1790582915.730039845] [uav4.mavros_router]: Endpoint link[1000] created
[INFO] [1790582915.732618755] [uav4.mavros_router]: link[1000] opened successfully
[INFO] [1790582915.732924082] [uav4.mavros_router]: Requested to add endpoint: type: 2, url: /uas4
[INFO] [1790582915.733144512] [uav4.mavros_router]: Endpoint link[1001] created
[INFO] [1790582915.744705085] [uav4.mavros_router]: link[1000] detected remote address 4.1
[INFO] [1790582915.746957986] [uav4.mavros]: UAS Executor started, threads: 4
[INFO] [1790582915.747581638] [uav4.mavros]: Plugin actuator_control ignored
[INFO] [1790582915.748579177] [uav4.mavros]: Plugin altitude ignored
[INFO] [1790582915.780507832] [uav4.mavros_router]: link[1001] opened successfully
[INFO] [1790582915.951469183] [uav4.mavros]: Plugin command created
[INFO] [1790582915.951540176] [uav4.mavros]: Plugin command initialized
[INFO] [1790582915.951553467] [uav4.mavros]: Plugin ftp ignored
[INFO] [1790582915.951560451] [uav4.mavros]: Plugin geofence ignored
[INFO] [1790582916.132518455] [uav4.mavros]: Plugin global_position created
[INFO] [1790582916.132576968] [uav4.mavros]: Plugin global_position initialized
[INFO] [1790582916.132587538] [uav4.mavros]: Plugin home_position ignored
[INFO] [1790582916.132594284] [uav4.mavros]: Plugin imu ignored
[INFO] [1790582916.347955391] [uav4.mavros]: Plugin local_position created
[INFO] [1790582916.348093851] [uav4.mavros]: Plugin local_position initialized
[INFO] [1790582916.348105699] [uav4.mavros]: Plugin manual_control ignored
[INFO] [1790582916.348114462] [uav4.mavros]: Plugin nav_controller_output ignored
[INFO] [1790582916.348133945] [uav4.mavros]: Plugin param ignored
[INFO] [1790582916.348139837] [uav4.mavros]: Plugin rallypoint ignored
[INFO] [1790582916.348145058] [uav4.mavros]: Plugin rc_io ignored
[INFO] [1790582916.348150396] [uav4.mavros]: Plugin setpoint_accel ignored
[INFO] [1790582916.348168421] [uav4.mavros]: Plugin setpoint_attitude ignored
[INFO] [1790582916.348183253] [uav4.mavros]: Plugin setpoint_position ignored
[INFO] [1790582916.348188758] [uav4.mavros]: Plugin setpoint_raw ignored
[INFO] [1790582916.348195265] [uav4.mavros]: Plugin setpoint_trajectory ignored
[INFO] [1790582916.671834205] [uav4.mavros]: Plugin setpoint_velocity created
[INFO] [1790582916.671918816] [uav4.mavros]: Plugin setpoint_velocity initialized
[INFO] [1790582917.070733599] [uav4.mavros]: Plugin sys_status created
[INFO] [1790582917.070813690] [uav4.mavros]: Plugin sys_status initialized
[INFO] [1790582917.233372307] [uav4.mavros.time]: TM: Timesync mode: MAVLINK
[INFO] [1790582917.303843631] [uav4.mavros]: Plugin sys_time created
[INFO] [1790582917.303910401] [uav4.mavros]: Plugin sys_time initialized
[INFO] [1790582917.303926984] [uav4.mavros]: Plugin waypoint ignored
[INFO] [1790582917.303933708] [uav4.mavros]: Plugin wind_estimation ignored
[INFO] [1790582917.316194846] [uav4.mavros]: Built-in SIMD instructions: SSE, SSE2
[INFO] [1790582917.316251747] [uav4.mavros]: Built-in MAVLink package version: 2026.8.8
[INFO] [1790582917.316284125] [uav4.mavros]: Known MAVLink dialects: common ardupilotmega ASLUAV AVSSUAS all csAirLink cubepilot development icarous loweheiser marsh paparazzi standard stemstudios storm32 uAvionix ualberta
[INFO] [1790582917.316292089] [uav4.mavros]: MAVROS UAS via /uas4 started. MY ID 4.191, TARGET ID 4.1
[INFO] [1790582917.406677777] [uav4.mavros_router]: link[1001] detected remote address 4.191
[INFO] [1790582917.953345824] [uav4.mavros]: CON: Got HEARTBEAT, connected. FCU: PX4 Autopilot
[INFO] [1790582918.997264965] [uav4.mavros.sys]: VER: 4.1: Capabilities         0x000000000000e8ff
[INFO] [1790582918.997328281] [uav4.mavros.sys]: VER: 4.1: Flight software:     011200c0 (fca3df865a000000)
[INFO] [1790582918.997337316] [uav4.mavros.sys]: VER: 4.1: Middleware software: 011200c0 (fca3df865a000000)
[INFO] [1790582918.997343306] [uav4.mavros.sys]: VER: 4.1: OS software:         070000ff (17040b9f87cb1791)
[INFO] [1790582918.997349482] [uav4.mavros.sys]: VER: 4.1: Board hardware:      00000001
[INFO] [1790582918.997355276] [uav4.mavros.sys]: VER: 4.1: VID/PID:             0000:0000
[INFO] [1790582918.997361106] [uav4.mavros.sys]: VER: 4.1: UID:                 4954414c44494e52
[WARN] [1790582919.001752993] [uav4.mavros.cmd]: CMD: Unexpected command 512, result 0
[WARN] [1790582928.888647647] [uav4.mavros.sys]: FCU: UNK(8): EVENT 11047904 with args -0-0-0-0-0-128-0-0-0-176-122-127-128-176-122-127-128-0-0-0-0-0-0-0-0-0-0-0-0-0-0-0-0-0-0-0-0-0-0-0-
[INFO] [1790582928.889111990] [uav4.mavros.sys]: FCU: EVENT 377561 with args -8-0-0-0-20-0-0-0-0-0-0-0-0-0-0-0-0-0-0-0-0-0-0-0-0-0-0-0-0-0-0-0-0-0-0-0-0-0-0-0-
[WARN] [1790582928.889147350] [uav4.mavros.sys]: FCU: EVENT 453929 with args -255-255-255-255-7-0-0-0-0-0-0-0-0-0-0-0-0-0-0-0-0-0-0-0-0-0-0-0-0-0-0-0-0-0-0-0-0-0-0-0-
[INFO] [1790582928.889185334] [uav4.mavros.sys]: FCU: EVENT 6801787 with args -255-255-255-255-12-0-0-0-0-0-0-0-0-0-0-0-0-0-0-0-0-0-0-0-0-0-0-0-0-0-0-0-0-0-0-0-0-0-0-0-
[WARN] [1790582928.889221106] [uav4.mavros.sys]: FCU: UNK(8): EVENT 1914663 with args -0-10-13-2-56-0-0-0-0-0-0-0-0-0-0-0-0-0-0-0-0-0-0-0-0-0-0-0-0-0-0-0-0-0-0-0-0-0-0-0-
[WARN] [1790582933.489992942] [uav4.mavros.cmd]: CMD: Unexpected command 176, result 0
[INFO] [1790582933.788376753] [uav4.mavros.sys]: FCU: EVENT 9489139 with args -4-0-0-0-0-0-0-0-0-0-0-0-0-0-0-0-0-0-0-0-0-0-0-0-0-0-0-0-0-0-0-0-0-0-0-0-0-0-0-0-
[INFO] [1790582935.768425084] [uav4.mavros.sys]: FCU: EVENT 4277609 with args -0-0-0-0-0-0-0-0-0-0-0-0-0-0-0-0-0-0-0-0-0-0-0-0-0-0-0-0-0-0-0-0-0-0-0-0-0-0-0-0-
[WARN] [1790583185.178727052] [uav4.mavros.cmd]: CMD: Unexpected command 176, result 0
[INFO] [1790583216.809612242] [uav4.mavros.sys]: FCU: EVENT 9844908 with args -0-0-0-0-0-0-0-0-0-0-0-0-0-0-0-0-0-0-0-0-0-0-0-0-0-0-0-0-0-0-0-0-0-0-0-0-0-0-0-0-
[INFO] [1790583218.905487044] [uav4.mavros.sys]: FCU: EVENT 16017271 with args -6-0-0-0-0-0-0-0-0-0-0-0-0-0-0-0-0-0-0-0-0-0-0-0-0-0-0-0-0-0-0-0-0-0-0-0-0-0-0-0-
[WARN] [1790583222.174386060] [uav4.mavros.sys]: FCU: UNK(8): EVENT 11047904 with args -0-0-0-0-0-128-0-0-0-176-122-127-128-176-122-127-128-0-0-0-0-0-0-0-0-0-0-0-0-0-0-0-0-0-0-0-0-0-0-0-
[INFO] [1790583222.174493173] [uav4.mavros.sys]: FCU: EVENT 377561 with args -8-0-0-0-20-0-0-0-0-0-0-0-0-0-0-0-0-0-0-0-0-0-0-0-0-0-0-0-0-0-0-0-0-0-0-0-0-0-0-0-
[WARN] [1790583222.174531709] [uav4.mavros.sys]: FCU: EVENT 453929 with args -255-255-255-255-7-0-0-0-0-0-0-0-0-0-0-0-0-0-0-0-0-0-0-0-0-0-0-0-0-0-0-0-0-0-0-0-0-0-0-0-
[INFO] [1790583222.174565878] [uav4.mavros.sys]: FCU: EVENT 6801787 with args -255-255-255-255-12-0-0-0-0-0-0-0-0-0-0-0-0-0-0-0-0-0-0-0-0-0-0-0-0-0-0-0-0-0-0-0-0-0-0-0-
[WARN] [1790583222.174601938] [uav4.mavros.sys]: FCU: UNK(8): EVENT 1914663 with args -0-10-9-2-56-0-0-0-0-0-0-0-0-0-0-0-0-0-0-0-0-0-0-0-0-0-0-0-0-0-0-0-0-0-0-0-0-0-0-0-
[INFO] [1790583227.499216318] [rclcpp]: signal_handler(SIGINT/SIGTERM)
[WARN] [1790583227.512070751] [uav4.mavros]: UAS Executor terminated
