[INFO] [1790580753.880954637] [uav8.mavros_node]: Starting mavros_node container
[INFO] [1790580753.881068251] [uav8.mavros_node]: FCU URL: udp://:14547@127.0.0.1:14587
[INFO] [1790580753.881080257] [uav8.mavros_node]: GCS URL: 
[INFO] [1790580753.881086291] [uav8.mavros_node]: UAS Prefix: /uas8
[INFO] [1790580753.881091907] [uav8.mavros_node]: Starting mavros router node
[INFO] [1790580753.933007203] [uav8.mavros_router]: Built-in SIMD instructions: SSE, SSE2
[INFO] [1790580753.939651039] [uav8.mavros_router]: Built-in MAVLink package version: 2026.8.8
[INFO] [1790580753.939682363] [uav8.mavros_router]: Known MAVLink dialects: common ardupilotmega ASLUAV AVSSUAS all csAirLink cubepilot development icarous loweheiser marsh paparazzi standard stemstudios storm32 uAvionix ualberta
[INFO] [1790580753.939691848] [uav8.mavros_router]: MAVROS Router started
[INFO] [1790580753.939857586] [uav8.mavros_node]: Starting mavros uas node
[INFO] [1790580754.389076714] [uav8.mavros_router]: Requested to add endpoint: type: 0, url: udp://:14547@127.0.0.1:14587
[INFO] [1790580754.389156158] [uav8.mavros_router]: Endpoint link[1000] created
[INFO] [1790580754.389403098] [uav8.mavros_router]: link[1000] opened successfully
[INFO] [1790580754.389427954] [uav8.mavros_router]: Requested to add endpoint: type: 2, url: /uas8
[INFO] [1790580754.389441925] [uav8.mavros_router]: Endpoint link[1001] created
[INFO] [1790580754.389485344] [uav8.mavros]: Plugin actuator_control ignored
[INFO] [1790580754.389563183] [uav8.mavros]: Plugin altitude ignored
[INFO] [1790580754.389535010] [uav8.mavros]: UAS Executor started, threads: 4
[INFO] [1790580754.391606336] [uav8.mavros_router]: link[1000] detected remote address 8.1
[INFO] [1790580754.561466238] [uav8.mavros_router]: link[1001] opened successfully
[INFO] [1790580755.096789253] [uav8.mavros]: Plugin command created
[INFO] [1790580755.096879010] [uav8.mavros]: Plugin command initialized
[INFO] [1790580755.096902283] [uav8.mavros]: Plugin ftp ignored
[INFO] [1790580755.096911300] [uav8.mavros]: Plugin geofence ignored
[INFO] [1790580755.476761079] [uav8.mavros]: Plugin global_position created
[INFO] [1790580755.476813615] [uav8.mavros]: Plugin global_position initialized
[INFO] [1790580755.476823604] [uav8.mavros]: Plugin home_position ignored
[INFO] [1790580755.476830410] [uav8.mavros]: Plugin imu ignored
[INFO] [1790580755.848979021] [uav8.mavros]: Plugin local_position created
[INFO] [1790580755.849041245] [uav8.mavros]: Plugin local_position initialized
[INFO] [1790580755.849054535] [uav8.mavros]: Plugin manual_control ignored
[INFO] [1790580755.849061258] [uav8.mavros]: Plugin nav_controller_output ignored
[INFO] [1790580755.849067059] [uav8.mavros]: Plugin param ignored
[INFO] [1790580755.849072824] [uav8.mavros]: Plugin rallypoint ignored
[INFO] [1790580755.849078415] [uav8.mavros]: Plugin rc_io ignored
[INFO] [1790580755.849084210] [uav8.mavros]: Plugin setpoint_accel ignored
[INFO] [1790580755.849089327] [uav8.mavros]: Plugin setpoint_attitude ignored
[INFO] [1790580755.849095260] [uav8.mavros]: Plugin setpoint_position ignored
[INFO] [1790580755.849101075] [uav8.mavros]: Plugin setpoint_raw ignored
[INFO] [1790580755.849106727] [uav8.mavros]: Plugin setpoint_trajectory ignored
[INFO] [1790580756.132093871] [uav8.mavros]: Plugin setpoint_velocity created
[INFO] [1790580756.132165871] [uav8.mavros]: Plugin setpoint_velocity initialized
[INFO] [1790580756.464558525] [uav8.mavros]: Plugin sys_status created
[INFO] [1790580756.469969061] [uav8.mavros]: Plugin sys_status initialized
[INFO] [1790580756.497425686] [uav8.mavros.time]: TM: Timesync mode: MAVLINK
[INFO] [1790580756.500692490] [uav8.mavros]: Plugin sys_time created
[INFO] [1790580756.500756246] [uav8.mavros]: Plugin sys_time initialized
[INFO] [1790580756.500774276] [uav8.mavros]: Plugin waypoint ignored
[INFO] [1790580756.500781835] [uav8.mavros]: Plugin wind_estimation ignored
[INFO] [1790580756.503181816] [uav8.mavros]: Built-in SIMD instructions: SSE, SSE2
[INFO] [1790580756.503230361] [uav8.mavros]: Built-in MAVLink package version: 2026.8.8
[INFO] [1790580756.503270632] [uav8.mavros]: Known MAVLink dialects: common ardupilotmega ASLUAV AVSSUAS all csAirLink cubepilot development icarous loweheiser marsh paparazzi standard stemstudios storm32 uAvionix ualberta
[INFO] [1790580756.503278779] [uav8.mavros]: MAVROS UAS via /uas8 started. MY ID 8.191, TARGET ID 8.1
[INFO] [1790580756.584272432] [uav8.mavros_router]: link[1001] detected remote address 8.191
[INFO] [1790580757.488246273] [uav8.mavros.sys]: VER: 8.1: Capabilities         0x000000000000e8ff
[INFO] [1790580757.488304163] [uav8.mavros.sys]: VER: 8.1: Flight software:     011200c0 (fca3df865a000000)
[INFO] [1790580757.488312769] [uav8.mavros.sys]: VER: 8.1: Middleware software: 011200c0 (fca3df865a000000)
[INFO] [1790580757.489948239] [uav8.mavros.sys]: VER: 8.1: OS software:         070000ff (17040b9f87cb1791)
[INFO] [1790580757.489975607] [uav8.mavros.sys]: VER: 8.1: Board hardware:      00000001
[INFO] [1790580757.489984537] [uav8.mavros.sys]: VER: 8.1: VID/PID:             0000:0000
[INFO] [1790580757.489991123] [uav8.mavros.sys]: VER: 8.1: UID:                 4954414c44494e56
[WARN] [1790580757.490727215] [uav8.mavros.cmd]: CMD: Unexpected command 512, result 0
[INFO] [1790580757.574480297] [uav8.mavros]: CON: Got HEARTBEAT, connected. FCU: PX4 Autopilot
[WARN] [1790580757.616522886] [uav8.mavros.sys]: FCU: UNK(8): EVENT 11047904 with args -0-0-0-16-0-128-0-0-0-176-58-127-128-176-58-127-128-0-0-0-0-0-0-0-0-0-0-0-0-0-0-0-0-0-0-0-0-0-0-0-
[ERROR] [1790580757.618486917] [uav8.mavros.sys]: FCU: EVENT 11464574 with args -0-64-0-0-20-0-0-0-0-0-0-0-0-0-0-0-0-0-0-0-0-0-0-0-0-0-0-0-0-0-0-0-0-0-0-0-0-0-0-0-
[INFO] [1790580757.620232923] [uav8.mavros.sys]: FCU: EVENT 377561 with args -8-0-0-0-20-0-0-0-0-0-0-0-0-0-0-0-0-0-0-0-0-0-0-0-0-0-0-0-0-0-0-0-0-0-0-0-0-0-0-0-
[WARN] [1790580757.620401619] [uav8.mavros.sys]: FCU: EVENT 453929 with args -255-255-255-255-7-0-0-0-0-0-0-0-0-0-0-0-0-0-0-0-0-0-0-0-0-0-0-0-0-0-0-0-0-0-0-0-0-0-0-0-
[INFO] [1790580757.628516011] [uav8.mavros.sys]: FCU: EVENT 6801787 with args -255-255-255-255-12-0-0-0-0-0-0-0-0-0-0-0-0-0-0-0-0-0-0-0-0-0-0-0-0-0-0-0-0-0-0-0-0-0-0-0-
[WARN] [1790580757.628621702] [uav8.mavros.sys]: FCU: UNK(8): EVENT 1914663 with args -0-10-13-2-56-0-0-0-0-0-0-0-0-0-0-0-0-0-0-0-0-0-0-0-0-0-0-0-0-0-0-0-0-0-0-0-0-0-0-0-
[INFO] [1790580758.622397610] [uav8.mavros.sys]: VER: 8.1: Capabilities         0x000000000000e8ff
[INFO] [1790580758.622451442] [uav8.mavros.sys]: VER: 8.1: Flight software:     011200c0 (fca3df865a000000)
[INFO] [1790580758.622461208] [uav8.mavros.sys]: VER: 8.1: Middleware software: 011200c0 (fca3df865a000000)
[INFO] [1790580758.622466630] [uav8.mavros.sys]: VER: 8.1: OS software:         070000ff (17040b9f87cb1791)
[INFO] [1790580758.622471802] [uav8.mavros.sys]: VER: 8.1: Board hardware:      00000001
[INFO] [1790580758.622477638] [uav8.mavros.sys]: VER: 8.1: VID/PID:             0000:0000
[INFO] [1790580758.622483350] [uav8.mavros.sys]: VER: 8.1: UID:                 4954414c44494e56
[WARN] [1790580768.251062905] [uav8.mavros.sys]: FCU: UNK(8): EVENT 11047904 with args -0-0-0-0-0-128-0-0-0-176-122-127-128-176-122-127-128-0-0-0-0-0-0-0-0-0-0-0-0-0-0-0-0-0-0-0-0-0-0-0-
[INFO] [1790580768.251172023] [uav8.mavros.sys]: FCU: EVENT 377561 with args -8-0-0-0-20-0-0-0-0-0-0-0-0-0-0-0-0-0-0-0-0-0-0-0-0-0-0-0-0-0-0-0-0-0-0-0-0-0-0-0-
[WARN] [1790580768.251212873] [uav8.mavros.sys]: FCU: EVENT 453929 with args -255-255-255-255-7-0-0-0-0-0-0-0-0-0-0-0-0-0-0-0-0-0-0-0-0-0-0-0-0-0-0-0-0-0-0-0-0-0-0-0-
[INFO] [1790580768.251246164] [uav8.mavros.sys]: FCU: EVENT 6801787 with args -255-255-255-255-12-0-0-0-0-0-0-0-0-0-0-0-0-0-0-0-0-0-0-0-0-0-0-0-0-0-0-0-0-0-0-0-0-0-0-0-
[WARN] [1790580768.251284711] [uav8.mavros.sys]: FCU: UNK(8): EVENT 1914663 with args -0-10-13-2-56-0-0-0-0-0-0-0-0-0-0-0-0-0-0-0-0-0-0-0-0-0-0-0-0-0-0-0-0-0-0-0-0-0-0-0-
[WARN] [1790580770.060332614] [uav8.mavros.cmd]: CMD: Unexpected command 176, result 0
[INFO] [1790580770.127175028] [uav8.mavros.sys]: FCU: EVENT 9489139 with args -4-0-0-0-0-0-0-0-0-0-0-0-0-0-0-0-0-0-0-0-0-0-0-0-0-0-0-0-0-0-0-0-0-0-0-0-0-0-0-0-
[INFO] [1790580771.932592031] [uav8.mavros.sys]: FCU: EVENT 4277609 with args -0-0-0-0-0-0-0-0-0-0-0-0-0-0-0-0-0-0-0-0-0-0-0-0-0-0-0-0-0-0-0-0-0-0-0-0-0-0-0-0-
[WARN] [1790581034.716511744] [uav8.mavros.cmd]: CMD: Unexpected command 176, result 0
[INFO] [1790581073.992018711] [uav8.mavros.sys]: FCU: EVENT 9844908 with args -0-0-0-0-0-0-0-0-0-0-0-0-0-0-0-0-0-0-0-0-0-0-0-0-0-0-0-0-0-0-0-0-0-0-0-0-0-0-0-0-
[INFO] [1790581076.280357687] [uav8.mavros.sys]: FCU: EVENT 16017271 with args -6-0-0-0-0-0-0-0-0-0-0-0-0-0-0-0-0-0-0-0-0-0-0-0-0-0-0-0-0-0-0-0-0-0-0-0-0-0-0-0-
[INFO] [1790581079.146132607] [rclcpp]: signal_handler(SIGINT/SIGTERM)
[WARN] [1790581079.149000510] [uav8.mavros]: UAS Executor terminated
