[INFO] [1790580753.808915755] [uav1.mavros_node]: Starting mavros_node container
[INFO] [1790580753.809025548] [uav1.mavros_node]: FCU URL: udp://:14540@127.0.0.1:14580
[INFO] [1790580753.809035461] [uav1.mavros_node]: GCS URL: 
[INFO] [1790580753.809041734] [uav1.mavros_node]: UAS Prefix: /uas1
[INFO] [1790580753.809047847] [uav1.mavros_node]: Starting mavros router node
[INFO] [1790580753.833298088] [uav1.mavros_router]: Built-in SIMD instructions: SSE, SSE2
[INFO] [1790580753.833336298] [uav1.mavros_router]: Built-in MAVLink package version: 2026.8.8
[INFO] [1790580753.833347188] [uav1.mavros_router]: Known MAVLink dialects: common ardupilotmega ASLUAV AVSSUAS all csAirLink cubepilot development icarous loweheiser marsh paparazzi standard stemstudios storm32 uAvionix ualberta
[INFO] [1790580753.833354756] [uav1.mavros_router]: MAVROS Router started
[INFO] [1790580753.833522674] [uav1.mavros_node]: Starting mavros uas node
[INFO] [1790580753.989745588] [uav1.mavros_router]: Requested to add endpoint: type: 0, url: udp://:14540@127.0.0.1:14580
[INFO] [1790580753.989790778] [uav1.mavros_router]: Endpoint link[1000] created
[INFO] [1790580753.990256966] [uav1.mavros_router]: link[1000] opened successfully
[INFO] [1790580753.990730979] [uav1.mavros_router]: Requested to add endpoint: type: 2, url: /uas1
[INFO] [1790580753.990764410] [uav1.mavros_router]: Endpoint link[1001] created
[INFO] [1790580753.995235827] [uav1.mavros_router]: link[1000] detected remote address 1.1
[INFO] [1790580754.000408215] [uav1.mavros]: Plugin actuator_control ignored
[INFO] [1790580754.003283066] [uav1.mavros]: Plugin altitude ignored
[INFO] [1790580754.000563192] [uav1.mavros]: UAS Executor started, threads: 4
[INFO] [1790580754.151543541] [uav1.mavros_router]: link[1001] opened successfully
[INFO] [1790580754.384096250] [uav1.mavros]: Plugin command created
[INFO] [1790580754.384151671] [uav1.mavros]: Plugin command initialized
[INFO] [1790580754.384161794] [uav1.mavros]: Plugin ftp ignored
[INFO] [1790580754.384167468] [uav1.mavros]: Plugin geofence ignored
[INFO] [1790580754.744805185] [uav1.mavros]: Plugin global_position created
[INFO] [1790580754.744875447] [uav1.mavros]: Plugin global_position initialized
[INFO] [1790580754.759645870] [uav1.mavros]: Plugin home_position ignored
[INFO] [1790580754.759657205] [uav1.mavros]: Plugin imu ignored
[INFO] [1790580754.990619707] [uav1.mavros]: Plugin local_position created
[INFO] [1790580754.990675699] [uav1.mavros]: Plugin local_position initialized
[INFO] [1790580754.990687445] [uav1.mavros]: Plugin manual_control ignored
[INFO] [1790580754.990693540] [uav1.mavros]: Plugin nav_controller_output ignored
[INFO] [1790580754.990699506] [uav1.mavros]: Plugin param ignored
[INFO] [1790580754.990705826] [uav1.mavros]: Plugin rallypoint ignored
[INFO] [1790580754.990711475] [uav1.mavros]: Plugin rc_io ignored
[INFO] [1790580754.990717012] [uav1.mavros]: Plugin setpoint_accel ignored
[INFO] [1790580754.990722833] [uav1.mavros]: Plugin setpoint_attitude ignored
[INFO] [1790580754.990728354] [uav1.mavros]: Plugin setpoint_position ignored
[INFO] [1790580754.990733959] [uav1.mavros]: Plugin setpoint_raw ignored
[INFO] [1790580754.990740271] [uav1.mavros]: Plugin setpoint_trajectory ignored
[INFO] [1790580755.002691947] [uav1.mavros]: Plugin setpoint_velocity created
[INFO] [1790580755.002747857] [uav1.mavros]: Plugin setpoint_velocity initialized
[INFO] [1790580755.100741917] [uav1.mavros]: Plugin sys_status created
[INFO] [1790580755.100829224] [uav1.mavros]: Plugin sys_status initialized
[INFO] [1790580755.180364203] [uav1.mavros.time]: TM: Timesync mode: MAVLINK
[INFO] [1790580755.206414031] [uav1.mavros]: Plugin sys_time created
[INFO] [1790580755.206488074] [uav1.mavros]: Plugin sys_time initialized
[INFO] [1790580755.206501209] [uav1.mavros]: Plugin waypoint ignored
[INFO] [1790580755.206507654] [uav1.mavros]: Plugin wind_estimation ignored
[INFO] [1790580755.311110554] [uav1.mavros]: Built-in SIMD instructions: SSE, SSE2
[INFO] [1790580755.311168034] [uav1.mavros]: Built-in MAVLink package version: 2026.8.8
[INFO] [1790580755.311202208] [uav1.mavros]: Known MAVLink dialects: common ardupilotmega ASLUAV AVSSUAS all csAirLink cubepilot development icarous loweheiser marsh paparazzi standard stemstudios storm32 uAvionix ualberta
[INFO] [1790580755.311211793] [uav1.mavros]: MAVROS UAS via /uas1 started. MY ID 1.191, TARGET ID 1.1
[INFO] [1790580755.333920298] [uav1.mavros_router]: link[1001] detected remote address 1.191
[INFO] [1790580756.126052001] [uav1.mavros.sys]: VER: 1.1: Capabilities         0x000000000000e8ff
[INFO] [1790580756.126141613] [uav1.mavros.sys]: VER: 1.1: Flight software:     011200c0 (fca3df865a000000)
[INFO] [1790580756.126152863] [uav1.mavros.sys]: VER: 1.1: Middleware software: 011200c0 (fca3df865a000000)
[INFO] [1790580756.126166834] [uav1.mavros.sys]: VER: 1.1: OS software:         070000ff (17040b9f87cb1791)
[INFO] [1790580756.126172745] [uav1.mavros.sys]: VER: 1.1: Board hardware:      00000001
[INFO] [1790580756.126179186] [uav1.mavros.sys]: VER: 1.1: VID/PID:             0000:0000
[INFO] [1790580756.126192298] [uav1.mavros.sys]: VER: 1.1: UID:                 4954414c44494e4f
[WARN] [1790580756.126280920] [uav1.mavros.cmd]: CMD: Unexpected command 512, result 0
[INFO] [1790580756.441346179] [uav1.mavros]: CON: Got HEARTBEAT, connected. FCU: PX4 Autopilot
[INFO] [1790580757.460235327] [uav1.mavros.sys]: VER: 1.1: Capabilities         0x000000000000e8ff
[INFO] [1790580757.460280932] [uav1.mavros.sys]: VER: 1.1: Flight software:     011200c0 (fca3df865a000000)
[INFO] [1790580757.460289562] [uav1.mavros.sys]: VER: 1.1: Middleware software: 011200c0 (fca3df865a000000)
[INFO] [1790580757.460294912] [uav1.mavros.sys]: VER: 1.1: OS software:         070000ff (17040b9f87cb1791)
[INFO] [1790580757.460299884] [uav1.mavros.sys]: VER: 1.1: Board hardware:      00000001
[INFO] [1790580757.460305078] [uav1.mavros.sys]: VER: 1.1: VID/PID:             0000:0000
[INFO] [1790580757.460310024] [uav1.mavros.sys]: VER: 1.1: UID:                 4954414c44494e4f
[WARN] [1790580763.541980997] [uav1.mavros.sys]: FCU: UNK(8): EVENT 11047904 with args -0-0-0-0-0-128-0-0-0-176-122-127-128-176-122-127-128-0-0-0-0-0-0-0-0-0-0-0-0-0-0-0-0-0-0-0-0-0-0-0-
[INFO] [1790580763.542087512] [uav1.mavros.sys]: FCU: EVENT 377561 with args -8-0-0-0-20-0-0-0-0-0-0-0-0-0-0-0-0-0-0-0-0-0-0-0-0-0-0-0-0-0-0-0-0-0-0-0-0-0-0-0-
[WARN] [1790580763.542127474] [uav1.mavros.sys]: FCU: EVENT 453929 with args -255-255-255-255-7-0-0-0-0-0-0-0-0-0-0-0-0-0-0-0-0-0-0-0-0-0-0-0-0-0-0-0-0-0-0-0-0-0-0-0-
[INFO] [1790580763.542165417] [uav1.mavros.sys]: FCU: EVENT 6801787 with args -255-255-255-255-12-0-0-0-0-0-0-0-0-0-0-0-0-0-0-0-0-0-0-0-0-0-0-0-0-0-0-0-0-0-0-0-0-0-0-0-
[WARN] [1790580763.542203175] [uav1.mavros.sys]: FCU: UNK(8): EVENT 1914663 with args -0-10-13-2-56-0-0-0-0-0-0-0-0-0-0-0-0-0-0-0-0-0-0-0-0-0-0-0-0-0-0-0-0-0-0-0-0-0-0-0-
[WARN] [1790580769.961855916] [uav1.mavros.cmd]: CMD: Unexpected command 176, result 0
[INFO] [1790580770.867444686] [uav1.mavros.sys]: FCU: EVENT 9489139 with args -4-0-0-0-0-0-0-0-0-0-0-0-0-0-0-0-0-0-0-0-0-0-0-0-0-0-0-0-0-0-0-0-0-0-0-0-0-0-0-0-
[INFO] [1790580772.933656419] [uav1.mavros.sys]: FCU: EVENT 4277609 with args -0-0-0-0-0-0-0-0-0-0-0-0-0-0-0-0-0-0-0-0-0-0-0-0-0-0-0-0-0-0-0-0-0-0-0-0-0-0-0-0-
[WARN] [1790581034.524812759] [uav1.mavros.cmd]: CMD: Unexpected command 176, result 0
[INFO] [1790581071.517288854] [uav1.mavros.sys]: FCU: EVENT 9844908 with args -0-0-0-0-0-0-0-0-0-0-0-0-0-0-0-0-0-0-0-0-0-0-0-0-0-0-0-0-0-0-0-0-0-0-0-0-0-0-0-0-
[INFO] [1790581073.759190124] [uav1.mavros.sys]: FCU: EVENT 16017271 with args -6-0-0-0-0-0-0-0-0-0-0-0-0-0-0-0-0-0-0-0-0-0-0-0-0-0-0-0-0-0-0-0-0-0-0-0-0-0-0-0-
[WARN] [1790581077.638376429] [uav1.mavros.sys]: FCU: UNK(8): EVENT 11047904 with args -0-0-0-0-0-128-0-0-0-176-122-127-128-176-122-127-128-0-0-0-0-0-0-0-0-0-0-0-0-0-0-0-0-0-0-0-0-0-0-0-
[INFO] [1790581077.639092498] [uav1.mavros.sys]: FCU: EVENT 377561 with args -8-0-0-0-20-0-0-0-0-0-0-0-0-0-0-0-0-0-0-0-0-0-0-0-0-0-0-0-0-0-0-0-0-0-0-0-0-0-0-0-
[WARN] [1790581077.639393775] [uav1.mavros.sys]: FCU: EVENT 453929 with args -255-255-255-255-7-0-0-0-0-0-0-0-0-0-0-0-0-0-0-0-0-0-0-0-0-0-0-0-0-0-0-0-0-0-0-0-0-0-0-0-
[INFO] [1790581077.639945974] [uav1.mavros.sys]: FCU: EVENT 6801787 with args -255-255-255-255-12-0-0-0-0-0-0-0-0-0-0-0-0-0-0-0-0-0-0-0-0-0-0-0-0-0-0-0-0-0-0-0-0-0-0-0-
[WARN] [1790581077.640434016] [uav1.mavros.sys]: FCU: UNK(8): EVENT 1914663 with args -0-10-9-2-56-0-0-0-0-0-0-0-0-0-0-0-0-0-0-0-0-0-0-0-0-0-0-0-0-0-0-0-0-0-0-0-0-0-0-0-
[INFO] [1790581079.124200856] [rclcpp]: signal_handler(SIGINT/SIGTERM)
[WARN] [1790581079.125504371] [uav1.mavros]: UAS Executor terminated
