[INFO] [1790580753.846628902] [uav4.mavros_node]: Starting mavros_node container
[INFO] [1790580753.846708340] [uav4.mavros_node]: FCU URL: udp://:14543@127.0.0.1:14583
[INFO] [1790580753.850756039] [uav4.mavros_node]: GCS URL: 
[INFO] [1790580753.850764534] [uav4.mavros_node]: UAS Prefix: /uas4
[INFO] [1790580753.850770011] [uav4.mavros_node]: Starting mavros router node
[INFO] [1790580753.988863800] [uav4.mavros_router]: Built-in SIMD instructions: SSE, SSE2
[INFO] [1790580753.989275169] [uav4.mavros_router]: Built-in MAVLink package version: 2026.8.8
[INFO] [1790580753.989391513] [uav4.mavros_router]: Known MAVLink dialects: common ardupilotmega ASLUAV AVSSUAS all csAirLink cubepilot development icarous loweheiser marsh paparazzi standard stemstudios storm32 uAvionix ualberta
[INFO] [1790580753.989534760] [uav4.mavros_router]: MAVROS Router started
[INFO] [1790580753.989654735] [uav4.mavros_node]: Starting mavros uas node
[INFO] [1790580754.147973976] [uav4.mavros_router]: Requested to add endpoint: type: 0, url: udp://:14543@127.0.0.1:14583
[INFO] [1790580754.149243780] [uav4.mavros_router]: Endpoint link[1000] created
[INFO] [1790580754.149857281] [uav4.mavros_router]: link[1000] opened successfully
[INFO] [1790580754.151083273] [uav4.mavros_router]: Requested to add endpoint: type: 2, url: /uas4
[INFO] [1790580754.151908624] [uav4.mavros_router]: Endpoint link[1001] created
[INFO] [1790580754.159186787] [uav4.mavros_router]: link[1000] detected remote address 4.1
[INFO] [1790580754.169734066] [uav4.mavros]: Plugin actuator_control ignored
[INFO] [1790580754.169893374] [uav4.mavros]: Plugin altitude ignored
[INFO] [1790580754.169811973] [uav4.mavros]: UAS Executor started, threads: 4
[INFO] [1790580754.227656951] [uav4.mavros_router]: link[1001] opened successfully
[INFO] [1790580754.272908338] [uav4.mavros]: Plugin command created
[INFO] [1790580754.273352663] [uav4.mavros]: Plugin command initialized
[INFO] [1790580754.273392157] [uav4.mavros]: Plugin ftp ignored
[INFO] [1790580754.273405798] [uav4.mavros]: Plugin geofence ignored
[INFO] [1790580754.677992244] [uav4.mavros]: Plugin global_position created
[INFO] [1790580754.678068032] [uav4.mavros]: Plugin global_position initialized
[INFO] [1790580754.678083267] [uav4.mavros]: Plugin home_position ignored
[INFO] [1790580754.678091217] [uav4.mavros]: Plugin imu ignored
[INFO] [1790580755.116348363] [uav4.mavros]: Plugin local_position created
[INFO] [1790580755.116410906] [uav4.mavros]: Plugin local_position initialized
[INFO] [1790580755.116423653] [uav4.mavros]: Plugin manual_control ignored
[INFO] [1790580755.116429289] [uav4.mavros]: Plugin nav_controller_output ignored
[INFO] [1790580755.116435124] [uav4.mavros]: Plugin param ignored
[INFO] [1790580755.116440214] [uav4.mavros]: Plugin rallypoint ignored
[INFO] [1790580755.116445810] [uav4.mavros]: Plugin rc_io ignored
[INFO] [1790580755.116451233] [uav4.mavros]: Plugin setpoint_accel ignored
[INFO] [1790580755.116456514] [uav4.mavros]: Plugin setpoint_attitude ignored
[INFO] [1790580755.116461707] [uav4.mavros]: Plugin setpoint_position ignored
[INFO] [1790580755.116467135] [uav4.mavros]: Plugin setpoint_raw ignored
[INFO] [1790580755.116472631] [uav4.mavros]: Plugin setpoint_trajectory ignored
[INFO] [1790580755.488997335] [uav4.mavros]: Plugin setpoint_velocity created
[INFO] [1790580755.489061533] [uav4.mavros]: Plugin setpoint_velocity initialized
[INFO] [1790580756.288950233] [uav4.mavros]: Plugin sys_status created
[INFO] [1790580756.289245067] [uav4.mavros]: Plugin sys_status initialized
[INFO] [1790580756.460560242] [uav4.mavros.time]: TM: Timesync mode: MAVLINK
[INFO] [1790580756.490446750] [uav4.mavros]: Plugin sys_time created
[INFO] [1790580756.490514790] [uav4.mavros]: Plugin sys_time initialized
[INFO] [1790580756.490527479] [uav4.mavros]: Plugin waypoint ignored
[INFO] [1790580756.490534036] [uav4.mavros]: Plugin wind_estimation ignored
[INFO] [1790580756.528837903] [uav4.mavros]: Built-in SIMD instructions: SSE, SSE2
[INFO] [1790580756.529577927] [uav4.mavros]: Built-in MAVLink package version: 2026.8.8
[INFO] [1790580756.530458552] [uav4.mavros]: Known MAVLink dialects: common ardupilotmega ASLUAV AVSSUAS all csAirLink cubepilot development icarous loweheiser marsh paparazzi standard stemstudios storm32 uAvionix ualberta
[INFO] [1790580756.530562431] [uav4.mavros]: MAVROS UAS via /uas4 started. MY ID 4.191, TARGET ID 4.1
[INFO] [1790580756.591394871] [uav4.mavros_router]: link[1001] detected remote address 4.191
[INFO] [1790580757.310178862] [uav4.mavros.sys]: VER: 4.1: Capabilities         0x000000000000e8ff
[INFO] [1790580757.310288477] [uav4.mavros.sys]: VER: 4.1: Flight software:     011200c0 (fca3df865a000000)
[INFO] [1790580757.310299421] [uav4.mavros.sys]: VER: 4.1: Middleware software: 011200c0 (fca3df865a000000)
[INFO] [1790580757.310305764] [uav4.mavros.sys]: VER: 4.1: OS software:         070000ff (17040b9f87cb1791)
[INFO] [1790580757.310311470] [uav4.mavros.sys]: VER: 4.1: Board hardware:      00000001
[INFO] [1790580757.310316999] [uav4.mavros.sys]: VER: 4.1: VID/PID:             0000:0000
[INFO] [1790580757.310322815] [uav4.mavros.sys]: VER: 4.1: UID:                 4954414c44494e52
[WARN] [1790580757.310903884] [uav4.mavros.cmd]: CMD: Unexpected command 512, result 0
[INFO] [1790580757.494343189] [uav4.mavros]: CON: Got HEARTBEAT, connected. FCU: PX4 Autopilot
[INFO] [1790580758.507852598] [uav4.mavros.sys]: VER: 4.1: Capabilities         0x000000000000e8ff
[INFO] [1790580758.510280989] [uav4.mavros.sys]: VER: 4.1: Flight software:     011200c0 (fca3df865a000000)
[INFO] [1790580758.510311995] [uav4.mavros.sys]: VER: 4.1: Middleware software: 011200c0 (fca3df865a000000)
[INFO] [1790580758.510319081] [uav4.mavros.sys]: VER: 4.1: OS software:         070000ff (17040b9f87cb1791)
[INFO] [1790580758.510325007] [uav4.mavros.sys]: VER: 4.1: Board hardware:      00000001
[INFO] [1790580758.510330924] [uav4.mavros.sys]: VER: 4.1: VID/PID:             0000:0000
[INFO] [1790580758.510336850] [uav4.mavros.sys]: VER: 4.1: UID:                 4954414c44494e52
[WARN] [1790580768.126131937] [uav4.mavros.sys]: FCU: UNK(8): EVENT 11047904 with args -0-0-0-0-0-128-0-0-0-176-122-127-128-176-122-127-128-0-0-0-0-0-0-0-0-0-0-0-0-0-0-0-0-0-0-0-0-0-0-0-
[INFO] [1790580768.126261421] [uav4.mavros.sys]: FCU: EVENT 377561 with args -8-0-0-0-20-0-0-0-0-0-0-0-0-0-0-0-0-0-0-0-0-0-0-0-0-0-0-0-0-0-0-0-0-0-0-0-0-0-0-0-
[WARN] [1790580768.126680135] [uav4.mavros.sys]: FCU: EVENT 453929 with args -255-255-255-255-7-0-0-0-0-0-0-0-0-0-0-0-0-0-0-0-0-0-0-0-0-0-0-0-0-0-0-0-0-0-0-0-0-0-0-0-
[INFO] [1790580768.126718159] [uav4.mavros.sys]: FCU: EVENT 6801787 with args -255-255-255-255-12-0-0-0-0-0-0-0-0-0-0-0-0-0-0-0-0-0-0-0-0-0-0-0-0-0-0-0-0-0-0-0-0-0-0-0-
[WARN] [1790580768.126762099] [uav4.mavros.sys]: FCU: UNK(8): EVENT 1914663 with args -0-10-13-2-56-0-0-0-0-0-0-0-0-0-0-0-0-0-0-0-0-0-0-0-0-0-0-0-0-0-0-0-0-0-0-0-0-0-0-0-
[WARN] [1790580770.013749506] [uav4.mavros.cmd]: CMD: Unexpected command 176, result 0
[INFO] [1790580771.242673656] [uav4.mavros.sys]: FCU: EVENT 9489139 with args -4-0-0-0-0-0-0-0-0-0-0-0-0-0-0-0-0-0-0-0-0-0-0-0-0-0-0-0-0-0-0-0-0-0-0-0-0-0-0-0-
[INFO] [1790580773.315026167] [uav4.mavros.sys]: FCU: EVENT 4277609 with args -0-0-0-0-0-0-0-0-0-0-0-0-0-0-0-0-0-0-0-0-0-0-0-0-0-0-0-0-0-0-0-0-0-0-0-0-0-0-0-0-
[WARN] [1790581034.705487121] [uav4.mavros.cmd]: CMD: Unexpected command 176, result 0
[INFO] [1790581071.048620632] [uav4.mavros.sys]: FCU: EVENT 9844908 with args -0-0-0-0-0-0-0-0-0-0-0-0-0-0-0-0-0-0-0-0-0-0-0-0-0-0-0-0-0-0-0-0-0-0-0-0-0-0-0-0-
[INFO] [1790581073.230192107] [uav4.mavros.sys]: FCU: EVENT 16017271 with args -6-0-0-0-0-0-0-0-0-0-0-0-0-0-0-0-0-0-0-0-0-0-0-0-0-0-0-0-0-0-0-0-0-0-0-0-0-0-0-0-
[WARN] [1790581076.855950914] [uav4.mavros.sys]: FCU: UNK(8): EVENT 11047904 with args -0-0-0-0-0-128-0-0-0-176-122-127-128-176-122-127-128-0-0-0-0-0-0-0-0-0-0-0-0-0-0-0-0-0-0-0-0-0-0-0-
[INFO] [1790581076.856286379] [uav4.mavros.sys]: FCU: EVENT 377561 with args -8-0-0-0-20-0-0-0-0-0-0-0-0-0-0-0-0-0-0-0-0-0-0-0-0-0-0-0-0-0-0-0-0-0-0-0-0-0-0-0-
[WARN] [1790581076.856402339] [uav4.mavros.sys]: FCU: EVENT 453929 with args -255-255-255-255-7-0-0-0-0-0-0-0-0-0-0-0-0-0-0-0-0-0-0-0-0-0-0-0-0-0-0-0-0-0-0-0-0-0-0-0-
[INFO] [1790581076.856445925] [uav4.mavros.sys]: FCU: EVENT 6801787 with args -255-255-255-255-12-0-0-0-0-0-0-0-0-0-0-0-0-0-0-0-0-0-0-0-0-0-0-0-0-0-0-0-0-0-0-0-0-0-0-0-
[WARN] [1790581076.856501151] [uav4.mavros.sys]: FCU: UNK(8): EVENT 1914663 with args -0-10-9-2-56-0-0-0-0-0-0-0-0-0-0-0-0-0-0-0-0-0-0-0-0-0-0-0-0-0-0-0-0-0-0-0-0-0-0-0-
[INFO] [1790581079.126660845] [rclcpp]: signal_handler(SIGINT/SIGTERM)
[WARN] [1790581079.127880993] [uav4.mavros]: UAS Executor terminated
Failed to publish log message to rosout: publisher's context is invalid, at ./src/rcl/publisher.c:423
