[INFO] [1790497630.502312622] [uav4.mavros_node]: Starting mavros_node container
[INFO] [1790497630.502719453] [uav4.mavros_node]: FCU URL: udp://:14543@127.0.0.1:14583
[INFO] [1790497630.502751602] [uav4.mavros_node]: GCS URL: 
[INFO] [1790497630.502764807] [uav4.mavros_node]: UAS Prefix: /uas4
[INFO] [1790497630.502776469] [uav4.mavros_node]: Starting mavros router node
[INFO] [1790497630.777645232] [uav4.mavros_router]: Built-in SIMD instructions: SSE, SSE2
[INFO] [1790497630.777747819] [uav4.mavros_router]: Built-in MAVLink package version: 2026.8.8
[INFO] [1790497630.777771947] [uav4.mavros_router]: Known MAVLink dialects: common ardupilotmega ASLUAV AVSSUAS all csAirLink cubepilot development icarous loweheiser marsh paparazzi standard stemstudios storm32 uAvionix ualberta
[INFO] [1790497630.777790827] [uav4.mavros_router]: MAVROS Router started
[INFO] [1790497630.780927151] [uav4.mavros_node]: Starting mavros uas node
[INFO] [1790497631.933161733] [uav4.mavros_router]: Requested to add endpoint: type: 0, url: udp://:14543@127.0.0.1:14583
[INFO] [1790497631.933300847] [uav4.mavros_router]: Endpoint link[1000] created
[INFO] [1790497631.933988361] [uav4.mavros]: UAS Executor started, threads: 4
[INFO] [1790497631.934021700] [uav4.mavros]: Plugin actuator_control ignored
[INFO] [1790497631.939488004] [uav4.mavros]: Plugin altitude ignored
[INFO] [1790497631.946275668] [uav4.mavros_router]: link[1000] opened successfully
[INFO] [1790497631.946399744] [uav4.mavros_router]: Requested to add endpoint: type: 2, url: /uas4
[INFO] [1790497631.946447386] [uav4.mavros_router]: Endpoint link[1001] created
[INFO] [1790497631.962123660] [uav4.mavros_router]: link[1000] detected remote address 4.1
[INFO] [1790497632.312266641] [uav4.mavros_router]: link[1001] opened successfully
[INFO] [1790497632.894976025] [uav4.mavros]: Plugin command created
[INFO] [1790497632.895103497] [uav4.mavros]: Plugin command initialized
[INFO] [1790497632.895149646] [uav4.mavros]: Plugin ftp ignored
[INFO] [1790497632.895166203] [uav4.mavros]: Plugin geofence ignored
[INFO] [1790497633.786960187] [uav4.mavros]: Plugin global_position created
[INFO] [1790497633.787101895] [uav4.mavros]: Plugin global_position initialized
[INFO] [1790497633.787138512] [uav4.mavros]: Plugin home_position ignored
[INFO] [1790497633.787155234] [uav4.mavros]: Plugin imu ignored
[INFO] [1790497634.855041200] [uav4.mavros]: Plugin local_position created
[INFO] [1790497634.855160628] [uav4.mavros]: Plugin local_position initialized
[INFO] [1790497634.855189059] [uav4.mavros]: Plugin manual_control ignored
[INFO] [1790497634.855204943] [uav4.mavros]: Plugin nav_controller_output ignored
[INFO] [1790497634.855231847] [uav4.mavros]: Plugin param ignored
[INFO] [1790497634.855247239] [uav4.mavros]: Plugin rallypoint ignored
[INFO] [1790497634.855259834] [uav4.mavros]: Plugin rc_io ignored
[INFO] [1790497634.855273533] [uav4.mavros]: Plugin setpoint_accel ignored
[INFO] [1790497634.855286048] [uav4.mavros]: Plugin setpoint_attitude ignored
[INFO] [1790497634.855300350] [uav4.mavros]: Plugin setpoint_position ignored
[INFO] [1790497634.855317700] [uav4.mavros]: Plugin setpoint_raw ignored
[INFO] [1790497634.855332147] [uav4.mavros]: Plugin setpoint_trajectory ignored
[INFO] [1790497635.249321148] [uav4.mavros]: Plugin setpoint_velocity created
[INFO] [1790497635.249430445] [uav4.mavros]: Plugin setpoint_velocity initialized
[INFO] [1790497636.457824884] [uav4.mavros]: Plugin sys_status created
[INFO] [1790497636.463597204] [uav4.mavros]: Plugin sys_status initialized
[INFO] [1790497637.263607637] [uav4.mavros.time]: TM: Timesync mode: MAVLINK
[INFO] [1790497637.494257384] [uav4.mavros]: Plugin sys_time created
[INFO] [1790497637.494372615] [uav4.mavros]: Plugin sys_time initialized
[INFO] [1790497637.494398740] [uav4.mavros]: Plugin waypoint ignored
[INFO] [1790497637.494413269] [uav4.mavros]: Plugin wind_estimation ignored
[INFO] [1790497637.628275114] [uav4.mavros]: Built-in SIMD instructions: SSE, SSE2
[INFO] [1790497637.628373534] [uav4.mavros]: Built-in MAVLink package version: 2026.8.8
[INFO] [1790497637.628605467] [uav4.mavros]: Known MAVLink dialects: common ardupilotmega ASLUAV AVSSUAS all csAirLink cubepilot development icarous loweheiser marsh paparazzi standard stemstudios storm32 uAvionix ualberta
[INFO] [1790497637.628634795] [uav4.mavros]: MAVROS UAS via /uas4 started. MY ID 4.191, TARGET ID 4.1
[INFO] [1790497637.650921491] [uav4.mavros_router]: link[1001] detected remote address 4.191
[INFO] [1790497637.660822582] [uav4.mavros.sys]: VER: 4.1: Capabilities         0x000000000000e8ff
[INFO] [1790497637.660936594] [uav4.mavros.sys]: VER: 4.1: Flight software:     011200c0 (fca3df865a000000)
[INFO] [1790497637.660962697] [uav4.mavros.sys]: VER: 4.1: Middleware software: 011200c0 (fca3df865a000000)
[INFO] [1790497637.660977727] [uav4.mavros.sys]: VER: 4.1: OS software:         070000ff (17040b9f87cb1791)
[INFO] [1790497637.660991077] [uav4.mavros.sys]: VER: 4.1: Board hardware:      00000001
[INFO] [1790497637.661004470] [uav4.mavros.sys]: VER: 4.1: VID/PID:             0000:0000
[INFO] [1790497637.661017755] [uav4.mavros.sys]: VER: 4.1: UID:                 4954414c44494e52
[WARN] [1790497637.661705004] [uav4.mavros.cmd]: CMD: Unexpected command 512, result 0
[INFO] [1790497638.854539917] [uav4.mavros]: CON: Got HEARTBEAT, connected. FCU: PX4 Autopilot
[INFO] [1790497639.941447981] [uav4.mavros.sys]: VER: 4.1: Capabilities         0x000000000000e8ff
[INFO] [1790497639.941551266] [uav4.mavros.sys]: VER: 4.1: Flight software:     011200c0 (fca3df865a000000)
[INFO] [1790497639.941569654] [uav4.mavros.sys]: VER: 4.1: Middleware software: 011200c0 (fca3df865a000000)
[INFO] [1790497639.941588576] [uav4.mavros.sys]: VER: 4.1: OS software:         070000ff (17040b9f87cb1791)
[INFO] [1790497639.941603467] [uav4.mavros.sys]: VER: 4.1: Board hardware:      00000001
[INFO] [1790497639.941617006] [uav4.mavros.sys]: VER: 4.1: VID/PID:             0000:0000
[INFO] [1790497639.941630821] [uav4.mavros.sys]: VER: 4.1: UID:                 4954414c44494e52
[WARN] [1790497672.661538233] [uav4.mavros.sys]: FCU: UNK(8): EVENT 11047904 with args -0-0-0-0-0-128-0-0-0-176-122-127-128-176-122-127-128-0-0-0-0-0-0-0-0-0-0-0-0-0-0-0-0-0-0-0-0-0-0-0-
[INFO] [1790497672.661763751] [uav4.mavros.sys]: FCU: EVENT 377561 with args -8-0-0-0-20-0-0-0-0-0-0-0-0-0-0-0-0-0-0-0-0-0-0-0-0-0-0-0-0-0-0-0-0-0-0-0-0-0-0-0-
[WARN] [1790497672.661889079] [uav4.mavros.sys]: FCU: EVENT 453929 with args -255-255-255-255-7-0-0-0-0-0-0-0-0-0-0-0-0-0-0-0-0-0-0-0-0-0-0-0-0-0-0-0-0-0-0-0-0-0-0-0-
[INFO] [1790497672.662002575] [uav4.mavros.sys]: FCU: EVENT 6801787 with args -255-255-255-255-12-0-0-0-0-0-0-0-0-0-0-0-0-0-0-0-0-0-0-0-0-0-0-0-0-0-0-0-0-0-0-0-0-0-0-0-
[WARN] [1790497672.662101396] [uav4.mavros.sys]: FCU: UNK(8): EVENT 1914663 with args -0-10-13-2-56-0-0-0-0-0-0-0-0-0-0-0-0-0-0-0-0-0-0-0-0-0-0-0-0-0-0-0-0-0-0-0-0-0-0-0-
[WARN] [1790497678.375246112] [uav4.mavros.cmd]: CMD: Unexpected command 176, result 0
[INFO] [1790497680.164153280] [uav4.mavros.sys]: FCU: EVENT 9489139 with args -4-0-0-0-0-0-0-0-0-0-0-0-0-0-0-0-0-0-0-0-0-0-0-0-0-0-0-0-0-0-0-0-0-0-0-0-0-0-0-0-
[INFO] [1790497682.912036227] [uav4.mavros.sys]: FCU: EVENT 4277609 with args -0-0-0-0-0-0-0-0-0-0-0-0-0-0-0-0-0-0-0-0-0-0-0-0-0-0-0-0-0-0-0-0-0-0-0-0-0-0-0-0-
[WARN] [1790498020.169687371] [uav4.mavros.cmd]: CMD: Unexpected command 176, result 0
[INFO] [1790498070.339767380] [uav4.mavros.sys]: FCU: EVENT 9844908 with args -0-0-0-0-0-0-0-0-0-0-0-0-0-0-0-0-0-0-0-0-0-0-0-0-0-0-0-0-0-0-0-0-0-0-0-0-0-0-0-0-
[INFO] [1790498073.306761157] [uav4.mavros.sys]: FCU: EVENT 16017271 with args -6-0-0-0-0-0-0-0-0-0-0-0-0-0-0-0-0-0-0-0-0-0-0-0-0-0-0-0-0-0-0-0-0-0-0-0-0-0-0-0-
[WARN] [1790498078.841473245] [uav4.mavros.sys]: FCU: UNK(8): EVENT 11047904 with args -0-0-0-0-0-128-0-0-0-176-122-127-128-176-122-127-128-0-0-0-0-0-0-0-0-0-0-0-0-0-0-0-0-0-0-0-0-0-0-0-
[INFO] [1790498078.841709807] [uav4.mavros.sys]: FCU: EVENT 377561 with args -8-0-0-0-20-0-0-0-0-0-0-0-0-0-0-0-0-0-0-0-0-0-0-0-0-0-0-0-0-0-0-0-0-0-0-0-0-0-0-0-
[WARN] [1790498078.841857153] [uav4.mavros.sys]: FCU: EVENT 453929 with args -255-255-255-255-7-0-0-0-0-0-0-0-0-0-0-0-0-0-0-0-0-0-0-0-0-0-0-0-0-0-0-0-0-0-0-0-0-0-0-0-
[INFO] [1790498078.842008978] [uav4.mavros.sys]: FCU: EVENT 6801787 with args -255-255-255-255-12-0-0-0-0-0-0-0-0-0-0-0-0-0-0-0-0-0-0-0-0-0-0-0-0-0-0-0-0-0-0-0-0-0-0-0-
[WARN] [1790498078.842111891] [uav4.mavros.sys]: FCU: UNK(8): EVENT 1914663 with args -0-10-9-2-56-0-0-0-0-0-0-0-0-0-0-0-0-0-0-0-0-0-0-0-0-0-0-0-0-0-0-0-0-0-0-0-0-0-0-0-
[WARN] [1790498136.922660621] [uav4.mavros.sys]: FCU: UNK(8): EVENT 11047904 with args -0-0-0-16-0-128-0-0-0-176-58-127-128-176-58-127-128-0-0-0-0-0-0-0-0-0-0-0-0-0-0-0-0-0-0-0-0-0-0-0-
[ERROR] [1790498136.922918594] [uav4.mavros.sys]: FCU: EVENT 11464574 with args -0-64-0-0-20-0-0-0-0-0-0-0-0-0-0-0-0-0-0-0-0-0-0-0-0-0-0-0-0-0-0-0-0-0-0-0-0-0-0-0-
[INFO] [1790498136.923117584] [uav4.mavros.sys]: FCU: EVENT 377561 with args -8-0-0-0-20-0-0-0-0-0-0-0-0-0-0-0-0-0-0-0-0-0-0-0-0-0-0-0-0-0-0-0-0-0-0-0-0-0-0-0-
[WARN] [1790498136.923240867] [uav4.mavros.sys]: FCU: EVENT 453929 with args -255-255-255-255-7-0-0-0-0-0-0-0-0-0-0-0-0-0-0-0-0-0-0-0-0-0-0-0-0-0-0-0-0-0-0-0-0-0-0-0-
[INFO] [1790498136.923356783] [uav4.mavros.sys]: FCU: EVENT 6801787 with args -255-255-255-255-12-0-0-0-0-0-0-0-0-0-0-0-0-0-0-0-0-0-0-0-0-0-0-0-0-0-0-0-0-0-0-0-0-0-0-0-
[WARN] [1790498136.923473167] [uav4.mavros.sys]: FCU: UNK(8): EVENT 1914663 with args -0-10-9-2-56-0-0-0-0-0-0-0-0-0-0-0-0-0-0-0-0-0-0-0-0-0-0-0-0-0-0-0-0-0-0-0-0-0-0-0-
[WARN] [1790498136.946166083] [uav4.mavros.sys]: FCU: EVENT 13277401 with args -0-0-6-0-0-0-0-0-0-0-0-0-0-0-0-0-0-0-0-0-0-0-0-0-0-0-0-0-0-0-0-0-0-0-0-0-0-0-0-0-
[INFO] [1790498137.438317444] [rclcpp]: signal_handler(SIGINT/SIGTERM)
[WARN] [1790498137.446787991] [uav4.mavros]: UAS Executor terminated
