[INFO] [1790497630.386331630] [uav8.mavros_node]: Starting mavros_node container
[INFO] [1790497630.386541554] [uav8.mavros_node]: FCU URL: udp://:14547@127.0.0.1:14587
[INFO] [1790497630.386565552] [uav8.mavros_node]: GCS URL: 
[INFO] [1790497630.386581279] [uav8.mavros_node]: UAS Prefix: /uas8
[INFO] [1790497630.386595591] [uav8.mavros_node]: Starting mavros router node
[INFO] [1790497630.673951928] [uav8.mavros_router]: Built-in SIMD instructions: SSE, SSE2
[INFO] [1790497630.674139136] [uav8.mavros_router]: Built-in MAVLink package version: 2026.8.8
[INFO] [1790497630.674169898] [uav8.mavros_router]: Known MAVLink dialects: common ardupilotmega ASLUAV AVSSUAS all csAirLink cubepilot development icarous loweheiser marsh paparazzi standard stemstudios storm32 uAvionix ualberta
[INFO] [1790497630.674188973] [uav8.mavros_router]: MAVROS Router started
[INFO] [1790497630.674546663] [uav8.mavros_node]: Starting mavros uas node
[INFO] [1790497630.986133716] [uav8.mavros_router]: Requested to add endpoint: type: 0, url: udp://:14547@127.0.0.1:14587
[INFO] [1790497630.987169925] [uav8.mavros_router]: Endpoint link[1000] created
[INFO] [1790497630.987723297] [uav8.mavros_router]: link[1000] opened successfully
[INFO] [1790497630.987783966] [uav8.mavros_router]: Requested to add endpoint: type: 2, url: /uas8
[INFO] [1790497630.987823566] [uav8.mavros_router]: Endpoint link[1001] created
[INFO] [1790497630.991202667] [uav8.mavros_router]: link[1000] detected remote address 8.1
[INFO] [1790497631.006796953] [uav8.mavros]: Plugin actuator_control ignored
[INFO] [1790497631.006906821] [uav8.mavros]: Plugin altitude ignored
[INFO] [1790497631.007746443] [uav8.mavros]: UAS Executor started, threads: 4
[INFO] [1790497631.077428852] [uav8.mavros_router]: link[1001] opened successfully
[INFO] [1790497631.478955139] [uav8.mavros]: Plugin command created
[INFO] [1790497631.484582178] [uav8.mavros]: Plugin command initialized
[INFO] [1790497631.484690404] [uav8.mavros]: Plugin ftp ignored
[INFO] [1790497631.484710020] [uav8.mavros]: Plugin geofence ignored
[INFO] [1790497632.266250317] [uav8.mavros]: Plugin global_position created
[INFO] [1790497632.266426162] [uav8.mavros]: Plugin global_position initialized
[INFO] [1790497632.266456901] [uav8.mavros]: Plugin home_position ignored
[INFO] [1790497632.266472834] [uav8.mavros]: Plugin imu ignored
[INFO] [1790497632.841923225] [uav8.mavros]: Plugin local_position created
[INFO] [1790497632.844596282] [uav8.mavros]: Plugin local_position initialized
[INFO] [1790497632.844637348] [uav8.mavros]: Plugin manual_control ignored
[INFO] [1790497632.844658217] [uav8.mavros]: Plugin nav_controller_output ignored
[INFO] [1790497632.844676218] [uav8.mavros]: Plugin param ignored
[INFO] [1790497632.844693345] [uav8.mavros]: Plugin rallypoint ignored
[INFO] [1790497632.844708516] [uav8.mavros]: Plugin rc_io ignored
[INFO] [1790497632.844722140] [uav8.mavros]: Plugin setpoint_accel ignored
[INFO] [1790497632.844736366] [uav8.mavros]: Plugin setpoint_attitude ignored
[INFO] [1790497632.844750997] [uav8.mavros]: Plugin setpoint_position ignored
[INFO] [1790497632.844768580] [uav8.mavros]: Plugin setpoint_raw ignored
[INFO] [1790497632.844783980] [uav8.mavros]: Plugin setpoint_trajectory ignored
[INFO] [1790497633.494464447] [uav8.mavros]: Plugin setpoint_velocity created
[INFO] [1790497633.495311923] [uav8.mavros]: Plugin setpoint_velocity initialized
[INFO] [1790497635.350462662] [uav8.mavros]: Plugin sys_status created
[INFO] [1790497635.350619893] [uav8.mavros]: Plugin sys_status initialized
[INFO] [1790497636.192076953] [uav8.mavros.time]: TM: Timesync mode: MAVLINK
[INFO] [1790497636.431178064] [uav8.mavros]: Plugin sys_time created
[INFO] [1790497636.431285808] [uav8.mavros]: Plugin sys_time initialized
[INFO] [1790497636.431308854] [uav8.mavros]: Plugin waypoint ignored
[INFO] [1790497636.431323643] [uav8.mavros]: Plugin wind_estimation ignored
[INFO] [1790497636.593720536] [uav8.mavros]: Built-in SIMD instructions: SSE, SSE2
[INFO] [1790497636.593809688] [uav8.mavros]: Built-in MAVLink package version: 2026.8.8
[INFO] [1790497636.593850964] [uav8.mavros]: Known MAVLink dialects: common ardupilotmega ASLUAV AVSSUAS all csAirLink cubepilot development icarous loweheiser marsh paparazzi standard stemstudios storm32 uAvionix ualberta
[INFO] [1790497636.593882104] [uav8.mavros]: MAVROS UAS via /uas8 started. MY ID 8.191, TARGET ID 8.1
[INFO] [1790497636.668913773] [uav8.mavros_router]: link[1001] detected remote address 8.191
[INFO] [1790497636.685806081] [uav8.mavros.sys]: VER: 8.1: Capabilities         0x000000000000e8ff
[INFO] [1790497636.685912820] [uav8.mavros.sys]: VER: 8.1: Flight software:     011200c0 (fca3df865a000000)
[INFO] [1790497636.685938536] [uav8.mavros.sys]: VER: 8.1: Middleware software: 011200c0 (fca3df865a000000)
[INFO] [1790497636.685963404] [uav8.mavros.sys]: VER: 8.1: OS software:         070000ff (17040b9f87cb1791)
[INFO] [1790497636.685978479] [uav8.mavros.sys]: VER: 8.1: Board hardware:      00000001
[INFO] [1790497636.685992788] [uav8.mavros.sys]: VER: 8.1: VID/PID:             0000:0000
[INFO] [1790497636.686007836] [uav8.mavros.sys]: VER: 8.1: UID:                 4954414c44494e56
[WARN] [1790497636.686117990] [uav8.mavros.cmd]: CMD: Unexpected command 512, result 0
[ERROR] [1790497637.524642349] [uav8.mavros.sys]: VER: autopilot version service timeout
[ERROR] [1790497637.662630908] [uav8.mavros.sys]: VER: command plugin service call failed!
[INFO] [1790497637.791284423] [uav8.mavros]: CON: Got HEARTBEAT, connected. FCU: PX4 Autopilot
[INFO] [1790497638.873735010] [uav8.mavros.sys]: VER: 8.1: Capabilities         0x000000000000e8ff
[INFO] [1790497638.873816336] [uav8.mavros.sys]: VER: 8.1: Flight software:     011200c0 (fca3df865a000000)
[INFO] [1790497638.873840629] [uav8.mavros.sys]: VER: 8.1: Middleware software: 011200c0 (fca3df865a000000)
[INFO] [1790497638.873856474] [uav8.mavros.sys]: VER: 8.1: OS software:         070000ff (17040b9f87cb1791)
[INFO] [1790497638.873878944] [uav8.mavros.sys]: VER: 8.1: Board hardware:      00000001
[INFO] [1790497638.873895510] [uav8.mavros.sys]: VER: 8.1: VID/PID:             0000:0000
[INFO] [1790497638.873909655] [uav8.mavros.sys]: VER: 8.1: UID:                 4954414c44494e56
[WARN] [1790497657.913958403] [uav8.mavros.sys]: FCU: UNK(8): EVENT 11047904 with args -0-0-0-0-0-128-0-0-0-176-122-127-128-176-122-127-128-0-0-0-0-0-0-0-0-0-0-0-0-0-0-0-0-0-0-0-0-0-0-0-
[INFO] [1790497657.914158871] [uav8.mavros.sys]: FCU: EVENT 377561 with args -8-0-0-0-20-0-0-0-0-0-0-0-0-0-0-0-0-0-0-0-0-0-0-0-0-0-0-0-0-0-0-0-0-0-0-0-0-0-0-0-
[WARN] [1790497657.914261185] [uav8.mavros.sys]: FCU: EVENT 453929 with args -255-255-255-255-7-0-0-0-0-0-0-0-0-0-0-0-0-0-0-0-0-0-0-0-0-0-0-0-0-0-0-0-0-0-0-0-0-0-0-0-
[INFO] [1790497657.914348823] [uav8.mavros.sys]: FCU: EVENT 6801787 with args -255-255-255-255-12-0-0-0-0-0-0-0-0-0-0-0-0-0-0-0-0-0-0-0-0-0-0-0-0-0-0-0-0-0-0-0-0-0-0-0-
[WARN] [1790497657.914438626] [uav8.mavros.sys]: FCU: UNK(8): EVENT 1914663 with args -0-10-13-2-56-0-0-0-0-0-0-0-0-0-0-0-0-0-0-0-0-0-0-0-0-0-0-0-0-0-0-0-0-0-0-0-0-0-0-0-
[WARN] [1790497675.734160351] [uav8.mavros.cmd]: CMD: Unexpected command 176, result 0
[INFO] [1790497676.865885590] [uav8.mavros.sys]: FCU: EVENT 9489139 with args -4-0-0-0-0-0-0-0-0-0-0-0-0-0-0-0-0-0-0-0-0-0-0-0-0-0-0-0-0-0-0-0-0-0-0-0-0-0-0-0-
[INFO] [1790497680.076560538] [uav8.mavros.sys]: FCU: EVENT 4277609 with args -0-0-0-0-0-0-0-0-0-0-0-0-0-0-0-0-0-0-0-0-0-0-0-0-0-0-0-0-0-0-0-0-0-0-0-0-0-0-0-0-
[WARN] [1790498020.232692363] [uav8.mavros.cmd]: CMD: Unexpected command 176, result 0
[INFO] [1790498066.477738629] [uav8.mavros.sys]: FCU: EVENT 9844908 with args -0-0-0-0-0-0-0-0-0-0-0-0-0-0-0-0-0-0-0-0-0-0-0-0-0-0-0-0-0-0-0-0-0-0-0-0-0-0-0-0-
[INFO] [1790498069.150176118] [uav8.mavros.sys]: FCU: EVENT 16017271 with args -6-0-0-0-0-0-0-0-0-0-0-0-0-0-0-0-0-0-0-0-0-0-0-0-0-0-0-0-0-0-0-0-0-0-0-0-0-0-0-0-
[WARN] [1790498073.796527778] [uav8.mavros.sys]: FCU: UNK(8): EVENT 11047904 with args -0-0-0-0-0-128-0-0-0-176-122-127-128-176-122-127-128-0-0-0-0-0-0-0-0-0-0-0-0-0-0-0-0-0-0-0-0-0-0-0-
[INFO] [1790498073.815723904] [uav8.mavros.sys]: FCU: EVENT 377561 with args -8-0-0-0-20-0-0-0-0-0-0-0-0-0-0-0-0-0-0-0-0-0-0-0-0-0-0-0-0-0-0-0-0-0-0-0-0-0-0-0-
[WARN] [1790498073.815932072] [uav8.mavros.sys]: FCU: EVENT 453929 with args -255-255-255-255-7-0-0-0-0-0-0-0-0-0-0-0-0-0-0-0-0-0-0-0-0-0-0-0-0-0-0-0-0-0-0-0-0-0-0-0-
[INFO] [1790498073.816055970] [uav8.mavros.sys]: FCU: EVENT 6801787 with args -255-255-255-255-12-0-0-0-0-0-0-0-0-0-0-0-0-0-0-0-0-0-0-0-0-0-0-0-0-0-0-0-0-0-0-0-0-0-0-0-
[WARN] [1790498073.816163309] [uav8.mavros.sys]: FCU: UNK(8): EVENT 1914663 with args -0-10-9-2-56-0-0-0-0-0-0-0-0-0-0-0-0-0-0-0-0-0-0-0-0-0-0-0-0-0-0-0-0-0-0-0-0-0-0-0-
[WARN] [1790498136.862353350] [uav8.mavros.sys]: FCU: UNK(8): EVENT 11047904 with args -0-0-0-16-0-128-0-0-0-176-58-127-128-176-58-127-128-0-0-0-0-0-0-0-0-0-0-0-0-0-0-0-0-0-0-0-0-0-0-0-
[ERROR] [1790498136.862603038] [uav8.mavros.sys]: FCU: EVENT 11464574 with args -0-64-0-0-20-0-0-0-0-0-0-0-0-0-0-0-0-0-0-0-0-0-0-0-0-0-0-0-0-0-0-0-0-0-0-0-0-0-0-0-
[INFO] [1790498136.862780486] [uav8.mavros.sys]: FCU: EVENT 377561 with args -8-0-0-0-20-0-0-0-0-0-0-0-0-0-0-0-0-0-0-0-0-0-0-0-0-0-0-0-0-0-0-0-0-0-0-0-0-0-0-0-
[WARN] [1790498136.862906503] [uav8.mavros.sys]: FCU: EVENT 453929 with args -255-255-255-255-7-0-0-0-0-0-0-0-0-0-0-0-0-0-0-0-0-0-0-0-0-0-0-0-0-0-0-0-0-0-0-0-0-0-0-0-
[INFO] [1790498136.863023898] [uav8.mavros.sys]: FCU: EVENT 6801787 with args -255-255-255-255-12-0-0-0-0-0-0-0-0-0-0-0-0-0-0-0-0-0-0-0-0-0-0-0-0-0-0-0-0-0-0-0-0-0-0-0-
[WARN] [1790498136.863132880] [uav8.mavros.sys]: FCU: UNK(8): EVENT 1914663 with args -0-10-9-2-56-0-0-0-0-0-0-0-0-0-0-0-0-0-0-0-0-0-0-0-0-0-0-0-0-0-0-0-0-0-0-0-0-0-0-0-
[WARN] [1790498136.876147863] [uav8.mavros.sys]: FCU: EVENT 13277401 with args -0-0-6-0-0-0-0-0-0-0-0-0-0-0-0-0-0-0-0-0-0-0-0-0-0-0-0-0-0-0-0-0-0-0-0-0-0-0-0-0-
[INFO] [1790498137.440507699] [rclcpp]: signal_handler(SIGINT/SIGTERM)
[WARN] [1790498137.446197799] [uav8.mavros]: UAS Executor terminated
