[INFO] [1790497630.316294044] [uav1.mavros_node]: Starting mavros_node container
[INFO] [1790497630.316966574] [uav1.mavros_node]: FCU URL: udp://:14540@127.0.0.1:14580
[INFO] [1790497630.317017914] [uav1.mavros_node]: GCS URL: 
[INFO] [1790497630.317035625] [uav1.mavros_node]: UAS Prefix: /uas1
[INFO] [1790497630.317050446] [uav1.mavros_node]: Starting mavros router node
[INFO] [1790497630.509955965] [uav1.mavros_router]: Built-in SIMD instructions: SSE, SSE2
[INFO] [1790497630.514050282] [uav1.mavros_router]: Built-in MAVLink package version: 2026.8.8
[INFO] [1790497630.514124099] [uav1.mavros_router]: Known MAVLink dialects: common ardupilotmega ASLUAV AVSSUAS all csAirLink cubepilot development icarous loweheiser marsh paparazzi standard stemstudios storm32 uAvionix ualberta
[INFO] [1790497630.514143940] [uav1.mavros_router]: MAVROS Router started
[INFO] [1790497630.515332169] [uav1.mavros_node]: Starting mavros uas node
[INFO] [1790497631.188119283] [uav1.mavros_router]: Requested to add endpoint: type: 0, url: udp://:14540@127.0.0.1:14580
[INFO] [1790497631.189476349] [uav1.mavros_router]: Endpoint link[1000] created
[INFO] [1790497631.192397901] [uav1.mavros_router]: link[1000] opened successfully
[INFO] [1790497631.192460950] [uav1.mavros_router]: Requested to add endpoint: type: 2, url: /uas1
[INFO] [1790497631.194995599] [uav1.mavros_router]: link[1000] detected remote address 1.1
[INFO] [1790497631.198871586] [uav1.mavros_router]: Endpoint link[1001] created
[INFO] [1790497631.222715615] [uav1.mavros]: UAS Executor started, threads: 4
[INFO] [1790497631.225424686] [uav1.mavros]: Plugin actuator_control ignored
[INFO] [1790497631.225520457] [uav1.mavros]: Plugin altitude ignored
[INFO] [1790497631.300283568] [uav1.mavros_router]: link[1001] opened successfully
[INFO] [1790497631.889742582] [uav1.mavros]: Plugin command created
[INFO] [1790497631.889886807] [uav1.mavros]: Plugin command initialized
[INFO] [1790497631.889920246] [uav1.mavros]: Plugin ftp ignored
[INFO] [1790497631.889935827] [uav1.mavros]: Plugin geofence ignored
[INFO] [1790497632.690847648] [uav1.mavros]: Plugin global_position created
[INFO] [1790497632.700972910] [uav1.mavros]: Plugin global_position initialized
[INFO] [1790497632.701007714] [uav1.mavros]: Plugin home_position ignored
[INFO] [1790497632.701024099] [uav1.mavros]: Plugin imu ignored
[INFO] [1790497633.433315096] [uav1.mavros]: Plugin local_position created
[INFO] [1790497633.433446735] [uav1.mavros]: Plugin local_position initialized
[INFO] [1790497633.433473247] [uav1.mavros]: Plugin manual_control ignored
[INFO] [1790497633.433488240] [uav1.mavros]: Plugin nav_controller_output ignored
[INFO] [1790497633.433502426] [uav1.mavros]: Plugin param ignored
[INFO] [1790497633.433517260] [uav1.mavros]: Plugin rallypoint ignored
[INFO] [1790497633.433531985] [uav1.mavros]: Plugin rc_io ignored
[INFO] [1790497633.433545762] [uav1.mavros]: Plugin setpoint_accel ignored
[INFO] [1790497633.433559978] [uav1.mavros]: Plugin setpoint_attitude ignored
[INFO] [1790497633.433574288] [uav1.mavros]: Plugin setpoint_position ignored
[INFO] [1790497633.433588440] [uav1.mavros]: Plugin setpoint_raw ignored
[INFO] [1790497633.433603274] [uav1.mavros]: Plugin setpoint_trajectory ignored
[INFO] [1790497634.067635524] [uav1.mavros]: Plugin setpoint_velocity created
[INFO] [1790497634.067741487] [uav1.mavros]: Plugin setpoint_velocity initialized
[INFO] [1790497634.844657325] [uav1.mavros]: Plugin sys_status created
[INFO] [1790497634.845190010] [uav1.mavros]: Plugin sys_status initialized
[INFO] [1790497634.981950140] [uav1.mavros.time]: TM: Timesync mode: MAVLINK
[INFO] [1790497635.000524573] [uav1.mavros]: Plugin sys_time created
[INFO] [1790497635.000646230] [uav1.mavros]: Plugin sys_time initialized
[INFO] [1790497635.000672546] [uav1.mavros]: Plugin waypoint ignored
[INFO] [1790497635.000688234] [uav1.mavros]: Plugin wind_estimation ignored
[INFO] [1790497635.013110835] [uav1.mavros]: Built-in SIMD instructions: SSE, SSE2
[INFO] [1790497635.013282005] [uav1.mavros]: Built-in MAVLink package version: 2026.8.8
[INFO] [1790497635.013349723] [uav1.mavros]: Known MAVLink dialects: common ardupilotmega ASLUAV AVSSUAS all csAirLink cubepilot development icarous loweheiser marsh paparazzi standard stemstudios storm32 uAvionix ualberta
[INFO] [1790497635.013370033] [uav1.mavros]: MAVROS UAS via /uas1 started. MY ID 1.191, TARGET ID 1.1
[INFO] [1790497635.121289299] [uav1.mavros_router]: link[1001] detected remote address 1.191
[INFO] [1790497635.325185679] [uav1.mavros]: CON: Got HEARTBEAT, connected. FCU: PX4 Autopilot
[INFO] [1790497636.594443849] [uav1.mavros.sys]: VER: 1.1: Capabilities         0x000000000000e8ff
[INFO] [1790497636.613578277] [uav1.mavros.sys]: VER: 1.1: Flight software:     011200c0 (fca3df865a000000)
[INFO] [1790497636.613668837] [uav1.mavros.sys]: VER: 1.1: Middleware software: 011200c0 (fca3df865a000000)
[INFO] [1790497636.613686757] [uav1.mavros.sys]: VER: 1.1: OS software:         070000ff (17040b9f87cb1791)
[INFO] [1790497636.613700140] [uav1.mavros.sys]: VER: 1.1: Board hardware:      00000001
[INFO] [1790497636.613714859] [uav1.mavros.sys]: VER: 1.1: VID/PID:             0000:0000
[INFO] [1790497636.613728080] [uav1.mavros.sys]: VER: 1.1: UID:                 4954414c44494e4f
[WARN] [1790497636.624712932] [uav1.mavros.cmd]: CMD: Unexpected command 512, result 0
[WARN] [1790497668.893920675] [uav1.mavros.sys]: FCU: UNK(8): EVENT 11047904 with args -0-0-0-0-0-128-0-0-0-176-122-127-128-176-122-127-128-0-0-0-0-0-0-0-0-0-0-0-0-0-0-0-0-0-0-0-0-0-0-0-
[INFO] [1790497668.896066607] [uav1.mavros.sys]: FCU: EVENT 377561 with args -8-0-0-0-20-0-0-0-0-0-0-0-0-0-0-0-0-0-0-0-0-0-0-0-0-0-0-0-0-0-0-0-0-0-0-0-0-0-0-0-
[WARN] [1790497668.896294023] [uav1.mavros.sys]: FCU: EVENT 453929 with args -255-255-255-255-7-0-0-0-0-0-0-0-0-0-0-0-0-0-0-0-0-0-0-0-0-0-0-0-0-0-0-0-0-0-0-0-0-0-0-0-
[INFO] [1790497668.896411803] [uav1.mavros.sys]: FCU: EVENT 6801787 with args -255-255-255-255-12-0-0-0-0-0-0-0-0-0-0-0-0-0-0-0-0-0-0-0-0-0-0-0-0-0-0-0-0-0-0-0-0-0-0-0-
[WARN] [1790497668.896521885] [uav1.mavros.sys]: FCU: UNK(8): EVENT 1914663 with args -0-10-13-2-56-0-0-0-0-0-0-0-0-0-0-0-0-0-0-0-0-0-0-0-0-0-0-0-0-0-0-0-0-0-0-0-0-0-0-0-
[WARN] [1790497677.983363812] [uav1.mavros.cmd]: CMD: Unexpected command 176, result 0
[INFO] [1790497679.003818572] [uav1.mavros.sys]: FCU: EVENT 9489139 with args -4-0-0-0-0-0-0-0-0-0-0-0-0-0-0-0-0-0-0-0-0-0-0-0-0-0-0-0-0-0-0-0-0-0-0-0-0-0-0-0-
[INFO] [1790497681.615656144] [uav1.mavros.sys]: FCU: EVENT 4277609 with args -0-0-0-0-0-0-0-0-0-0-0-0-0-0-0-0-0-0-0-0-0-0-0-0-0-0-0-0-0-0-0-0-0-0-0-0-0-0-0-0-
[WARN] [1790498070.614504904] [uav1.mavros.cmd]: CMD: Unexpected command 176, result 0
[INFO] [1790498130.450819255] [uav1.mavros.sys]: FCU: EVENT 9844908 with args -0-0-0-0-0-0-0-0-0-0-0-0-0-0-0-0-0-0-0-0-0-0-0-0-0-0-0-0-0-0-0-0-0-0-0-0-0-0-0-0-
[INFO] [1790498133.201803430] [uav1.mavros.sys]: FCU: EVENT 16017271 with args -6-0-0-0-0-0-0-0-0-0-0-0-0-0-0-0-0-0-0-0-0-0-0-0-0-0-0-0-0-0-0-0-0-0-0-0-0-0-0-0-
[WARN] [1790498137.012492242] [uav1.mavros.sys]: FCU: UNK(8): EVENT 11047904 with args -0-0-0-16-0-128-0-0-0-176-58-127-128-176-58-127-128-0-0-0-0-0-0-0-0-0-0-0-0-0-0-0-0-0-0-0-0-0-0-0-
[ERROR] [1790498137.024787302] [uav1.mavros.sys]: FCU: EVENT 11464574 with args -0-64-0-0-20-0-0-0-0-0-0-0-0-0-0-0-0-0-0-0-0-0-0-0-0-0-0-0-0-0-0-0-0-0-0-0-0-0-0-0-
[INFO] [1790498137.029336589] [uav1.mavros.sys]: FCU: EVENT 377561 with args -8-0-0-0-20-0-0-0-0-0-0-0-0-0-0-0-0-0-0-0-0-0-0-0-0-0-0-0-0-0-0-0-0-0-0-0-0-0-0-0-
[WARN] [1790498137.061015489] [uav1.mavros.sys]: FCU: EVENT 453929 with args -255-255-255-255-7-0-0-0-0-0-0-0-0-0-0-0-0-0-0-0-0-0-0-0-0-0-0-0-0-0-0-0-0-0-0-0-0-0-0-0-
[INFO] [1790498137.061205595] [uav1.mavros.sys]: FCU: EVENT 6801787 with args -255-255-255-255-12-0-0-0-0-0-0-0-0-0-0-0-0-0-0-0-0-0-0-0-0-0-0-0-0-0-0-0-0-0-0-0-0-0-0-0-
[WARN] [1790498137.063703336] [uav1.mavros.sys]: FCU: UNK(8): EVENT 1914663 with args -0-10-13-2-56-0-0-0-0-0-0-0-0-0-0-0-0-0-0-0-0-0-0-0-0-0-0-0-0-0-0-0-0-0-0-0-0-0-0-0-
[WARN] [1790498137.064075823] [uav1.mavros.sys]: FCU: EVENT 13277401 with args -0-0-6-0-0-0-0-0-0-0-0-0-0-0-0-0-0-0-0-0-0-0-0-0-0-0-0-0-0-0-0-0-0-0-0-0-0-0-0-0-
[INFO] [1790498137.436185407] [rclcpp]: signal_handler(SIGINT/SIGTERM)
[WARN] [1790498137.446082847] [uav1.mavros]: UAS Executor terminated
