[INFO] [1790497631.968837383] [uav5.mavros_node]: Starting mavros_node container
[INFO] [1790497631.971017376] [uav5.mavros_node]: FCU URL: udp://:14544@127.0.0.1:14584
[INFO] [1790497631.971048510] [uav5.mavros_node]: GCS URL: 
[INFO] [1790497631.971060377] [uav5.mavros_node]: UAS Prefix: /uas5
[INFO] [1790497631.971072441] [uav5.mavros_node]: Starting mavros router node
[INFO] [1790497632.238658220] [uav5.mavros_router]: Built-in SIMD instructions: SSE, SSE2
[INFO] [1790497632.238742916] [uav5.mavros_router]: Built-in MAVLink package version: 2026.8.8
[INFO] [1790497632.238764811] [uav5.mavros_router]: Known MAVLink dialects: common ardupilotmega ASLUAV AVSSUAS all csAirLink cubepilot development icarous loweheiser marsh paparazzi standard stemstudios storm32 uAvionix ualberta
[INFO] [1790497632.238788981] [uav5.mavros_router]: MAVROS Router started
[INFO] [1790497632.239152026] [uav5.mavros_node]: Starting mavros uas node
[INFO] [1790497632.537772979] [uav5.mavros_router]: Requested to add endpoint: type: 0, url: udp://:14544@127.0.0.1:14584
[INFO] [1790497632.550086459] [uav5.mavros_router]: Endpoint link[1000] created
[INFO] [1790497632.555744537] [uav5.mavros]: Plugin actuator_control ignored
[INFO] [1790497632.563155122] [uav5.mavros]: Plugin altitude ignored
[INFO] [1790497632.555759423] [uav5.mavros]: UAS Executor started, threads: 4
[INFO] [1790497632.559737086] [uav5.mavros_router]: link[1000] opened successfully
[INFO] [1790497632.577762642] [uav5.mavros_router]: Requested to add endpoint: type: 2, url: /uas5
[INFO] [1790497632.577821800] [uav5.mavros_router]: Endpoint link[1001] created
[INFO] [1790497632.561527178] [uav5.mavros_router]: link[1000] detected remote address 5.1
[INFO] [1790497632.929311974] [uav5.mavros_router]: link[1001] opened successfully
[INFO] [1790497633.380005543] [uav5.mavros]: Plugin command created
[INFO] [1790497633.380558235] [uav5.mavros]: Plugin command initialized
[INFO] [1790497633.380626307] [uav5.mavros]: Plugin ftp ignored
[INFO] [1790497633.380657387] [uav5.mavros]: Plugin geofence ignored
[INFO] [1790497633.935043560] [uav5.mavros]: Plugin global_position created
[INFO] [1790497633.935917955] [uav5.mavros]: Plugin global_position initialized
[INFO] [1790497633.935962470] [uav5.mavros]: Plugin home_position ignored
[INFO] [1790497633.935978249] [uav5.mavros]: Plugin imu ignored
[INFO] [1790497634.468789348] [uav5.mavros]: Plugin local_position created
[INFO] [1790497634.473782986] [uav5.mavros]: Plugin local_position initialized
[INFO] [1790497634.473837171] [uav5.mavros]: Plugin manual_control ignored
[INFO] [1790497634.473854645] [uav5.mavros]: Plugin nav_controller_output ignored
[INFO] [1790497634.478076338] [uav5.mavros]: Plugin param ignored
[INFO] [1790497634.478931252] [uav5.mavros]: Plugin rallypoint ignored
[INFO] [1790497634.478977225] [uav5.mavros]: Plugin rc_io ignored
[INFO] [1790497634.478991725] [uav5.mavros]: Plugin setpoint_accel ignored
[INFO] [1790497634.479005281] [uav5.mavros]: Plugin setpoint_attitude ignored
[INFO] [1790497634.479019513] [uav5.mavros]: Plugin setpoint_position ignored
[INFO] [1790497634.479032386] [uav5.mavros]: Plugin setpoint_raw ignored
[INFO] [1790497634.479045661] [uav5.mavros]: Plugin setpoint_trajectory ignored
[INFO] [1790497635.443225291] [uav5.mavros]: Plugin setpoint_velocity created
[INFO] [1790497635.462885607] [uav5.mavros]: Plugin setpoint_velocity initialized
[INFO] [1790497637.256526195] [uav5.mavros]: Plugin sys_status created
[INFO] [1790497637.267748832] [uav5.mavros]: Plugin sys_status initialized
[INFO] [1790497637.516534687] [uav5.mavros.time]: TM: Timesync mode: MAVLINK
[INFO] [1790497637.545343210] [uav5.mavros]: Plugin sys_time created
[INFO] [1790497637.545463504] [uav5.mavros]: Plugin sys_time initialized
[INFO] [1790497637.545488843] [uav5.mavros]: Plugin waypoint ignored
[INFO] [1790497637.545503764] [uav5.mavros]: Plugin wind_estimation ignored
[INFO] [1790497637.550662897] [uav5.mavros]: Built-in SIMD instructions: SSE, SSE2
[INFO] [1790497637.550748669] [uav5.mavros]: Built-in MAVLink package version: 2026.8.8
[INFO] [1790497637.550789063] [uav5.mavros]: Known MAVLink dialects: common ardupilotmega ASLUAV AVSSUAS all csAirLink cubepilot development icarous loweheiser marsh paparazzi standard stemstudios storm32 uAvionix ualberta
[INFO] [1790497637.550808260] [uav5.mavros]: MAVROS UAS via /uas5 started. MY ID 5.191, TARGET ID 5.1
[INFO] [1790497637.601990395] [uav5.mavros_router]: link[1001] detected remote address 5.191
[INFO] [1790497638.388212775] [uav5.mavros.sys]: VER: 5.1: Capabilities         0x000000000000e8ff
[INFO] [1790497638.388332111] [uav5.mavros.sys]: VER: 5.1: Flight software:     011200c0 (fca3df865a000000)
[INFO] [1790497638.388355064] [uav5.mavros.sys]: VER: 5.1: Middleware software: 011200c0 (fca3df865a000000)
[INFO] [1790497638.388368635] [uav5.mavros.sys]: VER: 5.1: OS software:         070000ff (17040b9f87cb1791)
[INFO] [1790497638.388380154] [uav5.mavros.sys]: VER: 5.1: Board hardware:      00000001
[INFO] [1790497638.388393441] [uav5.mavros.sys]: VER: 5.1: VID/PID:             0000:0000
[INFO] [1790497638.388408470] [uav5.mavros.sys]: VER: 5.1: UID:                 4954414c44494e53
[WARN] [1790497638.411071121] [uav5.mavros.cmd]: CMD: Unexpected command 512, result 0
[INFO] [1790497638.586123251] [uav5.mavros]: CON: Got HEARTBEAT, connected. FCU: PX4 Autopilot
[INFO] [1790497639.730006620] [uav5.mavros.sys]: VER: 5.1: Capabilities         0x000000000000e8ff
[INFO] [1790497639.730944325] [uav5.mavros.sys]: VER: 5.1: Flight software:     011200c0 (fca3df865a000000)
[INFO] [1790497639.730975773] [uav5.mavros.sys]: VER: 5.1: Middleware software: 011200c0 (fca3df865a000000)
[INFO] [1790497639.730990148] [uav5.mavros.sys]: VER: 5.1: OS software:         070000ff (17040b9f87cb1791)
[INFO] [1790497639.731003817] [uav5.mavros.sys]: VER: 5.1: Board hardware:      00000001
[INFO] [1790497639.731017494] [uav5.mavros.sys]: VER: 5.1: VID/PID:             0000:0000
[INFO] [1790497639.731030292] [uav5.mavros.sys]: VER: 5.1: UID:                 4954414c44494e53
[WARN] [1790497667.561590731] [uav5.mavros.sys]: FCU: UNK(8): EVENT 11047904 with args -0-0-0-0-0-128-0-0-0-176-122-127-128-176-122-127-128-0-0-0-0-0-0-0-0-0-0-0-0-0-0-0-0-0-0-0-0-0-0-0-
[INFO] [1790497667.595301507] [uav5.mavros.sys]: FCU: EVENT 377561 with args -8-0-0-0-20-0-0-0-0-0-0-0-0-0-0-0-0-0-0-0-0-0-0-0-0-0-0-0-0-0-0-0-0-0-0-0-0-0-0-0-
[WARN] [1790497667.611255219] [uav5.mavros.sys]: FCU: EVENT 453929 with args -255-255-255-255-7-0-0-0-0-0-0-0-0-0-0-0-0-0-0-0-0-0-0-0-0-0-0-0-0-0-0-0-0-0-0-0-0-0-0-0-
[INFO] [1790497667.617554003] [uav5.mavros.sys]: FCU: EVENT 6801787 with args -255-255-255-255-12-0-0-0-0-0-0-0-0-0-0-0-0-0-0-0-0-0-0-0-0-0-0-0-0-0-0-0-0-0-0-0-0-0-0-0-
[WARN] [1790497667.635381510] [uav5.mavros.sys]: FCU: UNK(8): EVENT 1914663 with args -0-10-13-2-56-0-0-0-0-0-0-0-0-0-0-0-0-0-0-0-0-0-0-0-0-0-0-0-0-0-0-0-0-0-0-0-0-0-0-0-
[WARN] [1790497675.681626964] [uav5.mavros.cmd]: CMD: Unexpected command 176, result 0
[INFO] [1790497677.565447174] [uav5.mavros.sys]: FCU: EVENT 9489139 with args -4-0-0-0-0-0-0-0-0-0-0-0-0-0-0-0-0-0-0-0-0-0-0-0-0-0-0-0-0-0-0-0-0-0-0-0-0-0-0-0-
[INFO] [1790497680.519513562] [uav5.mavros.sys]: FCU: EVENT 4277609 with args -0-0-0-0-0-0-0-0-0-0-0-0-0-0-0-0-0-0-0-0-0-0-0-0-0-0-0-0-0-0-0-0-0-0-0-0-0-0-0-0-
[WARN] [1790498020.211138519] [uav5.mavros.cmd]: CMD: Unexpected command 176, result 0
[INFO] [1790498064.566947155] [uav5.mavros.sys]: FCU: EVENT 9844908 with args -0-0-0-0-0-0-0-0-0-0-0-0-0-0-0-0-0-0-0-0-0-0-0-0-0-0-0-0-0-0-0-0-0-0-0-0-0-0-0-0-
[INFO] [1790498067.394803659] [uav5.mavros.sys]: FCU: EVENT 16017271 with args -6-0-0-0-0-0-0-0-0-0-0-0-0-0-0-0-0-0-0-0-0-0-0-0-0-0-0-0-0-0-0-0-0-0-0-0-0-0-0-0-
[WARN] [1790498071.797954237] [uav5.mavros.sys]: FCU: UNK(8): EVENT 11047904 with args -0-0-0-0-0-128-0-0-0-176-122-127-128-176-122-127-128-0-0-0-0-0-0-0-0-0-0-0-0-0-0-0-0-0-0-0-0-0-0-0-
[INFO] [1790498071.808249611] [uav5.mavros.sys]: FCU: EVENT 377561 with args -8-0-0-0-20-0-0-0-0-0-0-0-0-0-0-0-0-0-0-0-0-0-0-0-0-0-0-0-0-0-0-0-0-0-0-0-0-0-0-0-
[WARN] [1790498071.825529244] [uav5.mavros.sys]: FCU: EVENT 453929 with args -255-255-255-255-7-0-0-0-0-0-0-0-0-0-0-0-0-0-0-0-0-0-0-0-0-0-0-0-0-0-0-0-0-0-0-0-0-0-0-0-
[INFO] [1790498071.835801263] [uav5.mavros.sys]: FCU: EVENT 6801787 with args -255-255-255-255-12-0-0-0-0-0-0-0-0-0-0-0-0-0-0-0-0-0-0-0-0-0-0-0-0-0-0-0-0-0-0-0-0-0-0-0-
[WARN] [1790498071.836011192] [uav5.mavros.sys]: FCU: UNK(8): EVENT 1914663 with args -0-10-9-2-56-0-0-0-0-0-0-0-0-0-0-0-0-0-0-0-0-0-0-0-0-0-0-0-0-0-0-0-0-0-0-0-0-0-0-0-
[WARN] [1790498137.065105099] [uav5.mavros.sys]: FCU: UNK(8): EVENT 11047904 with args -0-0-0-16-0-128-0-0-0-176-58-127-128-176-58-127-128-0-0-0-0-0-0-0-0-0-0-0-0-0-0-0-0-0-0-0-0-0-0-0-
[ERROR] [1790498137.065258355] [uav5.mavros.sys]: FCU: EVENT 11464574 with args -0-64-0-0-20-0-0-0-0-0-0-0-0-0-0-0-0-0-0-0-0-0-0-0-0-0-0-0-0-0-0-0-0-0-0-0-0-0-0-0-
[INFO] [1790498137.065383341] [uav5.mavros.sys]: FCU: EVENT 377561 with args -8-0-0-0-20-0-0-0-0-0-0-0-0-0-0-0-0-0-0-0-0-0-0-0-0-0-0-0-0-0-0-0-0-0-0-0-0-0-0-0-
[WARN] [1790498137.068269299] [uav5.mavros.sys]: FCU: EVENT 453929 with args -255-255-255-255-7-0-0-0-0-0-0-0-0-0-0-0-0-0-0-0-0-0-0-0-0-0-0-0-0-0-0-0-0-0-0-0-0-0-0-0-
[INFO] [1790498137.068452295] [uav5.mavros.sys]: FCU: EVENT 6801787 with args -255-255-255-255-12-0-0-0-0-0-0-0-0-0-0-0-0-0-0-0-0-0-0-0-0-0-0-0-0-0-0-0-0-0-0-0-0-0-0-0-
[WARN] [1790498137.068559460] [uav5.mavros.sys]: FCU: UNK(8): EVENT 1914663 with args -0-10-9-2-56-0-0-0-0-0-0-0-0-0-0-0-0-0-0-0-0-0-0-0-0-0-0-0-0-0-0-0-0-0-0-0-0-0-0-0-
[WARN] [1790498137.072502134] [uav5.mavros.sys]: FCU: EVENT 13277401 with args -0-0-6-0-0-0-0-0-0-0-0-0-0-0-0-0-0-0-0-0-0-0-0-0-0-0-0-0-0-0-0-0-0-0-0-0-0-0-0-0-
[INFO] [1790498137.438319950] [rclcpp]: signal_handler(SIGINT/SIGTERM)
[WARN] [1790498137.440216483] [uav5.mavros]: UAS Executor terminated
