[INFO] [1790591961.743240131] [uav8.mavros_node]: Starting mavros_node container
[INFO] [1790591961.743348610] [uav8.mavros_node]: FCU URL: udp://:14547@127.0.0.1:14587
[INFO] [1790591961.743355714] [uav8.mavros_node]: GCS URL: 
[INFO] [1790591961.743360081] [uav8.mavros_node]: UAS Prefix: /uas8
[INFO] [1790591961.743364422] [uav8.mavros_node]: Starting mavros router node
[INFO] [1790591961.858844792] [uav8.mavros_router]: Built-in SIMD instructions: SSE, SSE2
[INFO] [1790591961.858997905] [uav8.mavros_router]: Built-in MAVLink package version: 2026.8.8
[INFO] [1790591961.859006620] [uav8.mavros_router]: Known MAVLink dialects: common ardupilotmega ASLUAV AVSSUAS all csAirLink cubepilot development icarous loweheiser marsh paparazzi standard stemstudios storm32 uAvionix ualberta
[INFO] [1790591961.859012675] [uav8.mavros_router]: MAVROS Router started
[INFO] [1790591961.859209848] [uav8.mavros_node]: Starting mavros uas node
[INFO] [1790591961.901034480] [uav8.mavros_router]: Requested to add endpoint: type: 0, url: udp://:14547@127.0.0.1:14587
[INFO] [1790591961.901110430] [uav8.mavros_router]: Endpoint link[1000] created
[INFO] [1790591961.901474120] [uav8.mavros_router]: link[1000] opened successfully
[INFO] [1790591961.901496482] [uav8.mavros_router]: Requested to add endpoint: type: 2, url: /uas8
[INFO] [1790591961.901533448] [uav8.mavros_router]: Endpoint link[1001] created
[INFO] [1790591961.905850745] [uav8.mavros_router]: link[1001] opened successfully
[INFO] [1790591961.911108950] [uav8.mavros]: Plugin actuator_control ignored
[INFO] [1790591961.911163701] [uav8.mavros]: Plugin altitude ignored
[INFO] [1790591961.911173668] [uav8.mavros]: UAS Executor started, threads: 4
[INFO] [1790591961.912540208] [uav8.mavros_router]: link[1000] detected remote address 8.1
[INFO] [1790591962.266674127] [uav8.mavros]: Plugin command created
[INFO] [1790591962.267143973] [uav8.mavros]: Plugin command initialized
[INFO] [1790591962.267157056] [uav8.mavros]: Plugin ftp ignored
[INFO] [1790591962.267163033] [uav8.mavros]: Plugin geofence ignored
[INFO] [1790591962.791662447] [uav8.mavros]: Plugin global_position created
[INFO] [1790591962.791722027] [uav8.mavros]: Plugin global_position initialized
[INFO] [1790591962.791737856] [uav8.mavros]: Plugin home_position ignored
[INFO] [1790591962.791744083] [uav8.mavros]: Plugin imu ignored
[INFO] [1790591963.241401060] [uav8.mavros]: Plugin local_position created
[INFO] [1790591963.241465035] [uav8.mavros]: Plugin local_position initialized
[INFO] [1790591963.241475140] [uav8.mavros]: Plugin manual_control ignored
[INFO] [1790591963.241480742] [uav8.mavros]: Plugin nav_controller_output ignored
[INFO] [1790591963.241485999] [uav8.mavros]: Plugin param ignored
[INFO] [1790591963.241491479] [uav8.mavros]: Plugin rallypoint ignored
[INFO] [1790591963.241496511] [uav8.mavros]: Plugin rc_io ignored
[INFO] [1790591963.241501685] [uav8.mavros]: Plugin setpoint_accel ignored
[INFO] [1790591963.241506818] [uav8.mavros]: Plugin setpoint_attitude ignored
[INFO] [1790591963.241515773] [uav8.mavros]: Plugin setpoint_position ignored
[INFO] [1790591963.241520889] [uav8.mavros]: Plugin setpoint_raw ignored
[INFO] [1790591963.241525828] [uav8.mavros]: Plugin setpoint_trajectory ignored
[INFO] [1790591963.716358761] [uav8.mavros]: Plugin setpoint_velocity created
[INFO] [1790591963.716419128] [uav8.mavros]: Plugin setpoint_velocity initialized
[INFO] [1790591964.200768432] [uav8.mavros]: Plugin sys_status created
[INFO] [1790591964.200814316] [uav8.mavros]: Plugin sys_status initialized
[INFO] [1790591964.370006734] [uav8.mavros.time]: TM: Timesync mode: MAVLINK
[INFO] [1790591964.375506589] [uav8.mavros]: Plugin sys_time created
[INFO] [1790591964.375682151] [uav8.mavros]: Plugin sys_time initialized
[INFO] [1790591964.375710307] [uav8.mavros]: Plugin waypoint ignored
[INFO] [1790591964.375716188] [uav8.mavros]: Plugin wind_estimation ignored
[INFO] [1790591964.378441440] [uav8.mavros]: Built-in SIMD instructions: SSE, SSE2
[INFO] [1790591964.378466624] [uav8.mavros]: Built-in MAVLink package version: 2026.8.8
[INFO] [1790591964.378538985] [uav8.mavros]: Known MAVLink dialects: common ardupilotmega ASLUAV AVSSUAS all csAirLink cubepilot development icarous loweheiser marsh paparazzi standard stemstudios storm32 uAvionix ualberta
[INFO] [1790591964.378546384] [uav8.mavros]: MAVROS UAS via /uas8 started. MY ID 8.191, TARGET ID 8.1
[INFO] [1790591964.410627714] [uav8.mavros_router]: link[1001] detected remote address 8.191
[INFO] [1790591965.248948713] [uav8.mavros.sys]: VER: 8.1: Capabilities         0x000000000000e8ff
[INFO] [1790591965.249025089] [uav8.mavros.sys]: VER: 8.1: Flight software:     011200c0 (fca3df865a000000)
[INFO] [1790591965.249033379] [uav8.mavros.sys]: VER: 8.1: Middleware software: 011200c0 (fca3df865a000000)
[INFO] [1790591965.249038217] [uav8.mavros.sys]: VER: 8.1: OS software:         070000ff (17040b9f87cb1791)
[INFO] [1790591965.249042585] [uav8.mavros.sys]: VER: 8.1: Board hardware:      00000001
[INFO] [1790591965.249047141] [uav8.mavros.sys]: VER: 8.1: VID/PID:             0000:0000
[INFO] [1790591965.249052182] [uav8.mavros.sys]: VER: 8.1: UID:                 4954414c44494e56
[WARN] [1790591965.249105466] [uav8.mavros.cmd]: CMD: Unexpected command 512, result 0
[INFO] [1790591965.327752564] [uav8.mavros]: CON: Got HEARTBEAT, connected. FCU: PX4 Autopilot
[WARN] [1790591965.350617550] [uav8.mavros.sys]: FCU: UNK(8): EVENT 11047904 with args -0-0-0-16-0-128-0-0-0-176-58-127-128-176-58-127-128-0-0-0-0-0-0-0-0-0-0-0-0-0-0-0-0-0-0-0-0-0-0-0-
[ERROR] [1790591965.350724068] [uav8.mavros.sys]: FCU: EVENT 11464574 with args -0-64-0-0-20-0-0-0-0-0-0-0-0-0-0-0-0-0-0-0-0-0-0-0-0-0-0-0-0-0-0-0-0-0-0-0-0-0-0-0-
[INFO] [1790591965.350804481] [uav8.mavros.sys]: FCU: EVENT 377561 with args -8-0-0-0-20-0-0-0-0-0-0-0-0-0-0-0-0-0-0-0-0-0-0-0-0-0-0-0-0-0-0-0-0-0-0-0-0-0-0-0-
[WARN] [1790591965.350843483] [uav8.mavros.sys]: FCU: EVENT 453929 with args -255-255-255-255-7-0-0-0-0-0-0-0-0-0-0-0-0-0-0-0-0-0-0-0-0-0-0-0-0-0-0-0-0-0-0-0-0-0-0-0-
[INFO] [1790591965.350873053] [uav8.mavros.sys]: FCU: EVENT 6801787 with args -255-255-255-255-12-0-0-0-0-0-0-0-0-0-0-0-0-0-0-0-0-0-0-0-0-0-0-0-0-0-0-0-0-0-0-0-0-0-0-0-
[WARN] [1790591965.350903601] [uav8.mavros.sys]: FCU: UNK(8): EVENT 1914663 with args -0-10-13-2-56-0-0-0-0-0-0-0-0-0-0-0-0-0-0-0-0-0-0-0-0-0-0-0-0-0-0-0-0-0-0-0-0-0-0-0-
[INFO] [1790591966.414346243] [uav8.mavros.sys]: VER: 8.1: Capabilities         0x000000000000e8ff
[INFO] [1790591966.414405073] [uav8.mavros.sys]: VER: 8.1: Flight software:     011200c0 (fca3df865a000000)
[INFO] [1790591966.414412276] [uav8.mavros.sys]: VER: 8.1: Middleware software: 011200c0 (fca3df865a000000)
[INFO] [1790591966.414417020] [uav8.mavros.sys]: VER: 8.1: OS software:         070000ff (17040b9f87cb1791)
[INFO] [1790591966.414421460] [uav8.mavros.sys]: VER: 8.1: Board hardware:      00000001
[INFO] [1790591966.414425883] [uav8.mavros.sys]: VER: 8.1: VID/PID:             0000:0000
[INFO] [1790591966.414430425] [uav8.mavros.sys]: VER: 8.1: UID:                 4954414c44494e56
[WARN] [1790591974.948893916] [uav8.mavros.sys]: FCU: UNK(8): EVENT 11047904 with args -0-0-0-0-0-128-0-0-0-176-122-127-128-176-122-127-128-0-0-0-0-0-0-0-0-0-0-0-0-0-0-0-0-0-0-0-0-0-0-0-
[INFO] [1790591974.949025276] [uav8.mavros.sys]: FCU: EVENT 377561 with args -8-0-0-0-20-0-0-0-0-0-0-0-0-0-0-0-0-0-0-0-0-0-0-0-0-0-0-0-0-0-0-0-0-0-0-0-0-0-0-0-
[WARN] [1790591974.949066468] [uav8.mavros.sys]: FCU: EVENT 453929 with args -255-255-255-255-7-0-0-0-0-0-0-0-0-0-0-0-0-0-0-0-0-0-0-0-0-0-0-0-0-0-0-0-0-0-0-0-0-0-0-0-
[INFO] [1790591974.949103715] [uav8.mavros.sys]: FCU: EVENT 6801787 with args -255-255-255-255-12-0-0-0-0-0-0-0-0-0-0-0-0-0-0-0-0-0-0-0-0-0-0-0-0-0-0-0-0-0-0-0-0-0-0-0-
[WARN] [1790591974.949138341] [uav8.mavros.sys]: FCU: UNK(8): EVENT 1914663 with args -0-10-13-2-56-0-0-0-0-0-0-0-0-0-0-0-0-0-0-0-0-0-0-0-0-0-0-0-0-0-0-0-0-0-0-0-0-0-0-0-
[WARN] [1790591978.546477172] [uav8.mavros.cmd]: CMD: Unexpected command 176, result 0
[INFO] [1790591979.226888256] [uav8.mavros.sys]: FCU: EVENT 9489139 with args -4-0-0-0-0-0-0-0-0-0-0-0-0-0-0-0-0-0-0-0-0-0-0-0-0-0-0-0-0-0-0-0-0-0-0-0-0-0-0-0-
[INFO] [1790591981.425287116] [uav8.mavros.sys]: FCU: EVENT 4277609 with args -0-0-0-0-0-0-0-0-0-0-0-0-0-0-0-0-0-0-0-0-0-0-0-0-0-0-0-0-0-0-0-0-0-0-0-0-0-0-0-0-
[WARN] [1790592235.209473165] [uav8.mavros.cmd]: CMD: Unexpected command 176, result 0
[INFO] [1790592267.471229359] [uav8.mavros.sys]: FCU: EVENT 9844908 with args -0-0-0-0-0-0-0-0-0-0-0-0-0-0-0-0-0-0-0-0-0-0-0-0-0-0-0-0-0-0-0-0-0-0-0-0-0-0-0-0-
[INFO] [1790592269.545088370] [uav8.mavros.sys]: FCU: EVENT 16017271 with args -6-0-0-0-0-0-0-0-0-0-0-0-0-0-0-0-0-0-0-0-0-0-0-0-0-0-0-0-0-0-0-0-0-0-0-0-0-0-0-0-
[WARN] [1790592272.939895996] [uav8.mavros.sys]: FCU: UNK(8): EVENT 11047904 with args -0-0-0-0-0-128-0-0-0-176-122-127-128-176-122-127-128-0-0-0-0-0-0-0-0-0-0-0-0-0-0-0-0-0-0-0-0-0-0-0-
[INFO] [1790592272.939995496] [uav8.mavros.sys]: FCU: EVENT 377561 with args -8-0-0-0-20-0-0-0-0-0-0-0-0-0-0-0-0-0-0-0-0-0-0-0-0-0-0-0-0-0-0-0-0-0-0-0-0-0-0-0-
[WARN] [1790592272.940088484] [uav8.mavros.sys]: FCU: EVENT 453929 with args -255-255-255-255-7-0-0-0-0-0-0-0-0-0-0-0-0-0-0-0-0-0-0-0-0-0-0-0-0-0-0-0-0-0-0-0-0-0-0-0-
[INFO] [1790592272.940115432] [uav8.mavros.sys]: FCU: EVENT 6801787 with args -255-255-255-255-12-0-0-0-0-0-0-0-0-0-0-0-0-0-0-0-0-0-0-0-0-0-0-0-0-0-0-0-0-0-0-0-0-0-0-0-
[WARN] [1790592272.940192244] [uav8.mavros.sys]: FCU: UNK(8): EVENT 1914663 with args -0-10-9-2-56-0-0-0-0-0-0-0-0-0-0-0-0-0-0-0-0-0-0-0-0-0-0-0-0-0-0-0-0-0-0-0-0-0-0-0-
[INFO] [1790592274.856320301] [rclcpp]: signal_handler(SIGINT/SIGTERM)
[WARN] [1790592274.867541800] [uav8.mavros]: UAS Executor terminated
