[INFO] [1790591961.820613869] [uav6.mavros_node]: Starting mavros_node container
[INFO] [1790591961.823435655] [uav6.mavros_node]: FCU URL: udp://:14545@127.0.0.1:14585
[INFO] [1790591961.823456657] [uav6.mavros_node]: GCS URL: 
[INFO] [1790591961.823717980] [uav6.mavros_node]: UAS Prefix: /uas6
[INFO] [1790591961.823724028] [uav6.mavros_node]: Starting mavros router node
[INFO] [1790591962.046871316] [uav6.mavros_router]: Built-in SIMD instructions: SSE, SSE2
[INFO] [1790591962.046921242] [uav6.mavros_router]: Built-in MAVLink package version: 2026.8.8
[INFO] [1790591962.046930656] [uav6.mavros_router]: Known MAVLink dialects: common ardupilotmega ASLUAV AVSSUAS all csAirLink cubepilot development icarous loweheiser marsh paparazzi standard stemstudios storm32 uAvionix ualberta
[INFO] [1790591962.046937593] [uav6.mavros_router]: MAVROS Router started
[INFO] [1790591962.051004653] [uav6.mavros_node]: Starting mavros uas node
[INFO] [1790591962.225283950] [uav6.mavros_router]: Requested to add endpoint: type: 0, url: udp://:14545@127.0.0.1:14585
[INFO] [1790591962.228826124] [uav6.mavros_router]: Endpoint link[1000] created
[INFO] [1790591962.229541718] [uav6.mavros_router]: link[1000] opened successfully
[INFO] [1790591962.229574106] [uav6.mavros_router]: Requested to add endpoint: type: 2, url: /uas6
[INFO] [1790591962.229653900] [uav6.mavros_router]: Endpoint link[1001] created
[INFO] [1790591962.231397124] [uav6.mavros_router]: link[1000] detected remote address 6.1
[INFO] [1790591962.236143685] [uav6.mavros]: Plugin actuator_control ignored
[INFO] [1790591962.236201925] [uav6.mavros]: Plugin altitude ignored
[INFO] [1790591962.236523678] [uav6.mavros]: UAS Executor started, threads: 4
[INFO] [1790591962.297601022] [uav6.mavros_router]: link[1001] opened successfully
[INFO] [1790591962.535278370] [uav6.mavros]: Plugin command created
[INFO] [1790591962.535335065] [uav6.mavros]: Plugin command initialized
[INFO] [1790591962.535344587] [uav6.mavros]: Plugin ftp ignored
[INFO] [1790591962.535350562] [uav6.mavros]: Plugin geofence ignored
[INFO] [1790591962.627804402] [uav6.mavros]: Plugin global_position created
[INFO] [1790591962.627867889] [uav6.mavros]: Plugin global_position initialized
[INFO] [1790591962.627878319] [uav6.mavros]: Plugin home_position ignored
[INFO] [1790591962.627883921] [uav6.mavros]: Plugin imu ignored
[INFO] [1790591963.009388646] [uav6.mavros]: Plugin local_position created
[INFO] [1790591963.009437127] [uav6.mavros]: Plugin local_position initialized
[INFO] [1790591963.009446091] [uav6.mavros]: Plugin manual_control ignored
[INFO] [1790591963.009452103] [uav6.mavros]: Plugin nav_controller_output ignored
[INFO] [1790591963.009457763] [uav6.mavros]: Plugin param ignored
[INFO] [1790591963.009463439] [uav6.mavros]: Plugin rallypoint ignored
[INFO] [1790591963.009468793] [uav6.mavros]: Plugin rc_io ignored
[INFO] [1790591963.009474324] [uav6.mavros]: Plugin setpoint_accel ignored
[INFO] [1790591963.009479815] [uav6.mavros]: Plugin setpoint_attitude ignored
[INFO] [1790591963.009485313] [uav6.mavros]: Plugin setpoint_position ignored
[INFO] [1790591963.009490592] [uav6.mavros]: Plugin setpoint_raw ignored
[INFO] [1790591963.009495949] [uav6.mavros]: Plugin setpoint_trajectory ignored
[INFO] [1790591963.321163325] [uav6.mavros]: Plugin setpoint_velocity created
[INFO] [1790591963.321212257] [uav6.mavros]: Plugin setpoint_velocity initialized
[INFO] [1790591963.589472622] [uav6.mavros]: Plugin sys_status created
[INFO] [1790591963.589538856] [uav6.mavros]: Plugin sys_status initialized
[INFO] [1790591963.866745922] [uav6.mavros.time]: TM: Timesync mode: MAVLINK
[INFO] [1790591963.962272561] [uav6.mavros]: Plugin sys_time created
[INFO] [1790591963.962328622] [uav6.mavros]: Plugin sys_time initialized
[INFO] [1790591963.962338855] [uav6.mavros]: Plugin waypoint ignored
[INFO] [1790591963.962350583] [uav6.mavros]: Plugin wind_estimation ignored
[INFO] [1790591964.053889859] [uav6.mavros]: Built-in SIMD instructions: SSE, SSE2
[INFO] [1790591964.053922699] [uav6.mavros]: Built-in MAVLink package version: 2026.8.8
[INFO] [1790591964.053947899] [uav6.mavros]: Known MAVLink dialects: common ardupilotmega ASLUAV AVSSUAS all csAirLink cubepilot development icarous loweheiser marsh paparazzi standard stemstudios storm32 uAvionix ualberta
[INFO] [1790591964.053962325] [uav6.mavros]: MAVROS UAS via /uas6 started. MY ID 6.191, TARGET ID 6.1
[INFO] [1790591964.062393340] [uav6.mavros_router]: link[1001] detected remote address 6.191
[INFO] [1790591964.210300051] [uav6.mavros]: CON: Got HEARTBEAT, connected. FCU: PX4 Autopilot
[INFO] [1790591965.324616595] [uav6.mavros.sys]: VER: 6.1: Capabilities         0x000000000000e8ff
[INFO] [1790591965.324675925] [uav6.mavros.sys]: VER: 6.1: Flight software:     011200c0 (fca3df865a000000)
[INFO] [1790591965.324686796] [uav6.mavros.sys]: VER: 6.1: Middleware software: 011200c0 (fca3df865a000000)
[INFO] [1790591965.324691712] [uav6.mavros.sys]: VER: 6.1: OS software:         070000ff (17040b9f87cb1791)
[INFO] [1790591965.324696258] [uav6.mavros.sys]: VER: 6.1: Board hardware:      00000001
[INFO] [1790591965.324701177] [uav6.mavros.sys]: VER: 6.1: VID/PID:             0000:0000
[INFO] [1790591965.324706177] [uav6.mavros.sys]: VER: 6.1: UID:                 4954414c44494e54
[WARN] [1790591965.334113333] [uav6.mavros.cmd]: CMD: Unexpected command 512, result 0
[WARN] [1790591977.234255869] [uav6.mavros.sys]: FCU: UNK(8): EVENT 11047904 with args -0-0-0-0-0-128-0-0-0-176-122-127-128-176-122-127-128-0-0-0-0-0-0-0-0-0-0-0-0-0-0-0-0-0-0-0-0-0-0-0-
[INFO] [1790591977.234905066] [uav6.mavros.sys]: FCU: EVENT 377561 with args -8-0-0-0-20-0-0-0-0-0-0-0-0-0-0-0-0-0-0-0-0-0-0-0-0-0-0-0-0-0-0-0-0-0-0-0-0-0-0-0-
[WARN] [1790591977.234966473] [uav6.mavros.sys]: FCU: EVENT 453929 with args -255-255-255-255-7-0-0-0-0-0-0-0-0-0-0-0-0-0-0-0-0-0-0-0-0-0-0-0-0-0-0-0-0-0-0-0-0-0-0-0-
[INFO] [1790591977.234998797] [uav6.mavros.sys]: FCU: EVENT 6801787 with args -255-255-255-255-12-0-0-0-0-0-0-0-0-0-0-0-0-0-0-0-0-0-0-0-0-0-0-0-0-0-0-0-0-0-0-0-0-0-0-0-
[WARN] [1790591977.235033697] [uav6.mavros.sys]: FCU: UNK(8): EVENT 1914663 with args -0-10-13-2-56-0-0-0-0-0-0-0-0-0-0-0-0-0-0-0-0-0-0-0-0-0-0-0-0-0-0-0-0-0-0-0-0-0-0-0-
[WARN] [1790591978.602002616] [uav6.mavros.cmd]: CMD: Unexpected command 176, result 0
[INFO] [1790591979.565688428] [uav6.mavros.sys]: FCU: EVENT 9489139 with args -4-0-0-0-0-0-0-0-0-0-0-0-0-0-0-0-0-0-0-0-0-0-0-0-0-0-0-0-0-0-0-0-0-0-0-0-0-0-0-0-
[INFO] [1790591981.486635317] [uav6.mavros.sys]: FCU: EVENT 4277609 with args -0-0-0-0-0-0-0-0-0-0-0-0-0-0-0-0-0-0-0-0-0-0-0-0-0-0-0-0-0-0-0-0-0-0-0-0-0-0-0-0-
[WARN] [1790592235.218948824] [uav6.mavros.cmd]: CMD: Unexpected command 176, result 0
[INFO] [1790592266.884162972] [uav6.mavros.sys]: FCU: EVENT 9844908 with args -0-0-0-0-0-0-0-0-0-0-0-0-0-0-0-0-0-0-0-0-0-0-0-0-0-0-0-0-0-0-0-0-0-0-0-0-0-0-0-0-
[INFO] [1790592268.955692611] [uav6.mavros.sys]: FCU: EVENT 16017271 with args -6-0-0-0-0-0-0-0-0-0-0-0-0-0-0-0-0-0-0-0-0-0-0-0-0-0-0-0-0-0-0-0-0-0-0-0-0-0-0-0-
[WARN] [1790592272.232151372] [uav6.mavros.sys]: FCU: UNK(8): EVENT 11047904 with args -0-0-0-0-0-128-0-0-0-176-122-127-128-176-122-127-128-0-0-0-0-0-0-0-0-0-0-0-0-0-0-0-0-0-0-0-0-0-0-0-
[INFO] [1790592272.232270614] [uav6.mavros.sys]: FCU: EVENT 377561 with args -8-0-0-0-20-0-0-0-0-0-0-0-0-0-0-0-0-0-0-0-0-0-0-0-0-0-0-0-0-0-0-0-0-0-0-0-0-0-0-0-
[WARN] [1790592272.232337694] [uav6.mavros.sys]: FCU: EVENT 453929 with args -255-255-255-255-7-0-0-0-0-0-0-0-0-0-0-0-0-0-0-0-0-0-0-0-0-0-0-0-0-0-0-0-0-0-0-0-0-0-0-0-
[INFO] [1790592272.232380487] [uav6.mavros.sys]: FCU: EVENT 6801787 with args -255-255-255-255-12-0-0-0-0-0-0-0-0-0-0-0-0-0-0-0-0-0-0-0-0-0-0-0-0-0-0-0-0-0-0-0-0-0-0-0-
[WARN] [1790592272.232420432] [uav6.mavros.sys]: FCU: UNK(8): EVENT 1914663 with args -0-10-9-2-56-0-0-0-0-0-0-0-0-0-0-0-0-0-0-0-0-0-0-0-0-0-0-0-0-0-0-0-0-0-0-0-0-0-0-0-
[INFO] [1790592274.841403462] [rclcpp]: signal_handler(SIGINT/SIGTERM)
[WARN] [1790592274.844115530] [uav6.mavros]: UAS Executor terminated
