[INFO] [1790591961.713113308] [uav3.mavros_node]: Starting mavros_node container
[INFO] [1790591961.713229131] [uav3.mavros_node]: FCU URL: udp://:14542@127.0.0.1:14582
[INFO] [1790591961.713237498] [uav3.mavros_node]: GCS URL: 
[INFO] [1790591961.713242310] [uav3.mavros_node]: UAS Prefix: /uas3
[INFO] [1790591961.713246899] [uav3.mavros_node]: Starting mavros router node
[INFO] [1790591961.845061647] [uav3.mavros_router]: Built-in SIMD instructions: SSE, SSE2
[INFO] [1790591961.845091673] [uav3.mavros_router]: Built-in MAVLink package version: 2026.8.8
[INFO] [1790591961.845100951] [uav3.mavros_router]: Known MAVLink dialects: common ardupilotmega ASLUAV AVSSUAS all csAirLink cubepilot development icarous loweheiser marsh paparazzi standard stemstudios storm32 uAvionix ualberta
[INFO] [1790591961.845107137] [uav3.mavros_router]: MAVROS Router started
[INFO] [1790591961.845250332] [uav3.mavros_node]: Starting mavros uas node
[INFO] [1790591962.147801733] [uav3.mavros_router]: Requested to add endpoint: type: 0, url: udp://:14542@127.0.0.1:14582
[INFO] [1790591962.147888224] [uav3.mavros_router]: Endpoint link[1000] created
[INFO] [1790591962.148114187] [uav3.mavros_router]: link[1000] opened successfully
[INFO] [1790591962.148127631] [uav3.mavros_router]: Requested to add endpoint: type: 2, url: /uas3
[INFO] [1790591962.148139535] [uav3.mavros_router]: Endpoint link[1001] created
[INFO] [1790591962.156558594] [uav3.mavros_router]: link[1000] detected remote address 3.1
[INFO] [1790591962.216246612] [uav3.mavros]: Plugin actuator_control ignored
[INFO] [1790591962.216323611] [uav3.mavros]: Plugin altitude ignored
[INFO] [1790591962.216435710] [uav3.mavros]: UAS Executor started, threads: 4
[INFO] [1790591962.321851545] [uav3.mavros_router]: link[1001] opened successfully
[INFO] [1790591962.525230230] [uav3.mavros]: Plugin command created
[INFO] [1790591962.525288795] [uav3.mavros]: Plugin command initialized
[INFO] [1790591962.525298706] [uav3.mavros]: Plugin ftp ignored
[INFO] [1790591962.525304311] [uav3.mavros]: Plugin geofence ignored
[INFO] [1790591962.852287069] [uav3.mavros]: Plugin global_position created
[INFO] [1790591962.852357589] [uav3.mavros]: Plugin global_position initialized
[INFO] [1790591962.852369369] [uav3.mavros]: Plugin home_position ignored
[INFO] [1790591962.852375940] [uav3.mavros]: Plugin imu ignored
[INFO] [1790591963.178100334] [uav3.mavros]: Plugin local_position created
[INFO] [1790591963.178157406] [uav3.mavros]: Plugin local_position initialized
[INFO] [1790591963.178166960] [uav3.mavros]: Plugin manual_control ignored
[INFO] [1790591963.178173125] [uav3.mavros]: Plugin nav_controller_output ignored
[INFO] [1790591963.178178092] [uav3.mavros]: Plugin param ignored
[INFO] [1790591963.178183130] [uav3.mavros]: Plugin rallypoint ignored
[INFO] [1790591963.178187767] [uav3.mavros]: Plugin rc_io ignored
[INFO] [1790591963.178192699] [uav3.mavros]: Plugin setpoint_accel ignored
[INFO] [1790591963.178197546] [uav3.mavros]: Plugin setpoint_attitude ignored
[INFO] [1790591963.178208666] [uav3.mavros]: Plugin setpoint_position ignored
[INFO] [1790591963.178214376] [uav3.mavros]: Plugin setpoint_raw ignored
[INFO] [1790591963.178219732] [uav3.mavros]: Plugin setpoint_trajectory ignored
[INFO] [1790591963.374066359] [uav3.mavros]: Plugin setpoint_velocity created
[INFO] [1790591963.374636917] [uav3.mavros]: Plugin setpoint_velocity initialized
[INFO] [1790591963.620681256] [uav3.mavros]: Plugin sys_status created
[INFO] [1790591963.620752599] [uav3.mavros]: Plugin sys_status initialized
[INFO] [1790591963.720840072] [uav3.mavros.time]: TM: Timesync mode: MAVLINK
[INFO] [1790591963.759552557] [uav3.mavros]: Plugin sys_time created
[INFO] [1790591963.759614564] [uav3.mavros]: Plugin sys_time initialized
[INFO] [1790591963.759626814] [uav3.mavros]: Plugin waypoint ignored
[INFO] [1790591963.759632595] [uav3.mavros]: Plugin wind_estimation ignored
[INFO] [1790591963.802822781] [uav3.mavros]: Built-in SIMD instructions: SSE, SSE2
[INFO] [1790591963.803069757] [uav3.mavros]: Built-in MAVLink package version: 2026.8.8
[INFO] [1790591963.803108044] [uav3.mavros]: Known MAVLink dialects: common ardupilotmega ASLUAV AVSSUAS all csAirLink cubepilot development icarous loweheiser marsh paparazzi standard stemstudios storm32 uAvionix ualberta
[INFO] [1790591963.803115776] [uav3.mavros]: MAVROS UAS via /uas3 started. MY ID 3.191, TARGET ID 3.1
[INFO] [1790591963.839181393] [uav3.mavros_router]: link[1001] detected remote address 3.191
[INFO] [1790591964.200614603] [uav3.mavros]: CON: Got HEARTBEAT, connected. FCU: PX4 Autopilot
[INFO] [1790591965.261009701] [uav3.mavros.sys]: VER: 3.1: Capabilities         0x000000000000e8ff
[INFO] [1790591965.261061386] [uav3.mavros.sys]: VER: 3.1: Flight software:     011200c0 (fca3df865a000000)
[INFO] [1790591965.261068473] [uav3.mavros.sys]: VER: 3.1: Middleware software: 011200c0 (fca3df865a000000)
[INFO] [1790591965.261073935] [uav3.mavros.sys]: VER: 3.1: OS software:         070000ff (17040b9f87cb1791)
[INFO] [1790591965.261078621] [uav3.mavros.sys]: VER: 3.1: Board hardware:      00000001
[INFO] [1790591965.261083278] [uav3.mavros.sys]: VER: 3.1: VID/PID:             0000:0000
[INFO] [1790591965.261088515] [uav3.mavros.sys]: VER: 3.1: UID:                 4954414c44494e51
[WARN] [1790591965.261127733] [uav3.mavros.cmd]: CMD: Unexpected command 512, result 0
[WARN] [1790591976.048729160] [uav3.mavros.sys]: FCU: UNK(8): EVENT 11047904 with args -0-0-0-0-0-128-0-0-0-176-122-127-128-176-122-127-128-0-0-0-0-0-0-0-0-0-0-0-0-0-0-0-0-0-0-0-0-0-0-0-
[INFO] [1790591976.048823152] [uav3.mavros.sys]: FCU: EVENT 377561 with args -8-0-0-0-20-0-0-0-0-0-0-0-0-0-0-0-0-0-0-0-0-0-0-0-0-0-0-0-0-0-0-0-0-0-0-0-0-0-0-0-
[WARN] [1790591976.052006510] [uav3.mavros.sys]: FCU: EVENT 453929 with args -255-255-255-255-7-0-0-0-0-0-0-0-0-0-0-0-0-0-0-0-0-0-0-0-0-0-0-0-0-0-0-0-0-0-0-0-0-0-0-0-
[INFO] [1790591976.052066451] [uav3.mavros.sys]: FCU: EVENT 6801787 with args -255-255-255-255-12-0-0-0-0-0-0-0-0-0-0-0-0-0-0-0-0-0-0-0-0-0-0-0-0-0-0-0-0-0-0-0-0-0-0-0-
[WARN] [1790591976.052114696] [uav3.mavros.sys]: FCU: UNK(8): EVENT 1914663 with args -0-10-13-2-56-0-0-0-0-0-0-0-0-0-0-0-0-0-0-0-0-0-0-0-0-0-0-0-0-0-0-0-0-0-0-0-0-0-0-0-
[WARN] [1790591978.527609266] [uav3.mavros.cmd]: CMD: Unexpected command 176, result 0
[INFO] [1790591979.078914117] [uav3.mavros.sys]: FCU: EVENT 9489139 with args -4-0-0-0-0-0-0-0-0-0-0-0-0-0-0-0-0-0-0-0-0-0-0-0-0-0-0-0-0-0-0-0-0-0-0-0-0-0-0-0-
[INFO] [1790591981.269890066] [uav3.mavros.sys]: FCU: EVENT 4277609 with args -0-0-0-0-0-0-0-0-0-0-0-0-0-0-0-0-0-0-0-0-0-0-0-0-0-0-0-0-0-0-0-0-0-0-0-0-0-0-0-0-
[WARN] [1790592235.201036349] [uav3.mavros.cmd]: CMD: Unexpected command 176, result 0
[INFO] [1790592266.049072913] [uav3.mavros.sys]: FCU: EVENT 9844908 with args -0-0-0-0-0-0-0-0-0-0-0-0-0-0-0-0-0-0-0-0-0-0-0-0-0-0-0-0-0-0-0-0-0-0-0-0-0-0-0-0-
[INFO] [1790592268.136956379] [uav3.mavros.sys]: FCU: EVENT 16017271 with args -6-0-0-0-0-0-0-0-0-0-0-0-0-0-0-0-0-0-0-0-0-0-0-0-0-0-0-0-0-0-0-0-0-0-0-0-0-0-0-0-
[WARN] [1790592271.779032815] [uav3.mavros.sys]: FCU: UNK(8): EVENT 11047904 with args -0-0-0-0-0-128-0-0-0-176-122-127-128-176-122-127-128-0-0-0-0-0-0-0-0-0-0-0-0-0-0-0-0-0-0-0-0-0-0-0-
[INFO] [1790592271.779135792] [uav3.mavros.sys]: FCU: EVENT 377561 with args -8-0-0-0-20-0-0-0-0-0-0-0-0-0-0-0-0-0-0-0-0-0-0-0-0-0-0-0-0-0-0-0-0-0-0-0-0-0-0-0-
[WARN] [1790592271.779196612] [uav3.mavros.sys]: FCU: EVENT 453929 with args -255-255-255-255-7-0-0-0-0-0-0-0-0-0-0-0-0-0-0-0-0-0-0-0-0-0-0-0-0-0-0-0-0-0-0-0-0-0-0-0-
[INFO] [1790592271.779237324] [uav3.mavros.sys]: FCU: EVENT 6801787 with args -255-255-255-255-12-0-0-0-0-0-0-0-0-0-0-0-0-0-0-0-0-0-0-0-0-0-0-0-0-0-0-0-0-0-0-0-0-0-0-0-
[WARN] [1790592271.779275605] [uav3.mavros.sys]: FCU: UNK(8): EVENT 1914663 with args -0-10-9-2-56-0-0-0-0-0-0-0-0-0-0-0-0-0-0-0-0-0-0-0-0-0-0-0-0-0-0-0-0-0-0-0-0-0-0-0-
[INFO] [1790592274.841549986] [rclcpp]: signal_handler(SIGINT/SIGTERM)
[WARN] [1790592274.852124546] [uav3.mavros]: UAS Executor terminated
