[INFO] [1790585546.454226531] [uav5.mavros_node]: Starting mavros_node container
[INFO] [1790585546.454380494] [uav5.mavros_node]: FCU URL: udp://:14544@127.0.0.1:14584
[INFO] [1790585546.454392008] [uav5.mavros_node]: GCS URL: 
[INFO] [1790585546.454397008] [uav5.mavros_node]: UAS Prefix: /uas5
[INFO] [1790585546.454402146] [uav5.mavros_node]: Starting mavros router node
[INFO] [1790585546.502273613] [uav5.mavros_router]: Built-in SIMD instructions: SSE, SSE2
[INFO] [1790585546.502325609] [uav5.mavros_router]: Built-in MAVLink package version: 2026.8.8
[INFO] [1790585546.502337495] [uav5.mavros_router]: Known MAVLink dialects: common ardupilotmega ASLUAV AVSSUAS all csAirLink cubepilot development icarous loweheiser marsh paparazzi standard stemstudios storm32 uAvionix ualberta
[INFO] [1790585546.502345176] [uav5.mavros_router]: MAVROS Router started
[INFO] [1790585546.502501150] [uav5.mavros_node]: Starting mavros uas node
[INFO] [1790585546.694298083] [uav5.mavros_router]: Requested to add endpoint: type: 0, url: udp://:14544@127.0.0.1:14584
[INFO] [1790585546.694367675] [uav5.mavros_router]: Endpoint link[1000] created
[INFO] [1790585546.694625597] [uav5.mavros_router]: link[1000] opened successfully
[INFO] [1790585546.694648851] [uav5.mavros_router]: Requested to add endpoint: type: 2, url: /uas5
[INFO] [1790585546.694662692] [uav5.mavros_router]: Endpoint link[1001] created
[INFO] [1790585546.701356481] [uav5.mavros_router]: link[1000] detected remote address 5.1
[INFO] [1790585546.711547193] [uav5.mavros]: Plugin actuator_control ignored
[INFO] [1790585546.711617600] [uav5.mavros]: Plugin altitude ignored
[INFO] [1790585546.711766080] [uav5.mavros]: UAS Executor started, threads: 4
[INFO] [1790585546.784935846] [uav5.mavros_router]: link[1001] opened successfully
[INFO] [1790585546.943106817] [uav5.mavros]: Plugin command created
[INFO] [1790585546.943191850] [uav5.mavros]: Plugin command initialized
[INFO] [1790585546.943203789] [uav5.mavros]: Plugin ftp ignored
[INFO] [1790585546.943209676] [uav5.mavros]: Plugin geofence ignored
[INFO] [1790585547.124050805] [uav5.mavros]: Plugin global_position created
[INFO] [1790585547.124115656] [uav5.mavros]: Plugin global_position initialized
[INFO] [1790585547.124127494] [uav5.mavros]: Plugin home_position ignored
[INFO] [1790585547.124133685] [uav5.mavros]: Plugin imu ignored
[INFO] [1790585547.387375817] [uav5.mavros]: Plugin local_position created
[INFO] [1790585547.387627878] [uav5.mavros]: Plugin local_position initialized
[INFO] [1790585547.387644617] [uav5.mavros]: Plugin manual_control ignored
[INFO] [1790585547.387651718] [uav5.mavros]: Plugin nav_controller_output ignored
[INFO] [1790585547.387658123] [uav5.mavros]: Plugin param ignored
[INFO] [1790585547.387664263] [uav5.mavros]: Plugin rallypoint ignored
[INFO] [1790585547.387670263] [uav5.mavros]: Plugin rc_io ignored
[INFO] [1790585547.391720080] [uav5.mavros]: Plugin setpoint_accel ignored
[INFO] [1790585547.391757382] [uav5.mavros]: Plugin setpoint_attitude ignored
[INFO] [1790585547.391764396] [uav5.mavros]: Plugin setpoint_position ignored
[INFO] [1790585547.391770553] [uav5.mavros]: Plugin setpoint_raw ignored
[INFO] [1790585547.391776390] [uav5.mavros]: Plugin setpoint_trajectory ignored
[INFO] [1790585547.602921468] [uav5.mavros]: Plugin setpoint_velocity created
[INFO] [1790585547.602981253] [uav5.mavros]: Plugin setpoint_velocity initialized
[INFO] [1790585547.835872272] [uav5.mavros]: Plugin sys_status created
[INFO] [1790585547.835954121] [uav5.mavros]: Plugin sys_status initialized
[INFO] [1790585548.035722251] [uav5.mavros.time]: TM: Timesync mode: MAVLINK
[INFO] [1790585548.092878158] [uav5.mavros]: Plugin sys_time created
[INFO] [1790585548.092948640] [uav5.mavros]: Plugin sys_time initialized
[INFO] [1790585548.092959008] [uav5.mavros]: Plugin waypoint ignored
[INFO] [1790585548.092964856] [uav5.mavros]: Plugin wind_estimation ignored
[INFO] [1790585548.108473735] [uav5.mavros]: Built-in SIMD instructions: SSE, SSE2
[INFO] [1790585548.108524916] [uav5.mavros]: Built-in MAVLink package version: 2026.8.8
[INFO] [1790585548.108558051] [uav5.mavros]: Known MAVLink dialects: common ardupilotmega ASLUAV AVSSUAS all csAirLink cubepilot development icarous loweheiser marsh paparazzi standard stemstudios storm32 uAvionix ualberta
[INFO] [1790585548.108567085] [uav5.mavros]: MAVROS UAS via /uas5 started. MY ID 5.191, TARGET ID 5.1
[INFO] [1790585548.215061600] [uav5.mavros_router]: link[1001] detected remote address 5.191
[INFO] [1790585548.857874144] [uav5.mavros]: CON: Got HEARTBEAT, connected. FCU: PX4 Autopilot
[INFO] [1790585548.868227676] [uav5.mavros.sys]: VER: 5.1: Capabilities         0x000000000000e8ff
[INFO] [1790585548.868281848] [uav5.mavros.sys]: VER: 5.1: Flight software:     011200c0 (fca3df865a000000)
[INFO] [1790585548.868293477] [uav5.mavros.sys]: VER: 5.1: Middleware software: 011200c0 (fca3df865a000000)
[INFO] [1790585548.868300413] [uav5.mavros.sys]: VER: 5.1: OS software:         070000ff (17040b9f87cb1791)
[INFO] [1790585548.868305819] [uav5.mavros.sys]: VER: 5.1: Board hardware:      00000001
[INFO] [1790585548.868311155] [uav5.mavros.sys]: VER: 5.1: VID/PID:             0000:0000
[INFO] [1790585548.868316726] [uav5.mavros.sys]: VER: 5.1: UID:                 4954414c44494e53
[WARN] [1790585548.870457748] [uav5.mavros.cmd]: CMD: Unexpected command 512, result 0
[WARN] [1790585558.610255534] [uav5.mavros.sys]: FCU: UNK(8): EVENT 11047904 with args -0-0-0-0-0-128-0-0-0-176-122-127-128-176-122-127-128-0-0-0-0-0-0-0-0-0-0-0-0-0-0-0-0-0-0-0-0-0-0-0-
[INFO] [1790585558.611319434] [uav5.mavros.sys]: FCU: EVENT 377561 with args -8-0-0-0-20-0-0-0-0-0-0-0-0-0-0-0-0-0-0-0-0-0-0-0-0-0-0-0-0-0-0-0-0-0-0-0-0-0-0-0-
[WARN] [1790585558.611390273] [uav5.mavros.sys]: FCU: EVENT 453929 with args -255-255-255-255-7-0-0-0-0-0-0-0-0-0-0-0-0-0-0-0-0-0-0-0-0-0-0-0-0-0-0-0-0-0-0-0-0-0-0-0-
[INFO] [1790585558.614136597] [uav5.mavros.sys]: FCU: EVENT 6801787 with args -255-255-255-255-12-0-0-0-0-0-0-0-0-0-0-0-0-0-0-0-0-0-0-0-0-0-0-0-0-0-0-0-0-0-0-0-0-0-0-0-
[WARN] [1790585558.614253167] [uav5.mavros.sys]: FCU: UNK(8): EVENT 1914663 with args -0-10-13-2-56-0-0-0-0-0-0-0-0-0-0-0-0-0-0-0-0-0-0-0-0-0-0-0-0-0-0-0-0-0-0-0-0-0-0-0-
[WARN] [1790585563.699095600] [uav5.mavros.cmd]: CMD: Unexpected command 176, result 0
[INFO] [1790585564.551561740] [uav5.mavros.sys]: FCU: EVENT 9489139 with args -4-0-0-0-0-0-0-0-0-0-0-0-0-0-0-0-0-0-0-0-0-0-0-0-0-0-0-0-0-0-0-0-0-0-0-0-0-0-0-0-
[INFO] [1790585566.450329652] [uav5.mavros.sys]: FCU: EVENT 4277609 with args -0-0-0-0-0-0-0-0-0-0-0-0-0-0-0-0-0-0-0-0-0-0-0-0-0-0-0-0-0-0-0-0-0-0-0-0-0-0-0-0-
[WARN] [1790585817.587362110] [uav5.mavros.cmd]: CMD: Unexpected command 176, result 0
[INFO] [1790585852.065786545] [uav5.mavros.sys]: FCU: EVENT 9844908 with args -0-0-0-0-0-0-0-0-0-0-0-0-0-0-0-0-0-0-0-0-0-0-0-0-0-0-0-0-0-0-0-0-0-0-0-0-0-0-0-0-
[INFO] [1790585854.183311599] [uav5.mavros.sys]: FCU: EVENT 16017271 with args -6-0-0-0-0-0-0-0-0-0-0-0-0-0-0-0-0-0-0-0-0-0-0-0-0-0-0-0-0-0-0-0-0-0-0-0-0-0-0-0-
[WARN] [1790585857.884996307] [uav5.mavros.sys]: FCU: UNK(8): EVENT 11047904 with args -0-0-0-0-0-128-0-0-0-176-122-127-128-176-122-127-128-0-0-0-0-0-0-0-0-0-0-0-0-0-0-0-0-0-0-0-0-0-0-0-
[INFO] [1790585857.885079043] [uav5.mavros.sys]: FCU: EVENT 377561 with args -8-0-0-0-20-0-0-0-0-0-0-0-0-0-0-0-0-0-0-0-0-0-0-0-0-0-0-0-0-0-0-0-0-0-0-0-0-0-0-0-
[WARN] [1790585857.885280726] [uav5.mavros.sys]: FCU: EVENT 453929 with args -255-255-255-255-7-0-0-0-0-0-0-0-0-0-0-0-0-0-0-0-0-0-0-0-0-0-0-0-0-0-0-0-0-0-0-0-0-0-0-0-
[INFO] [1790585857.885313123] [uav5.mavros.sys]: FCU: EVENT 6801787 with args -255-255-255-255-12-0-0-0-0-0-0-0-0-0-0-0-0-0-0-0-0-0-0-0-0-0-0-0-0-0-0-0-0-0-0-0-0-0-0-0-
[WARN] [1790585857.885429069] [uav5.mavros.sys]: FCU: UNK(8): EVENT 1914663 with args -0-10-9-2-56-0-0-0-0-0-0-0-0-0-0-0-0-0-0-0-0-0-0-0-0-0-0-0-0-0-0-0-0-0-0-0-0-0-0-0-
[INFO] [1790585859.102786519] [rclcpp]: signal_handler(SIGINT/SIGTERM)
[WARN] [1790585859.106514710] [uav5.mavros]: UAS Executor terminated
