[INFO] [1790585546.449779532] [uav2.mavros_node]: Starting mavros_node container
[INFO] [1790585546.451052414] [uav2.mavros_node]: FCU URL: udp://:14541@127.0.0.1:14581
[INFO] [1790585546.451090963] [uav2.mavros_node]: GCS URL: 
[INFO] [1790585546.451097475] [uav2.mavros_node]: UAS Prefix: /uas2
[INFO] [1790585546.451102501] [uav2.mavros_node]: Starting mavros router node
[INFO] [1790585546.558670099] [uav2.mavros_router]: Built-in SIMD instructions: SSE, SSE2
[INFO] [1790585546.558727537] [uav2.mavros_router]: Built-in MAVLink package version: 2026.8.8
[INFO] [1790585546.558739814] [uav2.mavros_router]: Known MAVLink dialects: common ardupilotmega ASLUAV AVSSUAS all csAirLink cubepilot development icarous loweheiser marsh paparazzi standard stemstudios storm32 uAvionix ualberta
[INFO] [1790585546.558748466] [uav2.mavros_router]: MAVROS Router started
[INFO] [1790585546.558913820] [uav2.mavros_node]: Starting mavros uas node
[INFO] [1790585546.788997352] [uav2.mavros_router]: Requested to add endpoint: type: 0, url: udp://:14541@127.0.0.1:14581
[INFO] [1790585546.789077760] [uav2.mavros_router]: Endpoint link[1000] created
[INFO] [1790585546.789338499] [uav2.mavros_router]: link[1000] opened successfully
[INFO] [1790585546.789356446] [uav2.mavros_router]: Requested to add endpoint: type: 2, url: /uas2
[INFO] [1790585546.789368875] [uav2.mavros_router]: Endpoint link[1001] created
[INFO] [1790585546.794322918] [uav2.mavros_router]: link[1000] detected remote address 2.1
[INFO] [1790585546.805794780] [uav2.mavros_router]: link[1001] opened successfully
[INFO] [1790585546.809488793] [uav2.mavros]: Plugin actuator_control ignored
[INFO] [1790585546.813904193] [uav2.mavros]: Plugin altitude ignored
[INFO] [1790585546.809557638] [uav2.mavros]: UAS Executor started, threads: 4
[INFO] [1790585547.055183587] [uav2.mavros]: Plugin command created
[INFO] [1790585547.055755434] [uav2.mavros]: Plugin command initialized
[INFO] [1790585547.055781366] [uav2.mavros]: Plugin ftp ignored
[INFO] [1790585547.055788491] [uav2.mavros]: Plugin geofence ignored
[INFO] [1790585547.337838786] [uav2.mavros]: Plugin global_position created
[INFO] [1790585547.338694444] [uav2.mavros]: Plugin global_position initialized
[INFO] [1790585547.338990274] [uav2.mavros]: Plugin home_position ignored
[INFO] [1790585547.339024389] [uav2.mavros]: Plugin imu ignored
[INFO] [1790585547.688835796] [uav2.mavros]: Plugin local_position created
[INFO] [1790585547.688912189] [uav2.mavros]: Plugin local_position initialized
[INFO] [1790585547.688923986] [uav2.mavros]: Plugin manual_control ignored
[INFO] [1790585547.688929643] [uav2.mavros]: Plugin nav_controller_output ignored
[INFO] [1790585547.688935145] [uav2.mavros]: Plugin param ignored
[INFO] [1790585547.688940374] [uav2.mavros]: Plugin rallypoint ignored
[INFO] [1790585547.688946011] [uav2.mavros]: Plugin rc_io ignored
[INFO] [1790585547.688951178] [uav2.mavros]: Plugin setpoint_accel ignored
[INFO] [1790585547.688955982] [uav2.mavros]: Plugin setpoint_attitude ignored
[INFO] [1790585547.688960804] [uav2.mavros]: Plugin setpoint_position ignored
[INFO] [1790585547.688965723] [uav2.mavros]: Plugin setpoint_raw ignored
[INFO] [1790585547.688977077] [uav2.mavros]: Plugin setpoint_trajectory ignored
[INFO] [1790585547.865506559] [uav2.mavros]: Plugin setpoint_velocity created
[INFO] [1790585547.865565397] [uav2.mavros]: Plugin setpoint_velocity initialized
[INFO] [1790585548.060077863] [uav2.mavros]: Plugin sys_status created
[INFO] [1790585548.060163729] [uav2.mavros]: Plugin sys_status initialized
[INFO] [1790585548.129165341] [uav2.mavros.time]: TM: Timesync mode: MAVLINK
[INFO] [1790585548.142667688] [uav2.mavros]: Plugin sys_time created
[INFO] [1790585548.142737851] [uav2.mavros]: Plugin sys_time initialized
[INFO] [1790585548.142835454] [uav2.mavros]: Plugin waypoint ignored
[INFO] [1790585548.142842510] [uav2.mavros]: Plugin wind_estimation ignored
[INFO] [1790585548.155602194] [uav2.mavros]: Built-in SIMD instructions: SSE, SSE2
[INFO] [1790585548.155652614] [uav2.mavros]: Built-in MAVLink package version: 2026.8.8
[INFO] [1790585548.157563930] [uav2.mavros]: Known MAVLink dialects: common ardupilotmega ASLUAV AVSSUAS all csAirLink cubepilot development icarous loweheiser marsh paparazzi standard stemstudios storm32 uAvionix ualberta
[INFO] [1790585548.157629334] [uav2.mavros]: MAVROS UAS via /uas2 started. MY ID 2.191, TARGET ID 2.1
[INFO] [1790585548.241321142] [uav2.mavros_router]: link[1001] detected remote address 2.191
[INFO] [1790585548.991944442] [uav2.mavros]: CON: Got HEARTBEAT, connected. FCU: PX4 Autopilot
[INFO] [1790585550.019792961] [uav2.mavros.sys]: VER: 2.1: Capabilities         0x000000000000e8ff
[INFO] [1790585550.019853003] [uav2.mavros.sys]: VER: 2.1: Flight software:     011200c0 (fca3df865a000000)
[INFO] [1790585550.019861934] [uav2.mavros.sys]: VER: 2.1: Middleware software: 011200c0 (fca3df865a000000)
[INFO] [1790585550.019867843] [uav2.mavros.sys]: VER: 2.1: OS software:         070000ff (17040b9f87cb1791)
[INFO] [1790585550.019872763] [uav2.mavros.sys]: VER: 2.1: Board hardware:      00000001
[INFO] [1790585550.019886728] [uav2.mavros.sys]: VER: 2.1: VID/PID:             0000:0000
[INFO] [1790585550.019891468] [uav2.mavros.sys]: VER: 2.1: UID:                 4954414c44494e50
[WARN] [1790585550.024331253] [uav2.mavros.cmd]: CMD: Unexpected command 512, result 0
[WARN] [1790585559.465150248] [uav2.mavros.sys]: FCU: UNK(8): EVENT 11047904 with args -0-0-0-0-0-128-0-0-0-176-122-127-128-176-122-127-128-0-0-0-0-0-0-0-0-0-0-0-0-0-0-0-0-0-0-0-0-0-0-0-
[INFO] [1790585559.465313378] [uav2.mavros.sys]: FCU: EVENT 377561 with args -8-0-0-0-20-0-0-0-0-0-0-0-0-0-0-0-0-0-0-0-0-0-0-0-0-0-0-0-0-0-0-0-0-0-0-0-0-0-0-0-
[WARN] [1790585559.465363895] [uav2.mavros.sys]: FCU: EVENT 453929 with args -255-255-255-255-7-0-0-0-0-0-0-0-0-0-0-0-0-0-0-0-0-0-0-0-0-0-0-0-0-0-0-0-0-0-0-0-0-0-0-0-
[INFO] [1790585559.465403074] [uav2.mavros.sys]: FCU: EVENT 6801787 with args -255-255-255-255-12-0-0-0-0-0-0-0-0-0-0-0-0-0-0-0-0-0-0-0-0-0-0-0-0-0-0-0-0-0-0-0-0-0-0-0-
[WARN] [1790585559.467984017] [uav2.mavros.sys]: FCU: UNK(8): EVENT 1914663 with args -0-10-13-2-56-0-0-0-0-0-0-0-0-0-0-0-0-0-0-0-0-0-0-0-0-0-0-0-0-0-0-0-0-0-0-0-0-0-0-0-
[WARN] [1790585563.698258819] [uav2.mavros.cmd]: CMD: Unexpected command 176, result 0
[INFO] [1790585564.641619535] [uav2.mavros.sys]: FCU: EVENT 9489139 with args -4-0-0-0-0-0-0-0-0-0-0-0-0-0-0-0-0-0-0-0-0-0-0-0-0-0-0-0-0-0-0-0-0-0-0-0-0-0-0-0-
[INFO] [1790585566.636882447] [uav2.mavros.sys]: FCU: EVENT 4277609 with args -0-0-0-0-0-0-0-0-0-0-0-0-0-0-0-0-0-0-0-0-0-0-0-0-0-0-0-0-0-0-0-0-0-0-0-0-0-0-0-0-
[WARN] [1790585817.536906907] [uav2.mavros.cmd]: CMD: Unexpected command 176, result 0
[INFO] [1790585851.004770992] [uav2.mavros.sys]: FCU: EVENT 9844908 with args -0-0-0-0-0-0-0-0-0-0-0-0-0-0-0-0-0-0-0-0-0-0-0-0-0-0-0-0-0-0-0-0-0-0-0-0-0-0-0-0-
[INFO] [1790585853.107703283] [uav2.mavros.sys]: FCU: EVENT 16017271 with args -6-0-0-0-0-0-0-0-0-0-0-0-0-0-0-0-0-0-0-0-0-0-0-0-0-0-0-0-0-0-0-0-0-0-0-0-0-0-0-0-
[WARN] [1790585856.961973124] [uav2.mavros.sys]: FCU: UNK(8): EVENT 11047904 with args -0-0-0-0-0-128-0-0-0-176-122-127-128-176-122-127-128-0-0-0-0-0-0-0-0-0-0-0-0-0-0-0-0-0-0-0-0-0-0-0-
[INFO] [1790585856.962081372] [uav2.mavros.sys]: FCU: EVENT 377561 with args -8-0-0-0-20-0-0-0-0-0-0-0-0-0-0-0-0-0-0-0-0-0-0-0-0-0-0-0-0-0-0-0-0-0-0-0-0-0-0-0-
[WARN] [1790585856.962142931] [uav2.mavros.sys]: FCU: EVENT 453929 with args -255-255-255-255-7-0-0-0-0-0-0-0-0-0-0-0-0-0-0-0-0-0-0-0-0-0-0-0-0-0-0-0-0-0-0-0-0-0-0-0-
[INFO] [1790585856.962189013] [uav2.mavros.sys]: FCU: EVENT 6801787 with args -255-255-255-255-12-0-0-0-0-0-0-0-0-0-0-0-0-0-0-0-0-0-0-0-0-0-0-0-0-0-0-0-0-0-0-0-0-0-0-0-
[WARN] [1790585856.962228158] [uav2.mavros.sys]: FCU: UNK(8): EVENT 1914663 with args -0-10-9-2-56-0-0-0-0-0-0-0-0-0-0-0-0-0-0-0-0-0-0-0-0-0-0-0-0-0-0-0-0-0-0-0-0-0-0-0-
[INFO] [1790585859.100894729] [rclcpp]: signal_handler(SIGINT/SIGTERM)
[WARN] [1790585859.102124739] [uav2.mavros]: UAS Executor terminated
