[INFO] [1790585546.425143151] [uav4.mavros_node]: Starting mavros_node container
[INFO] [1790585546.429677339] [uav4.mavros_node]: FCU URL: udp://:14543@127.0.0.1:14583
[INFO] [1790585546.429857322] [uav4.mavros_node]: GCS URL: 
[INFO] [1790585546.430153370] [uav4.mavros_node]: UAS Prefix: /uas4
[INFO] [1790585546.430178759] [uav4.mavros_node]: Starting mavros router node
[INFO] [1790585546.508710647] [uav4.mavros_router]: Built-in SIMD instructions: SSE, SSE2
[INFO] [1790585546.508801025] [uav4.mavros_router]: Built-in MAVLink package version: 2026.8.8
[INFO] [1790585546.508813306] [uav4.mavros_router]: Known MAVLink dialects: common ardupilotmega ASLUAV AVSSUAS all csAirLink cubepilot development icarous loweheiser marsh paparazzi standard stemstudios storm32 uAvionix ualberta
[INFO] [1790585546.508822725] [uav4.mavros_router]: MAVROS Router started
[INFO] [1790585546.508972481] [uav4.mavros_node]: Starting mavros uas node
[INFO] [1790585546.706590345] [uav4.mavros_router]: Requested to add endpoint: type: 0, url: udp://:14543@127.0.0.1:14583
[INFO] [1790585546.706661982] [uav4.mavros_router]: Endpoint link[1000] created
[INFO] [1790585546.709847785] [uav4.mavros_router]: link[1000] opened successfully
[INFO] [1790585546.709889487] [uav4.mavros_router]: Requested to add endpoint: type: 2, url: /uas4
[INFO] [1790585546.709909647] [uav4.mavros_router]: Endpoint link[1001] created
[INFO] [1790585546.713450486] [uav4.mavros_router]: link[1000] detected remote address 4.1
[INFO] [1790585546.718948975] [uav4.mavros]: Plugin actuator_control ignored
[INFO] [1790585546.720494409] [uav4.mavros]: Plugin altitude ignored
[INFO] [1790585546.719633190] [uav4.mavros]: UAS Executor started, threads: 4
[INFO] [1790585546.793347590] [uav4.mavros_router]: link[1001] opened successfully
[INFO] [1790585546.896259876] [uav4.mavros]: Plugin command created
[INFO] [1790585546.897395581] [uav4.mavros]: Plugin command initialized
[INFO] [1790585546.897449306] [uav4.mavros]: Plugin ftp ignored
[INFO] [1790585546.897457008] [uav4.mavros]: Plugin geofence ignored
[INFO] [1790585547.139460742] [uav4.mavros]: Plugin global_position created
[INFO] [1790585547.139535295] [uav4.mavros]: Plugin global_position initialized
[INFO] [1790585547.139546772] [uav4.mavros]: Plugin home_position ignored
[INFO] [1790585547.139552716] [uav4.mavros]: Plugin imu ignored
[INFO] [1790585547.333235514] [uav4.mavros]: Plugin local_position created
[INFO] [1790585547.333292546] [uav4.mavros]: Plugin local_position initialized
[INFO] [1790585547.333304710] [uav4.mavros]: Plugin manual_control ignored
[INFO] [1790585547.333311598] [uav4.mavros]: Plugin nav_controller_output ignored
[INFO] [1790585547.333317486] [uav4.mavros]: Plugin param ignored
[INFO] [1790585547.333323555] [uav4.mavros]: Plugin rallypoint ignored
[INFO] [1790585547.333329429] [uav4.mavros]: Plugin rc_io ignored
[INFO] [1790585547.333412160] [uav4.mavros]: Plugin setpoint_accel ignored
[INFO] [1790585547.333418510] [uav4.mavros]: Plugin setpoint_attitude ignored
[INFO] [1790585547.333424639] [uav4.mavros]: Plugin setpoint_position ignored
[INFO] [1790585547.333430928] [uav4.mavros]: Plugin setpoint_raw ignored
[INFO] [1790585547.333436984] [uav4.mavros]: Plugin setpoint_trajectory ignored
[INFO] [1790585547.632049333] [uav4.mavros]: Plugin setpoint_velocity created
[INFO] [1790585547.632115873] [uav4.mavros]: Plugin setpoint_velocity initialized
[INFO] [1790585547.978759256] [uav4.mavros]: Plugin sys_status created
[INFO] [1790585547.978838527] [uav4.mavros]: Plugin sys_status initialized
[INFO] [1790585548.143378886] [uav4.mavros.time]: TM: Timesync mode: MAVLINK
[INFO] [1790585548.201031472] [uav4.mavros]: Plugin sys_time created
[INFO] [1790585548.202109278] [uav4.mavros]: Plugin sys_time initialized
[INFO] [1790585548.202169473] [uav4.mavros]: Plugin waypoint ignored
[INFO] [1790585548.203321890] [uav4.mavros]: Plugin wind_estimation ignored
[INFO] [1790585548.227634723] [uav4.mavros]: Built-in SIMD instructions: SSE, SSE2
[INFO] [1790585548.227689647] [uav4.mavros]: Built-in MAVLink package version: 2026.8.8
[INFO] [1790585548.227728894] [uav4.mavros]: Known MAVLink dialects: common ardupilotmega ASLUAV AVSSUAS all csAirLink cubepilot development icarous loweheiser marsh paparazzi standard stemstudios storm32 uAvionix ualberta
[INFO] [1790585548.227737507] [uav4.mavros]: MAVROS UAS via /uas4 started. MY ID 4.191, TARGET ID 4.1
[INFO] [1790585548.299641567] [uav4.mavros_router]: link[1001] detected remote address 4.191
[INFO] [1790585548.827652870] [uav4.mavros]: CON: Got HEARTBEAT, connected. FCU: PX4 Autopilot
[INFO] [1790585549.859949388] [uav4.mavros.sys]: VER: 4.1: Capabilities         0x000000000000e8ff
[INFO] [1790585549.860019454] [uav4.mavros.sys]: VER: 4.1: Flight software:     011200c0 (fca3df865a000000)
[INFO] [1790585549.860028007] [uav4.mavros.sys]: VER: 4.1: Middleware software: 011200c0 (fca3df865a000000)
[INFO] [1790585549.860034063] [uav4.mavros.sys]: VER: 4.1: OS software:         070000ff (17040b9f87cb1791)
[INFO] [1790585549.860039888] [uav4.mavros.sys]: VER: 4.1: Board hardware:      00000001
[INFO] [1790585549.860049063] [uav4.mavros.sys]: VER: 4.1: VID/PID:             0000:0000
[INFO] [1790585549.865684761] [uav4.mavros.sys]: VER: 4.1: UID:                 4954414c44494e52
[WARN] [1790585549.866076532] [uav4.mavros.cmd]: CMD: Unexpected command 512, result 0
[WARN] [1790585560.450408740] [uav4.mavros.sys]: FCU: UNK(8): EVENT 11047904 with args -0-0-0-0-0-128-0-0-0-176-122-127-128-176-122-127-128-0-0-0-0-0-0-0-0-0-0-0-0-0-0-0-0-0-0-0-0-0-0-0-
[INFO] [1790585560.453148383] [uav4.mavros.sys]: FCU: EVENT 377561 with args -8-0-0-0-20-0-0-0-0-0-0-0-0-0-0-0-0-0-0-0-0-0-0-0-0-0-0-0-0-0-0-0-0-0-0-0-0-0-0-0-
[WARN] [1790585560.453230805] [uav4.mavros.sys]: FCU: EVENT 453929 with args -255-255-255-255-7-0-0-0-0-0-0-0-0-0-0-0-0-0-0-0-0-0-0-0-0-0-0-0-0-0-0-0-0-0-0-0-0-0-0-0-
[INFO] [1790585560.453276541] [uav4.mavros.sys]: FCU: EVENT 6801787 with args -255-255-255-255-12-0-0-0-0-0-0-0-0-0-0-0-0-0-0-0-0-0-0-0-0-0-0-0-0-0-0-0-0-0-0-0-0-0-0-0-
[WARN] [1790585560.453313028] [uav4.mavros.sys]: FCU: UNK(8): EVENT 1914663 with args -0-10-13-2-56-0-0-0-0-0-0-0-0-0-0-0-0-0-0-0-0-0-0-0-0-0-0-0-0-0-0-0-0-0-0-0-0-0-0-0-
[WARN] [1790585563.684678312] [uav4.mavros.cmd]: CMD: Unexpected command 176, result 0
[INFO] [1790585564.229617134] [uav4.mavros.sys]: FCU: EVENT 9489139 with args -4-0-0-0-0-0-0-0-0-0-0-0-0-0-0-0-0-0-0-0-0-0-0-0-0-0-0-0-0-0-0-0-0-0-0-0-0-0-0-0-
[INFO] [1790585566.301375625] [uav4.mavros.sys]: FCU: EVENT 4277609 with args -0-0-0-0-0-0-0-0-0-0-0-0-0-0-0-0-0-0-0-0-0-0-0-0-0-0-0-0-0-0-0-0-0-0-0-0-0-0-0-0-
[WARN] [1790585817.574949719] [uav4.mavros.cmd]: CMD: Unexpected command 176, result 0
[INFO] [1790585850.500109444] [uav4.mavros.sys]: FCU: EVENT 9844908 with args -0-0-0-0-0-0-0-0-0-0-0-0-0-0-0-0-0-0-0-0-0-0-0-0-0-0-0-0-0-0-0-0-0-0-0-0-0-0-0-0-
[INFO] [1790585852.621606380] [uav4.mavros.sys]: FCU: EVENT 16017271 with args -6-0-0-0-0-0-0-0-0-0-0-0-0-0-0-0-0-0-0-0-0-0-0-0-0-0-0-0-0-0-0-0-0-0-0-0-0-0-0-0-
[WARN] [1790585856.386926030] [uav4.mavros.sys]: FCU: UNK(8): EVENT 11047904 with args -0-0-0-0-0-128-0-0-0-176-122-127-128-176-122-127-128-0-0-0-0-0-0-0-0-0-0-0-0-0-0-0-0-0-0-0-0-0-0-0-
[INFO] [1790585856.387023286] [uav4.mavros.sys]: FCU: EVENT 377561 with args -8-0-0-0-20-0-0-0-0-0-0-0-0-0-0-0-0-0-0-0-0-0-0-0-0-0-0-0-0-0-0-0-0-0-0-0-0-0-0-0-
[WARN] [1790585856.387080450] [uav4.mavros.sys]: FCU: EVENT 453929 with args -255-255-255-255-7-0-0-0-0-0-0-0-0-0-0-0-0-0-0-0-0-0-0-0-0-0-0-0-0-0-0-0-0-0-0-0-0-0-0-0-
[INFO] [1790585856.387140708] [uav4.mavros.sys]: FCU: EVENT 6801787 with args -255-255-255-255-12-0-0-0-0-0-0-0-0-0-0-0-0-0-0-0-0-0-0-0-0-0-0-0-0-0-0-0-0-0-0-0-0-0-0-0-
[WARN] [1790585856.387177092] [uav4.mavros.sys]: FCU: UNK(8): EVENT 1914663 with args -0-10-9-2-56-0-0-0-0-0-0-0-0-0-0-0-0-0-0-0-0-0-0-0-0-0-0-0-0-0-0-0-0-0-0-0-0-0-0-0-
[INFO] [1790585859.106031103] [rclcpp]: signal_handler(SIGINT/SIGTERM)
[WARN] [1790585859.107260894] [uav4.mavros]: UAS Executor terminated
