[INFO] [1790585546.471299237] [uav7.mavros_node]: Starting mavros_node container
[INFO] [1790585546.474198662] [uav7.mavros_node]: FCU URL: udp://:14546@127.0.0.1:14586
[INFO] [1790585546.474238097] [uav7.mavros_node]: GCS URL: 
[INFO] [1790585546.474828555] [uav7.mavros_node]: UAS Prefix: /uas7
[INFO] [1790585546.474839674] [uav7.mavros_node]: Starting mavros router node
[INFO] [1790585546.607355100] [uav7.mavros_router]: Built-in SIMD instructions: SSE, SSE2
[INFO] [1790585546.608638193] [uav7.mavros_router]: Built-in MAVLink package version: 2026.8.8
[INFO] [1790585546.608667503] [uav7.mavros_router]: Known MAVLink dialects: common ardupilotmega ASLUAV AVSSUAS all csAirLink cubepilot development icarous loweheiser marsh paparazzi standard stemstudios storm32 uAvionix ualberta
[INFO] [1790585546.608675632] [uav7.mavros_router]: MAVROS Router started
[INFO] [1790585546.609451329] [uav7.mavros_node]: Starting mavros uas node
[INFO] [1790585546.858599423] [uav7.mavros_router]: Requested to add endpoint: type: 0, url: udp://:14546@127.0.0.1:14586
[INFO] [1790585546.858666301] [uav7.mavros_router]: Endpoint link[1000] created
[INFO] [1790585546.858914303] [uav7.mavros_router]: link[1000] opened successfully
[INFO] [1790585546.858937404] [uav7.mavros_router]: Requested to add endpoint: type: 2, url: /uas7
[INFO] [1790585546.858951105] [uav7.mavros_router]: Endpoint link[1001] created
[INFO] [1790585546.867890859] [uav7.mavros_router]: link[1000] detected remote address 7.1
[INFO] [1790585546.886843699] [uav7.mavros]: UAS Executor started, threads: 4
[INFO] [1790585546.886856641] [uav7.mavros]: Plugin actuator_control ignored
[INFO] [1790585546.894108158] [uav7.mavros]: Plugin altitude ignored
[INFO] [1790585546.945687507] [uav7.mavros_router]: link[1001] opened successfully
[INFO] [1790585547.125614793] [uav7.mavros]: Plugin command created
[INFO] [1790585547.125679211] [uav7.mavros]: Plugin command initialized
[INFO] [1790585547.125689501] [uav7.mavros]: Plugin ftp ignored
[INFO] [1790585547.125696319] [uav7.mavros]: Plugin geofence ignored
[INFO] [1790585547.350835409] [uav7.mavros]: Plugin global_position created
[INFO] [1790585547.351133213] [uav7.mavros]: Plugin global_position initialized
[INFO] [1790585547.351177028] [uav7.mavros]: Plugin home_position ignored
[INFO] [1790585547.351185528] [uav7.mavros]: Plugin imu ignored
[INFO] [1790585547.570613869] [uav7.mavros]: Plugin local_position created
[INFO] [1790585547.570671943] [uav7.mavros]: Plugin local_position initialized
[INFO] [1790585547.570682383] [uav7.mavros]: Plugin manual_control ignored
[INFO] [1790585547.570688648] [uav7.mavros]: Plugin nav_controller_output ignored
[INFO] [1790585547.570694372] [uav7.mavros]: Plugin param ignored
[INFO] [1790585547.570699930] [uav7.mavros]: Plugin rallypoint ignored
[INFO] [1790585547.570705063] [uav7.mavros]: Plugin rc_io ignored
[INFO] [1790585547.570710416] [uav7.mavros]: Plugin setpoint_accel ignored
[INFO] [1790585547.570716150] [uav7.mavros]: Plugin setpoint_attitude ignored
[INFO] [1790585547.570721675] [uav7.mavros]: Plugin setpoint_position ignored
[INFO] [1790585547.570726734] [uav7.mavros]: Plugin setpoint_raw ignored
[INFO] [1790585547.570736786] [uav7.mavros]: Plugin setpoint_trajectory ignored
[INFO] [1790585547.787868828] [uav7.mavros]: Plugin setpoint_velocity created
[INFO] [1790585547.787944065] [uav7.mavros]: Plugin setpoint_velocity initialized
[INFO] [1790585548.104900184] [uav7.mavros]: Plugin sys_status created
[INFO] [1790585548.104983691] [uav7.mavros]: Plugin sys_status initialized
[INFO] [1790585548.262145477] [uav7.mavros.time]: TM: Timesync mode: MAVLINK
[INFO] [1790585548.288551504] [uav7.mavros]: Plugin sys_time created
[INFO] [1790585548.288618817] [uav7.mavros]: Plugin sys_time initialized
[INFO] [1790585548.288631664] [uav7.mavros]: Plugin waypoint ignored
[INFO] [1790585548.288637640] [uav7.mavros]: Plugin wind_estimation ignored
[INFO] [1790585548.300777617] [uav7.mavros]: Built-in SIMD instructions: SSE, SSE2
[INFO] [1790585548.300812850] [uav7.mavros]: Built-in MAVLink package version: 2026.8.8
[INFO] [1790585548.300847321] [uav7.mavros]: Known MAVLink dialects: common ardupilotmega ASLUAV AVSSUAS all csAirLink cubepilot development icarous loweheiser marsh paparazzi standard stemstudios storm32 uAvionix ualberta
[INFO] [1790585548.300858112] [uav7.mavros]: MAVROS UAS via /uas7 started. MY ID 7.191, TARGET ID 7.1
[INFO] [1790585548.391809964] [uav7.mavros_router]: link[1001] detected remote address 7.191
[INFO] [1790585548.819281215] [uav7.mavros]: CON: Got HEARTBEAT, connected. FCU: PX4 Autopilot
[WARN] [1790585548.869016549] [uav7.mavros.sys]: FCU: UNK(8): EVENT 11047904 with args -0-0-0-16-0-128-0-0-0-176-58-127-128-176-58-127-128-0-0-0-0-0-0-0-0-0-0-0-0-0-0-0-0-0-0-0-0-0-0-0-
[ERROR] [1790585548.869125023] [uav7.mavros.sys]: FCU: EVENT 11464574 with args -0-64-0-0-20-0-0-0-0-0-0-0-0-0-0-0-0-0-0-0-0-0-0-0-0-0-0-0-0-0-0-0-0-0-0-0-0-0-0-0-
[INFO] [1790585548.869200843] [uav7.mavros.sys]: FCU: EVENT 377561 with args -8-0-0-0-20-0-0-0-0-0-0-0-0-0-0-0-0-0-0-0-0-0-0-0-0-0-0-0-0-0-0-0-0-0-0-0-0-0-0-0-
[WARN] [1790585548.869240324] [uav7.mavros.sys]: FCU: EVENT 453929 with args -255-255-255-255-7-0-0-0-0-0-0-0-0-0-0-0-0-0-0-0-0-0-0-0-0-0-0-0-0-0-0-0-0-0-0-0-0-0-0-0-
[INFO] [1790585548.869272540] [uav7.mavros.sys]: FCU: EVENT 6801787 with args -255-255-255-255-12-0-0-0-0-0-0-0-0-0-0-0-0-0-0-0-0-0-0-0-0-0-0-0-0-0-0-0-0-0-0-0-0-0-0-0-
[WARN] [1790585548.869303585] [uav7.mavros.sys]: FCU: UNK(8): EVENT 1914663 with args -0-10-13-2-56-0-0-0-0-0-0-0-0-0-0-0-0-0-0-0-0-0-0-0-0-0-0-0-0-0-0-0-0-0-0-0-0-0-0-0-
[INFO] [1790585549.869621459] [uav7.mavros.sys]: VER: 7.1: Capabilities         0x000000000000e8ff
[INFO] [1790585549.869687557] [uav7.mavros.sys]: VER: 7.1: Flight software:     011200c0 (fca3df865a000000)
[INFO] [1790585549.869695756] [uav7.mavros.sys]: VER: 7.1: Middleware software: 011200c0 (fca3df865a000000)
[INFO] [1790585549.869701127] [uav7.mavros.sys]: VER: 7.1: OS software:         070000ff (17040b9f87cb1791)
[INFO] [1790585549.869706059] [uav7.mavros.sys]: VER: 7.1: Board hardware:      00000001
[INFO] [1790585549.869711022] [uav7.mavros.sys]: VER: 7.1: VID/PID:             0000:0000
[INFO] [1790585549.869715942] [uav7.mavros.sys]: VER: 7.1: UID:                 4954414c44494e55
[WARN] [1790585549.874750675] [uav7.mavros.cmd]: CMD: Unexpected command 512, result 0
[WARN] [1790585557.271879424] [uav7.mavros.sys]: FCU: UNK(8): EVENT 11047904 with args -0-0-0-0-0-128-0-0-0-176-122-127-128-176-122-127-128-0-0-0-0-0-0-0-0-0-0-0-0-0-0-0-0-0-0-0-0-0-0-0-
[INFO] [1790585557.272578038] [uav7.mavros.sys]: FCU: EVENT 377561 with args -8-0-0-0-20-0-0-0-0-0-0-0-0-0-0-0-0-0-0-0-0-0-0-0-0-0-0-0-0-0-0-0-0-0-0-0-0-0-0-0-
[WARN] [1790585557.273515560] [uav7.mavros.sys]: FCU: EVENT 453929 with args -255-255-255-255-7-0-0-0-0-0-0-0-0-0-0-0-0-0-0-0-0-0-0-0-0-0-0-0-0-0-0-0-0-0-0-0-0-0-0-0-
[INFO] [1790585557.273693927] [uav7.mavros.sys]: FCU: EVENT 6801787 with args -255-255-255-255-12-0-0-0-0-0-0-0-0-0-0-0-0-0-0-0-0-0-0-0-0-0-0-0-0-0-0-0-0-0-0-0-0-0-0-0-
[WARN] [1790585557.274478098] [uav7.mavros.sys]: FCU: UNK(8): EVENT 1914663 with args -0-10-13-2-56-0-0-0-0-0-0-0-0-0-0-0-0-0-0-0-0-0-0-0-0-0-0-0-0-0-0-0-0-0-0-0-0-0-0-0-
[WARN] [1790585563.694604515] [uav7.mavros.cmd]: CMD: Unexpected command 176, result 0
[INFO] [1790585564.541341182] [uav7.mavros.sys]: FCU: EVENT 9489139 with args -4-0-0-0-0-0-0-0-0-0-0-0-0-0-0-0-0-0-0-0-0-0-0-0-0-0-0-0-0-0-0-0-0-0-0-0-0-0-0-0-
[INFO] [1790585566.324300338] [uav7.mavros.sys]: FCU: EVENT 4277609 with args -0-0-0-0-0-0-0-0-0-0-0-0-0-0-0-0-0-0-0-0-0-0-0-0-0-0-0-0-0-0-0-0-0-0-0-0-0-0-0-0-
[WARN] [1790585817.579304420] [uav7.mavros.cmd]: CMD: Unexpected command 176, result 0
[INFO] [1790585849.812352539] [uav7.mavros.sys]: FCU: EVENT 9844908 with args -0-0-0-0-0-0-0-0-0-0-0-0-0-0-0-0-0-0-0-0-0-0-0-0-0-0-0-0-0-0-0-0-0-0-0-0-0-0-0-0-
[INFO] [1790585851.940187619] [uav7.mavros.sys]: FCU: EVENT 16017271 with args -6-0-0-0-0-0-0-0-0-0-0-0-0-0-0-0-0-0-0-0-0-0-0-0-0-0-0-0-0-0-0-0-0-0-0-0-0-0-0-0-
[WARN] [1790585855.832606129] [uav7.mavros.sys]: FCU: UNK(8): EVENT 11047904 with args -0-0-0-0-0-128-0-0-0-176-122-127-128-176-122-127-128-0-0-0-0-0-0-0-0-0-0-0-0-0-0-0-0-0-0-0-0-0-0-0-
[INFO] [1790585855.832773734] [uav7.mavros.sys]: FCU: EVENT 377561 with args -8-0-0-0-20-0-0-0-0-0-0-0-0-0-0-0-0-0-0-0-0-0-0-0-0-0-0-0-0-0-0-0-0-0-0-0-0-0-0-0-
[WARN] [1790585855.832832387] [uav7.mavros.sys]: FCU: EVENT 453929 with args -255-255-255-255-7-0-0-0-0-0-0-0-0-0-0-0-0-0-0-0-0-0-0-0-0-0-0-0-0-0-0-0-0-0-0-0-0-0-0-0-
[INFO] [1790585855.832905087] [uav7.mavros.sys]: FCU: EVENT 6801787 with args -255-255-255-255-12-0-0-0-0-0-0-0-0-0-0-0-0-0-0-0-0-0-0-0-0-0-0-0-0-0-0-0-0-0-0-0-0-0-0-0-
[WARN] [1790585855.832919756] [uav7.mavros.sys]: FCU: UNK(8): EVENT 1914663 with args -0-10-9-2-56-0-0-0-0-0-0-0-0-0-0-0-0-0-0-0-0-0-0-0-0-0-0-0-0-0-0-0-0-0-0-0-0-0-0-0-
[INFO] [1790585859.119932067] [rclcpp]: signal_handler(SIGINT/SIGTERM)
[WARN] [1790585859.120603406] [uav7.mavros]: UAS Executor terminated
Failed to publish log message to rosout: publisher's context is invalid, at ./src/rcl/publisher.c:423
