[INFO] [1790585546.424140160] [uav3.mavros_node]: Starting mavros_node container
[INFO] [1790585546.424242818] [uav3.mavros_node]: FCU URL: udp://:14542@127.0.0.1:14582
[INFO] [1790585546.424257950] [uav3.mavros_node]: GCS URL: 
[INFO] [1790585546.424264388] [uav3.mavros_node]: UAS Prefix: /uas3
[INFO] [1790585546.424269577] [uav3.mavros_node]: Starting mavros router node
[INFO] [1790585546.506275412] [uav3.mavros_router]: Built-in SIMD instructions: SSE, SSE2
[INFO] [1790585546.506321460] [uav3.mavros_router]: Built-in MAVLink package version: 2026.8.8
[INFO] [1790585546.506333348] [uav3.mavros_router]: Known MAVLink dialects: common ardupilotmega ASLUAV AVSSUAS all csAirLink cubepilot development icarous loweheiser marsh paparazzi standard stemstudios storm32 uAvionix ualberta
[INFO] [1790585546.506344599] [uav3.mavros_router]: MAVROS Router started
[INFO] [1790585546.506506758] [uav3.mavros_node]: Starting mavros uas node
[INFO] [1790585546.714985052] [uav3.mavros_router]: Requested to add endpoint: type: 0, url: udp://:14542@127.0.0.1:14582
[INFO] [1790585546.727105961] [uav3.mavros_router]: Endpoint link[1000] created
[INFO] [1790585546.727365228] [uav3.mavros_router]: link[1000] opened successfully
[INFO] [1790585546.727387962] [uav3.mavros_router]: Requested to add endpoint: type: 2, url: /uas3
[INFO] [1790585546.727401954] [uav3.mavros_router]: Endpoint link[1001] created
[INFO] [1790585546.729873554] [uav3.mavros_router]: link[1000] detected remote address 3.1
[INFO] [1790585546.748702128] [uav3.mavros]: Plugin actuator_control ignored
[INFO] [1790585546.748775132] [uav3.mavros]: Plugin altitude ignored
[INFO] [1790585546.751042137] [uav3.mavros]: UAS Executor started, threads: 4
[INFO] [1790585546.794550457] [uav3.mavros_router]: link[1001] opened successfully
[INFO] [1790585546.954457784] [uav3.mavros]: Plugin command created
[INFO] [1790585546.954522815] [uav3.mavros]: Plugin command initialized
[INFO] [1790585546.954533744] [uav3.mavros]: Plugin ftp ignored
[INFO] [1790585546.954539469] [uav3.mavros]: Plugin geofence ignored
[INFO] [1790585547.214292385] [uav3.mavros]: Plugin global_position created
[INFO] [1790585547.214359866] [uav3.mavros]: Plugin global_position initialized
[INFO] [1790585547.214371908] [uav3.mavros]: Plugin home_position ignored
[INFO] [1790585547.214377369] [uav3.mavros]: Plugin imu ignored
[INFO] [1790585547.516720517] [uav3.mavros]: Plugin local_position created
[INFO] [1790585547.520138687] [uav3.mavros]: Plugin local_position initialized
[INFO] [1790585547.520453889] [uav3.mavros]: Plugin manual_control ignored
[INFO] [1790585547.520466309] [uav3.mavros]: Plugin nav_controller_output ignored
[INFO] [1790585547.520473597] [uav3.mavros]: Plugin param ignored
[INFO] [1790585547.520480070] [uav3.mavros]: Plugin rallypoint ignored
[INFO] [1790585547.520486245] [uav3.mavros]: Plugin rc_io ignored
[INFO] [1790585547.520492596] [uav3.mavros]: Plugin setpoint_accel ignored
[INFO] [1790585547.520505767] [uav3.mavros]: Plugin setpoint_attitude ignored
[INFO] [1790585547.520512447] [uav3.mavros]: Plugin setpoint_position ignored
[INFO] [1790585547.520518981] [uav3.mavros]: Plugin setpoint_raw ignored
[INFO] [1790585547.520525079] [uav3.mavros]: Plugin setpoint_trajectory ignored
[INFO] [1790585547.726564142] [uav3.mavros]: Plugin setpoint_velocity created
[INFO] [1790585547.726636603] [uav3.mavros]: Plugin setpoint_velocity initialized
[INFO] [1790585547.918200889] [uav3.mavros]: Plugin sys_status created
[INFO] [1790585547.918281487] [uav3.mavros]: Plugin sys_status initialized
[INFO] [1790585548.099823809] [uav3.mavros.time]: TM: Timesync mode: MAVLINK
[INFO] [1790585548.127850642] [uav3.mavros]: Plugin sys_time created
[INFO] [1790585548.127926680] [uav3.mavros]: Plugin sys_time initialized
[INFO] [1790585548.127939512] [uav3.mavros]: Plugin waypoint ignored
[INFO] [1790585548.127945786] [uav3.mavros]: Plugin wind_estimation ignored
[INFO] [1790585548.146233753] [uav3.mavros]: Built-in SIMD instructions: SSE, SSE2
[INFO] [1790585548.146288062] [uav3.mavros]: Built-in MAVLink package version: 2026.8.8
[INFO] [1790585548.146319891] [uav3.mavros]: Known MAVLink dialects: common ardupilotmega ASLUAV AVSSUAS all csAirLink cubepilot development icarous loweheiser marsh paparazzi standard stemstudios storm32 uAvionix ualberta
[INFO] [1790585548.146330803] [uav3.mavros]: MAVROS UAS via /uas3 started. MY ID 3.191, TARGET ID 3.1
[INFO] [1790585548.242800223] [uav3.mavros_router]: link[1001] detected remote address 3.191
[INFO] [1790585548.886138245] [uav3.mavros]: CON: Got HEARTBEAT, connected. FCU: PX4 Autopilot
[INFO] [1790585549.926308534] [uav3.mavros.sys]: VER: 3.1: Capabilities         0x000000000000e8ff
[INFO] [1790585549.926353077] [uav3.mavros.sys]: VER: 3.1: Flight software:     011200c0 (fca3df865a000000)
[INFO] [1790585549.926361213] [uav3.mavros.sys]: VER: 3.1: Middleware software: 011200c0 (fca3df865a000000)
[INFO] [1790585549.926366954] [uav3.mavros.sys]: VER: 3.1: OS software:         070000ff (17040b9f87cb1791)
[INFO] [1790585549.926372711] [uav3.mavros.sys]: VER: 3.1: Board hardware:      00000001
[INFO] [1790585549.926377847] [uav3.mavros.sys]: VER: 3.1: VID/PID:             0000:0000
[INFO] [1790585549.926383056] [uav3.mavros.sys]: VER: 3.1: UID:                 4954414c44494e51
[WARN] [1790585549.933524022] [uav3.mavros.cmd]: CMD: Unexpected command 512, result 0
[WARN] [1790585562.917095214] [uav3.mavros.sys]: FCU: UNK(8): EVENT 11047904 with args -0-0-0-0-0-128-0-0-0-176-122-127-128-176-122-127-128-0-0-0-0-0-0-0-0-0-0-0-0-0-0-0-0-0-0-0-0-0-0-0-
[INFO] [1790585562.917302803] [uav3.mavros.sys]: FCU: EVENT 377561 with args -8-0-0-0-20-0-0-0-0-0-0-0-0-0-0-0-0-0-0-0-0-0-0-0-0-0-0-0-0-0-0-0-0-0-0-0-0-0-0-0-
[WARN] [1790585562.917383749] [uav3.mavros.sys]: FCU: EVENT 453929 with args -255-255-255-255-7-0-0-0-0-0-0-0-0-0-0-0-0-0-0-0-0-0-0-0-0-0-0-0-0-0-0-0-0-0-0-0-0-0-0-0-
[INFO] [1790585562.917501922] [uav3.mavros.sys]: FCU: EVENT 6801787 with args -255-255-255-255-12-0-0-0-0-0-0-0-0-0-0-0-0-0-0-0-0-0-0-0-0-0-0-0-0-0-0-0-0-0-0-0-0-0-0-0-
[WARN] [1790585562.917658809] [uav3.mavros.sys]: FCU: UNK(8): EVENT 1914663 with args -0-10-13-2-56-0-0-0-0-0-0-0-0-0-0-0-0-0-0-0-0-0-0-0-0-0-0-0-0-0-0-0-0-0-0-0-0-0-0-0-
[WARN] [1790585563.707306848] [uav3.mavros.cmd]: CMD: Unexpected command 176, result 0
[INFO] [1790585564.458342077] [uav3.mavros.sys]: FCU: EVENT 9489139 with args -4-0-0-0-0-0-0-0-0-0-0-0-0-0-0-0-0-0-0-0-0-0-0-0-0-0-0-0-0-0-0-0-0-0-0-0-0-0-0-0-
[INFO] [1790585566.494089811] [uav3.mavros.sys]: FCU: EVENT 4277609 with args -0-0-0-0-0-0-0-0-0-0-0-0-0-0-0-0-0-0-0-0-0-0-0-0-0-0-0-0-0-0-0-0-0-0-0-0-0-0-0-0-
[WARN] [1790585817.568910162] [uav3.mavros.cmd]: CMD: Unexpected command 176, result 0
[INFO] [1790585850.871884926] [uav3.mavros.sys]: FCU: EVENT 9844908 with args -0-0-0-0-0-0-0-0-0-0-0-0-0-0-0-0-0-0-0-0-0-0-0-0-0-0-0-0-0-0-0-0-0-0-0-0-0-0-0-0-
[INFO] [1790585852.977316733] [uav3.mavros.sys]: FCU: EVENT 16017271 with args -6-0-0-0-0-0-0-0-0-0-0-0-0-0-0-0-0-0-0-0-0-0-0-0-0-0-0-0-0-0-0-0-0-0-0-0-0-0-0-0-
[WARN] [1790585856.645108230] [uav3.mavros.sys]: FCU: UNK(8): EVENT 11047904 with args -0-0-0-0-0-128-0-0-0-176-122-127-128-176-122-127-128-0-0-0-0-0-0-0-0-0-0-0-0-0-0-0-0-0-0-0-0-0-0-0-
[INFO] [1790585856.645214093] [uav3.mavros.sys]: FCU: EVENT 377561 with args -8-0-0-0-20-0-0-0-0-0-0-0-0-0-0-0-0-0-0-0-0-0-0-0-0-0-0-0-0-0-0-0-0-0-0-0-0-0-0-0-
[WARN] [1790585856.645447679] [uav3.mavros.sys]: FCU: EVENT 453929 with args -255-255-255-255-7-0-0-0-0-0-0-0-0-0-0-0-0-0-0-0-0-0-0-0-0-0-0-0-0-0-0-0-0-0-0-0-0-0-0-0-
[INFO] [1790585856.645491612] [uav3.mavros.sys]: FCU: EVENT 6801787 with args -255-255-255-255-12-0-0-0-0-0-0-0-0-0-0-0-0-0-0-0-0-0-0-0-0-0-0-0-0-0-0-0-0-0-0-0-0-0-0-0-
[WARN] [1790585856.645525672] [uav3.mavros.sys]: FCU: UNK(8): EVENT 1914663 with args -0-10-9-2-56-0-0-0-0-0-0-0-0-0-0-0-0-0-0-0-0-0-0-0-0-0-0-0-0-0-0-0-0-0-0-0-0-0-0-0-
[INFO] [1790585859.103843485] [rclcpp]: signal_handler(SIGINT/SIGTERM)
[WARN] [1790585859.106160425] [uav3.mavros]: UAS Executor terminated
