[INFO] [1790652386.880564032] [uav7.mavros_node]: Starting mavros_node container
[INFO] [1790652386.881201690] [uav7.mavros_node]: FCU URL: udp://:14546@127.0.0.1:14586
[INFO] [1790652386.881217473] [uav7.mavros_node]: GCS URL: 
[INFO] [1790652386.881224850] [uav7.mavros_node]: UAS Prefix: /uas7
[INFO] [1790652386.881231795] [uav7.mavros_node]: Starting mavros router node
[INFO] [1790652387.034360611] [uav7.mavros_router]: Built-in SIMD instructions: SSE, SSE2
[INFO] [1790652387.034401590] [uav7.mavros_router]: Built-in MAVLink package version: 2026.8.8
[INFO] [1790652387.034414442] [uav7.mavros_router]: Known MAVLink dialects: common ardupilotmega ASLUAV AVSSUAS all csAirLink cubepilot development icarous loweheiser marsh paparazzi standard stemstudios storm32 uAvionix ualberta
[INFO] [1790652387.034423396] [uav7.mavros_router]: MAVROS Router started
[INFO] [1790652387.039483229] [uav7.mavros_node]: Starting mavros uas node
[INFO] [1790652387.192746630] [uav7.mavros_router]: Requested to add endpoint: type: 0, url: udp://:14546@127.0.0.1:14586
[INFO] [1790652387.192830482] [uav7.mavros_router]: Endpoint link[1000] created
[INFO] [1790652387.197193372] [uav7.mavros_router]: link[1000] opened successfully
[INFO] [1790652387.197251285] [uav7.mavros_router]: Requested to add endpoint: type: 2, url: /uas7
[INFO] [1790652387.197278388] [uav7.mavros_router]: Endpoint link[1001] created
[INFO] [1790652387.204935526] [uav7.mavros_router]: link[1000] detected remote address 7.1
[INFO] [1790652387.210826743] [uav7.mavros]: Plugin actuator_control ignored
[INFO] [1790652387.219802213] [uav7.mavros]: Plugin altitude ignored
[INFO] [1790652387.211334044] [uav7.mavros]: UAS Executor started, threads: 4
[INFO] [1790652387.218362919] [uav7.mavros_router]: link[1001] opened successfully
[INFO] [1790652387.522127885] [uav7.mavros]: Plugin command created
[INFO] [1790652387.523166388] [uav7.mavros]: Plugin command initialized
[INFO] [1790652387.523223294] [uav7.mavros]: Plugin ftp ignored
[INFO] [1790652387.523850558] [uav7.mavros]: Plugin geofence ignored
[INFO] [1790652388.036861173] [uav7.mavros]: Plugin global_position created
[INFO] [1790652388.036944885] [uav7.mavros]: Plugin global_position initialized
[INFO] [1790652388.036965677] [uav7.mavros]: Plugin home_position ignored
[INFO] [1790652388.036974593] [uav7.mavros]: Plugin imu ignored
[INFO] [1790652388.822423254] [uav7.mavros]: Plugin local_position created
[INFO] [1790652388.822508963] [uav7.mavros]: Plugin local_position initialized
[INFO] [1790652388.822523976] [uav7.mavros]: Plugin manual_control ignored
[INFO] [1790652388.822533643] [uav7.mavros]: Plugin nav_controller_output ignored
[INFO] [1790652388.822542649] [uav7.mavros]: Plugin param ignored
[INFO] [1790652388.822551449] [uav7.mavros]: Plugin rallypoint ignored
[INFO] [1790652388.822560441] [uav7.mavros]: Plugin rc_io ignored
[INFO] [1790652388.822569413] [uav7.mavros]: Plugin setpoint_accel ignored
[INFO] [1790652388.822578178] [uav7.mavros]: Plugin setpoint_attitude ignored
[INFO] [1790652388.822587332] [uav7.mavros]: Plugin setpoint_position ignored
[INFO] [1790652388.822596415] [uav7.mavros]: Plugin setpoint_raw ignored
[INFO] [1790652388.822605507] [uav7.mavros]: Plugin setpoint_trajectory ignored
[INFO] [1790652389.593167812] [uav7.mavros]: Plugin setpoint_velocity created
[INFO] [1790652389.593238638] [uav7.mavros]: Plugin setpoint_velocity initialized
[INFO] [1790652390.248271186] [uav7.mavros]: Plugin sys_status created
[INFO] [1790652390.258721947] [uav7.mavros]: Plugin sys_status initialized
[INFO] [1790652390.430774993] [uav7.mavros.time]: TM: Timesync mode: MAVLINK
[INFO] [1790652390.528778668] [uav7.mavros]: Plugin sys_time created
[INFO] [1790652390.528832023] [uav7.mavros]: Plugin sys_time initialized
[INFO] [1790652390.528842327] [uav7.mavros]: Plugin waypoint ignored
[INFO] [1790652390.528849356] [uav7.mavros]: Plugin wind_estimation ignored
[INFO] [1790652390.547518972] [uav7.mavros]: Built-in SIMD instructions: SSE, SSE2
[INFO] [1790652390.547680561] [uav7.mavros]: Built-in MAVLink package version: 2026.8.8
[INFO] [1790652390.547729387] [uav7.mavros]: Known MAVLink dialects: common ardupilotmega ASLUAV AVSSUAS all csAirLink cubepilot development icarous loweheiser marsh paparazzi standard stemstudios storm32 uAvionix ualberta
[INFO] [1790652390.547742126] [uav7.mavros]: MAVROS UAS via /uas7 started. MY ID 7.191, TARGET ID 7.1
[INFO] [1790652390.626974596] [uav7.mavros_router]: link[1001] detected remote address 7.191
[INFO] [1790652390.732109190] [uav7.mavros]: CON: Got HEARTBEAT, connected. FCU: PX4 Autopilot
[INFO] [1790652391.800466953] [uav7.mavros.sys]: VER: 7.1: Capabilities         0x000000000000e8ff
[INFO] [1790652391.802186059] [uav7.mavros.sys]: VER: 7.1: Flight software:     011200c0 (fca3df865a000000)
[INFO] [1790652391.802203743] [uav7.mavros.sys]: VER: 7.1: Middleware software: 011200c0 (fca3df865a000000)
[INFO] [1790652391.802211337] [uav7.mavros.sys]: VER: 7.1: OS software:         070000ff (17040b9f87cb1791)
[INFO] [1790652391.802218790] [uav7.mavros.sys]: VER: 7.1: Board hardware:      00000001
[INFO] [1790652391.802226173] [uav7.mavros.sys]: VER: 7.1: VID/PID:             0000:0000
[INFO] [1790652391.802233807] [uav7.mavros.sys]: VER: 7.1: UID:                 4954414c44494e55
[WARN] [1790652391.802503773] [uav7.mavros.cmd]: CMD: Unexpected command 512, result 0
[WARN] [1790652404.971223091] [uav7.mavros.sys]: FCU: UNK(8): EVENT 11047904 with args -0-0-0-0-0-128-0-0-0-176-122-127-128-176-122-127-128-0-0-0-0-0-0-0-0-0-0-0-0-0-0-0-0-0-0-0-0-0-0-0-
[INFO] [1790652404.971328894] [uav7.mavros.sys]: FCU: EVENT 377561 with args -8-0-0-0-20-0-0-0-0-0-0-0-0-0-0-0-0-0-0-0-0-0-0-0-0-0-0-0-0-0-0-0-0-0-0-0-0-0-0-0-
[WARN] [1790652404.971397561] [uav7.mavros.sys]: FCU: EVENT 453929 with args -255-255-255-255-7-0-0-0-0-0-0-0-0-0-0-0-0-0-0-0-0-0-0-0-0-0-0-0-0-0-0-0-0-0-0-0-0-0-0-0-
[INFO] [1790652404.971434250] [uav7.mavros.sys]: FCU: EVENT 6801787 with args -255-255-255-255-12-0-0-0-0-0-0-0-0-0-0-0-0-0-0-0-0-0-0-0-0-0-0-0-0-0-0-0-0-0-0-0-0-0-0-0-
[WARN] [1790652404.972180154] [uav7.mavros.sys]: FCU: UNK(8): EVENT 1914663 with args -0-10-13-2-56-0-0-0-0-0-0-0-0-0-0-0-0-0-0-0-0-0-0-0-0-0-0-0-0-0-0-0-0-0-0-0-0-0-0-0-
[WARN] [1790652407.680550417] [uav7.mavros.cmd]: CMD: Unexpected command 176, result 0
[INFO] [1790652408.528031875] [uav7.mavros.sys]: FCU: EVENT 9489139 with args -4-0-0-0-0-0-0-0-0-0-0-0-0-0-0-0-0-0-0-0-0-0-0-0-0-0-0-0-0-0-0-0-0-0-0-0-0-0-0-0-
[INFO] [1790652410.397720632] [uav7.mavros.sys]: FCU: EVENT 4277609 with args -0-0-0-0-0-0-0-0-0-0-0-0-0-0-0-0-0-0-0-0-0-0-0-0-0-0-0-0-0-0-0-0-0-0-0-0-0-0-0-0-
[WARN] [1790652664.127318318] [uav7.mavros.cmd]: CMD: Unexpected command 176, result 0
[INFO] [1790652697.187464343] [uav7.mavros.sys]: FCU: EVENT 9844908 with args -0-0-0-0-0-0-0-0-0-0-0-0-0-0-0-0-0-0-0-0-0-0-0-0-0-0-0-0-0-0-0-0-0-0-0-0-0-0-0-0-
[INFO] [1790652699.329017662] [uav7.mavros.sys]: FCU: EVENT 16017271 with args -6-0-0-0-0-0-0-0-0-0-0-0-0-0-0-0-0-0-0-0-0-0-0-0-0-0-0-0-0-0-0-0-0-0-0-0-0-0-0-0-
[WARN] [1790652702.601860524] [uav7.mavros.sys]: FCU: UNK(8): EVENT 11047904 with args -0-0-0-0-0-128-0-0-0-176-122-127-128-176-122-127-128-0-0-0-0-0-0-0-0-0-0-0-0-0-0-0-0-0-0-0-0-0-0-0-
[INFO] [1790652702.601933325] [uav7.mavros.sys]: FCU: EVENT 377561 with args -8-0-0-0-20-0-0-0-0-0-0-0-0-0-0-0-0-0-0-0-0-0-0-0-0-0-0-0-0-0-0-0-0-0-0-0-0-0-0-0-
[WARN] [1790652702.602033435] [uav7.mavros.sys]: FCU: EVENT 453929 with args -255-255-255-255-7-0-0-0-0-0-0-0-0-0-0-0-0-0-0-0-0-0-0-0-0-0-0-0-0-0-0-0-0-0-0-0-0-0-0-0-
[INFO] [1790652702.602059926] [uav7.mavros.sys]: FCU: EVENT 6801787 with args -255-255-255-255-12-0-0-0-0-0-0-0-0-0-0-0-0-0-0-0-0-0-0-0-0-0-0-0-0-0-0-0-0-0-0-0-0-0-0-0-
[WARN] [1790652702.602138474] [uav7.mavros.sys]: FCU: UNK(8): EVENT 1914663 with args -0-10-9-2-56-0-0-0-0-0-0-0-0-0-0-0-0-0-0-0-0-0-0-0-0-0-0-0-0-0-0-0-0-0-0-0-0-0-0-0-
[INFO] [1790652718.894253228] [rclcpp]: signal_handler(SIGINT/SIGTERM)
[WARN] [1790652718.895375028] [uav7.mavros]: UAS Executor terminated
