[INFO] [1790652386.773718988] [uav5.mavros_node]: Starting mavros_node container
[INFO] [1790652386.775134175] [uav5.mavros_node]: FCU URL: udp://:14544@127.0.0.1:14584
[INFO] [1790652386.775171915] [uav5.mavros_node]: GCS URL: 
[INFO] [1790652386.775180948] [uav5.mavros_node]: UAS Prefix: /uas5
[INFO] [1790652386.775188497] [uav5.mavros_node]: Starting mavros router node
[INFO] [1790652386.865163545] [uav5.mavros_router]: Built-in SIMD instructions: SSE, SSE2
[INFO] [1790652386.865215050] [uav5.mavros_router]: Built-in MAVLink package version: 2026.8.8
[INFO] [1790652386.865228927] [uav5.mavros_router]: Known MAVLink dialects: common ardupilotmega ASLUAV AVSSUAS all csAirLink cubepilot development icarous loweheiser marsh paparazzi standard stemstudios storm32 uAvionix ualberta
[INFO] [1790652386.865238315] [uav5.mavros_router]: MAVROS Router started
[INFO] [1790652386.866672497] [uav5.mavros_node]: Starting mavros uas node
[INFO] [1790652387.193950473] [uav5.mavros_router]: Requested to add endpoint: type: 0, url: udp://:14544@127.0.0.1:14584
[INFO] [1790652387.194015277] [uav5.mavros_router]: Endpoint link[1000] created
[INFO] [1790652387.194379271] [uav5.mavros_router]: link[1000] opened successfully
[INFO] [1790652387.194409009] [uav5.mavros_router]: Requested to add endpoint: type: 2, url: /uas5
[INFO] [1790652387.194429449] [uav5.mavros_router]: Endpoint link[1001] created
[INFO] [1790652387.196416197] [uav5.mavros_router]: link[1000] detected remote address 5.1
[INFO] [1790652387.212575144] [uav5.mavros]: UAS Executor started, threads: 4
[INFO] [1790652387.212599181] [uav5.mavros]: Plugin actuator_control ignored
[INFO] [1790652387.224335502] [uav5.mavros]: Plugin altitude ignored
[INFO] [1790652387.276428670] [uav5.mavros_router]: link[1001] opened successfully
[INFO] [1790652387.409793523] [uav5.mavros]: Plugin command created
[INFO] [1790652387.409881920] [uav5.mavros]: Plugin command initialized
[INFO] [1790652387.409899487] [uav5.mavros]: Plugin ftp ignored
[INFO] [1790652387.409911428] [uav5.mavros]: Plugin geofence ignored
[INFO] [1790652387.862876414] [uav5.mavros]: Plugin global_position created
[INFO] [1790652387.863108088] [uav5.mavros]: Plugin global_position initialized
[INFO] [1790652387.863122784] [uav5.mavros]: Plugin home_position ignored
[INFO] [1790652387.863142759] [uav5.mavros]: Plugin imu ignored
[INFO] [1790652388.253819910] [uav5.mavros]: Plugin local_position created
[INFO] [1790652388.253899733] [uav5.mavros]: Plugin local_position initialized
[INFO] [1790652388.253914105] [uav5.mavros]: Plugin manual_control ignored
[INFO] [1790652388.253922807] [uav5.mavros]: Plugin nav_controller_output ignored
[INFO] [1790652388.253930650] [uav5.mavros]: Plugin param ignored
[INFO] [1790652388.253938645] [uav5.mavros]: Plugin rallypoint ignored
[INFO] [1790652388.253946090] [uav5.mavros]: Plugin rc_io ignored
[INFO] [1790652388.253953669] [uav5.mavros]: Plugin setpoint_accel ignored
[INFO] [1790652388.253961801] [uav5.mavros]: Plugin setpoint_attitude ignored
[INFO] [1790652388.253969595] [uav5.mavros]: Plugin setpoint_position ignored
[INFO] [1790652388.253977032] [uav5.mavros]: Plugin setpoint_raw ignored
[INFO] [1790652388.253991837] [uav5.mavros]: Plugin setpoint_trajectory ignored
[INFO] [1790652388.599569210] [uav5.mavros]: Plugin setpoint_velocity created
[INFO] [1790652388.599637090] [uav5.mavros]: Plugin setpoint_velocity initialized
[INFO] [1790652389.541099061] [uav5.mavros]: Plugin sys_status created
[INFO] [1790652389.541233613] [uav5.mavros]: Plugin sys_status initialized
[INFO] [1790652389.782089233] [uav5.mavros.time]: TM: Timesync mode: MAVLINK
[INFO] [1790652389.813838611] [uav5.mavros]: Plugin sys_time created
[INFO] [1790652389.813900812] [uav5.mavros]: Plugin sys_time initialized
[INFO] [1790652389.813914221] [uav5.mavros]: Plugin waypoint ignored
[INFO] [1790652389.813923672] [uav5.mavros]: Plugin wind_estimation ignored
[INFO] [1790652389.872276659] [uav5.mavros]: Built-in SIMD instructions: SSE, SSE2
[INFO] [1790652389.872335576] [uav5.mavros]: Built-in MAVLink package version: 2026.8.8
[INFO] [1790652389.872383747] [uav5.mavros]: Known MAVLink dialects: common ardupilotmega ASLUAV AVSSUAS all csAirLink cubepilot development icarous loweheiser marsh paparazzi standard stemstudios storm32 uAvionix ualberta
[INFO] [1790652389.872396220] [uav5.mavros]: MAVROS UAS via /uas5 started. MY ID 5.191, TARGET ID 5.1
[INFO] [1790652389.977748046] [uav5.mavros_router]: link[1001] detected remote address 5.191
[INFO] [1790652390.605418183] [uav5.mavros.sys]: VER: 5.1: Capabilities         0x000000000000e8ff
[INFO] [1790652390.605484787] [uav5.mavros.sys]: VER: 5.1: Flight software:     011200c0 (fca3df865a000000)
[INFO] [1790652390.605498699] [uav5.mavros.sys]: VER: 5.1: Middleware software: 011200c0 (fca3df865a000000)
[INFO] [1790652390.605508132] [uav5.mavros.sys]: VER: 5.1: OS software:         070000ff (17040b9f87cb1791)
[INFO] [1790652390.605516957] [uav5.mavros.sys]: VER: 5.1: Board hardware:      00000001
[INFO] [1790652390.605525059] [uav5.mavros.sys]: VER: 5.1: VID/PID:             0000:0000
[INFO] [1790652390.605532747] [uav5.mavros.sys]: VER: 5.1: UID:                 4954414c44494e53
[WARN] [1790652390.607707838] [uav5.mavros.cmd]: CMD: Unexpected command 512, result 0
[INFO] [1790652390.687516162] [uav5.mavros]: CON: Got HEARTBEAT, connected. FCU: PX4 Autopilot
[INFO] [1790652391.704439093] [uav5.mavros.sys]: VER: 5.1: Capabilities         0x000000000000e8ff
[INFO] [1790652391.704494925] [uav5.mavros.sys]: VER: 5.1: Flight software:     011200c0 (fca3df865a000000)
[INFO] [1790652391.704507205] [uav5.mavros.sys]: VER: 5.1: Middleware software: 011200c0 (fca3df865a000000)
[INFO] [1790652391.704515175] [uav5.mavros.sys]: VER: 5.1: OS software:         070000ff (17040b9f87cb1791)
[INFO] [1790652391.704522629] [uav5.mavros.sys]: VER: 5.1: Board hardware:      00000001
[INFO] [1790652391.704530305] [uav5.mavros.sys]: VER: 5.1: VID/PID:             0000:0000
[INFO] [1790652391.704538189] [uav5.mavros.sys]: VER: 5.1: UID:                 4954414c44494e53
[WARN] [1790652401.972087402] [uav5.mavros.sys]: FCU: UNK(8): EVENT 11047904 with args -0-0-0-0-0-128-0-0-0-176-122-127-128-176-122-127-128-0-0-0-0-0-0-0-0-0-0-0-0-0-0-0-0-0-0-0-0-0-0-0-
[INFO] [1790652401.972219858] [uav5.mavros.sys]: FCU: EVENT 377561 with args -8-0-0-0-20-0-0-0-0-0-0-0-0-0-0-0-0-0-0-0-0-0-0-0-0-0-0-0-0-0-0-0-0-0-0-0-0-0-0-0-
[WARN] [1790652401.972262035] [uav5.mavros.sys]: FCU: EVENT 453929 with args -255-255-255-255-7-0-0-0-0-0-0-0-0-0-0-0-0-0-0-0-0-0-0-0-0-0-0-0-0-0-0-0-0-0-0-0-0-0-0-0-
[INFO] [1790652401.974495534] [uav5.mavros.sys]: FCU: EVENT 6801787 with args -255-255-255-255-12-0-0-0-0-0-0-0-0-0-0-0-0-0-0-0-0-0-0-0-0-0-0-0-0-0-0-0-0-0-0-0-0-0-0-0-
[WARN] [1790652401.974619815] [uav5.mavros.sys]: FCU: UNK(8): EVENT 1914663 with args -0-10-13-2-56-0-0-0-0-0-0-0-0-0-0-0-0-0-0-0-0-0-0-0-0-0-0-0-0-0-0-0-0-0-0-0-0-0-0-0-
[WARN] [1790652407.702709082] [uav5.mavros.cmd]: CMD: Unexpected command 176, result 0
[INFO] [1790652408.288285147] [uav5.mavros.sys]: FCU: EVENT 9489139 with args -4-0-0-0-0-0-0-0-0-0-0-0-0-0-0-0-0-0-0-0-0-0-0-0-0-0-0-0-0-0-0-0-0-0-0-0-0-0-0-0-
[INFO] [1790652410.125377251] [uav5.mavros.sys]: FCU: EVENT 4277609 with args -0-0-0-0-0-0-0-0-0-0-0-0-0-0-0-0-0-0-0-0-0-0-0-0-0-0-0-0-0-0-0-0-0-0-0-0-0-0-0-0-
[WARN] [1790652664.137949121] [uav5.mavros.cmd]: CMD: Unexpected command 176, result 0
[INFO] [1790652696.780160653] [uav5.mavros.sys]: FCU: EVENT 9844908 with args -0-0-0-0-0-0-0-0-0-0-0-0-0-0-0-0-0-0-0-0-0-0-0-0-0-0-0-0-0-0-0-0-0-0-0-0-0-0-0-0-
[INFO] [1790652698.930887965] [uav5.mavros.sys]: FCU: EVENT 16017271 with args -6-0-0-0-0-0-0-0-0-0-0-0-0-0-0-0-0-0-0-0-0-0-0-0-0-0-0-0-0-0-0-0-0-0-0-0-0-0-0-0-
[WARN] [1790652702.505643912] [uav5.mavros.sys]: FCU: UNK(8): EVENT 11047904 with args -0-0-0-0-0-128-0-0-0-176-122-127-128-176-122-127-128-0-0-0-0-0-0-0-0-0-0-0-0-0-0-0-0-0-0-0-0-0-0-0-
[INFO] [1790652702.505721138] [uav5.mavros.sys]: FCU: EVENT 377561 with args -8-0-0-0-20-0-0-0-0-0-0-0-0-0-0-0-0-0-0-0-0-0-0-0-0-0-0-0-0-0-0-0-0-0-0-0-0-0-0-0-
[WARN] [1790652702.505826479] [uav5.mavros.sys]: FCU: EVENT 453929 with args -255-255-255-255-7-0-0-0-0-0-0-0-0-0-0-0-0-0-0-0-0-0-0-0-0-0-0-0-0-0-0-0-0-0-0-0-0-0-0-0-
[INFO] [1790652702.505858671] [uav5.mavros.sys]: FCU: EVENT 6801787 with args -255-255-255-255-12-0-0-0-0-0-0-0-0-0-0-0-0-0-0-0-0-0-0-0-0-0-0-0-0-0-0-0-0-0-0-0-0-0-0-0-
[WARN] [1790652702.505894376] [uav5.mavros.sys]: FCU: UNK(8): EVENT 1914663 with args -0-10-9-2-56-0-0-0-0-0-0-0-0-0-0-0-0-0-0-0-0-0-0-0-0-0-0-0-0-0-0-0-0-0-0-0-0-0-0-0-
[INFO] [1790652718.898780937] [rclcpp]: signal_handler(SIGINT/SIGTERM)
[WARN] [1790652718.903539315] [uav5.mavros]: UAS Executor terminated
