[INFO] [1790652386.873796487] [uav8.mavros_node]: Starting mavros_node container
[INFO] [1790652386.877871445] [uav8.mavros_node]: FCU URL: udp://:14547@127.0.0.1:14587
[INFO] [1790652386.877917734] [uav8.mavros_node]: GCS URL: 
[INFO] [1790652386.877925921] [uav8.mavros_node]: UAS Prefix: /uas8
[INFO] [1790652386.877958971] [uav8.mavros_node]: Starting mavros router node
[INFO] [1790652387.023054675] [uav8.mavros_router]: Built-in SIMD instructions: SSE, SSE2
[INFO] [1790652387.024285720] [uav8.mavros_router]: Built-in MAVLink package version: 2026.8.8
[INFO] [1790652387.024313790] [uav8.mavros_router]: Known MAVLink dialects: common ardupilotmega ASLUAV AVSSUAS all csAirLink cubepilot development icarous loweheiser marsh paparazzi standard stemstudios storm32 uAvionix ualberta
[INFO] [1790652387.024636312] [uav8.mavros_router]: MAVROS Router started
[INFO] [1790652387.025397853] [uav8.mavros_node]: Starting mavros uas node
[INFO] [1790652387.370928613] [uav8.mavros_router]: Requested to add endpoint: type: 0, url: udp://:14547@127.0.0.1:14587
[INFO] [1790652387.371007824] [uav8.mavros_router]: Endpoint link[1000] created
[INFO] [1790652387.371366335] [uav8.mavros_router]: link[1000] opened successfully
[INFO] [1790652387.371398937] [uav8.mavros_router]: Requested to add endpoint: type: 2, url: /uas8
[INFO] [1790652387.371418447] [uav8.mavros_router]: Endpoint link[1001] created
[INFO] [1790652387.374274910] [uav8.mavros_router]: link[1000] detected remote address 8.1
[INFO] [1790652387.393709163] [uav8.mavros]: Plugin actuator_control ignored
[INFO] [1790652387.393774584] [uav8.mavros]: Plugin altitude ignored
[INFO] [1790652387.393720166] [uav8.mavros]: UAS Executor started, threads: 4
[INFO] [1790652387.487591894] [uav8.mavros_router]: link[1001] opened successfully
[INFO] [1790652387.921067766] [uav8.mavros]: Plugin command created
[INFO] [1790652387.921151704] [uav8.mavros]: Plugin command initialized
[INFO] [1790652387.921165268] [uav8.mavros]: Plugin ftp ignored
[INFO] [1790652387.921174857] [uav8.mavros]: Plugin geofence ignored
[INFO] [1790652388.298029468] [uav8.mavros]: Plugin global_position created
[INFO] [1790652388.298111130] [uav8.mavros]: Plugin global_position initialized
[INFO] [1790652388.298126672] [uav8.mavros]: Plugin home_position ignored
[INFO] [1790652388.298134787] [uav8.mavros]: Plugin imu ignored
[INFO] [1790652388.716042960] [uav8.mavros]: Plugin local_position created
[INFO] [1790652388.716118044] [uav8.mavros]: Plugin local_position initialized
[INFO] [1790652388.716130539] [uav8.mavros]: Plugin manual_control ignored
[INFO] [1790652388.716139143] [uav8.mavros]: Plugin nav_controller_output ignored
[INFO] [1790652388.716147003] [uav8.mavros]: Plugin param ignored
[INFO] [1790652388.716154722] [uav8.mavros]: Plugin rallypoint ignored
[INFO] [1790652388.716162883] [uav8.mavros]: Plugin rc_io ignored
[INFO] [1790652388.716187466] [uav8.mavros]: Plugin setpoint_accel ignored
[INFO] [1790652388.716194956] [uav8.mavros]: Plugin setpoint_attitude ignored
[INFO] [1790652388.716202453] [uav8.mavros]: Plugin setpoint_position ignored
[INFO] [1790652388.716209797] [uav8.mavros]: Plugin setpoint_raw ignored
[INFO] [1790652388.716217320] [uav8.mavros]: Plugin setpoint_trajectory ignored
[INFO] [1790652389.338041658] [uav8.mavros]: Plugin setpoint_velocity created
[INFO] [1790652389.338130187] [uav8.mavros]: Plugin setpoint_velocity initialized
[INFO] [1790652390.137207308] [uav8.mavros]: Plugin sys_status created
[INFO] [1790652390.137308952] [uav8.mavros]: Plugin sys_status initialized
[INFO] [1790652390.498233780] [uav8.mavros.time]: TM: Timesync mode: MAVLINK
[INFO] [1790652390.588300752] [uav8.mavros]: Plugin sys_time created
[INFO] [1790652390.588379147] [uav8.mavros]: Plugin sys_time initialized
[INFO] [1790652390.588392734] [uav8.mavros]: Plugin waypoint ignored
[INFO] [1790652390.588400700] [uav8.mavros]: Plugin wind_estimation ignored
[INFO] [1790652390.776336527] [uav8.mavros_router]: link[1001] detected remote address 8.191
[INFO] [1790652390.832802830] [uav8.mavros]: Built-in SIMD instructions: SSE, SSE2
[INFO] [1790652390.832891490] [uav8.mavros]: Built-in MAVLink package version: 2026.8.8
[INFO] [1790652390.832901231] [uav8.mavros]: Known MAVLink dialects: common ardupilotmega ASLUAV AVSSUAS all csAirLink cubepilot development icarous loweheiser marsh paparazzi standard stemstudios storm32 uAvionix ualberta
[INFO] [1790652390.832910358] [uav8.mavros]: MAVROS UAS via /uas8 started. MY ID 8.191, TARGET ID 8.1
[INFO] [1790652391.199494226] [uav8.mavros.sys]: VER: 8.1: Capabilities         0x000000000000e8ff
[INFO] [1790652391.199559675] [uav8.mavros.sys]: VER: 8.1: Flight software:     011200c0 (fca3df865a000000)
[INFO] [1790652391.199569035] [uav8.mavros.sys]: VER: 8.1: Middleware software: 011200c0 (fca3df865a000000)
[INFO] [1790652391.199576417] [uav8.mavros.sys]: VER: 8.1: OS software:         070000ff (17040b9f87cb1791)
[INFO] [1790652391.199583364] [uav8.mavros.sys]: VER: 8.1: Board hardware:      00000001
[INFO] [1790652391.199589780] [uav8.mavros.sys]: VER: 8.1: VID/PID:             0000:0000
[INFO] [1790652391.199596562] [uav8.mavros.sys]: VER: 8.1: UID:                 4954414c44494e56
[WARN] [1790652391.199642636] [uav8.mavros.cmd]: CMD: Unexpected command 512, result 0
[INFO] [1790652391.785397273] [uav8.mavros]: CON: Got HEARTBEAT, connected. FCU: PX4 Autopilot
[INFO] [1790652392.876230695] [uav8.mavros.sys]: VER: 8.1: Capabilities         0x000000000000e8ff
[INFO] [1790652392.876302294] [uav8.mavros.sys]: VER: 8.1: Flight software:     011200c0 (fca3df865a000000)
[INFO] [1790652392.876315198] [uav8.mavros.sys]: VER: 8.1: Middleware software: 011200c0 (fca3df865a000000)
[INFO] [1790652392.876322741] [uav8.mavros.sys]: VER: 8.1: OS software:         070000ff (17040b9f87cb1791)
[INFO] [1790652392.876330334] [uav8.mavros.sys]: VER: 8.1: Board hardware:      00000001
[INFO] [1790652392.876337591] [uav8.mavros.sys]: VER: 8.1: VID/PID:             0000:0000
[INFO] [1790652392.876345188] [uav8.mavros.sys]: VER: 8.1: UID:                 4954414c44494e56
[WARN] [1790652404.469190167] [uav8.mavros.sys]: FCU: UNK(8): EVENT 11047904 with args -0-0-0-0-0-128-0-0-0-176-122-127-128-176-122-127-128-0-0-0-0-0-0-0-0-0-0-0-0-0-0-0-0-0-0-0-0-0-0-0-
[INFO] [1790652404.469283876] [uav8.mavros.sys]: FCU: EVENT 377561 with args -8-0-0-0-20-0-0-0-0-0-0-0-0-0-0-0-0-0-0-0-0-0-0-0-0-0-0-0-0-0-0-0-0-0-0-0-0-0-0-0-
[WARN] [1790652404.469328001] [uav8.mavros.sys]: FCU: EVENT 453929 with args -255-255-255-255-7-0-0-0-0-0-0-0-0-0-0-0-0-0-0-0-0-0-0-0-0-0-0-0-0-0-0-0-0-0-0-0-0-0-0-0-
[INFO] [1790652404.469535191] [uav8.mavros.sys]: FCU: EVENT 6801787 with args -255-255-255-255-12-0-0-0-0-0-0-0-0-0-0-0-0-0-0-0-0-0-0-0-0-0-0-0-0-0-0-0-0-0-0-0-0-0-0-0-
[WARN] [1790652404.469575042] [uav8.mavros.sys]: FCU: UNK(8): EVENT 1914663 with args -0-10-13-2-56-0-0-0-0-0-0-0-0-0-0-0-0-0-0-0-0-0-0-0-0-0-0-0-0-0-0-0-0-0-0-0-0-0-0-0-
[WARN] [1790652407.666441772] [uav8.mavros.cmd]: CMD: Unexpected command 176, result 0
[INFO] [1790652408.757253632] [uav8.mavros.sys]: FCU: EVENT 9489139 with args -4-0-0-0-0-0-0-0-0-0-0-0-0-0-0-0-0-0-0-0-0-0-0-0-0-0-0-0-0-0-0-0-0-0-0-0-0-0-0-0-
[INFO] [1790652410.648279758] [uav8.mavros.sys]: FCU: EVENT 4277609 with args -0-0-0-0-0-0-0-0-0-0-0-0-0-0-0-0-0-0-0-0-0-0-0-0-0-0-0-0-0-0-0-0-0-0-0-0-0-0-0-0-
[WARN] [1790652664.152199303] [uav8.mavros.cmd]: CMD: Unexpected command 176, result 0
[INFO] [1790652698.490777103] [uav8.mavros.sys]: FCU: EVENT 9844908 with args -0-0-0-0-0-0-0-0-0-0-0-0-0-0-0-0-0-0-0-0-0-0-0-0-0-0-0-0-0-0-0-0-0-0-0-0-0-0-0-0-
[INFO] [1790652700.641781229] [uav8.mavros.sys]: FCU: EVENT 16017271 with args -6-0-0-0-0-0-0-0-0-0-0-0-0-0-0-0-0-0-0-0-0-0-0-0-0-0-0-0-0-0-0-0-0-0-0-0-0-0-0-0-
[WARN] [1790652704.998927826] [uav8.mavros.sys]: FCU: UNK(8): EVENT 11047904 with args -0-0-0-0-0-128-0-0-0-176-122-127-128-176-122-127-128-0-0-0-0-0-0-0-0-0-0-0-0-0-0-0-0-0-0-0-0-0-0-0-
[INFO] [1790652704.999007805] [uav8.mavros.sys]: FCU: EVENT 377561 with args -8-0-0-0-20-0-0-0-0-0-0-0-0-0-0-0-0-0-0-0-0-0-0-0-0-0-0-0-0-0-0-0-0-0-0-0-0-0-0-0-
[WARN] [1790652704.999088089] [uav8.mavros.sys]: FCU: EVENT 453929 with args -255-255-255-255-7-0-0-0-0-0-0-0-0-0-0-0-0-0-0-0-0-0-0-0-0-0-0-0-0-0-0-0-0-0-0-0-0-0-0-0-
[INFO] [1790652704.999194693] [uav8.mavros.sys]: FCU: EVENT 6801787 with args -255-255-255-255-12-0-0-0-0-0-0-0-0-0-0-0-0-0-0-0-0-0-0-0-0-0-0-0-0-0-0-0-0-0-0-0-0-0-0-0-
[WARN] [1790652704.999217376] [uav8.mavros.sys]: FCU: UNK(8): EVENT 1914663 with args -0-10-9-2-56-0-0-0-0-0-0-0-0-0-0-0-0-0-0-0-0-0-0-0-0-0-0-0-0-0-0-0-0-0-0-0-0-0-0-0-
[INFO] [1790652718.894404333] [rclcpp]: signal_handler(SIGINT/SIGTERM)
[WARN] [1790652718.897360599] [uav8.mavros]: UAS Executor terminated
