[INFO] [1790606191.614275527] [uav7.mavros_node]: Starting mavros_node container
[INFO] [1790606191.615270060] [uav7.mavros_node]: FCU URL: udp://:14546@127.0.0.1:14586
[INFO] [1790606191.615297955] [uav7.mavros_node]: GCS URL: 
[INFO] [1790606191.615348696] [uav7.mavros_node]: UAS Prefix: /uas7
[INFO] [1790606191.615353585] [uav7.mavros_node]: Starting mavros router node
[INFO] [1790606191.641324050] [uav7.mavros_router]: Built-in SIMD instructions: SSE, SSE2
[INFO] [1790606191.641372647] [uav7.mavros_router]: Built-in MAVLink package version: 2026.8.8
[INFO] [1790606191.641381683] [uav7.mavros_router]: Known MAVLink dialects: common ardupilotmega ASLUAV AVSSUAS all csAirLink cubepilot development icarous loweheiser marsh paparazzi standard stemstudios storm32 uAvionix ualberta
[INFO] [1790606191.641388012] [uav7.mavros_router]: MAVROS Router started
[INFO] [1790606191.641567164] [uav7.mavros_node]: Starting mavros uas node
[INFO] [1790606191.711250113] [uav7.mavros_router]: Requested to add endpoint: type: 0, url: udp://:14546@127.0.0.1:14586
[INFO] [1790606191.784888285] [uav7.mavros_router]: Endpoint link[1000] created
[INFO] [1790606191.721435116] [uav7.mavros]: UAS Executor started, threads: 4
[INFO] [1790606191.785182676] [uav7.mavros_router]: link[1000] opened successfully
[INFO] [1790606191.785213695] [uav7.mavros_router]: Requested to add endpoint: type: 2, url: /uas7
[INFO] [1790606191.785229812] [uav7.mavros_router]: Endpoint link[1001] created
[INFO] [1790606191.721449436] [uav7.mavros]: Plugin actuator_control ignored
[INFO] [1790606191.785616240] [uav7.mavros]: Plugin altitude ignored
[INFO] [1790606191.789608817] [uav7.mavros_router]: link[1001] opened successfully
[INFO] [1790606191.791629101] [uav7.mavros_router]: link[1000] detected remote address 7.1
[INFO] [1790606191.858026561] [uav7.mavros]: Plugin command created
[INFO] [1790606191.869069996] [uav7.mavros]: Plugin command initialized
[INFO] [1790606191.869088049] [uav7.mavros]: Plugin ftp ignored
[INFO] [1790606191.869094038] [uav7.mavros]: Plugin geofence ignored
[INFO] [1790606191.965148250] [uav7.mavros]: Plugin global_position created
[INFO] [1790606191.965214251] [uav7.mavros]: Plugin global_position initialized
[INFO] [1790606191.965226405] [uav7.mavros]: Plugin home_position ignored
[INFO] [1790606191.965232471] [uav7.mavros]: Plugin imu ignored
[INFO] [1790606192.063062542] [uav7.mavros]: Plugin local_position created
[INFO] [1790606192.071049704] [uav7.mavros]: Plugin local_position initialized
[INFO] [1790606192.071066372] [uav7.mavros]: Plugin manual_control ignored
[INFO] [1790606192.071071764] [uav7.mavros]: Plugin nav_controller_output ignored
[INFO] [1790606192.071076744] [uav7.mavros]: Plugin param ignored
[INFO] [1790606192.071081739] [uav7.mavros]: Plugin rallypoint ignored
[INFO] [1790606192.071086264] [uav7.mavros]: Plugin rc_io ignored
[INFO] [1790606192.071091653] [uav7.mavros]: Plugin setpoint_accel ignored
[INFO] [1790606192.071096586] [uav7.mavros]: Plugin setpoint_attitude ignored
[INFO] [1790606192.071101738] [uav7.mavros]: Plugin setpoint_position ignored
[INFO] [1790606192.071106665] [uav7.mavros]: Plugin setpoint_raw ignored
[INFO] [1790606192.071111799] [uav7.mavros]: Plugin setpoint_trajectory ignored
[INFO] [1790606192.234401884] [uav7.mavros]: Plugin setpoint_velocity created
[INFO] [1790606192.234461012] [uav7.mavros]: Plugin setpoint_velocity initialized
[INFO] [1790606192.392194719] [uav7.mavros]: Plugin sys_status created
[INFO] [1790606192.392271429] [uav7.mavros]: Plugin sys_status initialized
[INFO] [1790606192.492743919] [uav7.mavros.time]: TM: Timesync mode: MAVLINK
[INFO] [1790606192.506870349] [uav7.mavros]: Plugin sys_time created
[INFO] [1790606192.506923679] [uav7.mavros]: Plugin sys_time initialized
[INFO] [1790606192.506934037] [uav7.mavros]: Plugin waypoint ignored
[INFO] [1790606192.506939814] [uav7.mavros]: Plugin wind_estimation ignored
[INFO] [1790606192.529238897] [uav7.mavros]: Built-in SIMD instructions: SSE, SSE2
[INFO] [1790606192.529286334] [uav7.mavros]: Built-in MAVLink package version: 2026.8.8
[INFO] [1790606192.529328248] [uav7.mavros]: Known MAVLink dialects: common ardupilotmega ASLUAV AVSSUAS all csAirLink cubepilot development icarous loweheiser marsh paparazzi standard stemstudios storm32 uAvionix ualberta
[INFO] [1790606192.529336365] [uav7.mavros]: MAVROS UAS via /uas7 started. MY ID 7.191, TARGET ID 7.1
[INFO] [1790606192.544539841] [uav7.mavros_router]: link[1001] detected remote address 7.191
[INFO] [1790606192.986421446] [uav7.mavros]: CON: Got HEARTBEAT, connected. FCU: PX4 Autopilot
[INFO] [1790606194.054665570] [uav7.mavros.sys]: VER: 7.1: Capabilities         0x000000000000e8ff
[INFO] [1790606194.059858829] [uav7.mavros.sys]: VER: 7.1: Flight software:     011200c0 (fca3df865a000000)
[INFO] [1790606194.059872574] [uav7.mavros.sys]: VER: 7.1: Middleware software: 011200c0 (fca3df865a000000)
[INFO] [1790606194.059877660] [uav7.mavros.sys]: VER: 7.1: OS software:         070000ff (17040b9f87cb1791)
[INFO] [1790606194.059881961] [uav7.mavros.sys]: VER: 7.1: Board hardware:      00000001
[INFO] [1790606194.059886782] [uav7.mavros.sys]: VER: 7.1: VID/PID:             0000:0000
[INFO] [1790606194.059891692] [uav7.mavros.sys]: VER: 7.1: UID:                 4954414c44494e55
[WARN] [1790606194.061641276] [uav7.mavros.cmd]: CMD: Unexpected command 512, result 0
[WARN] [1790606203.190731689] [uav7.mavros.sys]: FCU: UNK(8): EVENT 11047904 with args -0-0-0-0-0-128-0-0-0-176-122-127-128-176-122-127-128-0-0-0-0-0-0-0-0-0-0-0-0-0-0-0-0-0-0-0-0-0-0-0-
[INFO] [1790606203.190833993] [uav7.mavros.sys]: FCU: EVENT 377561 with args -8-0-0-0-20-0-0-0-0-0-0-0-0-0-0-0-0-0-0-0-0-0-0-0-0-0-0-0-0-0-0-0-0-0-0-0-0-0-0-0-
[WARN] [1790606203.191059320] [uav7.mavros.sys]: FCU: EVENT 453929 with args -255-255-255-255-7-0-0-0-0-0-0-0-0-0-0-0-0-0-0-0-0-0-0-0-0-0-0-0-0-0-0-0-0-0-0-0-0-0-0-0-
[INFO] [1790606203.191269958] [uav7.mavros.sys]: FCU: EVENT 6801787 with args -255-255-255-255-12-0-0-0-0-0-0-0-0-0-0-0-0-0-0-0-0-0-0-0-0-0-0-0-0-0-0-0-0-0-0-0-0-0-0-0-
[WARN] [1790606203.192563763] [uav7.mavros.sys]: FCU: UNK(8): EVENT 1914663 with args -0-10-13-2-56-0-0-0-0-0-0-0-0-0-0-0-0-0-0-0-0-0-0-0-0-0-0-0-0-0-0-0-0-0-0-0-0-0-0-0-
[WARN] [1790606208.899461737] [uav7.mavros.cmd]: CMD: Unexpected command 176, result 0
[INFO] [1790606209.549874780] [uav7.mavros.sys]: FCU: EVENT 9489139 with args -4-0-0-0-0-0-0-0-0-0-0-0-0-0-0-0-0-0-0-0-0-0-0-0-0-0-0-0-0-0-0-0-0-0-0-0-0-0-0-0-
[INFO] [1790606211.290799680] [uav7.mavros.sys]: FCU: EVENT 4277609 with args -0-0-0-0-0-0-0-0-0-0-0-0-0-0-0-0-0-0-0-0-0-0-0-0-0-0-0-0-0-0-0-0-0-0-0-0-0-0-0-0-
[WARN] [1790606457.946510076] [uav7.mavros.cmd]: CMD: Unexpected command 176, result 0
[INFO] [1790606489.208831680] [uav7.mavros.sys]: FCU: EVENT 9844908 with args -0-0-0-0-0-0-0-0-0-0-0-0-0-0-0-0-0-0-0-0-0-0-0-0-0-0-0-0-0-0-0-0-0-0-0-0-0-0-0-0-
[INFO] [1790606491.278098585] [uav7.mavros.sys]: FCU: EVENT 16017271 with args -6-0-0-0-0-0-0-0-0-0-0-0-0-0-0-0-0-0-0-0-0-0-0-0-0-0-0-0-0-0-0-0-0-0-0-0-0-0-0-0-
[WARN] [1790606494.888066834] [uav7.mavros.sys]: FCU: UNK(8): EVENT 11047904 with args -0-0-0-0-0-128-0-0-0-176-122-127-128-176-122-127-128-0-0-0-0-0-0-0-0-0-0-0-0-0-0-0-0-0-0-0-0-0-0-0-
[INFO] [1790606494.888197485] [uav7.mavros.sys]: FCU: EVENT 377561 with args -8-0-0-0-20-0-0-0-0-0-0-0-0-0-0-0-0-0-0-0-0-0-0-0-0-0-0-0-0-0-0-0-0-0-0-0-0-0-0-0-
[WARN] [1790606494.888244300] [uav7.mavros.sys]: FCU: EVENT 453929 with args -255-255-255-255-7-0-0-0-0-0-0-0-0-0-0-0-0-0-0-0-0-0-0-0-0-0-0-0-0-0-0-0-0-0-0-0-0-0-0-0-
[INFO] [1790606494.888280632] [uav7.mavros.sys]: FCU: EVENT 6801787 with args -255-255-255-255-12-0-0-0-0-0-0-0-0-0-0-0-0-0-0-0-0-0-0-0-0-0-0-0-0-0-0-0-0-0-0-0-0-0-0-0-
[WARN] [1790606494.888314265] [uav7.mavros.sys]: FCU: UNK(8): EVENT 1914663 with args -0-10-9-2-56-0-0-0-0-0-0-0-0-0-0-0-0-0-0-0-0-0-0-0-0-0-0-0-0-0-0-0-0-0-0-0-0-0-0-0-
[INFO] [1790606496.207345641] [rclcpp]: signal_handler(SIGINT/SIGTERM)
[WARN] [1790606496.209900107] [uav7.mavros]: UAS Executor terminated
