[INFO] [1790606191.504707582] [uav2.mavros_node]: Starting mavros_node container
[INFO] [1790606191.504875003] [uav2.mavros_node]: FCU URL: udp://:14541@127.0.0.1:14581
[INFO] [1790606191.504883829] [uav2.mavros_node]: GCS URL: 
[INFO] [1790606191.504888975] [uav2.mavros_node]: UAS Prefix: /uas2
[INFO] [1790606191.504893859] [uav2.mavros_node]: Starting mavros router node
[INFO] [1790606191.526671161] [uav2.mavros_router]: Built-in SIMD instructions: SSE, SSE2
[INFO] [1790606191.526726960] [uav2.mavros_router]: Built-in MAVLink package version: 2026.8.8
[INFO] [1790606191.526736174] [uav2.mavros_router]: Known MAVLink dialects: common ardupilotmega ASLUAV AVSSUAS all csAirLink cubepilot development icarous loweheiser marsh paparazzi standard stemstudios storm32 uAvionix ualberta
[INFO] [1790606191.526741747] [uav2.mavros_router]: MAVROS Router started
[INFO] [1790606191.527073195] [uav2.mavros_node]: Starting mavros uas node
[INFO] [1790606191.950625211] [uav2.mavros_router]: Requested to add endpoint: type: 0, url: udp://:14541@127.0.0.1:14581
[INFO] [1790606191.950983953] [uav2.mavros_router]: Endpoint link[1000] created
[INFO] [1790606191.953775906] [uav2.mavros_router]: link[1000] opened successfully
[INFO] [1790606191.953826295] [uav2.mavros_router]: Requested to add endpoint: type: 2, url: /uas2
[INFO] [1790606191.953846935] [uav2.mavros_router]: Endpoint link[1001] created
[INFO] [1790606191.956424762] [uav2.mavros_router]: link[1000] detected remote address 2.1
[INFO] [1790606191.967694320] [uav2.mavros]: Plugin actuator_control ignored
[INFO] [1790606191.967747432] [uav2.mavros]: Plugin altitude ignored
[INFO] [1790606191.967784720] [uav2.mavros]: UAS Executor started, threads: 4
[INFO] [1790606192.095513364] [uav2.mavros_router]: link[1001] opened successfully
[INFO] [1790606192.284954088] [uav2.mavros]: Plugin command created
[INFO] [1790606192.286513904] [uav2.mavros]: Plugin command initialized
[INFO] [1790606192.286562838] [uav2.mavros]: Plugin ftp ignored
[INFO] [1790606192.286569370] [uav2.mavros]: Plugin geofence ignored
[INFO] [1790606192.554682538] [uav2.mavros]: Plugin global_position created
[INFO] [1790606192.577592484] [uav2.mavros]: Plugin global_position initialized
[INFO] [1790606192.577614020] [uav2.mavros]: Plugin home_position ignored
[INFO] [1790606192.577619849] [uav2.mavros]: Plugin imu ignored
[INFO] [1790606192.837681721] [uav2.mavros]: Plugin local_position created
[INFO] [1790606192.837736666] [uav2.mavros]: Plugin local_position initialized
[INFO] [1790606192.837747155] [uav2.mavros]: Plugin manual_control ignored
[INFO] [1790606192.837753313] [uav2.mavros]: Plugin nav_controller_output ignored
[INFO] [1790606192.837758445] [uav2.mavros]: Plugin param ignored
[INFO] [1790606192.837763434] [uav2.mavros]: Plugin rallypoint ignored
[INFO] [1790606192.837768052] [uav2.mavros]: Plugin rc_io ignored
[INFO] [1790606192.837772804] [uav2.mavros]: Plugin setpoint_accel ignored
[INFO] [1790606192.837777492] [uav2.mavros]: Plugin setpoint_attitude ignored
[INFO] [1790606192.837782245] [uav2.mavros]: Plugin setpoint_position ignored
[INFO] [1790606192.837786787] [uav2.mavros]: Plugin setpoint_raw ignored
[INFO] [1790606192.837791710] [uav2.mavros]: Plugin setpoint_trajectory ignored
[INFO] [1790606192.886302486] [uav2.mavros]: Plugin setpoint_velocity created
[INFO] [1790606192.895700348] [uav2.mavros]: Plugin setpoint_velocity initialized
[INFO] [1790606193.007989617] [uav2.mavros]: Plugin sys_status created
[INFO] [1790606193.018328833] [uav2.mavros]: Plugin sys_status initialized
[INFO] [1790606193.114225613] [uav2.mavros.time]: TM: Timesync mode: MAVLINK
[INFO] [1790606193.129496937] [uav2.mavros]: Plugin sys_time created
[INFO] [1790606193.130249669] [uav2.mavros]: Plugin sys_time initialized
[INFO] [1790606193.130275933] [uav2.mavros]: Plugin waypoint ignored
[INFO] [1790606193.130281535] [uav2.mavros]: Plugin wind_estimation ignored
[INFO] [1790606193.160197336] [uav2.mavros]: Built-in SIMD instructions: SSE, SSE2
[INFO] [1790606193.160228198] [uav2.mavros]: Built-in MAVLink package version: 2026.8.8
[INFO] [1790606193.160676647] [uav2.mavros]: Known MAVLink dialects: common ardupilotmega ASLUAV AVSSUAS all csAirLink cubepilot development icarous loweheiser marsh paparazzi standard stemstudios storm32 uAvionix ualberta
[INFO] [1790606193.160693101] [uav2.mavros]: MAVROS UAS via /uas2 started. MY ID 2.191, TARGET ID 2.1
[INFO] [1790606193.252875913] [uav2.mavros_router]: link[1001] detected remote address 2.191
[INFO] [1790606194.002097225] [uav2.mavros]: CON: Got HEARTBEAT, connected. FCU: PX4 Autopilot
[INFO] [1790606195.041761460] [uav2.mavros.sys]: VER: 2.1: Capabilities         0x000000000000e8ff
[INFO] [1790606195.041821405] [uav2.mavros.sys]: VER: 2.1: Flight software:     011200c0 (fca3df865a000000)
[INFO] [1790606195.041829576] [uav2.mavros.sys]: VER: 2.1: Middleware software: 011200c0 (fca3df865a000000)
[INFO] [1790606195.041834897] [uav2.mavros.sys]: VER: 2.1: OS software:         070000ff (17040b9f87cb1791)
[INFO] [1790606195.041839968] [uav2.mavros.sys]: VER: 2.1: Board hardware:      00000001
[INFO] [1790606195.041845068] [uav2.mavros.sys]: VER: 2.1: VID/PID:             0000:0000
[INFO] [1790606195.041850343] [uav2.mavros.sys]: VER: 2.1: UID:                 4954414c44494e50
[WARN] [1790606195.044577270] [uav2.mavros.cmd]: CMD: Unexpected command 512, result 0
[WARN] [1790606205.113317295] [uav2.mavros.sys]: FCU: UNK(8): EVENT 11047904 with args -0-0-0-0-0-128-0-0-0-176-122-127-128-176-122-127-128-0-0-0-0-0-0-0-0-0-0-0-0-0-0-0-0-0-0-0-0-0-0-0-
[INFO] [1790606205.113409669] [uav2.mavros.sys]: FCU: EVENT 377561 with args -8-0-0-0-20-0-0-0-0-0-0-0-0-0-0-0-0-0-0-0-0-0-0-0-0-0-0-0-0-0-0-0-0-0-0-0-0-0-0-0-
[WARN] [1790606205.113470653] [uav2.mavros.sys]: FCU: EVENT 453929 with args -255-255-255-255-7-0-0-0-0-0-0-0-0-0-0-0-0-0-0-0-0-0-0-0-0-0-0-0-0-0-0-0-0-0-0-0-0-0-0-0-
[INFO] [1790606205.113511930] [uav2.mavros.sys]: FCU: EVENT 6801787 with args -255-255-255-255-12-0-0-0-0-0-0-0-0-0-0-0-0-0-0-0-0-0-0-0-0-0-0-0-0-0-0-0-0-0-0-0-0-0-0-0-
[WARN] [1790606205.113551201] [uav2.mavros.sys]: FCU: UNK(8): EVENT 1914663 with args -0-10-13-2-56-0-0-0-0-0-0-0-0-0-0-0-0-0-0-0-0-0-0-0-0-0-0-0-0-0-0-0-0-0-0-0-0-0-0-0-
[WARN] [1790606208.412177251] [uav2.mavros.cmd]: CMD: Unexpected command 176, result 0
[INFO] [1790606209.462419674] [uav2.mavros.sys]: FCU: EVENT 9489139 with args -4-0-0-0-0-0-0-0-0-0-0-0-0-0-0-0-0-0-0-0-0-0-0-0-0-0-0-0-0-0-0-0-0-0-0-0-0-0-0-0-
[INFO] [1790606211.470905326] [uav2.mavros.sys]: FCU: EVENT 4277609 with args -0-0-0-0-0-0-0-0-0-0-0-0-0-0-0-0-0-0-0-0-0-0-0-0-0-0-0-0-0-0-0-0-0-0-0-0-0-0-0-0-
[WARN] [1790606457.508703931] [uav2.mavros.cmd]: CMD: Unexpected command 176, result 0
[INFO] [1790606487.928605955] [uav2.mavros.sys]: FCU: EVENT 9844908 with args -0-0-0-0-0-0-0-0-0-0-0-0-0-0-0-0-0-0-0-0-0-0-0-0-0-0-0-0-0-0-0-0-0-0-0-0-0-0-0-0-
[INFO] [1790606489.996713576] [uav2.mavros.sys]: FCU: EVENT 16017271 with args -6-0-0-0-0-0-0-0-0-0-0-0-0-0-0-0-0-0-0-0-0-0-0-0-0-0-0-0-0-0-0-0-0-0-0-0-0-0-0-0-
[WARN] [1790606493.900417550] [uav2.mavros.sys]: FCU: UNK(8): EVENT 11047904 with args -0-0-0-0-0-128-0-0-0-176-122-127-128-176-122-127-128-0-0-0-0-0-0-0-0-0-0-0-0-0-0-0-0-0-0-0-0-0-0-0-
[INFO] [1790606493.901447480] [uav2.mavros.sys]: FCU: EVENT 377561 with args -8-0-0-0-20-0-0-0-0-0-0-0-0-0-0-0-0-0-0-0-0-0-0-0-0-0-0-0-0-0-0-0-0-0-0-0-0-0-0-0-
[WARN] [1790606493.901538688] [uav2.mavros.sys]: FCU: EVENT 453929 with args -255-255-255-255-7-0-0-0-0-0-0-0-0-0-0-0-0-0-0-0-0-0-0-0-0-0-0-0-0-0-0-0-0-0-0-0-0-0-0-0-
[INFO] [1790606493.901562900] [uav2.mavros.sys]: FCU: EVENT 6801787 with args -255-255-255-255-12-0-0-0-0-0-0-0-0-0-0-0-0-0-0-0-0-0-0-0-0-0-0-0-0-0-0-0-0-0-0-0-0-0-0-0-
[WARN] [1790606493.901601416] [uav2.mavros.sys]: FCU: UNK(8): EVENT 1914663 with args -0-10-9-2-56-0-0-0-0-0-0-0-0-0-0-0-0-0-0-0-0-0-0-0-0-0-0-0-0-0-0-0-0-0-0-0-0-0-0-0-
[INFO] [1790606496.205622066] [rclcpp]: signal_handler(SIGINT/SIGTERM)
[WARN] [1790606496.206826701] [uav2.mavros]: UAS Executor terminated
