[INFO] [1790495248.705844633] [uav4.mavros_node]: Starting mavros_node container
[INFO] [1790495248.706222564] [uav4.mavros_node]: FCU URL: udp://:14543@127.0.0.1:14583
[INFO] [1790495248.706286846] [uav4.mavros_node]: GCS URL: 
[INFO] [1790495248.706314529] [uav4.mavros_node]: UAS Prefix: /uas4
[INFO] [1790495248.706373012] [uav4.mavros_node]: Starting mavros router node
[INFO] [1790495248.997316844] [uav4.mavros_router]: Built-in SIMD instructions: SSE, SSE2
[INFO] [1790495248.997563457] [uav4.mavros_router]: Built-in MAVLink package version: 2026.8.8
[INFO] [1790495248.997674456] [uav4.mavros_router]: Known MAVLink dialects: common ardupilotmega ASLUAV AVSSUAS all csAirLink cubepilot development icarous loweheiser marsh paparazzi standard stemstudios storm32 uAvionix ualberta
[INFO] [1790495248.997724930] [uav4.mavros_router]: MAVROS Router started
[INFO] [1790495248.998151895] [uav4.mavros_node]: Starting mavros uas node
[INFO] [1790495249.670261816] [uav4.mavros_router]: Requested to add endpoint: type: 0, url: udp://:14543@127.0.0.1:14583
[INFO] [1790495249.670352355] [uav4.mavros_router]: Endpoint link[1000] created
[INFO] [1790495249.682511143] [uav4.mavros]: Plugin actuator_control ignored
[INFO] [1790495249.686936191] [uav4.mavros]: Plugin altitude ignored
[INFO] [1790495249.682609007] [uav4.mavros]: UAS Executor started, threads: 4
[INFO] [1790495249.712043398] [uav4.mavros_router]: link[1000] opened successfully
[INFO] [1790495249.712142985] [uav4.mavros_router]: Requested to add endpoint: type: 2, url: /uas4
[INFO] [1790495249.712203261] [uav4.mavros_router]: Endpoint link[1001] created
[INFO] [1790495249.717783760] [uav4.mavros_router]: link[1000] detected remote address 4.1
[INFO] [1790495250.083838409] [uav4.mavros_router]: link[1001] opened successfully
[INFO] [1790495250.937884178] [uav4.mavros]: Plugin command created
[INFO] [1790495250.938011809] [uav4.mavros]: Plugin command initialized
[INFO] [1790495250.938044594] [uav4.mavros]: Plugin ftp ignored
[INFO] [1790495250.938063474] [uav4.mavros]: Plugin geofence ignored
[INFO] [1790495252.088196473] [uav4.mavros]: Plugin global_position created
[INFO] [1790495252.091113790] [uav4.mavros]: Plugin global_position initialized
[INFO] [1790495252.091171322] [uav4.mavros]: Plugin home_position ignored
[INFO] [1790495252.091189136] [uav4.mavros]: Plugin imu ignored
[INFO] [1790495253.118176834] [uav4.mavros]: Plugin local_position created
[INFO] [1790495253.118296655] [uav4.mavros]: Plugin local_position initialized
[INFO] [1790495253.118324933] [uav4.mavros]: Plugin manual_control ignored
[INFO] [1790495253.118340740] [uav4.mavros]: Plugin nav_controller_output ignored
[INFO] [1790495253.145560098] [uav4.mavros]: Plugin param ignored
[INFO] [1790495253.145583973] [uav4.mavros]: Plugin rallypoint ignored
[INFO] [1790495253.145598167] [uav4.mavros]: Plugin rc_io ignored
[INFO] [1790495253.145612266] [uav4.mavros]: Plugin setpoint_accel ignored
[INFO] [1790495253.145626111] [uav4.mavros]: Plugin setpoint_attitude ignored
[INFO] [1790495253.145640017] [uav4.mavros]: Plugin setpoint_position ignored
[INFO] [1790495253.145653673] [uav4.mavros]: Plugin setpoint_raw ignored
[INFO] [1790495253.145667021] [uav4.mavros]: Plugin setpoint_trajectory ignored
[INFO] [1790495253.968698834] [uav4.mavros]: Plugin setpoint_velocity created
[INFO] [1790495253.968828452] [uav4.mavros]: Plugin setpoint_velocity initialized
[INFO] [1790495255.814241274] [uav4.mavros]: Plugin sys_status created
[INFO] [1790495255.814399754] [uav4.mavros]: Plugin sys_status initialized
[INFO] [1790495256.815213675] [uav4.mavros.time]: TM: Timesync mode: MAVLINK
[INFO] [1790495256.825951559] [uav4.mavros]: Plugin sys_time created
[INFO] [1790495256.826083539] [uav4.mavros]: Plugin sys_time initialized
[INFO] [1790495256.826114515] [uav4.mavros]: Plugin waypoint ignored
[INFO] [1790495256.826131075] [uav4.mavros]: Plugin wind_estimation ignored
[INFO] [1790495256.838805416] [uav4.mavros]: Built-in SIMD instructions: SSE, SSE2
[INFO] [1790495256.838902788] [uav4.mavros]: Built-in MAVLink package version: 2026.8.8
[INFO] [1790495256.838946033] [uav4.mavros]: Known MAVLink dialects: common ardupilotmega ASLUAV AVSSUAS all csAirLink cubepilot development icarous loweheiser marsh paparazzi standard stemstudios storm32 uAvionix ualberta
[INFO] [1790495256.838967058] [uav4.mavros]: MAVROS UAS via /uas4 started. MY ID 4.191, TARGET ID 4.1
[INFO] [1790495256.844855039] [uav4.mavros_router]: link[1001] detected remote address 4.191
[INFO] [1790495257.014920768] [uav4.mavros.sys]: VER: 4.1: Capabilities         0x000000000000e8ff
[INFO] [1790495257.015021124] [uav4.mavros.sys]: VER: 4.1: Flight software:     011200c0 (fca3df865a000000)
[INFO] [1790495257.015051155] [uav4.mavros.sys]: VER: 4.1: Middleware software: 011200c0 (fca3df865a000000)
[INFO] [1790495257.015066766] [uav4.mavros.sys]: VER: 4.1: OS software:         070000ff (17040b9f87cb1791)
[INFO] [1790495257.015080490] [uav4.mavros.sys]: VER: 4.1: Board hardware:      00000001
[INFO] [1790495257.015094331] [uav4.mavros.sys]: VER: 4.1: VID/PID:             0000:0000
[INFO] [1790495257.015108558] [uav4.mavros.sys]: VER: 4.1: UID:                 4954414c44494e52
[WARN] [1790495257.015228769] [uav4.mavros.cmd]: CMD: Unexpected command 512, result 0
[INFO] [1790495257.688969776] [uav4.mavros]: CON: Got HEARTBEAT, connected. FCU: PX4 Autopilot
[INFO] [1790495258.759471999] [uav4.mavros.sys]: VER: 4.1: Capabilities         0x000000000000e8ff
[INFO] [1790495258.765984030] [uav4.mavros.sys]: VER: 4.1: Flight software:     011200c0 (fca3df865a000000)
[INFO] [1790495258.766005202] [uav4.mavros.sys]: VER: 4.1: Middleware software: 011200c0 (fca3df865a000000)
[INFO] [1790495258.767542198] [uav4.mavros.sys]: VER: 4.1: OS software:         070000ff (17040b9f87cb1791)
[INFO] [1790495258.768713513] [uav4.mavros.sys]: VER: 4.1: Board hardware:      00000001
[INFO] [1790495258.768752290] [uav4.mavros.sys]: VER: 4.1: VID/PID:             0000:0000
[INFO] [1790495258.768770679] [uav4.mavros.sys]: VER: 4.1: UID:                 4954414c44494e52
[WARN] [1790495298.831243907] [uav4.mavros.sys]: FCU: UNK(8): EVENT 11047904 with args -0-0-0-0-0-128-0-0-0-176-122-127-128-176-122-127-128-0-0-0-0-0-0-0-0-0-0-0-0-0-0-0-0-0-0-0-0-0-0-0-
[INFO] [1790495298.832252146] [uav4.mavros.sys]: FCU: EVENT 377561 with args -8-0-0-0-20-0-0-0-0-0-0-0-0-0-0-0-0-0-0-0-0-0-0-0-0-0-0-0-0-0-0-0-0-0-0-0-0-0-0-0-
[WARN] [1790495298.832673572] [uav4.mavros.sys]: FCU: EVENT 453929 with args -255-255-255-255-7-0-0-0-0-0-0-0-0-0-0-0-0-0-0-0-0-0-0-0-0-0-0-0-0-0-0-0-0-0-0-0-0-0-0-0-
[INFO] [1790495298.832810254] [uav4.mavros.sys]: FCU: EVENT 6801787 with args -255-255-255-255-12-0-0-0-0-0-0-0-0-0-0-0-0-0-0-0-0-0-0-0-0-0-0-0-0-0-0-0-0-0-0-0-0-0-0-0-
[WARN] [1790495298.841920395] [uav4.mavros.sys]: FCU: UNK(8): EVENT 1914663 with args -0-10-13-2-56-0-0-0-0-0-0-0-0-0-0-0-0-0-0-0-0-0-0-0-0-0-0-0-0-0-0-0-0-0-0-0-0-0-0-0-
[WARN] [1790495300.758326793] [uav4.mavros.cmd]: CMD: Unexpected command 176, result 0
[INFO] [1790495301.967451982] [uav4.mavros.sys]: FCU: EVENT 9489139 with args -4-0-0-0-0-0-0-0-0-0-0-0-0-0-0-0-0-0-0-0-0-0-0-0-0-0-0-0-0-0-0-0-0-0-0-0-0-0-0-0-
[INFO] [1790495304.447544319] [uav4.mavros.sys]: FCU: EVENT 4277609 with args -0-0-0-0-0-0-0-0-0-0-0-0-0-0-0-0-0-0-0-0-0-0-0-0-0-0-0-0-0-0-0-0-0-0-0-0-0-0-0-0-
[WARN] [1790495639.718731656] [uav4.mavros.cmd]: CMD: Unexpected command 176, result 0
[INFO] [1790495684.428585420] [uav4.mavros.sys]: FCU: EVENT 9844908 with args -0-0-0-0-0-0-0-0-0-0-0-0-0-0-0-0-0-0-0-0-0-0-0-0-0-0-0-0-0-0-0-0-0-0-0-0-0-0-0-0-
[INFO] [1790495687.398346504] [uav4.mavros.sys]: FCU: EVENT 16017271 with args -6-0-0-0-0-0-0-0-0-0-0-0-0-0-0-0-0-0-0-0-0-0-0-0-0-0-0-0-0-0-0-0-0-0-0-0-0-0-0-0-
[WARN] [1790495693.143094335] [uav4.mavros.sys]: FCU: UNK(8): EVENT 11047904 with args -0-0-0-0-0-128-0-0-0-176-122-127-128-176-122-127-128-0-0-0-0-0-0-0-0-0-0-0-0-0-0-0-0-0-0-0-0-0-0-0-
[INFO] [1790495693.143284064] [uav4.mavros.sys]: FCU: EVENT 377561 with args -8-0-0-0-20-0-0-0-0-0-0-0-0-0-0-0-0-0-0-0-0-0-0-0-0-0-0-0-0-0-0-0-0-0-0-0-0-0-0-0-
[WARN] [1790495693.143384758] [uav4.mavros.sys]: FCU: EVENT 453929 with args -255-255-255-255-7-0-0-0-0-0-0-0-0-0-0-0-0-0-0-0-0-0-0-0-0-0-0-0-0-0-0-0-0-0-0-0-0-0-0-0-
[INFO] [1790495693.171097069] [uav4.mavros.sys]: FCU: EVENT 6801787 with args -255-255-255-255-12-0-0-0-0-0-0-0-0-0-0-0-0-0-0-0-0-0-0-0-0-0-0-0-0-0-0-0-0-0-0-0-0-0-0-0-
[WARN] [1790495693.171266294] [uav4.mavros.sys]: FCU: UNK(8): EVENT 1914663 with args -0-10-9-2-56-0-0-0-0-0-0-0-0-0-0-0-0-0-0-0-0-0-0-0-0-0-0-0-0-0-0-0-0-0-0-0-0-0-0-0-
[WARN] [1790495697.025560107] [uav4.mavros.sys]: FCU: UNK(8): EVENT 11047904 with args -0-0-0-16-0-128-0-0-0-176-58-127-128-176-58-127-128-0-0-0-0-0-0-0-0-0-0-0-0-0-0-0-0-0-0-0-0-0-0-0-
[ERROR] [1790495697.028062521] [uav4.mavros.sys]: FCU: EVENT 11464574 with args -0-64-0-0-20-0-0-0-0-0-0-0-0-0-0-0-0-0-0-0-0-0-0-0-0-0-0-0-0-0-0-0-0-0-0-0-0-0-0-0-
[INFO] [1790495697.028220397] [uav4.mavros.sys]: FCU: EVENT 377561 with args -8-0-0-0-20-0-0-0-0-0-0-0-0-0-0-0-0-0-0-0-0-0-0-0-0-0-0-0-0-0-0-0-0-0-0-0-0-0-0-0-
[WARN] [1790495697.043918763] [uav4.mavros.sys]: FCU: EVENT 453929 with args -255-255-255-255-7-0-0-0-0-0-0-0-0-0-0-0-0-0-0-0-0-0-0-0-0-0-0-0-0-0-0-0-0-0-0-0-0-0-0-0-
[INFO] [1790495697.051436316] [uav4.mavros.sys]: FCU: EVENT 6801787 with args -255-255-255-255-12-0-0-0-0-0-0-0-0-0-0-0-0-0-0-0-0-0-0-0-0-0-0-0-0-0-0-0-0-0-0-0-0-0-0-0-
[WARN] [1790495697.051631882] [uav4.mavros.sys]: FCU: UNK(8): EVENT 1914663 with args -0-10-9-2-56-0-0-0-0-0-0-0-0-0-0-0-0-0-0-0-0-0-0-0-0-0-0-0-0-0-0-0-0-0-0-0-0-0-0-0-
[WARN] [1790495697.065790508] [uav4.mavros.sys]: FCU: EVENT 13277401 with args -0-0-6-0-0-0-0-0-0-0-0-0-0-0-0-0-0-0-0-0-0-0-0-0-0-0-0-0-0-0-0-0-0-0-0-0-0-0-0-0-
[INFO] [1790495697.768059499] [rclcpp]: signal_handler(SIGINT/SIGTERM)
[WARN] [1790495697.783335140] [uav4.mavros]: UAS Executor terminated
