[INFO] [1790495248.773331114] [uav10.mavros_node]: Starting mavros_node container
[INFO] [1790495248.774845709] [uav10.mavros_node]: FCU URL: udp://:14549@127.0.0.1:14589
[INFO] [1790495248.775510564] [uav10.mavros_node]: GCS URL: 
[INFO] [1790495248.775555411] [uav10.mavros_node]: UAS Prefix: /uas10
[INFO] [1790495248.775572347] [uav10.mavros_node]: Starting mavros router node
[INFO] [1790495249.061738303] [uav10.mavros_router]: Built-in SIMD instructions: SSE, SSE2
[INFO] [1790495249.067637885] [uav10.mavros_router]: Built-in MAVLink package version: 2026.8.8
[INFO] [1790495249.067702956] [uav10.mavros_router]: Known MAVLink dialects: common ardupilotmega ASLUAV AVSSUAS all csAirLink cubepilot development icarous loweheiser marsh paparazzi standard stemstudios storm32 uAvionix ualberta
[INFO] [1790495249.067723558] [uav10.mavros_router]: MAVROS Router started
[INFO] [1790495249.074520131] [uav10.mavros_node]: Starting mavros uas node
[INFO] [1790495249.974858317] [uav10.mavros_router]: Requested to add endpoint: type: 0, url: udp://:14549@127.0.0.1:14589
[INFO] [1790495249.975246390] [uav10.mavros_router]: Endpoint link[1000] created
[INFO] [1790495249.977954573] [uav10.mavros_router]: link[1000] opened successfully
[INFO] [1790495249.978043358] [uav10.mavros_router]: Requested to add endpoint: type: 2, url: /uas10
[INFO] [1790495249.978084517] [uav10.mavros_router]: Endpoint link[1001] created
[INFO] [1790495249.987777687] [uav10.mavros_router]: link[1000] detected remote address 10.1
[INFO] [1790495249.999129607] [uav10.mavros]: Plugin actuator_control ignored
[INFO] [1790495249.999271330] [uav10.mavros]: Plugin altitude ignored
[INFO] [1790495250.000341905] [uav10.mavros]: UAS Executor started, threads: 4
[INFO] [1790495250.005293887] [uav10.mavros_router]: link[1001] opened successfully
[INFO] [1790495250.898927678] [uav10.mavros]: Plugin command created
[INFO] [1790495250.899238925] [uav10.mavros]: Plugin command initialized
[INFO] [1790495250.899291953] [uav10.mavros]: Plugin ftp ignored
[INFO] [1790495250.899338576] [uav10.mavros]: Plugin geofence ignored
[INFO] [1790495251.632934844] [uav10.mavros]: Plugin global_position created
[INFO] [1790495251.633085016] [uav10.mavros]: Plugin global_position initialized
[INFO] [1790495251.633116385] [uav10.mavros]: Plugin home_position ignored
[INFO] [1790495251.633130657] [uav10.mavros]: Plugin imu ignored
[INFO] [1790495252.514160652] [uav10.mavros]: Plugin local_position created
[INFO] [1790495252.517097945] [uav10.mavros]: Plugin local_position initialized
[INFO] [1790495252.518439970] [uav10.mavros]: Plugin manual_control ignored
[INFO] [1790495252.518550250] [uav10.mavros]: Plugin nav_controller_output ignored
[INFO] [1790495252.519138618] [uav10.mavros]: Plugin param ignored
[INFO] [1790495252.519389072] [uav10.mavros]: Plugin rallypoint ignored
[INFO] [1790495252.519923095] [uav10.mavros]: Plugin rc_io ignored
[INFO] [1790495252.519983607] [uav10.mavros]: Plugin setpoint_accel ignored
[INFO] [1790495252.520001885] [uav10.mavros]: Plugin setpoint_attitude ignored
[INFO] [1790495252.520015267] [uav10.mavros]: Plugin setpoint_position ignored
[INFO] [1790495252.520027566] [uav10.mavros]: Plugin setpoint_raw ignored
[INFO] [1790495252.520039759] [uav10.mavros]: Plugin setpoint_trajectory ignored
[INFO] [1790495253.447325395] [uav10.mavros]: Plugin setpoint_velocity created
[INFO] [1790495253.448965734] [uav10.mavros]: Plugin setpoint_velocity initialized
[INFO] [1790495254.722208589] [uav10.mavros]: Plugin sys_status created
[INFO] [1790495254.722429249] [uav10.mavros]: Plugin sys_status initialized
[INFO] [1790495256.345835028] [uav10.mavros.time]: TM: Timesync mode: MAVLINK
[INFO] [1790495256.450593869] [uav10.mavros]: Plugin sys_time created
[INFO] [1790495256.450732835] [uav10.mavros]: Plugin sys_time initialized
[INFO] [1790495256.450761378] [uav10.mavros]: Plugin waypoint ignored
[INFO] [1790495256.450776132] [uav10.mavros]: Plugin wind_estimation ignored
[INFO] [1790495256.534504054] [uav10.mavros]: Built-in SIMD instructions: SSE, SSE2
[INFO] [1790495256.534630263] [uav10.mavros]: Built-in MAVLink package version: 2026.8.8
[INFO] [1790495256.534667334] [uav10.mavros]: Known MAVLink dialects: common ardupilotmega ASLUAV AVSSUAS all csAirLink cubepilot development icarous loweheiser marsh paparazzi standard stemstudios storm32 uAvionix ualberta
[INFO] [1790495256.534686623] [uav10.mavros]: MAVROS UAS via /uas10 started. MY ID 10.191, TARGET ID 10.1
[INFO] [1790495256.544998674] [uav10.mavros]: CON: Got HEARTBEAT, connected. FCU: PX4 Autopilot
[INFO] [1790495256.546355709] [uav10.mavros_router]: link[1001] detected remote address 10.191
[INFO] [1790495257.680346399] [uav10.mavros.sys]: VER: 10.1: Capabilities         0x000000000000e8ff
[INFO] [1790495257.689930877] [uav10.mavros.sys]: VER: 10.1: Flight software:     011200c0 (fca3df865a000000)
[INFO] [1790495257.690005761] [uav10.mavros.sys]: VER: 10.1: Middleware software: 011200c0 (fca3df865a000000)
[INFO] [1790495257.690042975] [uav10.mavros.sys]: VER: 10.1: OS software:         070000ff (17040b9f87cb1791)
[INFO] [1790495257.690060407] [uav10.mavros.sys]: VER: 10.1: Board hardware:      00000001
[INFO] [1790495257.690076387] [uav10.mavros.sys]: VER: 10.1: VID/PID:             0000:0000
[INFO] [1790495257.690091869] [uav10.mavros.sys]: VER: 10.1: UID:                 4954414c44494e58
[WARN] [1790495257.693179181] [uav10.mavros.cmd]: CMD: Unexpected command 512, result 0
[WARN] [1790495278.553531525] [uav10.mavros.sys]: FCU: UNK(8): EVENT 11047904 with args -0-0-0-0-0-128-0-0-0-176-122-127-128-176-122-127-128-0-0-0-0-0-0-0-0-0-0-0-0-0-0-0-0-0-0-0-0-0-0-0-
[INFO] [1790495278.553729703] [uav10.mavros.sys]: FCU: EVENT 377561 with args -8-0-0-0-20-0-0-0-0-0-0-0-0-0-0-0-0-0-0-0-0-0-0-0-0-0-0-0-0-0-0-0-0-0-0-0-0-0-0-0-
[WARN] [1790495278.553828896] [uav10.mavros.sys]: FCU: EVENT 453929 with args -255-255-255-255-7-0-0-0-0-0-0-0-0-0-0-0-0-0-0-0-0-0-0-0-0-0-0-0-0-0-0-0-0-0-0-0-0-0-0-0-
[INFO] [1790495278.561594295] [uav10.mavros.sys]: FCU: EVENT 6801787 with args -255-255-255-255-12-0-0-0-0-0-0-0-0-0-0-0-0-0-0-0-0-0-0-0-0-0-0-0-0-0-0-0-0-0-0-0-0-0-0-0-
[WARN] [1790495278.561826607] [uav10.mavros.sys]: FCU: UNK(8): EVENT 1914663 with args -0-10-13-2-56-0-0-0-0-0-0-0-0-0-0-0-0-0-0-0-0-0-0-0-0-0-0-0-0-0-0-0-0-0-0-0-0-0-0-0-
[WARN] [1790495300.086151285] [uav10.mavros.cmd]: CMD: Unexpected command 176, result 0
[INFO] [1790495301.244407699] [uav10.mavros.sys]: FCU: EVENT 9489139 with args -4-0-0-0-0-0-0-0-0-0-0-0-0-0-0-0-0-0-0-0-0-0-0-0-0-0-0-0-0-0-0-0-0-0-0-0-0-0-0-0-
[INFO] [1790495303.979378594] [uav10.mavros.sys]: FCU: EVENT 4277609 with args -0-0-0-0-0-0-0-0-0-0-0-0-0-0-0-0-0-0-0-0-0-0-0-0-0-0-0-0-0-0-0-0-0-0-0-0-0-0-0-0-
[WARN] [1790495639.502366651] [uav10.mavros.cmd]: CMD: Unexpected command 176, result 0
[INFO] [1790495686.777689283] [uav10.mavros.sys]: FCU: EVENT 9844908 with args -0-0-0-0-0-0-0-0-0-0-0-0-0-0-0-0-0-0-0-0-0-0-0-0-0-0-0-0-0-0-0-0-0-0-0-0-0-0-0-0-
[INFO] [1790495689.839956499] [uav10.mavros.sys]: FCU: EVENT 16017271 with args -6-0-0-0-0-0-0-0-0-0-0-0-0-0-0-0-0-0-0-0-0-0-0-0-0-0-0-0-0-0-0-0-0-0-0-0-0-0-0-0-
[WARN] [1790495695.842692808] [uav10.mavros.sys]: FCU: UNK(8): EVENT 11047904 with args -0-0-0-0-0-128-0-0-0-176-122-127-128-176-122-127-128-0-0-0-0-0-0-0-0-0-0-0-0-0-0-0-0-0-0-0-0-0-0-0-
[INFO] [1790495695.846349836] [uav10.mavros.sys]: FCU: EVENT 377561 with args -8-0-0-0-20-0-0-0-0-0-0-0-0-0-0-0-0-0-0-0-0-0-0-0-0-0-0-0-0-0-0-0-0-0-0-0-0-0-0-0-
[WARN] [1790495695.849441775] [uav10.mavros.sys]: FCU: EVENT 453929 with args -255-255-255-255-7-0-0-0-0-0-0-0-0-0-0-0-0-0-0-0-0-0-0-0-0-0-0-0-0-0-0-0-0-0-0-0-0-0-0-0-
[INFO] [1790495695.851789122] [uav10.mavros.sys]: FCU: EVENT 6801787 with args -255-255-255-255-12-0-0-0-0-0-0-0-0-0-0-0-0-0-0-0-0-0-0-0-0-0-0-0-0-0-0-0-0-0-0-0-0-0-0-0-
[WARN] [1790495695.856346005] [uav10.mavros.sys]: FCU: UNK(8): EVENT 1914663 with args -0-10-9-2-56-0-0-0-0-0-0-0-0-0-0-0-0-0-0-0-0-0-0-0-0-0-0-0-0-0-0-0-0-0-0-0-0-0-0-0-
[WARN] [1790495696.868067440] [uav10.mavros.sys]: FCU: UNK(8): EVENT 11047904 with args -0-0-0-16-0-128-0-0-0-176-58-127-128-176-58-127-128-0-0-0-0-0-0-0-0-0-0-0-0-0-0-0-0-0-0-0-0-0-0-0-
[ERROR] [1790495696.868340306] [uav10.mavros.sys]: FCU: EVENT 11464574 with args -0-64-0-0-20-0-0-0-0-0-0-0-0-0-0-0-0-0-0-0-0-0-0-0-0-0-0-0-0-0-0-0-0-0-0-0-0-0-0-0-
[INFO] [1790495696.868617268] [uav10.mavros.sys]: FCU: EVENT 377561 with args -8-0-0-0-20-0-0-0-0-0-0-0-0-0-0-0-0-0-0-0-0-0-0-0-0-0-0-0-0-0-0-0-0-0-0-0-0-0-0-0-
[WARN] [1790495696.868766029] [uav10.mavros.sys]: FCU: EVENT 453929 with args -255-255-255-255-7-0-0-0-0-0-0-0-0-0-0-0-0-0-0-0-0-0-0-0-0-0-0-0-0-0-0-0-0-0-0-0-0-0-0-0-
[INFO] [1790495696.868908711] [uav10.mavros.sys]: FCU: EVENT 6801787 with args -255-255-255-255-12-0-0-0-0-0-0-0-0-0-0-0-0-0-0-0-0-0-0-0-0-0-0-0-0-0-0-0-0-0-0-0-0-0-0-0-
[WARN] [1790495696.869040223] [uav10.mavros.sys]: FCU: UNK(8): EVENT 1914663 with args -0-10-9-2-56-0-0-0-0-0-0-0-0-0-0-0-0-0-0-0-0-0-0-0-0-0-0-0-0-0-0-0-0-0-0-0-0-0-0-0-
[WARN] [1790495696.869161439] [uav10.mavros.sys]: FCU: EVENT 13277401 with args -0-0-6-0-0-0-0-0-0-0-0-0-0-0-0-0-0-0-0-0-0-0-0-0-0-0-0-0-0-0-0-0-0-0-0-0-0-0-0-0-
[INFO] [1790495697.763419902] [rclcpp]: signal_handler(SIGINT/SIGTERM)
[WARN] [1790495697.771010630] [uav10.mavros]: UAS Executor terminated
