[INFO] [1790495248.848208700] [uav5.mavros_node]: Starting mavros_node container
[INFO] [1790495248.848436329] [uav5.mavros_node]: FCU URL: udp://:14544@127.0.0.1:14584
[INFO] [1790495248.848466954] [uav5.mavros_node]: GCS URL: 
[INFO] [1790495248.848481999] [uav5.mavros_node]: UAS Prefix: /uas5
[INFO] [1790495248.848495369] [uav5.mavros_node]: Starting mavros router node
[INFO] [1790495249.156117780] [uav5.mavros_router]: Built-in SIMD instructions: SSE, SSE2
[INFO] [1790495249.156217019] [uav5.mavros_router]: Built-in MAVLink package version: 2026.8.8
[INFO] [1790495249.156244209] [uav5.mavros_router]: Known MAVLink dialects: common ardupilotmega ASLUAV AVSSUAS all csAirLink cubepilot development icarous loweheiser marsh paparazzi standard stemstudios storm32 uAvionix ualberta
[INFO] [1790495249.156264822] [uav5.mavros_router]: MAVROS Router started
[INFO] [1790495249.156576818] [uav5.mavros_node]: Starting mavros uas node
[INFO] [1790495249.838599141] [uav5.mavros_router]: Requested to add endpoint: type: 0, url: udp://:14544@127.0.0.1:14584
[INFO] [1790495249.838800833] [uav5.mavros_router]: Endpoint link[1000] created
[INFO] [1790495249.840078994] [uav5.mavros_router]: link[1000] opened successfully
[INFO] [1790495249.840207807] [uav5.mavros_router]: Requested to add endpoint: type: 2, url: /uas5
[INFO] [1790495249.840336640] [uav5.mavros_router]: Endpoint link[1001] created
[INFO] [1790495249.845379532] [uav5.mavros_router]: link[1000] detected remote address 5.1
[INFO] [1790495249.850051784] [uav5.mavros]: UAS Executor started, threads: 4
[INFO] [1790495249.850158393] [uav5.mavros]: Plugin actuator_control ignored
[INFO] [1790495249.861949435] [uav5.mavros]: Plugin altitude ignored
[INFO] [1790495250.153396482] [uav5.mavros_router]: link[1001] opened successfully
[INFO] [1790495250.873915356] [uav5.mavros]: Plugin command created
[INFO] [1790495250.874054239] [uav5.mavros]: Plugin command initialized
[INFO] [1790495250.874088521] [uav5.mavros]: Plugin ftp ignored
[INFO] [1790495250.874105008] [uav5.mavros]: Plugin geofence ignored
[INFO] [1790495252.478258880] [uav5.mavros]: Plugin global_position created
[INFO] [1790495252.478385621] [uav5.mavros]: Plugin global_position initialized
[INFO] [1790495252.478410582] [uav5.mavros]: Plugin home_position ignored
[INFO] [1790495252.478427194] [uav5.mavros]: Plugin imu ignored
[INFO] [1790495253.469272742] [uav5.mavros]: Plugin local_position created
[INFO] [1790495253.469384619] [uav5.mavros]: Plugin local_position initialized
[INFO] [1790495253.469409103] [uav5.mavros]: Plugin manual_control ignored
[INFO] [1790495253.469423869] [uav5.mavros]: Plugin nav_controller_output ignored
[INFO] [1790495253.469439694] [uav5.mavros]: Plugin param ignored
[INFO] [1790495253.469453615] [uav5.mavros]: Plugin rallypoint ignored
[INFO] [1790495253.469466137] [uav5.mavros]: Plugin rc_io ignored
[INFO] [1790495253.469479066] [uav5.mavros]: Plugin setpoint_accel ignored
[INFO] [1790495253.469491590] [uav5.mavros]: Plugin setpoint_attitude ignored
[INFO] [1790495253.469505423] [uav5.mavros]: Plugin setpoint_position ignored
[INFO] [1790495253.469522050] [uav5.mavros]: Plugin setpoint_raw ignored
[INFO] [1790495253.469535797] [uav5.mavros]: Plugin setpoint_trajectory ignored
[INFO] [1790495254.352623339] [uav5.mavros]: Plugin setpoint_velocity created
[INFO] [1790495254.355332096] [uav5.mavros]: Plugin setpoint_velocity initialized
[INFO] [1790495255.720091719] [uav5.mavros]: Plugin sys_status created
[INFO] [1790495255.720238314] [uav5.mavros]: Plugin sys_status initialized
[INFO] [1790495256.073084459] [uav5.mavros.time]: TM: Timesync mode: MAVLINK
[INFO] [1790495256.079338607] [uav5.mavros]: Plugin sys_time created
[INFO] [1790495256.079477918] [uav5.mavros]: Plugin sys_time initialized
[INFO] [1790495256.079506071] [uav5.mavros]: Plugin waypoint ignored
[INFO] [1790495256.079522888] [uav5.mavros]: Plugin wind_estimation ignored
[INFO] [1790495256.084344436] [uav5.mavros]: Built-in SIMD instructions: SSE, SSE2
[INFO] [1790495256.084424674] [uav5.mavros]: Built-in MAVLink package version: 2026.8.8
[INFO] [1790495256.084460895] [uav5.mavros]: Known MAVLink dialects: common ardupilotmega ASLUAV AVSSUAS all csAirLink cubepilot development icarous loweheiser marsh paparazzi standard stemstudios storm32 uAvionix ualberta
[INFO] [1790495256.084480365] [uav5.mavros]: MAVROS UAS via /uas5 started. MY ID 5.191, TARGET ID 5.1
[INFO] [1790495256.278926273] [uav5.mavros_router]: link[1001] detected remote address 5.191
[INFO] [1790495256.464851696] [uav5.mavros]: CON: Got HEARTBEAT, connected. FCU: PX4 Autopilot
[INFO] [1790495257.516049208] [uav5.mavros.sys]: VER: 5.1: Capabilities         0x000000000000e8ff
[INFO] [1790495257.516167851] [uav5.mavros.sys]: VER: 5.1: Flight software:     011200c0 (fca3df865a000000)
[INFO] [1790495257.516189714] [uav5.mavros.sys]: VER: 5.1: Middleware software: 011200c0 (fca3df865a000000)
[INFO] [1790495257.516204331] [uav5.mavros.sys]: VER: 5.1: OS software:         070000ff (17040b9f87cb1791)
[INFO] [1790495257.516219506] [uav5.mavros.sys]: VER: 5.1: Board hardware:      00000001
[INFO] [1790495257.516234714] [uav5.mavros.sys]: VER: 5.1: VID/PID:             0000:0000
[INFO] [1790495257.516251462] [uav5.mavros.sys]: VER: 5.1: UID:                 4954414c44494e53
[WARN] [1790495257.516364587] [uav5.mavros.cmd]: CMD: Unexpected command 512, result 0
[WARN] [1790495286.935494019] [uav5.mavros.sys]: FCU: UNK(8): EVENT 11047904 with args -0-0-0-0-0-128-0-0-0-176-122-127-128-176-122-127-128-0-0-0-0-0-0-0-0-0-0-0-0-0-0-0-0-0-0-0-0-0-0-0-
[INFO] [1790495286.935688078] [uav5.mavros.sys]: FCU: EVENT 377561 with args -8-0-0-0-20-0-0-0-0-0-0-0-0-0-0-0-0-0-0-0-0-0-0-0-0-0-0-0-0-0-0-0-0-0-0-0-0-0-0-0-
[WARN] [1790495286.948942732] [uav5.mavros.sys]: FCU: EVENT 453929 with args -255-255-255-255-7-0-0-0-0-0-0-0-0-0-0-0-0-0-0-0-0-0-0-0-0-0-0-0-0-0-0-0-0-0-0-0-0-0-0-0-
[INFO] [1790495286.949097613] [uav5.mavros.sys]: FCU: EVENT 6801787 with args -255-255-255-255-12-0-0-0-0-0-0-0-0-0-0-0-0-0-0-0-0-0-0-0-0-0-0-0-0-0-0-0-0-0-0-0-0-0-0-0-
[WARN] [1790495286.949216501] [uav5.mavros.sys]: FCU: UNK(8): EVENT 1914663 with args -0-10-13-2-56-0-0-0-0-0-0-0-0-0-0-0-0-0-0-0-0-0-0-0-0-0-0-0-0-0-0-0-0-0-0-0-0-0-0-0-
[ERROR] [1790495292.559749389] [uav5.mavros.sys]: SYS: set_message_interval service timeout
[ERROR] [1790495292.559869592] [uav5.mavros.sys]: SYS: command plugin service call failed!
[ERROR] [1790495296.155875758] [uav5.mavros.sys]: SYS: set_message_interval service timeout
[ERROR] [1790495296.156000498] [uav5.mavros.sys]: SYS: command plugin service call failed!
[WARN] [1790495296.469526877] [uav5.mavros.sys]: FCU: UNK(8): EVENT 11047904 with args -0-0-0-16-0-128-0-0-0-176-58-127-128-176-58-127-128-0-0-0-0-0-0-0-0-0-0-0-0-0-0-0-0-0-0-0-0-0-0-0-
[ERROR] [1790495296.475796810] [uav5.mavros.sys]: FCU: EVENT 11464574 with args -0-64-0-0-20-0-0-0-0-0-0-0-0-0-0-0-0-0-0-0-0-0-0-0-0-0-0-0-0-0-0-0-0-0-0-0-0-0-0-0-
[INFO] [1790495296.478089638] [uav5.mavros.sys]: FCU: EVENT 377561 with args -8-0-0-0-20-0-0-0-0-0-0-0-0-0-0-0-0-0-0-0-0-0-0-0-0-0-0-0-0-0-0-0-0-0-0-0-0-0-0-0-
[WARN] [1790495296.478256687] [uav5.mavros.sys]: FCU: EVENT 453929 with args -255-255-255-255-7-0-0-0-0-0-0-0-0-0-0-0-0-0-0-0-0-0-0-0-0-0-0-0-0-0-0-0-0-0-0-0-0-0-0-0-
[INFO] [1790495296.490096046] [uav5.mavros.sys]: FCU: EVENT 6801787 with args -255-255-255-255-12-0-0-0-0-0-0-0-0-0-0-0-0-0-0-0-0-0-0-0-0-0-0-0-0-0-0-0-0-0-0-0-0-0-0-0-
[WARN] [1790495296.490262013] [uav5.mavros.sys]: FCU: UNK(8): EVENT 1914663 with args -0-10-13-2-56-0-0-0-0-0-0-0-0-0-0-0-0-0-0-0-0-0-0-0-0-0-0-0-0-0-0-0-0-0-0-0-0-0-0-0-
[WARN] [1790495298.267176076] [uav5.mavros.sys]: FCU: UNK(8): EVENT 11047904 with args -0-0-0-0-0-128-0-0-0-176-122-127-128-176-122-127-128-0-0-0-0-0-0-0-0-0-0-0-0-0-0-0-0-0-0-0-0-0-0-0-
[INFO] [1790495298.267416579] [uav5.mavros.sys]: FCU: EVENT 377561 with args -8-0-0-0-20-0-0-0-0-0-0-0-0-0-0-0-0-0-0-0-0-0-0-0-0-0-0-0-0-0-0-0-0-0-0-0-0-0-0-0-
[WARN] [1790495298.267544123] [uav5.mavros.sys]: FCU: EVENT 453929 with args -255-255-255-255-7-0-0-0-0-0-0-0-0-0-0-0-0-0-0-0-0-0-0-0-0-0-0-0-0-0-0-0-0-0-0-0-0-0-0-0-
[INFO] [1790495298.267651355] [uav5.mavros.sys]: FCU: EVENT 6801787 with args -255-255-255-255-12-0-0-0-0-0-0-0-0-0-0-0-0-0-0-0-0-0-0-0-0-0-0-0-0-0-0-0-0-0-0-0-0-0-0-0-
[WARN] [1790495298.267784429] [uav5.mavros.sys]: FCU: UNK(8): EVENT 1914663 with args -0-10-13-2-56-0-0-0-0-0-0-0-0-0-0-0-0-0-0-0-0-0-0-0-0-0-0-0-0-0-0-0-0-0-0-0-0-0-0-0-
[WARN] [1790495300.544205426] [uav5.mavros.cmd]: CMD: Unexpected command 176, result 0
[INFO] [1790495301.134008616] [uav5.mavros.sys]: FCU: EVENT 9489139 with args -4-0-0-0-0-0-0-0-0-0-0-0-0-0-0-0-0-0-0-0-0-0-0-0-0-0-0-0-0-0-0-0-0-0-0-0-0-0-0-0-
[INFO] [1790495303.934279931] [uav5.mavros.sys]: FCU: EVENT 4277609 with args -0-0-0-0-0-0-0-0-0-0-0-0-0-0-0-0-0-0-0-0-0-0-0-0-0-0-0-0-0-0-0-0-0-0-0-0-0-0-0-0-
[WARN] [1790495639.788016003] [uav5.mavros.cmd]: CMD: Unexpected command 176, result 0
[INFO] [1790495684.671319218] [uav5.mavros.sys]: FCU: EVENT 9844908 with args -0-0-0-0-0-0-0-0-0-0-0-0-0-0-0-0-0-0-0-0-0-0-0-0-0-0-0-0-0-0-0-0-0-0-0-0-0-0-0-0-
[INFO] [1790495687.836895464] [uav5.mavros.sys]: FCU: EVENT 16017271 with args -6-0-0-0-0-0-0-0-0-0-0-0-0-0-0-0-0-0-0-0-0-0-0-0-0-0-0-0-0-0-0-0-0-0-0-0-0-0-0-0-
[WARN] [1790495692.223379221] [uav5.mavros.sys]: FCU: UNK(8): EVENT 11047904 with args -0-0-0-0-0-128-0-0-0-176-122-127-128-176-122-127-128-0-0-0-0-0-0-0-0-0-0-0-0-0-0-0-0-0-0-0-0-0-0-0-
[INFO] [1790495692.223590131] [uav5.mavros.sys]: FCU: EVENT 377561 with args -8-0-0-0-20-0-0-0-0-0-0-0-0-0-0-0-0-0-0-0-0-0-0-0-0-0-0-0-0-0-0-0-0-0-0-0-0-0-0-0-
[WARN] [1790495692.224652135] [uav5.mavros.sys]: FCU: EVENT 453929 with args -255-255-255-255-7-0-0-0-0-0-0-0-0-0-0-0-0-0-0-0-0-0-0-0-0-0-0-0-0-0-0-0-0-0-0-0-0-0-0-0-
[INFO] [1790495692.225404504] [uav5.mavros.sys]: FCU: EVENT 6801787 with args -255-255-255-255-12-0-0-0-0-0-0-0-0-0-0-0-0-0-0-0-0-0-0-0-0-0-0-0-0-0-0-0-0-0-0-0-0-0-0-0-
[WARN] [1790495692.228110032] [uav5.mavros.sys]: FCU: UNK(8): EVENT 1914663 with args -0-10-9-2-56-0-0-0-0-0-0-0-0-0-0-0-0-0-0-0-0-0-0-0-0-0-0-0-0-0-0-0-0-0-0-0-0-0-0-0-
[WARN] [1790495696.922103381] [uav5.mavros.sys]: FCU: UNK(8): EVENT 11047904 with args -0-0-0-16-0-128-0-0-0-176-58-127-128-176-58-127-128-0-0-0-0-0-0-0-0-0-0-0-0-0-0-0-0-0-0-0-0-0-0-0-
[ERROR] [1790495696.922349733] [uav5.mavros.sys]: FCU: EVENT 11464574 with args -0-64-0-0-20-0-0-0-0-0-0-0-0-0-0-0-0-0-0-0-0-0-0-0-0-0-0-0-0-0-0-0-0-0-0-0-0-0-0-0-
[INFO] [1790495696.922482945] [uav5.mavros.sys]: FCU: EVENT 377561 with args -8-0-0-0-20-0-0-0-0-0-0-0-0-0-0-0-0-0-0-0-0-0-0-0-0-0-0-0-0-0-0-0-0-0-0-0-0-0-0-0-
[WARN] [1790495696.922598917] [uav5.mavros.sys]: FCU: EVENT 453929 with args -255-255-255-255-7-0-0-0-0-0-0-0-0-0-0-0-0-0-0-0-0-0-0-0-0-0-0-0-0-0-0-0-0-0-0-0-0-0-0-0-
[INFO] [1790495696.922728230] [uav5.mavros.sys]: FCU: EVENT 6801787 with args -255-255-255-255-12-0-0-0-0-0-0-0-0-0-0-0-0-0-0-0-0-0-0-0-0-0-0-0-0-0-0-0-0-0-0-0-0-0-0-0-
[WARN] [1790495696.922857570] [uav5.mavros.sys]: FCU: UNK(8): EVENT 1914663 with args -0-10-9-2-56-0-0-0-0-0-0-0-0-0-0-0-0-0-0-0-0-0-0-0-0-0-0-0-0-0-0-0-0-0-0-0-0-0-0-0-
[WARN] [1790495696.957364047] [uav5.mavros.sys]: FCU: EVENT 13277401 with args -0-0-6-0-0-0-0-0-0-0-0-0-0-0-0-0-0-0-0-0-0-0-0-0-0-0-0-0-0-0-0-0-0-0-0-0-0-0-0-0-
[INFO] [1790495697.778056370] [rclcpp]: signal_handler(SIGINT/SIGTERM)
[WARN] [1790495697.782715831] [uav5.mavros]: UAS Executor terminated
