[INFO] [1790658799.017976889] [uav4.mavros_node]: Starting mavros_node container
[INFO] [1790658799.025208830] [uav4.mavros_node]: FCU URL: udp://:14543@127.0.0.1:14583
[INFO] [1790658799.025233721] [uav4.mavros_node]: GCS URL: 
[INFO] [1790658799.025237468] [uav4.mavros_node]: UAS Prefix: /uas4
[INFO] [1790658799.025240306] [uav4.mavros_node]: Starting mavros router node
[INFO] [1790658799.331842506] [uav4.mavros_router]: Built-in SIMD instructions: SSE, SSE2
[INFO] [1790658799.331887785] [uav4.mavros_router]: Built-in MAVLink package version: 2026.8.8
[INFO] [1790658799.331898224] [uav4.mavros_router]: Known MAVLink dialects: common ardupilotmega ASLUAV AVSSUAS all csAirLink cubepilot development icarous loweheiser marsh paparazzi standard stemstudios storm32 uAvionix ualberta
[INFO] [1790658799.331904773] [uav4.mavros_router]: MAVROS Router started
[INFO] [1790658799.334826720] [uav4.mavros_node]: Starting mavros uas node
[INFO] [1790658799.540178480] [uav4.mavros_router]: Requested to add endpoint: type: 0, url: udp://:14543@127.0.0.1:14583
[INFO] [1790658799.541590627] [uav4.mavros_router]: Endpoint link[1000] created
[INFO] [1790658799.543781979] [uav4.mavros_router]: link[1000] opened successfully
[INFO] [1790658799.543832113] [uav4.mavros_router]: Requested to add endpoint: type: 2, url: /uas4
[INFO] [1790658799.543854122] [uav4.mavros_router]: Endpoint link[1001] created
[INFO] [1790658799.553335169] [uav4.mavros_router]: link[1000] detected remote address 4.1
[INFO] [1790658799.586809330] [uav4.mavros]: Plugin actuator_control ignored
[INFO] [1790658799.586875060] [uav4.mavros]: Plugin altitude ignored
[INFO] [1790658799.587002088] [uav4.mavros]: UAS Executor started, threads: 4
[INFO] [1790658799.622965602] [uav4.mavros_router]: link[1001] opened successfully
[INFO] [1790658800.017785584] [uav4.mavros]: Plugin command created
[INFO] [1790658800.017849477] [uav4.mavros]: Plugin command initialized
[INFO] [1790658800.017858583] [uav4.mavros]: Plugin ftp ignored
[INFO] [1790658800.017864853] [uav4.mavros]: Plugin geofence ignored
[INFO] [1790658800.316574901] [uav4.mavros]: Plugin global_position created
[INFO] [1790658800.316649069] [uav4.mavros]: Plugin global_position initialized
[INFO] [1790658800.316659141] [uav4.mavros]: Plugin home_position ignored
[INFO] [1790658800.316664543] [uav4.mavros]: Plugin imu ignored
[INFO] [1790658800.578835479] [uav4.mavros]: Plugin local_position created
[INFO] [1790658800.578885404] [uav4.mavros]: Plugin local_position initialized
[INFO] [1790658800.578894098] [uav4.mavros]: Plugin manual_control ignored
[INFO] [1790658800.578899174] [uav4.mavros]: Plugin nav_controller_output ignored
[INFO] [1790658800.578904656] [uav4.mavros]: Plugin param ignored
[INFO] [1790658800.578909811] [uav4.mavros]: Plugin rallypoint ignored
[INFO] [1790658800.578914648] [uav4.mavros]: Plugin rc_io ignored
[INFO] [1790658800.578919457] [uav4.mavros]: Plugin setpoint_accel ignored
[INFO] [1790658800.578923999] [uav4.mavros]: Plugin setpoint_attitude ignored
[INFO] [1790658800.578929242] [uav4.mavros]: Plugin setpoint_position ignored
[INFO] [1790658800.579110882] [uav4.mavros]: Plugin setpoint_raw ignored
[INFO] [1790658800.579117547] [uav4.mavros]: Plugin setpoint_trajectory ignored
[INFO] [1790658800.626984676] [uav4.mavros]: Plugin setpoint_velocity created
[INFO] [1790658800.627041187] [uav4.mavros]: Plugin setpoint_velocity initialized
[INFO] [1790658800.751026388] [uav4.mavros]: Plugin sys_status created
[INFO] [1790658800.751099607] [uav4.mavros]: Plugin sys_status initialized
[INFO] [1790658800.799702298] [uav4.mavros.time]: TM: Timesync mode: MAVLINK
[INFO] [1790658800.827334701] [uav4.mavros]: Plugin sys_time created
[INFO] [1790658800.827391229] [uav4.mavros]: Plugin sys_time initialized
[INFO] [1790658800.827400913] [uav4.mavros]: Plugin waypoint ignored
[INFO] [1790658800.827406409] [uav4.mavros]: Plugin wind_estimation ignored
[INFO] [1790658800.849956992] [uav4.mavros]: Built-in SIMD instructions: SSE, SSE2
[INFO] [1790658800.849996802] [uav4.mavros]: Built-in MAVLink package version: 2026.8.8
[INFO] [1790658800.850027214] [uav4.mavros]: Known MAVLink dialects: common ardupilotmega ASLUAV AVSSUAS all csAirLink cubepilot development icarous loweheiser marsh paparazzi standard stemstudios storm32 uAvionix ualberta
[INFO] [1790658800.850041138] [uav4.mavros]: MAVROS UAS via /uas4 started. MY ID 4.191, TARGET ID 4.1
[INFO] [1790658800.869116644] [uav4.mavros_router]: link[1001] detected remote address 4.191
[INFO] [1790658800.979835507] [uav4.mavros]: CON: Got HEARTBEAT, connected. FCU: PX4 Autopilot
[INFO] [1790658802.015704553] [uav4.mavros.sys]: VER: 4.1: Capabilities         0x000000000000e8ff
[INFO] [1790658802.016976010] [uav4.mavros.sys]: VER: 4.1: Flight software:     011200c0 (fca3df865a000000)
[INFO] [1790658802.016989204] [uav4.mavros.sys]: VER: 4.1: Middleware software: 011200c0 (fca3df865a000000)
[INFO] [1790658802.016994086] [uav4.mavros.sys]: VER: 4.1: OS software:         070000ff (17040b9f87cb1791)
[INFO] [1790658802.016998888] [uav4.mavros.sys]: VER: 4.1: Board hardware:      00000001
[INFO] [1790658802.017007086] [uav4.mavros.sys]: VER: 4.1: VID/PID:             0000:0000
[INFO] [1790658802.017011947] [uav4.mavros.sys]: VER: 4.1: UID:                 4954414c44494e52
[WARN] [1790658802.017643519] [uav4.mavros.cmd]: CMD: Unexpected command 512, result 0
[WARN] [1790658808.728307877] [uav4.mavros.sys]: FCU: UNK(8): EVENT 11047904 with args -0-0-0-0-0-128-0-0-0-176-122-127-128-176-122-127-128-0-0-0-0-0-0-0-0-0-0-0-0-0-0-0-0-0-0-0-0-0-0-0-
[INFO] [1790658808.728385757] [uav4.mavros.sys]: FCU: EVENT 377561 with args -8-0-0-0-20-0-0-0-0-0-0-0-0-0-0-0-0-0-0-0-0-0-0-0-0-0-0-0-0-0-0-0-0-0-0-0-0-0-0-0-
[WARN] [1790658808.728425089] [uav4.mavros.sys]: FCU: EVENT 453929 with args -255-255-255-255-7-0-0-0-0-0-0-0-0-0-0-0-0-0-0-0-0-0-0-0-0-0-0-0-0-0-0-0-0-0-0-0-0-0-0-0-
[INFO] [1790658808.728455552] [uav4.mavros.sys]: FCU: EVENT 6801787 with args -255-255-255-255-12-0-0-0-0-0-0-0-0-0-0-0-0-0-0-0-0-0-0-0-0-0-0-0-0-0-0-0-0-0-0-0-0-0-0-0-
[WARN] [1790658808.728487507] [uav4.mavros.sys]: FCU: UNK(8): EVENT 1914663 with args -0-10-13-2-56-0-0-0-0-0-0-0-0-0-0-0-0-0-0-0-0-0-0-0-0-0-0-0-0-0-0-0-0-0-0-0-0-0-0-0-
[WARN] [1790658819.564974892] [uav4.mavros.cmd]: CMD: Unexpected command 176, result 0
[INFO] [1790658820.538225026] [uav4.mavros.sys]: FCU: EVENT 9489139 with args -4-0-0-0-0-0-0-0-0-0-0-0-0-0-0-0-0-0-0-0-0-0-0-0-0-0-0-0-0-0-0-0-0-0-0-0-0-0-0-0-
[INFO] [1790658822.713667504] [uav4.mavros.sys]: FCU: EVENT 4277609 with args -0-0-0-0-0-0-0-0-0-0-0-0-0-0-0-0-0-0-0-0-0-0-0-0-0-0-0-0-0-0-0-0-0-0-0-0-0-0-0-0-
[WARN] [1790659092.967533340] [uav4.mavros.cmd]: CMD: Unexpected command 176, result 0
[INFO] [1790659126.909056901] [uav4.mavros.sys]: FCU: EVENT 9844908 with args -0-0-0-0-0-0-0-0-0-0-0-0-0-0-0-0-0-0-0-0-0-0-0-0-0-0-0-0-0-0-0-0-0-0-0-0-0-0-0-0-
[INFO] [1790659129.189741666] [uav4.mavros.sys]: FCU: EVENT 16017271 with args -6-0-0-0-0-0-0-0-0-0-0-0-0-0-0-0-0-0-0-0-0-0-0-0-0-0-0-0-0-0-0-0-0-0-0-0-0-0-0-0-
[WARN] [1790659133.367172682] [uav4.mavros.sys]: FCU: UNK(8): EVENT 11047904 with args -0-0-0-0-0-128-0-0-0-176-122-127-128-176-122-127-128-0-0-0-0-0-0-0-0-0-0-0-0-0-0-0-0-0-0-0-0-0-0-0-
[INFO] [1790659133.367264086] [uav4.mavros.sys]: FCU: EVENT 377561 with args -8-0-0-0-20-0-0-0-0-0-0-0-0-0-0-0-0-0-0-0-0-0-0-0-0-0-0-0-0-0-0-0-0-0-0-0-0-0-0-0-
[WARN] [1790659133.367331750] [uav4.mavros.sys]: FCU: EVENT 453929 with args -255-255-255-255-7-0-0-0-0-0-0-0-0-0-0-0-0-0-0-0-0-0-0-0-0-0-0-0-0-0-0-0-0-0-0-0-0-0-0-0-
[INFO] [1790659133.367371146] [uav4.mavros.sys]: FCU: EVENT 6801787 with args -255-255-255-255-12-0-0-0-0-0-0-0-0-0-0-0-0-0-0-0-0-0-0-0-0-0-0-0-0-0-0-0-0-0-0-0-0-0-0-0-
[WARN] [1790659133.367408172] [uav4.mavros.sys]: FCU: UNK(8): EVENT 1914663 with args -0-10-9-2-56-0-0-0-0-0-0-0-0-0-0-0-0-0-0-0-0-0-0-0-0-0-0-0-0-0-0-0-0-0-0-0-0-0-0-0-
[INFO] [1790659138.349624706] [rclcpp]: signal_handler(SIGINT/SIGTERM)
[WARN] [1790659138.351686809] [uav4.mavros]: UAS Executor terminated
