[INFO] [1790658798.818659332] [uav10.mavros_node]: Starting mavros_node container
[INFO] [1790658798.818754672] [uav10.mavros_node]: FCU URL: udp://:14549@127.0.0.1:14589
[INFO] [1790658798.818762816] [uav10.mavros_node]: GCS URL: 
[INFO] [1790658798.818767781] [uav10.mavros_node]: UAS Prefix: /uas10
[INFO] [1790658798.818772886] [uav10.mavros_node]: Starting mavros router node
[INFO] [1790658798.830041545] [uav10.mavros_router]: Built-in SIMD instructions: SSE, SSE2
[INFO] [1790658798.830086337] [uav10.mavros_router]: Built-in MAVLink package version: 2026.8.8
[INFO] [1790658798.830129497] [uav10.mavros_router]: Known MAVLink dialects: common ardupilotmega ASLUAV AVSSUAS all csAirLink cubepilot development icarous loweheiser marsh paparazzi standard stemstudios storm32 uAvionix ualberta
[INFO] [1790658798.830135822] [uav10.mavros_router]: MAVROS Router started
[INFO] [1790658798.830307191] [uav10.mavros_node]: Starting mavros uas node
[INFO] [1790658798.907273305] [uav10.mavros_router]: Requested to add endpoint: type: 0, url: udp://:14549@127.0.0.1:14589
[INFO] [1790658798.911467604] [uav10.mavros_router]: Endpoint link[1000] created
[INFO] [1790658798.913357693] [uav10.mavros]: Plugin actuator_control ignored
[INFO] [1790658798.913423089] [uav10.mavros]: Plugin altitude ignored
[INFO] [1790658798.913529469] [uav10.mavros]: UAS Executor started, threads: 4
[INFO] [1790658798.915929667] [uav10.mavros_router]: link[1000] opened successfully
[INFO] [1790658798.915992287] [uav10.mavros_router]: Requested to add endpoint: type: 2, url: /uas10
[INFO] [1790658798.917877104] [uav10.mavros_router]: Endpoint link[1001] created
[INFO] [1790658798.936077168] [uav10.mavros_router]: link[1000] detected remote address 10.1
[INFO] [1790658799.169741320] [uav10.mavros_router]: link[1001] opened successfully
[INFO] [1790658799.386812803] [uav10.mavros]: Plugin command created
[INFO] [1790658799.386875018] [uav10.mavros]: Plugin command initialized
[INFO] [1790658799.386883545] [uav10.mavros]: Plugin ftp ignored
[INFO] [1790658799.386888511] [uav10.mavros]: Plugin geofence ignored
[INFO] [1790658799.655564835] [uav10.mavros]: Plugin global_position created
[INFO] [1790658799.665264397] [uav10.mavros]: Plugin global_position initialized
[INFO] [1790658799.665321820] [uav10.mavros]: Plugin home_position ignored
[INFO] [1790658799.665329697] [uav10.mavros]: Plugin imu ignored
[INFO] [1790658799.864671117] [uav10.mavros]: Plugin local_position created
[INFO] [1790658799.864748118] [uav10.mavros]: Plugin local_position initialized
[INFO] [1790658799.864758580] [uav10.mavros]: Plugin manual_control ignored
[INFO] [1790658799.864766301] [uav10.mavros]: Plugin nav_controller_output ignored
[INFO] [1790658799.864771425] [uav10.mavros]: Plugin param ignored
[INFO] [1790658799.864776542] [uav10.mavros]: Plugin rallypoint ignored
[INFO] [1790658799.864781534] [uav10.mavros]: Plugin rc_io ignored
[INFO] [1790658799.864787358] [uav10.mavros]: Plugin setpoint_accel ignored
[INFO] [1790658799.864792207] [uav10.mavros]: Plugin setpoint_attitude ignored
[INFO] [1790658799.864797769] [uav10.mavros]: Plugin setpoint_position ignored
[INFO] [1790658799.864803410] [uav10.mavros]: Plugin setpoint_raw ignored
[INFO] [1790658799.864808877] [uav10.mavros]: Plugin setpoint_trajectory ignored
[INFO] [1790658800.138223798] [uav10.mavros]: Plugin setpoint_velocity created
[INFO] [1790658800.250360026] [uav10.mavros]: Plugin setpoint_velocity initialized
[INFO] [1790658800.639785438] [uav10.mavros]: Plugin sys_status created
[INFO] [1790658800.639879662] [uav10.mavros]: Plugin sys_status initialized
[INFO] [1790658800.858838019] [uav10.mavros.time]: TM: Timesync mode: MAVLINK
[INFO] [1790658800.897543730] [uav10.mavros]: Plugin sys_time created
[INFO] [1790658800.897600919] [uav10.mavros]: Plugin sys_time initialized
[INFO] [1790658800.897609784] [uav10.mavros]: Plugin waypoint ignored
[INFO] [1790658800.897615610] [uav10.mavros]: Plugin wind_estimation ignored
[INFO] [1790658800.904700917] [uav10.mavros]: Built-in SIMD instructions: SSE, SSE2
[INFO] [1790658800.904739742] [uav10.mavros]: Built-in MAVLink package version: 2026.8.8
[INFO] [1790658800.904770968] [uav10.mavros]: Known MAVLink dialects: common ardupilotmega ASLUAV AVSSUAS all csAirLink cubepilot development icarous loweheiser marsh paparazzi standard stemstudios storm32 uAvionix ualberta
[INFO] [1790658800.904778673] [uav10.mavros]: MAVROS UAS via /uas10 started. MY ID 10.191, TARGET ID 10.1
[INFO] [1790658800.974307230] [uav10.mavros_router]: link[1001] detected remote address 10.191
[INFO] [1790658801.661360317] [uav10.mavros.sys]: VER: 10.1: Capabilities         0x000000000000e8ff
[INFO] [1790658801.661408821] [uav10.mavros.sys]: VER: 10.1: Flight software:     011200c0 (fca3df865a000000)
[INFO] [1790658801.661415776] [uav10.mavros.sys]: VER: 10.1: Middleware software: 011200c0 (fca3df865a000000)
[INFO] [1790658801.661420127] [uav10.mavros.sys]: VER: 10.1: OS software:         070000ff (17040b9f87cb1791)
[INFO] [1790658801.661424047] [uav10.mavros.sys]: VER: 10.1: Board hardware:      00000001
[INFO] [1790658801.661429081] [uav10.mavros.sys]: VER: 10.1: VID/PID:             0000:0000
[INFO] [1790658801.661433263] [uav10.mavros.sys]: VER: 10.1: UID:                 4954414c44494e58
[WARN] [1790658801.661478321] [uav10.mavros.cmd]: CMD: Unexpected command 512, result 0
[INFO] [1790658801.839165908] [uav10.mavros]: CON: Got HEARTBEAT, connected. FCU: PX4 Autopilot
[INFO] [1790658802.850403510] [uav10.mavros.sys]: VER: 10.1: Capabilities         0x000000000000e8ff
[INFO] [1790658802.850860752] [uav10.mavros.sys]: VER: 10.1: Flight software:     011200c0 (fca3df865a000000)
[INFO] [1790658802.850878399] [uav10.mavros.sys]: VER: 10.1: Middleware software: 011200c0 (fca3df865a000000)
[INFO] [1790658802.850883070] [uav10.mavros.sys]: VER: 10.1: OS software:         070000ff (17040b9f87cb1791)
[INFO] [1790658802.850887575] [uav10.mavros.sys]: VER: 10.1: Board hardware:      00000001
[INFO] [1790658802.850891963] [uav10.mavros.sys]: VER: 10.1: VID/PID:             0000:0000
[INFO] [1790658802.850896417] [uav10.mavros.sys]: VER: 10.1: UID:                 4954414c44494e58
[WARN] [1790658802.916133598] [uav10.mavros.sys]: FCU: UNK(8): EVENT 11047904 with args -0-0-0-18-1-128-0-0-0-0-58-1-128-0-58-1-128-0-0-0-0-0-0-0-0-0-0-0-0-0-0-0-0-0-0-0-0-0-0-0-
[ERROR] [1790658802.916207428] [uav10.mavros.sys]: FCU: EVENT 11464574 with args -0-64-0-0-20-0-0-0-0-0-0-0-0-0-0-0-0-0-0-0-0-0-0-0-0-0-0-0-0-0-0-0-0-0-0-0-0-0-0-0-
[ERROR] [1790658802.916257442] [uav10.mavros.sys]: FCU: EVENT 13835193 with args -252-0-126-0-17-0-0-0-0-0-0-0-0-0-0-0-0-0-0-0-0-0-0-0-0-0-0-0-0-0-0-0-0-0-0-0-0-0-0-0-
[ERROR] [1790658802.916306113] [uav10.mavros.sys]: FCU: EVENT 10011251 with args -56-0-0-0-24-0-0-0-0-0-0-0-0-0-0-0-0-0-0-0-0-0-0-0-0-0-0-0-0-0-0-0-0-0-0-0-0-0-0-0-
[INFO] [1790658802.916346222] [uav10.mavros.sys]: FCU: EVENT 377561 with args -8-0-0-0-20-0-0-0-0-0-0-0-0-0-0-0-0-0-0-0-0-0-0-0-0-0-0-0-0-0-0-0-0-0-0-0-0-0-0-0-
[WARN] [1790658802.916382442] [uav10.mavros.sys]: FCU: EVENT 453929 with args -255-255-255-255-7-0-0-0-0-0-0-0-0-0-0-0-0-0-0-0-0-0-0-0-0-0-0-0-0-0-0-0-0-0-0-0-0-0-0-0-
[INFO] [1790658802.916417158] [uav10.mavros.sys]: FCU: EVENT 6801787 with args -255-255-255-255-12-0-0-0-0-0-0-0-0-0-0-0-0-0-0-0-0-0-0-0-0-0-0-0-0-0-0-0-0-0-0-0-0-0-0-0-
[WARN] [1790658802.916857870] [uav10.mavros.sys]: FCU: UNK(8): EVENT 1914663 with args -0-10-13-2-56-0-0-0-0-0-0-0-0-0-0-0-0-0-0-0-0-0-0-0-0-0-0-0-0-0-0-0-0-0-0-0-0-0-0-0-
[WARN] [1790658805.105043318] [uav10.mavros.sys]: FCU: UNK(8): EVENT 11047904 with args -0-0-0-16-0-128-0-0-0-176-58-127-128-176-58-127-128-0-0-0-0-0-0-0-0-0-0-0-0-0-0-0-0-0-0-0-0-0-0-0-
[ERROR] [1790658805.105149856] [uav10.mavros.sys]: FCU: EVENT 11464574 with args -0-64-0-0-20-0-0-0-0-0-0-0-0-0-0-0-0-0-0-0-0-0-0-0-0-0-0-0-0-0-0-0-0-0-0-0-0-0-0-0-
[INFO] [1790658805.105191929] [uav10.mavros.sys]: FCU: EVENT 377561 with args -8-0-0-0-20-0-0-0-0-0-0-0-0-0-0-0-0-0-0-0-0-0-0-0-0-0-0-0-0-0-0-0-0-0-0-0-0-0-0-0-
[WARN] [1790658805.105226086] [uav10.mavros.sys]: FCU: EVENT 453929 with args -255-255-255-255-7-0-0-0-0-0-0-0-0-0-0-0-0-0-0-0-0-0-0-0-0-0-0-0-0-0-0-0-0-0-0-0-0-0-0-0-
[INFO] [1790658805.105279150] [uav10.mavros.sys]: FCU: EVENT 6801787 with args -255-255-255-255-12-0-0-0-0-0-0-0-0-0-0-0-0-0-0-0-0-0-0-0-0-0-0-0-0-0-0-0-0-0-0-0-0-0-0-0-
[WARN] [1790658805.110332210] [uav10.mavros.sys]: FCU: UNK(8): EVENT 1914663 with args -0-10-13-2-56-0-0-0-0-0-0-0-0-0-0-0-0-0-0-0-0-0-0-0-0-0-0-0-0-0-0-0-0-0-0-0-0-0-0-0-
[WARN] [1790658813.345094733] [uav10.mavros.sys]: FCU: UNK(8): EVENT 11047904 with args -0-0-0-0-0-128-0-0-0-176-122-127-128-176-122-127-128-0-0-0-0-0-0-0-0-0-0-0-0-0-0-0-0-0-0-0-0-0-0-0-
[INFO] [1790658813.353779693] [uav10.mavros.sys]: FCU: EVENT 377561 with args -8-0-0-0-20-0-0-0-0-0-0-0-0-0-0-0-0-0-0-0-0-0-0-0-0-0-0-0-0-0-0-0-0-0-0-0-0-0-0-0-
[WARN] [1790658813.355397961] [uav10.mavros.sys]: FCU: EVENT 453929 with args -255-255-255-255-7-0-0-0-0-0-0-0-0-0-0-0-0-0-0-0-0-0-0-0-0-0-0-0-0-0-0-0-0-0-0-0-0-0-0-0-
[INFO] [1790658813.355515135] [uav10.mavros.sys]: FCU: EVENT 6801787 with args -255-255-255-255-12-0-0-0-0-0-0-0-0-0-0-0-0-0-0-0-0-0-0-0-0-0-0-0-0-0-0-0-0-0-0-0-0-0-0-0-
[WARN] [1790658813.355558966] [uav10.mavros.sys]: FCU: UNK(8): EVENT 1914663 with args -0-10-13-2-56-0-0-0-0-0-0-0-0-0-0-0-0-0-0-0-0-0-0-0-0-0-0-0-0-0-0-0-0-0-0-0-0-0-0-0-
[WARN] [1790658819.541172053] [uav10.mavros.cmd]: CMD: Unexpected command 176, result 0
[INFO] [1790658820.843204539] [uav10.mavros.sys]: FCU: EVENT 9489139 with args -4-0-0-0-0-0-0-0-0-0-0-0-0-0-0-0-0-0-0-0-0-0-0-0-0-0-0-0-0-0-0-0-0-0-0-0-0-0-0-0-
[INFO] [1790658823.145390259] [uav10.mavros.sys]: FCU: EVENT 4277609 with args -0-0-0-0-0-0-0-0-0-0-0-0-0-0-0-0-0-0-0-0-0-0-0-0-0-0-0-0-0-0-0-0-0-0-0-0-0-0-0-0-
[WARN] [1790659092.924795624] [uav10.mavros.cmd]: CMD: Unexpected command 176, result 0
[INFO] [1790659127.039853676] [uav10.mavros.sys]: FCU: EVENT 9844908 with args -0-0-0-0-0-0-0-0-0-0-0-0-0-0-0-0-0-0-0-0-0-0-0-0-0-0-0-0-0-0-0-0-0-0-0-0-0-0-0-0-
[INFO] [1790659129.335642858] [uav10.mavros.sys]: FCU: EVENT 16017271 with args -6-0-0-0-0-0-0-0-0-0-0-0-0-0-0-0-0-0-0-0-0-0-0-0-0-0-0-0-0-0-0-0-0-0-0-0-0-0-0-0-
[WARN] [1790659132.862188543] [uav10.mavros.sys]: FCU: UNK(8): EVENT 11047904 with args -0-0-0-0-0-128-0-0-0-176-122-127-128-176-122-127-128-0-0-0-0-0-0-0-0-0-0-0-0-0-0-0-0-0-0-0-0-0-0-0-
[INFO] [1790659132.862447159] [uav10.mavros.sys]: FCU: EVENT 377561 with args -8-0-0-0-20-0-0-0-0-0-0-0-0-0-0-0-0-0-0-0-0-0-0-0-0-0-0-0-0-0-0-0-0-0-0-0-0-0-0-0-
[WARN] [1790659132.862570762] [uav10.mavros.sys]: FCU: EVENT 453929 with args -255-255-255-255-7-0-0-0-0-0-0-0-0-0-0-0-0-0-0-0-0-0-0-0-0-0-0-0-0-0-0-0-0-0-0-0-0-0-0-0-
[INFO] [1790659132.862598764] [uav10.mavros.sys]: FCU: EVENT 6801787 with args -255-255-255-255-12-0-0-0-0-0-0-0-0-0-0-0-0-0-0-0-0-0-0-0-0-0-0-0-0-0-0-0-0-0-0-0-0-0-0-0-
[WARN] [1790659132.862640740] [uav10.mavros.sys]: FCU: UNK(8): EVENT 1914663 with args -0-10-9-2-56-0-0-0-0-0-0-0-0-0-0-0-0-0-0-0-0-0-0-0-0-0-0-0-0-0-0-0-0-0-0-0-0-0-0-0-
[INFO] [1790659138.348133418] [rclcpp]: signal_handler(SIGINT/SIGTERM)
[WARN] [1790659138.356083440] [uav10.mavros]: UAS Executor terminated
