[INFO] [1790652735.813281394] [uav7.mavros_node]: Starting mavros_node container
[INFO] [1790652735.813399776] [uav7.mavros_node]: FCU URL: udp://:14546@127.0.0.1:14586
[INFO] [1790652735.813409382] [uav7.mavros_node]: GCS URL: 
[INFO] [1790652735.813413990] [uav7.mavros_node]: UAS Prefix: /uas7
[INFO] [1790652735.813418337] [uav7.mavros_node]: Starting mavros router node
[INFO] [1790652735.911273918] [uav7.mavros_router]: Built-in SIMD instructions: SSE, SSE2
[INFO] [1790652735.911393353] [uav7.mavros_router]: Built-in MAVLink package version: 2026.8.8
[INFO] [1790652735.911408657] [uav7.mavros_router]: Known MAVLink dialects: common ardupilotmega ASLUAV AVSSUAS all csAirLink cubepilot development icarous loweheiser marsh paparazzi standard stemstudios storm32 uAvionix ualberta
[INFO] [1790652735.911415522] [uav7.mavros_router]: MAVROS Router started
[INFO] [1790652735.911570424] [uav7.mavros_node]: Starting mavros uas node
[INFO] [1790652736.126597045] [uav7.mavros_router]: Requested to add endpoint: type: 0, url: udp://:14546@127.0.0.1:14586
[INFO] [1790652736.126666991] [uav7.mavros_router]: Endpoint link[1000] created
[INFO] [1790652736.127881612] [uav7.mavros_router]: link[1000] opened successfully
[INFO] [1790652736.127921567] [uav7.mavros_router]: Requested to add endpoint: type: 2, url: /uas7
[INFO] [1790652736.127941450] [uav7.mavros_router]: Endpoint link[1001] created
[INFO] [1790652736.130399487] [uav7.mavros_router]: link[1000] detected remote address 7.1
[INFO] [1790652736.135120583] [uav7.mavros]: Plugin actuator_control ignored
[INFO] [1790652736.135171725] [uav7.mavros]: Plugin altitude ignored
[INFO] [1790652736.137273324] [uav7.mavros]: UAS Executor started, threads: 4
[INFO] [1790652736.255051164] [uav7.mavros_router]: link[1001] opened successfully
[INFO] [1790652736.363314924] [uav7.mavros]: Plugin command created
[INFO] [1790652736.363376430] [uav7.mavros]: Plugin command initialized
[INFO] [1790652736.363385714] [uav7.mavros]: Plugin ftp ignored
[INFO] [1790652736.363391811] [uav7.mavros]: Plugin geofence ignored
[INFO] [1790652736.456501171] [uav7.mavros]: Plugin global_position created
[INFO] [1790652736.496670157] [uav7.mavros]: Plugin global_position initialized
[INFO] [1790652736.496683776] [uav7.mavros]: Plugin home_position ignored
[INFO] [1790652736.496689373] [uav7.mavros]: Plugin imu ignored
[INFO] [1790652736.662272426] [uav7.mavros]: Plugin local_position created
[INFO] [1790652736.662334189] [uav7.mavros]: Plugin local_position initialized
[INFO] [1790652736.662345319] [uav7.mavros]: Plugin manual_control ignored
[INFO] [1790652736.662351518] [uav7.mavros]: Plugin nav_controller_output ignored
[INFO] [1790652736.662356896] [uav7.mavros]: Plugin param ignored
[INFO] [1790652736.662361725] [uav7.mavros]: Plugin rallypoint ignored
[INFO] [1790652736.662366586] [uav7.mavros]: Plugin rc_io ignored
[INFO] [1790652736.662371417] [uav7.mavros]: Plugin setpoint_accel ignored
[INFO] [1790652736.662376509] [uav7.mavros]: Plugin setpoint_attitude ignored
[INFO] [1790652736.662381675] [uav7.mavros]: Plugin setpoint_position ignored
[INFO] [1790652736.662386134] [uav7.mavros]: Plugin setpoint_raw ignored
[INFO] [1790652736.662391129] [uav7.mavros]: Plugin setpoint_trajectory ignored
[INFO] [1790652736.857424532] [uav7.mavros]: Plugin setpoint_velocity created
[INFO] [1790652736.857485570] [uav7.mavros]: Plugin setpoint_velocity initialized
[INFO] [1790652737.056492473] [uav7.mavros]: Plugin sys_status created
[INFO] [1790652737.056565459] [uav7.mavros]: Plugin sys_status initialized
[INFO] [1790652737.131133120] [uav7.mavros.time]: TM: Timesync mode: MAVLINK
[INFO] [1790652737.192026144] [uav7.mavros]: Plugin sys_time created
[INFO] [1790652737.192082058] [uav7.mavros]: Plugin sys_time initialized
[INFO] [1790652737.192092126] [uav7.mavros]: Plugin waypoint ignored
[INFO] [1790652737.192098145] [uav7.mavros]: Plugin wind_estimation ignored
[INFO] [1790652737.210334084] [uav7.mavros]: Built-in SIMD instructions: SSE, SSE2
[INFO] [1790652737.210369228] [uav7.mavros]: Built-in MAVLink package version: 2026.8.8
[INFO] [1790652737.210399369] [uav7.mavros]: Known MAVLink dialects: common ardupilotmega ASLUAV AVSSUAS all csAirLink cubepilot development icarous loweheiser marsh paparazzi standard stemstudios storm32 uAvionix ualberta
[INFO] [1790652737.210406648] [uav7.mavros]: MAVROS UAS via /uas7 started. MY ID 7.191, TARGET ID 7.1
[INFO] [1790652737.336388024] [uav7.mavros_router]: link[1001] detected remote address 7.191
[INFO] [1790652738.070393510] [uav7.mavros.sys]: VER: 7.1: Capabilities         0x000000000000e8ff
[INFO] [1790652738.070441829] [uav7.mavros.sys]: VER: 7.1: Flight software:     011200c0 (fca3df865a000000)
[INFO] [1790652738.070450294] [uav7.mavros.sys]: VER: 7.1: Middleware software: 011200c0 (fca3df865a000000)
[INFO] [1790652738.070455099] [uav7.mavros.sys]: VER: 7.1: OS software:         070000ff (17040b9f87cb1791)
[INFO] [1790652738.070460243] [uav7.mavros.sys]: VER: 7.1: Board hardware:      00000001
[INFO] [1790652738.070465320] [uav7.mavros.sys]: VER: 7.1: VID/PID:             0000:0000
[INFO] [1790652738.070470467] [uav7.mavros.sys]: VER: 7.1: UID:                 4954414c44494e55
[WARN] [1790652738.070567972] [uav7.mavros.cmd]: CMD: Unexpected command 512, result 0
[INFO] [1790652738.174384867] [uav7.mavros]: CON: Got HEARTBEAT, connected. FCU: PX4 Autopilot
[WARN] [1790652738.217737040] [uav7.mavros.sys]: FCU: UNK(8): EVENT 11047904 with args -0-0-0-16-0-128-0-0-0-176-58-127-128-176-58-127-128-0-0-0-0-0-0-0-0-0-0-0-0-0-0-0-0-0-0-0-0-0-0-0-
[ERROR] [1790652738.217835370] [uav7.mavros.sys]: FCU: EVENT 11464574 with args -0-64-0-0-20-0-0-0-0-0-0-0-0-0-0-0-0-0-0-0-0-0-0-0-0-0-0-0-0-0-0-0-0-0-0-0-0-0-0-0-
[INFO] [1790652738.217886347] [uav7.mavros.sys]: FCU: EVENT 377561 with args -8-0-0-0-20-0-0-0-0-0-0-0-0-0-0-0-0-0-0-0-0-0-0-0-0-0-0-0-0-0-0-0-0-0-0-0-0-0-0-0-
[WARN] [1790652738.217931129] [uav7.mavros.sys]: FCU: EVENT 453929 with args -255-255-255-255-7-0-0-0-0-0-0-0-0-0-0-0-0-0-0-0-0-0-0-0-0-0-0-0-0-0-0-0-0-0-0-0-0-0-0-0-
[INFO] [1790652738.217986213] [uav7.mavros.sys]: FCU: EVENT 6801787 with args -255-255-255-255-12-0-0-0-0-0-0-0-0-0-0-0-0-0-0-0-0-0-0-0-0-0-0-0-0-0-0-0-0-0-0-0-0-0-0-0-
[WARN] [1790652738.218032055] [uav7.mavros.sys]: FCU: UNK(8): EVENT 1914663 with args -0-10-13-2-56-0-0-0-0-0-0-0-0-0-0-0-0-0-0-0-0-0-0-0-0-0-0-0-0-0-0-0-0-0-0-0-0-0-0-0-
[INFO] [1790652739.209717992] [uav7.mavros.sys]: VER: 7.1: Capabilities         0x000000000000e8ff
[INFO] [1790652739.209757970] [uav7.mavros.sys]: VER: 7.1: Flight software:     011200c0 (fca3df865a000000)
[INFO] [1790652739.209767410] [uav7.mavros.sys]: VER: 7.1: Middleware software: 011200c0 (fca3df865a000000)
[INFO] [1790652739.209772817] [uav7.mavros.sys]: VER: 7.1: OS software:         070000ff (17040b9f87cb1791)
[INFO] [1790652739.209777944] [uav7.mavros.sys]: VER: 7.1: Board hardware:      00000001
[INFO] [1790652739.209782923] [uav7.mavros.sys]: VER: 7.1: VID/PID:             0000:0000
[INFO] [1790652739.209787901] [uav7.mavros.sys]: VER: 7.1: UID:                 4954414c44494e55
[WARN] [1790652749.672124006] [uav7.mavros.sys]: FCU: UNK(8): EVENT 11047904 with args -0-0-0-0-0-128-0-0-0-176-122-127-128-176-122-127-128-0-0-0-0-0-0-0-0-0-0-0-0-0-0-0-0-0-0-0-0-0-0-0-
[INFO] [1790652749.672230319] [uav7.mavros.sys]: FCU: EVENT 377561 with args -8-0-0-0-20-0-0-0-0-0-0-0-0-0-0-0-0-0-0-0-0-0-0-0-0-0-0-0-0-0-0-0-0-0-0-0-0-0-0-0-
[WARN] [1790652749.672268374] [uav7.mavros.sys]: FCU: EVENT 453929 with args -255-255-255-255-7-0-0-0-0-0-0-0-0-0-0-0-0-0-0-0-0-0-0-0-0-0-0-0-0-0-0-0-0-0-0-0-0-0-0-0-
[INFO] [1790652749.672344742] [uav7.mavros.sys]: FCU: EVENT 6801787 with args -255-255-255-255-12-0-0-0-0-0-0-0-0-0-0-0-0-0-0-0-0-0-0-0-0-0-0-0-0-0-0-0-0-0-0-0-0-0-0-0-
[WARN] [1790652749.672387134] [uav7.mavros.sys]: FCU: UNK(8): EVENT 1914663 with args -0-10-13-2-56-0-0-0-0-0-0-0-0-0-0-0-0-0-0-0-0-0-0-0-0-0-0-0-0-0-0-0-0-0-0-0-0-0-0-0-
[WARN] [1790652754.323244209] [uav7.mavros.cmd]: CMD: Unexpected command 176, result 0
[INFO] [1790652754.759228385] [uav7.mavros.sys]: FCU: EVENT 9489139 with args -4-0-0-0-0-0-0-0-0-0-0-0-0-0-0-0-0-0-0-0-0-0-0-0-0-0-0-0-0-0-0-0-0-0-0-0-0-0-0-0-
[INFO] [1790652756.723370160] [uav7.mavros.sys]: FCU: EVENT 4277609 with args -0-0-0-0-0-0-0-0-0-0-0-0-0-0-0-0-0-0-0-0-0-0-0-0-0-0-0-0-0-0-0-0-0-0-0-0-0-0-0-0-
[WARN] [1790653012.577348036] [uav7.mavros.cmd]: CMD: Unexpected command 176, result 0
[INFO] [1790653049.262098599] [uav7.mavros.sys]: FCU: EVENT 9844908 with args -0-0-0-0-0-0-0-0-0-0-0-0-0-0-0-0-0-0-0-0-0-0-0-0-0-0-0-0-0-0-0-0-0-0-0-0-0-0-0-0-
[INFO] [1790653051.393942903] [uav7.mavros.sys]: FCU: EVENT 16017271 with args -6-0-0-0-0-0-0-0-0-0-0-0-0-0-0-0-0-0-0-0-0-0-0-0-0-0-0-0-0-0-0-0-0-0-0-0-0-0-0-0-
[WARN] [1790653055.472405731] [uav7.mavros.sys]: FCU: UNK(8): EVENT 11047904 with args -0-0-0-0-0-128-0-0-0-176-122-127-128-176-122-127-128-0-0-0-0-0-0-0-0-0-0-0-0-0-0-0-0-0-0-0-0-0-0-0-
[INFO] [1790653055.472485549] [uav7.mavros.sys]: FCU: EVENT 377561 with args -8-0-0-0-20-0-0-0-0-0-0-0-0-0-0-0-0-0-0-0-0-0-0-0-0-0-0-0-0-0-0-0-0-0-0-0-0-0-0-0-
[WARN] [1790653055.472593000] [uav7.mavros.sys]: FCU: EVENT 453929 with args -255-255-255-255-7-0-0-0-0-0-0-0-0-0-0-0-0-0-0-0-0-0-0-0-0-0-0-0-0-0-0-0-0-0-0-0-0-0-0-0-
[INFO] [1790653055.472623518] [uav7.mavros.sys]: FCU: EVENT 6801787 with args -255-255-255-255-12-0-0-0-0-0-0-0-0-0-0-0-0-0-0-0-0-0-0-0-0-0-0-0-0-0-0-0-0-0-0-0-0-0-0-0-
[WARN] [1790653055.472690158] [uav7.mavros.sys]: FCU: UNK(8): EVENT 1914663 with args -0-10-9-2-56-0-0-0-0-0-0-0-0-0-0-0-0-0-0-0-0-0-0-0-0-0-0-0-0-0-0-0-0-0-0-0-0-0-0-0-
[INFO] [1790653058.620928155] [rclcpp]: signal_handler(SIGINT/SIGTERM)
[WARN] [1790653058.623651461] [uav7.mavros]: UAS Executor terminated
