[INFO] [1790652735.814368970] [uav6.mavros_node]: Starting mavros_node container
[INFO] [1790652735.815015589] [uav6.mavros_node]: FCU URL: udp://:14545@127.0.0.1:14585
[INFO] [1790652735.815026552] [uav6.mavros_node]: GCS URL: 
[INFO] [1790652735.815031322] [uav6.mavros_node]: UAS Prefix: /uas6
[INFO] [1790652735.815035794] [uav6.mavros_node]: Starting mavros router node
[INFO] [1790652735.834008526] [uav6.mavros_router]: Built-in SIMD instructions: SSE, SSE2
[INFO] [1790652735.834064908] [uav6.mavros_router]: Built-in MAVLink package version: 2026.8.8
[INFO] [1790652735.834075826] [uav6.mavros_router]: Known MAVLink dialects: common ardupilotmega ASLUAV AVSSUAS all csAirLink cubepilot development icarous loweheiser marsh paparazzi standard stemstudios storm32 uAvionix ualberta
[INFO] [1790652735.834082296] [uav6.mavros_router]: MAVROS Router started
[INFO] [1790652735.834263357] [uav6.mavros_node]: Starting mavros uas node
[INFO] [1790652736.059381982] [uav6.mavros_router]: Requested to add endpoint: type: 0, url: udp://:14545@127.0.0.1:14585
[INFO] [1790652736.059456838] [uav6.mavros_router]: Endpoint link[1000] created
[INFO] [1790652736.059692092] [uav6.mavros_router]: link[1000] opened successfully
[INFO] [1790652736.062233527] [uav6.mavros_router]: Requested to add endpoint: type: 2, url: /uas6
[INFO] [1790652736.062256843] [uav6.mavros_router]: Endpoint link[1001] created
[INFO] [1790652736.061321973] [uav6.mavros_router]: link[1000] detected remote address 6.1
[INFO] [1790652736.072705966] [uav6.mavros]: Plugin actuator_control ignored
[INFO] [1790652736.073353886] [uav6.mavros]: Plugin altitude ignored
[INFO] [1790652736.072773006] [uav6.mavros]: UAS Executor started, threads: 4
[INFO] [1790652736.196672280] [uav6.mavros_router]: link[1001] opened successfully
[INFO] [1790652736.314524052] [uav6.mavros]: Plugin command created
[INFO] [1790652736.314606641] [uav6.mavros]: Plugin command initialized
[INFO] [1790652736.314621035] [uav6.mavros]: Plugin ftp ignored
[INFO] [1790652736.314626971] [uav6.mavros]: Plugin geofence ignored
[INFO] [1790652736.463032159] [uav6.mavros]: Plugin global_position created
[INFO] [1790652736.496178807] [uav6.mavros]: Plugin global_position initialized
[INFO] [1790652736.496195301] [uav6.mavros]: Plugin home_position ignored
[INFO] [1790652736.496200671] [uav6.mavros]: Plugin imu ignored
[INFO] [1790652736.694687225] [uav6.mavros]: Plugin local_position created
[INFO] [1790652736.694746237] [uav6.mavros]: Plugin local_position initialized
[INFO] [1790652736.694758288] [uav6.mavros]: Plugin manual_control ignored
[INFO] [1790652736.694763551] [uav6.mavros]: Plugin nav_controller_output ignored
[INFO] [1790652736.694769252] [uav6.mavros]: Plugin param ignored
[INFO] [1790652736.694774490] [uav6.mavros]: Plugin rallypoint ignored
[INFO] [1790652736.694784945] [uav6.mavros]: Plugin rc_io ignored
[INFO] [1790652736.694790095] [uav6.mavros]: Plugin setpoint_accel ignored
[INFO] [1790652736.694794887] [uav6.mavros]: Plugin setpoint_attitude ignored
[INFO] [1790652736.694799665] [uav6.mavros]: Plugin setpoint_position ignored
[INFO] [1790652736.694804645] [uav6.mavros]: Plugin setpoint_raw ignored
[INFO] [1790652736.694809316] [uav6.mavros]: Plugin setpoint_trajectory ignored
[INFO] [1790652736.886635037] [uav6.mavros]: Plugin setpoint_velocity created
[INFO] [1790652736.886681523] [uav6.mavros]: Plugin setpoint_velocity initialized
[INFO] [1790652737.301455045] [uav6.mavros]: Plugin sys_status created
[INFO] [1790652737.301531477] [uav6.mavros]: Plugin sys_status initialized
[INFO] [1790652737.508064459] [uav6.mavros.time]: TM: Timesync mode: MAVLINK
[INFO] [1790652737.567602059] [uav6.mavros]: Plugin sys_time created
[INFO] [1790652737.567650653] [uav6.mavros]: Plugin sys_time initialized
[INFO] [1790652737.567660289] [uav6.mavros]: Plugin waypoint ignored
[INFO] [1790652737.567666446] [uav6.mavros]: Plugin wind_estimation ignored
[INFO] [1790652737.586611709] [uav6.mavros]: Built-in SIMD instructions: SSE, SSE2
[INFO] [1790652737.586659906] [uav6.mavros]: Built-in MAVLink package version: 2026.8.8
[INFO] [1790652737.586696280] [uav6.mavros]: Known MAVLink dialects: common ardupilotmega ASLUAV AVSSUAS all csAirLink cubepilot development icarous loweheiser marsh paparazzi standard stemstudios storm32 uAvionix ualberta
[INFO] [1790652737.586704223] [uav6.mavros]: MAVROS UAS via /uas6 started. MY ID 6.191, TARGET ID 6.1
[INFO] [1790652737.621932297] [uav6.mavros_router]: link[1001] detected remote address 6.191
[INFO] [1790652737.951719093] [uav6.mavros]: CON: Got HEARTBEAT, connected. FCU: PX4 Autopilot
[INFO] [1790652739.012831171] [uav6.mavros.sys]: VER: 6.1: Capabilities         0x000000000000e8ff
[INFO] [1790652739.012882604] [uav6.mavros.sys]: VER: 6.1: Flight software:     011200c0 (fca3df865a000000)
[INFO] [1790652739.012889738] [uav6.mavros.sys]: VER: 6.1: Middleware software: 011200c0 (fca3df865a000000)
[INFO] [1790652739.012894932] [uav6.mavros.sys]: VER: 6.1: OS software:         070000ff (17040b9f87cb1791)
[INFO] [1790652739.012899913] [uav6.mavros.sys]: VER: 6.1: Board hardware:      00000001
[INFO] [1790652739.012904693] [uav6.mavros.sys]: VER: 6.1: VID/PID:             0000:0000
[INFO] [1790652739.012909993] [uav6.mavros.sys]: VER: 6.1: UID:                 4954414c44494e54
[WARN] [1790652739.018444865] [uav6.mavros.cmd]: CMD: Unexpected command 512, result 0
[WARN] [1790652748.069016130] [uav6.mavros.sys]: FCU: UNK(8): EVENT 11047904 with args -0-0-0-0-0-128-0-0-0-176-122-127-128-176-122-127-128-0-0-0-0-0-0-0-0-0-0-0-0-0-0-0-0-0-0-0-0-0-0-0-
[INFO] [1790652748.069105878] [uav6.mavros.sys]: FCU: EVENT 377561 with args -8-0-0-0-20-0-0-0-0-0-0-0-0-0-0-0-0-0-0-0-0-0-0-0-0-0-0-0-0-0-0-0-0-0-0-0-0-0-0-0-
[WARN] [1790652748.069143942] [uav6.mavros.sys]: FCU: EVENT 453929 with args -255-255-255-255-7-0-0-0-0-0-0-0-0-0-0-0-0-0-0-0-0-0-0-0-0-0-0-0-0-0-0-0-0-0-0-0-0-0-0-0-
[INFO] [1790652748.069178784] [uav6.mavros.sys]: FCU: EVENT 6801787 with args -255-255-255-255-12-0-0-0-0-0-0-0-0-0-0-0-0-0-0-0-0-0-0-0-0-0-0-0-0-0-0-0-0-0-0-0-0-0-0-0-
[WARN] [1790652748.069213767] [uav6.mavros.sys]: FCU: UNK(8): EVENT 1914663 with args -0-10-13-2-56-0-0-0-0-0-0-0-0-0-0-0-0-0-0-0-0-0-0-0-0-0-0-0-0-0-0-0-0-0-0-0-0-0-0-0-
[WARN] [1790652754.324604607] [uav6.mavros.cmd]: CMD: Unexpected command 176, result 0
[INFO] [1790652754.584618929] [uav6.mavros.sys]: FCU: EVENT 9489139 with args -4-0-0-0-0-0-0-0-0-0-0-0-0-0-0-0-0-0-0-0-0-0-0-0-0-0-0-0-0-0-0-0-0-0-0-0-0-0-0-0-
[INFO] [1790652756.569500419] [uav6.mavros.sys]: FCU: EVENT 4277609 with args -0-0-0-0-0-0-0-0-0-0-0-0-0-0-0-0-0-0-0-0-0-0-0-0-0-0-0-0-0-0-0-0-0-0-0-0-0-0-0-0-
[WARN] [1790653012.574457086] [uav6.mavros.cmd]: CMD: Unexpected command 176, result 0
[INFO] [1790653045.715699530] [uav6.mavros.sys]: FCU: EVENT 9844908 with args -0-0-0-0-0-0-0-0-0-0-0-0-0-0-0-0-0-0-0-0-0-0-0-0-0-0-0-0-0-0-0-0-0-0-0-0-0-0-0-0-
[INFO] [1790653047.863934495] [uav6.mavros.sys]: FCU: EVENT 16017271 with args -6-0-0-0-0-0-0-0-0-0-0-0-0-0-0-0-0-0-0-0-0-0-0-0-0-0-0-0-0-0-0-0-0-0-0-0-0-0-0-0-
[WARN] [1790653051.451672793] [uav6.mavros.sys]: FCU: UNK(8): EVENT 11047904 with args -0-0-0-0-0-128-0-0-0-176-122-127-128-176-122-127-128-0-0-0-0-0-0-0-0-0-0-0-0-0-0-0-0-0-0-0-0-0-0-0-
[INFO] [1790653051.451807439] [uav6.mavros.sys]: FCU: EVENT 377561 with args -8-0-0-0-20-0-0-0-0-0-0-0-0-0-0-0-0-0-0-0-0-0-0-0-0-0-0-0-0-0-0-0-0-0-0-0-0-0-0-0-
[WARN] [1790653051.451836033] [uav6.mavros.sys]: FCU: EVENT 453929 with args -255-255-255-255-7-0-0-0-0-0-0-0-0-0-0-0-0-0-0-0-0-0-0-0-0-0-0-0-0-0-0-0-0-0-0-0-0-0-0-0-
[INFO] [1790653051.451880140] [uav6.mavros.sys]: FCU: EVENT 6801787 with args -255-255-255-255-12-0-0-0-0-0-0-0-0-0-0-0-0-0-0-0-0-0-0-0-0-0-0-0-0-0-0-0-0-0-0-0-0-0-0-0-
[WARN] [1790653051.455617190] [uav6.mavros.sys]: FCU: UNK(8): EVENT 1914663 with args -0-10-9-2-56-0-0-0-0-0-0-0-0-0-0-0-0-0-0-0-0-0-0-0-0-0-0-0-0-0-0-0-0-0-0-0-0-0-0-0-
[INFO] [1790653058.609164178] [rclcpp]: signal_handler(SIGINT/SIGTERM)
[WARN] [1790653058.610404341] [uav6.mavros]: UAS Executor terminated
