[INFO] [1790592635.405988078] [uav9.mavros_node]: Starting mavros_node container
[INFO] [1790592635.406097295] [uav9.mavros_node]: FCU URL: udp://:14548@127.0.0.1:14588
[INFO] [1790592635.406106926] [uav9.mavros_node]: GCS URL: 
[INFO] [1790592635.406112319] [uav9.mavros_node]: UAS Prefix: /uas9
[INFO] [1790592635.406117840] [uav9.mavros_node]: Starting mavros router node
[INFO] [1790592635.417326717] [uav9.mavros_router]: Built-in SIMD instructions: SSE, SSE2
[INFO] [1790592635.417382072] [uav9.mavros_router]: Built-in MAVLink package version: 2026.8.8
[INFO] [1790592635.417397377] [uav9.mavros_router]: Known MAVLink dialects: common ardupilotmega ASLUAV AVSSUAS all csAirLink cubepilot development icarous loweheiser marsh paparazzi standard stemstudios storm32 uAvionix ualberta
[INFO] [1790592635.417405775] [uav9.mavros_router]: MAVROS Router started
[INFO] [1790592635.417630087] [uav9.mavros_node]: Starting mavros uas node
[INFO] [1790592635.454428824] [uav9.mavros_router]: Requested to add endpoint: type: 0, url: udp://:14548@127.0.0.1:14588
[INFO] [1790592635.455016405] [uav9.mavros_router]: Endpoint link[1000] created
[INFO] [1790592635.455331468] [uav9.mavros_router]: link[1000] opened successfully
[INFO] [1790592635.455354319] [uav9.mavros_router]: Requested to add endpoint: type: 2, url: /uas9
[INFO] [1790592635.455368112] [uav9.mavros_router]: Endpoint link[1001] created
[INFO] [1790592635.460155200] [uav9.mavros_router]: link[1001] opened successfully
[INFO] [1790592635.467612424] [uav9.mavros_router]: link[1000] detected remote address 9.1
[INFO] [1790592635.468392057] [uav9.mavros]: Plugin actuator_control ignored
[INFO] [1790592635.468452834] [uav9.mavros]: Plugin altitude ignored
[INFO] [1790592635.469048069] [uav9.mavros]: UAS Executor started, threads: 4
[INFO] [1790592635.890092886] [uav9.mavros]: Plugin command created
[INFO] [1790592635.890170019] [uav9.mavros]: Plugin command initialized
[INFO] [1790592635.890183770] [uav9.mavros]: Plugin ftp ignored
[INFO] [1790592635.890197783] [uav9.mavros]: Plugin geofence ignored
[INFO] [1790592636.292216429] [uav9.mavros]: Plugin global_position created
[INFO] [1790592636.292287023] [uav9.mavros]: Plugin global_position initialized
[INFO] [1790592636.292299348] [uav9.mavros]: Plugin home_position ignored
[INFO] [1790592636.292306046] [uav9.mavros]: Plugin imu ignored
[INFO] [1790592636.429518095] [uav9.mavros]: Plugin local_position created
[INFO] [1790592636.429573924] [uav9.mavros]: Plugin local_position initialized
[INFO] [1790592636.429737140] [uav9.mavros]: Plugin manual_control ignored
[INFO] [1790592636.429772197] [uav9.mavros]: Plugin nav_controller_output ignored
[INFO] [1790592636.429785305] [uav9.mavros]: Plugin param ignored
[INFO] [1790592636.429792847] [uav9.mavros]: Plugin rallypoint ignored
[INFO] [1790592636.429799988] [uav9.mavros]: Plugin rc_io ignored
[INFO] [1790592636.429806334] [uav9.mavros]: Plugin setpoint_accel ignored
[INFO] [1790592636.429814015] [uav9.mavros]: Plugin setpoint_attitude ignored
[INFO] [1790592636.429822527] [uav9.mavros]: Plugin setpoint_position ignored
[INFO] [1790592636.429828463] [uav9.mavros]: Plugin setpoint_raw ignored
[INFO] [1790592636.429936162] [uav9.mavros]: Plugin setpoint_trajectory ignored
[INFO] [1790592636.495953776] [uav9.mavros]: Plugin setpoint_velocity created
[INFO] [1790592636.496017233] [uav9.mavros]: Plugin setpoint_velocity initialized
[INFO] [1790592636.871887798] [uav9.mavros]: Plugin sys_status created
[INFO] [1790592636.871974702] [uav9.mavros]: Plugin sys_status initialized
[INFO] [1790592637.129303548] [uav9.mavros.time]: TM: Timesync mode: MAVLINK
[INFO] [1790592637.201621983] [uav9.mavros]: Plugin sys_time created
[INFO] [1790592637.201699320] [uav9.mavros]: Plugin sys_time initialized
[INFO] [1790592637.201712007] [uav9.mavros]: Plugin waypoint ignored
[INFO] [1790592637.201719503] [uav9.mavros]: Plugin wind_estimation ignored
[INFO] [1790592637.238897219] [uav9.mavros]: Built-in SIMD instructions: SSE, SSE2
[INFO] [1790592637.238946580] [uav9.mavros]: Built-in MAVLink package version: 2026.8.8
[INFO] [1790592637.238977851] [uav9.mavros]: Known MAVLink dialects: common ardupilotmega ASLUAV AVSSUAS all csAirLink cubepilot development icarous loweheiser marsh paparazzi standard stemstudios storm32 uAvionix ualberta
[INFO] [1790592637.238986404] [uav9.mavros]: MAVROS UAS via /uas9 started. MY ID 9.191, TARGET ID 9.1
[INFO] [1790592637.324031646] [uav9.mavros_router]: link[1001] detected remote address 9.191
[WARN] [1790592637.771726783] [uav9.mavros.sys]: FCU: UNK(8): EVENT 11047904 with args -0-0-0-16-0-128-0-0-0-176-58-127-128-176-58-127-128-0-0-0-0-0-0-0-0-0-0-0-0-0-0-0-0-0-0-0-0-0-0-0-
[ERROR] [1790592637.771840629] [uav9.mavros.sys]: FCU: EVENT 11464574 with args -0-64-0-0-20-0-0-0-0-0-0-0-0-0-0-0-0-0-0-0-0-0-0-0-0-0-0-0-0-0-0-0-0-0-0-0-0-0-0-0-
[INFO] [1790592637.771904434] [uav9.mavros.sys]: FCU: EVENT 377561 with args -8-0-0-0-20-0-0-0-0-0-0-0-0-0-0-0-0-0-0-0-0-0-0-0-0-0-0-0-0-0-0-0-0-0-0-0-0-0-0-0-
[WARN] [1790592637.771944261] [uav9.mavros.sys]: FCU: EVENT 453929 with args -255-255-255-255-7-0-0-0-0-0-0-0-0-0-0-0-0-0-0-0-0-0-0-0-0-0-0-0-0-0-0-0-0-0-0-0-0-0-0-0-
[INFO] [1790592637.771982137] [uav9.mavros.sys]: FCU: EVENT 6801787 with args -255-255-255-255-12-0-0-0-0-0-0-0-0-0-0-0-0-0-0-0-0-0-0-0-0-0-0-0-0-0-0-0-0-0-0-0-0-0-0-0-
[WARN] [1790592637.772020701] [uav9.mavros.sys]: FCU: UNK(8): EVENT 1914663 with args -0-10-13-2-56-0-0-0-0-0-0-0-0-0-0-0-0-0-0-0-0-0-0-0-0-0-0-0-0-0-0-0-0-0-0-0-0-0-0-0-
[INFO] [1790592637.804802972] [uav9.mavros]: CON: Got HEARTBEAT, connected. FCU: PX4 Autopilot
[INFO] [1790592638.839590225] [uav9.mavros.sys]: VER: 9.1: Capabilities         0x000000000000e8ff
[INFO] [1790592638.839653508] [uav9.mavros.sys]: VER: 9.1: Flight software:     011200c0 (fca3df865a000000)
[INFO] [1790592638.839663806] [uav9.mavros.sys]: VER: 9.1: Middleware software: 011200c0 (fca3df865a000000)
[INFO] [1790592638.839669437] [uav9.mavros.sys]: VER: 9.1: OS software:         070000ff (17040b9f87cb1791)
[INFO] [1790592638.839680128] [uav9.mavros.sys]: VER: 9.1: Board hardware:      00000001
[INFO] [1790592638.839685812] [uav9.mavros.sys]: VER: 9.1: VID/PID:             0000:0000
[INFO] [1790592638.839693366] [uav9.mavros.sys]: VER: 9.1: UID:                 4954414c44494e57
[WARN] [1790592638.843092464] [uav9.mavros.cmd]: CMD: Unexpected command 512, result 0
[WARN] [1790592650.437646493] [uav9.mavros.sys]: FCU: UNK(8): EVENT 11047904 with args -0-0-0-0-0-128-0-0-0-176-122-127-128-176-122-127-128-0-0-0-0-0-0-0-0-0-0-0-0-0-0-0-0-0-0-0-0-0-0-0-
[INFO] [1790592650.438259523] [uav9.mavros.sys]: FCU: EVENT 377561 with args -8-0-0-0-20-0-0-0-0-0-0-0-0-0-0-0-0-0-0-0-0-0-0-0-0-0-0-0-0-0-0-0-0-0-0-0-0-0-0-0-
[WARN] [1790592650.438350060] [uav9.mavros.sys]: FCU: EVENT 453929 with args -255-255-255-255-7-0-0-0-0-0-0-0-0-0-0-0-0-0-0-0-0-0-0-0-0-0-0-0-0-0-0-0-0-0-0-0-0-0-0-0-
[INFO] [1790592650.438388895] [uav9.mavros.sys]: FCU: EVENT 6801787 with args -255-255-255-255-12-0-0-0-0-0-0-0-0-0-0-0-0-0-0-0-0-0-0-0-0-0-0-0-0-0-0-0-0-0-0-0-0-0-0-0-
[WARN] [1790592650.438423360] [uav9.mavros.sys]: FCU: UNK(8): EVENT 1914663 with args -0-10-13-2-56-0-0-0-0-0-0-0-0-0-0-0-0-0-0-0-0-0-0-0-0-0-0-0-0-0-0-0-0-0-0-0-0-0-0-0-
[WARN] [1790592652.020757175] [uav9.mavros.cmd]: CMD: Unexpected command 176, result 0
[INFO] [1790592652.995921655] [uav9.mavros.sys]: FCU: EVENT 9489139 with args -4-0-0-0-0-0-0-0-0-0-0-0-0-0-0-0-0-0-0-0-0-0-0-0-0-0-0-0-0-0-0-0-0-0-0-0-0-0-0-0-
[INFO] [1790592655.043415462] [uav9.mavros.sys]: FCU: EVENT 4277609 with args -0-0-0-0-0-0-0-0-0-0-0-0-0-0-0-0-0-0-0-0-0-0-0-0-0-0-0-0-0-0-0-0-0-0-0-0-0-0-0-0-
[WARN] [1790592909.350211305] [uav9.mavros.cmd]: CMD: Unexpected command 176, result 0
[INFO] [1790592942.239090817] [uav9.mavros.sys]: FCU: EVENT 9844908 with args -0-0-0-0-0-0-0-0-0-0-0-0-0-0-0-0-0-0-0-0-0-0-0-0-0-0-0-0-0-0-0-0-0-0-0-0-0-0-0-0-
[INFO] [1790592944.447608787] [uav9.mavros.sys]: FCU: EVENT 16017271 with args -6-0-0-0-0-0-0-0-0-0-0-0-0-0-0-0-0-0-0-0-0-0-0-0-0-0-0-0-0-0-0-0-0-0-0-0-0-0-0-0-
[WARN] [1790592948.351228183] [uav9.mavros.sys]: FCU: UNK(8): EVENT 11047904 with args -0-0-0-0-0-128-0-0-0-176-122-127-128-176-122-127-128-0-0-0-0-0-0-0-0-0-0-0-0-0-0-0-0-0-0-0-0-0-0-0-
[INFO] [1790592948.351409491] [uav9.mavros.sys]: FCU: EVENT 377561 with args -8-0-0-0-20-0-0-0-0-0-0-0-0-0-0-0-0-0-0-0-0-0-0-0-0-0-0-0-0-0-0-0-0-0-0-0-0-0-0-0-
[WARN] [1790592948.351496241] [uav9.mavros.sys]: FCU: EVENT 453929 with args -255-255-255-255-7-0-0-0-0-0-0-0-0-0-0-0-0-0-0-0-0-0-0-0-0-0-0-0-0-0-0-0-0-0-0-0-0-0-0-0-
[INFO] [1790592948.351539698] [uav9.mavros.sys]: FCU: EVENT 6801787 with args -255-255-255-255-12-0-0-0-0-0-0-0-0-0-0-0-0-0-0-0-0-0-0-0-0-0-0-0-0-0-0-0-0-0-0-0-0-0-0-0-
[WARN] [1790592948.351590099] [uav9.mavros.sys]: FCU: UNK(8): EVENT 1914663 with args -0-10-9-2-56-0-0-0-0-0-0-0-0-0-0-0-0-0-0-0-0-0-0-0-0-0-0-0-0-0-0-0-0-0-0-0-0-0-0-0-
[INFO] [1790592948.543955074] [rclcpp]: signal_handler(SIGINT/SIGTERM)
[WARN] [1790592948.548671554] [uav9.mavros]: UAS Executor terminated
