[INFO] [1790592635.149601695] [uav5.mavros_node]: Starting mavros_node container
[INFO] [1790592635.149712448] [uav5.mavros_node]: FCU URL: udp://:14544@127.0.0.1:14584
[INFO] [1790592635.149724030] [uav5.mavros_node]: GCS URL: 
[INFO] [1790592635.149729660] [uav5.mavros_node]: UAS Prefix: /uas5
[INFO] [1790592635.149734430] [uav5.mavros_node]: Starting mavros router node
[INFO] [1790592635.161444962] [uav5.mavros_router]: Built-in SIMD instructions: SSE, SSE2
[INFO] [1790592635.161498836] [uav5.mavros_router]: Built-in MAVLink package version: 2026.8.8
[INFO] [1790592635.161509760] [uav5.mavros_router]: Known MAVLink dialects: common ardupilotmega ASLUAV AVSSUAS all csAirLink cubepilot development icarous loweheiser marsh paparazzi standard stemstudios storm32 uAvionix ualberta
[INFO] [1790592635.161517492] [uav5.mavros_router]: MAVROS Router started
[INFO] [1790592635.161746688] [uav5.mavros_node]: Starting mavros uas node
[INFO] [1790592635.215798517] [uav5.mavros_router]: Requested to add endpoint: type: 0, url: udp://:14544@127.0.0.1:14584
[INFO] [1790592635.215847939] [uav5.mavros_router]: Endpoint link[1000] created
[INFO] [1790592635.217365957] [uav5.mavros_router]: link[1000] opened successfully
[INFO] [1790592635.217777355] [uav5.mavros_router]: Requested to add endpoint: type: 2, url: /uas5
[INFO] [1790592635.218914258] [uav5.mavros_router]: Endpoint link[1001] created
[INFO] [1790592635.221677437] [uav5.mavros_router]: link[1000] detected remote address 5.1
[INFO] [1790592635.226020824] [uav5.mavros]: UAS Executor started, threads: 4
[INFO] [1790592635.227177728] [uav5.mavros_router]: link[1001] opened successfully
[INFO] [1790592635.231291183] [uav5.mavros]: Plugin actuator_control ignored
[INFO] [1790592635.231353558] [uav5.mavros]: Plugin altitude ignored
[INFO] [1790592635.667314973] [uav5.mavros]: Plugin command created
[INFO] [1790592635.668976772] [uav5.mavros]: Plugin command initialized
[INFO] [1790592635.669004095] [uav5.mavros]: Plugin ftp ignored
[INFO] [1790592635.669011541] [uav5.mavros]: Plugin geofence ignored
[INFO] [1790592635.780077175] [uav5.mavros]: Plugin global_position created
[INFO] [1790592635.781373931] [uav5.mavros]: Plugin global_position initialized
[INFO] [1790592635.781787627] [uav5.mavros]: Plugin home_position ignored
[INFO] [1790592635.781811475] [uav5.mavros]: Plugin imu ignored
[INFO] [1790592636.088395822] [uav5.mavros]: Plugin local_position created
[INFO] [1790592636.088460702] [uav5.mavros]: Plugin local_position initialized
[INFO] [1790592636.088470820] [uav5.mavros]: Plugin manual_control ignored
[INFO] [1790592636.088476820] [uav5.mavros]: Plugin nav_controller_output ignored
[INFO] [1790592636.088482685] [uav5.mavros]: Plugin param ignored
[INFO] [1790592636.088488444] [uav5.mavros]: Plugin rallypoint ignored
[INFO] [1790592636.088493672] [uav5.mavros]: Plugin rc_io ignored
[INFO] [1790592636.088499276] [uav5.mavros]: Plugin setpoint_accel ignored
[INFO] [1790592636.088504701] [uav5.mavros]: Plugin setpoint_attitude ignored
[INFO] [1790592636.088509973] [uav5.mavros]: Plugin setpoint_position ignored
[INFO] [1790592636.088515741] [uav5.mavros]: Plugin setpoint_raw ignored
[INFO] [1790592636.088521920] [uav5.mavros]: Plugin setpoint_trajectory ignored
[INFO] [1790592636.421700234] [uav5.mavros]: Plugin setpoint_velocity created
[INFO] [1790592636.421759525] [uav5.mavros]: Plugin setpoint_velocity initialized
[INFO] [1790592636.981848442] [uav5.mavros]: Plugin sys_status created
[INFO] [1790592636.986882977] [uav5.mavros]: Plugin sys_status initialized
[INFO] [1790592637.427020733] [uav5.mavros.time]: TM: Timesync mode: MAVLINK
[INFO] [1790592637.438491206] [uav5.mavros]: Plugin sys_time created
[INFO] [1790592637.438555118] [uav5.mavros]: Plugin sys_time initialized
[INFO] [1790592637.438566271] [uav5.mavros]: Plugin waypoint ignored
[INFO] [1790592637.447421648] [uav5.mavros]: Plugin wind_estimation ignored
[INFO] [1790592637.464266575] [uav5.mavros]: Built-in SIMD instructions: SSE, SSE2
[INFO] [1790592637.464327142] [uav5.mavros]: Built-in MAVLink package version: 2026.8.8
[INFO] [1790592637.464369610] [uav5.mavros]: Known MAVLink dialects: common ardupilotmega ASLUAV AVSSUAS all csAirLink cubepilot development icarous loweheiser marsh paparazzi standard stemstudios storm32 uAvionix ualberta
[INFO] [1790592637.464380845] [uav5.mavros]: MAVROS UAS via /uas5 started. MY ID 5.191, TARGET ID 5.1
[INFO] [1790592637.536630413] [uav5.mavros_router]: link[1001] detected remote address 5.191
[INFO] [1790592637.870698254] [uav5.mavros]: CON: Got HEARTBEAT, connected. FCU: PX4 Autopilot
[INFO] [1790592638.936001927] [uav5.mavros.sys]: VER: 5.1: Capabilities         0x000000000000e8ff
[INFO] [1790592638.936156575] [uav5.mavros.sys]: VER: 5.1: Flight software:     011200c0 (fca3df865a000000)
[INFO] [1790592638.936182440] [uav5.mavros.sys]: VER: 5.1: Middleware software: 011200c0 (fca3df865a000000)
[INFO] [1790592638.936194006] [uav5.mavros.sys]: VER: 5.1: OS software:         070000ff (17040b9f87cb1791)
[INFO] [1790592638.936203820] [uav5.mavros.sys]: VER: 5.1: Board hardware:      00000001
[INFO] [1790592638.936213236] [uav5.mavros.sys]: VER: 5.1: VID/PID:             0000:0000
[INFO] [1790592638.936223260] [uav5.mavros.sys]: VER: 5.1: UID:                 4954414c44494e53
[WARN] [1790592638.942448897] [uav5.mavros.cmd]: CMD: Unexpected command 512, result 0
[WARN] [1790592648.926061333] [uav5.mavros.sys]: FCU: UNK(8): EVENT 11047904 with args -0-0-0-0-0-128-0-0-0-176-122-127-128-176-122-127-128-0-0-0-0-0-0-0-0-0-0-0-0-0-0-0-0-0-0-0-0-0-0-0-
[INFO] [1790592648.933228748] [uav5.mavros.sys]: FCU: EVENT 377561 with args -8-0-0-0-20-0-0-0-0-0-0-0-0-0-0-0-0-0-0-0-0-0-0-0-0-0-0-0-0-0-0-0-0-0-0-0-0-0-0-0-
[WARN] [1790592648.933281241] [uav5.mavros.sys]: FCU: EVENT 453929 with args -255-255-255-255-7-0-0-0-0-0-0-0-0-0-0-0-0-0-0-0-0-0-0-0-0-0-0-0-0-0-0-0-0-0-0-0-0-0-0-0-
[INFO] [1790592648.933320475] [uav5.mavros.sys]: FCU: EVENT 6801787 with args -255-255-255-255-12-0-0-0-0-0-0-0-0-0-0-0-0-0-0-0-0-0-0-0-0-0-0-0-0-0-0-0-0-0-0-0-0-0-0-0-
[WARN] [1790592648.933359596] [uav5.mavros.sys]: FCU: UNK(8): EVENT 1914663 with args -0-10-13-2-56-0-0-0-0-0-0-0-0-0-0-0-0-0-0-0-0-0-0-0-0-0-0-0-0-0-0-0-0-0-0-0-0-0-0-0-
[WARN] [1790592651.974987282] [uav5.mavros.cmd]: CMD: Unexpected command 176, result 0
[INFO] [1790592652.188943206] [uav5.mavros.sys]: FCU: EVENT 9489139 with args -4-0-0-0-0-0-0-0-0-0-0-0-0-0-0-0-0-0-0-0-0-0-0-0-0-0-0-0-0-0-0-0-0-0-0-0-0-0-0-0-
[INFO] [1790592654.065972244] [uav5.mavros.sys]: FCU: EVENT 4277609 with args -0-0-0-0-0-0-0-0-0-0-0-0-0-0-0-0-0-0-0-0-0-0-0-0-0-0-0-0-0-0-0-0-0-0-0-0-0-0-0-0-
[WARN] [1790592909.356665446] [uav5.mavros.cmd]: CMD: Unexpected command 176, result 0
[INFO] [1790592942.484790127] [uav5.mavros.sys]: FCU: EVENT 9844908 with args -0-0-0-0-0-0-0-0-0-0-0-0-0-0-0-0-0-0-0-0-0-0-0-0-0-0-0-0-0-0-0-0-0-0-0-0-0-0-0-0-
[INFO] [1790592944.700114114] [uav5.mavros.sys]: FCU: EVENT 16017271 with args -6-0-0-0-0-0-0-0-0-0-0-0-0-0-0-0-0-0-0-0-0-0-0-0-0-0-0-0-0-0-0-0-0-0-0-0-0-0-0-0-
[WARN] [1790592948.078002507] [uav5.mavros.sys]: FCU: UNK(8): EVENT 11047904 with args -0-0-0-0-0-128-0-0-0-176-122-127-128-176-122-127-128-0-0-0-0-0-0-0-0-0-0-0-0-0-0-0-0-0-0-0-0-0-0-0-
[INFO] [1790592948.078137702] [uav5.mavros.sys]: FCU: EVENT 377561 with args -8-0-0-0-20-0-0-0-0-0-0-0-0-0-0-0-0-0-0-0-0-0-0-0-0-0-0-0-0-0-0-0-0-0-0-0-0-0-0-0-
[WARN] [1790592948.078210860] [uav5.mavros.sys]: FCU: EVENT 453929 with args -255-255-255-255-7-0-0-0-0-0-0-0-0-0-0-0-0-0-0-0-0-0-0-0-0-0-0-0-0-0-0-0-0-0-0-0-0-0-0-0-
[INFO] [1790592948.078245302] [uav5.mavros.sys]: FCU: EVENT 6801787 with args -255-255-255-255-12-0-0-0-0-0-0-0-0-0-0-0-0-0-0-0-0-0-0-0-0-0-0-0-0-0-0-0-0-0-0-0-0-0-0-0-
[WARN] [1790592948.078277171] [uav5.mavros.sys]: FCU: UNK(8): EVENT 1914663 with args -0-10-9-2-56-0-0-0-0-0-0-0-0-0-0-0-0-0-0-0-0-0-0-0-0-0-0-0-0-0-0-0-0-0-0-0-0-0-0-0-
[INFO] [1790592948.547176638] [rclcpp]: signal_handler(SIGINT/SIGTERM)
[WARN] [1790592948.550080773] [uav5.mavros]: UAS Executor terminated
