[INFO] [1790403338.598424459] [uav2.mavros_node]: Starting mavros_node container
[INFO] [1790403338.598515741] [uav2.mavros_node]: FCU URL: udp://:14541@127.0.0.1:14581
[INFO] [1790403338.598526383] [uav2.mavros_node]: GCS URL: 
[INFO] [1790403338.598532428] [uav2.mavros_node]: UAS Prefix: /uas2
[INFO] [1790403338.598537577] [uav2.mavros_node]: Starting mavros router node
[INFO] [1790403338.631584107] [uav2.mavros_router]: Built-in SIMD instructions: SSE, SSE2
[INFO] [1790403338.631697020] [uav2.mavros_router]: Built-in MAVLink package version: 2026.8.8
[INFO] [1790403338.631715786] [uav2.mavros_router]: Known MAVLink dialects: common ardupilotmega ASLUAV AVSSUAS all csAirLink cubepilot development icarous loweheiser marsh paparazzi standard stemstudios storm32 uAvionix ualberta
[INFO] [1790403338.631732225] [uav2.mavros_router]: MAVROS Router started
[INFO] [1790403338.632006365] [uav2.mavros_node]: Starting mavros uas node
[INFO] [1790403338.716678488] [uav2.mavros_router]: Requested to add endpoint: type: 0, url: udp://:14541@127.0.0.1:14581
[INFO] [1790403338.716828540] [uav2.mavros_router]: Endpoint link[1000] created
[INFO] [1790403338.717802096] [uav2.mavros_router]: link[1000] opened successfully
[INFO] [1790403338.718000278] [uav2.mavros_router]: Requested to add endpoint: type: 2, url: /uas2
[INFO] [1790403338.718183555] [uav2.mavros_router]: Endpoint link[1001] created
[INFO] [1790403338.721860139] [uav2.mavros_router]: link[1000] detected remote address 2.1
[INFO] [1790403338.729641470] [uav2.mavros]: Plugin actuator_control ignored
[INFO] [1790403338.731898911] [uav2.mavros]: Plugin altitude ignored
[INFO] [1790403338.731652363] [uav2.mavros]: UAS Executor started, threads: 4
[INFO] [1790403338.778894256] [uav2.mavros_router]: link[1001] opened successfully
[INFO] [1790403338.857866004] [uav2.mavros]: Plugin command created
[INFO] [1790403338.857931530] [uav2.mavros]: Plugin command initialized
[INFO] [1790403338.857943722] [uav2.mavros]: Plugin ftp ignored
[INFO] [1790403338.857950423] [uav2.mavros]: Plugin geofence ignored
[INFO] [1790403339.010336578] [uav2.mavros]: Plugin global_position created
[INFO] [1790403339.010403153] [uav2.mavros]: Plugin global_position initialized
[INFO] [1790403339.010413383] [uav2.mavros]: Plugin home_position ignored
[INFO] [1790403339.010419291] [uav2.mavros]: Plugin imu ignored
[INFO] [1790403339.061042681] [uav2.mavros]: Plugin local_position created
[INFO] [1790403339.062922278] [uav2.mavros]: Plugin local_position initialized
[INFO] [1790403339.062976188] [uav2.mavros]: Plugin manual_control ignored
[INFO] [1790403339.062987714] [uav2.mavros]: Plugin nav_controller_output ignored
[INFO] [1790403339.063051517] [uav2.mavros]: Plugin param ignored
[INFO] [1790403339.063065166] [uav2.mavros]: Plugin rallypoint ignored
[INFO] [1790403339.063071363] [uav2.mavros]: Plugin rc_io ignored
[INFO] [1790403339.063083098] [uav2.mavros]: Plugin setpoint_accel ignored
[INFO] [1790403339.063088677] [uav2.mavros]: Plugin setpoint_attitude ignored
[INFO] [1790403339.063094444] [uav2.mavros]: Plugin setpoint_position ignored
[INFO] [1790403339.063110136] [uav2.mavros]: Plugin setpoint_raw ignored
[INFO] [1790403339.063115985] [uav2.mavros]: Plugin setpoint_trajectory ignored
[INFO] [1790403339.107896375] [uav2.mavros]: Plugin setpoint_velocity created
[INFO] [1790403339.107957656] [uav2.mavros]: Plugin setpoint_velocity initialized
[INFO] [1790403339.127197008] [uav2.mavros]: Plugin sys_status created
[INFO] [1790403339.127293028] [uav2.mavros]: Plugin sys_status initialized
[INFO] [1790403339.136715284] [uav2.mavros.time]: TM: Timesync mode: MAVLINK
[INFO] [1790403339.139284371] [uav2.mavros]: Plugin sys_time created
[INFO] [1790403339.139345151] [uav2.mavros]: Plugin sys_time initialized
[INFO] [1790403339.139356942] [uav2.mavros]: Plugin waypoint ignored
[INFO] [1790403339.139362729] [uav2.mavros]: Plugin wind_estimation ignored
[INFO] [1790403339.159020752] [uav2.mavros]: Built-in SIMD instructions: SSE, SSE2
[INFO] [1790403339.159077113] [uav2.mavros]: Built-in MAVLink package version: 2026.8.8
[INFO] [1790403339.159112957] [uav2.mavros]: Known MAVLink dialects: common ardupilotmega ASLUAV AVSSUAS all csAirLink cubepilot development icarous loweheiser marsh paparazzi standard stemstudios storm32 uAvionix ualberta
[INFO] [1790403339.159122590] [uav2.mavros]: MAVROS UAS via /uas2 started. MY ID 2.191, TARGET ID 2.1
[INFO] [1790403339.164713028] [uav2.mavros_router]: link[1001] detected remote address 2.191
[INFO] [1790403339.908351264] [uav2.mavros]: CON: Got HEARTBEAT, connected. FCU: PX4 Autopilot
[INFO] [1790403340.916563444] [uav2.mavros.sys]: VER: 2.1: Capabilities         0x000000000000e8ff
[INFO] [1790403340.916637464] [uav2.mavros.sys]: VER: 2.1: Flight software:     011200c0 (fca3df865a000000)
[INFO] [1790403340.916648211] [uav2.mavros.sys]: VER: 2.1: Middleware software: 011200c0 (fca3df865a000000)
[INFO] [1790403340.916655118] [uav2.mavros.sys]: VER: 2.1: OS software:         070000ff (17040b9f87cb1791)
[INFO] [1790403340.916661193] [uav2.mavros.sys]: VER: 2.1: Board hardware:      00000001
[INFO] [1790403340.916667369] [uav2.mavros.sys]: VER: 2.1: VID/PID:             0000:0000
[INFO] [1790403340.916679503] [uav2.mavros.sys]: VER: 2.1: UID:                 4954414c44494e50
[WARN] [1790403340.919466935] [uav2.mavros.cmd]: CMD: Unexpected command 512, result 0
[WARN] [1790403340.946378087] [uav2.mavros.sys]: FCU: UNK(8): EVENT 11047904 with args -0-0-0-0-0-128-0-0-0-176-122-127-128-176-122-127-128-0-0-0-0-0-0-0-0-0-0-0-0-0-0-0-0-0-0-0-0-0-0-0-
[INFO] [1790403340.946484961] [uav2.mavros.sys]: FCU: EVENT 377561 with args -8-0-0-0-20-0-0-0-0-0-0-0-0-0-0-0-0-0-0-0-0-0-0-0-0-0-0-0-0-0-0-0-0-0-0-0-0-0-0-0-
[WARN] [1790403340.946592837] [uav2.mavros.sys]: FCU: EVENT 453929 with args -255-255-255-255-7-0-0-0-0-0-0-0-0-0-0-0-0-0-0-0-0-0-0-0-0-0-0-0-0-0-0-0-0-0-0-0-0-0-0-0-
[INFO] [1790403340.946619393] [uav2.mavros.sys]: FCU: EVENT 6801787 with args -255-255-255-255-12-0-0-0-0-0-0-0-0-0-0-0-0-0-0-0-0-0-0-0-0-0-0-0-0-0-0-0-0-0-0-0-0-0-0-0-
[WARN] [1790403340.946656848] [uav2.mavros.sys]: FCU: UNK(8): EVENT 1914663 with args -0-10-13-2-56-0-0-0-0-0-0-0-0-0-0-0-0-0-0-0-0-0-0-0-0-0-0-0-0-0-0-0-0-0-0-0-0-0-0-0-
[INFO] [1790403345.970533567] [uav2.mavros.sys]: FCU: EVENT 9489139 with args -4-0-0-0-0-0-0-0-0-0-0-0-0-0-0-0-0-0-0-0-0-0-0-0-0-0-0-0-0-0-0-0-0-0-0-0-0-0-0-0-
[INFO] [1790403347.837048679] [uav2.mavros.sys]: FCU: EVENT 4277609 with args -0-0-0-0-0-0-0-0-0-0-0-0-0-0-0-0-0-0-0-0-0-0-0-0-0-0-0-0-0-0-0-0-0-0-0-0-0-0-0-0-
[WARN] [1790403387.466906270] [uav2.mavros.cmd]: CMD: Unexpected command 176, result 0
[INFO] [1790403404.576393615] [uav2.mavros.sys]: FCU: EVENT 9844908 with args -0-0-0-0-0-0-0-0-0-0-0-0-0-0-0-0-0-0-0-0-0-0-0-0-0-0-0-0-0-0-0-0-0-0-0-0-0-0-0-0-
[INFO] [1790403406.637373501] [uav2.mavros.sys]: FCU: EVENT 16017271 with args -6-0-0-0-0-0-0-0-0-0-0-0-0-0-0-0-0-0-0-0-0-0-0-0-0-0-0-0-0-0-0-0-0-0-0-0-0-0-0-0-
[INFO] [1790403409.725893942] [rclcpp]: signal_handler(SIGINT/SIGTERM)
[WARN] [1790403409.728422462] [uav2.mavros]: UAS Executor terminated
