[INFO] [1790403338.610133805] [uav4.mavros_node]: Starting mavros_node container
[INFO] [1790403338.610283396] [uav4.mavros_node]: FCU URL: udp://:14543@127.0.0.1:14583
[INFO] [1790403338.610578131] [uav4.mavros_node]: GCS URL: 
[INFO] [1790403338.610601278] [uav4.mavros_node]: UAS Prefix: /uas4
[INFO] [1790403338.610614110] [uav4.mavros_node]: Starting mavros router node
[INFO] [1790403338.621006413] [uav4.mavros_router]: Built-in SIMD instructions: SSE, SSE2
[INFO] [1790403338.621059799] [uav4.mavros_router]: Built-in MAVLink package version: 2026.8.8
[INFO] [1790403338.621074768] [uav4.mavros_router]: Known MAVLink dialects: common ardupilotmega ASLUAV AVSSUAS all csAirLink cubepilot development icarous loweheiser marsh paparazzi standard stemstudios storm32 uAvionix ualberta
[INFO] [1790403338.621082790] [uav4.mavros_router]: MAVROS Router started
[INFO] [1790403338.621395428] [uav4.mavros_node]: Starting mavros uas node
[INFO] [1790403338.652585914] [uav4.mavros_router]: Requested to add endpoint: type: 0, url: udp://:14543@127.0.0.1:14583
[INFO] [1790403338.652646052] [uav4.mavros_router]: Endpoint link[1000] created
[INFO] [1790403338.652884625] [uav4.mavros_router]: link[1000] opened successfully
[INFO] [1790403338.652900353] [uav4.mavros_router]: Requested to add endpoint: type: 2, url: /uas4
[INFO] [1790403338.652965504] [uav4.mavros_router]: Endpoint link[1001] created
[INFO] [1790403338.657077173] [uav4.mavros_router]: link[1001] opened successfully
[INFO] [1790403338.663391055] [uav4.mavros]: UAS Executor started, threads: 4
[INFO] [1790403338.663596385] [uav4.mavros]: Plugin actuator_control ignored
[INFO] [1790403338.665524094] [uav4.mavros]: Plugin altitude ignored
[INFO] [1790403338.667331503] [uav4.mavros_router]: link[1000] detected remote address 4.1
[INFO] [1790403338.736357503] [uav4.mavros]: Plugin command created
[INFO] [1790403338.736430941] [uav4.mavros]: Plugin command initialized
[INFO] [1790403338.736442447] [uav4.mavros]: Plugin ftp ignored
[INFO] [1790403338.736448256] [uav4.mavros]: Plugin geofence ignored
[INFO] [1790403338.763521756] [uav4.mavros]: Plugin global_position created
[INFO] [1790403338.763574907] [uav4.mavros]: Plugin global_position initialized
[INFO] [1790403338.763585054] [uav4.mavros]: Plugin home_position ignored
[INFO] [1790403338.763590753] [uav4.mavros]: Plugin imu ignored
[INFO] [1790403338.781999711] [uav4.mavros]: Plugin local_position created
[INFO] [1790403338.782059977] [uav4.mavros]: Plugin local_position initialized
[INFO] [1790403338.782071045] [uav4.mavros]: Plugin manual_control ignored
[INFO] [1790403338.782077736] [uav4.mavros]: Plugin nav_controller_output ignored
[INFO] [1790403338.782084393] [uav4.mavros]: Plugin param ignored
[INFO] [1790403338.782091000] [uav4.mavros]: Plugin rallypoint ignored
[INFO] [1790403338.782098051] [uav4.mavros]: Plugin rc_io ignored
[INFO] [1790403338.782104506] [uav4.mavros]: Plugin setpoint_accel ignored
[INFO] [1790403338.782110697] [uav4.mavros]: Plugin setpoint_attitude ignored
[INFO] [1790403338.782117266] [uav4.mavros]: Plugin setpoint_position ignored
[INFO] [1790403338.782123745] [uav4.mavros]: Plugin setpoint_raw ignored
[INFO] [1790403338.782129887] [uav4.mavros]: Plugin setpoint_trajectory ignored
[INFO] [1790403338.791086917] [uav4.mavros]: Plugin setpoint_velocity created
[INFO] [1790403338.791163989] [uav4.mavros]: Plugin setpoint_velocity initialized
[INFO] [1790403338.838178292] [uav4.mavros]: Plugin sys_status created
[INFO] [1790403338.843972679] [uav4.mavros]: Plugin sys_status initialized
[INFO] [1790403338.853325568] [uav4.mavros.time]: TM: Timesync mode: MAVLINK
[INFO] [1790403338.855328062] [uav4.mavros]: Plugin sys_time created
[INFO] [1790403338.856512439] [uav4.mavros]: Plugin sys_time initialized
[INFO] [1790403338.856588830] [uav4.mavros]: Plugin waypoint ignored
[INFO] [1790403338.856599975] [uav4.mavros]: Plugin wind_estimation ignored
[INFO] [1790403338.861017537] [uav4.mavros]: Built-in SIMD instructions: SSE, SSE2
[INFO] [1790403338.861071609] [uav4.mavros]: Built-in MAVLink package version: 2026.8.8
[INFO] [1790403338.861103071] [uav4.mavros]: Known MAVLink dialects: common ardupilotmega ASLUAV AVSSUAS all csAirLink cubepilot development icarous loweheiser marsh paparazzi standard stemstudios storm32 uAvionix ualberta
[INFO] [1790403338.861111348] [uav4.mavros]: MAVROS UAS via /uas4 started. MY ID 4.191, TARGET ID 4.1
[INFO] [1790403338.924142629] [uav4.mavros_router]: link[1001] detected remote address 4.191
[INFO] [1790403339.853818915] [uav4.mavros]: CON: Got HEARTBEAT, connected. FCU: PX4 Autopilot
[INFO] [1790403339.860000179] [uav4.mavros.sys]: VER: 4.1: Capabilities         0x000000000000e8ff
[INFO] [1790403339.860067842] [uav4.mavros.sys]: VER: 4.1: Flight software:     011200c0 (fca3df865a000000)
[INFO] [1790403339.860076904] [uav4.mavros.sys]: VER: 4.1: Middleware software: 011200c0 (fca3df865a000000)
[INFO] [1790403339.860083049] [uav4.mavros.sys]: VER: 4.1: OS software:         070000ff (17040b9f87cb1791)
[INFO] [1790403339.860089428] [uav4.mavros.sys]: VER: 4.1: Board hardware:      00000001
[INFO] [1790403339.860095093] [uav4.mavros.sys]: VER: 4.1: VID/PID:             0000:0000
[INFO] [1790403339.860100972] [uav4.mavros.sys]: VER: 4.1: UID:                 4954414c44494e52
[WARN] [1790403339.862071595] [uav4.mavros.cmd]: CMD: Unexpected command 512, result 0
[WARN] [1790403340.923779461] [uav4.mavros.sys]: FCU: UNK(8): EVENT 11047904 with args -0-0-0-0-0-128-0-0-0-176-122-127-128-176-122-127-128-0-0-0-0-0-0-0-0-0-0-0-0-0-0-0-0-0-0-0-0-0-0-0-
[INFO] [1790403340.923880227] [uav4.mavros.sys]: FCU: EVENT 377561 with args -8-0-0-0-20-0-0-0-0-0-0-0-0-0-0-0-0-0-0-0-0-0-0-0-0-0-0-0-0-0-0-0-0-0-0-0-0-0-0-0-
[WARN] [1790403340.923932013] [uav4.mavros.sys]: FCU: EVENT 453929 with args -255-255-255-255-7-0-0-0-0-0-0-0-0-0-0-0-0-0-0-0-0-0-0-0-0-0-0-0-0-0-0-0-0-0-0-0-0-0-0-0-
[INFO] [1790403340.923979091] [uav4.mavros.sys]: FCU: EVENT 6801787 with args -255-255-255-255-12-0-0-0-0-0-0-0-0-0-0-0-0-0-0-0-0-0-0-0-0-0-0-0-0-0-0-0-0-0-0-0-0-0-0-0-
[WARN] [1790403340.924016410] [uav4.mavros.sys]: FCU: UNK(8): EVENT 1914663 with args -0-10-13-2-56-0-0-0-0-0-0-0-0-0-0-0-0-0-0-0-0-0-0-0-0-0-0-0-0-0-0-0-0-0-0-0-0-0-0-0-
[INFO] [1790403345.973775635] [uav4.mavros.sys]: FCU: EVENT 9489139 with args -4-0-0-0-0-0-0-0-0-0-0-0-0-0-0-0-0-0-0-0-0-0-0-0-0-0-0-0-0-0-0-0-0-0-0-0-0-0-0-0-
[INFO] [1790403347.929033052] [uav4.mavros.sys]: FCU: EVENT 4277609 with args -0-0-0-0-0-0-0-0-0-0-0-0-0-0-0-0-0-0-0-0-0-0-0-0-0-0-0-0-0-0-0-0-0-0-0-0-0-0-0-0-
[WARN] [1790403387.476537756] [uav4.mavros.cmd]: CMD: Unexpected command 176, result 0
[INFO] [1790403404.735554924] [uav4.mavros.sys]: FCU: EVENT 9844908 with args -0-0-0-0-0-0-0-0-0-0-0-0-0-0-0-0-0-0-0-0-0-0-0-0-0-0-0-0-0-0-0-0-0-0-0-0-0-0-0-0-
[INFO] [1790403406.792543550] [uav4.mavros.sys]: FCU: EVENT 16017271 with args -6-0-0-0-0-0-0-0-0-0-0-0-0-0-0-0-0-0-0-0-0-0-0-0-0-0-0-0-0-0-0-0-0-0-0-0-0-0-0-0-
[INFO] [1790403409.726329178] [rclcpp]: signal_handler(SIGINT/SIGTERM)
[WARN] [1790403409.729314086] [uav4.mavros]: UAS Executor terminated
