[INFO] [1790403338.630064873] [uav3.mavros_node]: Starting mavros_node container
[INFO] [1790403338.630861574] [uav3.mavros_node]: FCU URL: udp://:14542@127.0.0.1:14582
[INFO] [1790403338.630909130] [uav3.mavros_node]: GCS URL: 
[INFO] [1790403338.630920938] [uav3.mavros_node]: UAS Prefix: /uas3
[INFO] [1790403338.630929980] [uav3.mavros_node]: Starting mavros router node
[INFO] [1790403338.679460556] [uav3.mavros_router]: Built-in SIMD instructions: SSE, SSE2
[INFO] [1790403338.679638633] [uav3.mavros_router]: Built-in MAVLink package version: 2026.8.8
[INFO] [1790403338.679660354] [uav3.mavros_router]: Known MAVLink dialects: common ardupilotmega ASLUAV AVSSUAS all csAirLink cubepilot development icarous loweheiser marsh paparazzi standard stemstudios storm32 uAvionix ualberta
[INFO] [1790403338.680273837] [uav3.mavros_router]: MAVROS Router started
[INFO] [1790403338.680628507] [uav3.mavros_node]: Starting mavros uas node
[INFO] [1790403338.810204972] [uav3.mavros_router]: Requested to add endpoint: type: 0, url: udp://:14542@127.0.0.1:14582
[INFO] [1790403338.810517785] [uav3.mavros_router]: Endpoint link[1000] created
[INFO] [1790403338.810781515] [uav3.mavros_router]: link[1000] opened successfully
[INFO] [1790403338.810797293] [uav3.mavros_router]: Requested to add endpoint: type: 2, url: /uas3
[INFO] [1790403338.810810951] [uav3.mavros_router]: Endpoint link[1001] created
[INFO] [1790403338.818072623] [uav3.mavros_router]: link[1000] detected remote address 3.1
[INFO] [1790403338.823130154] [uav3.mavros]: Plugin actuator_control ignored
[INFO] [1790403338.823196588] [uav3.mavros]: Plugin altitude ignored
[INFO] [1790403338.824061576] [uav3.mavros]: UAS Executor started, threads: 4
[INFO] [1790403338.881755469] [uav3.mavros_router]: link[1001] opened successfully
[INFO] [1790403338.952099346] [uav3.mavros]: Plugin command created
[INFO] [1790403338.952232565] [uav3.mavros]: Plugin command initialized
[INFO] [1790403338.952251283] [uav3.mavros]: Plugin ftp ignored
[INFO] [1790403338.952257470] [uav3.mavros]: Plugin geofence ignored
[INFO] [1790403339.021773891] [uav3.mavros]: Plugin global_position created
[INFO] [1790403339.021830373] [uav3.mavros]: Plugin global_position initialized
[INFO] [1790403339.021841602] [uav3.mavros]: Plugin home_position ignored
[INFO] [1790403339.021847922] [uav3.mavros]: Plugin imu ignored
[INFO] [1790403339.037975760] [uav3.mavros]: Plugin local_position created
[INFO] [1790403339.038037677] [uav3.mavros]: Plugin local_position initialized
[INFO] [1790403339.038046782] [uav3.mavros]: Plugin manual_control ignored
[INFO] [1790403339.038052863] [uav3.mavros]: Plugin nav_controller_output ignored
[INFO] [1790403339.038058288] [uav3.mavros]: Plugin param ignored
[INFO] [1790403339.038066507] [uav3.mavros]: Plugin rallypoint ignored
[INFO] [1790403339.038073652] [uav3.mavros]: Plugin rc_io ignored
[INFO] [1790403339.038079450] [uav3.mavros]: Plugin setpoint_accel ignored
[INFO] [1790403339.038084764] [uav3.mavros]: Plugin setpoint_attitude ignored
[INFO] [1790403339.038090177] [uav3.mavros]: Plugin setpoint_position ignored
[INFO] [1790403339.038095670] [uav3.mavros]: Plugin setpoint_raw ignored
[INFO] [1790403339.038100646] [uav3.mavros]: Plugin setpoint_trajectory ignored
[INFO] [1790403339.051332905] [uav3.mavros]: Plugin setpoint_velocity created
[INFO] [1790403339.051395746] [uav3.mavros]: Plugin setpoint_velocity initialized
[INFO] [1790403339.071834920] [uav3.mavros]: Plugin sys_status created
[INFO] [1790403339.071912023] [uav3.mavros]: Plugin sys_status initialized
[INFO] [1790403339.083560637] [uav3.mavros.time]: TM: Timesync mode: MAVLINK
[INFO] [1790403339.085395577] [uav3.mavros]: Plugin sys_time created
[INFO] [1790403339.085451179] [uav3.mavros]: Plugin sys_time initialized
[INFO] [1790403339.085462003] [uav3.mavros]: Plugin waypoint ignored
[INFO] [1790403339.085468529] [uav3.mavros]: Plugin wind_estimation ignored
[INFO] [1790403339.087357656] [uav3.mavros]: Built-in SIMD instructions: SSE, SSE2
[INFO] [1790403339.087408498] [uav3.mavros]: Built-in MAVLink package version: 2026.8.8
[INFO] [1790403339.087439620] [uav3.mavros]: Known MAVLink dialects: common ardupilotmega ASLUAV AVSSUAS all csAirLink cubepilot development icarous loweheiser marsh paparazzi standard stemstudios storm32 uAvionix ualberta
[INFO] [1790403339.087447608] [uav3.mavros]: MAVROS UAS via /uas3 started. MY ID 3.191, TARGET ID 3.1
[INFO] [1790403339.117363294] [uav3.mavros_router]: link[1001] detected remote address 3.191
[WARN] [1790403339.861305279] [uav3.mavros.sys]: FCU: UNK(8): EVENT 11047904 with args -0-0-0-18-1-128-0-0-0-0-58-1-128-0-58-1-128-0-0-0-0-0-0-0-0-0-0-0-0-0-0-0-0-0-0-0-0-0-0-0-
[ERROR] [1790403339.861467917] [uav3.mavros.sys]: FCU: EVENT 12712246 with args -0-64-0-0-20-0-0-0-0-0-0-0-0-0-0-0-0-0-0-0-0-0-0-0-0-0-0-0-0-0-0-0-0-0-0-0-0-0-0-0-
[ERROR] [1790403339.862077591] [uav3.mavros.sys]: FCU: EVENT 13835193 with args -252-0-126-0-17-0-0-0-0-0-0-0-0-0-0-0-0-0-0-0-0-0-0-0-0-0-0-0-0-0-0-0-0-0-0-0-0-0-0-0-
[ERROR] [1790403339.862164148] [uav3.mavros.sys]: FCU: EVENT 10011251 with args -56-0-0-0-24-0-0-0-0-0-0-0-0-0-0-0-0-0-0-0-0-0-0-0-0-0-0-0-0-0-0-0-0-0-0-0-0-0-0-0-
[INFO] [1790403339.862192996] [uav3.mavros.sys]: FCU: EVENT 377561 with args -8-0-0-0-20-0-0-0-0-0-0-0-0-0-0-0-0-0-0-0-0-0-0-0-0-0-0-0-0-0-0-0-0-0-0-0-0-0-0-0-
[WARN] [1790403339.862236757] [uav3.mavros.sys]: FCU: EVENT 453929 with args -255-255-255-255-7-0-0-0-0-0-0-0-0-0-0-0-0-0-0-0-0-0-0-0-0-0-0-0-0-0-0-0-0-0-0-0-0-0-0-0-
[INFO] [1790403339.862307625] [uav3.mavros.sys]: FCU: EVENT 6801787 with args -255-255-255-255-12-0-0-0-0-0-0-0-0-0-0-0-0-0-0-0-0-0-0-0-0-0-0-0-0-0-0-0-0-0-0-0-0-0-0-0-
[WARN] [1790403339.862331996] [uav3.mavros.sys]: FCU: UNK(8): EVENT 1914663 with args -0-10-13-2-56-0-0-0-0-0-0-0-0-0-0-0-0-0-0-0-0-0-0-0-0-0-0-0-0-0-0-0-0-0-0-0-0-0-0-0-
[INFO] [1790403339.872101516] [uav3.mavros]: CON: Got HEARTBEAT, connected. FCU: PX4 Autopilot
[INFO] [1790403340.881939714] [uav3.mavros.sys]: VER: 3.1: Capabilities         0x000000000000e8ff
[INFO] [1790403340.882005457] [uav3.mavros.sys]: VER: 3.1: Flight software:     011200c0 (fca3df865a000000)
[INFO] [1790403340.882014494] [uav3.mavros.sys]: VER: 3.1: Middleware software: 011200c0 (fca3df865a000000)
[INFO] [1790403340.882019714] [uav3.mavros.sys]: VER: 3.1: OS software:         070000ff (17040b9f87cb1791)
[INFO] [1790403340.882024936] [uav3.mavros.sys]: VER: 3.1: Board hardware:      00000001
[INFO] [1790403340.882030380] [uav3.mavros.sys]: VER: 3.1: VID/PID:             0000:0000
[INFO] [1790403340.882036372] [uav3.mavros.sys]: VER: 3.1: UID:                 4954414c44494e51
[WARN] [1790403340.883016629] [uav3.mavros.cmd]: CMD: Unexpected command 512, result 0
[WARN] [1790403341.940920902] [uav3.mavros.sys]: FCU: UNK(8): EVENT 11047904 with args -0-0-0-0-0-128-0-0-0-176-122-127-128-176-122-127-128-0-0-0-0-0-0-0-0-0-0-0-0-0-0-0-0-0-0-0-0-0-0-0-
[INFO] [1790403341.941040098] [uav3.mavros.sys]: FCU: EVENT 377561 with args -8-0-0-0-20-0-0-0-0-0-0-0-0-0-0-0-0-0-0-0-0-0-0-0-0-0-0-0-0-0-0-0-0-0-0-0-0-0-0-0-
[WARN] [1790403341.941115923] [uav3.mavros.sys]: FCU: EVENT 453929 with args -255-255-255-255-7-0-0-0-0-0-0-0-0-0-0-0-0-0-0-0-0-0-0-0-0-0-0-0-0-0-0-0-0-0-0-0-0-0-0-0-
[INFO] [1790403341.941156114] [uav3.mavros.sys]: FCU: EVENT 6801787 with args -255-255-255-255-12-0-0-0-0-0-0-0-0-0-0-0-0-0-0-0-0-0-0-0-0-0-0-0-0-0-0-0-0-0-0-0-0-0-0-0-
[WARN] [1790403341.941193250] [uav3.mavros.sys]: FCU: UNK(8): EVENT 1914663 with args -0-10-13-2-56-0-0-0-0-0-0-0-0-0-0-0-0-0-0-0-0-0-0-0-0-0-0-0-0-0-0-0-0-0-0-0-0-0-0-0-
[INFO] [1790403345.973974976] [uav3.mavros.sys]: FCU: EVENT 9489139 with args -4-0-0-0-0-0-0-0-0-0-0-0-0-0-0-0-0-0-0-0-0-0-0-0-0-0-0-0-0-0-0-0-0-0-0-0-0-0-0-0-
[INFO] [1790403347.839675300] [uav3.mavros.sys]: FCU: EVENT 4277609 with args -0-0-0-0-0-0-0-0-0-0-0-0-0-0-0-0-0-0-0-0-0-0-0-0-0-0-0-0-0-0-0-0-0-0-0-0-0-0-0-0-
[WARN] [1790403387.472816471] [uav3.mavros.cmd]: CMD: Unexpected command 176, result 0
[INFO] [1790403404.228204702] [uav3.mavros.sys]: FCU: EVENT 9844908 with args -0-0-0-0-0-0-0-0-0-0-0-0-0-0-0-0-0-0-0-0-0-0-0-0-0-0-0-0-0-0-0-0-0-0-0-0-0-0-0-0-
[INFO] [1790403406.298529889] [uav3.mavros.sys]: FCU: EVENT 16017271 with args -6-0-0-0-0-0-0-0-0-0-0-0-0-0-0-0-0-0-0-0-0-0-0-0-0-0-0-0-0-0-0-0-0-0-0-0-0-0-0-0-
[WARN] [1790403409.628597201] [uav3.mavros.sys]: FCU: UNK(8): EVENT 11047904 with args -0-0-0-0-0-128-0-0-0-176-122-127-128-176-122-127-128-0-0-0-0-0-0-0-0-0-0-0-0-0-0-0-0-0-0-0-0-0-0-0-
[INFO] [1790403409.628690772] [uav3.mavros.sys]: FCU: EVENT 377561 with args -8-0-0-0-20-0-0-0-0-0-0-0-0-0-0-0-0-0-0-0-0-0-0-0-0-0-0-0-0-0-0-0-0-0-0-0-0-0-0-0-
[WARN] [1790403409.628731041] [uav3.mavros.sys]: FCU: EVENT 453929 with args -255-255-255-255-7-0-0-0-0-0-0-0-0-0-0-0-0-0-0-0-0-0-0-0-0-0-0-0-0-0-0-0-0-0-0-0-0-0-0-0-
[INFO] [1790403409.628767903] [uav3.mavros.sys]: FCU: EVENT 6801787 with args -255-255-255-255-12-0-0-0-0-0-0-0-0-0-0-0-0-0-0-0-0-0-0-0-0-0-0-0-0-0-0-0-0-0-0-0-0-0-0-0-
[WARN] [1790403409.628805056] [uav3.mavros.sys]: FCU: UNK(8): EVENT 1914663 with args -0-10-9-2-56-0-0-0-0-0-0-0-0-0-0-0-0-0-0-0-0-0-0-0-0-0-0-0-0-0-0-0-0-0-0-0-0-0-0-0-
[INFO] [1790403409.730112868] [rclcpp]: signal_handler(SIGINT/SIGTERM)
[WARN] [1790403409.734459159] [uav3.mavros]: UAS Executor terminated
