[INFO] [1790609116.100451883] [uav3.mavros_node]: Starting mavros_node container
[INFO] [1790609116.112004831] [uav3.mavros_node]: FCU URL: udp://:14542@127.0.0.1:14582
[INFO] [1790609116.112019229] [uav3.mavros_node]: GCS URL: 
[INFO] [1790609116.112023972] [uav3.mavros_node]: UAS Prefix: /uas3
[INFO] [1790609116.112028456] [uav3.mavros_node]: Starting mavros router node
[INFO] [1790609116.511875020] [uav3.mavros_router]: Built-in SIMD instructions: SSE, SSE2
[INFO] [1790609116.511911676] [uav3.mavros_router]: Built-in MAVLink package version: 2026.8.8
[INFO] [1790609116.511918350] [uav3.mavros_router]: Known MAVLink dialects: common ardupilotmega ASLUAV AVSSUAS all csAirLink cubepilot development icarous loweheiser marsh paparazzi standard stemstudios storm32 uAvionix ualberta
[INFO] [1790609116.511922583] [uav3.mavros_router]: MAVROS Router started
[INFO] [1790609116.512056290] [uav3.mavros_node]: Starting mavros uas node
[INFO] [1790609116.724122838] [uav3.mavros_router]: Requested to add endpoint: type: 0, url: udp://:14542@127.0.0.1:14582
[INFO] [1790609116.782450753] [uav3.mavros_router]: Endpoint link[1000] created
[INFO] [1790609116.782690116] [uav3.mavros_router]: link[1000] opened successfully
[INFO] [1790609116.782717530] [uav3.mavros_router]: Requested to add endpoint: type: 2, url: /uas3
[INFO] [1790609116.783396508] [uav3.mavros_router]: Endpoint link[1001] created
[INFO] [1790609116.734382737] [uav3.mavros]: Plugin actuator_control ignored
[INFO] [1790609116.784053343] [uav3.mavros]: Plugin altitude ignored
[INFO] [1790609116.734401418] [uav3.mavros]: UAS Executor started, threads: 4
[INFO] [1790609116.786971854] [uav3.mavros_router]: link[1000] detected remote address 3.1
[INFO] [1790609116.879851970] [uav3.mavros_router]: link[1001] opened successfully
[INFO] [1790609117.069531241] [uav3.mavros]: Plugin command created
[INFO] [1790609117.077965242] [uav3.mavros]: Plugin command initialized
[INFO] [1790609117.077984064] [uav3.mavros]: Plugin ftp ignored
[INFO] [1790609117.077989918] [uav3.mavros]: Plugin geofence ignored
[INFO] [1790609117.397445557] [uav3.mavros]: Plugin global_position created
[INFO] [1790609117.397494756] [uav3.mavros]: Plugin global_position initialized
[INFO] [1790609117.397504219] [uav3.mavros]: Plugin home_position ignored
[INFO] [1790609117.397510155] [uav3.mavros]: Plugin imu ignored
[INFO] [1790609117.637662010] [uav3.mavros]: Plugin local_position created
[INFO] [1790609117.637724502] [uav3.mavros]: Plugin local_position initialized
[INFO] [1790609117.637898102] [uav3.mavros]: Plugin manual_control ignored
[INFO] [1790609117.637919696] [uav3.mavros]: Plugin nav_controller_output ignored
[INFO] [1790609117.637925754] [uav3.mavros]: Plugin param ignored
[INFO] [1790609117.637930831] [uav3.mavros]: Plugin rallypoint ignored
[INFO] [1790609117.637935543] [uav3.mavros]: Plugin rc_io ignored
[INFO] [1790609117.637940761] [uav3.mavros]: Plugin setpoint_accel ignored
[INFO] [1790609117.637945567] [uav3.mavros]: Plugin setpoint_attitude ignored
[INFO] [1790609117.637950757] [uav3.mavros]: Plugin setpoint_position ignored
[INFO] [1790609117.637955834] [uav3.mavros]: Plugin setpoint_raw ignored
[INFO] [1790609117.637961190] [uav3.mavros]: Plugin setpoint_trajectory ignored
[INFO] [1790609117.881418809] [uav3.mavros]: Plugin setpoint_velocity created
[INFO] [1790609117.882662709] [uav3.mavros]: Plugin setpoint_velocity initialized
[INFO] [1790609118.292136578] [uav3.mavros]: Plugin sys_status created
[INFO] [1790609118.292214846] [uav3.mavros]: Plugin sys_status initialized
[INFO] [1790609118.546758939] [uav3.mavros.time]: TM: Timesync mode: MAVLINK
[INFO] [1790609118.593178232] [uav3.mavros]: Plugin sys_time created
[INFO] [1790609118.593235942] [uav3.mavros]: Plugin sys_time initialized
[INFO] [1790609118.593245294] [uav3.mavros]: Plugin waypoint ignored
[INFO] [1790609118.593251366] [uav3.mavros]: Plugin wind_estimation ignored
[INFO] [1790609118.605099970] [uav3.mavros]: Built-in SIMD instructions: SSE, SSE2
[INFO] [1790609118.623123939] [uav3.mavros]: Built-in MAVLink package version: 2026.8.8
[INFO] [1790609118.623186718] [uav3.mavros]: Known MAVLink dialects: common ardupilotmega ASLUAV AVSSUAS all csAirLink cubepilot development icarous loweheiser marsh paparazzi standard stemstudios storm32 uAvionix ualberta
[INFO] [1790609118.623194894] [uav3.mavros]: MAVROS UAS via /uas3 started. MY ID 3.191, TARGET ID 3.1
[INFO] [1790609118.630943456] [uav3.mavros]: CON: Got HEARTBEAT, connected. FCU: PX4 Autopilot
[INFO] [1790609118.632020602] [uav3.mavros_router]: link[1001] detected remote address 3.191
[INFO] [1790609119.671574542] [uav3.mavros.sys]: VER: 3.1: Capabilities         0x000000000000e8ff
[INFO] [1790609119.671635940] [uav3.mavros.sys]: VER: 3.1: Flight software:     011200c0 (fca3df865a000000)
[INFO] [1790609119.671645078] [uav3.mavros.sys]: VER: 3.1: Middleware software: 011200c0 (fca3df865a000000)
[INFO] [1790609119.671649738] [uav3.mavros.sys]: VER: 3.1: OS software:         070000ff (17040b9f87cb1791)
[INFO] [1790609119.671654633] [uav3.mavros.sys]: VER: 3.1: Board hardware:      00000001
[INFO] [1790609119.671659419] [uav3.mavros.sys]: VER: 3.1: VID/PID:             0000:0000
[INFO] [1790609119.671663938] [uav3.mavros.sys]: VER: 3.1: UID:                 4954414c44494e51
[WARN] [1790609119.671702481] [uav3.mavros.cmd]: CMD: Unexpected command 512, result 0
[WARN] [1790609130.639390318] [uav3.mavros.sys]: FCU: UNK(8): EVENT 11047904 with args -0-0-0-0-0-128-0-0-0-176-122-127-128-176-122-127-128-0-0-0-0-0-0-0-0-0-0-0-0-0-0-0-0-0-0-0-0-0-0-0-
[INFO] [1790609130.639490122] [uav3.mavros.sys]: FCU: EVENT 377561 with args -8-0-0-0-20-0-0-0-0-0-0-0-0-0-0-0-0-0-0-0-0-0-0-0-0-0-0-0-0-0-0-0-0-0-0-0-0-0-0-0-
[WARN] [1790609130.639529946] [uav3.mavros.sys]: FCU: EVENT 453929 with args -255-255-255-255-7-0-0-0-0-0-0-0-0-0-0-0-0-0-0-0-0-0-0-0-0-0-0-0-0-0-0-0-0-0-0-0-0-0-0-0-
[INFO] [1790609130.639568101] [uav3.mavros.sys]: FCU: EVENT 6801787 with args -255-255-255-255-12-0-0-0-0-0-0-0-0-0-0-0-0-0-0-0-0-0-0-0-0-0-0-0-0-0-0-0-0-0-0-0-0-0-0-0-
[WARN] [1790609130.639607664] [uav3.mavros.sys]: FCU: UNK(8): EVENT 1914663 with args -0-10-13-2-56-0-0-0-0-0-0-0-0-0-0-0-0-0-0-0-0-0-0-0-0-0-0-0-0-0-0-0-0-0-0-0-0-0-0-0-
[WARN] [1790609134.517960194] [uav3.mavros.cmd]: CMD: Unexpected command 176, result 0
[INFO] [1790609135.309325374] [uav3.mavros.sys]: FCU: EVENT 9489139 with args -4-0-0-0-0-0-0-0-0-0-0-0-0-0-0-0-0-0-0-0-0-0-0-0-0-0-0-0-0-0-0-0-0-0-0-0-0-0-0-0-
[INFO] [1790609137.278403423] [uav3.mavros.sys]: FCU: EVENT 4277609 with args -0-0-0-0-0-0-0-0-0-0-0-0-0-0-0-0-0-0-0-0-0-0-0-0-0-0-0-0-0-0-0-0-0-0-0-0-0-0-0-0-
[WARN] [1790609386.664059038] [uav3.mavros.cmd]: CMD: Unexpected command 176, result 0
[INFO] [1790609422.088584919] [uav3.mavros.sys]: FCU: EVENT 9844908 with args -0-0-0-0-0-0-0-0-0-0-0-0-0-0-0-0-0-0-0-0-0-0-0-0-0-0-0-0-0-0-0-0-0-0-0-0-0-0-0-0-
[INFO] [1790609424.198087391] [uav3.mavros.sys]: FCU: EVENT 16017271 with args -6-0-0-0-0-0-0-0-0-0-0-0-0-0-0-0-0-0-0-0-0-0-0-0-0-0-0-0-0-0-0-0-0-0-0-0-0-0-0-0-
[WARN] [1790609428.316106310] [uav3.mavros.sys]: FCU: UNK(8): EVENT 11047904 with args -0-0-0-0-0-128-0-0-0-176-122-127-128-176-122-127-128-0-0-0-0-0-0-0-0-0-0-0-0-0-0-0-0-0-0-0-0-0-0-0-
[INFO] [1790609428.316209654] [uav3.mavros.sys]: FCU: EVENT 377561 with args -8-0-0-0-20-0-0-0-0-0-0-0-0-0-0-0-0-0-0-0-0-0-0-0-0-0-0-0-0-0-0-0-0-0-0-0-0-0-0-0-
[WARN] [1790609428.316268895] [uav3.mavros.sys]: FCU: EVENT 453929 with args -255-255-255-255-7-0-0-0-0-0-0-0-0-0-0-0-0-0-0-0-0-0-0-0-0-0-0-0-0-0-0-0-0-0-0-0-0-0-0-0-
[INFO] [1790609428.316306756] [uav3.mavros.sys]: FCU: EVENT 6801787 with args -255-255-255-255-12-0-0-0-0-0-0-0-0-0-0-0-0-0-0-0-0-0-0-0-0-0-0-0-0-0-0-0-0-0-0-0-0-0-0-0-
[WARN] [1790609428.316342033] [uav3.mavros.sys]: FCU: UNK(8): EVENT 1914663 with args -0-10-9-2-56-0-0-0-0-0-0-0-0-0-0-0-0-0-0-0-0-0-0-0-0-0-0-0-0-0-0-0-0-0-0-0-0-0-0-0-
[INFO] [1790609430.850325426] [rclcpp]: signal_handler(SIGINT/SIGTERM)
[WARN] [1790609430.854835978] [uav3.mavros]: UAS Executor terminated
