[INFO] [1790609116.093078302] [uav1.mavros_node]: Starting mavros_node container
[INFO] [1790609116.093180138] [uav1.mavros_node]: FCU URL: udp://:14540@127.0.0.1:14580
[INFO] [1790609116.093187762] [uav1.mavros_node]: GCS URL: 
[INFO] [1790609116.093192437] [uav1.mavros_node]: UAS Prefix: /uas1
[INFO] [1790609116.093197173] [uav1.mavros_node]: Starting mavros router node
[INFO] [1790609116.554419125] [uav1.mavros_router]: Built-in SIMD instructions: SSE, SSE2
[INFO] [1790609116.554475848] [uav1.mavros_router]: Built-in MAVLink package version: 2026.8.8
[INFO] [1790609116.554487412] [uav1.mavros_router]: Known MAVLink dialects: common ardupilotmega ASLUAV AVSSUAS all csAirLink cubepilot development icarous loweheiser marsh paparazzi standard stemstudios storm32 uAvionix ualberta
[INFO] [1790609116.554494808] [uav1.mavros_router]: MAVROS Router started
[INFO] [1790609116.554665346] [uav1.mavros_node]: Starting mavros uas node
[INFO] [1790609116.776301785] [uav1.mavros_router]: Requested to add endpoint: type: 0, url: udp://:14540@127.0.0.1:14580
[INFO] [1790609116.776805950] [uav1.mavros_router]: Endpoint link[1000] created
[INFO] [1790609116.777883905] [uav1.mavros_router]: link[1000] opened successfully
[INFO] [1790609116.777923652] [uav1.mavros_router]: Requested to add endpoint: type: 2, url: /uas1
[INFO] [1790609116.777942736] [uav1.mavros_router]: Endpoint link[1001] created
[INFO] [1790609116.778870171] [uav1.mavros_router]: link[1000] detected remote address 1.1
[INFO] [1790609116.795005226] [uav1.mavros]: Plugin actuator_control ignored
[INFO] [1790609116.795060069] [uav1.mavros]: Plugin altitude ignored
[INFO] [1790609116.796061637] [uav1.mavros]: UAS Executor started, threads: 4
[INFO] [1790609116.875735486] [uav1.mavros_router]: link[1001] opened successfully
[INFO] [1790609117.127280650] [uav1.mavros]: Plugin command created
[INFO] [1790609117.132221964] [uav1.mavros]: Plugin command initialized
[INFO] [1790609117.132236310] [uav1.mavros]: Plugin ftp ignored
[INFO] [1790609117.132242489] [uav1.mavros]: Plugin geofence ignored
[INFO] [1790609117.434315962] [uav1.mavros]: Plugin global_position created
[INFO] [1790609117.434380403] [uav1.mavros]: Plugin global_position initialized
[INFO] [1790609117.434392164] [uav1.mavros]: Plugin home_position ignored
[INFO] [1790609117.434398062] [uav1.mavros]: Plugin imu ignored
[INFO] [1790609117.693928884] [uav1.mavros]: Plugin local_position created
[INFO] [1790609117.693992185] [uav1.mavros]: Plugin local_position initialized
[INFO] [1790609117.694000826] [uav1.mavros]: Plugin manual_control ignored
[INFO] [1790609117.694005660] [uav1.mavros]: Plugin nav_controller_output ignored
[INFO] [1790609117.694010408] [uav1.mavros]: Plugin param ignored
[INFO] [1790609117.694015213] [uav1.mavros]: Plugin rallypoint ignored
[INFO] [1790609117.694019584] [uav1.mavros]: Plugin rc_io ignored
[INFO] [1790609117.694024332] [uav1.mavros]: Plugin setpoint_accel ignored
[INFO] [1790609117.694029161] [uav1.mavros]: Plugin setpoint_attitude ignored
[INFO] [1790609117.694033848] [uav1.mavros]: Plugin setpoint_position ignored
[INFO] [1790609117.694038389] [uav1.mavros]: Plugin setpoint_raw ignored
[INFO] [1790609117.694043451] [uav1.mavros]: Plugin setpoint_trajectory ignored
[INFO] [1790609117.904306780] [uav1.mavros]: Plugin setpoint_velocity created
[INFO] [1790609117.904376338] [uav1.mavros]: Plugin setpoint_velocity initialized
[INFO] [1790609118.169872841] [uav1.mavros]: Plugin sys_status created
[INFO] [1790609118.169953997] [uav1.mavros]: Plugin sys_status initialized
[INFO] [1790609118.273617978] [uav1.mavros.time]: TM: Timesync mode: MAVLINK
[INFO] [1790609118.293169221] [uav1.mavros]: Plugin sys_time created
[INFO] [1790609118.293218977] [uav1.mavros]: Plugin sys_time initialized
[INFO] [1790609118.293228548] [uav1.mavros]: Plugin waypoint ignored
[INFO] [1790609118.293235187] [uav1.mavros]: Plugin wind_estimation ignored
[INFO] [1790609118.312675673] [uav1.mavros]: Built-in SIMD instructions: SSE, SSE2
[INFO] [1790609118.316724174] [uav1.mavros]: Built-in MAVLink package version: 2026.8.8
[INFO] [1790609118.316770268] [uav1.mavros]: Known MAVLink dialects: common ardupilotmega ASLUAV AVSSUAS all csAirLink cubepilot development icarous loweheiser marsh paparazzi standard stemstudios storm32 uAvionix ualberta
[INFO] [1790609118.316778669] [uav1.mavros]: MAVROS UAS via /uas1 started. MY ID 1.191, TARGET ID 1.1
[INFO] [1790609118.364440914] [uav1.mavros_router]: link[1001] detected remote address 1.191
[INFO] [1790609118.714176008] [uav1.mavros]: CON: Got HEARTBEAT, connected. FCU: PX4 Autopilot
[INFO] [1790609119.741446214] [uav1.mavros.sys]: VER: 1.1: Capabilities         0x000000000000e8ff
[INFO] [1790609119.741499565] [uav1.mavros.sys]: VER: 1.1: Flight software:     011200c0 (fca3df865a000000)
[INFO] [1790609119.741509536] [uav1.mavros.sys]: VER: 1.1: Middleware software: 011200c0 (fca3df865a000000)
[INFO] [1790609119.741515279] [uav1.mavros.sys]: VER: 1.1: OS software:         070000ff (17040b9f87cb1791)
[INFO] [1790609119.741520966] [uav1.mavros.sys]: VER: 1.1: Board hardware:      00000001
[INFO] [1790609119.741526361] [uav1.mavros.sys]: VER: 1.1: VID/PID:             0000:0000
[INFO] [1790609119.741531205] [uav1.mavros.sys]: VER: 1.1: UID:                 4954414c44494e4f
[WARN] [1790609119.741572157] [uav1.mavros.cmd]: CMD: Unexpected command 512, result 0
[WARN] [1790609130.747227677] [uav1.mavros.sys]: FCU: UNK(8): EVENT 11047904 with args -0-0-0-0-0-128-0-0-0-176-122-127-128-176-122-127-128-0-0-0-0-0-0-0-0-0-0-0-0-0-0-0-0-0-0-0-0-0-0-0-
[INFO] [1790609130.748955310] [uav1.mavros.sys]: FCU: EVENT 377561 with args -8-0-0-0-20-0-0-0-0-0-0-0-0-0-0-0-0-0-0-0-0-0-0-0-0-0-0-0-0-0-0-0-0-0-0-0-0-0-0-0-
[WARN] [1790609130.749017630] [uav1.mavros.sys]: FCU: EVENT 453929 with args -255-255-255-255-7-0-0-0-0-0-0-0-0-0-0-0-0-0-0-0-0-0-0-0-0-0-0-0-0-0-0-0-0-0-0-0-0-0-0-0-
[INFO] [1790609130.749053984] [uav1.mavros.sys]: FCU: EVENT 6801787 with args -255-255-255-255-12-0-0-0-0-0-0-0-0-0-0-0-0-0-0-0-0-0-0-0-0-0-0-0-0-0-0-0-0-0-0-0-0-0-0-0-
[WARN] [1790609130.749089757] [uav1.mavros.sys]: FCU: UNK(8): EVENT 1914663 with args -0-10-13-2-56-0-0-0-0-0-0-0-0-0-0-0-0-0-0-0-0-0-0-0-0-0-0-0-0-0-0-0-0-0-0-0-0-0-0-0-
[WARN] [1790609134.194475089] [uav1.mavros.cmd]: CMD: Unexpected command 176, result 0
[INFO] [1790609134.391930594] [uav1.mavros.sys]: FCU: EVENT 9489139 with args -4-0-0-0-0-0-0-0-0-0-0-0-0-0-0-0-0-0-0-0-0-0-0-0-0-0-0-0-0-0-0-0-0-0-0-0-0-0-0-0-
[INFO] [1790609136.359658812] [uav1.mavros.sys]: FCU: EVENT 4277609 with args -0-0-0-0-0-0-0-0-0-0-0-0-0-0-0-0-0-0-0-0-0-0-0-0-0-0-0-0-0-0-0-0-0-0-0-0-0-0-0-0-
[WARN] [1790609386.341975911] [uav1.mavros.cmd]: CMD: Unexpected command 176, result 0
[INFO] [1790609419.221908473] [uav1.mavros.sys]: FCU: EVENT 9844908 with args -0-0-0-0-0-0-0-0-0-0-0-0-0-0-0-0-0-0-0-0-0-0-0-0-0-0-0-0-0-0-0-0-0-0-0-0-0-0-0-0-
[INFO] [1790609421.339242860] [uav1.mavros.sys]: FCU: EVENT 16017271 with args -6-0-0-0-0-0-0-0-0-0-0-0-0-0-0-0-0-0-0-0-0-0-0-0-0-0-0-0-0-0-0-0-0-0-0-0-0-0-0-0-
[WARN] [1790609425.449012192] [uav1.mavros.sys]: FCU: UNK(8): EVENT 11047904 with args -0-0-0-0-0-128-0-0-0-176-122-127-128-176-122-127-128-0-0-0-0-0-0-0-0-0-0-0-0-0-0-0-0-0-0-0-0-0-0-0-
[INFO] [1790609425.449137807] [uav1.mavros.sys]: FCU: EVENT 377561 with args -8-0-0-0-20-0-0-0-0-0-0-0-0-0-0-0-0-0-0-0-0-0-0-0-0-0-0-0-0-0-0-0-0-0-0-0-0-0-0-0-
[WARN] [1790609425.449773039] [uav1.mavros.sys]: FCU: EVENT 453929 with args -255-255-255-255-7-0-0-0-0-0-0-0-0-0-0-0-0-0-0-0-0-0-0-0-0-0-0-0-0-0-0-0-0-0-0-0-0-0-0-0-
[INFO] [1790609425.450062770] [uav1.mavros.sys]: FCU: EVENT 6801787 with args -255-255-255-255-12-0-0-0-0-0-0-0-0-0-0-0-0-0-0-0-0-0-0-0-0-0-0-0-0-0-0-0-0-0-0-0-0-0-0-0-
[WARN] [1790609425.451436166] [uav1.mavros.sys]: FCU: UNK(8): EVENT 1914663 with args -0-10-9-2-56-0-0-0-0-0-0-0-0-0-0-0-0-0-0-0-0-0-0-0-0-0-0-0-0-0-0-0-0-0-0-0-0-0-0-0-
[INFO] [1790609430.849366735] [rclcpp]: signal_handler(SIGINT/SIGTERM)
[WARN] [1790609430.857678392] [uav1.mavros]: UAS Executor terminated
