[INFO] [1790609116.096196108] [uav2.mavros_node]: Starting mavros_node container
[INFO] [1790609116.096378405] [uav2.mavros_node]: FCU URL: udp://:14541@127.0.0.1:14581
[INFO] [1790609116.096388336] [uav2.mavros_node]: GCS URL: 
[INFO] [1790609116.096393989] [uav2.mavros_node]: UAS Prefix: /uas2
[INFO] [1790609116.096399532] [uav2.mavros_node]: Starting mavros router node
[INFO] [1790609116.164259204] [uav2.mavros_router]: Built-in SIMD instructions: SSE, SSE2
[INFO] [1790609116.168959864] [uav2.mavros_router]: Built-in MAVLink package version: 2026.8.8
[INFO] [1790609116.168975922] [uav2.mavros_router]: Known MAVLink dialects: common ardupilotmega ASLUAV AVSSUAS all csAirLink cubepilot development icarous loweheiser marsh paparazzi standard stemstudios storm32 uAvionix ualberta
[INFO] [1790609116.168983052] [uav2.mavros_router]: MAVROS Router started
[INFO] [1790609116.169092139] [uav2.mavros_node]: Starting mavros uas node
[INFO] [1790609116.792965813] [uav2.mavros_router]: Requested to add endpoint: type: 0, url: udp://:14541@127.0.0.1:14581
[INFO] [1790609116.793036025] [uav2.mavros_router]: Endpoint link[1000] created
[INFO] [1790609116.793290448] [uav2.mavros_router]: link[1000] opened successfully
[INFO] [1790609116.793310303] [uav2.mavros_router]: Requested to add endpoint: type: 2, url: /uas2
[INFO] [1790609116.793324545] [uav2.mavros_router]: Endpoint link[1001] created
[INFO] [1790609116.799800664] [uav2.mavros_router]: link[1000] detected remote address 2.1
[INFO] [1790609116.815079095] [uav2.mavros]: Plugin actuator_control ignored
[INFO] [1790609116.815139745] [uav2.mavros]: Plugin altitude ignored
[INFO] [1790609116.815812201] [uav2.mavros]: UAS Executor started, threads: 4
[INFO] [1790609116.871837077] [uav2.mavros_router]: link[1001] opened successfully
[INFO] [1790609117.075428847] [uav2.mavros]: Plugin command created
[INFO] [1790609117.078881152] [uav2.mavros]: Plugin command initialized
[INFO] [1790609117.078906080] [uav2.mavros]: Plugin ftp ignored
[INFO] [1790609117.078912711] [uav2.mavros]: Plugin geofence ignored
[INFO] [1790609117.268666790] [uav2.mavros]: Plugin global_position created
[INFO] [1790609117.268736654] [uav2.mavros]: Plugin global_position initialized
[INFO] [1790609117.268752320] [uav2.mavros]: Plugin home_position ignored
[INFO] [1790609117.268757967] [uav2.mavros]: Plugin imu ignored
[INFO] [1790609117.514682276] [uav2.mavros]: Plugin local_position created
[INFO] [1790609117.549824926] [uav2.mavros]: Plugin local_position initialized
[INFO] [1790609117.549842296] [uav2.mavros]: Plugin manual_control ignored
[INFO] [1790609117.549847754] [uav2.mavros]: Plugin nav_controller_output ignored
[INFO] [1790609117.549853191] [uav2.mavros]: Plugin param ignored
[INFO] [1790609117.549862551] [uav2.mavros]: Plugin rallypoint ignored
[INFO] [1790609117.549872263] [uav2.mavros]: Plugin rc_io ignored
[INFO] [1790609117.549876981] [uav2.mavros]: Plugin setpoint_accel ignored
[INFO] [1790609117.549881747] [uav2.mavros]: Plugin setpoint_attitude ignored
[INFO] [1790609117.549886532] [uav2.mavros]: Plugin setpoint_position ignored
[INFO] [1790609117.549891259] [uav2.mavros]: Plugin setpoint_raw ignored
[INFO] [1790609117.549895782] [uav2.mavros]: Plugin setpoint_trajectory ignored
[INFO] [1790609117.739328379] [uav2.mavros]: Plugin setpoint_velocity created
[INFO] [1790609117.739857331] [uav2.mavros]: Plugin setpoint_velocity initialized
[INFO] [1790609118.029863741] [uav2.mavros]: Plugin sys_status created
[INFO] [1790609118.029939855] [uav2.mavros]: Plugin sys_status initialized
[INFO] [1790609118.253382486] [uav2.mavros.time]: TM: Timesync mode: MAVLINK
[INFO] [1790609118.297168617] [uav2.mavros]: Plugin sys_time created
[INFO] [1790609118.318246834] [uav2.mavros]: Plugin sys_time initialized
[INFO] [1790609118.318264992] [uav2.mavros]: Plugin waypoint ignored
[INFO] [1790609118.318271111] [uav2.mavros]: Plugin wind_estimation ignored
[INFO] [1790609118.334100067] [uav2.mavros]: Built-in SIMD instructions: SSE, SSE2
[INFO] [1790609118.334143258] [uav2.mavros]: Built-in MAVLink package version: 2026.8.8
[INFO] [1790609118.343408360] [uav2.mavros]: Known MAVLink dialects: common ardupilotmega ASLUAV AVSSUAS all csAirLink cubepilot development icarous loweheiser marsh paparazzi standard stemstudios storm32 uAvionix ualberta
[INFO] [1790609118.369977806] [uav2.mavros]: MAVROS UAS via /uas2 started. MY ID 2.191, TARGET ID 2.1
[INFO] [1790609118.409782117] [uav2.mavros_router]: link[1001] detected remote address 2.191
[INFO] [1790609118.638566675] [uav2.mavros]: CON: Got HEARTBEAT, connected. FCU: PX4 Autopilot
[INFO] [1790609119.666765377] [uav2.mavros.sys]: VER: 2.1: Capabilities         0x000000000000e8ff
[INFO] [1790609119.666830360] [uav2.mavros.sys]: VER: 2.1: Flight software:     011200c0 (fca3df865a000000)
[INFO] [1790609119.666837809] [uav2.mavros.sys]: VER: 2.1: Middleware software: 011200c0 (fca3df865a000000)
[INFO] [1790609119.666842398] [uav2.mavros.sys]: VER: 2.1: OS software:         070000ff (17040b9f87cb1791)
[INFO] [1790609119.666846986] [uav2.mavros.sys]: VER: 2.1: Board hardware:      00000001
[INFO] [1790609119.666851753] [uav2.mavros.sys]: VER: 2.1: VID/PID:             0000:0000
[INFO] [1790609119.666856009] [uav2.mavros.sys]: VER: 2.1: UID:                 4954414c44494e50
[WARN] [1790609119.673327013] [uav2.mavros.cmd]: CMD: Unexpected command 512, result 0
[WARN] [1790609127.228338401] [uav2.mavros.sys]: FCU: UNK(8): EVENT 11047904 with args -0-0-0-0-0-128-0-0-0-176-122-127-128-176-122-127-128-0-0-0-0-0-0-0-0-0-0-0-0-0-0-0-0-0-0-0-0-0-0-0-
[INFO] [1790609127.228403396] [uav2.mavros.sys]: FCU: EVENT 377561 with args -8-0-0-0-20-0-0-0-0-0-0-0-0-0-0-0-0-0-0-0-0-0-0-0-0-0-0-0-0-0-0-0-0-0-0-0-0-0-0-0-
[WARN] [1790609127.228444796] [uav2.mavros.sys]: FCU: EVENT 453929 with args -255-255-255-255-7-0-0-0-0-0-0-0-0-0-0-0-0-0-0-0-0-0-0-0-0-0-0-0-0-0-0-0-0-0-0-0-0-0-0-0-
[INFO] [1790609127.228482474] [uav2.mavros.sys]: FCU: EVENT 6801787 with args -255-255-255-255-12-0-0-0-0-0-0-0-0-0-0-0-0-0-0-0-0-0-0-0-0-0-0-0-0-0-0-0-0-0-0-0-0-0-0-0-
[WARN] [1790609127.228517996] [uav2.mavros.sys]: FCU: UNK(8): EVENT 1914663 with args -0-10-13-2-56-0-0-0-0-0-0-0-0-0-0-0-0-0-0-0-0-0-0-0-0-0-0-0-0-0-0-0-0-0-0-0-0-0-0-0-
[WARN] [1790609134.518520425] [uav2.mavros.cmd]: CMD: Unexpected command 176, result 0
[INFO] [1790609135.216059543] [uav2.mavros.sys]: FCU: EVENT 9489139 with args -4-0-0-0-0-0-0-0-0-0-0-0-0-0-0-0-0-0-0-0-0-0-0-0-0-0-0-0-0-0-0-0-0-0-0-0-0-0-0-0-
[INFO] [1790609137.061543609] [uav2.mavros.sys]: FCU: EVENT 4277609 with args -0-0-0-0-0-0-0-0-0-0-0-0-0-0-0-0-0-0-0-0-0-0-0-0-0-0-0-0-0-0-0-0-0-0-0-0-0-0-0-0-
[WARN] [1790609386.672605195] [uav2.mavros.cmd]: CMD: Unexpected command 176, result 0
[INFO] [1790609423.941221774] [uav2.mavros.sys]: FCU: EVENT 9844908 with args -0-0-0-0-0-0-0-0-0-0-0-0-0-0-0-0-0-0-0-0-0-0-0-0-0-0-0-0-0-0-0-0-0-0-0-0-0-0-0-0-
[INFO] [1790609426.084775533] [uav2.mavros.sys]: FCU: EVENT 16017271 with args -6-0-0-0-0-0-0-0-0-0-0-0-0-0-0-0-0-0-0-0-0-0-0-0-0-0-0-0-0-0-0-0-0-0-0-0-0-0-0-0-
[WARN] [1790609430.402475884] [uav2.mavros.sys]: FCU: UNK(8): EVENT 11047904 with args -0-0-0-0-0-128-0-0-0-176-122-127-128-176-122-127-128-0-0-0-0-0-0-0-0-0-0-0-0-0-0-0-0-0-0-0-0-0-0-0-
[INFO] [1790609430.402623543] [uav2.mavros.sys]: FCU: EVENT 377561 with args -8-0-0-0-20-0-0-0-0-0-0-0-0-0-0-0-0-0-0-0-0-0-0-0-0-0-0-0-0-0-0-0-0-0-0-0-0-0-0-0-
[WARN] [1790609430.402711000] [uav2.mavros.sys]: FCU: EVENT 453929 with args -255-255-255-255-7-0-0-0-0-0-0-0-0-0-0-0-0-0-0-0-0-0-0-0-0-0-0-0-0-0-0-0-0-0-0-0-0-0-0-0-
[INFO] [1790609430.404352124] [uav2.mavros.sys]: FCU: EVENT 6801787 with args -255-255-255-255-12-0-0-0-0-0-0-0-0-0-0-0-0-0-0-0-0-0-0-0-0-0-0-0-0-0-0-0-0-0-0-0-0-0-0-0-
[WARN] [1790609430.404419713] [uav2.mavros.sys]: FCU: UNK(8): EVENT 1914663 with args -0-10-9-2-56-0-0-0-0-0-0-0-0-0-0-0-0-0-0-0-0-0-0-0-0-0-0-0-0-0-0-0-0-0-0-0-0-0-0-0-
[INFO] [1790609430.850024807] [rclcpp]: signal_handler(SIGINT/SIGTERM)
[WARN] [1790609430.855150475] [uav2.mavros]: UAS Executor terminated
