[INFO] [1790609116.144236351] [uav7.mavros_node]: Starting mavros_node container
[INFO] [1790609116.169544380] [uav7.mavros_node]: FCU URL: udp://:14546@127.0.0.1:14586
[INFO] [1790609116.169559236] [uav7.mavros_node]: GCS URL: 
[INFO] [1790609116.169564378] [uav7.mavros_node]: UAS Prefix: /uas7
[INFO] [1790609116.169569289] [uav7.mavros_node]: Starting mavros router node
[INFO] [1790609116.614221985] [uav7.mavros_router]: Built-in SIMD instructions: SSE, SSE2
[INFO] [1790609116.614268696] [uav7.mavros_router]: Built-in MAVLink package version: 2026.8.8
[INFO] [1790609116.614277584] [uav7.mavros_router]: Known MAVLink dialects: common ardupilotmega ASLUAV AVSSUAS all csAirLink cubepilot development icarous loweheiser marsh paparazzi standard stemstudios storm32 uAvionix ualberta
[INFO] [1790609116.614283848] [uav7.mavros_router]: MAVROS Router started
[INFO] [1790609116.614429326] [uav7.mavros_node]: Starting mavros uas node
[INFO] [1790609116.798964825] [uav7.mavros_router]: Requested to add endpoint: type: 0, url: udp://:14546@127.0.0.1:14586
[INFO] [1790609116.799016409] [uav7.mavros_router]: Endpoint link[1000] created
[INFO] [1790609116.799258185] [uav7.mavros_router]: link[1000] opened successfully
[INFO] [1790609116.799281753] [uav7.mavros_router]: Requested to add endpoint: type: 2, url: /uas7
[INFO] [1790609116.799295096] [uav7.mavros_router]: Endpoint link[1001] created
[INFO] [1790609116.804904882] [uav7.mavros_router]: link[1000] detected remote address 7.1
[INFO] [1790609116.820623333] [uav7.mavros]: Plugin actuator_control ignored
[INFO] [1790609116.820683313] [uav7.mavros]: Plugin altitude ignored
[INFO] [1790609116.821429129] [uav7.mavros]: UAS Executor started, threads: 4
[INFO] [1790609116.905268346] [uav7.mavros_router]: link[1001] opened successfully
[INFO] [1790609117.168106407] [uav7.mavros]: Plugin command created
[INFO] [1790609117.168165260] [uav7.mavros]: Plugin command initialized
[INFO] [1790609117.168174401] [uav7.mavros]: Plugin ftp ignored
[INFO] [1790609117.168180373] [uav7.mavros]: Plugin geofence ignored
[INFO] [1790609117.470088425] [uav7.mavros]: Plugin global_position created
[INFO] [1790609117.543317237] [uav7.mavros]: Plugin global_position initialized
[INFO] [1790609117.543337540] [uav7.mavros]: Plugin home_position ignored
[INFO] [1790609117.543343590] [uav7.mavros]: Plugin imu ignored
[INFO] [1790609117.892763804] [uav7.mavros]: Plugin local_position created
[INFO] [1790609117.892813116] [uav7.mavros]: Plugin local_position initialized
[INFO] [1790609117.892823371] [uav7.mavros]: Plugin manual_control ignored
[INFO] [1790609117.892829887] [uav7.mavros]: Plugin nav_controller_output ignored
[INFO] [1790609117.892835279] [uav7.mavros]: Plugin param ignored
[INFO] [1790609117.892845137] [uav7.mavros]: Plugin rallypoint ignored
[INFO] [1790609117.892849853] [uav7.mavros]: Plugin rc_io ignored
[INFO] [1790609117.892855105] [uav7.mavros]: Plugin setpoint_accel ignored
[INFO] [1790609117.892859792] [uav7.mavros]: Plugin setpoint_attitude ignored
[INFO] [1790609117.892864794] [uav7.mavros]: Plugin setpoint_position ignored
[INFO] [1790609117.892869702] [uav7.mavros]: Plugin setpoint_raw ignored
[INFO] [1790609117.892874415] [uav7.mavros]: Plugin setpoint_trajectory ignored
[INFO] [1790609118.167854858] [uav7.mavros]: Plugin setpoint_velocity created
[INFO] [1790609118.167921497] [uav7.mavros]: Plugin setpoint_velocity initialized
[INFO] [1790609118.500259626] [uav7.mavros]: Plugin sys_status created
[INFO] [1790609118.500347452] [uav7.mavros]: Plugin sys_status initialized
[INFO] [1790609118.619946959] [uav7.mavros.time]: TM: Timesync mode: MAVLINK
[INFO] [1790609118.649582234] [uav7.mavros]: Plugin sys_time created
[INFO] [1790609118.649639334] [uav7.mavros]: Plugin sys_time initialized
[INFO] [1790609118.649649893] [uav7.mavros]: Plugin waypoint ignored
[INFO] [1790609118.649655713] [uav7.mavros]: Plugin wind_estimation ignored
[INFO] [1790609118.659757062] [uav7.mavros]: Built-in SIMD instructions: SSE, SSE2
[INFO] [1790609118.659796789] [uav7.mavros]: Built-in MAVLink package version: 2026.8.8
[INFO] [1790609118.659826116] [uav7.mavros]: Known MAVLink dialects: common ardupilotmega ASLUAV AVSSUAS all csAirLink cubepilot development icarous loweheiser marsh paparazzi standard stemstudios storm32 uAvionix ualberta
[INFO] [1790609118.659834994] [uav7.mavros]: MAVROS UAS via /uas7 started. MY ID 7.191, TARGET ID 7.1
[INFO] [1790609118.704624832] [uav7.mavros_router]: link[1001] detected remote address 7.191
[INFO] [1790609118.814763398] [uav7.mavros]: CON: Got HEARTBEAT, connected. FCU: PX4 Autopilot
[INFO] [1790609119.835776635] [uav7.mavros.sys]: VER: 7.1: Capabilities         0x000000000000e8ff
[INFO] [1790609119.835822969] [uav7.mavros.sys]: VER: 7.1: Flight software:     011200c0 (fca3df865a000000)
[INFO] [1790609119.835830211] [uav7.mavros.sys]: VER: 7.1: Middleware software: 011200c0 (fca3df865a000000)
[INFO] [1790609119.835835867] [uav7.mavros.sys]: VER: 7.1: OS software:         070000ff (17040b9f87cb1791)
[INFO] [1790609119.835840507] [uav7.mavros.sys]: VER: 7.1: Board hardware:      00000001
[INFO] [1790609119.835845341] [uav7.mavros.sys]: VER: 7.1: VID/PID:             0000:0000
[INFO] [1790609119.835850368] [uav7.mavros.sys]: VER: 7.1: UID:                 4954414c44494e55
[WARN] [1790609119.835887142] [uav7.mavros.cmd]: CMD: Unexpected command 512, result 0
[WARN] [1790609130.785635748] [uav7.mavros.sys]: FCU: UNK(8): EVENT 11047904 with args -0-0-0-0-0-128-0-0-0-176-122-127-128-176-122-127-128-0-0-0-0-0-0-0-0-0-0-0-0-0-0-0-0-0-0-0-0-0-0-0-
[INFO] [1790609130.786929910] [uav7.mavros.sys]: FCU: EVENT 377561 with args -8-0-0-0-20-0-0-0-0-0-0-0-0-0-0-0-0-0-0-0-0-0-0-0-0-0-0-0-0-0-0-0-0-0-0-0-0-0-0-0-
[WARN] [1790609130.786982929] [uav7.mavros.sys]: FCU: EVENT 453929 with args -255-255-255-255-7-0-0-0-0-0-0-0-0-0-0-0-0-0-0-0-0-0-0-0-0-0-0-0-0-0-0-0-0-0-0-0-0-0-0-0-
[INFO] [1790609130.787019164] [uav7.mavros.sys]: FCU: EVENT 6801787 with args -255-255-255-255-12-0-0-0-0-0-0-0-0-0-0-0-0-0-0-0-0-0-0-0-0-0-0-0-0-0-0-0-0-0-0-0-0-0-0-0-
[WARN] [1790609130.787167388] [uav7.mavros.sys]: FCU: UNK(8): EVENT 1914663 with args -0-10-13-2-56-0-0-0-0-0-0-0-0-0-0-0-0-0-0-0-0-0-0-0-0-0-0-0-0-0-0-0-0-0-0-0-0-0-0-0-
[WARN] [1790609134.508128831] [uav7.mavros.cmd]: CMD: Unexpected command 176, result 0
[INFO] [1790609135.464941826] [uav7.mavros.sys]: FCU: EVENT 9489139 with args -4-0-0-0-0-0-0-0-0-0-0-0-0-0-0-0-0-0-0-0-0-0-0-0-0-0-0-0-0-0-0-0-0-0-0-0-0-0-0-0-
[INFO] [1790609137.443968499] [uav7.mavros.sys]: FCU: EVENT 4277609 with args -0-0-0-0-0-0-0-0-0-0-0-0-0-0-0-0-0-0-0-0-0-0-0-0-0-0-0-0-0-0-0-0-0-0-0-0-0-0-0-0-
[WARN] [1790609387.367929057] [uav7.mavros.cmd]: CMD: Unexpected command 176, result 0
[INFO] [1790609419.357421306] [uav7.mavros.sys]: FCU: EVENT 9844908 with args -0-0-0-0-0-0-0-0-0-0-0-0-0-0-0-0-0-0-0-0-0-0-0-0-0-0-0-0-0-0-0-0-0-0-0-0-0-0-0-0-
[INFO] [1790609421.489396486] [uav7.mavros.sys]: FCU: EVENT 16017271 with args -6-0-0-0-0-0-0-0-0-0-0-0-0-0-0-0-0-0-0-0-0-0-0-0-0-0-0-0-0-0-0-0-0-0-0-0-0-0-0-0-
[WARN] [1790609425.199138745] [uav7.mavros.sys]: FCU: UNK(8): EVENT 11047904 with args -0-0-0-0-0-128-0-0-0-176-122-127-128-176-122-127-128-0-0-0-0-0-0-0-0-0-0-0-0-0-0-0-0-0-0-0-0-0-0-0-
[INFO] [1790609425.199210936] [uav7.mavros.sys]: FCU: EVENT 377561 with args -8-0-0-0-20-0-0-0-0-0-0-0-0-0-0-0-0-0-0-0-0-0-0-0-0-0-0-0-0-0-0-0-0-0-0-0-0-0-0-0-
[WARN] [1790609425.199282488] [uav7.mavros.sys]: FCU: EVENT 453929 with args -255-255-255-255-7-0-0-0-0-0-0-0-0-0-0-0-0-0-0-0-0-0-0-0-0-0-0-0-0-0-0-0-0-0-0-0-0-0-0-0-
[INFO] [1790609425.199327224] [uav7.mavros.sys]: FCU: EVENT 6801787 with args -255-255-255-255-12-0-0-0-0-0-0-0-0-0-0-0-0-0-0-0-0-0-0-0-0-0-0-0-0-0-0-0-0-0-0-0-0-0-0-0-
[WARN] [1790609425.199362384] [uav7.mavros.sys]: FCU: UNK(8): EVENT 1914663 with args -0-10-9-2-56-0-0-0-0-0-0-0-0-0-0-0-0-0-0-0-0-0-0-0-0-0-0-0-0-0-0-0-0-0-0-0-0-0-0-0-
[INFO] [1790609430.853528419] [rclcpp]: signal_handler(SIGINT/SIGTERM)
[WARN] [1790609430.854276555] [uav7.mavros]: UAS Executor terminated
