[INFO] [1790587961.958739177] [uav2.mavros_node]: Starting mavros_node container
[INFO] [1790587961.959834907] [uav2.mavros_node]: FCU URL: udp://:14541@127.0.0.1:14581
[INFO] [1790587961.959876159] [uav2.mavros_node]: GCS URL: 
[INFO] [1790587961.959887918] [uav2.mavros_node]: UAS Prefix: /uas2
[INFO] [1790587961.959906010] [uav2.mavros_node]: Starting mavros router node
[INFO] [1790587962.374298233] [uav2.mavros_router]: Built-in SIMD instructions: SSE, SSE2
[INFO] [1790587962.374347375] [uav2.mavros_router]: Built-in MAVLink package version: 2026.8.8
[INFO] [1790587962.374356849] [uav2.mavros_router]: Known MAVLink dialects: common ardupilotmega ASLUAV AVSSUAS all csAirLink cubepilot development icarous loweheiser marsh paparazzi standard stemstudios storm32 uAvionix ualberta
[INFO] [1790587962.374364027] [uav2.mavros_router]: MAVROS Router started
[INFO] [1790587962.374511358] [uav2.mavros_node]: Starting mavros uas node
[INFO] [1790587962.648724202] [uav2.mavros_router]: Requested to add endpoint: type: 0, url: udp://:14541@127.0.0.1:14581
[INFO] [1790587962.648784730] [uav2.mavros_router]: Endpoint link[1000] created
[INFO] [1790587962.649027940] [uav2.mavros_router]: link[1000] opened successfully
[INFO] [1790587962.649049160] [uav2.mavros_router]: Requested to add endpoint: type: 2, url: /uas2
[INFO] [1790587962.649063835] [uav2.mavros_router]: Endpoint link[1001] created
[INFO] [1790587962.656461725] [uav2.mavros_router]: link[1000] detected remote address 2.1
[INFO] [1790587962.659605048] [uav2.mavros]: Plugin actuator_control ignored
[INFO] [1790587962.660048939] [uav2.mavros]: Plugin altitude ignored
[INFO] [1790587962.659827426] [uav2.mavros]: UAS Executor started, threads: 4
[INFO] [1790587962.706035651] [uav2.mavros_router]: link[1001] opened successfully
[INFO] [1790587962.958305627] [uav2.mavros]: Plugin command created
[INFO] [1790587962.958388205] [uav2.mavros]: Plugin command initialized
[INFO] [1790587962.958400986] [uav2.mavros]: Plugin ftp ignored
[INFO] [1790587962.958407716] [uav2.mavros]: Plugin geofence ignored
[INFO] [1790587963.321185397] [uav2.mavros]: Plugin global_position created
[INFO] [1790587963.323003003] [uav2.mavros]: Plugin global_position initialized
[INFO] [1790587963.323016877] [uav2.mavros]: Plugin home_position ignored
[INFO] [1790587963.323022680] [uav2.mavros]: Plugin imu ignored
[INFO] [1790587963.547334486] [uav2.mavros]: Plugin local_position created
[INFO] [1790587963.547394412] [uav2.mavros]: Plugin local_position initialized
[INFO] [1790587963.547406225] [uav2.mavros]: Plugin manual_control ignored
[INFO] [1790587963.547413018] [uav2.mavros]: Plugin nav_controller_output ignored
[INFO] [1790587963.547419139] [uav2.mavros]: Plugin param ignored
[INFO] [1790587963.547425250] [uav2.mavros]: Plugin rallypoint ignored
[INFO] [1790587963.547430375] [uav2.mavros]: Plugin rc_io ignored
[INFO] [1790587963.547435376] [uav2.mavros]: Plugin setpoint_accel ignored
[INFO] [1790587963.547440038] [uav2.mavros]: Plugin setpoint_attitude ignored
[INFO] [1790587963.547446070] [uav2.mavros]: Plugin setpoint_position ignored
[INFO] [1790587963.547452119] [uav2.mavros]: Plugin setpoint_raw ignored
[INFO] [1790587963.547457904] [uav2.mavros]: Plugin setpoint_trajectory ignored
[INFO] [1790587963.747668661] [uav2.mavros]: Plugin setpoint_velocity created
[INFO] [1790587963.747731574] [uav2.mavros]: Plugin setpoint_velocity initialized
[INFO] [1790587964.008073116] [uav2.mavros]: Plugin sys_status created
[INFO] [1790587964.008483896] [uav2.mavros]: Plugin sys_status initialized
[INFO] [1790587964.355816099] [uav2.mavros.time]: TM: Timesync mode: MAVLINK
[INFO] [1790587964.409588327] [uav2.mavros]: Plugin sys_time created
[INFO] [1790587964.409657914] [uav2.mavros]: Plugin sys_time initialized
[INFO] [1790587964.410288640] [uav2.mavros]: Plugin waypoint ignored
[INFO] [1790587964.410298660] [uav2.mavros]: Plugin wind_estimation ignored
[INFO] [1790587964.433850431] [uav2.mavros]: Built-in SIMD instructions: SSE, SSE2
[INFO] [1790587964.433904064] [uav2.mavros]: Built-in MAVLink package version: 2026.8.8
[INFO] [1790587964.433945549] [uav2.mavros]: Known MAVLink dialects: common ardupilotmega ASLUAV AVSSUAS all csAirLink cubepilot development icarous loweheiser marsh paparazzi standard stemstudios storm32 uAvionix ualberta
[INFO] [1790587964.433953755] [uav2.mavros]: MAVROS UAS via /uas2 started. MY ID 2.191, TARGET ID 2.1
[INFO] [1790587964.532452889] [uav2.mavros_router]: link[1001] detected remote address 2.191
[INFO] [1790587965.030876699] [uav2.mavros.sys]: VER: 2.1: Capabilities         0x000000000000e8ff
[INFO] [1790587965.030937885] [uav2.mavros.sys]: VER: 2.1: Flight software:     011200c0 (fca3df865a000000)
[INFO] [1790587965.030947530] [uav2.mavros.sys]: VER: 2.1: Middleware software: 011200c0 (fca3df865a000000)
[INFO] [1790587965.030952714] [uav2.mavros.sys]: VER: 2.1: OS software:         070000ff (17040b9f87cb1791)
[INFO] [1790587965.030957500] [uav2.mavros.sys]: VER: 2.1: Board hardware:      00000001
[INFO] [1790587965.030962546] [uav2.mavros.sys]: VER: 2.1: VID/PID:             0000:0000
[INFO] [1790587965.030967394] [uav2.mavros.sys]: VER: 2.1: UID:                 4954414c44494e50
[WARN] [1790587965.030991011] [uav2.mavros.cmd]: CMD: Unexpected command 512, result 0
[INFO] [1790587965.532027551] [uav2.mavros]: CON: Got HEARTBEAT, connected. FCU: PX4 Autopilot
[INFO] [1790587966.573792489] [uav2.mavros.sys]: VER: 2.1: Capabilities         0x000000000000e8ff
[INFO] [1790587966.573848943] [uav2.mavros.sys]: VER: 2.1: Flight software:     011200c0 (fca3df865a000000)
[INFO] [1790587966.573856121] [uav2.mavros.sys]: VER: 2.1: Middleware software: 011200c0 (fca3df865a000000)
[INFO] [1790587966.573861089] [uav2.mavros.sys]: VER: 2.1: OS software:         070000ff (17040b9f87cb1791)
[INFO] [1790587966.573865626] [uav2.mavros.sys]: VER: 2.1: Board hardware:      00000001
[INFO] [1790587966.573870167] [uav2.mavros.sys]: VER: 2.1: VID/PID:             0000:0000
[INFO] [1790587966.573874918] [uav2.mavros.sys]: VER: 2.1: UID:                 4954414c44494e50
[WARN] [1790587974.355037556] [uav2.mavros.sys]: FCU: UNK(8): EVENT 11047904 with args -0-0-0-0-0-128-0-0-0-176-122-127-128-176-122-127-128-0-0-0-0-0-0-0-0-0-0-0-0-0-0-0-0-0-0-0-0-0-0-0-
[INFO] [1790587974.355691737] [uav2.mavros.sys]: FCU: EVENT 377561 with args -8-0-0-0-20-0-0-0-0-0-0-0-0-0-0-0-0-0-0-0-0-0-0-0-0-0-0-0-0-0-0-0-0-0-0-0-0-0-0-0-
[WARN] [1790587974.356805492] [uav2.mavros.sys]: FCU: EVENT 453929 with args -255-255-255-255-7-0-0-0-0-0-0-0-0-0-0-0-0-0-0-0-0-0-0-0-0-0-0-0-0-0-0-0-0-0-0-0-0-0-0-0-
[INFO] [1790587974.356860549] [uav2.mavros.sys]: FCU: EVENT 6801787 with args -255-255-255-255-12-0-0-0-0-0-0-0-0-0-0-0-0-0-0-0-0-0-0-0-0-0-0-0-0-0-0-0-0-0-0-0-0-0-0-0-
[WARN] [1790587974.356900580] [uav2.mavros.sys]: FCU: UNK(8): EVENT 1914663 with args -0-10-13-2-56-0-0-0-0-0-0-0-0-0-0-0-0-0-0-0-0-0-0-0-0-0-0-0-0-0-0-0-0-0-0-0-0-0-0-0-
[WARN] [1790587979.913630674] [uav2.mavros.cmd]: CMD: Unexpected command 176, result 0
[INFO] [1790587980.944943444] [uav2.mavros.sys]: FCU: EVENT 9489139 with args -4-0-0-0-0-0-0-0-0-0-0-0-0-0-0-0-0-0-0-0-0-0-0-0-0-0-0-0-0-0-0-0-0-0-0-0-0-0-0-0-
[INFO] [1790587982.968355949] [uav2.mavros.sys]: FCU: EVENT 4277609 with args -0-0-0-0-0-0-0-0-0-0-0-0-0-0-0-0-0-0-0-0-0-0-0-0-0-0-0-0-0-0-0-0-0-0-0-0-0-0-0-0-
[WARN] [1790588234.016091039] [uav2.mavros.cmd]: CMD: Unexpected command 176, result 0
[INFO] [1790588268.809663839] [uav2.mavros.sys]: FCU: EVENT 9844908 with args -0-0-0-0-0-0-0-0-0-0-0-0-0-0-0-0-0-0-0-0-0-0-0-0-0-0-0-0-0-0-0-0-0-0-0-0-0-0-0-0-
[INFO] [1790588270.955157785] [uav2.mavros.sys]: FCU: EVENT 16017271 with args -6-0-0-0-0-0-0-0-0-0-0-0-0-0-0-0-0-0-0-0-0-0-0-0-0-0-0-0-0-0-0-0-0-0-0-0-0-0-0-0-
[WARN] [1790588274.758448046] [uav2.mavros.sys]: FCU: UNK(8): EVENT 11047904 with args -0-0-0-0-0-128-0-0-0-176-122-127-128-176-122-127-128-0-0-0-0-0-0-0-0-0-0-0-0-0-0-0-0-0-0-0-0-0-0-0-
[INFO] [1790588274.758688778] [uav2.mavros.sys]: FCU: EVENT 377561 with args -8-0-0-0-20-0-0-0-0-0-0-0-0-0-0-0-0-0-0-0-0-0-0-0-0-0-0-0-0-0-0-0-0-0-0-0-0-0-0-0-
[WARN] [1790588274.758752903] [uav2.mavros.sys]: FCU: EVENT 453929 with args -255-255-255-255-7-0-0-0-0-0-0-0-0-0-0-0-0-0-0-0-0-0-0-0-0-0-0-0-0-0-0-0-0-0-0-0-0-0-0-0-
[INFO] [1790588274.758806548] [uav2.mavros.sys]: FCU: EVENT 6801787 with args -255-255-255-255-12-0-0-0-0-0-0-0-0-0-0-0-0-0-0-0-0-0-0-0-0-0-0-0-0-0-0-0-0-0-0-0-0-0-0-0-
[WARN] [1790588274.758844654] [uav2.mavros.sys]: FCU: UNK(8): EVENT 1914663 with args -0-10-9-2-56-0-0-0-0-0-0-0-0-0-0-0-0-0-0-0-0-0-0-0-0-0-0-0-0-0-0-0-0-0-0-0-0-0-0-0-
[INFO] [1790588310.097029212] [rclcpp]: signal_handler(SIGINT/SIGTERM)
[WARN] [1790588310.099255337] [uav2.mavros]: UAS Executor terminated
