[INFO] [1790496168.373879474] [uav6.mavros_node]: Starting mavros_node container
[INFO] [1790496168.374112928] [uav6.mavros_node]: FCU URL: udp://:14545@127.0.0.1:14585
[INFO] [1790496168.374139444] [uav6.mavros_node]: GCS URL: 
[INFO] [1790496168.374152823] [uav6.mavros_node]: UAS Prefix: /uas6
[INFO] [1790496168.374165248] [uav6.mavros_node]: Starting mavros router node
[INFO] [1790496168.641268075] [uav6.mavros_router]: Built-in SIMD instructions: SSE, SSE2
[INFO] [1790496168.641357611] [uav6.mavros_router]: Built-in MAVLink package version: 2026.8.8
[INFO] [1790496168.641379810] [uav6.mavros_router]: Known MAVLink dialects: common ardupilotmega ASLUAV AVSSUAS all csAirLink cubepilot development icarous loweheiser marsh paparazzi standard stemstudios storm32 uAvionix ualberta
[INFO] [1790496168.641397641] [uav6.mavros_router]: MAVROS Router started
[INFO] [1790496168.641724178] [uav6.mavros_node]: Starting mavros uas node
[INFO] [1790496169.330763451] [uav6.mavros_router]: Requested to add endpoint: type: 0, url: udp://:14545@127.0.0.1:14585
[INFO] [1790496169.333230522] [uav6.mavros_router]: Endpoint link[1000] created
[INFO] [1790496169.335518376] [uav6.mavros_router]: link[1000] opened successfully
[INFO] [1790496169.335593016] [uav6.mavros_router]: Requested to add endpoint: type: 2, url: /uas6
[INFO] [1790496169.335630127] [uav6.mavros_router]: Endpoint link[1001] created
[INFO] [1790496169.347744895] [uav6.mavros_router]: link[1000] detected remote address 6.1
[INFO] [1790496169.364151514] [uav6.mavros]: Plugin actuator_control ignored
[INFO] [1790496169.364771506] [uav6.mavros]: Plugin altitude ignored
[INFO] [1790496169.364247328] [uav6.mavros]: UAS Executor started, threads: 4
[INFO] [1790496169.651651234] [uav6.mavros_router]: link[1001] opened successfully
[INFO] [1790496169.791844371] [uav6.mavros]: Plugin command created
[INFO] [1790496169.792525020] [uav6.mavros]: Plugin command initialized
[INFO] [1790496169.792563128] [uav6.mavros]: Plugin ftp ignored
[INFO] [1790496169.792602846] [uav6.mavros]: Plugin geofence ignored
[INFO] [1790496170.920342983] [uav6.mavros]: Plugin global_position created
[INFO] [1790496170.922254596] [uav6.mavros]: Plugin global_position initialized
[INFO] [1790496170.922283363] [uav6.mavros]: Plugin home_position ignored
[INFO] [1790496170.922299816] [uav6.mavros]: Plugin imu ignored
[INFO] [1790496171.449481129] [uav6.mavros]: Plugin local_position created
[INFO] [1790496171.452849645] [uav6.mavros]: Plugin local_position initialized
[INFO] [1790496171.454354618] [uav6.mavros]: Plugin manual_control ignored
[INFO] [1790496171.454985155] [uav6.mavros]: Plugin nav_controller_output ignored
[INFO] [1790496171.455152818] [uav6.mavros]: Plugin param ignored
[INFO] [1790496171.455379050] [uav6.mavros]: Plugin rallypoint ignored
[INFO] [1790496171.455896206] [uav6.mavros]: Plugin rc_io ignored
[INFO] [1790496171.455929189] [uav6.mavros]: Plugin setpoint_accel ignored
[INFO] [1790496171.456322299] [uav6.mavros]: Plugin setpoint_attitude ignored
[INFO] [1790496171.457488221] [uav6.mavros]: Plugin setpoint_position ignored
[INFO] [1790496171.457695213] [uav6.mavros]: Plugin setpoint_raw ignored
[INFO] [1790496171.457797276] [uav6.mavros]: Plugin setpoint_trajectory ignored
[INFO] [1790496172.085040821] [uav6.mavros]: Plugin setpoint_velocity created
[INFO] [1790496172.085162854] [uav6.mavros]: Plugin setpoint_velocity initialized
[INFO] [1790496174.095489993] [uav6.mavros]: Plugin sys_status created
[INFO] [1790496174.100694600] [uav6.mavros]: Plugin sys_status initialized
[INFO] [1790496174.882735856] [uav6.mavros.time]: TM: Timesync mode: MAVLINK
[INFO] [1790496175.039201881] [uav6.mavros]: Plugin sys_time created
[INFO] [1790496175.042069714] [uav6.mavros]: Plugin sys_time initialized
[INFO] [1790496175.043321838] [uav6.mavros]: Plugin waypoint ignored
[INFO] [1790496175.045651106] [uav6.mavros]: Plugin wind_estimation ignored
[INFO] [1790496175.183760401] [uav6.mavros_router]: link[1001] detected remote address 6.191
[INFO] [1790496175.201471055] [uav6.mavros]: Built-in SIMD instructions: SSE, SSE2
[INFO] [1790496175.201565071] [uav6.mavros]: Built-in MAVLink package version: 2026.8.8
[INFO] [1790496175.201582056] [uav6.mavros]: Known MAVLink dialects: common ardupilotmega ASLUAV AVSSUAS all csAirLink cubepilot development icarous loweheiser marsh paparazzi standard stemstudios storm32 uAvionix ualberta
[INFO] [1790496175.201600785] [uav6.mavros]: MAVROS UAS via /uas6 started. MY ID 6.191, TARGET ID 6.1
[INFO] [1790496175.210907728] [uav6.mavros.sys]: VER: 6.1: Capabilities         0x000000000000e8ff
[INFO] [1790496175.212875773] [uav6.mavros.sys]: VER: 6.1: Flight software:     011200c0 (fca3df865a000000)
[INFO] [1790496175.214447393] [uav6.mavros.sys]: VER: 6.1: Middleware software: 011200c0 (fca3df865a000000)
[INFO] [1790496175.215761665] [uav6.mavros.sys]: VER: 6.1: OS software:         070000ff (17040b9f87cb1791)
[INFO] [1790496175.215940691] [uav6.mavros.sys]: VER: 6.1: Board hardware:      00000001
[INFO] [1790496175.216173711] [uav6.mavros.sys]: VER: 6.1: VID/PID:             0000:0000
[INFO] [1790496175.218082007] [uav6.mavros.sys]: VER: 6.1: UID:                 4954414c44494e54
[WARN] [1790496175.223708947] [uav6.mavros.cmd]: CMD: Unexpected command 512, result 0
[INFO] [1790496175.686990373] [uav6.mavros]: CON: Got HEARTBEAT, connected. FCU: PX4 Autopilot
[INFO] [1790496176.764881274] [uav6.mavros.sys]: VER: 6.1: Capabilities         0x000000000000e8ff
[INFO] [1790496176.764991337] [uav6.mavros.sys]: VER: 6.1: Flight software:     011200c0 (fca3df865a000000)
[INFO] [1790496176.765016888] [uav6.mavros.sys]: VER: 6.1: Middleware software: 011200c0 (fca3df865a000000)
[INFO] [1790496176.765033067] [uav6.mavros.sys]: VER: 6.1: OS software:         070000ff (17040b9f87cb1791)
[INFO] [1790496176.765048232] [uav6.mavros.sys]: VER: 6.1: Board hardware:      00000001
[INFO] [1790496176.765063035] [uav6.mavros.sys]: VER: 6.1: VID/PID:             0000:0000
[INFO] [1790496176.765078251] [uav6.mavros.sys]: VER: 6.1: UID:                 4954414c44494e54
[WARN] [1790496200.569542756] [uav6.mavros.sys]: FCU: UNK(8): EVENT 11047904 with args -0-0-0-0-0-128-0-0-0-176-122-127-128-176-122-127-128-0-0-0-0-0-0-0-0-0-0-0-0-0-0-0-0-0-0-0-0-0-0-0-
[INFO] [1790496200.569761041] [uav6.mavros.sys]: FCU: EVENT 377561 with args -8-0-0-0-20-0-0-0-0-0-0-0-0-0-0-0-0-0-0-0-0-0-0-0-0-0-0-0-0-0-0-0-0-0-0-0-0-0-0-0-
[WARN] [1790496200.569859348] [uav6.mavros.sys]: FCU: EVENT 453929 with args -255-255-255-255-7-0-0-0-0-0-0-0-0-0-0-0-0-0-0-0-0-0-0-0-0-0-0-0-0-0-0-0-0-0-0-0-0-0-0-0-
[INFO] [1790496200.569992517] [uav6.mavros.sys]: FCU: EVENT 6801787 with args -255-255-255-255-12-0-0-0-0-0-0-0-0-0-0-0-0-0-0-0-0-0-0-0-0-0-0-0-0-0-0-0-0-0-0-0-0-0-0-0-
[WARN] [1790496200.587262944] [uav6.mavros.sys]: FCU: UNK(8): EVENT 1914663 with args -0-10-13-2-56-0-0-0-0-0-0-0-0-0-0-0-0-0-0-0-0-0-0-0-0-0-0-0-0-0-0-0-0-0-0-0-0-0-0-0-
[WARN] [1790496215.986144385] [uav6.mavros.cmd]: CMD: Unexpected command 176, result 0
[INFO] [1790496216.811313587] [uav6.mavros.sys]: FCU: EVENT 9489139 with args -4-0-0-0-0-0-0-0-0-0-0-0-0-0-0-0-0-0-0-0-0-0-0-0-0-0-0-0-0-0-0-0-0-0-0-0-0-0-0-0-
[INFO] [1790496219.568797949] [uav6.mavros.sys]: FCU: EVENT 4277609 with args -0-0-0-0-0-0-0-0-0-0-0-0-0-0-0-0-0-0-0-0-0-0-0-0-0-0-0-0-0-0-0-0-0-0-0-0-0-0-0-0-
[WARN] [1790496567.316747451] [uav6.mavros.cmd]: CMD: Unexpected command 176, result 0
[INFO] [1790496609.448232766] [uav6.mavros.sys]: FCU: EVENT 9844908 with args -0-0-0-0-0-0-0-0-0-0-0-0-0-0-0-0-0-0-0-0-0-0-0-0-0-0-0-0-0-0-0-0-0-0-0-0-0-0-0-0-
[INFO] [1790496612.389235008] [uav6.mavros.sys]: FCU: EVENT 16017271 with args -6-0-0-0-0-0-0-0-0-0-0-0-0-0-0-0-0-0-0-0-0-0-0-0-0-0-0-0-0-0-0-0-0-0-0-0-0-0-0-0-
[WARN] [1790496617.781165776] [uav6.mavros.sys]: FCU: UNK(8): EVENT 11047904 with args -0-0-0-0-0-128-0-0-0-176-122-127-128-176-122-127-128-0-0-0-0-0-0-0-0-0-0-0-0-0-0-0-0-0-0-0-0-0-0-0-
[INFO] [1790496617.798979535] [uav6.mavros.sys]: FCU: EVENT 377561 with args -8-0-0-0-20-0-0-0-0-0-0-0-0-0-0-0-0-0-0-0-0-0-0-0-0-0-0-0-0-0-0-0-0-0-0-0-0-0-0-0-
[WARN] [1790496617.800929727] [uav6.mavros.sys]: FCU: EVENT 453929 with args -255-255-255-255-7-0-0-0-0-0-0-0-0-0-0-0-0-0-0-0-0-0-0-0-0-0-0-0-0-0-0-0-0-0-0-0-0-0-0-0-
[INFO] [1790496617.801147224] [uav6.mavros.sys]: FCU: EVENT 6801787 with args -255-255-255-255-12-0-0-0-0-0-0-0-0-0-0-0-0-0-0-0-0-0-0-0-0-0-0-0-0-0-0-0-0-0-0-0-0-0-0-0-
[WARN] [1790496617.804428837] [uav6.mavros.sys]: FCU: UNK(8): EVENT 1914663 with args -0-10-9-2-56-0-0-0-0-0-0-0-0-0-0-0-0-0-0-0-0-0-0-0-0-0-0-0-0-0-0-0-0-0-0-0-0-0-0-0-
[WARN] [1790496623.444764339] [uav6.mavros.sys]: FCU: UNK(8): EVENT 11047904 with args -0-0-0-16-0-128-0-0-0-176-58-127-128-176-58-127-128-0-0-0-0-0-0-0-0-0-0-0-0-0-0-0-0-0-0-0-0-0-0-0-
[ERROR] [1790496623.445429837] [uav6.mavros.sys]: FCU: EVENT 11464574 with args -0-64-0-0-20-0-0-0-0-0-0-0-0-0-0-0-0-0-0-0-0-0-0-0-0-0-0-0-0-0-0-0-0-0-0-0-0-0-0-0-
[INFO] [1790496623.445894398] [uav6.mavros.sys]: FCU: EVENT 377561 with args -8-0-0-0-20-0-0-0-0-0-0-0-0-0-0-0-0-0-0-0-0-0-0-0-0-0-0-0-0-0-0-0-0-0-0-0-0-0-0-0-
[WARN] [1790496623.446002117] [uav6.mavros.sys]: FCU: EVENT 453929 with args -255-255-255-255-7-0-0-0-0-0-0-0-0-0-0-0-0-0-0-0-0-0-0-0-0-0-0-0-0-0-0-0-0-0-0-0-0-0-0-0-
[INFO] [1790496623.446367264] [uav6.mavros.sys]: FCU: EVENT 6801787 with args -255-255-255-255-12-0-0-0-0-0-0-0-0-0-0-0-0-0-0-0-0-0-0-0-0-0-0-0-0-0-0-0-0-0-0-0-0-0-0-0-
[WARN] [1790496623.446509678] [uav6.mavros.sys]: FCU: UNK(8): EVENT 1914663 with args -0-10-9-2-56-0-0-0-0-0-0-0-0-0-0-0-0-0-0-0-0-0-0-0-0-0-0-0-0-0-0-0-0-0-0-0-0-0-0-0-
[WARN] [1790496623.464134469] [uav6.mavros.sys]: FCU: EVENT 13277401 with args -0-0-6-0-0-0-0-0-0-0-0-0-0-0-0-0-0-0-0-0-0-0-0-0-0-0-0-0-0-0-0-0-0-0-0-0-0-0-0-0-
[INFO] [1790496623.776498211] [rclcpp]: signal_handler(SIGINT/SIGTERM)
[WARN] [1790496623.782275227] [uav6.mavros]: UAS Executor terminated
