[INFO] [1790496167.000973446] [uav1.mavros_node]: Starting mavros_node container
[INFO] [1790496167.007943315] [uav1.mavros_node]: FCU URL: udp://:14540@127.0.0.1:14580
[INFO] [1790496167.008039024] [uav1.mavros_node]: GCS URL: 
[INFO] [1790496167.008056659] [uav1.mavros_node]: UAS Prefix: /uas1
[INFO] [1790496167.008069464] [uav1.mavros_node]: Starting mavros router node
[INFO] [1790496167.103792468] [uav1.mavros_router]: Built-in SIMD instructions: SSE, SSE2
[INFO] [1790496167.103885789] [uav1.mavros_router]: Built-in MAVLink package version: 2026.8.8
[INFO] [1790496167.103934310] [uav1.mavros_router]: Known MAVLink dialects: common ardupilotmega ASLUAV AVSSUAS all csAirLink cubepilot development icarous loweheiser marsh paparazzi standard stemstudios storm32 uAvionix ualberta
[INFO] [1790496167.104001008] [uav1.mavros_router]: MAVROS Router started
[INFO] [1790496167.104383957] [uav1.mavros_node]: Starting mavros uas node
[INFO] [1790496167.617940771] [uav1.mavros_router]: Requested to add endpoint: type: 0, url: udp://:14540@127.0.0.1:14580
[INFO] [1790496167.618061758] [uav1.mavros_router]: Endpoint link[1000] created
[INFO] [1790496167.619566345] [uav1.mavros_router]: link[1000] opened successfully
[INFO] [1790496167.619637506] [uav1.mavros_router]: Requested to add endpoint: type: 2, url: /uas1
[INFO] [1790496167.619672553] [uav1.mavros_router]: Endpoint link[1001] created
[INFO] [1790496167.636589292] [uav1.mavros]: UAS Executor started, threads: 4
[INFO] [1790496167.639479694] [uav1.mavros_router]: link[1000] detected remote address 1.1
[INFO] [1790496167.636606656] [uav1.mavros]: Plugin actuator_control ignored
[INFO] [1790496167.639876248] [uav1.mavros]: Plugin altitude ignored
[INFO] [1790496167.720199778] [uav1.mavros_router]: link[1001] opened successfully
[INFO] [1790496168.308521194] [uav1.mavros]: Plugin command created
[INFO] [1790496168.308666777] [uav1.mavros]: Plugin command initialized
[INFO] [1790496168.308702334] [uav1.mavros]: Plugin ftp ignored
[INFO] [1790496168.308720871] [uav1.mavros]: Plugin geofence ignored
[INFO] [1790496169.300248556] [uav1.mavros]: Plugin global_position created
[INFO] [1790496169.300376346] [uav1.mavros]: Plugin global_position initialized
[INFO] [1790496169.300414290] [uav1.mavros]: Plugin home_position ignored
[INFO] [1790496169.300437128] [uav1.mavros]: Plugin imu ignored
[INFO] [1790496170.336635486] [uav1.mavros]: Plugin local_position created
[INFO] [1790496170.336745526] [uav1.mavros]: Plugin local_position initialized
[INFO] [1790496170.336769729] [uav1.mavros]: Plugin manual_control ignored
[INFO] [1790496170.336782707] [uav1.mavros]: Plugin nav_controller_output ignored
[INFO] [1790496170.336796250] [uav1.mavros]: Plugin param ignored
[INFO] [1790496170.336809765] [uav1.mavros]: Plugin rallypoint ignored
[INFO] [1790496170.336822899] [uav1.mavros]: Plugin rc_io ignored
[INFO] [1790496170.336836334] [uav1.mavros]: Plugin setpoint_accel ignored
[INFO] [1790496170.336850624] [uav1.mavros]: Plugin setpoint_attitude ignored
[INFO] [1790496170.336875841] [uav1.mavros]: Plugin setpoint_position ignored
[INFO] [1790496170.336895571] [uav1.mavros]: Plugin setpoint_raw ignored
[INFO] [1790496170.336909954] [uav1.mavros]: Plugin setpoint_trajectory ignored
[INFO] [1790496171.034736730] [uav1.mavros]: Plugin setpoint_velocity created
[INFO] [1790496171.034839933] [uav1.mavros]: Plugin setpoint_velocity initialized
[INFO] [1790496172.458013117] [uav1.mavros]: Plugin sys_status created
[INFO] [1790496172.458258812] [uav1.mavros]: Plugin sys_status initialized
[INFO] [1790496173.165607618] [uav1.mavros.time]: TM: Timesync mode: MAVLINK
[INFO] [1790496173.209288653] [uav1.mavros]: Plugin sys_time created
[INFO] [1790496173.209400729] [uav1.mavros]: Plugin sys_time initialized
[INFO] [1790496173.209427719] [uav1.mavros]: Plugin waypoint ignored
[INFO] [1790496173.209444630] [uav1.mavros]: Plugin wind_estimation ignored
[INFO] [1790496173.284981669] [uav1.mavros]: Built-in SIMD instructions: SSE, SSE2
[INFO] [1790496173.285055455] [uav1.mavros]: Built-in MAVLink package version: 2026.8.8
[INFO] [1790496173.285091078] [uav1.mavros]: Known MAVLink dialects: common ardupilotmega ASLUAV AVSSUAS all csAirLink cubepilot development icarous loweheiser marsh paparazzi standard stemstudios storm32 uAvionix ualberta
[INFO] [1790496173.285110767] [uav1.mavros]: MAVROS UAS via /uas1 started. MY ID 1.191, TARGET ID 1.1
[INFO] [1790496173.394125132] [uav1.mavros_router]: link[1001] detected remote address 1.191
[INFO] [1790496173.752518200] [uav1.mavros.sys]: VER: 1.1: Capabilities         0x000000000000e8ff
[INFO] [1790496173.752624228] [uav1.mavros.sys]: VER: 1.1: Flight software:     011200c0 (fca3df865a000000)
[INFO] [1790496173.752644747] [uav1.mavros.sys]: VER: 1.1: Middleware software: 011200c0 (fca3df865a000000)
[INFO] [1790496173.752659304] [uav1.mavros.sys]: VER: 1.1: OS software:         070000ff (17040b9f87cb1791)
[INFO] [1790496173.752672263] [uav1.mavros.sys]: VER: 1.1: Board hardware:      00000001
[INFO] [1790496173.752685737] [uav1.mavros.sys]: VER: 1.1: VID/PID:             0000:0000
[INFO] [1790496173.752704449] [uav1.mavros.sys]: VER: 1.1: UID:                 4954414c44494e4f
[WARN] [1790496173.752802085] [uav1.mavros.cmd]: CMD: Unexpected command 512, result 0
[INFO] [1790496174.769004244] [uav1.mavros]: CON: Got HEARTBEAT, connected. FCU: PX4 Autopilot
[INFO] [1790496175.835908446] [uav1.mavros.sys]: VER: 1.1: Capabilities         0x000000000000e8ff
[INFO] [1790496175.836025546] [uav1.mavros.sys]: VER: 1.1: Flight software:     011200c0 (fca3df865a000000)
[INFO] [1790496175.836055249] [uav1.mavros.sys]: VER: 1.1: Middleware software: 011200c0 (fca3df865a000000)
[INFO] [1790496175.836072985] [uav1.mavros.sys]: VER: 1.1: OS software:         070000ff (17040b9f87cb1791)
[INFO] [1790496175.836088009] [uav1.mavros.sys]: VER: 1.1: Board hardware:      00000001
[INFO] [1790496175.836102244] [uav1.mavros.sys]: VER: 1.1: VID/PID:             0000:0000
[INFO] [1790496175.836117962] [uav1.mavros.sys]: VER: 1.1: UID:                 4954414c44494e4f
[WARN] [1790496210.467008856] [uav1.mavros.sys]: FCU: UNK(8): EVENT 11047904 with args -0-0-0-0-0-128-0-0-0-176-122-127-128-176-122-127-128-0-0-0-0-0-0-0-0-0-0-0-0-0-0-0-0-0-0-0-0-0-0-0-
[INFO] [1790496210.467221830] [uav1.mavros.sys]: FCU: EVENT 377561 with args -8-0-0-0-20-0-0-0-0-0-0-0-0-0-0-0-0-0-0-0-0-0-0-0-0-0-0-0-0-0-0-0-0-0-0-0-0-0-0-0-
[WARN] [1790496210.467321876] [uav1.mavros.sys]: FCU: EVENT 453929 with args -255-255-255-255-7-0-0-0-0-0-0-0-0-0-0-0-0-0-0-0-0-0-0-0-0-0-0-0-0-0-0-0-0-0-0-0-0-0-0-0-
[INFO] [1790496210.467415890] [uav1.mavros.sys]: FCU: EVENT 6801787 with args -255-255-255-255-12-0-0-0-0-0-0-0-0-0-0-0-0-0-0-0-0-0-0-0-0-0-0-0-0-0-0-0-0-0-0-0-0-0-0-0-
[WARN] [1790496210.467510237] [uav1.mavros.sys]: FCU: UNK(8): EVENT 1914663 with args -0-10-13-2-56-0-0-0-0-0-0-0-0-0-0-0-0-0-0-0-0-0-0-0-0-0-0-0-0-0-0-0-0-0-0-0-0-0-0-0-
[WARN] [1790496215.890226659] [uav1.mavros.cmd]: CMD: Unexpected command 176, result 0
[INFO] [1790496217.671364207] [uav1.mavros.sys]: FCU: EVENT 9489139 with args -4-0-0-0-0-0-0-0-0-0-0-0-0-0-0-0-0-0-0-0-0-0-0-0-0-0-0-0-0-0-0-0-0-0-0-0-0-0-0-0-
[INFO] [1790496220.020741568] [uav1.mavros.sys]: FCU: EVENT 4277609 with args -0-0-0-0-0-0-0-0-0-0-0-0-0-0-0-0-0-0-0-0-0-0-0-0-0-0-0-0-0-0-0-0-0-0-0-0-0-0-0-0-
[WARN] [1790496567.831341931] [uav1.mavros.cmd]: CMD: Unexpected command 176, result 0
[INFO] [1790496617.131434873] [uav1.mavros.sys]: FCU: EVENT 9844908 with args -0-0-0-0-0-0-0-0-0-0-0-0-0-0-0-0-0-0-0-0-0-0-0-0-0-0-0-0-0-0-0-0-0-0-0-0-0-0-0-0-
[INFO] [1790496619.710794569] [uav1.mavros.sys]: FCU: EVENT 16017271 with args -6-0-0-0-0-0-0-0-0-0-0-0-0-0-0-0-0-0-0-0-0-0-0-0-0-0-0-0-0-0-0-0-0-0-0-0-0-0-0-0-
[WARN] [1790496623.285035959] [uav1.mavros.sys]: FCU: UNK(8): EVENT 11047904 with args -0-0-0-16-0-128-0-0-0-176-58-127-128-176-58-127-128-0-0-0-0-0-0-0-0-0-0-0-0-0-0-0-0-0-0-0-0-0-0-0-
[ERROR] [1790496623.285250616] [uav1.mavros.sys]: FCU: EVENT 11464574 with args -0-64-0-0-20-0-0-0-0-0-0-0-0-0-0-0-0-0-0-0-0-0-0-0-0-0-0-0-0-0-0-0-0-0-0-0-0-0-0-0-
[INFO] [1790496623.285453217] [uav1.mavros.sys]: FCU: EVENT 377561 with args -8-0-0-0-20-0-0-0-0-0-0-0-0-0-0-0-0-0-0-0-0-0-0-0-0-0-0-0-0-0-0-0-0-0-0-0-0-0-0-0-
[WARN] [1790496623.285608101] [uav1.mavros.sys]: FCU: EVENT 453929 with args -255-255-255-255-7-0-0-0-0-0-0-0-0-0-0-0-0-0-0-0-0-0-0-0-0-0-0-0-0-0-0-0-0-0-0-0-0-0-0-0-
[INFO] [1790496623.285732740] [uav1.mavros.sys]: FCU: EVENT 6801787 with args -255-255-255-255-12-0-0-0-0-0-0-0-0-0-0-0-0-0-0-0-0-0-0-0-0-0-0-0-0-0-0-0-0-0-0-0-0-0-0-0-
[WARN] [1790496623.285855695] [uav1.mavros.sys]: FCU: UNK(8): EVENT 1914663 with args -0-10-13-2-56-0-0-0-0-0-0-0-0-0-0-0-0-0-0-0-0-0-0-0-0-0-0-0-0-0-0-0-0-0-0-0-0-0-0-0-
[WARN] [1790496623.299183061] [uav1.mavros.sys]: FCU: EVENT 13277401 with args -0-0-6-0-0-0-0-0-0-0-0-0-0-0-0-0-0-0-0-0-0-0-0-0-0-0-0-0-0-0-0-0-0-0-0-0-0-0-0-0-
[INFO] [1790496623.754085506] [rclcpp]: signal_handler(SIGINT/SIGTERM)
[WARN] [1790496623.755858549] [uav1.mavros]: UAS Executor terminated
