[INFO] [1790496167.142281163] [uav7.mavros_node]: Starting mavros_node container
[INFO] [1790496167.142465698] [uav7.mavros_node]: FCU URL: udp://:14546@127.0.0.1:14586
[INFO] [1790496167.142489368] [uav7.mavros_node]: GCS URL: 
[INFO] [1790496167.142503201] [uav7.mavros_node]: UAS Prefix: /uas7
[INFO] [1790496167.142515709] [uav7.mavros_node]: Starting mavros router node
[INFO] [1790496167.182711460] [uav7.mavros_router]: Built-in SIMD instructions: SSE, SSE2
[INFO] [1790496167.182801318] [uav7.mavros_router]: Built-in MAVLink package version: 2026.8.8
[INFO] [1790496167.182824620] [uav7.mavros_router]: Known MAVLink dialects: common ardupilotmega ASLUAV AVSSUAS all csAirLink cubepilot development icarous loweheiser marsh paparazzi standard stemstudios storm32 uAvionix ualberta
[INFO] [1790496167.182858101] [uav7.mavros_router]: MAVROS Router started
[INFO] [1790496167.183188261] [uav7.mavros_node]: Starting mavros uas node
[INFO] [1790496167.830596783] [uav7.mavros_router]: Requested to add endpoint: type: 0, url: udp://:14546@127.0.0.1:14586
[INFO] [1790496167.830723735] [uav7.mavros_router]: Endpoint link[1000] created
[INFO] [1790496167.831261623] [uav7.mavros_router]: link[1000] opened successfully
[INFO] [1790496167.831327860] [uav7.mavros_router]: Requested to add endpoint: type: 2, url: /uas7
[INFO] [1790496167.839647695] [uav7.mavros_router]: Endpoint link[1001] created
[INFO] [1790496167.833257021] [uav7.mavros]: Plugin actuator_control ignored
[INFO] [1790496167.845166532] [uav7.mavros]: Plugin altitude ignored
[INFO] [1790496167.833733799] [uav7.mavros]: UAS Executor started, threads: 4
[INFO] [1790496167.835336931] [uav7.mavros_router]: link[1000] detected remote address 7.1
[INFO] [1790496168.100240209] [uav7.mavros_router]: link[1001] opened successfully
[INFO] [1790496168.747112427] [uav7.mavros]: Plugin command created
[INFO] [1790496168.747249076] [uav7.mavros]: Plugin command initialized
[INFO] [1790496168.747278837] [uav7.mavros]: Plugin ftp ignored
[INFO] [1790496168.747296557] [uav7.mavros]: Plugin geofence ignored
[INFO] [1790496169.389100401] [uav7.mavros]: Plugin global_position created
[INFO] [1790496169.389264235] [uav7.mavros]: Plugin global_position initialized
[INFO] [1790496169.389297233] [uav7.mavros]: Plugin home_position ignored
[INFO] [1790496169.389322556] [uav7.mavros]: Plugin imu ignored
[INFO] [1790496170.117879498] [uav7.mavros]: Plugin local_position created
[INFO] [1790496170.118041390] [uav7.mavros]: Plugin local_position initialized
[INFO] [1790496170.118071925] [uav7.mavros]: Plugin manual_control ignored
[INFO] [1790496170.118087706] [uav7.mavros]: Plugin nav_controller_output ignored
[INFO] [1790496170.118101082] [uav7.mavros]: Plugin param ignored
[INFO] [1790496170.118114586] [uav7.mavros]: Plugin rallypoint ignored
[INFO] [1790496170.118127038] [uav7.mavros]: Plugin rc_io ignored
[INFO] [1790496170.118138943] [uav7.mavros]: Plugin setpoint_accel ignored
[INFO] [1790496170.118151067] [uav7.mavros]: Plugin setpoint_attitude ignored
[INFO] [1790496170.118162756] [uav7.mavros]: Plugin setpoint_position ignored
[INFO] [1790496170.118174004] [uav7.mavros]: Plugin setpoint_raw ignored
[INFO] [1790496170.118186084] [uav7.mavros]: Plugin setpoint_trajectory ignored
[INFO] [1790496170.799647735] [uav7.mavros]: Plugin setpoint_velocity created
[INFO] [1790496170.799763854] [uav7.mavros]: Plugin setpoint_velocity initialized
[INFO] [1790496172.894833570] [uav7.mavros]: Plugin sys_status created
[INFO] [1790496172.898830489] [uav7.mavros]: Plugin sys_status initialized
[INFO] [1790496173.956426239] [uav7.mavros.time]: TM: Timesync mode: MAVLINK
[INFO] [1790496174.109188152] [uav7.mavros]: Plugin sys_time created
[INFO] [1790496174.109310414] [uav7.mavros]: Plugin sys_time initialized
[INFO] [1790496174.109338006] [uav7.mavros]: Plugin waypoint ignored
[INFO] [1790496174.109361183] [uav7.mavros]: Plugin wind_estimation ignored
[INFO] [1790496174.198997561] [uav7.mavros]: Built-in SIMD instructions: SSE, SSE2
[INFO] [1790496174.199087502] [uav7.mavros]: Built-in MAVLink package version: 2026.8.8
[INFO] [1790496174.199124251] [uav7.mavros]: Known MAVLink dialects: common ardupilotmega ASLUAV AVSSUAS all csAirLink cubepilot development icarous loweheiser marsh paparazzi standard stemstudios storm32 uAvionix ualberta
[INFO] [1790496174.199142565] [uav7.mavros]: MAVROS UAS via /uas7 started. MY ID 7.191, TARGET ID 7.1
[INFO] [1790496174.371048015] [uav7.mavros_router]: link[1001] detected remote address 7.191
[INFO] [1790496174.712672475] [uav7.mavros]: CON: Got HEARTBEAT, connected. FCU: PX4 Autopilot
[INFO] [1790496175.856716578] [uav7.mavros.sys]: VER: 7.1: Capabilities         0x000000000000e8ff
[INFO] [1790496175.857633059] [uav7.mavros.sys]: VER: 7.1: Flight software:     011200c0 (fca3df865a000000)
[INFO] [1790496175.857696083] [uav7.mavros.sys]: VER: 7.1: Middleware software: 011200c0 (fca3df865a000000)
[INFO] [1790496175.857712738] [uav7.mavros.sys]: VER: 7.1: OS software:         070000ff (17040b9f87cb1791)
[INFO] [1790496175.857726810] [uav7.mavros.sys]: VER: 7.1: Board hardware:      00000001
[INFO] [1790496175.857739449] [uav7.mavros.sys]: VER: 7.1: VID/PID:             0000:0000
[INFO] [1790496175.857752515] [uav7.mavros.sys]: VER: 7.1: UID:                 4954414c44494e55
[WARN] [1790496175.873586836] [uav7.mavros.cmd]: CMD: Unexpected command 512, result 0
[WARN] [1790496205.972761683] [uav7.mavros.sys]: FCU: UNK(8): EVENT 11047904 with args -0-0-0-0-0-128-0-0-0-176-122-127-128-176-122-127-128-0-0-0-0-0-0-0-0-0-0-0-0-0-0-0-0-0-0-0-0-0-0-0-
[INFO] [1790496205.974094855] [uav7.mavros.sys]: FCU: EVENT 377561 with args -8-0-0-0-20-0-0-0-0-0-0-0-0-0-0-0-0-0-0-0-0-0-0-0-0-0-0-0-0-0-0-0-0-0-0-0-0-0-0-0-
[WARN] [1790496205.974212278] [uav7.mavros.sys]: FCU: EVENT 453929 with args -255-255-255-255-7-0-0-0-0-0-0-0-0-0-0-0-0-0-0-0-0-0-0-0-0-0-0-0-0-0-0-0-0-0-0-0-0-0-0-0-
[INFO] [1790496205.990926977] [uav7.mavros.sys]: FCU: EVENT 6801787 with args -255-255-255-255-12-0-0-0-0-0-0-0-0-0-0-0-0-0-0-0-0-0-0-0-0-0-0-0-0-0-0-0-0-0-0-0-0-0-0-0-
[WARN] [1790496205.991222589] [uav7.mavros.sys]: FCU: UNK(8): EVENT 1914663 with args -0-10-13-2-56-0-0-0-0-0-0-0-0-0-0-0-0-0-0-0-0-0-0-0-0-0-0-0-0-0-0-0-0-0-0-0-0-0-0-0-
[ERROR] [1790496207.508976664] [uav7.mavros.sys]: SYS: set_message_interval service timeout
[ERROR] [1790496207.870148730] [uav7.mavros.sys]: SYS: command plugin service call failed!
[WARN] [1790496216.031350483] [uav7.mavros.cmd]: CMD: Unexpected command 176, result 0
[INFO] [1790496217.272310827] [uav7.mavros.sys]: FCU: EVENT 9489139 with args -4-0-0-0-0-0-0-0-0-0-0-0-0-0-0-0-0-0-0-0-0-0-0-0-0-0-0-0-0-0-0-0-0-0-0-0-0-0-0-0-
[INFO] [1790496220.166440589] [uav7.mavros.sys]: FCU: EVENT 4277609 with args -0-0-0-0-0-0-0-0-0-0-0-0-0-0-0-0-0-0-0-0-0-0-0-0-0-0-0-0-0-0-0-0-0-0-0-0-0-0-0-0-
[WARN] [1790496567.755802459] [uav7.mavros.cmd]: CMD: Unexpected command 176, result 0
[INFO] [1790496611.855590026] [uav7.mavros.sys]: FCU: EVENT 9844908 with args -0-0-0-0-0-0-0-0-0-0-0-0-0-0-0-0-0-0-0-0-0-0-0-0-0-0-0-0-0-0-0-0-0-0-0-0-0-0-0-0-
[INFO] [1790496614.701591346] [uav7.mavros.sys]: FCU: EVENT 16017271 with args -6-0-0-0-0-0-0-0-0-0-0-0-0-0-0-0-0-0-0-0-0-0-0-0-0-0-0-0-0-0-0-0-0-0-0-0-0-0-0-0-
[WARN] [1790496619.634042732] [uav7.mavros.sys]: FCU: UNK(8): EVENT 11047904 with args -0-0-0-0-0-128-0-0-0-176-122-127-128-176-122-127-128-0-0-0-0-0-0-0-0-0-0-0-0-0-0-0-0-0-0-0-0-0-0-0-
[INFO] [1790496619.634212372] [uav7.mavros.sys]: FCU: EVENT 377561 with args -8-0-0-0-20-0-0-0-0-0-0-0-0-0-0-0-0-0-0-0-0-0-0-0-0-0-0-0-0-0-0-0-0-0-0-0-0-0-0-0-
[WARN] [1790496619.634346177] [uav7.mavros.sys]: FCU: EVENT 453929 with args -255-255-255-255-7-0-0-0-0-0-0-0-0-0-0-0-0-0-0-0-0-0-0-0-0-0-0-0-0-0-0-0-0-0-0-0-0-0-0-0-
[INFO] [1790496619.634443522] [uav7.mavros.sys]: FCU: EVENT 6801787 with args -255-255-255-255-12-0-0-0-0-0-0-0-0-0-0-0-0-0-0-0-0-0-0-0-0-0-0-0-0-0-0-0-0-0-0-0-0-0-0-0-
[WARN] [1790496619.634538510] [uav7.mavros.sys]: FCU: UNK(8): EVENT 1914663 with args -0-10-9-2-56-0-0-0-0-0-0-0-0-0-0-0-0-0-0-0-0-0-0-0-0-0-0-0-0-0-0-0-0-0-0-0-0-0-0-0-
[WARN] [1790496623.430257225] [uav7.mavros.sys]: FCU: UNK(8): EVENT 11047904 with args -0-0-0-16-0-128-0-0-0-176-58-127-128-176-58-127-128-0-0-0-0-0-0-0-0-0-0-0-0-0-0-0-0-0-0-0-0-0-0-0-
[ERROR] [1790496623.436998799] [uav7.mavros.sys]: FCU: EVENT 11464574 with args -0-64-0-0-20-0-0-0-0-0-0-0-0-0-0-0-0-0-0-0-0-0-0-0-0-0-0-0-0-0-0-0-0-0-0-0-0-0-0-0-
[INFO] [1790496623.437315693] [uav7.mavros.sys]: FCU: EVENT 377561 with args -8-0-0-0-20-0-0-0-0-0-0-0-0-0-0-0-0-0-0-0-0-0-0-0-0-0-0-0-0-0-0-0-0-0-0-0-0-0-0-0-
[WARN] [1790496623.437589801] [uav7.mavros.sys]: FCU: EVENT 453929 with args -255-255-255-255-7-0-0-0-0-0-0-0-0-0-0-0-0-0-0-0-0-0-0-0-0-0-0-0-0-0-0-0-0-0-0-0-0-0-0-0-
[INFO] [1790496623.437731571] [uav7.mavros.sys]: FCU: EVENT 6801787 with args -255-255-255-255-12-0-0-0-0-0-0-0-0-0-0-0-0-0-0-0-0-0-0-0-0-0-0-0-0-0-0-0-0-0-0-0-0-0-0-0-
[WARN] [1790496623.437842476] [uav7.mavros.sys]: FCU: UNK(8): EVENT 1914663 with args -0-10-9-2-56-0-0-0-0-0-0-0-0-0-0-0-0-0-0-0-0-0-0-0-0-0-0-0-0-0-0-0-0-0-0-0-0-0-0-0-
[WARN] [1790496623.447272933] [uav7.mavros.sys]: FCU: EVENT 13277401 with args -0-0-6-0-0-0-0-0-0-0-0-0-0-0-0-0-0-0-0-0-0-0-0-0-0-0-0-0-0-0-0-0-0-0-0-0-0-0-0-0-
[INFO] [1790496623.765359794] [rclcpp]: signal_handler(SIGINT/SIGTERM)
[WARN] [1790496623.770264301] [uav7.mavros]: UAS Executor terminated
