[INFO] [1790496166.854113233] [uav8.mavros_node]: Starting mavros_node container
[INFO] [1790496166.854316107] [uav8.mavros_node]: FCU URL: udp://:14547@127.0.0.1:14587
[INFO] [1790496166.854343432] [uav8.mavros_node]: GCS URL: 
[INFO] [1790496166.854358646] [uav8.mavros_node]: UAS Prefix: /uas8
[INFO] [1790496166.854372207] [uav8.mavros_node]: Starting mavros router node
[INFO] [1790496167.119525033] [uav8.mavros_router]: Built-in SIMD instructions: SSE, SSE2
[INFO] [1790496167.119601873] [uav8.mavros_router]: Built-in MAVLink package version: 2026.8.8
[INFO] [1790496167.119625884] [uav8.mavros_router]: Known MAVLink dialects: common ardupilotmega ASLUAV AVSSUAS all csAirLink cubepilot development icarous loweheiser marsh paparazzi standard stemstudios storm32 uAvionix ualberta
[INFO] [1790496167.119643868] [uav8.mavros_router]: MAVROS Router started
[INFO] [1790496167.119905855] [uav8.mavros_node]: Starting mavros uas node
[INFO] [1790496167.712504211] [uav8.mavros_router]: Requested to add endpoint: type: 0, url: udp://:14547@127.0.0.1:14587
[INFO] [1790496167.713994085] [uav8.mavros_router]: Endpoint link[1000] created
[INFO] [1790496167.715658626] [uav8.mavros]: UAS Executor started, threads: 4
[INFO] [1790496167.719313389] [uav8.mavros_router]: link[1000] opened successfully
[INFO] [1790496167.719406191] [uav8.mavros_router]: Requested to add endpoint: type: 2, url: /uas8
[INFO] [1790496167.719452979] [uav8.mavros_router]: Endpoint link[1001] created
[INFO] [1790496167.721610550] [uav8.mavros]: Plugin actuator_control ignored
[INFO] [1790496167.721696976] [uav8.mavros]: Plugin altitude ignored
[INFO] [1790496167.725799892] [uav8.mavros_router]: link[1000] detected remote address 8.1
[INFO] [1790496168.136236719] [uav8.mavros_router]: link[1001] opened successfully
[INFO] [1790496169.117242926] [uav8.mavros]: Plugin command created
[INFO] [1790496169.117405958] [uav8.mavros]: Plugin command initialized
[INFO] [1790496169.117440285] [uav8.mavros]: Plugin ftp ignored
[INFO] [1790496169.117458364] [uav8.mavros]: Plugin geofence ignored
[INFO] [1790496170.391138890] [uav8.mavros]: Plugin global_position created
[INFO] [1790496170.399424553] [uav8.mavros]: Plugin global_position initialized
[INFO] [1790496170.399508302] [uav8.mavros]: Plugin home_position ignored
[INFO] [1790496170.399525324] [uav8.mavros]: Plugin imu ignored
[INFO] [1790496171.044869620] [uav8.mavros]: Plugin local_position created
[INFO] [1790496171.044977091] [uav8.mavros]: Plugin local_position initialized
[INFO] [1790496171.045007078] [uav8.mavros]: Plugin manual_control ignored
[INFO] [1790496171.045021454] [uav8.mavros]: Plugin nav_controller_output ignored
[INFO] [1790496171.045034159] [uav8.mavros]: Plugin param ignored
[INFO] [1790496171.045046675] [uav8.mavros]: Plugin rallypoint ignored
[INFO] [1790496171.045058790] [uav8.mavros]: Plugin rc_io ignored
[INFO] [1790496171.045070581] [uav8.mavros]: Plugin setpoint_accel ignored
[INFO] [1790496171.045082637] [uav8.mavros]: Plugin setpoint_attitude ignored
[INFO] [1790496171.045095068] [uav8.mavros]: Plugin setpoint_position ignored
[INFO] [1790496171.045106955] [uav8.mavros]: Plugin setpoint_raw ignored
[INFO] [1790496171.045118521] [uav8.mavros]: Plugin setpoint_trajectory ignored
[INFO] [1790496172.220268634] [uav8.mavros]: Plugin setpoint_velocity created
[INFO] [1790496172.220389754] [uav8.mavros]: Plugin setpoint_velocity initialized
[INFO] [1790496173.989226522] [uav8.mavros]: Plugin sys_status created
[INFO] [1790496173.989809827] [uav8.mavros]: Plugin sys_status initialized
[INFO] [1790496175.474447359] [uav8.mavros.time]: TM: Timesync mode: MAVLINK
[INFO] [1790496175.642057594] [uav8.mavros]: Plugin sys_time created
[INFO] [1790496175.642187565] [uav8.mavros]: Plugin sys_time initialized
[INFO] [1790496175.642221988] [uav8.mavros]: Plugin waypoint ignored
[INFO] [1790496175.642241564] [uav8.mavros]: Plugin wind_estimation ignored
[INFO] [1790496175.703850755] [uav8.mavros]: Built-in SIMD instructions: SSE, SSE2
[INFO] [1790496175.703941064] [uav8.mavros]: Built-in MAVLink package version: 2026.8.8
[INFO] [1790496175.703975337] [uav8.mavros]: Known MAVLink dialects: common ardupilotmega ASLUAV AVSSUAS all csAirLink cubepilot development icarous loweheiser marsh paparazzi standard stemstudios storm32 uAvionix ualberta
[INFO] [1790496175.703993888] [uav8.mavros]: MAVROS UAS via /uas8 started. MY ID 8.191, TARGET ID 8.1
[INFO] [1790496175.721229914] [uav8.mavros_router]: link[1001] detected remote address 8.191
[INFO] [1790496175.948428616] [uav8.mavros]: CON: Got HEARTBEAT, connected. FCU: PX4 Autopilot
[INFO] [1790496177.074277908] [uav8.mavros.sys]: VER: 8.1: Capabilities         0x000000000000e8ff
[INFO] [1790496177.074381419] [uav8.mavros.sys]: VER: 8.1: Flight software:     011200c0 (fca3df865a000000)
[INFO] [1790496177.074403434] [uav8.mavros.sys]: VER: 8.1: Middleware software: 011200c0 (fca3df865a000000)
[INFO] [1790496177.074419509] [uav8.mavros.sys]: VER: 8.1: OS software:         070000ff (17040b9f87cb1791)
[INFO] [1790496177.074434637] [uav8.mavros.sys]: VER: 8.1: Board hardware:      00000001
[INFO] [1790496177.074448670] [uav8.mavros.sys]: VER: 8.1: VID/PID:             0000:0000
[INFO] [1790496177.074463745] [uav8.mavros.sys]: VER: 8.1: UID:                 4954414c44494e56
[WARN] [1790496177.088184949] [uav8.mavros.cmd]: CMD: Unexpected command 512, result 0
[WARN] [1790496205.197461218] [uav8.mavros.sys]: FCU: UNK(8): EVENT 11047904 with args -0-0-0-0-0-128-0-0-0-176-122-127-128-176-122-127-128-0-0-0-0-0-0-0-0-0-0-0-0-0-0-0-0-0-0-0-0-0-0-0-
[INFO] [1790496205.197681353] [uav8.mavros.sys]: FCU: EVENT 377561 with args -8-0-0-0-20-0-0-0-0-0-0-0-0-0-0-0-0-0-0-0-0-0-0-0-0-0-0-0-0-0-0-0-0-0-0-0-0-0-0-0-
[WARN] [1790496205.197786922] [uav8.mavros.sys]: FCU: EVENT 453929 with args -255-255-255-255-7-0-0-0-0-0-0-0-0-0-0-0-0-0-0-0-0-0-0-0-0-0-0-0-0-0-0-0-0-0-0-0-0-0-0-0-
[INFO] [1790496205.229335925] [uav8.mavros.sys]: FCU: EVENT 6801787 with args -255-255-255-255-12-0-0-0-0-0-0-0-0-0-0-0-0-0-0-0-0-0-0-0-0-0-0-0-0-0-0-0-0-0-0-0-0-0-0-0-
[WARN] [1790496205.229502269] [uav8.mavros.sys]: FCU: UNK(8): EVENT 1914663 with args -0-10-13-2-56-0-0-0-0-0-0-0-0-0-0-0-0-0-0-0-0-0-0-0-0-0-0-0-0-0-0-0-0-0-0-0-0-0-0-0-
[WARN] [1790496215.939289234] [uav8.mavros.cmd]: CMD: Unexpected command 176, result 0
[INFO] [1790496217.316166420] [uav8.mavros.sys]: FCU: EVENT 9489139 with args -4-0-0-0-0-0-0-0-0-0-0-0-0-0-0-0-0-0-0-0-0-0-0-0-0-0-0-0-0-0-0-0-0-0-0-0-0-0-0-0-
[INFO] [1790496220.157243493] [uav8.mavros.sys]: FCU: EVENT 4277609 with args -0-0-0-0-0-0-0-0-0-0-0-0-0-0-0-0-0-0-0-0-0-0-0-0-0-0-0-0-0-0-0-0-0-0-0-0-0-0-0-0-
[WARN] [1790496567.681811887] [uav8.mavros.cmd]: CMD: Unexpected command 176, result 0
[INFO] [1790496611.088132097] [uav8.mavros.sys]: FCU: EVENT 9844908 with args -0-0-0-0-0-0-0-0-0-0-0-0-0-0-0-0-0-0-0-0-0-0-0-0-0-0-0-0-0-0-0-0-0-0-0-0-0-0-0-0-
[INFO] [1790496614.105423492] [uav8.mavros.sys]: FCU: EVENT 16017271 with args -6-0-0-0-0-0-0-0-0-0-0-0-0-0-0-0-0-0-0-0-0-0-0-0-0-0-0-0-0-0-0-0-0-0-0-0-0-0-0-0-
[WARN] [1790496619.164198067] [uav8.mavros.sys]: FCU: UNK(8): EVENT 11047904 with args -0-0-0-0-0-128-0-0-0-176-122-127-128-176-122-127-128-0-0-0-0-0-0-0-0-0-0-0-0-0-0-0-0-0-0-0-0-0-0-0-
[INFO] [1790496619.164403970] [uav8.mavros.sys]: FCU: EVENT 377561 with args -8-0-0-0-20-0-0-0-0-0-0-0-0-0-0-0-0-0-0-0-0-0-0-0-0-0-0-0-0-0-0-0-0-0-0-0-0-0-0-0-
[WARN] [1790496619.164561996] [uav8.mavros.sys]: FCU: EVENT 453929 with args -255-255-255-255-7-0-0-0-0-0-0-0-0-0-0-0-0-0-0-0-0-0-0-0-0-0-0-0-0-0-0-0-0-0-0-0-0-0-0-0-
[INFO] [1790496619.164676094] [uav8.mavros.sys]: FCU: EVENT 6801787 with args -255-255-255-255-12-0-0-0-0-0-0-0-0-0-0-0-0-0-0-0-0-0-0-0-0-0-0-0-0-0-0-0-0-0-0-0-0-0-0-0-
[WARN] [1790496619.166961101] [uav8.mavros.sys]: FCU: UNK(8): EVENT 1914663 with args -0-10-9-2-56-0-0-0-0-0-0-0-0-0-0-0-0-0-0-0-0-0-0-0-0-0-0-0-0-0-0-0-0-0-0-0-0-0-0-0-
[WARN] [1790496623.390313520] [uav8.mavros.sys]: FCU: UNK(8): EVENT 11047904 with args -0-0-0-16-0-128-0-0-0-176-58-127-128-176-58-127-128-0-0-0-0-0-0-0-0-0-0-0-0-0-0-0-0-0-0-0-0-0-0-0-
[ERROR] [1790496623.390509034] [uav8.mavros.sys]: FCU: EVENT 11464574 with args -0-64-0-0-20-0-0-0-0-0-0-0-0-0-0-0-0-0-0-0-0-0-0-0-0-0-0-0-0-0-0-0-0-0-0-0-0-0-0-0-
[INFO] [1790496623.390727008] [uav8.mavros.sys]: FCU: EVENT 377561 with args -8-0-0-0-20-0-0-0-0-0-0-0-0-0-0-0-0-0-0-0-0-0-0-0-0-0-0-0-0-0-0-0-0-0-0-0-0-0-0-0-
[WARN] [1790496623.390839523] [uav8.mavros.sys]: FCU: EVENT 453929 with args -255-255-255-255-7-0-0-0-0-0-0-0-0-0-0-0-0-0-0-0-0-0-0-0-0-0-0-0-0-0-0-0-0-0-0-0-0-0-0-0-
[INFO] [1790496623.396461161] [uav8.mavros.sys]: FCU: EVENT 6801787 with args -255-255-255-255-12-0-0-0-0-0-0-0-0-0-0-0-0-0-0-0-0-0-0-0-0-0-0-0-0-0-0-0-0-0-0-0-0-0-0-0-
[WARN] [1790496623.396615763] [uav8.mavros.sys]: FCU: UNK(8): EVENT 1914663 with args -0-10-9-2-56-0-0-0-0-0-0-0-0-0-0-0-0-0-0-0-0-0-0-0-0-0-0-0-0-0-0-0-0-0-0-0-0-0-0-0-
[WARN] [1790496623.404007795] [uav8.mavros.sys]: FCU: EVENT 13277401 with args -0-0-6-0-0-0-0-0-0-0-0-0-0-0-0-0-0-0-0-0-0-0-0-0-0-0-0-0-0-0-0-0-0-0-0-0-0-0-0-0-
[INFO] [1790496623.762611132] [rclcpp]: signal_handler(SIGINT/SIGTERM)
[WARN] [1790496623.779649062] [uav8.mavros]: UAS Executor terminated
