[INFO] [1790496167.363479551] [uav9.mavros_node]: Starting mavros_node container
[INFO] [1790496167.363696421] [uav9.mavros_node]: FCU URL: udp://:14548@127.0.0.1:14588
[INFO] [1790496167.363720238] [uav9.mavros_node]: GCS URL: 
[INFO] [1790496167.363735246] [uav9.mavros_node]: UAS Prefix: /uas9
[INFO] [1790496167.363748914] [uav9.mavros_node]: Starting mavros router node
[INFO] [1790496167.723758574] [uav9.mavros_router]: Built-in SIMD instructions: SSE, SSE2
[INFO] [1790496167.723848570] [uav9.mavros_router]: Built-in MAVLink package version: 2026.8.8
[INFO] [1790496167.723880215] [uav9.mavros_router]: Known MAVLink dialects: common ardupilotmega ASLUAV AVSSUAS all csAirLink cubepilot development icarous loweheiser marsh paparazzi standard stemstudios storm32 uAvionix ualberta
[INFO] [1790496167.723901253] [uav9.mavros_router]: MAVROS Router started
[INFO] [1790496167.724203009] [uav9.mavros_node]: Starting mavros uas node
[INFO] [1790496168.321352466] [uav9.mavros_router]: Requested to add endpoint: type: 0, url: udp://:14548@127.0.0.1:14588
[INFO] [1790496168.337381982] [uav9.mavros]: UAS Executor started, threads: 4
[INFO] [1790496168.337423028] [uav9.mavros]: Plugin actuator_control ignored
[INFO] [1790496168.341042250] [uav9.mavros]: Plugin altitude ignored
[INFO] [1790496168.348736304] [uav9.mavros_router]: Endpoint link[1000] created
[INFO] [1790496168.359914664] [uav9.mavros_router]: link[1000] opened successfully
[INFO] [1790496168.360012187] [uav9.mavros_router]: Requested to add endpoint: type: 2, url: /uas9
[INFO] [1790496168.360062691] [uav9.mavros_router]: Endpoint link[1001] created
[INFO] [1790496168.369193577] [uav9.mavros_router]: link[1000] detected remote address 9.1
[INFO] [1790496168.789197077] [uav9.mavros_router]: link[1001] opened successfully
[INFO] [1790496169.321155905] [uav9.mavros]: Plugin command created
[INFO] [1790496169.321290868] [uav9.mavros]: Plugin command initialized
[INFO] [1790496169.321317083] [uav9.mavros]: Plugin ftp ignored
[INFO] [1790496169.321332017] [uav9.mavros]: Plugin geofence ignored
[INFO] [1790496169.755825414] [uav9.mavros]: Plugin global_position created
[INFO] [1790496169.756062417] [uav9.mavros]: Plugin global_position initialized
[INFO] [1790496169.756206274] [uav9.mavros]: Plugin home_position ignored
[INFO] [1790496169.756323477] [uav9.mavros]: Plugin imu ignored
[INFO] [1790496170.666945663] [uav9.mavros]: Plugin local_position created
[INFO] [1790496170.667083507] [uav9.mavros]: Plugin local_position initialized
[INFO] [1790496170.667110614] [uav9.mavros]: Plugin manual_control ignored
[INFO] [1790496170.667126595] [uav9.mavros]: Plugin nav_controller_output ignored
[INFO] [1790496170.667153580] [uav9.mavros]: Plugin param ignored
[INFO] [1790496170.667182309] [uav9.mavros]: Plugin rallypoint ignored
[INFO] [1790496170.667205134] [uav9.mavros]: Plugin rc_io ignored
[INFO] [1790496170.667219212] [uav9.mavros]: Plugin setpoint_accel ignored
[INFO] [1790496170.667233323] [uav9.mavros]: Plugin setpoint_attitude ignored
[INFO] [1790496170.667247936] [uav9.mavros]: Plugin setpoint_position ignored
[INFO] [1790496170.667262008] [uav9.mavros]: Plugin setpoint_raw ignored
[INFO] [1790496170.667275328] [uav9.mavros]: Plugin setpoint_trajectory ignored
[INFO] [1790496171.264808246] [uav9.mavros]: Plugin setpoint_velocity created
[INFO] [1790496171.264936356] [uav9.mavros]: Plugin setpoint_velocity initialized
[INFO] [1790496172.596333159] [uav9.mavros]: Plugin sys_status created
[INFO] [1790496172.598758711] [uav9.mavros]: Plugin sys_status initialized
[INFO] [1790496173.514104867] [uav9.mavros.time]: TM: Timesync mode: MAVLINK
[INFO] [1790496173.689430649] [uav9.mavros]: Plugin sys_time created
[INFO] [1790496173.689555473] [uav9.mavros]: Plugin sys_time initialized
[INFO] [1790496173.689588336] [uav9.mavros]: Plugin waypoint ignored
[INFO] [1790496173.689610481] [uav9.mavros]: Plugin wind_estimation ignored
[INFO] [1790496174.153643894] [uav9.mavros]: Built-in SIMD instructions: SSE, SSE2
[INFO] [1790496174.153725735] [uav9.mavros]: Built-in MAVLink package version: 2026.8.8
[INFO] [1790496174.153763039] [uav9.mavros]: Known MAVLink dialects: common ardupilotmega ASLUAV AVSSUAS all csAirLink cubepilot development icarous loweheiser marsh paparazzi standard stemstudios storm32 uAvionix ualberta
[INFO] [1790496174.153781064] [uav9.mavros]: MAVROS UAS via /uas9 started. MY ID 9.191, TARGET ID 9.1
[INFO] [1790496174.267143466] [uav9.mavros_router]: link[1001] detected remote address 9.191
[INFO] [1790496174.572349010] [uav9.mavros]: CON: Got HEARTBEAT, connected. FCU: PX4 Autopilot
[INFO] [1790496175.628304269] [uav9.mavros.sys]: VER: 9.1: Capabilities         0x000000000000e8ff
[INFO] [1790496175.628413791] [uav9.mavros.sys]: VER: 9.1: Flight software:     011200c0 (fca3df865a000000)
[INFO] [1790496175.628435567] [uav9.mavros.sys]: VER: 9.1: Middleware software: 011200c0 (fca3df865a000000)
[INFO] [1790496175.628451603] [uav9.mavros.sys]: VER: 9.1: OS software:         070000ff (17040b9f87cb1791)
[INFO] [1790496175.628466263] [uav9.mavros.sys]: VER: 9.1: Board hardware:      00000001
[INFO] [1790496175.628480785] [uav9.mavros.sys]: VER: 9.1: VID/PID:             0000:0000
[INFO] [1790496175.628496186] [uav9.mavros.sys]: VER: 9.1: UID:                 4954414c44494e57
[WARN] [1790496175.632970431] [uav9.mavros.cmd]: CMD: Unexpected command 512, result 0
[WARN] [1790496199.456549283] [uav9.mavros.sys]: FCU: UNK(8): EVENT 11047904 with args -0-0-0-0-0-128-0-0-0-176-122-127-128-176-122-127-128-0-0-0-0-0-0-0-0-0-0-0-0-0-0-0-0-0-0-0-0-0-0-0-
[INFO] [1790496199.456746982] [uav9.mavros.sys]: FCU: EVENT 377561 with args -8-0-0-0-20-0-0-0-0-0-0-0-0-0-0-0-0-0-0-0-0-0-0-0-0-0-0-0-0-0-0-0-0-0-0-0-0-0-0-0-
[WARN] [1790496199.456850588] [uav9.mavros.sys]: FCU: EVENT 453929 with args -255-255-255-255-7-0-0-0-0-0-0-0-0-0-0-0-0-0-0-0-0-0-0-0-0-0-0-0-0-0-0-0-0-0-0-0-0-0-0-0-
[INFO] [1790496199.456994696] [uav9.mavros.sys]: FCU: EVENT 6801787 with args -255-255-255-255-12-0-0-0-0-0-0-0-0-0-0-0-0-0-0-0-0-0-0-0-0-0-0-0-0-0-0-0-0-0-0-0-0-0-0-0-
[WARN] [1790496199.457106370] [uav9.mavros.sys]: FCU: UNK(8): EVENT 1914663 with args -0-10-13-2-56-0-0-0-0-0-0-0-0-0-0-0-0-0-0-0-0-0-0-0-0-0-0-0-0-0-0-0-0-0-0-0-0-0-0-0-
[WARN] [1790496216.254173665] [uav9.mavros.cmd]: CMD: Unexpected command 176, result 0
[INFO] [1790496216.876625492] [uav9.mavros.sys]: FCU: EVENT 9489139 with args -4-0-0-0-0-0-0-0-0-0-0-0-0-0-0-0-0-0-0-0-0-0-0-0-0-0-0-0-0-0-0-0-0-0-0-0-0-0-0-0-
[INFO] [1790496219.483127517] [uav9.mavros.sys]: FCU: EVENT 4277609 with args -0-0-0-0-0-0-0-0-0-0-0-0-0-0-0-0-0-0-0-0-0-0-0-0-0-0-0-0-0-0-0-0-0-0-0-0-0-0-0-0-
[WARN] [1790496567.863104947] [uav9.mavros.cmd]: CMD: Unexpected command 176, result 0
[INFO] [1790496611.911077223] [uav9.mavros.sys]: FCU: EVENT 9844908 with args -0-0-0-0-0-0-0-0-0-0-0-0-0-0-0-0-0-0-0-0-0-0-0-0-0-0-0-0-0-0-0-0-0-0-0-0-0-0-0-0-
[INFO] [1790496615.272477151] [uav9.mavros.sys]: FCU: EVENT 16017271 with args -6-0-0-0-0-0-0-0-0-0-0-0-0-0-0-0-0-0-0-0-0-0-0-0-0-0-0-0-0-0-0-0-0-0-0-0-0-0-0-0-
[WARN] [1790496620.320612266] [uav9.mavros.sys]: FCU: UNK(8): EVENT 11047904 with args -0-0-0-0-0-128-0-0-0-176-122-127-128-176-122-127-128-0-0-0-0-0-0-0-0-0-0-0-0-0-0-0-0-0-0-0-0-0-0-0-
[INFO] [1790496620.320826535] [uav9.mavros.sys]: FCU: EVENT 377561 with args -8-0-0-0-20-0-0-0-0-0-0-0-0-0-0-0-0-0-0-0-0-0-0-0-0-0-0-0-0-0-0-0-0-0-0-0-0-0-0-0-
[WARN] [1790496620.320981428] [uav9.mavros.sys]: FCU: EVENT 453929 with args -255-255-255-255-7-0-0-0-0-0-0-0-0-0-0-0-0-0-0-0-0-0-0-0-0-0-0-0-0-0-0-0-0-0-0-0-0-0-0-0-
[INFO] [1790496620.321095484] [uav9.mavros.sys]: FCU: EVENT 6801787 with args -255-255-255-255-12-0-0-0-0-0-0-0-0-0-0-0-0-0-0-0-0-0-0-0-0-0-0-0-0-0-0-0-0-0-0-0-0-0-0-0-
[WARN] [1790496620.321201697] [uav9.mavros.sys]: FCU: UNK(8): EVENT 1914663 with args -0-10-9-2-56-0-0-0-0-0-0-0-0-0-0-0-0-0-0-0-0-0-0-0-0-0-0-0-0-0-0-0-0-0-0-0-0-0-0-0-
[WARN] [1790496623.166713773] [uav9.mavros.sys]: FCU: UNK(8): EVENT 11047904 with args -0-0-0-16-0-128-0-0-0-176-58-127-128-176-58-127-128-0-0-0-0-0-0-0-0-0-0-0-0-0-0-0-0-0-0-0-0-0-0-0-
[ERROR] [1790496623.181419873] [uav9.mavros.sys]: FCU: EVENT 11464574 with args -0-64-0-0-20-0-0-0-0-0-0-0-0-0-0-0-0-0-0-0-0-0-0-0-0-0-0-0-0-0-0-0-0-0-0-0-0-0-0-0-
[INFO] [1790496623.193984674] [uav9.mavros.sys]: FCU: EVENT 377561 with args -8-0-0-0-20-0-0-0-0-0-0-0-0-0-0-0-0-0-0-0-0-0-0-0-0-0-0-0-0-0-0-0-0-0-0-0-0-0-0-0-
[WARN] [1790496623.194119994] [uav9.mavros.sys]: FCU: EVENT 453929 with args -255-255-255-255-7-0-0-0-0-0-0-0-0-0-0-0-0-0-0-0-0-0-0-0-0-0-0-0-0-0-0-0-0-0-0-0-0-0-0-0-
[INFO] [1790496623.194235427] [uav9.mavros.sys]: FCU: EVENT 6801787 with args -255-255-255-255-12-0-0-0-0-0-0-0-0-0-0-0-0-0-0-0-0-0-0-0-0-0-0-0-0-0-0-0-0-0-0-0-0-0-0-0-
[WARN] [1790496623.197238041] [uav9.mavros.sys]: FCU: UNK(8): EVENT 1914663 with args -0-10-9-2-56-0-0-0-0-0-0-0-0-0-0-0-0-0-0-0-0-0-0-0-0-0-0-0-0-0-0-0-0-0-0-0-0-0-0-0-
[WARN] [1790496623.197469101] [uav9.mavros.sys]: FCU: EVENT 13277401 with args -0-0-6-0-0-0-0-0-0-0-0-0-0-0-0-0-0-0-0-0-0-0-0-0-0-0-0-0-0-0-0-0-0-0-0-0-0-0-0-0-
[INFO] [1790496623.776061986] [rclcpp]: signal_handler(SIGINT/SIGTERM)
[WARN] [1790496623.782388917] [uav9.mavros]: UAS Executor terminated
