[INFO] [1790496167.794450441] [uav4.mavros_node]: Starting mavros_node container
[INFO] [1790496167.794651923] [uav4.mavros_node]: FCU URL: udp://:14543@127.0.0.1:14583
[INFO] [1790496167.794674691] [uav4.mavros_node]: GCS URL: 
[INFO] [1790496167.794687512] [uav4.mavros_node]: UAS Prefix: /uas4
[INFO] [1790496167.794699101] [uav4.mavros_node]: Starting mavros router node
[INFO] [1790496168.167229938] [uav4.mavros_router]: Built-in SIMD instructions: SSE, SSE2
[INFO] [1790496168.169789132] [uav4.mavros_router]: Built-in MAVLink package version: 2026.8.8
[INFO] [1790496168.169882076] [uav4.mavros_router]: Known MAVLink dialects: common ardupilotmega ASLUAV AVSSUAS all csAirLink cubepilot development icarous loweheiser marsh paparazzi standard stemstudios storm32 uAvionix ualberta
[INFO] [1790496168.169907135] [uav4.mavros_router]: MAVROS Router started
[INFO] [1790496168.170237417] [uav4.mavros_node]: Starting mavros uas node
[INFO] [1790496168.599506581] [uav4.mavros_router]: Requested to add endpoint: type: 0, url: udp://:14543@127.0.0.1:14583
[INFO] [1790496168.599619186] [uav4.mavros_router]: Endpoint link[1000] created
[INFO] [1790496168.610157378] [uav4.mavros]: Plugin actuator_control ignored
[INFO] [1790496168.611414315] [uav4.mavros]: Plugin altitude ignored
[INFO] [1790496168.612478745] [uav4.mavros_router]: link[1000] opened successfully
[INFO] [1790496168.614736087] [uav4.mavros_router]: Requested to add endpoint: type: 2, url: /uas4
[INFO] [1790496168.614807521] [uav4.mavros_router]: Endpoint link[1001] created
[INFO] [1790496168.616220110] [uav4.mavros_router]: link[1000] detected remote address 4.1
[INFO] [1790496168.612611280] [uav4.mavros]: UAS Executor started, threads: 4
[INFO] [1790496168.773009966] [uav4.mavros_router]: link[1001] opened successfully
[INFO] [1790496169.255123736] [uav4.mavros]: Plugin command created
[INFO] [1790496169.255247994] [uav4.mavros]: Plugin command initialized
[INFO] [1790496169.255271011] [uav4.mavros]: Plugin ftp ignored
[INFO] [1790496169.255287355] [uav4.mavros]: Plugin geofence ignored
[INFO] [1790496170.193785457] [uav4.mavros]: Plugin global_position created
[INFO] [1790496170.193939955] [uav4.mavros]: Plugin global_position initialized
[INFO] [1790496170.193970848] [uav4.mavros]: Plugin home_position ignored
[INFO] [1790496170.193986631] [uav4.mavros]: Plugin imu ignored
[INFO] [1790496171.429960652] [uav4.mavros]: Plugin local_position created
[INFO] [1790496171.430129683] [uav4.mavros]: Plugin local_position initialized
[INFO] [1790496171.430158447] [uav4.mavros]: Plugin manual_control ignored
[INFO] [1790496171.430173200] [uav4.mavros]: Plugin nav_controller_output ignored
[INFO] [1790496171.430185732] [uav4.mavros]: Plugin param ignored
[INFO] [1790496171.430199840] [uav4.mavros]: Plugin rallypoint ignored
[INFO] [1790496171.430213073] [uav4.mavros]: Plugin rc_io ignored
[INFO] [1790496171.430228731] [uav4.mavros]: Plugin setpoint_accel ignored
[INFO] [1790496171.430244276] [uav4.mavros]: Plugin setpoint_attitude ignored
[INFO] [1790496171.430259714] [uav4.mavros]: Plugin setpoint_position ignored
[INFO] [1790496171.430272537] [uav4.mavros]: Plugin setpoint_raw ignored
[INFO] [1790496171.430285208] [uav4.mavros]: Plugin setpoint_trajectory ignored
[INFO] [1790496172.316133523] [uav4.mavros]: Plugin setpoint_velocity created
[INFO] [1790496172.316237712] [uav4.mavros]: Plugin setpoint_velocity initialized
[INFO] [1790496173.473598053] [uav4.mavros]: Plugin sys_status created
[INFO] [1790496173.473757274] [uav4.mavros]: Plugin sys_status initialized
[INFO] [1790496174.848954042] [uav4.mavros.time]: TM: Timesync mode: MAVLINK
[INFO] [1790496175.052940287] [uav4.mavros]: Plugin sys_time created
[INFO] [1790496175.069966079] [uav4.mavros]: Plugin sys_time initialized
[INFO] [1790496175.079432333] [uav4.mavros]: Plugin waypoint ignored
[INFO] [1790496175.093511800] [uav4.mavros]: Plugin wind_estimation ignored
[INFO] [1790496175.339275961] [uav4.mavros]: Built-in SIMD instructions: SSE, SSE2
[INFO] [1790496175.339361663] [uav4.mavros]: Built-in MAVLink package version: 2026.8.8
[INFO] [1790496175.339399228] [uav4.mavros]: Known MAVLink dialects: common ardupilotmega ASLUAV AVSSUAS all csAirLink cubepilot development icarous loweheiser marsh paparazzi standard stemstudios storm32 uAvionix ualberta
[INFO] [1790496175.339417591] [uav4.mavros]: MAVROS UAS via /uas4 started. MY ID 4.191, TARGET ID 4.1
[INFO] [1790496175.391198749] [uav4.mavros_router]: link[1001] detected remote address 4.191
[INFO] [1790496175.682456851] [uav4.mavros.sys]: VER: 4.1: Capabilities         0x000000000000e8ff
[INFO] [1790496175.689933697] [uav4.mavros.sys]: VER: 4.1: Flight software:     011200c0 (fca3df865a000000)
[INFO] [1790496175.689962187] [uav4.mavros.sys]: VER: 4.1: Middleware software: 011200c0 (fca3df865a000000)
[INFO] [1790496175.689977602] [uav4.mavros.sys]: VER: 4.1: OS software:         070000ff (17040b9f87cb1791)
[INFO] [1790496175.689990682] [uav4.mavros.sys]: VER: 4.1: Board hardware:      00000001
[INFO] [1790496175.690004193] [uav4.mavros.sys]: VER: 4.1: VID/PID:             0000:0000
[INFO] [1790496175.690017538] [uav4.mavros.sys]: VER: 4.1: UID:                 4954414c44494e52
[WARN] [1790496175.695962729] [uav4.mavros.cmd]: CMD: Unexpected command 512, result 0
[WARN] [1790496175.769828931] [uav4.mavros.sys]: VER: broadcast request timeout, retries left 4
[INFO] [1790496176.131619611] [uav4.mavros]: CON: Got HEARTBEAT, connected. FCU: PX4 Autopilot
[INFO] [1790496177.252668771] [uav4.mavros.sys]: VER: 4.1: Capabilities         0x000000000000e8ff
[INFO] [1790496177.252773209] [uav4.mavros.sys]: VER: 4.1: Flight software:     011200c0 (fca3df865a000000)
[INFO] [1790496177.252793822] [uav4.mavros.sys]: VER: 4.1: Middleware software: 011200c0 (fca3df865a000000)
[INFO] [1790496177.252824233] [uav4.mavros.sys]: VER: 4.1: OS software:         070000ff (17040b9f87cb1791)
[INFO] [1790496177.252837295] [uav4.mavros.sys]: VER: 4.1: Board hardware:      00000001
[INFO] [1790496177.252849854] [uav4.mavros.sys]: VER: 4.1: VID/PID:             0000:0000
[INFO] [1790496177.252871588] [uav4.mavros.sys]: VER: 4.1: UID:                 4954414c44494e52
[WARN] [1790496194.587527289] [uav4.mavros.sys]: FCU: UNK(8): EVENT 11047904 with args -0-0-0-0-0-128-0-0-0-176-122-127-128-176-122-127-128-0-0-0-0-0-0-0-0-0-0-0-0-0-0-0-0-0-0-0-0-0-0-0-
[INFO] [1790496194.587726680] [uav4.mavros.sys]: FCU: EVENT 377561 with args -8-0-0-0-20-0-0-0-0-0-0-0-0-0-0-0-0-0-0-0-0-0-0-0-0-0-0-0-0-0-0-0-0-0-0-0-0-0-0-0-
[WARN] [1790496194.587832069] [uav4.mavros.sys]: FCU: EVENT 453929 with args -255-255-255-255-7-0-0-0-0-0-0-0-0-0-0-0-0-0-0-0-0-0-0-0-0-0-0-0-0-0-0-0-0-0-0-0-0-0-0-0-
[INFO] [1790496194.587933978] [uav4.mavros.sys]: FCU: EVENT 6801787 with args -255-255-255-255-12-0-0-0-0-0-0-0-0-0-0-0-0-0-0-0-0-0-0-0-0-0-0-0-0-0-0-0-0-0-0-0-0-0-0-0-
[WARN] [1790496194.588714069] [uav4.mavros.sys]: FCU: UNK(8): EVENT 1914663 with args -0-10-13-2-56-0-0-0-0-0-0-0-0-0-0-0-0-0-0-0-0-0-0-0-0-0-0-0-0-0-0-0-0-0-0-0-0-0-0-0-
[WARN] [1790496215.959238179] [uav4.mavros.cmd]: CMD: Unexpected command 176, result 0
[INFO] [1790496217.302704803] [uav4.mavros.sys]: FCU: EVENT 9489139 with args -4-0-0-0-0-0-0-0-0-0-0-0-0-0-0-0-0-0-0-0-0-0-0-0-0-0-0-0-0-0-0-0-0-0-0-0-0-0-0-0-
[INFO] [1790496220.114727020] [uav4.mavros.sys]: FCU: EVENT 4277609 with args -0-0-0-0-0-0-0-0-0-0-0-0-0-0-0-0-0-0-0-0-0-0-0-0-0-0-0-0-0-0-0-0-0-0-0-0-0-0-0-0-
[WARN] [1790496568.193547928] [uav4.mavros.cmd]: CMD: Unexpected command 176, result 0
[INFO] [1790496613.744949388] [uav4.mavros.sys]: FCU: EVENT 9844908 with args -0-0-0-0-0-0-0-0-0-0-0-0-0-0-0-0-0-0-0-0-0-0-0-0-0-0-0-0-0-0-0-0-0-0-0-0-0-0-0-0-
[INFO] [1790496616.580135186] [uav4.mavros.sys]: FCU: EVENT 16017271 with args -6-0-0-0-0-0-0-0-0-0-0-0-0-0-0-0-0-0-0-0-0-0-0-0-0-0-0-0-0-0-0-0-0-0-0-0-0-0-0-0-
[WARN] [1790496621.445546168] [uav4.mavros.sys]: FCU: UNK(8): EVENT 11047904 with args -0-0-0-0-0-128-0-0-0-176-122-127-128-176-122-127-128-0-0-0-0-0-0-0-0-0-0-0-0-0-0-0-0-0-0-0-0-0-0-0-
[INFO] [1790496621.445761092] [uav4.mavros.sys]: FCU: EVENT 377561 with args -8-0-0-0-20-0-0-0-0-0-0-0-0-0-0-0-0-0-0-0-0-0-0-0-0-0-0-0-0-0-0-0-0-0-0-0-0-0-0-0-
[WARN] [1790496621.459775989] [uav4.mavros.sys]: FCU: EVENT 453929 with args -255-255-255-255-7-0-0-0-0-0-0-0-0-0-0-0-0-0-0-0-0-0-0-0-0-0-0-0-0-0-0-0-0-0-0-0-0-0-0-0-
[INFO] [1790496621.459954930] [uav4.mavros.sys]: FCU: EVENT 6801787 with args -255-255-255-255-12-0-0-0-0-0-0-0-0-0-0-0-0-0-0-0-0-0-0-0-0-0-0-0-0-0-0-0-0-0-0-0-0-0-0-0-
[WARN] [1790496621.460080854] [uav4.mavros.sys]: FCU: UNK(8): EVENT 1914663 with args -0-10-9-2-56-0-0-0-0-0-0-0-0-0-0-0-0-0-0-0-0-0-0-0-0-0-0-0-0-0-0-0-0-0-0-0-0-0-0-0-
[WARN] [1790496623.498215567] [uav4.mavros.sys]: FCU: UNK(8): EVENT 11047904 with args -0-0-0-16-0-128-0-0-0-176-58-127-128-176-58-127-128-0-0-0-0-0-0-0-0-0-0-0-0-0-0-0-0-0-0-0-0-0-0-0-
[ERROR] [1790496623.499842300] [uav4.mavros.sys]: FCU: EVENT 11464574 with args -0-64-0-0-20-0-0-0-0-0-0-0-0-0-0-0-0-0-0-0-0-0-0-0-0-0-0-0-0-0-0-0-0-0-0-0-0-0-0-0-
[INFO] [1790496623.500473746] [uav4.mavros.sys]: FCU: EVENT 377561 with args -8-0-0-0-20-0-0-0-0-0-0-0-0-0-0-0-0-0-0-0-0-0-0-0-0-0-0-0-0-0-0-0-0-0-0-0-0-0-0-0-
[WARN] [1790496623.504828894] [uav4.mavros.sys]: FCU: EVENT 453929 with args -255-255-255-255-7-0-0-0-0-0-0-0-0-0-0-0-0-0-0-0-0-0-0-0-0-0-0-0-0-0-0-0-0-0-0-0-0-0-0-0-
[INFO] [1790496623.510517271] [uav4.mavros.sys]: FCU: EVENT 6801787 with args -255-255-255-255-12-0-0-0-0-0-0-0-0-0-0-0-0-0-0-0-0-0-0-0-0-0-0-0-0-0-0-0-0-0-0-0-0-0-0-0-
[WARN] [1790496623.515552526] [uav4.mavros.sys]: FCU: UNK(8): EVENT 1914663 with args -0-10-9-2-56-0-0-0-0-0-0-0-0-0-0-0-0-0-0-0-0-0-0-0-0-0-0-0-0-0-0-0-0-0-0-0-0-0-0-0-
[WARN] [1790496623.520176468] [uav4.mavros.sys]: FCU: EVENT 13277401 with args -0-0-6-0-0-0-0-0-0-0-0-0-0-0-0-0-0-0-0-0-0-0-0-0-0-0-0-0-0-0-0-0-0-0-0-0-0-0-0-0-
[INFO] [1790496623.763342941] [rclcpp]: signal_handler(SIGINT/SIGTERM)
[WARN] [1790496623.773308722] [uav4.mavros]: UAS Executor terminated
