[INFO] [1790496166.996505005] [uav2.mavros_node]: Starting mavros_node container
[INFO] [1790496166.997764397] [uav2.mavros_node]: FCU URL: udp://:14541@127.0.0.1:14581
[INFO] [1790496166.997828565] [uav2.mavros_node]: GCS URL: 
[INFO] [1790496166.997844788] [uav2.mavros_node]: UAS Prefix: /uas2
[INFO] [1790496166.997857404] [uav2.mavros_node]: Starting mavros router node
[INFO] [1790496167.394394148] [uav2.mavros_router]: Built-in SIMD instructions: SSE, SSE2
[INFO] [1790496167.394492285] [uav2.mavros_router]: Built-in MAVLink package version: 2026.8.8
[INFO] [1790496167.394518105] [uav2.mavros_router]: Known MAVLink dialects: common ardupilotmega ASLUAV AVSSUAS all csAirLink cubepilot development icarous loweheiser marsh paparazzi standard stemstudios storm32 uAvionix ualberta
[INFO] [1790496167.394545320] [uav2.mavros_router]: MAVROS Router started
[INFO] [1790496167.394840122] [uav2.mavros_node]: Starting mavros uas node
[INFO] [1790496168.504921745] [uav2.mavros_router]: Requested to add endpoint: type: 0, url: udp://:14541@127.0.0.1:14581
[INFO] [1790496168.505044943] [uav2.mavros_router]: Endpoint link[1000] created
[INFO] [1790496168.505592164] [uav2.mavros_router]: link[1000] opened successfully
[INFO] [1790496168.505644005] [uav2.mavros_router]: Requested to add endpoint: type: 2, url: /uas2
[INFO] [1790496168.505682222] [uav2.mavros_router]: Endpoint link[1001] created
[INFO] [1790496168.516155931] [uav2.mavros_router]: link[1000] detected remote address 2.1
[INFO] [1790496168.578652717] [uav2.mavros]: UAS Executor started, threads: 4
[INFO] [1790496168.579769165] [uav2.mavros]: Plugin actuator_control ignored
[INFO] [1790496168.581928514] [uav2.mavros]: Plugin altitude ignored
[INFO] [1790496168.740674138] [uav2.mavros_router]: link[1001] opened successfully
[INFO] [1790496169.598133395] [uav2.mavros]: Plugin command created
[INFO] [1790496169.616152915] [uav2.mavros]: Plugin command initialized
[INFO] [1790496169.616251557] [uav2.mavros]: Plugin ftp ignored
[INFO] [1790496169.616269578] [uav2.mavros]: Plugin geofence ignored
[INFO] [1790496170.809355316] [uav2.mavros]: Plugin global_position created
[INFO] [1790496170.809475147] [uav2.mavros]: Plugin global_position initialized
[INFO] [1790496170.809498934] [uav2.mavros]: Plugin home_position ignored
[INFO] [1790496170.809525144] [uav2.mavros]: Plugin imu ignored
[INFO] [1790496171.935569050] [uav2.mavros]: Plugin local_position created
[INFO] [1790496171.935714717] [uav2.mavros]: Plugin local_position initialized
[INFO] [1790496171.935738599] [uav2.mavros]: Plugin manual_control ignored
[INFO] [1790496171.935752246] [uav2.mavros]: Plugin nav_controller_output ignored
[INFO] [1790496171.935766134] [uav2.mavros]: Plugin param ignored
[INFO] [1790496171.935778943] [uav2.mavros]: Plugin rallypoint ignored
[INFO] [1790496171.935791057] [uav2.mavros]: Plugin rc_io ignored
[INFO] [1790496171.935803936] [uav2.mavros]: Plugin setpoint_accel ignored
[INFO] [1790496171.935816486] [uav2.mavros]: Plugin setpoint_attitude ignored
[INFO] [1790496171.935828993] [uav2.mavros]: Plugin setpoint_position ignored
[INFO] [1790496171.935842126] [uav2.mavros]: Plugin setpoint_raw ignored
[INFO] [1790496171.935854803] [uav2.mavros]: Plugin setpoint_trajectory ignored
[INFO] [1790496172.452519577] [uav2.mavros]: Plugin setpoint_velocity created
[INFO] [1790496172.452633703] [uav2.mavros]: Plugin setpoint_velocity initialized
[INFO] [1790496173.830985878] [uav2.mavros]: Plugin sys_status created
[INFO] [1790496173.831547477] [uav2.mavros]: Plugin sys_status initialized
[INFO] [1790496174.718313393] [uav2.mavros.time]: TM: Timesync mode: MAVLINK
[INFO] [1790496175.161539462] [uav2.mavros]: Plugin sys_time created
[INFO] [1790496175.161670060] [uav2.mavros]: Plugin sys_time initialized
[INFO] [1790496175.161696976] [uav2.mavros]: Plugin waypoint ignored
[INFO] [1790496175.161714929] [uav2.mavros]: Plugin wind_estimation ignored
[INFO] [1790496175.311275638] [uav2.mavros]: Built-in SIMD instructions: SSE, SSE2
[INFO] [1790496175.311352417] [uav2.mavros]: Built-in MAVLink package version: 2026.8.8
[INFO] [1790496175.311386507] [uav2.mavros]: Known MAVLink dialects: common ardupilotmega ASLUAV AVSSUAS all csAirLink cubepilot development icarous loweheiser marsh paparazzi standard stemstudios storm32 uAvionix ualberta
[INFO] [1790496175.311404295] [uav2.mavros]: MAVROS UAS via /uas2 started. MY ID 2.191, TARGET ID 2.1
[INFO] [1790496175.383689674] [uav2.mavros_router]: link[1001] detected remote address 2.191
[INFO] [1790496175.685821535] [uav2.mavros]: CON: Got HEARTBEAT, connected. FCU: PX4 Autopilot
[INFO] [1790496176.833085006] [uav2.mavros.sys]: VER: 2.1: Capabilities         0x000000000000e8ff
[INFO] [1790496176.843087369] [uav2.mavros.sys]: VER: 2.1: Flight software:     011200c0 (fca3df865a000000)
[INFO] [1790496176.843158985] [uav2.mavros.sys]: VER: 2.1: Middleware software: 011200c0 (fca3df865a000000)
[INFO] [1790496176.843176458] [uav2.mavros.sys]: VER: 2.1: OS software:         070000ff (17040b9f87cb1791)
[INFO] [1790496176.843190901] [uav2.mavros.sys]: VER: 2.1: Board hardware:      00000001
[INFO] [1790496176.843204516] [uav2.mavros.sys]: VER: 2.1: VID/PID:             0000:0000
[INFO] [1790496176.843219284] [uav2.mavros.sys]: VER: 2.1: UID:                 4954414c44494e50
[WARN] [1790496176.858960037] [uav2.mavros.cmd]: CMD: Unexpected command 512, result 0
[WARN] [1790496210.690155356] [uav2.mavros.sys]: FCU: UNK(8): EVENT 11047904 with args -0-0-0-0-0-128-0-0-0-176-122-127-128-176-122-127-128-0-0-0-0-0-0-0-0-0-0-0-0-0-0-0-0-0-0-0-0-0-0-0-
[INFO] [1790496210.700302204] [uav2.mavros.sys]: FCU: EVENT 377561 with args -8-0-0-0-20-0-0-0-0-0-0-0-0-0-0-0-0-0-0-0-0-0-0-0-0-0-0-0-0-0-0-0-0-0-0-0-0-0-0-0-
[WARN] [1790496210.700600257] [uav2.mavros.sys]: FCU: EVENT 453929 with args -255-255-255-255-7-0-0-0-0-0-0-0-0-0-0-0-0-0-0-0-0-0-0-0-0-0-0-0-0-0-0-0-0-0-0-0-0-0-0-0-
[INFO] [1790496210.711215902] [uav2.mavros.sys]: FCU: EVENT 6801787 with args -255-255-255-255-12-0-0-0-0-0-0-0-0-0-0-0-0-0-0-0-0-0-0-0-0-0-0-0-0-0-0-0-0-0-0-0-0-0-0-0-
[WARN] [1790496210.711344820] [uav2.mavros.sys]: FCU: UNK(8): EVENT 1914663 with args -0-10-13-2-56-0-0-0-0-0-0-0-0-0-0-0-0-0-0-0-0-0-0-0-0-0-0-0-0-0-0-0-0-0-0-0-0-0-0-0-
[WARN] [1790496215.978253097] [uav2.mavros.cmd]: CMD: Unexpected command 176, result 0
[INFO] [1790496216.204217635] [uav2.mavros.sys]: FCU: EVENT 9489139 with args -4-0-0-0-0-0-0-0-0-0-0-0-0-0-0-0-0-0-0-0-0-0-0-0-0-0-0-0-0-0-0-0-0-0-0-0-0-0-0-0-
[INFO] [1790496219.238076013] [uav2.mavros.sys]: FCU: EVENT 4277609 with args -0-0-0-0-0-0-0-0-0-0-0-0-0-0-0-0-0-0-0-0-0-0-0-0-0-0-0-0-0-0-0-0-0-0-0-0-0-0-0-0-
[WARN] [1790496567.690608038] [uav2.mavros.cmd]: CMD: Unexpected command 176, result 0
[INFO] [1790496613.958301295] [uav2.mavros.sys]: FCU: EVENT 9844908 with args -0-0-0-0-0-0-0-0-0-0-0-0-0-0-0-0-0-0-0-0-0-0-0-0-0-0-0-0-0-0-0-0-0-0-0-0-0-0-0-0-
[INFO] [1790496616.736197632] [uav2.mavros.sys]: FCU: EVENT 16017271 with args -6-0-0-0-0-0-0-0-0-0-0-0-0-0-0-0-0-0-0-0-0-0-0-0-0-0-0-0-0-0-0-0-0-0-0-0-0-0-0-0-
[WARN] [1790496622.420543148] [uav2.mavros.sys]: FCU: UNK(8): EVENT 11047904 with args -0-0-0-0-0-128-0-0-0-176-122-127-128-176-122-127-128-0-0-0-0-0-0-0-0-0-0-0-0-0-0-0-0-0-0-0-0-0-0-0-
[INFO] [1790496622.420844045] [uav2.mavros.sys]: FCU: EVENT 377561 with args -8-0-0-0-20-0-0-0-0-0-0-0-0-0-0-0-0-0-0-0-0-0-0-0-0-0-0-0-0-0-0-0-0-0-0-0-0-0-0-0-
[WARN] [1790496622.421019418] [uav2.mavros.sys]: FCU: EVENT 453929 with args -255-255-255-255-7-0-0-0-0-0-0-0-0-0-0-0-0-0-0-0-0-0-0-0-0-0-0-0-0-0-0-0-0-0-0-0-0-0-0-0-
[INFO] [1790496622.425338026] [uav2.mavros.sys]: FCU: EVENT 6801787 with args -255-255-255-255-12-0-0-0-0-0-0-0-0-0-0-0-0-0-0-0-0-0-0-0-0-0-0-0-0-0-0-0-0-0-0-0-0-0-0-0-
[WARN] [1790496622.427996993] [uav2.mavros.sys]: FCU: UNK(8): EVENT 1914663 with args -0-10-9-2-56-0-0-0-0-0-0-0-0-0-0-0-0-0-0-0-0-0-0-0-0-0-0-0-0-0-0-0-0-0-0-0-0-0-0-0-
[WARN] [1790496623.208040532] [uav2.mavros.sys]: FCU: UNK(8): EVENT 11047904 with args -0-0-0-16-0-128-0-0-0-176-58-127-128-176-58-127-128-0-0-0-0-0-0-0-0-0-0-0-0-0-0-0-0-0-0-0-0-0-0-0-
[ERROR] [1790496623.208249374] [uav2.mavros.sys]: FCU: EVENT 11464574 with args -0-64-0-0-20-0-0-0-0-0-0-0-0-0-0-0-0-0-0-0-0-0-0-0-0-0-0-0-0-0-0-0-0-0-0-0-0-0-0-0-
[INFO] [1790496623.208375502] [uav2.mavros.sys]: FCU: EVENT 377561 with args -8-0-0-0-20-0-0-0-0-0-0-0-0-0-0-0-0-0-0-0-0-0-0-0-0-0-0-0-0-0-0-0-0-0-0-0-0-0-0-0-
[WARN] [1790496623.208452592] [uav2.mavros.sys]: FCU: EVENT 453929 with args -255-255-255-255-7-0-0-0-0-0-0-0-0-0-0-0-0-0-0-0-0-0-0-0-0-0-0-0-0-0-0-0-0-0-0-0-0-0-0-0-
[INFO] [1790496623.208526032] [uav2.mavros.sys]: FCU: EVENT 6801787 with args -255-255-255-255-12-0-0-0-0-0-0-0-0-0-0-0-0-0-0-0-0-0-0-0-0-0-0-0-0-0-0-0-0-0-0-0-0-0-0-0-
[WARN] [1790496623.208594576] [uav2.mavros.sys]: FCU: UNK(8): EVENT 1914663 with args -0-10-9-2-56-0-0-0-0-0-0-0-0-0-0-0-0-0-0-0-0-0-0-0-0-0-0-0-0-0-0-0-0-0-0-0-0-0-0-0-
[WARN] [1790496623.208663433] [uav2.mavros.sys]: FCU: EVENT 13277401 with args -0-0-6-0-0-0-0-0-0-0-0-0-0-0-0-0-0-0-0-0-0-0-0-0-0-0-0-0-0-0-0-0-0-0-0-0-0-0-0-0-
[INFO] [1790496623.754262339] [rclcpp]: signal_handler(SIGINT/SIGTERM)
[WARN] [1790496623.767333144] [uav2.mavros]: UAS Executor terminated
