[INFO] [1790585875.410730920] [uav2.mavros_node]: Starting mavros_node container
[INFO] [1790585875.410844323] [uav2.mavros_node]: FCU URL: udp://:14541@127.0.0.1:14581
[INFO] [1790585875.410854183] [uav2.mavros_node]: GCS URL: 
[INFO] [1790585875.410859642] [uav2.mavros_node]: UAS Prefix: /uas2
[INFO] [1790585875.410864655] [uav2.mavros_node]: Starting mavros router node
[INFO] [1790585875.442671217] [uav2.mavros_router]: Built-in SIMD instructions: SSE, SSE2
[INFO] [1790585875.442722440] [uav2.mavros_router]: Built-in MAVLink package version: 2026.8.8
[INFO] [1790585875.442738096] [uav2.mavros_router]: Known MAVLink dialects: common ardupilotmega ASLUAV AVSSUAS all csAirLink cubepilot development icarous loweheiser marsh paparazzi standard stemstudios storm32 uAvionix ualberta
[INFO] [1790585875.442790896] [uav2.mavros_router]: MAVROS Router started
[INFO] [1790585875.442955157] [uav2.mavros_node]: Starting mavros uas node
[INFO] [1790585875.480640788] [uav2.mavros_router]: Requested to add endpoint: type: 0, url: udp://:14541@127.0.0.1:14581
[INFO] [1790585875.480788346] [uav2.mavros_router]: Endpoint link[1000] created
[INFO] [1790585875.481146551] [uav2.mavros_router]: link[1000] opened successfully
[INFO] [1790585875.481184677] [uav2.mavros_router]: Requested to add endpoint: type: 2, url: /uas2
[INFO] [1790585875.481206068] [uav2.mavros_router]: Endpoint link[1001] created
[INFO] [1790585875.485534999] [uav2.mavros_router]: link[1001] opened successfully
[INFO] [1790585875.487066711] [uav2.mavros_router]: link[1000] detected remote address 2.1
[INFO] [1790585875.490736058] [uav2.mavros]: Plugin actuator_control ignored
[INFO] [1790585875.490994328] [uav2.mavros]: Plugin altitude ignored
[INFO] [1790585875.491142204] [uav2.mavros]: UAS Executor started, threads: 4
[INFO] [1790585875.526031626] [uav2.mavros]: Plugin command created
[INFO] [1790585875.526693140] [uav2.mavros]: Plugin command initialized
[INFO] [1790585875.526720458] [uav2.mavros]: Plugin ftp ignored
[INFO] [1790585875.526729974] [uav2.mavros]: Plugin geofence ignored
[INFO] [1790585875.594158325] [uav2.mavros]: Plugin global_position created
[INFO] [1790585875.594751795] [uav2.mavros]: Plugin global_position initialized
[INFO] [1790585875.594790588] [uav2.mavros]: Plugin home_position ignored
[INFO] [1790585875.594798705] [uav2.mavros]: Plugin imu ignored
[INFO] [1790585875.647732731] [uav2.mavros]: Plugin local_position created
[INFO] [1790585875.647799237] [uav2.mavros]: Plugin local_position initialized
[INFO] [1790585875.647862663] [uav2.mavros]: Plugin manual_control ignored
[INFO] [1790585875.647871477] [uav2.mavros]: Plugin nav_controller_output ignored
[INFO] [1790585875.647878089] [uav2.mavros]: Plugin param ignored
[INFO] [1790585875.647884015] [uav2.mavros]: Plugin rallypoint ignored
[INFO] [1790585875.647889739] [uav2.mavros]: Plugin rc_io ignored
[INFO] [1790585875.647895426] [uav2.mavros]: Plugin setpoint_accel ignored
[INFO] [1790585875.647900690] [uav2.mavros]: Plugin setpoint_attitude ignored
[INFO] [1790585875.647906602] [uav2.mavros]: Plugin setpoint_position ignored
[INFO] [1790585875.647911892] [uav2.mavros]: Plugin setpoint_raw ignored
[INFO] [1790585875.647917425] [uav2.mavros]: Plugin setpoint_trajectory ignored
[INFO] [1790585875.691700312] [uav2.mavros]: Plugin setpoint_velocity created
[INFO] [1790585875.696576470] [uav2.mavros]: Plugin setpoint_velocity initialized
[INFO] [1790585875.793018686] [uav2.mavros]: Plugin sys_status created
[INFO] [1790585875.793102392] [uav2.mavros]: Plugin sys_status initialized
[INFO] [1790585875.893521929] [uav2.mavros.time]: TM: Timesync mode: MAVLINK
[INFO] [1790585875.913004466] [uav2.mavros]: Plugin sys_time created
[INFO] [1790585875.913055613] [uav2.mavros]: Plugin sys_time initialized
[INFO] [1790585875.913066145] [uav2.mavros]: Plugin waypoint ignored
[INFO] [1790585875.913072466] [uav2.mavros]: Plugin wind_estimation ignored
[INFO] [1790585875.927751662] [uav2.mavros]: Built-in SIMD instructions: SSE, SSE2
[INFO] [1790585875.927795734] [uav2.mavros]: Built-in MAVLink package version: 2026.8.8
[INFO] [1790585875.927825739] [uav2.mavros]: Known MAVLink dialects: common ardupilotmega ASLUAV AVSSUAS all csAirLink cubepilot development icarous loweheiser marsh paparazzi standard stemstudios storm32 uAvionix ualberta
[INFO] [1790585875.927836639] [uav2.mavros]: MAVROS UAS via /uas2 started. MY ID 2.191, TARGET ID 2.1
[INFO] [1790585875.941596222] [uav2.mavros_router]: link[1001] detected remote address 2.191
[INFO] [1790585876.734978831] [uav2.mavros]: CON: Got HEARTBEAT, connected. FCU: PX4 Autopilot
[INFO] [1790585877.785396491] [uav2.mavros.sys]: VER: 2.1: Capabilities         0x000000000000e8ff
[INFO] [1790585877.785454561] [uav2.mavros.sys]: VER: 2.1: Flight software:     011200c0 (fca3df865a000000)
[INFO] [1790585877.785463870] [uav2.mavros.sys]: VER: 2.1: Middleware software: 011200c0 (fca3df865a000000)
[INFO] [1790585877.785469572] [uav2.mavros.sys]: VER: 2.1: OS software:         070000ff (17040b9f87cb1791)
[INFO] [1790585877.785474670] [uav2.mavros.sys]: VER: 2.1: Board hardware:      00000001
[INFO] [1790585877.785480510] [uav2.mavros.sys]: VER: 2.1: VID/PID:             0000:0000
[INFO] [1790585877.785485964] [uav2.mavros.sys]: VER: 2.1: UID:                 4954414c44494e50
[WARN] [1790585877.785519398] [uav2.mavros.cmd]: CMD: Unexpected command 512, result 0
[ERROR] [1790585878.760477094] [uav2.mavros.sys]: VER: autopilot version service timeout
[ERROR] [1790585878.765366680] [uav2.mavros.sys]: VER: command plugin service call failed!
[WARN] [1790585889.979769070] [uav2.mavros.sys]: FCU: UNK(8): EVENT 11047904 with args -0-0-0-0-0-128-0-0-0-176-122-127-128-176-122-127-128-0-0-0-0-0-0-0-0-0-0-0-0-0-0-0-0-0-0-0-0-0-0-0-
[INFO] [1790585889.979870238] [uav2.mavros.sys]: FCU: EVENT 377561 with args -8-0-0-0-20-0-0-0-0-0-0-0-0-0-0-0-0-0-0-0-0-0-0-0-0-0-0-0-0-0-0-0-0-0-0-0-0-0-0-0-
[WARN] [1790585889.979909903] [uav2.mavros.sys]: FCU: EVENT 453929 with args -255-255-255-255-7-0-0-0-0-0-0-0-0-0-0-0-0-0-0-0-0-0-0-0-0-0-0-0-0-0-0-0-0-0-0-0-0-0-0-0-
[INFO] [1790585889.979945242] [uav2.mavros.sys]: FCU: EVENT 6801787 with args -255-255-255-255-12-0-0-0-0-0-0-0-0-0-0-0-0-0-0-0-0-0-0-0-0-0-0-0-0-0-0-0-0-0-0-0-0-0-0-0-
[WARN] [1790585889.979977414] [uav2.mavros.sys]: FCU: UNK(8): EVENT 1914663 with args -0-10-13-2-56-0-0-0-0-0-0-0-0-0-0-0-0-0-0-0-0-0-0-0-0-0-0-0-0-0-0-0-0-0-0-0-0-0-0-0-
[WARN] [1790585893.151027515] [uav2.mavros.cmd]: CMD: Unexpected command 176, result 0
[INFO] [1790585893.285889539] [uav2.mavros.sys]: FCU: EVENT 9489139 with args -4-0-0-0-0-0-0-0-0-0-0-0-0-0-0-0-0-0-0-0-0-0-0-0-0-0-0-0-0-0-0-0-0-0-0-0-0-0-0-0-
[INFO] [1790585895.305610274] [uav2.mavros.sys]: FCU: EVENT 4277609 with args -0-0-0-0-0-0-0-0-0-0-0-0-0-0-0-0-0-0-0-0-0-0-0-0-0-0-0-0-0-0-0-0-0-0-0-0-0-0-0-0-
[WARN] [1790586147.845767964] [uav2.mavros.cmd]: CMD: Unexpected command 176, result 0
[INFO] [1790586179.731960039] [uav2.mavros.sys]: FCU: EVENT 9844908 with args -0-0-0-0-0-0-0-0-0-0-0-0-0-0-0-0-0-0-0-0-0-0-0-0-0-0-0-0-0-0-0-0-0-0-0-0-0-0-0-0-
[INFO] [1790586181.863685660] [uav2.mavros.sys]: FCU: EVENT 16017271 with args -6-0-0-0-0-0-0-0-0-0-0-0-0-0-0-0-0-0-0-0-0-0-0-0-0-0-0-0-0-0-0-0-0-0-0-0-0-0-0-0-
[WARN] [1790586185.783044614] [uav2.mavros.sys]: FCU: UNK(8): EVENT 11047904 with args -0-0-0-0-0-128-0-0-0-176-122-127-128-176-122-127-128-0-0-0-0-0-0-0-0-0-0-0-0-0-0-0-0-0-0-0-0-0-0-0-
[INFO] [1790586185.783120404] [uav2.mavros.sys]: FCU: EVENT 377561 with args -8-0-0-0-20-0-0-0-0-0-0-0-0-0-0-0-0-0-0-0-0-0-0-0-0-0-0-0-0-0-0-0-0-0-0-0-0-0-0-0-
[WARN] [1790586185.783180209] [uav2.mavros.sys]: FCU: EVENT 453929 with args -255-255-255-255-7-0-0-0-0-0-0-0-0-0-0-0-0-0-0-0-0-0-0-0-0-0-0-0-0-0-0-0-0-0-0-0-0-0-0-0-
[INFO] [1790586185.783226543] [uav2.mavros.sys]: FCU: EVENT 6801787 with args -255-255-255-255-12-0-0-0-0-0-0-0-0-0-0-0-0-0-0-0-0-0-0-0-0-0-0-0-0-0-0-0-0-0-0-0-0-0-0-0-
[WARN] [1790586185.783271235] [uav2.mavros.sys]: FCU: UNK(8): EVENT 1914663 with args -0-10-9-2-56-0-0-0-0-0-0-0-0-0-0-0-0-0-0-0-0-0-0-0-0-0-0-0-0-0-0-0-0-0-0-0-0-0-0-0-
[INFO] [1790586189.975494021] [rclcpp]: signal_handler(SIGINT/SIGTERM)
[WARN] [1790586189.977338271] [uav2.mavros]: UAS Executor terminated
