[INFO] [1790585875.399621380] [uav7.mavros_node]: Starting mavros_node container
[INFO] [1790585875.400098583] [uav7.mavros_node]: FCU URL: udp://:14546@127.0.0.1:14586
[INFO] [1790585875.400126817] [uav7.mavros_node]: GCS URL: 
[INFO] [1790585875.400133156] [uav7.mavros_node]: UAS Prefix: /uas7
[INFO] [1790585875.400138527] [uav7.mavros_node]: Starting mavros router node
[INFO] [1790585875.803951093] [uav7.mavros_router]: Built-in SIMD instructions: SSE, SSE2
[INFO] [1790585875.804001130] [uav7.mavros_router]: Built-in MAVLink package version: 2026.8.8
[INFO] [1790585875.804013129] [uav7.mavros_router]: Known MAVLink dialects: common ardupilotmega ASLUAV AVSSUAS all csAirLink cubepilot development icarous loweheiser marsh paparazzi standard stemstudios storm32 uAvionix ualberta
[INFO] [1790585875.804023485] [uav7.mavros_router]: MAVROS Router started
[INFO] [1790585875.805693917] [uav7.mavros_node]: Starting mavros uas node
[INFO] [1790585875.944090595] [uav7.mavros_router]: Requested to add endpoint: type: 0, url: udp://:14546@127.0.0.1:14586
[INFO] [1790585875.944157689] [uav7.mavros_router]: Endpoint link[1000] created
[INFO] [1790585875.944979483] [uav7.mavros_router]: link[1000] opened successfully
[INFO] [1790585875.945018774] [uav7.mavros_router]: Requested to add endpoint: type: 2, url: /uas7
[INFO] [1790585875.945037902] [uav7.mavros_router]: Endpoint link[1001] created
[INFO] [1790585875.949650931] [uav7.mavros_router]: link[1000] detected remote address 7.1
[INFO] [1790585875.952381224] [uav7.mavros_router]: link[1001] opened successfully
[INFO] [1790585875.954032566] [uav7.mavros]: Plugin actuator_control ignored
[INFO] [1790585875.954228405] [uav7.mavros]: Plugin altitude ignored
[INFO] [1790585875.954058213] [uav7.mavros]: UAS Executor started, threads: 4
[INFO] [1790585876.180719556] [uav7.mavros]: Plugin command created
[INFO] [1790585876.180782512] [uav7.mavros]: Plugin command initialized
[INFO] [1790585876.180796138] [uav7.mavros]: Plugin ftp ignored
[INFO] [1790585876.180806383] [uav7.mavros]: Plugin geofence ignored
[INFO] [1790585876.431347972] [uav7.mavros]: Plugin global_position created
[INFO] [1790585876.431441486] [uav7.mavros]: Plugin global_position initialized
[INFO] [1790585876.431455711] [uav7.mavros]: Plugin home_position ignored
[INFO] [1790585876.431462835] [uav7.mavros]: Plugin imu ignored
[INFO] [1790585876.549136830] [uav7.mavros]: Plugin local_position created
[INFO] [1790585876.549819051] [uav7.mavros]: Plugin local_position initialized
[INFO] [1790585876.550434275] [uav7.mavros]: Plugin manual_control ignored
[INFO] [1790585876.550443360] [uav7.mavros]: Plugin nav_controller_output ignored
[INFO] [1790585876.550449911] [uav7.mavros]: Plugin param ignored
[INFO] [1790585876.550456581] [uav7.mavros]: Plugin rallypoint ignored
[INFO] [1790585876.550463267] [uav7.mavros]: Plugin rc_io ignored
[INFO] [1790585876.550469701] [uav7.mavros]: Plugin setpoint_accel ignored
[INFO] [1790585876.550476307] [uav7.mavros]: Plugin setpoint_attitude ignored
[INFO] [1790585876.550482327] [uav7.mavros]: Plugin setpoint_position ignored
[INFO] [1790585876.550488347] [uav7.mavros]: Plugin setpoint_raw ignored
[INFO] [1790585876.550494356] [uav7.mavros]: Plugin setpoint_trajectory ignored
[INFO] [1790585876.708299356] [uav7.mavros]: Plugin setpoint_velocity created
[INFO] [1790585876.708361161] [uav7.mavros]: Plugin setpoint_velocity initialized
[INFO] [1790585876.909080564] [uav7.mavros]: Plugin sys_status created
[INFO] [1790585876.909160349] [uav7.mavros]: Plugin sys_status initialized
[INFO] [1790585877.103952379] [uav7.mavros.time]: TM: Timesync mode: MAVLINK
[INFO] [1790585877.123519915] [uav7.mavros]: Plugin sys_time created
[INFO] [1790585877.123586478] [uav7.mavros]: Plugin sys_time initialized
[INFO] [1790585877.123599318] [uav7.mavros]: Plugin waypoint ignored
[INFO] [1790585877.123605482] [uav7.mavros]: Plugin wind_estimation ignored
[INFO] [1790585877.146139491] [uav7.mavros]: Built-in SIMD instructions: SSE, SSE2
[INFO] [1790585877.146191341] [uav7.mavros]: Built-in MAVLink package version: 2026.8.8
[INFO] [1790585877.147276220] [uav7.mavros]: Known MAVLink dialects: common ardupilotmega ASLUAV AVSSUAS all csAirLink cubepilot development icarous loweheiser marsh paparazzi standard stemstudios storm32 uAvionix ualberta
[INFO] [1790585877.147299064] [uav7.mavros]: MAVROS UAS via /uas7 started. MY ID 7.191, TARGET ID 7.1
[INFO] [1790585877.152258752] [uav7.mavros_router]: link[1001] detected remote address 7.191
[INFO] [1790585877.832197334] [uav7.mavros]: CON: Got HEARTBEAT, connected. FCU: PX4 Autopilot
[INFO] [1790585878.872956986] [uav7.mavros.sys]: VER: 7.1: Capabilities         0x000000000000e8ff
[INFO] [1790585878.873023368] [uav7.mavros.sys]: VER: 7.1: Flight software:     011200c0 (fca3df865a000000)
[INFO] [1790585878.873032545] [uav7.mavros.sys]: VER: 7.1: Middleware software: 011200c0 (fca3df865a000000)
[INFO] [1790585878.873038906] [uav7.mavros.sys]: VER: 7.1: OS software:         070000ff (17040b9f87cb1791)
[INFO] [1790585878.873044611] [uav7.mavros.sys]: VER: 7.1: Board hardware:      00000001
[INFO] [1790585878.873050622] [uav7.mavros.sys]: VER: 7.1: VID/PID:             0000:0000
[INFO] [1790585878.873056595] [uav7.mavros.sys]: VER: 7.1: UID:                 4954414c44494e55
[WARN] [1790585878.873158496] [uav7.mavros.cmd]: CMD: Unexpected command 512, result 0
[WARN] [1790585887.130845508] [uav7.mavros.sys]: FCU: UNK(8): EVENT 11047904 with args -0-0-0-0-0-128-0-0-0-176-122-127-128-176-122-127-128-0-0-0-0-0-0-0-0-0-0-0-0-0-0-0-0-0-0-0-0-0-0-0-
[INFO] [1790585887.130986839] [uav7.mavros.sys]: FCU: EVENT 377561 with args -8-0-0-0-20-0-0-0-0-0-0-0-0-0-0-0-0-0-0-0-0-0-0-0-0-0-0-0-0-0-0-0-0-0-0-0-0-0-0-0-
[WARN] [1790585887.132231928] [uav7.mavros.sys]: FCU: EVENT 453929 with args -255-255-255-255-7-0-0-0-0-0-0-0-0-0-0-0-0-0-0-0-0-0-0-0-0-0-0-0-0-0-0-0-0-0-0-0-0-0-0-0-
[INFO] [1790585887.132285011] [uav7.mavros.sys]: FCU: EVENT 6801787 with args -255-255-255-255-12-0-0-0-0-0-0-0-0-0-0-0-0-0-0-0-0-0-0-0-0-0-0-0-0-0-0-0-0-0-0-0-0-0-0-0-
[WARN] [1790585887.132326761] [uav7.mavros.sys]: FCU: UNK(8): EVENT 1914663 with args -0-10-13-2-56-0-0-0-0-0-0-0-0-0-0-0-0-0-0-0-0-0-0-0-0-0-0-0-0-0-0-0-0-0-0-0-0-0-0-0-
[WARN] [1790585893.169931944] [uav7.mavros.cmd]: CMD: Unexpected command 176, result 0
[INFO] [1790585893.420858097] [uav7.mavros.sys]: FCU: EVENT 9489139 with args -4-0-0-0-0-0-0-0-0-0-0-0-0-0-0-0-0-0-0-0-0-0-0-0-0-0-0-0-0-0-0-0-0-0-0-0-0-0-0-0-
[INFO] [1790585895.273363494] [uav7.mavros.sys]: FCU: EVENT 4277609 with args -0-0-0-0-0-0-0-0-0-0-0-0-0-0-0-0-0-0-0-0-0-0-0-0-0-0-0-0-0-0-0-0-0-0-0-0-0-0-0-0-
[WARN] [1790586147.954976811] [uav7.mavros.cmd]: CMD: Unexpected command 176, result 0
[INFO] [1790586181.469424886] [uav7.mavros.sys]: FCU: EVENT 9844908 with args -0-0-0-0-0-0-0-0-0-0-0-0-0-0-0-0-0-0-0-0-0-0-0-0-0-0-0-0-0-0-0-0-0-0-0-0-0-0-0-0-
[INFO] [1790586183.621227372] [uav7.mavros.sys]: FCU: EVENT 16017271 with args -6-0-0-0-0-0-0-0-0-0-0-0-0-0-0-0-0-0-0-0-0-0-0-0-0-0-0-0-0-0-0-0-0-0-0-0-0-0-0-0-
[WARN] [1790586187.884741186] [uav7.mavros.sys]: FCU: UNK(8): EVENT 11047904 with args -0-0-0-0-0-128-0-0-0-176-122-127-128-176-122-127-128-0-0-0-0-0-0-0-0-0-0-0-0-0-0-0-0-0-0-0-0-0-0-0-
[INFO] [1790586187.885051011] [uav7.mavros.sys]: FCU: EVENT 377561 with args -8-0-0-0-20-0-0-0-0-0-0-0-0-0-0-0-0-0-0-0-0-0-0-0-0-0-0-0-0-0-0-0-0-0-0-0-0-0-0-0-
[WARN] [1790586187.885143643] [uav7.mavros.sys]: FCU: EVENT 453929 with args -255-255-255-255-7-0-0-0-0-0-0-0-0-0-0-0-0-0-0-0-0-0-0-0-0-0-0-0-0-0-0-0-0-0-0-0-0-0-0-0-
[INFO] [1790586187.885167422] [uav7.mavros.sys]: FCU: EVENT 6801787 with args -255-255-255-255-12-0-0-0-0-0-0-0-0-0-0-0-0-0-0-0-0-0-0-0-0-0-0-0-0-0-0-0-0-0-0-0-0-0-0-0-
[WARN] [1790586187.885220458] [uav7.mavros.sys]: FCU: UNK(8): EVENT 1914663 with args -0-10-9-2-56-0-0-0-0-0-0-0-0-0-0-0-0-0-0-0-0-0-0-0-0-0-0-0-0-0-0-0-0-0-0-0-0-0-0-0-
[INFO] [1790586189.976353349] [rclcpp]: signal_handler(SIGINT/SIGTERM)
[WARN] [1790586189.979920340] [uav7.mavros]: UAS Executor terminated
