[INFO] [1790585875.413292242] [uav1.mavros_node]: Starting mavros_node container
[INFO] [1790585875.413393387] [uav1.mavros_node]: FCU URL: udp://:14540@127.0.0.1:14580
[INFO] [1790585875.413405678] [uav1.mavros_node]: GCS URL: 
[INFO] [1790585875.413414498] [uav1.mavros_node]: UAS Prefix: /uas1
[INFO] [1790585875.413420354] [uav1.mavros_node]: Starting mavros router node
[INFO] [1790585875.842625341] [uav1.mavros_router]: Built-in SIMD instructions: SSE, SSE2
[INFO] [1790585875.842662331] [uav1.mavros_router]: Built-in MAVLink package version: 2026.8.8
[INFO] [1790585875.842671529] [uav1.mavros_router]: Known MAVLink dialects: common ardupilotmega ASLUAV AVSSUAS all csAirLink cubepilot development icarous loweheiser marsh paparazzi standard stemstudios storm32 uAvionix ualberta
[INFO] [1790585875.842678100] [uav1.mavros_router]: MAVROS Router started
[INFO] [1790585875.842818134] [uav1.mavros_node]: Starting mavros uas node
[INFO] [1790585876.078433603] [uav1.mavros_router]: Requested to add endpoint: type: 0, url: udp://:14540@127.0.0.1:14580
[INFO] [1790585876.078496649] [uav1.mavros_router]: Endpoint link[1000] created
[INFO] [1790585876.078744697] [uav1.mavros_router]: link[1000] opened successfully
[INFO] [1790585876.078769212] [uav1.mavros_router]: Requested to add endpoint: type: 2, url: /uas1
[INFO] [1790585876.078783063] [uav1.mavros_router]: Endpoint link[1001] created
[INFO] [1790585876.082687457] [uav1.mavros_router]: link[1000] detected remote address 1.1
[INFO] [1790585876.103397161] [uav1.mavros]: Plugin actuator_control ignored
[INFO] [1790585876.103481305] [uav1.mavros]: Plugin altitude ignored
[INFO] [1790585876.103614803] [uav1.mavros]: UAS Executor started, threads: 4
[INFO] [1790585876.185968309] [uav1.mavros_router]: link[1001] opened successfully
[INFO] [1790585876.374028830] [uav1.mavros]: Plugin command created
[INFO] [1790585876.374121839] [uav1.mavros]: Plugin command initialized
[INFO] [1790585876.374134150] [uav1.mavros]: Plugin ftp ignored
[INFO] [1790585876.374141007] [uav1.mavros]: Plugin geofence ignored
[INFO] [1790585876.610200721] [uav1.mavros]: Plugin global_position created
[INFO] [1790585876.610565387] [uav1.mavros]: Plugin global_position initialized
[INFO] [1790585876.610587993] [uav1.mavros]: Plugin home_position ignored
[INFO] [1790585876.610597692] [uav1.mavros]: Plugin imu ignored
[INFO] [1790585876.830968126] [uav1.mavros]: Plugin local_position created
[INFO] [1790585876.831040739] [uav1.mavros]: Plugin local_position initialized
[INFO] [1790585876.831060925] [uav1.mavros]: Plugin manual_control ignored
[INFO] [1790585876.831068558] [uav1.mavros]: Plugin nav_controller_output ignored
[INFO] [1790585876.831076739] [uav1.mavros]: Plugin param ignored
[INFO] [1790585876.831082304] [uav1.mavros]: Plugin rallypoint ignored
[INFO] [1790585876.831087600] [uav1.mavros]: Plugin rc_io ignored
[INFO] [1790585876.831093361] [uav1.mavros]: Plugin setpoint_accel ignored
[INFO] [1790585876.831098486] [uav1.mavros]: Plugin setpoint_attitude ignored
[INFO] [1790585876.831104398] [uav1.mavros]: Plugin setpoint_position ignored
[INFO] [1790585876.831109813] [uav1.mavros]: Plugin setpoint_raw ignored
[INFO] [1790585876.831115505] [uav1.mavros]: Plugin setpoint_trajectory ignored
[INFO] [1790585876.945902663] [uav1.mavros]: Plugin setpoint_velocity created
[INFO] [1790585876.945958890] [uav1.mavros]: Plugin setpoint_velocity initialized
[INFO] [1790585877.205670394] [uav1.mavros]: Plugin sys_status created
[INFO] [1790585877.205756396] [uav1.mavros]: Plugin sys_status initialized
[INFO] [1790585877.302274856] [uav1.mavros.time]: TM: Timesync mode: MAVLINK
[INFO] [1790585877.340870507] [uav1.mavros]: Plugin sys_time created
[INFO] [1790585877.340937799] [uav1.mavros]: Plugin sys_time initialized
[INFO] [1790585877.340950172] [uav1.mavros]: Plugin waypoint ignored
[INFO] [1790585877.340965321] [uav1.mavros]: Plugin wind_estimation ignored
[INFO] [1790585877.342745731] [uav1.mavros]: Built-in SIMD instructions: SSE, SSE2
[INFO] [1790585877.342789438] [uav1.mavros]: Built-in MAVLink package version: 2026.8.8
[INFO] [1790585877.342830745] [uav1.mavros]: Known MAVLink dialects: common ardupilotmega ASLUAV AVSSUAS all csAirLink cubepilot development icarous loweheiser marsh paparazzi standard stemstudios storm32 uAvionix ualberta
[INFO] [1790585877.342842532] [uav1.mavros]: MAVROS UAS via /uas1 started. MY ID 1.191, TARGET ID 1.1
[INFO] [1790585877.443533507] [uav1.mavros_router]: link[1001] detected remote address 1.191
[INFO] [1790585877.886622566] [uav1.mavros]: CON: Got HEARTBEAT, connected. FCU: PX4 Autopilot
[INFO] [1790585878.918274628] [uav1.mavros.sys]: VER: 1.1: Capabilities         0x000000000000e8ff
[INFO] [1790585878.918862051] [uav1.mavros.sys]: VER: 1.1: Flight software:     011200c0 (fca3df865a000000)
[INFO] [1790585878.918894580] [uav1.mavros.sys]: VER: 1.1: Middleware software: 011200c0 (fca3df865a000000)
[INFO] [1790585878.918906447] [uav1.mavros.sys]: VER: 1.1: OS software:         070000ff (17040b9f87cb1791)
[INFO] [1790585878.918931159] [uav1.mavros.sys]: VER: 1.1: Board hardware:      00000001
[INFO] [1790585878.918956322] [uav1.mavros.sys]: VER: 1.1: VID/PID:             0000:0000
[INFO] [1790585878.918968285] [uav1.mavros.sys]: VER: 1.1: UID:                 4954414c44494e4f
[WARN] [1790585878.922882214] [uav1.mavros.cmd]: CMD: Unexpected command 512, result 0
[WARN] [1790585890.193738296] [uav1.mavros.sys]: FCU: UNK(8): EVENT 11047904 with args -0-0-0-0-0-128-0-0-0-176-122-127-128-176-122-127-128-0-0-0-0-0-0-0-0-0-0-0-0-0-0-0-0-0-0-0-0-0-0-0-
[INFO] [1790585890.193866650] [uav1.mavros.sys]: FCU: EVENT 377561 with args -8-0-0-0-20-0-0-0-0-0-0-0-0-0-0-0-0-0-0-0-0-0-0-0-0-0-0-0-0-0-0-0-0-0-0-0-0-0-0-0-
[WARN] [1790585890.193916762] [uav1.mavros.sys]: FCU: EVENT 453929 with args -255-255-255-255-7-0-0-0-0-0-0-0-0-0-0-0-0-0-0-0-0-0-0-0-0-0-0-0-0-0-0-0-0-0-0-0-0-0-0-0-
[INFO] [1790585890.193961947] [uav1.mavros.sys]: FCU: EVENT 6801787 with args -255-255-255-255-12-0-0-0-0-0-0-0-0-0-0-0-0-0-0-0-0-0-0-0-0-0-0-0-0-0-0-0-0-0-0-0-0-0-0-0-
[WARN] [1790585890.194001752] [uav1.mavros.sys]: FCU: UNK(8): EVENT 1914663 with args -0-10-13-2-56-0-0-0-0-0-0-0-0-0-0-0-0-0-0-0-0-0-0-0-0-0-0-0-0-0-0-0-0-0-0-0-0-0-0-0-
[WARN] [1790585893.122846879] [uav1.mavros.cmd]: CMD: Unexpected command 176, result 0
[INFO] [1790585893.310944204] [uav1.mavros.sys]: FCU: EVENT 9489139 with args -4-0-0-0-0-0-0-0-0-0-0-0-0-0-0-0-0-0-0-0-0-0-0-0-0-0-0-0-0-0-0-0-0-0-0-0-0-0-0-0-
[INFO] [1790585895.362383666] [uav1.mavros.sys]: FCU: EVENT 4277609 with args -0-0-0-0-0-0-0-0-0-0-0-0-0-0-0-0-0-0-0-0-0-0-0-0-0-0-0-0-0-0-0-0-0-0-0-0-0-0-0-0-
[WARN] [1790586074.151964912] [uav1.mavros.cmd]: CMD: Unexpected command 176, result 0
[INFO] [1790586116.848939874] [uav1.mavros.sys]: FCU: EVENT 9844908 with args -0-0-0-0-0-0-0-0-0-0-0-0-0-0-0-0-0-0-0-0-0-0-0-0-0-0-0-0-0-0-0-0-0-0-0-0-0-0-0-0-
[INFO] [1790586118.987068312] [uav1.mavros.sys]: FCU: EVENT 16017271 with args -6-0-0-0-0-0-0-0-0-0-0-0-0-0-0-0-0-0-0-0-0-0-0-0-0-0-0-0-0-0-0-0-0-0-0-0-0-0-0-0-
[WARN] [1790586122.785601565] [uav1.mavros.sys]: FCU: UNK(8): EVENT 11047904 with args -0-0-0-0-0-128-0-0-0-176-122-127-128-176-122-127-128-0-0-0-0-0-0-0-0-0-0-0-0-0-0-0-0-0-0-0-0-0-0-0-
[INFO] [1790586122.787436125] [uav1.mavros.sys]: FCU: EVENT 377561 with args -8-0-0-0-20-0-0-0-0-0-0-0-0-0-0-0-0-0-0-0-0-0-0-0-0-0-0-0-0-0-0-0-0-0-0-0-0-0-0-0-
[WARN] [1790586122.789500152] [uav1.mavros.sys]: FCU: EVENT 453929 with args -255-255-255-255-7-0-0-0-0-0-0-0-0-0-0-0-0-0-0-0-0-0-0-0-0-0-0-0-0-0-0-0-0-0-0-0-0-0-0-0-
[INFO] [1790586122.789574977] [uav1.mavros.sys]: FCU: EVENT 6801787 with args -255-255-255-255-12-0-0-0-0-0-0-0-0-0-0-0-0-0-0-0-0-0-0-0-0-0-0-0-0-0-0-0-0-0-0-0-0-0-0-0-
[WARN] [1790586122.789634157] [uav1.mavros.sys]: FCU: UNK(8): EVENT 1914663 with args -0-10-9-2-56-0-0-0-0-0-0-0-0-0-0-0-0-0-0-0-0-0-0-0-0-0-0-0-0-0-0-0-0-0-0-0-0-0-0-0-
[INFO] [1790586189.983836725] [rclcpp]: signal_handler(SIGINT/SIGTERM)
[WARN] [1790586189.984683274] [uav1.mavros]: UAS Executor terminated
