[INFO] [1790611419.292105566] [uav3.mavros_node]: Starting mavros_node container
[INFO] [1790611419.292235189] [uav3.mavros_node]: FCU URL: udp://:14542@127.0.0.1:14582
[INFO] [1790611419.292246542] [uav3.mavros_node]: GCS URL: 
[INFO] [1790611419.292253969] [uav3.mavros_node]: UAS Prefix: /uas3
[INFO] [1790611419.292261188] [uav3.mavros_node]: Starting mavros router node
[INFO] [1790611419.378185882] [uav3.mavros_router]: Built-in SIMD instructions: SSE, SSE2
[INFO] [1790611419.378449450] [uav3.mavros_router]: Built-in MAVLink package version: 2026.8.8
[INFO] [1790611419.378469511] [uav3.mavros_router]: Known MAVLink dialects: common ardupilotmega ASLUAV AVSSUAS all csAirLink cubepilot development icarous loweheiser marsh paparazzi standard stemstudios storm32 uAvionix ualberta
[INFO] [1790611419.378479582] [uav3.mavros_router]: MAVROS Router started
[INFO] [1790611419.378950618] [uav3.mavros_node]: Starting mavros uas node
[INFO] [1790611419.599081319] [uav3.mavros_router]: Requested to add endpoint: type: 0, url: udp://:14542@127.0.0.1:14582
[INFO] [1790611419.599747037] [uav3.mavros_router]: Endpoint link[1000] created
[INFO] [1790611419.601824606] [uav3.mavros_router]: link[1000] opened successfully
[INFO] [1790611419.601875195] [uav3.mavros_router]: Requested to add endpoint: type: 2, url: /uas3
[INFO] [1790611419.601904009] [uav3.mavros_router]: Endpoint link[1001] created
[INFO] [1790611419.602879241] [uav3.mavros_router]: link[1000] detected remote address 3.1
[INFO] [1790611419.623779603] [uav3.mavros]: Plugin actuator_control ignored
[INFO] [1790611419.623850021] [uav3.mavros]: Plugin altitude ignored
[INFO] [1790611419.624519235] [uav3.mavros]: UAS Executor started, threads: 4
[INFO] [1790611419.730828879] [uav3.mavros_router]: link[1001] opened successfully
[INFO] [1790611420.007359678] [uav3.mavros]: Plugin command created
[INFO] [1790611420.007443982] [uav3.mavros]: Plugin command initialized
[INFO] [1790611420.007458168] [uav3.mavros]: Plugin ftp ignored
[INFO] [1790611420.007467203] [uav3.mavros]: Plugin geofence ignored
[INFO] [1790611420.335758506] [uav3.mavros]: Plugin global_position created
[INFO] [1790611420.336317888] [uav3.mavros]: Plugin global_position initialized
[INFO] [1790611420.336352451] [uav3.mavros]: Plugin home_position ignored
[INFO] [1790611420.336361038] [uav3.mavros]: Plugin imu ignored
[INFO] [1790611420.591253172] [uav3.mavros]: Plugin local_position created
[INFO] [1790611420.591338549] [uav3.mavros]: Plugin local_position initialized
[INFO] [1790611420.591353052] [uav3.mavros]: Plugin manual_control ignored
[INFO] [1790611420.591361441] [uav3.mavros]: Plugin nav_controller_output ignored
[INFO] [1790611420.591369702] [uav3.mavros]: Plugin param ignored
[INFO] [1790611420.591378040] [uav3.mavros]: Plugin rallypoint ignored
[INFO] [1790611420.591385623] [uav3.mavros]: Plugin rc_io ignored
[INFO] [1790611420.591394272] [uav3.mavros]: Plugin setpoint_accel ignored
[INFO] [1790611420.591402144] [uav3.mavros]: Plugin setpoint_attitude ignored
[INFO] [1790611420.591410015] [uav3.mavros]: Plugin setpoint_position ignored
[INFO] [1790611420.591418540] [uav3.mavros]: Plugin setpoint_raw ignored
[INFO] [1790611420.591426679] [uav3.mavros]: Plugin setpoint_trajectory ignored
[INFO] [1790611420.811377589] [uav3.mavros]: Plugin setpoint_velocity created
[INFO] [1790611420.819700592] [uav3.mavros]: Plugin setpoint_velocity initialized
[INFO] [1790611421.395466254] [uav3.mavros]: Plugin sys_status created
[INFO] [1790611421.395571562] [uav3.mavros]: Plugin sys_status initialized
[INFO] [1790611421.786609068] [uav3.mavros.time]: TM: Timesync mode: MAVLINK
[INFO] [1790611421.930515029] [uav3.mavros]: Plugin sys_time created
[INFO] [1790611421.930595096] [uav3.mavros]: Plugin sys_time initialized
[INFO] [1790611421.930607669] [uav3.mavros]: Plugin waypoint ignored
[INFO] [1790611421.930623768] [uav3.mavros]: Plugin wind_estimation ignored
[INFO] [1790611422.010767102] [uav3.mavros]: Built-in SIMD instructions: SSE, SSE2
[INFO] [1790611422.010816069] [uav3.mavros]: Built-in MAVLink package version: 2026.8.8
[INFO] [1790611422.010857297] [uav3.mavros]: Known MAVLink dialects: common ardupilotmega ASLUAV AVSSUAS all csAirLink cubepilot development icarous loweheiser marsh paparazzi standard stemstudios storm32 uAvionix ualberta
[INFO] [1790611422.010868854] [uav3.mavros]: MAVROS UAS via /uas3 started. MY ID 3.191, TARGET ID 3.1
[INFO] [1790611422.055104757] [uav3.mavros_router]: link[1001] detected remote address 3.191
[INFO] [1790611422.543975122] [uav3.mavros.sys]: VER: 3.1: Capabilities         0x000000000000e8ff
[INFO] [1790611422.544037346] [uav3.mavros.sys]: VER: 3.1: Flight software:     011200c0 (fca3df865a000000)
[INFO] [1790611422.544047596] [uav3.mavros.sys]: VER: 3.1: Middleware software: 011200c0 (fca3df865a000000)
[INFO] [1790611422.544060746] [uav3.mavros.sys]: VER: 3.1: OS software:         070000ff (17040b9f87cb1791)
[INFO] [1790611422.544067784] [uav3.mavros.sys]: VER: 3.1: Board hardware:      00000001
[INFO] [1790611422.544080880] [uav3.mavros.sys]: VER: 3.1: VID/PID:             0000:0000
[INFO] [1790611422.544093487] [uav3.mavros.sys]: VER: 3.1: UID:                 4954414c44494e51
[WARN] [1790611422.551897926] [uav3.mavros.cmd]: CMD: Unexpected command 512, result 0
[INFO] [1790611423.012255907] [uav3.mavros]: CON: Got HEARTBEAT, connected. FCU: PX4 Autopilot
[INFO] [1790611424.046690440] [uav3.mavros.sys]: VER: 3.1: Capabilities         0x000000000000e8ff
[INFO] [1790611424.046762257] [uav3.mavros.sys]: VER: 3.1: Flight software:     011200c0 (fca3df865a000000)
[INFO] [1790611424.046775739] [uav3.mavros.sys]: VER: 3.1: Middleware software: 011200c0 (fca3df865a000000)
[INFO] [1790611424.046783433] [uav3.mavros.sys]: VER: 3.1: OS software:         070000ff (17040b9f87cb1791)
[INFO] [1790611424.046790985] [uav3.mavros.sys]: VER: 3.1: Board hardware:      00000001
[INFO] [1790611424.046798623] [uav3.mavros.sys]: VER: 3.1: VID/PID:             0000:0000
[INFO] [1790611424.046805873] [uav3.mavros.sys]: VER: 3.1: UID:                 4954414c44494e51
[WARN] [1790611440.091929544] [uav3.mavros.sys]: FCU: UNK(8): EVENT 11047904 with args -0-0-0-0-0-128-0-0-0-176-122-127-128-176-122-127-128-0-0-0-0-0-0-0-0-0-0-0-0-0-0-0-0-0-0-0-0-0-0-0-
[INFO] [1790611440.094021592] [uav3.mavros.sys]: FCU: EVENT 377561 with args -8-0-0-0-20-0-0-0-0-0-0-0-0-0-0-0-0-0-0-0-0-0-0-0-0-0-0-0-0-0-0-0-0-0-0-0-0-0-0-0-
[WARN] [1790611440.094089798] [uav3.mavros.sys]: FCU: EVENT 453929 with args -255-255-255-255-7-0-0-0-0-0-0-0-0-0-0-0-0-0-0-0-0-0-0-0-0-0-0-0-0-0-0-0-0-0-0-0-0-0-0-0-
[INFO] [1790611440.095258572] [uav3.mavros.sys]: FCU: EVENT 6801787 with args -255-255-255-255-12-0-0-0-0-0-0-0-0-0-0-0-0-0-0-0-0-0-0-0-0-0-0-0-0-0-0-0-0-0-0-0-0-0-0-0-
[WARN] [1790611440.095369502] [uav3.mavros.sys]: FCU: UNK(8): EVENT 1914663 with args -0-10-13-2-56-0-0-0-0-0-0-0-0-0-0-0-0-0-0-0-0-0-0-0-0-0-0-0-0-0-0-0-0-0-0-0-0-0-0-0-
[WARN] [1790611443.295531916] [uav3.mavros.cmd]: CMD: Unexpected command 176, result 0
[INFO] [1790611444.276326341] [uav3.mavros.sys]: FCU: EVENT 9489139 with args -4-0-0-0-0-0-0-0-0-0-0-0-0-0-0-0-0-0-0-0-0-0-0-0-0-0-0-0-0-0-0-0-0-0-0-0-0-0-0-0-
[INFO] [1790611446.474770714] [uav3.mavros.sys]: FCU: EVENT 4277609 with args -0-0-0-0-0-0-0-0-0-0-0-0-0-0-0-0-0-0-0-0-0-0-0-0-0-0-0-0-0-0-0-0-0-0-0-0-0-0-0-0-
[INFO] [1790611747.417247089] [uav3.mavros.sys]: FCU: EVENT 9844908 with args -0-0-0-0-0-0-0-0-0-0-0-0-0-0-0-0-0-0-0-0-0-0-0-0-0-0-0-0-0-0-0-0-0-0-0-0-0-0-0-0-
[INFO] [1790611749.642108890] [uav3.mavros.sys]: FCU: EVENT 16017271 with args -6-0-0-0-0-0-0-0-0-0-0-0-0-0-0-0-0-0-0-0-0-0-0-0-0-0-0-0-0-0-0-0-0-0-0-0-0-0-0-0-
[INFO] [1790611751.075331972] [uav3.mavros.sys]: FCU: EVENT 9489139 with args -4-0-0-0-0-0-0-0-0-0-0-0-0-0-0-0-0-0-0-0-0-0-0-0-0-0-0-0-0-0-0-0-0-0-0-0-0-0-0-0-
[INFO] [1790611751.075603499] [uav3.mavros.sys]: FCU: EVENT 1203183 with args -234-7-9-28-16-9-10-0-0-0-0-0-0-0-0-0-0-0-0-0-0-0-0-0-0-0-0-0-0-0-0-0-0-0-0-0-0-0-0-0-
[INFO] [1790611762.843126543] [uav3.mavros.sys]: FCU: EVENT 4277609 with args -0-0-0-0-0-0-0-0-0-0-0-0-0-0-0-0-0-0-0-0-0-0-0-0-0-0-0-0-0-0-0-0-0-0-0-0-0-0-0-0-
[INFO] [1790611806.831330290] [uav3.mavros.sys]: FCU: EVENT 9844908 with args -0-0-0-0-0-0-0-0-0-0-0-0-0-0-0-0-0-0-0-0-0-0-0-0-0-0-0-0-0-0-0-0-0-0-0-0-0-0-0-0-
[INFO] [1790611809.083194762] [uav3.mavros.sys]: FCU: EVENT 16017271 with args -6-0-0-0-0-0-0-0-0-0-0-0-0-0-0-0-0-0-0-0-0-0-0-0-0-0-0-0-0-0-0-0-0-0-0-0-0-0-0-0-
[INFO] [1790611809.321404519] [uav3.mavros.sys]: FCU: EVENT 9489139 with args -4-0-0-0-0-0-0-0-0-0-0-0-0-0-0-0-0-0-0-0-0-0-0-0-0-0-0-0-0-0-0-0-0-0-0-0-0-0-0-0-
[INFO] [1790611809.321487872] [uav3.mavros.sys]: FCU: EVENT 1203183 with args -234-7-9-28-16-10-9-0-0-0-0-0-0-0-0-0-0-0-0-0-0-0-0-0-0-0-0-0-0-0-0-0-0-0-0-0-0-0-0-0-
[INFO] [1790611812.171254723] [uav3.mavros.sys]: FCU: EVENT 4277609 with args -0-0-0-0-0-0-0-0-0-0-0-0-0-0-0-0-0-0-0-0-0-0-0-0-0-0-0-0-0-0-0-0-0-0-0-0-0-0-0-0-
[INFO] [1790611911.919913681] [uav3.mavros.sys]: FCU: EVENT 9844908 with args -0-0-0-0-0-0-0-0-0-0-0-0-0-0-0-0-0-0-0-0-0-0-0-0-0-0-0-0-0-0-0-0-0-0-0-0-0-0-0-0-
[INFO] [1790611914.177441866] [uav3.mavros.sys]: FCU: EVENT 16017271 with args -6-0-0-0-0-0-0-0-0-0-0-0-0-0-0-0-0-0-0-0-0-0-0-0-0-0-0-0-0-0-0-0-0-0-0-0-0-0-0-0-
[INFO] [1790611914.379951499] [uav3.mavros.sys]: FCU: EVENT 9489139 with args -4-0-0-0-0-0-0-0-0-0-0-0-0-0-0-0-0-0-0-0-0-0-0-0-0-0-0-0-0-0-0-0-0-0-0-0-0-0-0-0-
[INFO] [1790611914.380042491] [uav3.mavros.sys]: FCU: EVENT 1203183 with args -234-7-9-28-16-11-54-0-0-0-0-0-0-0-0-0-0-0-0-0-0-0-0-0-0-0-0-0-0-0-0-0-0-0-0-0-0-0-0-0-
[INFO] [1790611920.527390035] [uav3.mavros.sys]: FCU: EVENT 4277609 with args -0-0-0-0-0-0-0-0-0-0-0-0-0-0-0-0-0-0-0-0-0-0-0-0-0-0-0-0-0-0-0-0-0-0-0-0-0-0-0-0-
[INFO] [1790612021.117141557] [uav3.mavros.sys]: FCU: EVENT 9844908 with args -0-0-0-0-0-0-0-0-0-0-0-0-0-0-0-0-0-0-0-0-0-0-0-0-0-0-0-0-0-0-0-0-0-0-0-0-0-0-0-0-
[INFO] [1790612023.389317907] [uav3.mavros.sys]: FCU: EVENT 16017271 with args -6-0-0-0-0-0-0-0-0-0-0-0-0-0-0-0-0-0-0-0-0-0-0-0-0-0-0-0-0-0-0-0-0-0-0-0-0-0-0-0-
[INFO] [1790612023.499848947] [uav3.mavros.sys]: FCU: EVENT 9489139 with args -4-0-0-0-0-0-0-0-0-0-0-0-0-0-0-0-0-0-0-0-0-0-0-0-0-0-0-0-0-0-0-0-0-0-0-0-0-0-0-0-
[INFO] [1790612023.499925041] [uav3.mavros.sys]: FCU: EVENT 1203183 with args -234-7-9-28-16-13-43-0-0-0-0-0-0-0-0-0-0-0-0-0-0-0-0-0-0-0-0-0-0-0-0-0-0-0-0-0-0-0-0-0-
[WARN] [1790612027.492170548] [uav3.mavros.sys]: FCU: UNK(8): EVENT 11047904 with args -0-0-0-16-0-128-0-0-0-176-58-127-128-176-58-127-128-0-0-0-0-0-0-0-0-0-0-0-0-0-0-0-0-0-0-0-0-0-0-0-
[ERROR] [1790612027.492279274] [uav3.mavros.sys]: FCU: EVENT 11464574 with args -0-64-0-0-20-0-0-0-0-0-0-0-0-0-0-0-0-0-0-0-0-0-0-0-0-0-0-0-0-0-0-0-0-0-0-0-0-0-0-0-
[INFO] [1790612027.492364994] [uav3.mavros.sys]: FCU: EVENT 377561 with args -8-0-0-0-20-0-0-0-0-0-0-0-0-0-0-0-0-0-0-0-0-0-0-0-0-0-0-0-0-0-0-0-0-0-0-0-0-0-0-0-
[WARN] [1790612027.492416288] [uav3.mavros.sys]: FCU: EVENT 453929 with args -255-255-255-255-7-0-0-0-0-0-0-0-0-0-0-0-0-0-0-0-0-0-0-0-0-0-0-0-0-0-0-0-0-0-0-0-0-0-0-0-
[INFO] [1790612027.492468814] [uav3.mavros.sys]: FCU: EVENT 6801787 with args -255-255-255-255-12-0-0-0-0-0-0-0-0-0-0-0-0-0-0-0-0-0-0-0-0-0-0-0-0-0-0-0-0-0-0-0-0-0-0-0-
[WARN] [1790612027.492521480] [uav3.mavros.sys]: FCU: UNK(8): EVENT 1914663 with args -0-10-13-2-56-0-0-0-0-0-0-0-0-0-0-0-0-0-0-0-0-0-0-0-0-0-0-0-0-0-0-0-0-0-0-0-0-0-0-0-
[ERROR] [1790612027.504998877] [uav3.mavros.sys]: FCU: EVENT 14605264 with args -0-0-6-0-6-0-0-0-0-0-0-0-0-0-0-0-0-0-0-0-0-0-0-0-0-0-0-0-0-0-0-0-0-0-0-0-0-0-0-0-
[INFO] [1790612027.510600694] [uav3.mavros.sys]: FCU: EVENT 5383828 with args -233-1-0-0-1-0-0-0-0-0-0-0-0-0-0-0-0-0-0-0-0-0-0-0-0-0-0-0-0-0-0-0-0-0-0-0-0-0-0-0-
[INFO] [1790612027.560920084] [rclcpp]: signal_handler(SIGINT/SIGTERM)
[WARN] [1790612027.562222506] [uav3.mavros]: UAS Executor terminated
