[INFO] [1790586527.486864348] [uav8.mavros_node]: Starting mavros_node container
[INFO] [1790586527.486971836] [uav8.mavros_node]: FCU URL: udp://:14547@127.0.0.1:14587
[INFO] [1790586527.486981934] [uav8.mavros_node]: GCS URL: 
[INFO] [1790586527.486986820] [uav8.mavros_node]: UAS Prefix: /uas8
[INFO] [1790586527.486992115] [uav8.mavros_node]: Starting mavros router node
[INFO] [1790586527.536424339] [uav8.mavros_router]: Built-in SIMD instructions: SSE, SSE2
[INFO] [1790586527.536460619] [uav8.mavros_router]: Built-in MAVLink package version: 2026.8.8
[INFO] [1790586527.536472476] [uav8.mavros_router]: Known MAVLink dialects: common ardupilotmega ASLUAV AVSSUAS all csAirLink cubepilot development icarous loweheiser marsh paparazzi standard stemstudios storm32 uAvionix ualberta
[INFO] [1790586527.536480934] [uav8.mavros_router]: MAVROS Router started
[INFO] [1790586527.542054652] [uav8.mavros_node]: Starting mavros uas node
[INFO] [1790586527.749925306] [uav8.mavros_router]: Requested to add endpoint: type: 0, url: udp://:14547@127.0.0.1:14587
[INFO] [1790586527.750304251] [uav8.mavros_router]: Endpoint link[1000] created
[INFO] [1790586527.751360965] [uav8.mavros_router]: link[1000] opened successfully
[INFO] [1790586527.751407573] [uav8.mavros_router]: Requested to add endpoint: type: 2, url: /uas8
[INFO] [1790586527.751427580] [uav8.mavros_router]: Endpoint link[1001] created
[INFO] [1790586527.755153989] [uav8.mavros_router]: link[1000] detected remote address 8.1
[INFO] [1790586527.766214627] [uav8.mavros]: Plugin actuator_control ignored
[INFO] [1790586527.766290175] [uav8.mavros]: Plugin altitude ignored
[INFO] [1790586527.766218168] [uav8.mavros]: UAS Executor started, threads: 4
[INFO] [1790586527.850409926] [uav8.mavros_router]: link[1001] opened successfully
[INFO] [1790586528.042941343] [uav8.mavros]: Plugin command created
[INFO] [1790586528.043017194] [uav8.mavros]: Plugin command initialized
[INFO] [1790586528.043027394] [uav8.mavros]: Plugin ftp ignored
[INFO] [1790586528.043033750] [uav8.mavros]: Plugin geofence ignored
[INFO] [1790586528.321068337] [uav8.mavros]: Plugin global_position created
[INFO] [1790586528.322627126] [uav8.mavros]: Plugin global_position initialized
[INFO] [1790586528.322674481] [uav8.mavros]: Plugin home_position ignored
[INFO] [1790586528.322682330] [uav8.mavros]: Plugin imu ignored
[INFO] [1790586528.603252338] [uav8.mavros]: Plugin local_position created
[INFO] [1790586528.603315815] [uav8.mavros]: Plugin local_position initialized
[INFO] [1790586528.603331314] [uav8.mavros]: Plugin manual_control ignored
[INFO] [1790586528.603339008] [uav8.mavros]: Plugin nav_controller_output ignored
[INFO] [1790586528.603344841] [uav8.mavros]: Plugin param ignored
[INFO] [1790586528.603350103] [uav8.mavros]: Plugin rallypoint ignored
[INFO] [1790586528.603354865] [uav8.mavros]: Plugin rc_io ignored
[INFO] [1790586528.603359946] [uav8.mavros]: Plugin setpoint_accel ignored
[INFO] [1790586528.603364839] [uav8.mavros]: Plugin setpoint_attitude ignored
[INFO] [1790586528.603369707] [uav8.mavros]: Plugin setpoint_position ignored
[INFO] [1790586528.603374691] [uav8.mavros]: Plugin setpoint_raw ignored
[INFO] [1790586528.603380474] [uav8.mavros]: Plugin setpoint_trajectory ignored
[INFO] [1790586528.747147360] [uav8.mavros]: Plugin setpoint_velocity created
[INFO] [1790586528.747216303] [uav8.mavros]: Plugin setpoint_velocity initialized
[INFO] [1790586529.204241605] [uav8.mavros]: Plugin sys_status created
[INFO] [1790586529.205200932] [uav8.mavros]: Plugin sys_status initialized
[INFO] [1790586529.312424658] [uav8.mavros.time]: TM: Timesync mode: MAVLINK
[INFO] [1790586529.335441100] [uav8.mavros]: Plugin sys_time created
[INFO] [1790586529.335501674] [uav8.mavros]: Plugin sys_time initialized
[INFO] [1790586529.335511307] [uav8.mavros]: Plugin waypoint ignored
[INFO] [1790586529.335516949] [uav8.mavros]: Plugin wind_estimation ignored
[INFO] [1790586529.350104369] [uav8.mavros]: Built-in SIMD instructions: SSE, SSE2
[INFO] [1790586529.350155993] [uav8.mavros]: Built-in MAVLink package version: 2026.8.8
[INFO] [1790586529.350194880] [uav8.mavros]: Known MAVLink dialects: common ardupilotmega ASLUAV AVSSUAS all csAirLink cubepilot development icarous loweheiser marsh paparazzi standard stemstudios storm32 uAvionix ualberta
[INFO] [1790586529.350204862] [uav8.mavros]: MAVROS UAS via /uas8 started. MY ID 8.191, TARGET ID 8.1
[INFO] [1790586529.423024918] [uav8.mavros_router]: link[1001] detected remote address 8.191
[INFO] [1790586529.843820333] [uav8.mavros]: CON: Got HEARTBEAT, connected. FCU: PX4 Autopilot
[INFO] [1790586530.879779434] [uav8.mavros.sys]: VER: 8.1: Capabilities         0x000000000000e8ff
[INFO] [1790586530.879829836] [uav8.mavros.sys]: VER: 8.1: Flight software:     011200c0 (fca3df865a000000)
[INFO] [1790586530.879838410] [uav8.mavros.sys]: VER: 8.1: Middleware software: 011200c0 (fca3df865a000000)
[INFO] [1790586530.879844531] [uav8.mavros.sys]: VER: 8.1: OS software:         070000ff (17040b9f87cb1791)
[INFO] [1790586530.879850045] [uav8.mavros.sys]: VER: 8.1: Board hardware:      00000001
[INFO] [1790586530.879855411] [uav8.mavros.sys]: VER: 8.1: VID/PID:             0000:0000
[INFO] [1790586530.879861023] [uav8.mavros.sys]: VER: 8.1: UID:                 4954414c44494e56
[WARN] [1790586530.883182324] [uav8.mavros.cmd]: CMD: Unexpected command 512, result 0
[WARN] [1790586539.428839520] [uav8.mavros.sys]: FCU: UNK(8): EVENT 11047904 with args -0-0-0-0-0-128-0-0-0-176-122-127-128-176-122-127-128-0-0-0-0-0-0-0-0-0-0-0-0-0-0-0-0-0-0-0-0-0-0-0-
[INFO] [1790586539.428943526] [uav8.mavros.sys]: FCU: EVENT 377561 with args -8-0-0-0-20-0-0-0-0-0-0-0-0-0-0-0-0-0-0-0-0-0-0-0-0-0-0-0-0-0-0-0-0-0-0-0-0-0-0-0-
[WARN] [1790586539.428983451] [uav8.mavros.sys]: FCU: EVENT 453929 with args -255-255-255-255-7-0-0-0-0-0-0-0-0-0-0-0-0-0-0-0-0-0-0-0-0-0-0-0-0-0-0-0-0-0-0-0-0-0-0-0-
[INFO] [1790586539.429020722] [uav8.mavros.sys]: FCU: EVENT 6801787 with args -255-255-255-255-12-0-0-0-0-0-0-0-0-0-0-0-0-0-0-0-0-0-0-0-0-0-0-0-0-0-0-0-0-0-0-0-0-0-0-0-
[WARN] [1790586539.429057806] [uav8.mavros.sys]: FCU: UNK(8): EVENT 1914663 with args -0-10-13-2-56-0-0-0-0-0-0-0-0-0-0-0-0-0-0-0-0-0-0-0-0-0-0-0-0-0-0-0-0-0-0-0-0-0-0-0-
[WARN] [1790586544.352436463] [uav8.mavros.cmd]: CMD: Unexpected command 176, result 0
[INFO] [1790586545.300226303] [uav8.mavros.sys]: FCU: EVENT 9489139 with args -4-0-0-0-0-0-0-0-0-0-0-0-0-0-0-0-0-0-0-0-0-0-0-0-0-0-0-0-0-0-0-0-0-0-0-0-0-0-0-0-
[INFO] [1790586547.170751013] [uav8.mavros.sys]: FCU: EVENT 4277609 with args -0-0-0-0-0-0-0-0-0-0-0-0-0-0-0-0-0-0-0-0-0-0-0-0-0-0-0-0-0-0-0-0-0-0-0-0-0-0-0-0-
[WARN] [1790586800.503074306] [uav8.mavros.cmd]: CMD: Unexpected command 176, result 0
[INFO] [1790586835.052599915] [uav8.mavros.sys]: FCU: EVENT 9844908 with args -0-0-0-0-0-0-0-0-0-0-0-0-0-0-0-0-0-0-0-0-0-0-0-0-0-0-0-0-0-0-0-0-0-0-0-0-0-0-0-0-
[INFO] [1790586837.161843312] [uav8.mavros.sys]: FCU: EVENT 16017271 with args -6-0-0-0-0-0-0-0-0-0-0-0-0-0-0-0-0-0-0-0-0-0-0-0-0-0-0-0-0-0-0-0-0-0-0-0-0-0-0-0-
[WARN] [1790586840.799713172] [uav8.mavros.sys]: FCU: UNK(8): EVENT 11047904 with args -0-0-0-0-0-128-0-0-0-176-122-127-128-176-122-127-128-0-0-0-0-0-0-0-0-0-0-0-0-0-0-0-0-0-0-0-0-0-0-0-
[INFO] [1790586840.799855389] [uav8.mavros.sys]: FCU: EVENT 377561 with args -8-0-0-0-20-0-0-0-0-0-0-0-0-0-0-0-0-0-0-0-0-0-0-0-0-0-0-0-0-0-0-0-0-0-0-0-0-0-0-0-
[WARN] [1790586840.799883559] [uav8.mavros.sys]: FCU: EVENT 453929 with args -255-255-255-255-7-0-0-0-0-0-0-0-0-0-0-0-0-0-0-0-0-0-0-0-0-0-0-0-0-0-0-0-0-0-0-0-0-0-0-0-
[INFO] [1790586840.799953723] [uav8.mavros.sys]: FCU: EVENT 6801787 with args -255-255-255-255-12-0-0-0-0-0-0-0-0-0-0-0-0-0-0-0-0-0-0-0-0-0-0-0-0-0-0-0-0-0-0-0-0-0-0-0-
[WARN] [1790586840.799976994] [uav8.mavros.sys]: FCU: UNK(8): EVENT 1914663 with args -0-10-9-2-56-0-0-0-0-0-0-0-0-0-0-0-0-0-0-0-0-0-0-0-0-0-0-0-0-0-0-0-0-0-0-0-0-0-0-0-
[INFO] [1790586843.208525203] [rclcpp]: signal_handler(SIGINT/SIGTERM)
[WARN] [1790586843.211195718] [uav8.mavros]: UAS Executor terminated
