[INFO] [1790586527.435025549] [uav3.mavros_node]: Starting mavros_node container
[INFO] [1790586527.435699391] [uav3.mavros_node]: FCU URL: udp://:14542@127.0.0.1:14582
[INFO] [1790586527.435836891] [uav3.mavros_node]: GCS URL: 
[INFO] [1790586527.435914326] [uav3.mavros_node]: UAS Prefix: /uas3
[INFO] [1790586527.436261546] [uav3.mavros_node]: Starting mavros router node
[INFO] [1790586527.535158684] [uav3.mavros_router]: Built-in SIMD instructions: SSE, SSE2
[INFO] [1790586527.535540609] [uav3.mavros_router]: Built-in MAVLink package version: 2026.8.8
[INFO] [1790586527.535569167] [uav3.mavros_router]: Known MAVLink dialects: common ardupilotmega ASLUAV AVSSUAS all csAirLink cubepilot development icarous loweheiser marsh paparazzi standard stemstudios storm32 uAvionix ualberta
[INFO] [1790586527.535584034] [uav3.mavros_router]: MAVROS Router started
[INFO] [1790586527.536092839] [uav3.mavros_node]: Starting mavros uas node
[INFO] [1790586527.784428729] [uav3.mavros_router]: Requested to add endpoint: type: 0, url: udp://:14542@127.0.0.1:14582
[INFO] [1790586527.784487094] [uav3.mavros_router]: Endpoint link[1000] created
[INFO] [1790586527.784726340] [uav3.mavros_router]: link[1000] opened successfully
[INFO] [1790586527.784755899] [uav3.mavros_router]: Requested to add endpoint: type: 2, url: /uas3
[INFO] [1790586527.784772596] [uav3.mavros_router]: Endpoint link[1001] created
[INFO] [1790586527.787447547] [uav3.mavros_router]: link[1000] detected remote address 3.1
[INFO] [1790586527.802175184] [uav3.mavros]: Plugin actuator_control ignored
[INFO] [1790586527.802703379] [uav3.mavros]: Plugin altitude ignored
[INFO] [1790586527.802238529] [uav3.mavros]: UAS Executor started, threads: 4
[INFO] [1790586527.893754955] [uav3.mavros_router]: link[1001] opened successfully
[INFO] [1790586528.216572115] [uav3.mavros]: Plugin command created
[INFO] [1790586528.216991509] [uav3.mavros]: Plugin command initialized
[INFO] [1790586528.217003922] [uav3.mavros]: Plugin ftp ignored
[INFO] [1790586528.217010701] [uav3.mavros]: Plugin geofence ignored
[INFO] [1790586528.562959484] [uav3.mavros]: Plugin global_position created
[INFO] [1790586528.563127439] [uav3.mavros]: Plugin global_position initialized
[INFO] [1790586528.563151594] [uav3.mavros]: Plugin home_position ignored
[INFO] [1790586528.563189617] [uav3.mavros]: Plugin imu ignored
[INFO] [1790586528.842784815] [uav3.mavros]: Plugin local_position created
[INFO] [1790586528.842863597] [uav3.mavros]: Plugin local_position initialized
[INFO] [1790586528.847526704] [uav3.mavros]: Plugin manual_control ignored
[INFO] [1790586528.848110946] [uav3.mavros]: Plugin nav_controller_output ignored
[INFO] [1790586528.848130577] [uav3.mavros]: Plugin param ignored
[INFO] [1790586528.848137941] [uav3.mavros]: Plugin rallypoint ignored
[INFO] [1790586528.848156406] [uav3.mavros]: Plugin rc_io ignored
[INFO] [1790586528.848162551] [uav3.mavros]: Plugin setpoint_accel ignored
[INFO] [1790586528.848170516] [uav3.mavros]: Plugin setpoint_attitude ignored
[INFO] [1790586528.848177125] [uav3.mavros]: Plugin setpoint_position ignored
[INFO] [1790586528.848182882] [uav3.mavros]: Plugin setpoint_raw ignored
[INFO] [1790586528.848188842] [uav3.mavros]: Plugin setpoint_trajectory ignored
[INFO] [1790586529.107884916] [uav3.mavros]: Plugin setpoint_velocity created
[INFO] [1790586529.108436544] [uav3.mavros]: Plugin setpoint_velocity initialized
[INFO] [1790586529.359248282] [uav3.mavros]: Plugin sys_status created
[INFO] [1790586529.359299981] [uav3.mavros]: Plugin sys_status initialized
[INFO] [1790586529.456382926] [uav3.mavros.time]: TM: Timesync mode: MAVLINK
[INFO] [1790586529.468792881] [uav3.mavros]: Plugin sys_time created
[INFO] [1790586529.468858127] [uav3.mavros]: Plugin sys_time initialized
[INFO] [1790586529.468869704] [uav3.mavros]: Plugin waypoint ignored
[INFO] [1790586529.468876169] [uav3.mavros]: Plugin wind_estimation ignored
[INFO] [1790586529.482624427] [uav3.mavros]: Built-in SIMD instructions: SSE, SSE2
[INFO] [1790586529.482674559] [uav3.mavros]: Built-in MAVLink package version: 2026.8.8
[INFO] [1790586529.482708807] [uav3.mavros]: Known MAVLink dialects: common ardupilotmega ASLUAV AVSSUAS all csAirLink cubepilot development icarous loweheiser marsh paparazzi standard stemstudios storm32 uAvionix ualberta
[INFO] [1790586529.482717072] [uav3.mavros]: MAVROS UAS via /uas3 started. MY ID 3.191, TARGET ID 3.1
[INFO] [1790586529.514408949] [uav3.mavros_router]: link[1001] detected remote address 3.191
[INFO] [1790586529.939675615] [uav3.mavros]: CON: Got HEARTBEAT, connected. FCU: PX4 Autopilot
[INFO] [1790586530.970167619] [uav3.mavros.sys]: VER: 3.1: Capabilities         0x000000000000e8ff
[INFO] [1790586530.970220093] [uav3.mavros.sys]: VER: 3.1: Flight software:     011200c0 (fca3df865a000000)
[INFO] [1790586530.970228278] [uav3.mavros.sys]: VER: 3.1: Middleware software: 011200c0 (fca3df865a000000)
[INFO] [1790586530.970233432] [uav3.mavros.sys]: VER: 3.1: OS software:         070000ff (17040b9f87cb1791)
[INFO] [1790586530.970237939] [uav3.mavros.sys]: VER: 3.1: Board hardware:      00000001
[INFO] [1790586530.970242645] [uav3.mavros.sys]: VER: 3.1: VID/PID:             0000:0000
[INFO] [1790586530.970247532] [uav3.mavros.sys]: VER: 3.1: UID:                 4954414c44494e51
[WARN] [1790586530.971018272] [uav3.mavros.cmd]: CMD: Unexpected command 512, result 0
[WARN] [1790586539.541112860] [uav3.mavros.sys]: FCU: UNK(8): EVENT 11047904 with args -0-0-0-0-0-128-0-0-0-176-122-127-128-176-122-127-128-0-0-0-0-0-0-0-0-0-0-0-0-0-0-0-0-0-0-0-0-0-0-0-
[INFO] [1790586539.541232235] [uav3.mavros.sys]: FCU: EVENT 377561 with args -8-0-0-0-20-0-0-0-0-0-0-0-0-0-0-0-0-0-0-0-0-0-0-0-0-0-0-0-0-0-0-0-0-0-0-0-0-0-0-0-
[WARN] [1790586539.541302127] [uav3.mavros.sys]: FCU: EVENT 453929 with args -255-255-255-255-7-0-0-0-0-0-0-0-0-0-0-0-0-0-0-0-0-0-0-0-0-0-0-0-0-0-0-0-0-0-0-0-0-0-0-0-
[INFO] [1790586539.541342834] [uav3.mavros.sys]: FCU: EVENT 6801787 with args -255-255-255-255-12-0-0-0-0-0-0-0-0-0-0-0-0-0-0-0-0-0-0-0-0-0-0-0-0-0-0-0-0-0-0-0-0-0-0-0-
[WARN] [1790586539.541381789] [uav3.mavros.sys]: FCU: UNK(8): EVENT 1914663 with args -0-10-13-2-56-0-0-0-0-0-0-0-0-0-0-0-0-0-0-0-0-0-0-0-0-0-0-0-0-0-0-0-0-0-0-0-0-0-0-0-
[WARN] [1790586544.364290849] [uav3.mavros.cmd]: CMD: Unexpected command 176, result 0
[INFO] [1790586545.297081724] [uav3.mavros.sys]: FCU: EVENT 9489139 with args -4-0-0-0-0-0-0-0-0-0-0-0-0-0-0-0-0-0-0-0-0-0-0-0-0-0-0-0-0-0-0-0-0-0-0-0-0-0-0-0-
[INFO] [1790586547.187955600] [uav3.mavros.sys]: FCU: EVENT 4277609 with args -0-0-0-0-0-0-0-0-0-0-0-0-0-0-0-0-0-0-0-0-0-0-0-0-0-0-0-0-0-0-0-0-0-0-0-0-0-0-0-0-
[WARN] [1790586800.489957917] [uav3.mavros.cmd]: CMD: Unexpected command 176, result 0
[INFO] [1790586832.401258465] [uav3.mavros.sys]: FCU: EVENT 9844908 with args -0-0-0-0-0-0-0-0-0-0-0-0-0-0-0-0-0-0-0-0-0-0-0-0-0-0-0-0-0-0-0-0-0-0-0-0-0-0-0-0-
[INFO] [1790586834.497859087] [uav3.mavros.sys]: FCU: EVENT 16017271 with args -6-0-0-0-0-0-0-0-0-0-0-0-0-0-0-0-0-0-0-0-0-0-0-0-0-0-0-0-0-0-0-0-0-0-0-0-0-0-0-0-
[WARN] [1790586838.585666730] [uav3.mavros.sys]: FCU: UNK(8): EVENT 11047904 with args -0-0-0-0-0-128-0-0-0-176-122-127-128-176-122-127-128-0-0-0-0-0-0-0-0-0-0-0-0-0-0-0-0-0-0-0-0-0-0-0-
[INFO] [1790586838.585809133] [uav3.mavros.sys]: FCU: EVENT 377561 with args -8-0-0-0-20-0-0-0-0-0-0-0-0-0-0-0-0-0-0-0-0-0-0-0-0-0-0-0-0-0-0-0-0-0-0-0-0-0-0-0-
[WARN] [1790586838.585851561] [uav3.mavros.sys]: FCU: EVENT 453929 with args -255-255-255-255-7-0-0-0-0-0-0-0-0-0-0-0-0-0-0-0-0-0-0-0-0-0-0-0-0-0-0-0-0-0-0-0-0-0-0-0-
[INFO] [1790586838.585932853] [uav3.mavros.sys]: FCU: EVENT 6801787 with args -255-255-255-255-12-0-0-0-0-0-0-0-0-0-0-0-0-0-0-0-0-0-0-0-0-0-0-0-0-0-0-0-0-0-0-0-0-0-0-0-
[WARN] [1790586838.585954335] [uav3.mavros.sys]: FCU: UNK(8): EVENT 1914663 with args -0-10-9-2-56-0-0-0-0-0-0-0-0-0-0-0-0-0-0-0-0-0-0-0-0-0-0-0-0-0-0-0-0-0-0-0-0-0-0-0-
[INFO] [1790586843.209745396] [rclcpp]: signal_handler(SIGINT/SIGTERM)
[WARN] [1790586843.212637602] [uav3.mavros]: UAS Executor terminated
