[INFO] [1790586527.484667632] [uav2.mavros_node]: Starting mavros_node container
[INFO] [1790586527.485622900] [uav2.mavros_node]: FCU URL: udp://:14541@127.0.0.1:14581
[INFO] [1790586527.485659182] [uav2.mavros_node]: GCS URL: 
[INFO] [1790586527.485666582] [uav2.mavros_node]: UAS Prefix: /uas2
[INFO] [1790586527.485672251] [uav2.mavros_node]: Starting mavros router node
[INFO] [1790586527.620971157] [uav2.mavros_router]: Built-in SIMD instructions: SSE, SSE2
[INFO] [1790586527.621026160] [uav2.mavros_router]: Built-in MAVLink package version: 2026.8.8
[INFO] [1790586527.621036868] [uav2.mavros_router]: Known MAVLink dialects: common ardupilotmega ASLUAV AVSSUAS all csAirLink cubepilot development icarous loweheiser marsh paparazzi standard stemstudios storm32 uAvionix ualberta
[INFO] [1790586527.621044378] [uav2.mavros_router]: MAVROS Router started
[INFO] [1790586527.621189268] [uav2.mavros_node]: Starting mavros uas node
[INFO] [1790586527.853515719] [uav2.mavros_router]: Requested to add endpoint: type: 0, url: udp://:14541@127.0.0.1:14581
[INFO] [1790586527.856836090] [uav2.mavros_router]: Endpoint link[1000] created
[INFO] [1790586527.858052431] [uav2.mavros_router]: link[1000] opened successfully
[INFO] [1790586527.858090896] [uav2.mavros_router]: Requested to add endpoint: type: 2, url: /uas2
[INFO] [1790586527.858111226] [uav2.mavros_router]: Endpoint link[1001] created
[INFO] [1790586527.864334753] [uav2.mavros_router]: link[1000] detected remote address 2.1
[INFO] [1790586527.866442898] [uav2.mavros]: UAS Executor started, threads: 4
[INFO] [1790586527.866460131] [uav2.mavros]: Plugin actuator_control ignored
[INFO] [1790586527.866844292] [uav2.mavros]: Plugin altitude ignored
[INFO] [1790586527.919436839] [uav2.mavros_router]: link[1001] opened successfully
[INFO] [1790586528.151333646] [uav2.mavros]: Plugin command created
[INFO] [1790586528.152861719] [uav2.mavros]: Plugin command initialized
[INFO] [1790586528.152915933] [uav2.mavros]: Plugin ftp ignored
[INFO] [1790586528.152925210] [uav2.mavros]: Plugin geofence ignored
[INFO] [1790586528.485477448] [uav2.mavros]: Plugin global_position created
[INFO] [1790586528.485546213] [uav2.mavros]: Plugin global_position initialized
[INFO] [1790586528.485559417] [uav2.mavros]: Plugin home_position ignored
[INFO] [1790586528.485570590] [uav2.mavros]: Plugin imu ignored
[INFO] [1790586528.790461548] [uav2.mavros]: Plugin local_position created
[INFO] [1790586528.790540065] [uav2.mavros]: Plugin local_position initialized
[INFO] [1790586528.790552042] [uav2.mavros]: Plugin manual_control ignored
[INFO] [1790586528.790558603] [uav2.mavros]: Plugin nav_controller_output ignored
[INFO] [1790586528.790564559] [uav2.mavros]: Plugin param ignored
[INFO] [1790586528.790570506] [uav2.mavros]: Plugin rallypoint ignored
[INFO] [1790586528.790575984] [uav2.mavros]: Plugin rc_io ignored
[INFO] [1790586528.790586020] [uav2.mavros]: Plugin setpoint_accel ignored
[INFO] [1790586528.790593738] [uav2.mavros]: Plugin setpoint_attitude ignored
[INFO] [1790586528.790599386] [uav2.mavros]: Plugin setpoint_position ignored
[INFO] [1790586528.790604697] [uav2.mavros]: Plugin setpoint_raw ignored
[INFO] [1790586528.790616786] [uav2.mavros]: Plugin setpoint_trajectory ignored
[INFO] [1790586529.024373561] [uav2.mavros]: Plugin setpoint_velocity created
[INFO] [1790586529.024441446] [uav2.mavros]: Plugin setpoint_velocity initialized
[INFO] [1790586529.358486390] [uav2.mavros]: Plugin sys_status created
[INFO] [1790586529.358576529] [uav2.mavros]: Plugin sys_status initialized
[INFO] [1790586529.446412638] [uav2.mavros.time]: TM: Timesync mode: MAVLINK
[INFO] [1790586529.470267577] [uav2.mavros]: Plugin sys_time created
[INFO] [1790586529.470341383] [uav2.mavros]: Plugin sys_time initialized
[INFO] [1790586529.470352479] [uav2.mavros]: Plugin waypoint ignored
[INFO] [1790586529.470357834] [uav2.mavros]: Plugin wind_estimation ignored
[INFO] [1790586529.475937522] [uav2.mavros]: Built-in SIMD instructions: SSE, SSE2
[INFO] [1790586529.477905997] [uav2.mavros]: Built-in MAVLink package version: 2026.8.8
[INFO] [1790586529.477961972] [uav2.mavros]: Known MAVLink dialects: common ardupilotmega ASLUAV AVSSUAS all csAirLink cubepilot development icarous loweheiser marsh paparazzi standard stemstudios storm32 uAvionix ualberta
[INFO] [1790586529.477972364] [uav2.mavros]: MAVROS UAS via /uas2 started. MY ID 2.191, TARGET ID 2.1
[INFO] [1790586529.585228745] [uav2.mavros_router]: link[1001] detected remote address 2.191
[INFO] [1790586529.904222906] [uav2.mavros]: CON: Got HEARTBEAT, connected. FCU: PX4 Autopilot
[INFO] [1790586530.947903575] [uav2.mavros.sys]: VER: 2.1: Capabilities         0x000000000000e8ff
[INFO] [1790586530.948240804] [uav2.mavros.sys]: VER: 2.1: Flight software:     011200c0 (fca3df865a000000)
[INFO] [1790586530.948254587] [uav2.mavros.sys]: VER: 2.1: Middleware software: 011200c0 (fca3df865a000000)
[INFO] [1790586530.948260883] [uav2.mavros.sys]: VER: 2.1: OS software:         070000ff (17040b9f87cb1791)
[INFO] [1790586530.948266209] [uav2.mavros.sys]: VER: 2.1: Board hardware:      00000001
[INFO] [1790586530.948271137] [uav2.mavros.sys]: VER: 2.1: VID/PID:             0000:0000
[INFO] [1790586530.948276228] [uav2.mavros.sys]: VER: 2.1: UID:                 4954414c44494e50
[WARN] [1790586530.950894046] [uav2.mavros.cmd]: CMD: Unexpected command 512, result 0
[WARN] [1790586539.384614593] [uav2.mavros.sys]: FCU: UNK(8): EVENT 11047904 with args -0-0-0-0-0-128-0-0-0-176-122-127-128-176-122-127-128-0-0-0-0-0-0-0-0-0-0-0-0-0-0-0-0-0-0-0-0-0-0-0-
[INFO] [1790586539.384742250] [uav2.mavros.sys]: FCU: EVENT 377561 with args -8-0-0-0-20-0-0-0-0-0-0-0-0-0-0-0-0-0-0-0-0-0-0-0-0-0-0-0-0-0-0-0-0-0-0-0-0-0-0-0-
[WARN] [1790586539.384788275] [uav2.mavros.sys]: FCU: EVENT 453929 with args -255-255-255-255-7-0-0-0-0-0-0-0-0-0-0-0-0-0-0-0-0-0-0-0-0-0-0-0-0-0-0-0-0-0-0-0-0-0-0-0-
[INFO] [1790586539.384826872] [uav2.mavros.sys]: FCU: EVENT 6801787 with args -255-255-255-255-12-0-0-0-0-0-0-0-0-0-0-0-0-0-0-0-0-0-0-0-0-0-0-0-0-0-0-0-0-0-0-0-0-0-0-0-
[WARN] [1790586539.384862969] [uav2.mavros.sys]: FCU: UNK(8): EVENT 1914663 with args -0-10-13-2-56-0-0-0-0-0-0-0-0-0-0-0-0-0-0-0-0-0-0-0-0-0-0-0-0-0-0-0-0-0-0-0-0-0-0-0-
[WARN] [1790586544.363331324] [uav2.mavros.cmd]: CMD: Unexpected command 176, result 0
[INFO] [1790586545.415052119] [uav2.mavros.sys]: FCU: EVENT 9489139 with args -4-0-0-0-0-0-0-0-0-0-0-0-0-0-0-0-0-0-0-0-0-0-0-0-0-0-0-0-0-0-0-0-0-0-0-0-0-0-0-0-
[INFO] [1790586547.273771698] [uav2.mavros.sys]: FCU: EVENT 4277609 with args -0-0-0-0-0-0-0-0-0-0-0-0-0-0-0-0-0-0-0-0-0-0-0-0-0-0-0-0-0-0-0-0-0-0-0-0-0-0-0-0-
[WARN] [1790586800.507741036] [uav2.mavros.cmd]: CMD: Unexpected command 176, result 0
[INFO] [1790586835.760088780] [uav2.mavros.sys]: FCU: EVENT 9844908 with args -0-0-0-0-0-0-0-0-0-0-0-0-0-0-0-0-0-0-0-0-0-0-0-0-0-0-0-0-0-0-0-0-0-0-0-0-0-0-0-0-
[INFO] [1790586837.871689721] [uav2.mavros.sys]: FCU: EVENT 16017271 with args -6-0-0-0-0-0-0-0-0-0-0-0-0-0-0-0-0-0-0-0-0-0-0-0-0-0-0-0-0-0-0-0-0-0-0-0-0-0-0-0-
[WARN] [1790586841.851068638] [uav2.mavros.sys]: FCU: UNK(8): EVENT 11047904 with args -0-0-0-0-0-128-0-0-0-176-122-127-128-176-122-127-128-0-0-0-0-0-0-0-0-0-0-0-0-0-0-0-0-0-0-0-0-0-0-0-
[INFO] [1790586841.851213849] [uav2.mavros.sys]: FCU: EVENT 377561 with args -8-0-0-0-20-0-0-0-0-0-0-0-0-0-0-0-0-0-0-0-0-0-0-0-0-0-0-0-0-0-0-0-0-0-0-0-0-0-0-0-
[WARN] [1790586841.851284436] [uav2.mavros.sys]: FCU: EVENT 453929 with args -255-255-255-255-7-0-0-0-0-0-0-0-0-0-0-0-0-0-0-0-0-0-0-0-0-0-0-0-0-0-0-0-0-0-0-0-0-0-0-0-
[INFO] [1790586841.851473020] [uav2.mavros.sys]: FCU: EVENT 6801787 with args -255-255-255-255-12-0-0-0-0-0-0-0-0-0-0-0-0-0-0-0-0-0-0-0-0-0-0-0-0-0-0-0-0-0-0-0-0-0-0-0-
[WARN] [1790586841.851515647] [uav2.mavros.sys]: FCU: UNK(8): EVENT 1914663 with args -0-10-9-2-56-0-0-0-0-0-0-0-0-0-0-0-0-0-0-0-0-0-0-0-0-0-0-0-0-0-0-0-0-0-0-0-0-0-0-0-
[INFO] [1790586843.204164194] [rclcpp]: signal_handler(SIGINT/SIGTERM)
[WARN] [1790586843.205512853] [uav2.mavros]: UAS Executor terminated
Failed to publish log message to rosout: publisher's context is invalid, at ./src/rcl/publisher.c:423
