[INFO] [1790586527.584782204] [uav10.mavros_node]: Starting mavros_node container
[INFO] [1790586527.584888197] [uav10.mavros_node]: FCU URL: udp://:14549@127.0.0.1:14589
[INFO] [1790586527.584901690] [uav10.mavros_node]: GCS URL: 
[INFO] [1790586527.584910060] [uav10.mavros_node]: UAS Prefix: /uas10
[INFO] [1790586527.585506523] [uav10.mavros_node]: Starting mavros router node
[INFO] [1790586527.714553860] [uav10.mavros_router]: Built-in SIMD instructions: SSE, SSE2
[INFO] [1790586527.714600466] [uav10.mavros_router]: Built-in MAVLink package version: 2026.8.8
[INFO] [1790586527.714614915] [uav10.mavros_router]: Known MAVLink dialects: common ardupilotmega ASLUAV AVSSUAS all csAirLink cubepilot development icarous loweheiser marsh paparazzi standard stemstudios storm32 uAvionix ualberta
[INFO] [1790586527.714622926] [uav10.mavros_router]: MAVROS Router started
[INFO] [1790586527.714757288] [uav10.mavros_node]: Starting mavros uas node
[INFO] [1790586527.995103540] [uav10.mavros_router]: Requested to add endpoint: type: 0, url: udp://:14549@127.0.0.1:14589
[INFO] [1790586527.996600216] [uav10.mavros_router]: Endpoint link[1000] created
[INFO] [1790586527.997503503] [uav10.mavros_router]: link[1000] opened successfully
[INFO] [1790586527.997540543] [uav10.mavros_router]: Requested to add endpoint: type: 2, url: /uas10
[INFO] [1790586527.997558807] [uav10.mavros_router]: Endpoint link[1001] created
[INFO] [1790586528.006934559] [uav10.mavros_router]: link[1000] detected remote address 10.1
[INFO] [1790586528.014394109] [uav10.mavros]: Plugin actuator_control ignored
[INFO] [1790586528.014463137] [uav10.mavros]: Plugin altitude ignored
[INFO] [1790586528.014426370] [uav10.mavros]: UAS Executor started, threads: 4
[INFO] [1790586528.122587692] [uav10.mavros_router]: link[1001] opened successfully
[INFO] [1790586528.378553439] [uav10.mavros]: Plugin command created
[INFO] [1790586528.378629311] [uav10.mavros]: Plugin command initialized
[INFO] [1790586528.378643827] [uav10.mavros]: Plugin ftp ignored
[INFO] [1790586528.378650120] [uav10.mavros]: Plugin geofence ignored
[INFO] [1790586528.784704520] [uav10.mavros]: Plugin global_position created
[INFO] [1790586528.784781815] [uav10.mavros]: Plugin global_position initialized
[INFO] [1790586528.784793284] [uav10.mavros]: Plugin home_position ignored
[INFO] [1790586528.784799527] [uav10.mavros]: Plugin imu ignored
[INFO] [1790586529.118468983] [uav10.mavros]: Plugin local_position created
[INFO] [1790586529.118549231] [uav10.mavros]: Plugin local_position initialized
[INFO] [1790586529.118562000] [uav10.mavros]: Plugin manual_control ignored
[INFO] [1790586529.118567441] [uav10.mavros]: Plugin nav_controller_output ignored
[INFO] [1790586529.118572977] [uav10.mavros]: Plugin param ignored
[INFO] [1790586529.118578191] [uav10.mavros]: Plugin rallypoint ignored
[INFO] [1790586529.118589111] [uav10.mavros]: Plugin rc_io ignored
[INFO] [1790586529.118596505] [uav10.mavros]: Plugin setpoint_accel ignored
[INFO] [1790586529.118601714] [uav10.mavros]: Plugin setpoint_attitude ignored
[INFO] [1790586529.118606731] [uav10.mavros]: Plugin setpoint_position ignored
[INFO] [1790586529.118611710] [uav10.mavros]: Plugin setpoint_raw ignored
[INFO] [1790586529.118617094] [uav10.mavros]: Plugin setpoint_trajectory ignored
[INFO] [1790586529.187885112] [uav10.mavros]: Plugin setpoint_velocity created
[INFO] [1790586529.187950139] [uav10.mavros]: Plugin setpoint_velocity initialized
[INFO] [1790586529.401457242] [uav10.mavros]: Plugin sys_status created
[INFO] [1790586529.401539827] [uav10.mavros]: Plugin sys_status initialized
[INFO] [1790586529.503421608] [uav10.mavros.time]: TM: Timesync mode: MAVLINK
[INFO] [1790586529.515881169] [uav10.mavros]: Plugin sys_time created
[INFO] [1790586529.516651626] [uav10.mavros]: Plugin sys_time initialized
[INFO] [1790586529.516679925] [uav10.mavros]: Plugin waypoint ignored
[INFO] [1790586529.516686805] [uav10.mavros]: Plugin wind_estimation ignored
[INFO] [1790586529.526400296] [uav10.mavros]: Built-in SIMD instructions: SSE, SSE2
[INFO] [1790586529.526489164] [uav10.mavros]: Built-in MAVLink package version: 2026.8.8
[INFO] [1790586529.526829176] [uav10.mavros]: Known MAVLink dialects: common ardupilotmega ASLUAV AVSSUAS all csAirLink cubepilot development icarous loweheiser marsh paparazzi standard stemstudios storm32 uAvionix ualberta
[INFO] [1790586529.526842702] [uav10.mavros]: MAVROS UAS via /uas10 started. MY ID 10.191, TARGET ID 10.1
[INFO] [1790586529.527841957] [uav10.mavros_router]: link[1001] detected remote address 10.191
[INFO] [1790586529.851606628] [uav10.mavros]: CON: Got HEARTBEAT, connected. FCU: PX4 Autopilot
[INFO] [1790586530.874904456] [uav10.mavros.sys]: VER: 10.1: Capabilities         0x000000000000e8ff
[INFO] [1790586530.874964977] [uav10.mavros.sys]: VER: 10.1: Flight software:     011200c0 (fca3df865a000000)
[INFO] [1790586530.874974168] [uav10.mavros.sys]: VER: 10.1: Middleware software: 011200c0 (fca3df865a000000)
[INFO] [1790586530.874979669] [uav10.mavros.sys]: VER: 10.1: OS software:         070000ff (17040b9f87cb1791)
[INFO] [1790586530.874984817] [uav10.mavros.sys]: VER: 10.1: Board hardware:      00000001
[INFO] [1790586530.874990016] [uav10.mavros.sys]: VER: 10.1: VID/PID:             0000:0000
[INFO] [1790586530.874995469] [uav10.mavros.sys]: VER: 10.1: UID:                 4954414c44494e58
[WARN] [1790586530.882275666] [uav10.mavros.cmd]: CMD: Unexpected command 512, result 0
[WARN] [1790586530.935911029] [uav10.mavros.sys]: FCU: UNK(8): EVENT 11047904 with args -0-0-0-16-0-128-0-0-0-176-58-127-128-176-58-127-128-0-0-0-0-0-0-0-0-0-0-0-0-0-0-0-0-0-0-0-0-0-0-0-
[ERROR] [1790586530.936032896] [uav10.mavros.sys]: FCU: EVENT 11464574 with args -0-64-0-0-20-0-0-0-0-0-0-0-0-0-0-0-0-0-0-0-0-0-0-0-0-0-0-0-0-0-0-0-0-0-0-0-0-0-0-0-
[INFO] [1790586530.936091841] [uav10.mavros.sys]: FCU: EVENT 377561 with args -8-0-0-0-20-0-0-0-0-0-0-0-0-0-0-0-0-0-0-0-0-0-0-0-0-0-0-0-0-0-0-0-0-0-0-0-0-0-0-0-
[WARN] [1790586530.936128026] [uav10.mavros.sys]: FCU: EVENT 453929 with args -255-255-255-255-7-0-0-0-0-0-0-0-0-0-0-0-0-0-0-0-0-0-0-0-0-0-0-0-0-0-0-0-0-0-0-0-0-0-0-0-
[INFO] [1790586530.936163416] [uav10.mavros.sys]: FCU: EVENT 6801787 with args -255-255-255-255-12-0-0-0-0-0-0-0-0-0-0-0-0-0-0-0-0-0-0-0-0-0-0-0-0-0-0-0-0-0-0-0-0-0-0-0-
[WARN] [1790586530.936197269] [uav10.mavros.sys]: FCU: UNK(8): EVENT 1914663 with args -0-10-13-2-56-0-0-0-0-0-0-0-0-0-0-0-0-0-0-0-0-0-0-0-0-0-0-0-0-0-0-0-0-0-0-0-0-0-0-0-
[WARN] [1790586541.360748664] [uav10.mavros.sys]: FCU: UNK(8): EVENT 11047904 with args -0-0-0-0-0-128-0-0-0-176-122-127-128-176-122-127-128-0-0-0-0-0-0-0-0-0-0-0-0-0-0-0-0-0-0-0-0-0-0-0-
[INFO] [1790586541.363093008] [uav10.mavros.sys]: FCU: EVENT 377561 with args -8-0-0-0-20-0-0-0-0-0-0-0-0-0-0-0-0-0-0-0-0-0-0-0-0-0-0-0-0-0-0-0-0-0-0-0-0-0-0-0-
[WARN] [1790586541.368987302] [uav10.mavros.sys]: FCU: EVENT 453929 with args -255-255-255-255-7-0-0-0-0-0-0-0-0-0-0-0-0-0-0-0-0-0-0-0-0-0-0-0-0-0-0-0-0-0-0-0-0-0-0-0-
[INFO] [1790586541.369059770] [uav10.mavros.sys]: FCU: EVENT 6801787 with args -255-255-255-255-12-0-0-0-0-0-0-0-0-0-0-0-0-0-0-0-0-0-0-0-0-0-0-0-0-0-0-0-0-0-0-0-0-0-0-0-
[WARN] [1790586541.369099677] [uav10.mavros.sys]: FCU: UNK(8): EVENT 1914663 with args -0-10-13-2-56-0-0-0-0-0-0-0-0-0-0-0-0-0-0-0-0-0-0-0-0-0-0-0-0-0-0-0-0-0-0-0-0-0-0-0-
[WARN] [1790586544.385558811] [uav10.mavros.cmd]: CMD: Unexpected command 176, result 0
[INFO] [1790586544.471051837] [uav10.mavros.sys]: FCU: EVENT 9489139 with args -4-0-0-0-0-0-0-0-0-0-0-0-0-0-0-0-0-0-0-0-0-0-0-0-0-0-0-0-0-0-0-0-0-0-0-0-0-0-0-0-
[INFO] [1790586546.235113833] [uav10.mavros.sys]: FCU: EVENT 4277609 with args -0-0-0-0-0-0-0-0-0-0-0-0-0-0-0-0-0-0-0-0-0-0-0-0-0-0-0-0-0-0-0-0-0-0-0-0-0-0-0-0-
[WARN] [1790586800.476339761] [uav10.mavros.cmd]: CMD: Unexpected command 176, result 0
[INFO] [1790586834.966755805] [uav10.mavros.sys]: FCU: EVENT 9844908 with args -0-0-0-0-0-0-0-0-0-0-0-0-0-0-0-0-0-0-0-0-0-0-0-0-0-0-0-0-0-0-0-0-0-0-0-0-0-0-0-0-
[INFO] [1790586837.087137043] [uav10.mavros.sys]: FCU: EVENT 16017271 with args -6-0-0-0-0-0-0-0-0-0-0-0-0-0-0-0-0-0-0-0-0-0-0-0-0-0-0-0-0-0-0-0-0-0-0-0-0-0-0-0-
[WARN] [1790586840.965757507] [uav10.mavros.sys]: FCU: UNK(8): EVENT 11047904 with args -0-0-0-0-0-128-0-0-0-176-122-127-128-176-122-127-128-0-0-0-0-0-0-0-0-0-0-0-0-0-0-0-0-0-0-0-0-0-0-0-
[INFO] [1790586840.965854284] [uav10.mavros.sys]: FCU: EVENT 377561 with args -8-0-0-0-20-0-0-0-0-0-0-0-0-0-0-0-0-0-0-0-0-0-0-0-0-0-0-0-0-0-0-0-0-0-0-0-0-0-0-0-
[WARN] [1790586840.965918472] [uav10.mavros.sys]: FCU: EVENT 453929 with args -255-255-255-255-7-0-0-0-0-0-0-0-0-0-0-0-0-0-0-0-0-0-0-0-0-0-0-0-0-0-0-0-0-0-0-0-0-0-0-0-
[INFO] [1790586840.965970655] [uav10.mavros.sys]: FCU: EVENT 6801787 with args -255-255-255-255-12-0-0-0-0-0-0-0-0-0-0-0-0-0-0-0-0-0-0-0-0-0-0-0-0-0-0-0-0-0-0-0-0-0-0-0-
[WARN] [1790586840.966007585] [uav10.mavros.sys]: FCU: UNK(8): EVENT 1914663 with args -0-10-9-2-56-0-0-0-0-0-0-0-0-0-0-0-0-0-0-0-0-0-0-0-0-0-0-0-0-0-0-0-0-0-0-0-0-0-0-0-
[INFO] [1790586843.205247527] [rclcpp]: signal_handler(SIGINT/SIGTERM)
[WARN] [1790586843.206951774] [uav10.mavros]: UAS Executor terminated
