[INFO] [1790586527.537674426] [uav4.mavros_node]: Starting mavros_node container
[INFO] [1790586527.539291831] [uav4.mavros_node]: FCU URL: udp://:14543@127.0.0.1:14583
[INFO] [1790586527.539318394] [uav4.mavros_node]: GCS URL: 
[INFO] [1790586527.539324480] [uav4.mavros_node]: UAS Prefix: /uas4
[INFO] [1790586527.539329285] [uav4.mavros_node]: Starting mavros router node
[INFO] [1790586527.672973939] [uav4.mavros_router]: Built-in SIMD instructions: SSE, SSE2
[INFO] [1790586527.673031045] [uav4.mavros_router]: Built-in MAVLink package version: 2026.8.8
[INFO] [1790586527.673042146] [uav4.mavros_router]: Known MAVLink dialects: common ardupilotmega ASLUAV AVSSUAS all csAirLink cubepilot development icarous loweheiser marsh paparazzi standard stemstudios storm32 uAvionix ualberta
[INFO] [1790586527.673050123] [uav4.mavros_router]: MAVROS Router started
[INFO] [1790586527.673210890] [uav4.mavros_node]: Starting mavros uas node
[INFO] [1790586527.931814918] [uav4.mavros_router]: Requested to add endpoint: type: 0, url: udp://:14543@127.0.0.1:14583
[INFO] [1790586527.931886376] [uav4.mavros_router]: Endpoint link[1000] created
[INFO] [1790586527.932131000] [uav4.mavros_router]: link[1000] opened successfully
[INFO] [1790586527.932155859] [uav4.mavros_router]: Requested to add endpoint: type: 2, url: /uas4
[INFO] [1790586527.932171021] [uav4.mavros_router]: Endpoint link[1001] created
[INFO] [1790586527.934874001] [uav4.mavros_router]: link[1000] detected remote address 4.1
[INFO] [1790586527.952839336] [uav4.mavros]: UAS Executor started, threads: 4
[INFO] [1790586527.952857100] [uav4.mavros]: Plugin actuator_control ignored
[INFO] [1790586527.962011462] [uav4.mavros]: Plugin altitude ignored
[INFO] [1790586528.071378898] [uav4.mavros_router]: link[1001] opened successfully
[INFO] [1790586528.327101719] [uav4.mavros]: Plugin command created
[INFO] [1790586528.327218395] [uav4.mavros]: Plugin command initialized
[INFO] [1790586528.327227895] [uav4.mavros]: Plugin ftp ignored
[INFO] [1790586528.327233204] [uav4.mavros]: Plugin geofence ignored
[INFO] [1790586528.666410936] [uav4.mavros]: Plugin global_position created
[INFO] [1790586528.666472809] [uav4.mavros]: Plugin global_position initialized
[INFO] [1790586528.666484298] [uav4.mavros]: Plugin home_position ignored
[INFO] [1790586528.666490151] [uav4.mavros]: Plugin imu ignored
[INFO] [1790586528.953068936] [uav4.mavros]: Plugin local_position created
[INFO] [1790586528.953138431] [uav4.mavros]: Plugin local_position initialized
[INFO] [1790586528.953150084] [uav4.mavros]: Plugin manual_control ignored
[INFO] [1790586528.953156060] [uav4.mavros]: Plugin nav_controller_output ignored
[INFO] [1790586528.953161138] [uav4.mavros]: Plugin param ignored
[INFO] [1790586528.953166627] [uav4.mavros]: Plugin rallypoint ignored
[INFO] [1790586528.953172537] [uav4.mavros]: Plugin rc_io ignored
[INFO] [1790586528.953179373] [uav4.mavros]: Plugin setpoint_accel ignored
[INFO] [1790586528.953190996] [uav4.mavros]: Plugin setpoint_attitude ignored
[INFO] [1790586528.953196580] [uav4.mavros]: Plugin setpoint_position ignored
[INFO] [1790586528.953202834] [uav4.mavros]: Plugin setpoint_raw ignored
[INFO] [1790586528.953210161] [uav4.mavros]: Plugin setpoint_trajectory ignored
[INFO] [1790586529.231606258] [uav4.mavros]: Plugin setpoint_velocity created
[INFO] [1790586529.232006464] [uav4.mavros]: Plugin setpoint_velocity initialized
[INFO] [1790586529.466710474] [uav4.mavros]: Plugin sys_status created
[INFO] [1790586529.466892247] [uav4.mavros]: Plugin sys_status initialized
[INFO] [1790586529.557657256] [uav4.mavros.time]: TM: Timesync mode: MAVLINK
[INFO] [1790586529.570596972] [uav4.mavros]: Plugin sys_time created
[INFO] [1790586529.570658818] [uav4.mavros]: Plugin sys_time initialized
[INFO] [1790586529.570672893] [uav4.mavros]: Plugin waypoint ignored
[INFO] [1790586529.571796470] [uav4.mavros]: Plugin wind_estimation ignored
[INFO] [1790586529.576067682] [uav4.mavros]: Built-in SIMD instructions: SSE, SSE2
[INFO] [1790586529.576119268] [uav4.mavros]: Built-in MAVLink package version: 2026.8.8
[INFO] [1790586529.577467575] [uav4.mavros]: Known MAVLink dialects: common ardupilotmega ASLUAV AVSSUAS all csAirLink cubepilot development icarous loweheiser marsh paparazzi standard stemstudios storm32 uAvionix ualberta
[INFO] [1790586529.577482984] [uav4.mavros]: MAVROS UAS via /uas4 started. MY ID 4.191, TARGET ID 4.1
[INFO] [1790586529.669987328] [uav4.mavros_router]: link[1001] detected remote address 4.191
[INFO] [1790586529.877710689] [uav4.mavros]: CON: Got HEARTBEAT, connected. FCU: PX4 Autopilot
[INFO] [1790586530.918308689] [uav4.mavros.sys]: VER: 4.1: Capabilities         0x000000000000e8ff
[INFO] [1790586530.918497026] [uav4.mavros.sys]: VER: 4.1: Flight software:     011200c0 (fca3df865a000000)
[INFO] [1790586530.918510373] [uav4.mavros.sys]: VER: 4.1: Middleware software: 011200c0 (fca3df865a000000)
[INFO] [1790586530.918516505] [uav4.mavros.sys]: VER: 4.1: OS software:         070000ff (17040b9f87cb1791)
[INFO] [1790586530.918521455] [uav4.mavros.sys]: VER: 4.1: Board hardware:      00000001
[INFO] [1790586530.918535444] [uav4.mavros.sys]: VER: 4.1: VID/PID:             0000:0000
[INFO] [1790586530.918542328] [uav4.mavros.sys]: VER: 4.1: UID:                 4954414c44494e52
[WARN] [1790586530.920518731] [uav4.mavros.cmd]: CMD: Unexpected command 512, result 0
[WARN] [1790586539.263963824] [uav4.mavros.sys]: FCU: UNK(8): EVENT 11047904 with args -0-0-0-0-0-128-0-0-0-176-122-127-128-176-122-127-128-0-0-0-0-0-0-0-0-0-0-0-0-0-0-0-0-0-0-0-0-0-0-0-
[INFO] [1790586539.264091075] [uav4.mavros.sys]: FCU: EVENT 377561 with args -8-0-0-0-20-0-0-0-0-0-0-0-0-0-0-0-0-0-0-0-0-0-0-0-0-0-0-0-0-0-0-0-0-0-0-0-0-0-0-0-
[WARN] [1790586539.264136871] [uav4.mavros.sys]: FCU: EVENT 453929 with args -255-255-255-255-7-0-0-0-0-0-0-0-0-0-0-0-0-0-0-0-0-0-0-0-0-0-0-0-0-0-0-0-0-0-0-0-0-0-0-0-
[INFO] [1790586539.264173769] [uav4.mavros.sys]: FCU: EVENT 6801787 with args -255-255-255-255-12-0-0-0-0-0-0-0-0-0-0-0-0-0-0-0-0-0-0-0-0-0-0-0-0-0-0-0-0-0-0-0-0-0-0-0-
[WARN] [1790586539.264211478] [uav4.mavros.sys]: FCU: UNK(8): EVENT 1914663 with args -0-10-13-2-56-0-0-0-0-0-0-0-0-0-0-0-0-0-0-0-0-0-0-0-0-0-0-0-0-0-0-0-0-0-0-0-0-0-0-0-
[WARN] [1790586544.365577990] [uav4.mavros.cmd]: CMD: Unexpected command 176, result 0
[INFO] [1790586545.308664353] [uav4.mavros.sys]: FCU: EVENT 9489139 with args -4-0-0-0-0-0-0-0-0-0-0-0-0-0-0-0-0-0-0-0-0-0-0-0-0-0-0-0-0-0-0-0-0-0-0-0-0-0-0-0-
[INFO] [1790586547.311829206] [uav4.mavros.sys]: FCU: EVENT 4277609 with args -0-0-0-0-0-0-0-0-0-0-0-0-0-0-0-0-0-0-0-0-0-0-0-0-0-0-0-0-0-0-0-0-0-0-0-0-0-0-0-0-
[WARN] [1790586800.498873636] [uav4.mavros.cmd]: CMD: Unexpected command 176, result 0
[INFO] [1790586831.907761139] [uav4.mavros.sys]: FCU: EVENT 9844908 with args -0-0-0-0-0-0-0-0-0-0-0-0-0-0-0-0-0-0-0-0-0-0-0-0-0-0-0-0-0-0-0-0-0-0-0-0-0-0-0-0-
[INFO] [1790586834.034263536] [uav4.mavros.sys]: FCU: EVENT 16017271 with args -6-0-0-0-0-0-0-0-0-0-0-0-0-0-0-0-0-0-0-0-0-0-0-0-0-0-0-0-0-0-0-0-0-0-0-0-0-0-0-0-
[WARN] [1790586837.782041518] [uav4.mavros.sys]: FCU: UNK(8): EVENT 11047904 with args -0-0-0-0-0-128-0-0-0-176-122-127-128-176-122-127-128-0-0-0-0-0-0-0-0-0-0-0-0-0-0-0-0-0-0-0-0-0-0-0-
[INFO] [1790586837.782147853] [uav4.mavros.sys]: FCU: EVENT 377561 with args -8-0-0-0-20-0-0-0-0-0-0-0-0-0-0-0-0-0-0-0-0-0-0-0-0-0-0-0-0-0-0-0-0-0-0-0-0-0-0-0-
[WARN] [1790586837.782223704] [uav4.mavros.sys]: FCU: EVENT 453929 with args -255-255-255-255-7-0-0-0-0-0-0-0-0-0-0-0-0-0-0-0-0-0-0-0-0-0-0-0-0-0-0-0-0-0-0-0-0-0-0-0-
[INFO] [1790586837.782297721] [uav4.mavros.sys]: FCU: EVENT 6801787 with args -255-255-255-255-12-0-0-0-0-0-0-0-0-0-0-0-0-0-0-0-0-0-0-0-0-0-0-0-0-0-0-0-0-0-0-0-0-0-0-0-
[WARN] [1790586837.782343014] [uav4.mavros.sys]: FCU: UNK(8): EVENT 1914663 with args -0-10-9-2-56-0-0-0-0-0-0-0-0-0-0-0-0-0-0-0-0-0-0-0-0-0-0-0-0-0-0-0-0-0-0-0-0-0-0-0-
[INFO] [1790586843.208047177] [rclcpp]: signal_handler(SIGINT/SIGTERM)
[WARN] [1790586843.212003558] [uav4.mavros]: UAS Executor terminated
