[INFO] [1790586527.381059178] [uav7.mavros_node]: Starting mavros_node container
[INFO] [1790586527.381630331] [uav7.mavros_node]: FCU URL: udp://:14546@127.0.0.1:14586
[INFO] [1790586527.381655906] [uav7.mavros_node]: GCS URL: 
[INFO] [1790586527.381662119] [uav7.mavros_node]: UAS Prefix: /uas7
[INFO] [1790586527.381667041] [uav7.mavros_node]: Starting mavros router node
[INFO] [1790586527.407542705] [uav7.mavros_router]: Built-in SIMD instructions: SSE, SSE2
[INFO] [1790586527.407761201] [uav7.mavros_router]: Built-in MAVLink package version: 2026.8.8
[INFO] [1790586527.407780519] [uav7.mavros_router]: Known MAVLink dialects: common ardupilotmega ASLUAV AVSSUAS all csAirLink cubepilot development icarous loweheiser marsh paparazzi standard stemstudios storm32 uAvionix ualberta
[INFO] [1790586527.407788135] [uav7.mavros_router]: MAVROS Router started
[INFO] [1790586527.408720539] [uav7.mavros_node]: Starting mavros uas node
[INFO] [1790586527.552935022] [uav7.mavros_router]: Requested to add endpoint: type: 0, url: udp://:14546@127.0.0.1:14586
[INFO] [1790586527.553021103] [uav7.mavros_router]: Endpoint link[1000] created
[INFO] [1790586527.556595115] [uav7.mavros_router]: link[1000] opened successfully
[INFO] [1790586527.557338376] [uav7.mavros_router]: Requested to add endpoint: type: 2, url: /uas7
[INFO] [1790586527.558348196] [uav7.mavros_router]: Endpoint link[1001] created
[INFO] [1790586527.563012479] [uav7.mavros_router]: link[1000] detected remote address 7.1
[INFO] [1790586527.577448729] [uav7.mavros]: Plugin actuator_control ignored
[INFO] [1790586527.577477562] [uav7.mavros]: UAS Executor started, threads: 4
[INFO] [1790586527.578773632] [uav7.mavros]: Plugin altitude ignored
[INFO] [1790586527.640780005] [uav7.mavros_router]: link[1001] opened successfully
[INFO] [1790586527.783723186] [uav7.mavros]: Plugin command created
[INFO] [1790586527.783776180] [uav7.mavros]: Plugin command initialized
[INFO] [1790586527.783786244] [uav7.mavros]: Plugin ftp ignored
[INFO] [1790586527.783791876] [uav7.mavros]: Plugin geofence ignored
[INFO] [1790586527.972989546] [uav7.mavros]: Plugin global_position created
[INFO] [1790586527.973053330] [uav7.mavros]: Plugin global_position initialized
[INFO] [1790586527.973065005] [uav7.mavros]: Plugin home_position ignored
[INFO] [1790586527.973070601] [uav7.mavros]: Plugin imu ignored
[INFO] [1790586528.245000256] [uav7.mavros]: Plugin local_position created
[INFO] [1790586528.245071408] [uav7.mavros]: Plugin local_position initialized
[INFO] [1790586528.245082936] [uav7.mavros]: Plugin manual_control ignored
[INFO] [1790586528.245088620] [uav7.mavros]: Plugin nav_controller_output ignored
[INFO] [1790586528.245094211] [uav7.mavros]: Plugin param ignored
[INFO] [1790586528.245099491] [uav7.mavros]: Plugin rallypoint ignored
[INFO] [1790586528.245104846] [uav7.mavros]: Plugin rc_io ignored
[INFO] [1790586528.245110897] [uav7.mavros]: Plugin setpoint_accel ignored
[INFO] [1790586528.245117247] [uav7.mavros]: Plugin setpoint_attitude ignored
[INFO] [1790586528.245123406] [uav7.mavros]: Plugin setpoint_position ignored
[INFO] [1790586528.245129675] [uav7.mavros]: Plugin setpoint_raw ignored
[INFO] [1790586528.245135554] [uav7.mavros]: Plugin setpoint_trajectory ignored
[INFO] [1790586528.448855173] [uav7.mavros]: Plugin setpoint_velocity created
[INFO] [1790586528.457304336] [uav7.mavros]: Plugin setpoint_velocity initialized
[INFO] [1790586528.902376621] [uav7.mavros]: Plugin sys_status created
[INFO] [1790586528.902610767] [uav7.mavros]: Plugin sys_status initialized
[INFO] [1790586529.058922647] [uav7.mavros.time]: TM: Timesync mode: MAVLINK
[INFO] [1790586529.123344708] [uav7.mavros]: Plugin sys_time created
[INFO] [1790586529.123408017] [uav7.mavros]: Plugin sys_time initialized
[INFO] [1790586529.123416714] [uav7.mavros]: Plugin waypoint ignored
[INFO] [1790586529.123421672] [uav7.mavros]: Plugin wind_estimation ignored
[INFO] [1790586529.164515816] [uav7.mavros]: Built-in SIMD instructions: SSE, SSE2
[INFO] [1790586529.164558508] [uav7.mavros]: Built-in MAVLink package version: 2026.8.8
[INFO] [1790586529.164595779] [uav7.mavros]: Known MAVLink dialects: common ardupilotmega ASLUAV AVSSUAS all csAirLink cubepilot development icarous loweheiser marsh paparazzi standard stemstudios storm32 uAvionix ualberta
[INFO] [1790586529.164605293] [uav7.mavros]: MAVROS UAS via /uas7 started. MY ID 7.191, TARGET ID 7.1
[INFO] [1790586529.198412213] [uav7.mavros_router]: link[1001] detected remote address 7.191
[INFO] [1790586529.835071986] [uav7.mavros]: CON: Got HEARTBEAT, connected. FCU: PX4 Autopilot
[WARN] [1790586529.903058223] [uav7.mavros.sys]: FCU: UNK(8): EVENT 11047904 with args -0-0-0-16-0-128-0-0-0-176-58-127-128-176-58-127-128-0-0-0-0-0-0-0-0-0-0-0-0-0-0-0-0-0-0-0-0-0-0-0-
[ERROR] [1790586529.903146181] [uav7.mavros.sys]: FCU: EVENT 11464574 with args -0-64-0-0-20-0-0-0-0-0-0-0-0-0-0-0-0-0-0-0-0-0-0-0-0-0-0-0-0-0-0-0-0-0-0-0-0-0-0-0-
[INFO] [1790586529.903204811] [uav7.mavros.sys]: FCU: EVENT 377561 with args -8-0-0-0-20-0-0-0-0-0-0-0-0-0-0-0-0-0-0-0-0-0-0-0-0-0-0-0-0-0-0-0-0-0-0-0-0-0-0-0-
[WARN] [1790586529.903244543] [uav7.mavros.sys]: FCU: EVENT 453929 with args -255-255-255-255-7-0-0-0-0-0-0-0-0-0-0-0-0-0-0-0-0-0-0-0-0-0-0-0-0-0-0-0-0-0-0-0-0-0-0-0-
[INFO] [1790586529.903289168] [uav7.mavros.sys]: FCU: EVENT 6801787 with args -255-255-255-255-12-0-0-0-0-0-0-0-0-0-0-0-0-0-0-0-0-0-0-0-0-0-0-0-0-0-0-0-0-0-0-0-0-0-0-0-
[WARN] [1790586529.903331871] [uav7.mavros.sys]: FCU: UNK(8): EVENT 1914663 with args -0-10-13-2-56-0-0-0-0-0-0-0-0-0-0-0-0-0-0-0-0-0-0-0-0-0-0-0-0-0-0-0-0-0-0-0-0-0-0-0-
[INFO] [1790586530.865856349] [uav7.mavros.sys]: VER: 7.1: Capabilities         0x000000000000e8ff
[INFO] [1790586530.865919990] [uav7.mavros.sys]: VER: 7.1: Flight software:     011200c0 (fca3df865a000000)
[INFO] [1790586530.865928065] [uav7.mavros.sys]: VER: 7.1: Middleware software: 011200c0 (fca3df865a000000)
[INFO] [1790586530.865932983] [uav7.mavros.sys]: VER: 7.1: OS software:         070000ff (17040b9f87cb1791)
[INFO] [1790586530.865937924] [uav7.mavros.sys]: VER: 7.1: Board hardware:      00000001
[INFO] [1790586530.865943127] [uav7.mavros.sys]: VER: 7.1: VID/PID:             0000:0000
[INFO] [1790586530.865948407] [uav7.mavros.sys]: VER: 7.1: UID:                 4954414c44494e55
[WARN] [1790586530.868253408] [uav7.mavros.cmd]: CMD: Unexpected command 512, result 0
[WARN] [1790586541.243685456] [uav7.mavros.sys]: FCU: UNK(8): EVENT 11047904 with args -0-0-0-0-0-128-0-0-0-176-122-127-128-176-122-127-128-0-0-0-0-0-0-0-0-0-0-0-0-0-0-0-0-0-0-0-0-0-0-0-
[INFO] [1790586541.243785455] [uav7.mavros.sys]: FCU: EVENT 377561 with args -8-0-0-0-20-0-0-0-0-0-0-0-0-0-0-0-0-0-0-0-0-0-0-0-0-0-0-0-0-0-0-0-0-0-0-0-0-0-0-0-
[WARN] [1790586541.243846865] [uav7.mavros.sys]: FCU: EVENT 453929 with args -255-255-255-255-7-0-0-0-0-0-0-0-0-0-0-0-0-0-0-0-0-0-0-0-0-0-0-0-0-0-0-0-0-0-0-0-0-0-0-0-
[INFO] [1790586541.243888583] [uav7.mavros.sys]: FCU: EVENT 6801787 with args -255-255-255-255-12-0-0-0-0-0-0-0-0-0-0-0-0-0-0-0-0-0-0-0-0-0-0-0-0-0-0-0-0-0-0-0-0-0-0-0-
[WARN] [1790586541.243928607] [uav7.mavros.sys]: FCU: UNK(8): EVENT 1914663 with args -0-10-13-2-56-0-0-0-0-0-0-0-0-0-0-0-0-0-0-0-0-0-0-0-0-0-0-0-0-0-0-0-0-0-0-0-0-0-0-0-
[WARN] [1790586544.351954109] [uav7.mavros.cmd]: CMD: Unexpected command 176, result 0
[INFO] [1790586545.381905858] [uav7.mavros.sys]: FCU: EVENT 9489139 with args -4-0-0-0-0-0-0-0-0-0-0-0-0-0-0-0-0-0-0-0-0-0-0-0-0-0-0-0-0-0-0-0-0-0-0-0-0-0-0-0-
[INFO] [1790586547.173379199] [uav7.mavros.sys]: FCU: EVENT 4277609 with args -0-0-0-0-0-0-0-0-0-0-0-0-0-0-0-0-0-0-0-0-0-0-0-0-0-0-0-0-0-0-0-0-0-0-0-0-0-0-0-0-
[WARN] [1790586800.485074708] [uav7.mavros.cmd]: CMD: Unexpected command 176, result 0
[INFO] [1790586837.997657217] [uav7.mavros.sys]: FCU: EVENT 9844908 with args -0-0-0-0-0-0-0-0-0-0-0-0-0-0-0-0-0-0-0-0-0-0-0-0-0-0-0-0-0-0-0-0-0-0-0-0-0-0-0-0-
[INFO] [1790586840.108203725] [uav7.mavros.sys]: FCU: EVENT 16017271 with args -6-0-0-0-0-0-0-0-0-0-0-0-0-0-0-0-0-0-0-0-0-0-0-0-0-0-0-0-0-0-0-0-0-0-0-0-0-0-0-0-
[INFO] [1790586843.204067337] [rclcpp]: signal_handler(SIGINT/SIGTERM)
[WARN] [1790586843.206843376] [uav7.mavros]: UAS Executor terminated
