[INFO] [1790598283.554884243] [uav9.mavros_node]: Starting mavros_node container
[INFO] [1790598283.557462727] [uav9.mavros_node]: FCU URL: udp://:14548@127.0.0.1:14588
[INFO] [1790598283.557473974] [uav9.mavros_node]: GCS URL: 
[INFO] [1790598283.557479266] [uav9.mavros_node]: UAS Prefix: /uas9
[INFO] [1790598283.557484244] [uav9.mavros_node]: Starting mavros router node
[INFO] [1790598283.662350201] [uav9.mavros_router]: Built-in SIMD instructions: SSE, SSE2
[INFO] [1790598283.662406038] [uav9.mavros_router]: Built-in MAVLink package version: 2026.8.8
[INFO] [1790598283.662417452] [uav9.mavros_router]: Known MAVLink dialects: common ardupilotmega ASLUAV AVSSUAS all csAirLink cubepilot development icarous loweheiser marsh paparazzi standard stemstudios storm32 uAvionix ualberta
[INFO] [1790598283.662739670] [uav9.mavros_router]: MAVROS Router started
[INFO] [1790598283.662912597] [uav9.mavros_node]: Starting mavros uas node
[INFO] [1790598283.867779184] [uav9.mavros_router]: Requested to add endpoint: type: 0, url: udp://:14548@127.0.0.1:14588
[INFO] [1790598283.867857872] [uav9.mavros_router]: Endpoint link[1000] created
[INFO] [1790598283.870530616] [uav9.mavros_router]: link[1000] opened successfully
[INFO] [1790598283.871663815] [uav9.mavros_router]: link[1000] detected remote address 9.1
[WARN] [1790598283.871717227] [uav9.mavros_router]: Message dropped: msgid: 30, source: 9.1, target: 0.0
[INFO] [1790598283.871739395] [uav9.mavros_router]: Requested to add endpoint: type: 2, url: /uas9
[INFO] [1790598283.871763205] [uav9.mavros_router]: Endpoint link[1001] created
[INFO] [1790598283.894177844] [uav9.mavros]: Plugin actuator_control ignored
[INFO] [1790598283.894240737] [uav9.mavros]: Plugin altitude ignored
[INFO] [1790598283.894185098] [uav9.mavros]: UAS Executor started, threads: 4
[INFO] [1790598283.930527427] [uav9.mavros_router]: link[1001] opened successfully
[INFO] [1790598284.116642702] [uav9.mavros]: Plugin command created
[INFO] [1790598284.116721802] [uav9.mavros]: Plugin command initialized
[INFO] [1790598284.116732988] [uav9.mavros]: Plugin ftp ignored
[INFO] [1790598284.116738567] [uav9.mavros]: Plugin geofence ignored
[INFO] [1790598284.312497037] [uav9.mavros]: Plugin global_position created
[INFO] [1790598284.319389125] [uav9.mavros]: Plugin global_position initialized
[INFO] [1790598284.319423572] [uav9.mavros]: Plugin home_position ignored
[INFO] [1790598284.319431118] [uav9.mavros]: Plugin imu ignored
[INFO] [1790598284.603592622] [uav9.mavros]: Plugin local_position created
[INFO] [1790598284.603657117] [uav9.mavros]: Plugin local_position initialized
[INFO] [1790598284.603667501] [uav9.mavros]: Plugin manual_control ignored
[INFO] [1790598284.603673303] [uav9.mavros]: Plugin nav_controller_output ignored
[INFO] [1790598284.603678772] [uav9.mavros]: Plugin param ignored
[INFO] [1790598284.603684441] [uav9.mavros]: Plugin rallypoint ignored
[INFO] [1790598284.603689596] [uav9.mavros]: Plugin rc_io ignored
[INFO] [1790598284.603694857] [uav9.mavros]: Plugin setpoint_accel ignored
[INFO] [1790598284.603699960] [uav9.mavros]: Plugin setpoint_attitude ignored
[INFO] [1790598284.603705260] [uav9.mavros]: Plugin setpoint_position ignored
[INFO] [1790598284.603710621] [uav9.mavros]: Plugin setpoint_raw ignored
[INFO] [1790598284.603715663] [uav9.mavros]: Plugin setpoint_trajectory ignored
[INFO] [1790598285.160528986] [uav9.mavros]: Plugin setpoint_velocity created
[INFO] [1790598285.160594544] [uav9.mavros]: Plugin setpoint_velocity initialized
[INFO] [1790598285.573802302] [uav9.mavros]: Plugin sys_status created
[INFO] [1790598285.573888086] [uav9.mavros]: Plugin sys_status initialized
[INFO] [1790598285.759411270] [uav9.mavros.time]: TM: Timesync mode: MAVLINK
[INFO] [1790598285.784894466] [uav9.mavros]: Plugin sys_time created
[INFO] [1790598285.784966005] [uav9.mavros]: Plugin sys_time initialized
[INFO] [1790598285.784978387] [uav9.mavros]: Plugin waypoint ignored
[INFO] [1790598285.784983903] [uav9.mavros]: Plugin wind_estimation ignored
[INFO] [1790598285.793114885] [uav9.mavros]: Built-in SIMD instructions: SSE, SSE2
[INFO] [1790598285.793196563] [uav9.mavros]: Built-in MAVLink package version: 2026.8.8
[INFO] [1790598285.793205534] [uav9.mavros]: Known MAVLink dialects: common ardupilotmega ASLUAV AVSSUAS all csAirLink cubepilot development icarous loweheiser marsh paparazzi standard stemstudios storm32 uAvionix ualberta
[INFO] [1790598285.793212682] [uav9.mavros]: MAVROS UAS via /uas9 started. MY ID 9.191, TARGET ID 9.1
[INFO] [1790598285.800501360] [uav9.mavros_router]: link[1001] detected remote address 9.191
[WARN] [1790598285.904821035] [uav9.mavros.sys]: FCU: UNK(8): EVENT 11047904 with args -0-0-0-16-0-128-0-0-0-176-58-127-128-176-58-127-128-0-0-0-0-0-0-0-0-0-0-0-0-0-0-0-0-0-0-0-0-0-0-0-
[ERROR] [1790598285.904930545] [uav9.mavros.sys]: FCU: EVENT 11464574 with args -0-64-0-0-20-0-0-0-0-0-0-0-0-0-0-0-0-0-0-0-0-0-0-0-0-0-0-0-0-0-0-0-0-0-0-0-0-0-0-0-
[INFO] [1790598285.904993704] [uav9.mavros.sys]: FCU: EVENT 377561 with args -8-0-0-0-20-0-0-0-0-0-0-0-0-0-0-0-0-0-0-0-0-0-0-0-0-0-0-0-0-0-0-0-0-0-0-0-0-0-0-0-
[WARN] [1790598285.905034796] [uav9.mavros.sys]: FCU: EVENT 453929 with args -255-255-255-255-7-0-0-0-0-0-0-0-0-0-0-0-0-0-0-0-0-0-0-0-0-0-0-0-0-0-0-0-0-0-0-0-0-0-0-0-
[INFO] [1790598285.905070745] [uav9.mavros.sys]: FCU: EVENT 6801787 with args -255-255-255-255-12-0-0-0-0-0-0-0-0-0-0-0-0-0-0-0-0-0-0-0-0-0-0-0-0-0-0-0-0-0-0-0-0-0-0-0-
[WARN] [1790598285.905103965] [uav9.mavros.sys]: FCU: UNK(8): EVENT 1914663 with args -0-10-13-2-56-0-0-0-0-0-0-0-0-0-0-0-0-0-0-0-0-0-0-0-0-0-0-0-0-0-0-0-0-0-0-0-0-0-0-0-
[INFO] [1790598285.907416770] [uav9.mavros]: CON: Got HEARTBEAT, connected. FCU: PX4 Autopilot
[INFO] [1790598286.945922871] [uav9.mavros.sys]: VER: 9.1: Capabilities         0x000000000000e8ff
[INFO] [1790598286.945992419] [uav9.mavros.sys]: VER: 9.1: Flight software:     011200c0 (fca3df865a000000)
[INFO] [1790598286.949070682] [uav9.mavros.sys]: VER: 9.1: Middleware software: 011200c0 (fca3df865a000000)
[INFO] [1790598286.949083678] [uav9.mavros.sys]: VER: 9.1: OS software:         070000ff (17040b9f87cb1791)
[INFO] [1790598286.949090277] [uav9.mavros.sys]: VER: 9.1: Board hardware:      00000001
[INFO] [1790598286.949096508] [uav9.mavros.sys]: VER: 9.1: VID/PID:             0000:0000
[INFO] [1790598286.949102158] [uav9.mavros.sys]: VER: 9.1: UID:                 4954414c44494e57
[WARN] [1790598286.953042308] [uav9.mavros.cmd]: CMD: Unexpected command 512, result 0
[WARN] [1790598297.261655792] [uav9.mavros.sys]: FCU: UNK(8): EVENT 11047904 with args -0-0-0-0-0-128-0-0-0-176-122-127-128-176-122-127-128-0-0-0-0-0-0-0-0-0-0-0-0-0-0-0-0-0-0-0-0-0-0-0-
[INFO] [1790598297.261765088] [uav9.mavros.sys]: FCU: EVENT 377561 with args -8-0-0-0-20-0-0-0-0-0-0-0-0-0-0-0-0-0-0-0-0-0-0-0-0-0-0-0-0-0-0-0-0-0-0-0-0-0-0-0-
[WARN] [1790598297.261829684] [uav9.mavros.sys]: FCU: EVENT 453929 with args -255-255-255-255-7-0-0-0-0-0-0-0-0-0-0-0-0-0-0-0-0-0-0-0-0-0-0-0-0-0-0-0-0-0-0-0-0-0-0-0-
[INFO] [1790598297.264688199] [uav9.mavros.sys]: FCU: EVENT 6801787 with args -255-255-255-255-12-0-0-0-0-0-0-0-0-0-0-0-0-0-0-0-0-0-0-0-0-0-0-0-0-0-0-0-0-0-0-0-0-0-0-0-
[WARN] [1790598297.264735827] [uav9.mavros.sys]: FCU: UNK(8): EVENT 1914663 with args -0-10-13-2-56-0-0-0-0-0-0-0-0-0-0-0-0-0-0-0-0-0-0-0-0-0-0-0-0-0-0-0-0-0-0-0-0-0-0-0-
[WARN] [1790598301.394849645] [uav9.mavros.cmd]: CMD: Unexpected command 176, result 0
[INFO] [1790598302.433954083] [uav9.mavros.sys]: FCU: EVENT 9489139 with args -4-0-0-0-0-0-0-0-0-0-0-0-0-0-0-0-0-0-0-0-0-0-0-0-0-0-0-0-0-0-0-0-0-0-0-0-0-0-0-0-
[INFO] [1790598304.373193276] [uav9.mavros.sys]: FCU: EVENT 4277609 with args -0-0-0-0-0-0-0-0-0-0-0-0-0-0-0-0-0-0-0-0-0-0-0-0-0-0-0-0-0-0-0-0-0-0-0-0-0-0-0-0-
[WARN] [1790598556.246825693] [uav9.mavros.cmd]: CMD: Unexpected command 176, result 0
[INFO] [1790598588.201510943] [uav9.mavros.sys]: FCU: EVENT 9844908 with args -0-0-0-0-0-0-0-0-0-0-0-0-0-0-0-0-0-0-0-0-0-0-0-0-0-0-0-0-0-0-0-0-0-0-0-0-0-0-0-0-
[INFO] [1790598590.322677542] [uav9.mavros.sys]: FCU: EVENT 16017271 with args -6-0-0-0-0-0-0-0-0-0-0-0-0-0-0-0-0-0-0-0-0-0-0-0-0-0-0-0-0-0-0-0-0-0-0-0-0-0-0-0-
[WARN] [1790598593.708248452] [uav9.mavros.sys]: FCU: UNK(8): EVENT 11047904 with args -0-0-0-0-0-128-0-0-0-176-122-127-128-176-122-127-128-0-0-0-0-0-0-0-0-0-0-0-0-0-0-0-0-0-0-0-0-0-0-0-
[INFO] [1790598593.708363321] [uav9.mavros.sys]: FCU: EVENT 377561 with args -8-0-0-0-20-0-0-0-0-0-0-0-0-0-0-0-0-0-0-0-0-0-0-0-0-0-0-0-0-0-0-0-0-0-0-0-0-0-0-0-
[WARN] [1790598593.708429534] [uav9.mavros.sys]: FCU: EVENT 453929 with args -255-255-255-255-7-0-0-0-0-0-0-0-0-0-0-0-0-0-0-0-0-0-0-0-0-0-0-0-0-0-0-0-0-0-0-0-0-0-0-0-
[INFO] [1790598593.708469964] [uav9.mavros.sys]: FCU: EVENT 6801787 with args -255-255-255-255-12-0-0-0-0-0-0-0-0-0-0-0-0-0-0-0-0-0-0-0-0-0-0-0-0-0-0-0-0-0-0-0-0-0-0-0-
[WARN] [1790598593.708508903] [uav9.mavros.sys]: FCU: UNK(8): EVENT 1914663 with args -0-10-9-2-56-0-0-0-0-0-0-0-0-0-0-0-0-0-0-0-0-0-0-0-0-0-0-0-0-0-0-0-0-0-0-0-0-0-0-0-
[INFO] [1790598612.171342619] [rclcpp]: signal_handler(SIGINT/SIGTERM)
[WARN] [1790598612.178656616] [uav9.mavros]: UAS Executor terminated
