[INFO] [1790598283.532603653] [uav6.mavros_node]: Starting mavros_node container
[INFO] [1790598283.532713980] [uav6.mavros_node]: FCU URL: udp://:14545@127.0.0.1:14585
[INFO] [1790598283.532724736] [uav6.mavros_node]: GCS URL: 
[INFO] [1790598283.532729642] [uav6.mavros_node]: UAS Prefix: /uas6
[INFO] [1790598283.532734667] [uav6.mavros_node]: Starting mavros router node
[INFO] [1790598283.568588158] [uav6.mavros_router]: Built-in SIMD instructions: SSE, SSE2
[INFO] [1790598283.569015637] [uav6.mavros_router]: Built-in MAVLink package version: 2026.8.8
[INFO] [1790598283.569045022] [uav6.mavros_router]: Known MAVLink dialects: common ardupilotmega ASLUAV AVSSUAS all csAirLink cubepilot development icarous loweheiser marsh paparazzi standard stemstudios storm32 uAvionix ualberta
[INFO] [1790598283.569066540] [uav6.mavros_router]: MAVROS Router started
[INFO] [1790598283.569236607] [uav6.mavros_node]: Starting mavros uas node
[INFO] [1790598283.789190115] [uav6.mavros_router]: Requested to add endpoint: type: 0, url: udp://:14545@127.0.0.1:14585
[INFO] [1790598283.790881201] [uav6.mavros_router]: Endpoint link[1000] created
[INFO] [1790598283.794800219] [uav6.mavros_router]: link[1000] opened successfully
[INFO] [1790598283.794851926] [uav6.mavros_router]: Requested to add endpoint: type: 2, url: /uas6
[INFO] [1790598283.794873146] [uav6.mavros_router]: Endpoint link[1001] created
[INFO] [1790598283.799247434] [uav6.mavros_router]: link[1000] detected remote address 6.1
[INFO] [1790598283.815148818] [uav6.mavros]: Plugin actuator_control ignored
[INFO] [1790598283.815194948] [uav6.mavros]: Plugin altitude ignored
[INFO] [1790598283.816610736] [uav6.mavros]: UAS Executor started, threads: 4
[INFO] [1790598283.893348019] [uav6.mavros_router]: link[1001] opened successfully
[INFO] [1790598284.074869677] [uav6.mavros]: Plugin command created
[INFO] [1790598284.086076134] [uav6.mavros]: Plugin command initialized
[INFO] [1790598284.088731435] [uav6.mavros]: Plugin ftp ignored
[INFO] [1790598284.088749775] [uav6.mavros]: Plugin geofence ignored
[INFO] [1790598284.384867812] [uav6.mavros]: Plugin global_position created
[INFO] [1790598284.384944523] [uav6.mavros]: Plugin global_position initialized
[INFO] [1790598284.384956657] [uav6.mavros]: Plugin home_position ignored
[INFO] [1790598284.384962895] [uav6.mavros]: Plugin imu ignored
[INFO] [1790598284.660877987] [uav6.mavros]: Plugin local_position created
[INFO] [1790598284.660932007] [uav6.mavros]: Plugin local_position initialized
[INFO] [1790598284.660942151] [uav6.mavros]: Plugin manual_control ignored
[INFO] [1790598284.660948619] [uav6.mavros]: Plugin nav_controller_output ignored
[INFO] [1790598284.660955059] [uav6.mavros]: Plugin param ignored
[INFO] [1790598284.660961366] [uav6.mavros]: Plugin rallypoint ignored
[INFO] [1790598284.660967424] [uav6.mavros]: Plugin rc_io ignored
[INFO] [1790598284.660973495] [uav6.mavros]: Plugin setpoint_accel ignored
[INFO] [1790598284.660979728] [uav6.mavros]: Plugin setpoint_attitude ignored
[INFO] [1790598284.660986266] [uav6.mavros]: Plugin setpoint_position ignored
[INFO] [1790598284.660992655] [uav6.mavros]: Plugin setpoint_raw ignored
[INFO] [1790598284.660998648] [uav6.mavros]: Plugin setpoint_trajectory ignored
[INFO] [1790598284.831172562] [uav6.mavros]: Plugin setpoint_velocity created
[INFO] [1790598284.831233618] [uav6.mavros]: Plugin setpoint_velocity initialized
[INFO] [1790598285.369036044] [uav6.mavros]: Plugin sys_status created
[INFO] [1790598285.377186954] [uav6.mavros]: Plugin sys_status initialized
[INFO] [1790598285.567348186] [uav6.mavros.time]: TM: Timesync mode: MAVLINK
[INFO] [1790598285.599602338] [uav6.mavros]: Plugin sys_time created
[INFO] [1790598285.599666983] [uav6.mavros]: Plugin sys_time initialized
[INFO] [1790598285.599677965] [uav6.mavros]: Plugin waypoint ignored
[INFO] [1790598285.599684514] [uav6.mavros]: Plugin wind_estimation ignored
[INFO] [1790598285.617428817] [uav6.mavros]: Built-in SIMD instructions: SSE, SSE2
[INFO] [1790598285.617467280] [uav6.mavros]: Built-in MAVLink package version: 2026.8.8
[INFO] [1790598285.617499646] [uav6.mavros]: Known MAVLink dialects: common ardupilotmega ASLUAV AVSSUAS all csAirLink cubepilot development icarous loweheiser marsh paparazzi standard stemstudios storm32 uAvionix ualberta
[INFO] [1790598285.617507249] [uav6.mavros]: MAVROS UAS via /uas6 started. MY ID 6.191, TARGET ID 6.1
[INFO] [1790598285.657073054] [uav6.mavros_router]: link[1001] detected remote address 6.191
[INFO] [1790598285.979296258] [uav6.mavros]: CON: Got HEARTBEAT, connected. FCU: PX4 Autopilot
[INFO] [1790598287.040192702] [uav6.mavros.sys]: VER: 6.1: Capabilities         0x000000000000e8ff
[INFO] [1790598287.040250193] [uav6.mavros.sys]: VER: 6.1: Flight software:     011200c0 (fca3df865a000000)
[INFO] [1790598287.040261872] [uav6.mavros.sys]: VER: 6.1: Middleware software: 011200c0 (fca3df865a000000)
[INFO] [1790598287.040267273] [uav6.mavros.sys]: VER: 6.1: OS software:         070000ff (17040b9f87cb1791)
[INFO] [1790598287.040272047] [uav6.mavros.sys]: VER: 6.1: Board hardware:      00000001
[INFO] [1790598287.040277234] [uav6.mavros.sys]: VER: 6.1: VID/PID:             0000:0000
[INFO] [1790598287.040282249] [uav6.mavros.sys]: VER: 6.1: UID:                 4954414c44494e54
[WARN] [1790598287.040951354] [uav6.mavros.cmd]: CMD: Unexpected command 512, result 0
[WARN] [1790598294.720443640] [uav6.mavros.sys]: FCU: UNK(8): EVENT 11047904 with args -0-0-0-0-0-128-0-0-0-176-122-127-128-176-122-127-128-0-0-0-0-0-0-0-0-0-0-0-0-0-0-0-0-0-0-0-0-0-0-0-
[INFO] [1790598294.720534770] [uav6.mavros.sys]: FCU: EVENT 377561 with args -8-0-0-0-20-0-0-0-0-0-0-0-0-0-0-0-0-0-0-0-0-0-0-0-0-0-0-0-0-0-0-0-0-0-0-0-0-0-0-0-
[WARN] [1790598294.720573564] [uav6.mavros.sys]: FCU: EVENT 453929 with args -255-255-255-255-7-0-0-0-0-0-0-0-0-0-0-0-0-0-0-0-0-0-0-0-0-0-0-0-0-0-0-0-0-0-0-0-0-0-0-0-
[INFO] [1790598294.720616631] [uav6.mavros.sys]: FCU: EVENT 6801787 with args -255-255-255-255-12-0-0-0-0-0-0-0-0-0-0-0-0-0-0-0-0-0-0-0-0-0-0-0-0-0-0-0-0-0-0-0-0-0-0-0-
[WARN] [1790598294.720659391] [uav6.mavros.sys]: FCU: UNK(8): EVENT 1914663 with args -0-10-13-2-56-0-0-0-0-0-0-0-0-0-0-0-0-0-0-0-0-0-0-0-0-0-0-0-0-0-0-0-0-0-0-0-0-0-0-0-
[WARN] [1790598301.396670633] [uav6.mavros.cmd]: CMD: Unexpected command 176, result 0
[INFO] [1790598301.605657125] [uav6.mavros.sys]: FCU: EVENT 9489139 with args -4-0-0-0-0-0-0-0-0-0-0-0-0-0-0-0-0-0-0-0-0-0-0-0-0-0-0-0-0-0-0-0-0-0-0-0-0-0-0-0-
[INFO] [1790598303.564379860] [uav6.mavros.sys]: FCU: EVENT 4277609 with args -0-0-0-0-0-0-0-0-0-0-0-0-0-0-0-0-0-0-0-0-0-0-0-0-0-0-0-0-0-0-0-0-0-0-0-0-0-0-0-0-
[WARN] [1790598556.242149966] [uav6.mavros.cmd]: CMD: Unexpected command 176, result 0
[INFO] [1790598589.560713687] [uav6.mavros.sys]: FCU: EVENT 9844908 with args -0-0-0-0-0-0-0-0-0-0-0-0-0-0-0-0-0-0-0-0-0-0-0-0-0-0-0-0-0-0-0-0-0-0-0-0-0-0-0-0-
[INFO] [1790598591.700865680] [uav6.mavros.sys]: FCU: EVENT 16017271 with args -6-0-0-0-0-0-0-0-0-0-0-0-0-0-0-0-0-0-0-0-0-0-0-0-0-0-0-0-0-0-0-0-0-0-0-0-0-0-0-0-
[WARN] [1790598595.997707844] [uav6.mavros.sys]: FCU: UNK(8): EVENT 11047904 with args -0-0-0-0-0-128-0-0-0-176-122-127-128-176-122-127-128-0-0-0-0-0-0-0-0-0-0-0-0-0-0-0-0-0-0-0-0-0-0-0-
[INFO] [1790598595.997821264] [uav6.mavros.sys]: FCU: EVENT 377561 with args -8-0-0-0-20-0-0-0-0-0-0-0-0-0-0-0-0-0-0-0-0-0-0-0-0-0-0-0-0-0-0-0-0-0-0-0-0-0-0-0-
[WARN] [1790598595.997884435] [uav6.mavros.sys]: FCU: EVENT 453929 with args -255-255-255-255-7-0-0-0-0-0-0-0-0-0-0-0-0-0-0-0-0-0-0-0-0-0-0-0-0-0-0-0-0-0-0-0-0-0-0-0-
[INFO] [1790598595.997925999] [uav6.mavros.sys]: FCU: EVENT 6801787 with args -255-255-255-255-12-0-0-0-0-0-0-0-0-0-0-0-0-0-0-0-0-0-0-0-0-0-0-0-0-0-0-0-0-0-0-0-0-0-0-0-
[WARN] [1790598595.997969184] [uav6.mavros.sys]: FCU: UNK(8): EVENT 1914663 with args -0-10-9-2-56-0-0-0-0-0-0-0-0-0-0-0-0-0-0-0-0-0-0-0-0-0-0-0-0-0-0-0-0-0-0-0-0-0-0-0-
[INFO] [1790598612.166149510] [rclcpp]: signal_handler(SIGINT/SIGTERM)
[WARN] [1790598612.174920929] [uav6.mavros]: UAS Executor terminated
