[INFO] [1790598283.546038907] [uav3.mavros_node]: Starting mavros_node container
[INFO] [1790598283.546152980] [uav3.mavros_node]: FCU URL: udp://:14542@127.0.0.1:14582
[INFO] [1790598283.546164506] [uav3.mavros_node]: GCS URL: 
[INFO] [1790598283.546170607] [uav3.mavros_node]: UAS Prefix: /uas3
[INFO] [1790598283.546177073] [uav3.mavros_node]: Starting mavros router node
[INFO] [1790598283.614647240] [uav3.mavros_router]: Built-in SIMD instructions: SSE, SSE2
[INFO] [1790598283.614886008] [uav3.mavros_router]: Built-in MAVLink package version: 2026.8.8
[INFO] [1790598283.615005672] [uav3.mavros_router]: Known MAVLink dialects: common ardupilotmega ASLUAV AVSSUAS all csAirLink cubepilot development icarous loweheiser marsh paparazzi standard stemstudios storm32 uAvionix ualberta
[INFO] [1790598283.616644351] [uav3.mavros_router]: MAVROS Router started
[INFO] [1790598283.616849198] [uav3.mavros_node]: Starting mavros uas node
[INFO] [1790598283.793072628] [uav3.mavros_router]: Requested to add endpoint: type: 0, url: udp://:14542@127.0.0.1:14582
[INFO] [1790598283.793147348] [uav3.mavros_router]: Endpoint link[1000] created
[INFO] [1790598283.793397987] [uav3.mavros_router]: link[1000] opened successfully
[INFO] [1790598283.793418708] [uav3.mavros_router]: Requested to add endpoint: type: 2, url: /uas3
[INFO] [1790598283.793431574] [uav3.mavros_router]: Endpoint link[1001] created
[INFO] [1790598283.800781054] [uav3.mavros_router]: link[1000] detected remote address 3.1
[INFO] [1790598283.817486960] [uav3.mavros]: UAS Executor started, threads: 4
[INFO] [1790598283.817914344] [uav3.mavros]: Plugin actuator_control ignored
[INFO] [1790598283.817951309] [uav3.mavros]: Plugin altitude ignored
[INFO] [1790598283.883809070] [uav3.mavros_router]: link[1001] opened successfully
[INFO] [1790598284.091782592] [uav3.mavros]: Plugin command created
[INFO] [1790598284.091851932] [uav3.mavros]: Plugin command initialized
[INFO] [1790598284.091863375] [uav3.mavros]: Plugin ftp ignored
[INFO] [1790598284.091872857] [uav3.mavros]: Plugin geofence ignored
[INFO] [1790598284.248432359] [uav3.mavros]: Plugin global_position created
[INFO] [1790598284.251412892] [uav3.mavros]: Plugin global_position initialized
[INFO] [1790598284.251424982] [uav3.mavros]: Plugin home_position ignored
[INFO] [1790598284.251430452] [uav3.mavros]: Plugin imu ignored
[INFO] [1790598284.425104618] [uav3.mavros]: Plugin local_position created
[INFO] [1790598284.425166962] [uav3.mavros]: Plugin local_position initialized
[INFO] [1790598284.425178529] [uav3.mavros]: Plugin manual_control ignored
[INFO] [1790598284.425184168] [uav3.mavros]: Plugin nav_controller_output ignored
[INFO] [1790598284.425189482] [uav3.mavros]: Plugin param ignored
[INFO] [1790598284.425194956] [uav3.mavros]: Plugin rallypoint ignored
[INFO] [1790598284.425200296] [uav3.mavros]: Plugin rc_io ignored
[INFO] [1790598284.425206082] [uav3.mavros]: Plugin setpoint_accel ignored
[INFO] [1790598284.425211350] [uav3.mavros]: Plugin setpoint_attitude ignored
[INFO] [1790598284.425216369] [uav3.mavros]: Plugin setpoint_position ignored
[INFO] [1790598284.425221633] [uav3.mavros]: Plugin setpoint_raw ignored
[INFO] [1790598284.425227546] [uav3.mavros]: Plugin setpoint_trajectory ignored
[INFO] [1790598284.529448539] [uav3.mavros]: Plugin setpoint_velocity created
[INFO] [1790598284.529510311] [uav3.mavros]: Plugin setpoint_velocity initialized
[INFO] [1790598284.832157908] [uav3.mavros]: Plugin sys_status created
[INFO] [1790598284.832224675] [uav3.mavros]: Plugin sys_status initialized
[INFO] [1790598284.993495470] [uav3.mavros.time]: TM: Timesync mode: MAVLINK
[INFO] [1790598285.003741845] [uav3.mavros]: Plugin sys_time created
[INFO] [1790598285.003799954] [uav3.mavros]: Plugin sys_time initialized
[INFO] [1790598285.003812489] [uav3.mavros]: Plugin waypoint ignored
[INFO] [1790598285.003819281] [uav3.mavros]: Plugin wind_estimation ignored
[INFO] [1790598285.007964054] [uav3.mavros]: Built-in SIMD instructions: SSE, SSE2
[INFO] [1790598285.008004374] [uav3.mavros]: Built-in MAVLink package version: 2026.8.8
[INFO] [1790598285.008035500] [uav3.mavros]: Known MAVLink dialects: common ardupilotmega ASLUAV AVSSUAS all csAirLink cubepilot development icarous loweheiser marsh paparazzi standard stemstudios storm32 uAvionix ualberta
[INFO] [1790598285.008044161] [uav3.mavros]: MAVROS UAS via /uas3 started. MY ID 3.191, TARGET ID 3.1
[INFO] [1790598285.042083435] [uav3.mavros_router]: link[1001] detected remote address 3.191
[INFO] [1790598285.881507682] [uav3.mavros.sys]: VER: 3.1: Capabilities         0x000000000000e8ff
[INFO] [1790598285.881570850] [uav3.mavros.sys]: VER: 3.1: Flight software:     011200c0 (fca3df865a000000)
[INFO] [1790598285.881585058] [uav3.mavros.sys]: VER: 3.1: Middleware software: 011200c0 (fca3df865a000000)
[INFO] [1790598285.881591956] [uav3.mavros.sys]: VER: 3.1: OS software:         070000ff (17040b9f87cb1791)
[INFO] [1790598285.881596470] [uav3.mavros.sys]: VER: 3.1: Board hardware:      00000001
[INFO] [1790598285.881601714] [uav3.mavros.sys]: VER: 3.1: VID/PID:             0000:0000
[INFO] [1790598285.881606421] [uav3.mavros.sys]: VER: 3.1: UID:                 4954414c44494e51
[WARN] [1790598285.887596937] [uav3.mavros.cmd]: CMD: Unexpected command 512, result 0
[INFO] [1790598286.025381907] [uav3.mavros]: CON: Got HEARTBEAT, connected. FCU: PX4 Autopilot
[INFO] [1790598287.058688662] [uav3.mavros.sys]: VER: 3.1: Capabilities         0x000000000000e8ff
[INFO] [1790598287.058743666] [uav3.mavros.sys]: VER: 3.1: Flight software:     011200c0 (fca3df865a000000)
[INFO] [1790598287.058752325] [uav3.mavros.sys]: VER: 3.1: Middleware software: 011200c0 (fca3df865a000000)
[INFO] [1790598287.058758166] [uav3.mavros.sys]: VER: 3.1: OS software:         070000ff (17040b9f87cb1791)
[INFO] [1790598287.058763675] [uav3.mavros.sys]: VER: 3.1: Board hardware:      00000001
[INFO] [1790598287.058769238] [uav3.mavros.sys]: VER: 3.1: VID/PID:             0000:0000
[INFO] [1790598287.058775207] [uav3.mavros.sys]: VER: 3.1: UID:                 4954414c44494e51
[WARN] [1790598287.094317162] [uav3.mavros.sys]: VER: broadcast request timeout, retries left 4
[WARN] [1790598297.267990605] [uav3.mavros.sys]: FCU: UNK(8): EVENT 11047904 with args -0-0-0-0-0-128-0-0-0-176-122-127-128-176-122-127-128-0-0-0-0-0-0-0-0-0-0-0-0-0-0-0-0-0-0-0-0-0-0-0-
[INFO] [1790598297.268084597] [uav3.mavros.sys]: FCU: EVENT 377561 with args -8-0-0-0-20-0-0-0-0-0-0-0-0-0-0-0-0-0-0-0-0-0-0-0-0-0-0-0-0-0-0-0-0-0-0-0-0-0-0-0-
[WARN] [1790598297.268137291] [uav3.mavros.sys]: FCU: EVENT 453929 with args -255-255-255-255-7-0-0-0-0-0-0-0-0-0-0-0-0-0-0-0-0-0-0-0-0-0-0-0-0-0-0-0-0-0-0-0-0-0-0-0-
[INFO] [1790598297.268174347] [uav3.mavros.sys]: FCU: EVENT 6801787 with args -255-255-255-255-12-0-0-0-0-0-0-0-0-0-0-0-0-0-0-0-0-0-0-0-0-0-0-0-0-0-0-0-0-0-0-0-0-0-0-0-
[WARN] [1790598297.268217317] [uav3.mavros.sys]: FCU: UNK(8): EVENT 1914663 with args -0-10-13-2-56-0-0-0-0-0-0-0-0-0-0-0-0-0-0-0-0-0-0-0-0-0-0-0-0-0-0-0-0-0-0-0-0-0-0-0-
[WARN] [1790598301.419034922] [uav3.mavros.cmd]: CMD: Unexpected command 176, result 0
[INFO] [1790598302.323407252] [uav3.mavros.sys]: FCU: EVENT 9489139 with args -4-0-0-0-0-0-0-0-0-0-0-0-0-0-0-0-0-0-0-0-0-0-0-0-0-0-0-0-0-0-0-0-0-0-0-0-0-0-0-0-
[INFO] [1790598304.387062712] [uav3.mavros.sys]: FCU: EVENT 4277609 with args -0-0-0-0-0-0-0-0-0-0-0-0-0-0-0-0-0-0-0-0-0-0-0-0-0-0-0-0-0-0-0-0-0-0-0-0-0-0-0-0-
[WARN] [1790598556.225898102] [uav3.mavros.cmd]: CMD: Unexpected command 176, result 0
[INFO] [1790598589.102984854] [uav3.mavros.sys]: FCU: EVENT 9844908 with args -0-0-0-0-0-0-0-0-0-0-0-0-0-0-0-0-0-0-0-0-0-0-0-0-0-0-0-0-0-0-0-0-0-0-0-0-0-0-0-0-
[INFO] [1790598591.234725360] [uav3.mavros.sys]: FCU: EVENT 16017271 with args -6-0-0-0-0-0-0-0-0-0-0-0-0-0-0-0-0-0-0-0-0-0-0-0-0-0-0-0-0-0-0-0-0-0-0-0-0-0-0-0-
[WARN] [1790598595.450089032] [uav3.mavros.sys]: FCU: UNK(8): EVENT 11047904 with args -0-0-0-0-0-128-0-0-0-176-122-127-128-176-122-127-128-0-0-0-0-0-0-0-0-0-0-0-0-0-0-0-0-0-0-0-0-0-0-0-
[INFO] [1790598595.450186027] [uav3.mavros.sys]: FCU: EVENT 377561 with args -8-0-0-0-20-0-0-0-0-0-0-0-0-0-0-0-0-0-0-0-0-0-0-0-0-0-0-0-0-0-0-0-0-0-0-0-0-0-0-0-
[WARN] [1790598595.450370604] [uav3.mavros.sys]: FCU: EVENT 453929 with args -255-255-255-255-7-0-0-0-0-0-0-0-0-0-0-0-0-0-0-0-0-0-0-0-0-0-0-0-0-0-0-0-0-0-0-0-0-0-0-0-
[INFO] [1790598595.450408206] [uav3.mavros.sys]: FCU: EVENT 6801787 with args -255-255-255-255-12-0-0-0-0-0-0-0-0-0-0-0-0-0-0-0-0-0-0-0-0-0-0-0-0-0-0-0-0-0-0-0-0-0-0-0-
[WARN] [1790598595.450488449] [uav3.mavros.sys]: FCU: UNK(8): EVENT 1914663 with args -0-10-9-2-56-0-0-0-0-0-0-0-0-0-0-0-0-0-0-0-0-0-0-0-0-0-0-0-0-0-0-0-0-0-0-0-0-0-0-0-
[INFO] [1790598612.170323704] [rclcpp]: signal_handler(SIGINT/SIGTERM)
[WARN] [1790598612.174859676] [uav3.mavros]: UAS Executor terminated
