[INFO] [1790598283.572810565] [uav10.mavros_node]: Starting mavros_node container
[INFO] [1790598283.576822497] [uav10.mavros_node]: FCU URL: udp://:14549@127.0.0.1:14589
[INFO] [1790598283.576842248] [uav10.mavros_node]: GCS URL: 
[INFO] [1790598283.576848000] [uav10.mavros_node]: UAS Prefix: /uas10
[INFO] [1790598283.576853336] [uav10.mavros_node]: Starting mavros router node
[INFO] [1790598283.666879656] [uav10.mavros_router]: Built-in SIMD instructions: SSE, SSE2
[INFO] [1790598283.667474627] [uav10.mavros_router]: Built-in MAVLink package version: 2026.8.8
[INFO] [1790598283.670731533] [uav10.mavros_router]: Known MAVLink dialects: common ardupilotmega ASLUAV AVSSUAS all csAirLink cubepilot development icarous loweheiser marsh paparazzi standard stemstudios storm32 uAvionix ualberta
[INFO] [1790598283.671082088] [uav10.mavros_router]: MAVROS Router started
[INFO] [1790598283.671274837] [uav10.mavros_node]: Starting mavros uas node
[INFO] [1790598283.900185243] [uav10.mavros_router]: Requested to add endpoint: type: 0, url: udp://:14549@127.0.0.1:14589
[INFO] [1790598283.900260247] [uav10.mavros_router]: Endpoint link[1000] created
[INFO] [1790598283.904327432] [uav10.mavros_router]: link[1000] opened successfully
[INFO] [1790598283.904680944] [uav10.mavros_router]: Requested to add endpoint: type: 2, url: /uas10
[INFO] [1790598283.905379869] [uav10.mavros_router]: Endpoint link[1001] created
[INFO] [1790598283.909658514] [uav10.mavros_router]: link[1000] detected remote address 10.1
[INFO] [1790598283.934032266] [uav10.mavros]: Plugin actuator_control ignored
[INFO] [1790598283.934100830] [uav10.mavros]: Plugin altitude ignored
[INFO] [1790598283.935302550] [uav10.mavros]: UAS Executor started, threads: 4
[INFO] [1790598284.030302834] [uav10.mavros_router]: link[1001] opened successfully
[INFO] [1790598284.214070165] [uav10.mavros]: Plugin command created
[INFO] [1790598284.215169979] [uav10.mavros]: Plugin command initialized
[INFO] [1790598284.215338080] [uav10.mavros]: Plugin ftp ignored
[INFO] [1790598284.215381472] [uav10.mavros]: Plugin geofence ignored
[INFO] [1790598284.462342822] [uav10.mavros]: Plugin global_position created
[INFO] [1790598284.462661001] [uav10.mavros]: Plugin global_position initialized
[INFO] [1790598284.462683307] [uav10.mavros]: Plugin home_position ignored
[INFO] [1790598284.462690716] [uav10.mavros]: Plugin imu ignored
[INFO] [1790598284.731244730] [uav10.mavros]: Plugin local_position created
[INFO] [1790598284.731308368] [uav10.mavros]: Plugin local_position initialized
[INFO] [1790598284.731319020] [uav10.mavros]: Plugin manual_control ignored
[INFO] [1790598284.731329968] [uav10.mavros]: Plugin nav_controller_output ignored
[INFO] [1790598284.731335951] [uav10.mavros]: Plugin param ignored
[INFO] [1790598284.731341421] [uav10.mavros]: Plugin rallypoint ignored
[INFO] [1790598284.731347356] [uav10.mavros]: Plugin rc_io ignored
[INFO] [1790598284.731352525] [uav10.mavros]: Plugin setpoint_accel ignored
[INFO] [1790598284.731357869] [uav10.mavros]: Plugin setpoint_attitude ignored
[INFO] [1790598284.731363122] [uav10.mavros]: Plugin setpoint_position ignored
[INFO] [1790598284.731368377] [uav10.mavros]: Plugin setpoint_raw ignored
[INFO] [1790598284.731373949] [uav10.mavros]: Plugin setpoint_trajectory ignored
[INFO] [1790598284.906550158] [uav10.mavros]: Plugin setpoint_velocity created
[INFO] [1790598284.916340388] [uav10.mavros]: Plugin setpoint_velocity initialized
[INFO] [1790598285.208754229] [uav10.mavros]: Plugin sys_status created
[INFO] [1790598285.208842728] [uav10.mavros]: Plugin sys_status initialized
[INFO] [1790598285.304660663] [uav10.mavros.time]: TM: Timesync mode: MAVLINK
[INFO] [1790598285.312125969] [uav10.mavros]: Plugin sys_time created
[INFO] [1790598285.312195635] [uav10.mavros]: Plugin sys_time initialized
[INFO] [1790598285.312207968] [uav10.mavros]: Plugin waypoint ignored
[INFO] [1790598285.312214568] [uav10.mavros]: Plugin wind_estimation ignored
[INFO] [1790598285.315844363] [uav10.mavros]: Built-in SIMD instructions: SSE, SSE2
[INFO] [1790598285.315890650] [uav10.mavros]: Built-in MAVLink package version: 2026.8.8
[INFO] [1790598285.315925942] [uav10.mavros]: Known MAVLink dialects: common ardupilotmega ASLUAV AVSSUAS all csAirLink cubepilot development icarous loweheiser marsh paparazzi standard stemstudios storm32 uAvionix ualberta
[INFO] [1790598285.315935033] [uav10.mavros]: MAVROS UAS via /uas10 started. MY ID 10.191, TARGET ID 10.1
[INFO] [1790598285.342215089] [uav10.mavros_router]: link[1001] detected remote address 10.191
[INFO] [1790598285.985990674] [uav10.mavros]: CON: Got HEARTBEAT, connected. FCU: PX4 Autopilot
[INFO] [1790598287.036218014] [uav10.mavros.sys]: VER: 10.1: Capabilities         0x000000000000e8ff
[INFO] [1790598287.036264662] [uav10.mavros.sys]: VER: 10.1: Flight software:     011200c0 (fca3df865a000000)
[INFO] [1790598287.036273530] [uav10.mavros.sys]: VER: 10.1: Middleware software: 011200c0 (fca3df865a000000)
[INFO] [1790598287.036286966] [uav10.mavros.sys]: VER: 10.1: OS software:         070000ff (17040b9f87cb1791)
[INFO] [1790598287.036292607] [uav10.mavros.sys]: VER: 10.1: Board hardware:      00000001
[INFO] [1790598287.036298053] [uav10.mavros.sys]: VER: 10.1: VID/PID:             0000:0000
[INFO] [1790598287.036303633] [uav10.mavros.sys]: VER: 10.1: UID:                 4954414c44494e58
[WARN] [1790598287.036364442] [uav10.mavros.cmd]: CMD: Unexpected command 512, result 0
[WARN] [1790598287.067626094] [uav10.mavros.sys]: FCU: UNK(8): EVENT 11047904 with args -0-0-0-16-0-128-0-0-0-176-58-127-128-176-58-127-128-0-0-0-0-0-0-0-0-0-0-0-0-0-0-0-0-0-0-0-0-0-0-0-
[ERROR] [1790598287.067716784] [uav10.mavros.sys]: FCU: EVENT 11464574 with args -0-64-0-0-20-0-0-0-0-0-0-0-0-0-0-0-0-0-0-0-0-0-0-0-0-0-0-0-0-0-0-0-0-0-0-0-0-0-0-0-
[INFO] [1790598287.067774667] [uav10.mavros.sys]: FCU: EVENT 377561 with args -8-0-0-0-20-0-0-0-0-0-0-0-0-0-0-0-0-0-0-0-0-0-0-0-0-0-0-0-0-0-0-0-0-0-0-0-0-0-0-0-
[WARN] [1790598287.067813732] [uav10.mavros.sys]: FCU: EVENT 453929 with args -255-255-255-255-7-0-0-0-0-0-0-0-0-0-0-0-0-0-0-0-0-0-0-0-0-0-0-0-0-0-0-0-0-0-0-0-0-0-0-0-
[INFO] [1790598287.067853683] [uav10.mavros.sys]: FCU: EVENT 6801787 with args -255-255-255-255-12-0-0-0-0-0-0-0-0-0-0-0-0-0-0-0-0-0-0-0-0-0-0-0-0-0-0-0-0-0-0-0-0-0-0-0-
[WARN] [1790598287.067892459] [uav10.mavros.sys]: FCU: UNK(8): EVENT 1914663 with args -0-10-13-2-56-0-0-0-0-0-0-0-0-0-0-0-0-0-0-0-0-0-0-0-0-0-0-0-0-0-0-0-0-0-0-0-0-0-0-0-
[WARN] [1790598295.552026972] [uav10.mavros.sys]: FCU: UNK(8): EVENT 11047904 with args -0-0-0-0-0-128-0-0-0-176-122-127-128-176-122-127-128-0-0-0-0-0-0-0-0-0-0-0-0-0-0-0-0-0-0-0-0-0-0-0-
[INFO] [1790598295.562176114] [uav10.mavros.sys]: FCU: EVENT 377561 with args -8-0-0-0-20-0-0-0-0-0-0-0-0-0-0-0-0-0-0-0-0-0-0-0-0-0-0-0-0-0-0-0-0-0-0-0-0-0-0-0-
[WARN] [1790598295.562268368] [uav10.mavros.sys]: FCU: EVENT 453929 with args -255-255-255-255-7-0-0-0-0-0-0-0-0-0-0-0-0-0-0-0-0-0-0-0-0-0-0-0-0-0-0-0-0-0-0-0-0-0-0-0-
[INFO] [1790598295.562316850] [uav10.mavros.sys]: FCU: EVENT 6801787 with args -255-255-255-255-12-0-0-0-0-0-0-0-0-0-0-0-0-0-0-0-0-0-0-0-0-0-0-0-0-0-0-0-0-0-0-0-0-0-0-0-
[WARN] [1790598295.562354718] [uav10.mavros.sys]: FCU: UNK(8): EVENT 1914663 with args -0-10-13-2-56-0-0-0-0-0-0-0-0-0-0-0-0-0-0-0-0-0-0-0-0-0-0-0-0-0-0-0-0-0-0-0-0-0-0-0-
[WARN] [1790598301.427526562] [uav10.mavros.cmd]: CMD: Unexpected command 176, result 0
[INFO] [1790598302.469149958] [uav10.mavros.sys]: FCU: EVENT 9489139 with args -4-0-0-0-0-0-0-0-0-0-0-0-0-0-0-0-0-0-0-0-0-0-0-0-0-0-0-0-0-0-0-0-0-0-0-0-0-0-0-0-
[INFO] [1790598304.524992148] [uav10.mavros.sys]: FCU: EVENT 4277609 with args -0-0-0-0-0-0-0-0-0-0-0-0-0-0-0-0-0-0-0-0-0-0-0-0-0-0-0-0-0-0-0-0-0-0-0-0-0-0-0-0-
[WARN] [1790598556.225777047] [uav10.mavros.cmd]: CMD: Unexpected command 176, result 0
[INFO] [1790598588.648724987] [uav10.mavros.sys]: FCU: EVENT 9844908 with args -0-0-0-0-0-0-0-0-0-0-0-0-0-0-0-0-0-0-0-0-0-0-0-0-0-0-0-0-0-0-0-0-0-0-0-0-0-0-0-0-
[INFO] [1790598590.763653351] [uav10.mavros.sys]: FCU: EVENT 16017271 with args -6-0-0-0-0-0-0-0-0-0-0-0-0-0-0-0-0-0-0-0-0-0-0-0-0-0-0-0-0-0-0-0-0-0-0-0-0-0-0-0-
[WARN] [1790598594.608755761] [uav10.mavros.sys]: FCU: UNK(8): EVENT 11047904 with args -0-0-0-0-0-128-0-0-0-176-122-127-128-176-122-127-128-0-0-0-0-0-0-0-0-0-0-0-0-0-0-0-0-0-0-0-0-0-0-0-
[INFO] [1790598594.608884191] [uav10.mavros.sys]: FCU: EVENT 377561 with args -8-0-0-0-20-0-0-0-0-0-0-0-0-0-0-0-0-0-0-0-0-0-0-0-0-0-0-0-0-0-0-0-0-0-0-0-0-0-0-0-
[WARN] [1790598594.608929034] [uav10.mavros.sys]: FCU: EVENT 453929 with args -255-255-255-255-7-0-0-0-0-0-0-0-0-0-0-0-0-0-0-0-0-0-0-0-0-0-0-0-0-0-0-0-0-0-0-0-0-0-0-0-
[INFO] [1790598594.608965899] [uav10.mavros.sys]: FCU: EVENT 6801787 with args -255-255-255-255-12-0-0-0-0-0-0-0-0-0-0-0-0-0-0-0-0-0-0-0-0-0-0-0-0-0-0-0-0-0-0-0-0-0-0-0-
[WARN] [1790598594.609002406] [uav10.mavros.sys]: FCU: UNK(8): EVENT 1914663 with args -0-10-9-2-56-0-0-0-0-0-0-0-0-0-0-0-0-0-0-0-0-0-0-0-0-0-0-0-0-0-0-0-0-0-0-0-0-0-0-0-
[INFO] [1790598612.173038991] [rclcpp]: signal_handler(SIGINT/SIGTERM)
[WARN] [1790598612.174379080] [uav10.mavros]: UAS Executor terminated
