[INFO] [1790599604.999741847] [uav2.mavros_node]: Starting mavros_node container
[INFO] [1790599605.001887761] [uav2.mavros_node]: FCU URL: udp://:14541@127.0.0.1:14581
[INFO] [1790599605.001919928] [uav2.mavros_node]: GCS URL: 
[INFO] [1790599605.001925271] [uav2.mavros_node]: UAS Prefix: /uas2
[INFO] [1790599605.001929951] [uav2.mavros_node]: Starting mavros router node
[INFO] [1790599605.097264324] [uav2.mavros_router]: Built-in SIMD instructions: SSE, SSE2
[INFO] [1790599605.097301140] [uav2.mavros_router]: Built-in MAVLink package version: 2026.8.8
[INFO] [1790599605.097309276] [uav2.mavros_router]: Known MAVLink dialects: common ardupilotmega ASLUAV AVSSUAS all csAirLink cubepilot development icarous loweheiser marsh paparazzi standard stemstudios storm32 uAvionix ualberta
[INFO] [1790599605.097315815] [uav2.mavros_router]: MAVROS Router started
[INFO] [1790599605.097465539] [uav2.mavros_node]: Starting mavros uas node
[INFO] [1790599605.316651966] [uav2.mavros_router]: Requested to add endpoint: type: 0, url: udp://:14541@127.0.0.1:14581
[INFO] [1790599605.316719319] [uav2.mavros_router]: Endpoint link[1000] created
[INFO] [1790599605.318916757] [uav2.mavros_router]: link[1000] opened successfully
[INFO] [1790599605.318961987] [uav2.mavros_router]: Requested to add endpoint: type: 2, url: /uas2
[INFO] [1790599605.318980936] [uav2.mavros_router]: Endpoint link[1001] created
[INFO] [1790599605.321715802] [uav2.mavros_router]: link[1000] detected remote address 2.1
[INFO] [1790599605.341229910] [uav2.mavros]: Plugin actuator_control ignored
[INFO] [1790599605.341288543] [uav2.mavros]: Plugin altitude ignored
[INFO] [1790599605.341405918] [uav2.mavros]: UAS Executor started, threads: 4
[INFO] [1790599605.410215990] [uav2.mavros_router]: link[1001] opened successfully
[INFO] [1790599605.604332983] [uav2.mavros]: Plugin command created
[INFO] [1790599605.611979915] [uav2.mavros]: Plugin command initialized
[INFO] [1790599605.612001133] [uav2.mavros]: Plugin ftp ignored
[INFO] [1790599605.612006565] [uav2.mavros]: Plugin geofence ignored
[INFO] [1790599605.872335453] [uav2.mavros]: Plugin global_position created
[INFO] [1790599605.872390225] [uav2.mavros]: Plugin global_position initialized
[INFO] [1790599605.872399145] [uav2.mavros]: Plugin home_position ignored
[INFO] [1790599605.872403948] [uav2.mavros]: Plugin imu ignored
[INFO] [1790599606.090818146] [uav2.mavros]: Plugin local_position created
[INFO] [1790599606.090873168] [uav2.mavros]: Plugin local_position initialized
[INFO] [1790599606.090883232] [uav2.mavros]: Plugin manual_control ignored
[INFO] [1790599606.090888432] [uav2.mavros]: Plugin nav_controller_output ignored
[INFO] [1790599606.090893605] [uav2.mavros]: Plugin param ignored
[INFO] [1790599606.090899119] [uav2.mavros]: Plugin rallypoint ignored
[INFO] [1790599606.090903923] [uav2.mavros]: Plugin rc_io ignored
[INFO] [1790599606.090909148] [uav2.mavros]: Plugin setpoint_accel ignored
[INFO] [1790599606.090914008] [uav2.mavros]: Plugin setpoint_attitude ignored
[INFO] [1790599606.090919182] [uav2.mavros]: Plugin setpoint_position ignored
[INFO] [1790599606.090930022] [uav2.mavros]: Plugin setpoint_raw ignored
[INFO] [1790599606.090934852] [uav2.mavros]: Plugin setpoint_trajectory ignored
[INFO] [1790599606.290551988] [uav2.mavros]: Plugin setpoint_velocity created
[INFO] [1790599606.290872481] [uav2.mavros]: Plugin setpoint_velocity initialized
[INFO] [1790599606.624803171] [uav2.mavros]: Plugin sys_status created
[INFO] [1790599606.625662652] [uav2.mavros]: Plugin sys_status initialized
[INFO] [1790599606.778829468] [uav2.mavros.time]: TM: Timesync mode: MAVLINK
[INFO] [1790599606.798087591] [uav2.mavros]: Plugin sys_time created
[INFO] [1790599606.798142648] [uav2.mavros]: Plugin sys_time initialized
[INFO] [1790599606.798152350] [uav2.mavros]: Plugin waypoint ignored
[INFO] [1790599606.798157112] [uav2.mavros]: Plugin wind_estimation ignored
[INFO] [1790599606.823806829] [uav2.mavros]: Built-in SIMD instructions: SSE, SSE2
[INFO] [1790599606.878603690] [uav2.mavros]: Built-in MAVLink package version: 2026.8.8
[INFO] [1790599606.878645774] [uav2.mavros]: Known MAVLink dialects: common ardupilotmega ASLUAV AVSSUAS all csAirLink cubepilot development icarous loweheiser marsh paparazzi standard stemstudios storm32 uAvionix ualberta
[INFO] [1790599606.878653201] [uav2.mavros]: MAVROS UAS via /uas2 started. MY ID 2.191, TARGET ID 2.1
[INFO] [1790599606.879293265] [uav2.mavros_router]: link[1001] detected remote address 2.191
[INFO] [1790599607.279883638] [uav2.mavros]: CON: Got HEARTBEAT, connected. FCU: PX4 Autopilot
[INFO] [1790599608.315822993] [uav2.mavros.sys]: VER: 2.1: Capabilities         0x000000000000e8ff
[INFO] [1790599608.315878768] [uav2.mavros.sys]: VER: 2.1: Flight software:     011200c0 (fca3df865a000000)
[INFO] [1790599608.315885906] [uav2.mavros.sys]: VER: 2.1: Middleware software: 011200c0 (fca3df865a000000)
[INFO] [1790599608.315890240] [uav2.mavros.sys]: VER: 2.1: OS software:         070000ff (17040b9f87cb1791)
[INFO] [1790599608.315895101] [uav2.mavros.sys]: VER: 2.1: Board hardware:      00000001
[INFO] [1790599608.315899753] [uav2.mavros.sys]: VER: 2.1: VID/PID:             0000:0000
[INFO] [1790599608.315904510] [uav2.mavros.sys]: VER: 2.1: UID:                 4954414c44494e50
[WARN] [1790599608.315954020] [uav2.mavros.cmd]: CMD: Unexpected command 512, result 0
[WARN] [1790599615.711190556] [uav2.mavros.sys]: FCU: UNK(8): EVENT 11047904 with args -0-0-0-0-0-128-0-0-0-176-122-127-128-176-122-127-128-0-0-0-0-0-0-0-0-0-0-0-0-0-0-0-0-0-0-0-0-0-0-0-
[INFO] [1790599615.714421063] [uav2.mavros.sys]: FCU: EVENT 377561 with args -8-0-0-0-20-0-0-0-0-0-0-0-0-0-0-0-0-0-0-0-0-0-0-0-0-0-0-0-0-0-0-0-0-0-0-0-0-0-0-0-
[WARN] [1790599615.714488855] [uav2.mavros.sys]: FCU: EVENT 453929 with args -255-255-255-255-7-0-0-0-0-0-0-0-0-0-0-0-0-0-0-0-0-0-0-0-0-0-0-0-0-0-0-0-0-0-0-0-0-0-0-0-
[INFO] [1790599615.714531861] [uav2.mavros.sys]: FCU: EVENT 6801787 with args -255-255-255-255-12-0-0-0-0-0-0-0-0-0-0-0-0-0-0-0-0-0-0-0-0-0-0-0-0-0-0-0-0-0-0-0-0-0-0-0-
[WARN] [1790599615.714568422] [uav2.mavros.sys]: FCU: UNK(8): EVENT 1914663 with args -0-10-13-2-56-0-0-0-0-0-0-0-0-0-0-0-0-0-0-0-0-0-0-0-0-0-0-0-0-0-0-0-0-0-0-0-0-0-0-0-
[WARN] [1790599622.808568422] [uav2.mavros.cmd]: CMD: Unexpected command 176, result 0
[INFO] [1790599622.901641857] [uav2.mavros.sys]: FCU: EVENT 9489139 with args -4-0-0-0-0-0-0-0-0-0-0-0-0-0-0-0-0-0-0-0-0-0-0-0-0-0-0-0-0-0-0-0-0-0-0-0-0-0-0-0-
[INFO] [1790599624.806722331] [uav2.mavros.sys]: FCU: EVENT 4277609 with args -0-0-0-0-0-0-0-0-0-0-0-0-0-0-0-0-0-0-0-0-0-0-0-0-0-0-0-0-0-0-0-0-0-0-0-0-0-0-0-0-
[WARN] [1790599875.703446948] [uav2.mavros.cmd]: CMD: Unexpected command 176, result 0
[INFO] [1790599909.252774149] [uav2.mavros.sys]: FCU: EVENT 9844908 with args -0-0-0-0-0-0-0-0-0-0-0-0-0-0-0-0-0-0-0-0-0-0-0-0-0-0-0-0-0-0-0-0-0-0-0-0-0-0-0-0-
[INFO] [1790599911.371057268] [uav2.mavros.sys]: FCU: EVENT 16017271 with args -6-0-0-0-0-0-0-0-0-0-0-0-0-0-0-0-0-0-0-0-0-0-0-0-0-0-0-0-0-0-0-0-0-0-0-0-0-0-0-0-
[WARN] [1790599915.056640551] [uav2.mavros.sys]: FCU: UNK(8): EVENT 11047904 with args -0-0-0-0-0-128-0-0-0-176-122-127-128-176-122-127-128-0-0-0-0-0-0-0-0-0-0-0-0-0-0-0-0-0-0-0-0-0-0-0-
[INFO] [1790599915.056749558] [uav2.mavros.sys]: FCU: EVENT 377561 with args -8-0-0-0-20-0-0-0-0-0-0-0-0-0-0-0-0-0-0-0-0-0-0-0-0-0-0-0-0-0-0-0-0-0-0-0-0-0-0-0-
[WARN] [1790599915.056811391] [uav2.mavros.sys]: FCU: EVENT 453929 with args -255-255-255-255-7-0-0-0-0-0-0-0-0-0-0-0-0-0-0-0-0-0-0-0-0-0-0-0-0-0-0-0-0-0-0-0-0-0-0-0-
[INFO] [1790599915.056888835] [uav2.mavros.sys]: FCU: EVENT 6801787 with args -255-255-255-255-12-0-0-0-0-0-0-0-0-0-0-0-0-0-0-0-0-0-0-0-0-0-0-0-0-0-0-0-0-0-0-0-0-0-0-0-
[WARN] [1790599915.056910938] [uav2.mavros.sys]: FCU: UNK(8): EVENT 1914663 with args -0-10-9-2-56-0-0-0-0-0-0-0-0-0-0-0-0-0-0-0-0-0-0-0-0-0-0-0-0-0-0-0-0-0-0-0-0-0-0-0-
[INFO] [1790599918.263298043] [rclcpp]: signal_handler(SIGINT/SIGTERM)
[WARN] [1790599918.265330304] [uav2.mavros]: UAS Executor terminated
