[INFO] [1790599605.080606971] [uav4.mavros_node]: Starting mavros_node container
[INFO] [1790599605.083987801] [uav4.mavros_node]: FCU URL: udp://:14543@127.0.0.1:14583
[INFO] [1790599605.084002166] [uav4.mavros_node]: GCS URL: 
[INFO] [1790599605.084007675] [uav4.mavros_node]: UAS Prefix: /uas4
[INFO] [1790599605.084012499] [uav4.mavros_node]: Starting mavros router node
[INFO] [1790599605.190691649] [uav4.mavros_router]: Built-in SIMD instructions: SSE, SSE2
[INFO] [1790599605.195870846] [uav4.mavros_router]: Built-in MAVLink package version: 2026.8.8
[INFO] [1790599605.196324684] [uav4.mavros_router]: Known MAVLink dialects: common ardupilotmega ASLUAV AVSSUAS all csAirLink cubepilot development icarous loweheiser marsh paparazzi standard stemstudios storm32 uAvionix ualberta
[INFO] [1790599605.196334046] [uav4.mavros_router]: MAVROS Router started
[INFO] [1790599605.196444375] [uav4.mavros_node]: Starting mavros uas node
[INFO] [1790599605.447703638] [uav4.mavros_router]: Requested to add endpoint: type: 0, url: udp://:14543@127.0.0.1:14583
[INFO] [1790599605.447756368] [uav4.mavros_router]: Endpoint link[1000] created
[INFO] [1790599605.447980959] [uav4.mavros_router]: link[1000] opened successfully
[INFO] [1790599605.447999555] [uav4.mavros_router]: Requested to add endpoint: type: 2, url: /uas4
[INFO] [1790599605.448013085] [uav4.mavros_router]: Endpoint link[1001] created
[INFO] [1790599605.453227653] [uav4.mavros_router]: link[1000] detected remote address 4.1
[INFO] [1790599605.463360775] [uav4.mavros]: Plugin actuator_control ignored
[INFO] [1790599605.463425371] [uav4.mavros]: Plugin altitude ignored
[INFO] [1790599605.463415974] [uav4.mavros]: UAS Executor started, threads: 4
[INFO] [1790599605.525310409] [uav4.mavros_router]: link[1001] opened successfully
[INFO] [1790599605.759201717] [uav4.mavros]: Plugin command created
[INFO] [1790599605.760416691] [uav4.mavros]: Plugin command initialized
[INFO] [1790599605.760455276] [uav4.mavros]: Plugin ftp ignored
[INFO] [1790599605.760461853] [uav4.mavros]: Plugin geofence ignored
[INFO] [1790599606.110116193] [uav4.mavros]: Plugin global_position created
[INFO] [1790599606.115983847] [uav4.mavros]: Plugin global_position initialized
[INFO] [1790599606.115996623] [uav4.mavros]: Plugin home_position ignored
[INFO] [1790599606.116002086] [uav4.mavros]: Plugin imu ignored
[INFO] [1790599606.369473285] [uav4.mavros]: Plugin local_position created
[INFO] [1790599606.369536228] [uav4.mavros]: Plugin local_position initialized
[INFO] [1790599606.369546479] [uav4.mavros]: Plugin manual_control ignored
[INFO] [1790599606.369552305] [uav4.mavros]: Plugin nav_controller_output ignored
[INFO] [1790599606.369557130] [uav4.mavros]: Plugin param ignored
[INFO] [1790599606.369561973] [uav4.mavros]: Plugin rallypoint ignored
[INFO] [1790599606.369566776] [uav4.mavros]: Plugin rc_io ignored
[INFO] [1790599606.369571754] [uav4.mavros]: Plugin setpoint_accel ignored
[INFO] [1790599606.369576506] [uav4.mavros]: Plugin setpoint_attitude ignored
[INFO] [1790599606.369585538] [uav4.mavros]: Plugin setpoint_position ignored
[INFO] [1790599606.369591971] [uav4.mavros]: Plugin setpoint_raw ignored
[INFO] [1790599606.369596588] [uav4.mavros]: Plugin setpoint_trajectory ignored
[INFO] [1790599606.586832736] [uav4.mavros]: Plugin setpoint_velocity created
[INFO] [1790599606.586890244] [uav4.mavros]: Plugin setpoint_velocity initialized
[INFO] [1790599606.827926654] [uav4.mavros]: Plugin sys_status created
[INFO] [1790599606.878703175] [uav4.mavros]: Plugin sys_status initialized
[INFO] [1790599606.988634294] [uav4.mavros.time]: TM: Timesync mode: MAVLINK
[INFO] [1790599607.010848109] [uav4.mavros]: Plugin sys_time created
[INFO] [1790599607.011575922] [uav4.mavros]: Plugin sys_time initialized
[INFO] [1790599607.011608835] [uav4.mavros]: Plugin waypoint ignored
[INFO] [1790599607.011614492] [uav4.mavros]: Plugin wind_estimation ignored
[INFO] [1790599607.016264648] [uav4.mavros]: Built-in SIMD instructions: SSE, SSE2
[INFO] [1790599607.016306352] [uav4.mavros]: Built-in MAVLink package version: 2026.8.8
[INFO] [1790599607.016338093] [uav4.mavros]: Known MAVLink dialects: common ardupilotmega ASLUAV AVSSUAS all csAirLink cubepilot development icarous loweheiser marsh paparazzi standard stemstudios storm32 uAvionix ualberta
[INFO] [1790599607.016344686] [uav4.mavros]: MAVROS UAS via /uas4 started. MY ID 4.191, TARGET ID 4.1
[INFO] [1790599607.070139723] [uav4.mavros_router]: link[1001] detected remote address 4.191
[INFO] [1790599607.383124979] [uav4.mavros]: CON: Got HEARTBEAT, connected. FCU: PX4 Autopilot
[INFO] [1790599608.449249625] [uav4.mavros.sys]: VER: 4.1: Capabilities         0x000000000000e8ff
[INFO] [1790599608.449323448] [uav4.mavros.sys]: VER: 4.1: Flight software:     011200c0 (fca3df865a000000)
[INFO] [1790599608.449331667] [uav4.mavros.sys]: VER: 4.1: Middleware software: 011200c0 (fca3df865a000000)
[INFO] [1790599608.449336931] [uav4.mavros.sys]: VER: 4.1: OS software:         070000ff (17040b9f87cb1791)
[INFO] [1790599608.449342148] [uav4.mavros.sys]: VER: 4.1: Board hardware:      00000001
[INFO] [1790599608.449347136] [uav4.mavros.sys]: VER: 4.1: VID/PID:             0000:0000
[INFO] [1790599608.449352232] [uav4.mavros.sys]: VER: 4.1: UID:                 4954414c44494e52
[WARN] [1790599608.451184994] [uav4.mavros.cmd]: CMD: Unexpected command 512, result 0
[WARN] [1790599617.369313888] [uav4.mavros.sys]: FCU: UNK(8): EVENT 11047904 with args -0-0-0-0-0-128-0-0-0-176-122-127-128-176-122-127-128-0-0-0-0-0-0-0-0-0-0-0-0-0-0-0-0-0-0-0-0-0-0-0-
[INFO] [1790599617.369400010] [uav4.mavros.sys]: FCU: EVENT 377561 with args -8-0-0-0-20-0-0-0-0-0-0-0-0-0-0-0-0-0-0-0-0-0-0-0-0-0-0-0-0-0-0-0-0-0-0-0-0-0-0-0-
[WARN] [1790599617.369455537] [uav4.mavros.sys]: FCU: EVENT 453929 with args -255-255-255-255-7-0-0-0-0-0-0-0-0-0-0-0-0-0-0-0-0-0-0-0-0-0-0-0-0-0-0-0-0-0-0-0-0-0-0-0-
[INFO] [1790599617.369490455] [uav4.mavros.sys]: FCU: EVENT 6801787 with args -255-255-255-255-12-0-0-0-0-0-0-0-0-0-0-0-0-0-0-0-0-0-0-0-0-0-0-0-0-0-0-0-0-0-0-0-0-0-0-0-
[WARN] [1790599617.369522248] [uav4.mavros.sys]: FCU: UNK(8): EVENT 1914663 with args -0-10-13-2-56-0-0-0-0-0-0-0-0-0-0-0-0-0-0-0-0-0-0-0-0-0-0-0-0-0-0-0-0-0-0-0-0-0-0-0-
[WARN] [1790599622.802494284] [uav4.mavros.cmd]: CMD: Unexpected command 176, result 0
[INFO] [1790599623.155316307] [uav4.mavros.sys]: FCU: EVENT 9489139 with args -4-0-0-0-0-0-0-0-0-0-0-0-0-0-0-0-0-0-0-0-0-0-0-0-0-0-0-0-0-0-0-0-0-0-0-0-0-0-0-0-
[INFO] [1790599625.135564549] [uav4.mavros.sys]: FCU: EVENT 4277609 with args -0-0-0-0-0-0-0-0-0-0-0-0-0-0-0-0-0-0-0-0-0-0-0-0-0-0-0-0-0-0-0-0-0-0-0-0-0-0-0-0-
[WARN] [1790599875.844978204] [uav4.mavros.cmd]: CMD: Unexpected command 176, result 0
[INFO] [1790599908.841774748] [uav4.mavros.sys]: FCU: EVENT 9844908 with args -0-0-0-0-0-0-0-0-0-0-0-0-0-0-0-0-0-0-0-0-0-0-0-0-0-0-0-0-0-0-0-0-0-0-0-0-0-0-0-0-
[INFO] [1790599910.972096911] [uav4.mavros.sys]: FCU: EVENT 16017271 with args -6-0-0-0-0-0-0-0-0-0-0-0-0-0-0-0-0-0-0-0-0-0-0-0-0-0-0-0-0-0-0-0-0-0-0-0-0-0-0-0-
[WARN] [1790599915.226698817] [uav4.mavros.sys]: FCU: UNK(8): EVENT 11047904 with args -0-0-0-0-0-128-0-0-0-176-122-127-128-176-122-127-128-0-0-0-0-0-0-0-0-0-0-0-0-0-0-0-0-0-0-0-0-0-0-0-
[INFO] [1790599915.226815297] [uav4.mavros.sys]: FCU: EVENT 377561 with args -8-0-0-0-20-0-0-0-0-0-0-0-0-0-0-0-0-0-0-0-0-0-0-0-0-0-0-0-0-0-0-0-0-0-0-0-0-0-0-0-
[WARN] [1790599915.226862223] [uav4.mavros.sys]: FCU: EVENT 453929 with args -255-255-255-255-7-0-0-0-0-0-0-0-0-0-0-0-0-0-0-0-0-0-0-0-0-0-0-0-0-0-0-0-0-0-0-0-0-0-0-0-
[INFO] [1790599915.226903498] [uav4.mavros.sys]: FCU: EVENT 6801787 with args -255-255-255-255-12-0-0-0-0-0-0-0-0-0-0-0-0-0-0-0-0-0-0-0-0-0-0-0-0-0-0-0-0-0-0-0-0-0-0-0-
[WARN] [1790599915.226941827] [uav4.mavros.sys]: FCU: UNK(8): EVENT 1914663 with args -0-10-9-2-56-0-0-0-0-0-0-0-0-0-0-0-0-0-0-0-0-0-0-0-0-0-0-0-0-0-0-0-0-0-0-0-0-0-0-0-
[INFO] [1790599918.262253793] [rclcpp]: signal_handler(SIGINT/SIGTERM)
[WARN] [1790599918.268577051] [uav4.mavros]: UAS Executor terminated
