[INFO] [1790599605.073763138] [uav6.mavros_node]: Starting mavros_node container
[INFO] [1790599605.083752560] [uav6.mavros_node]: FCU URL: udp://:14545@127.0.0.1:14585
[INFO] [1790599605.083767584] [uav6.mavros_node]: GCS URL: 
[INFO] [1790599605.083772411] [uav6.mavros_node]: UAS Prefix: /uas6
[INFO] [1790599605.083777144] [uav6.mavros_node]: Starting mavros router node
[INFO] [1790599605.119470187] [uav6.mavros_router]: Built-in SIMD instructions: SSE, SSE2
[INFO] [1790599605.196079539] [uav6.mavros_router]: Built-in MAVLink package version: 2026.8.8
[INFO] [1790599605.196104833] [uav6.mavros_router]: Known MAVLink dialects: common ardupilotmega ASLUAV AVSSUAS all csAirLink cubepilot development icarous loweheiser marsh paparazzi standard stemstudios storm32 uAvionix ualberta
[INFO] [1790599605.196111999] [uav6.mavros_router]: MAVROS Router started
[INFO] [1790599605.196232945] [uav6.mavros_node]: Starting mavros uas node
[INFO] [1790599605.411733415] [uav6.mavros_router]: Requested to add endpoint: type: 0, url: udp://:14545@127.0.0.1:14585
[INFO] [1790599605.422435271] [uav6.mavros_router]: Endpoint link[1000] created
[INFO] [1790599605.424378052] [uav6.mavros]: Plugin actuator_control ignored
[INFO] [1790599605.425715219] [uav6.mavros]: Plugin altitude ignored
[INFO] [1790599605.426488722] [uav6.mavros_router]: link[1000] detected remote address 6.1
[WARN] [1790599605.426525227] [uav6.mavros_router]: Message dropped: msgid: 32, source: 6.1, target: 0.0
[INFO] [1790599605.424533347] [uav6.mavros_router]: link[1000] opened successfully
[INFO] [1790599605.437706679] [uav6.mavros_router]: Requested to add endpoint: type: 2, url: /uas6
[INFO] [1790599605.437730007] [uav6.mavros_router]: Endpoint link[1001] created
[INFO] [1790599605.424814368] [uav6.mavros]: UAS Executor started, threads: 4
[INFO] [1790599605.493701664] [uav6.mavros_router]: link[1001] opened successfully
[INFO] [1790599605.630828468] [uav6.mavros]: Plugin command created
[INFO] [1790599605.630874535] [uav6.mavros]: Plugin command initialized
[INFO] [1790599605.630883393] [uav6.mavros]: Plugin ftp ignored
[INFO] [1790599605.630889297] [uav6.mavros]: Plugin geofence ignored
[INFO] [1790599605.863917475] [uav6.mavros]: Plugin global_position created
[INFO] [1790599605.863974100] [uav6.mavros]: Plugin global_position initialized
[INFO] [1790599605.863989614] [uav6.mavros]: Plugin home_position ignored
[INFO] [1790599605.863995900] [uav6.mavros]: Plugin imu ignored
[INFO] [1790599606.078237615] [uav6.mavros]: Plugin local_position created
[INFO] [1790599606.078303380] [uav6.mavros]: Plugin local_position initialized
[INFO] [1790599606.078313625] [uav6.mavros]: Plugin manual_control ignored
[INFO] [1790599606.078319101] [uav6.mavros]: Plugin nav_controller_output ignored
[INFO] [1790599606.078324471] [uav6.mavros]: Plugin param ignored
[INFO] [1790599606.078329560] [uav6.mavros]: Plugin rallypoint ignored
[INFO] [1790599606.078334596] [uav6.mavros]: Plugin rc_io ignored
[INFO] [1790599606.078339591] [uav6.mavros]: Plugin setpoint_accel ignored
[INFO] [1790599606.078344286] [uav6.mavros]: Plugin setpoint_attitude ignored
[INFO] [1790599606.078349027] [uav6.mavros]: Plugin setpoint_position ignored
[INFO] [1790599606.078354226] [uav6.mavros]: Plugin setpoint_raw ignored
[INFO] [1790599606.078358958] [uav6.mavros]: Plugin setpoint_trajectory ignored
[INFO] [1790599606.158017857] [uav6.mavros]: Plugin setpoint_velocity created
[INFO] [1790599606.158058143] [uav6.mavros]: Plugin setpoint_velocity initialized
[INFO] [1790599606.247845318] [uav6.mavros]: Plugin sys_status created
[INFO] [1790599606.261740320] [uav6.mavros]: Plugin sys_status initialized
[INFO] [1790599606.366250757] [uav6.mavros.time]: TM: Timesync mode: MAVLINK
[INFO] [1790599606.389907676] [uav6.mavros]: Plugin sys_time created
[INFO] [1790599606.389966084] [uav6.mavros]: Plugin sys_time initialized
[INFO] [1790599606.389976813] [uav6.mavros]: Plugin waypoint ignored
[INFO] [1790599606.389982920] [uav6.mavros]: Plugin wind_estimation ignored
[INFO] [1790599606.425009522] [uav6.mavros]: Built-in SIMD instructions: SSE, SSE2
[INFO] [1790599606.425079571] [uav6.mavros]: Built-in MAVLink package version: 2026.8.8
[INFO] [1790599606.425086512] [uav6.mavros]: Known MAVLink dialects: common ardupilotmega ASLUAV AVSSUAS all csAirLink cubepilot development icarous loweheiser marsh paparazzi standard stemstudios storm32 uAvionix ualberta
[INFO] [1790599606.425099085] [uav6.mavros]: MAVROS UAS via /uas6 started. MY ID 6.191, TARGET ID 6.1
[WARN] [1790599606.438507801] [uav6.mavros.sys]: FCU: UNK(8): EVENT 11047904 with args -0-0-0-16-0-128-0-0-0-176-58-127-128-176-58-127-128-0-0-0-0-0-0-0-0-0-0-0-0-0-0-0-0-0-0-0-0-0-0-0-
[ERROR] [1790599606.481070654] [uav6.mavros.sys]: FCU: EVENT 11464574 with args -0-64-0-0-20-0-0-0-0-0-0-0-0-0-0-0-0-0-0-0-0-0-0-0-0-0-0-0-0-0-0-0-0-0-0-0-0-0-0-0-
[INFO] [1790599606.481145747] [uav6.mavros.sys]: FCU: EVENT 377561 with args -8-0-0-0-20-0-0-0-0-0-0-0-0-0-0-0-0-0-0-0-0-0-0-0-0-0-0-0-0-0-0-0-0-0-0-0-0-0-0-0-
[WARN] [1790599606.481182278] [uav6.mavros.sys]: FCU: EVENT 453929 with args -255-255-255-255-7-0-0-0-0-0-0-0-0-0-0-0-0-0-0-0-0-0-0-0-0-0-0-0-0-0-0-0-0-0-0-0-0-0-0-0-
[INFO] [1790599606.481211231] [uav6.mavros.sys]: FCU: EVENT 6801787 with args -255-255-255-255-12-0-0-0-0-0-0-0-0-0-0-0-0-0-0-0-0-0-0-0-0-0-0-0-0-0-0-0-0-0-0-0-0-0-0-0-
[WARN] [1790599606.481243122] [uav6.mavros.sys]: FCU: UNK(8): EVENT 1914663 with args -0-10-13-2-56-0-0-0-0-0-0-0-0-0-0-0-0-0-0-0-0-0-0-0-0-0-0-0-0-0-0-0-0-0-0-0-0-0-0-0-
[INFO] [1790599606.519569096] [uav6.mavros_router]: link[1001] detected remote address 6.191
[INFO] [1790599607.319119193] [uav6.mavros.sys]: VER: 6.1: Capabilities         0x000000000000e8ff
[INFO] [1790599607.319170710] [uav6.mavros.sys]: VER: 6.1: Flight software:     011200c0 (fca3df865a000000)
[INFO] [1790599607.319177520] [uav6.mavros.sys]: VER: 6.1: Middleware software: 011200c0 (fca3df865a000000)
[INFO] [1790599607.319182525] [uav6.mavros.sys]: VER: 6.1: OS software:         070000ff (17040b9f87cb1791)
[INFO] [1790599607.319186922] [uav6.mavros.sys]: VER: 6.1: Board hardware:      00000001
[INFO] [1790599607.319191307] [uav6.mavros.sys]: VER: 6.1: VID/PID:             0000:0000
[INFO] [1790599607.319196157] [uav6.mavros.sys]: VER: 6.1: UID:                 4954414c44494e54
[WARN] [1790599607.319231278] [uav6.mavros.cmd]: CMD: Unexpected command 512, result 0
[INFO] [1790599607.470264136] [uav6.mavros]: CON: Got HEARTBEAT, connected. FCU: PX4 Autopilot
[INFO] [1790599608.534525223] [uav6.mavros.sys]: VER: 6.1: Capabilities         0x000000000000e8ff
[INFO] [1790599608.534577216] [uav6.mavros.sys]: VER: 6.1: Flight software:     011200c0 (fca3df865a000000)
[INFO] [1790599608.534589356] [uav6.mavros.sys]: VER: 6.1: Middleware software: 011200c0 (fca3df865a000000)
[INFO] [1790599608.534596520] [uav6.mavros.sys]: VER: 6.1: OS software:         070000ff (17040b9f87cb1791)
[INFO] [1790599608.534600987] [uav6.mavros.sys]: VER: 6.1: Board hardware:      00000001
[INFO] [1790599608.534605502] [uav6.mavros.sys]: VER: 6.1: VID/PID:             0000:0000
[INFO] [1790599608.534610252] [uav6.mavros.sys]: VER: 6.1: UID:                 4954414c44494e54
[WARN] [1790599615.413652586] [uav6.mavros.sys]: FCU: UNK(8): EVENT 11047904 with args -0-0-0-0-0-128-0-0-0-176-122-127-128-176-122-127-128-0-0-0-0-0-0-0-0-0-0-0-0-0-0-0-0-0-0-0-0-0-0-0-
[INFO] [1790599615.413750801] [uav6.mavros.sys]: FCU: EVENT 377561 with args -8-0-0-0-20-0-0-0-0-0-0-0-0-0-0-0-0-0-0-0-0-0-0-0-0-0-0-0-0-0-0-0-0-0-0-0-0-0-0-0-
[WARN] [1790599615.413790665] [uav6.mavros.sys]: FCU: EVENT 453929 with args -255-255-255-255-7-0-0-0-0-0-0-0-0-0-0-0-0-0-0-0-0-0-0-0-0-0-0-0-0-0-0-0-0-0-0-0-0-0-0-0-
[INFO] [1790599615.413825399] [uav6.mavros.sys]: FCU: EVENT 6801787 with args -255-255-255-255-12-0-0-0-0-0-0-0-0-0-0-0-0-0-0-0-0-0-0-0-0-0-0-0-0-0-0-0-0-0-0-0-0-0-0-0-
[WARN] [1790599615.413860716] [uav6.mavros.sys]: FCU: UNK(8): EVENT 1914663 with args -0-10-13-2-56-0-0-0-0-0-0-0-0-0-0-0-0-0-0-0-0-0-0-0-0-0-0-0-0-0-0-0-0-0-0-0-0-0-0-0-
[WARN] [1790599622.781907211] [uav6.mavros.cmd]: CMD: Unexpected command 176, result 0
[INFO] [1790599622.894058361] [uav6.mavros.sys]: FCU: EVENT 9489139 with args -4-0-0-0-0-0-0-0-0-0-0-0-0-0-0-0-0-0-0-0-0-0-0-0-0-0-0-0-0-0-0-0-0-0-0-0-0-0-0-0-
[INFO] [1790599624.888528145] [uav6.mavros.sys]: FCU: EVENT 4277609 with args -0-0-0-0-0-0-0-0-0-0-0-0-0-0-0-0-0-0-0-0-0-0-0-0-0-0-0-0-0-0-0-0-0-0-0-0-0-0-0-0-
[WARN] [1790599875.822044337] [uav6.mavros.cmd]: CMD: Unexpected command 176, result 0
[INFO] [1790599908.397077841] [uav6.mavros.sys]: FCU: EVENT 9844908 with args -0-0-0-0-0-0-0-0-0-0-0-0-0-0-0-0-0-0-0-0-0-0-0-0-0-0-0-0-0-0-0-0-0-0-0-0-0-0-0-0-
[INFO] [1790599910.519149898] [uav6.mavros.sys]: FCU: EVENT 16017271 with args -6-0-0-0-0-0-0-0-0-0-0-0-0-0-0-0-0-0-0-0-0-0-0-0-0-0-0-0-0-0-0-0-0-0-0-0-0-0-0-0-
[WARN] [1790599913.911755108] [uav6.mavros.sys]: FCU: UNK(8): EVENT 11047904 with args -0-0-0-0-0-128-0-0-0-176-122-127-128-176-122-127-128-0-0-0-0-0-0-0-0-0-0-0-0-0-0-0-0-0-0-0-0-0-0-0-
[INFO] [1790599913.912867466] [uav6.mavros.sys]: FCU: EVENT 377561 with args -8-0-0-0-20-0-0-0-0-0-0-0-0-0-0-0-0-0-0-0-0-0-0-0-0-0-0-0-0-0-0-0-0-0-0-0-0-0-0-0-
[WARN] [1790599913.913059062] [uav6.mavros.sys]: FCU: EVENT 453929 with args -255-255-255-255-7-0-0-0-0-0-0-0-0-0-0-0-0-0-0-0-0-0-0-0-0-0-0-0-0-0-0-0-0-0-0-0-0-0-0-0-
[INFO] [1790599913.913094021] [uav6.mavros.sys]: FCU: EVENT 6801787 with args -255-255-255-255-12-0-0-0-0-0-0-0-0-0-0-0-0-0-0-0-0-0-0-0-0-0-0-0-0-0-0-0-0-0-0-0-0-0-0-0-
[WARN] [1790599913.913136985] [uav6.mavros.sys]: FCU: UNK(8): EVENT 1914663 with args -0-10-9-2-56-0-0-0-0-0-0-0-0-0-0-0-0-0-0-0-0-0-0-0-0-0-0-0-0-0-0-0-0-0-0-0-0-0-0-0-
[INFO] [1790599918.266264642] [rclcpp]: signal_handler(SIGINT/SIGTERM)
[WARN] [1790599918.271088825] [uav6.mavros]: UAS Executor terminated
