[INFO] [1790599605.072942303] [uav8.mavros_node]: Starting mavros_node container
[INFO] [1790599605.073149722] [uav8.mavros_node]: FCU URL: udp://:14547@127.0.0.1:14587
[INFO] [1790599605.073220857] [uav8.mavros_node]: GCS URL: 
[INFO] [1790599605.073240812] [uav8.mavros_node]: UAS Prefix: /uas8
[INFO] [1790599605.073245605] [uav8.mavros_node]: Starting mavros router node
[INFO] [1790599605.105119535] [uav8.mavros_router]: Built-in SIMD instructions: SSE, SSE2
[INFO] [1790599605.105851955] [uav8.mavros_router]: Built-in MAVLink package version: 2026.8.8
[INFO] [1790599605.105886797] [uav8.mavros_router]: Known MAVLink dialects: common ardupilotmega ASLUAV AVSSUAS all csAirLink cubepilot development icarous loweheiser marsh paparazzi standard stemstudios storm32 uAvionix ualberta
[INFO] [1790599605.105894504] [uav8.mavros_router]: MAVROS Router started
[INFO] [1790599605.106116136] [uav8.mavros_node]: Starting mavros uas node
[INFO] [1790599605.235504852] [uav8.mavros_router]: Requested to add endpoint: type: 0, url: udp://:14547@127.0.0.1:14587
[INFO] [1790599605.235591463] [uav8.mavros_router]: Endpoint link[1000] created
[INFO] [1790599605.235838346] [uav8.mavros_router]: link[1000] opened successfully
[INFO] [1790599605.235860943] [uav8.mavros_router]: Requested to add endpoint: type: 2, url: /uas8
[INFO] [1790599605.235874849] [uav8.mavros_router]: Endpoint link[1001] created
[INFO] [1790599605.244380804] [uav8.mavros_router]: link[1000] detected remote address 8.1
[INFO] [1790599605.253335305] [uav8.mavros]: Plugin actuator_control ignored
[INFO] [1790599605.255211839] [uav8.mavros]: Plugin altitude ignored
[INFO] [1790599605.253387606] [uav8.mavros]: UAS Executor started, threads: 4
[INFO] [1790599605.333743209] [uav8.mavros_router]: link[1001] opened successfully
[INFO] [1790599605.501913975] [uav8.mavros]: Plugin command created
[INFO] [1790599605.502628343] [uav8.mavros]: Plugin command initialized
[INFO] [1790599605.502668920] [uav8.mavros]: Plugin ftp ignored
[INFO] [1790599605.502675625] [uav8.mavros]: Plugin geofence ignored
[INFO] [1790599605.754468808] [uav8.mavros]: Plugin global_position created
[INFO] [1790599605.754533413] [uav8.mavros]: Plugin global_position initialized
[INFO] [1790599605.754544386] [uav8.mavros]: Plugin home_position ignored
[INFO] [1790599605.754549582] [uav8.mavros]: Plugin imu ignored
[INFO] [1790599606.008769408] [uav8.mavros]: Plugin local_position created
[INFO] [1790599606.008815058] [uav8.mavros]: Plugin local_position initialized
[INFO] [1790599606.008861792] [uav8.mavros]: Plugin manual_control ignored
[INFO] [1790599606.008868045] [uav8.mavros]: Plugin nav_controller_output ignored
[INFO] [1790599606.008873684] [uav8.mavros]: Plugin param ignored
[INFO] [1790599606.008879414] [uav8.mavros]: Plugin rallypoint ignored
[INFO] [1790599606.008884838] [uav8.mavros]: Plugin rc_io ignored
[INFO] [1790599606.008890414] [uav8.mavros]: Plugin setpoint_accel ignored
[INFO] [1790599606.008902277] [uav8.mavros]: Plugin setpoint_attitude ignored
[INFO] [1790599606.008908142] [uav8.mavros]: Plugin setpoint_position ignored
[INFO] [1790599606.008913766] [uav8.mavros]: Plugin setpoint_raw ignored
[INFO] [1790599606.008919257] [uav8.mavros]: Plugin setpoint_trajectory ignored
[INFO] [1790599606.205237836] [uav8.mavros]: Plugin setpoint_velocity created
[INFO] [1790599606.248428679] [uav8.mavros]: Plugin setpoint_velocity initialized
[INFO] [1790599606.595136335] [uav8.mavros]: Plugin sys_status created
[INFO] [1790599606.595212163] [uav8.mavros]: Plugin sys_status initialized
[INFO] [1790599606.737979960] [uav8.mavros.time]: TM: Timesync mode: MAVLINK
[INFO] [1790599606.775028038] [uav8.mavros]: Plugin sys_time created
[INFO] [1790599606.775088385] [uav8.mavros]: Plugin sys_time initialized
[INFO] [1790599606.775097549] [uav8.mavros]: Plugin waypoint ignored
[INFO] [1790599606.775102333] [uav8.mavros]: Plugin wind_estimation ignored
[INFO] [1790599606.790484080] [uav8.mavros]: Built-in SIMD instructions: SSE, SSE2
[INFO] [1790599606.790521888] [uav8.mavros]: Built-in MAVLink package version: 2026.8.8
[INFO] [1790599606.790552202] [uav8.mavros]: Known MAVLink dialects: common ardupilotmega ASLUAV AVSSUAS all csAirLink cubepilot development icarous loweheiser marsh paparazzi standard stemstudios storm32 uAvionix ualberta
[INFO] [1790599606.790559629] [uav8.mavros]: MAVROS UAS via /uas8 started. MY ID 8.191, TARGET ID 8.1
[INFO] [1790599606.870002380] [uav8.mavros_router]: link[1001] detected remote address 8.191
[INFO] [1790599607.406057704] [uav8.mavros]: CON: Got HEARTBEAT, connected. FCU: PX4 Autopilot
[INFO] [1790599608.435795429] [uav8.mavros.sys]: VER: 8.1: Capabilities         0x000000000000e8ff
[INFO] [1790599608.441738716] [uav8.mavros.sys]: VER: 8.1: Flight software:     011200c0 (fca3df865a000000)
[INFO] [1790599608.441755016] [uav8.mavros.sys]: VER: 8.1: Middleware software: 011200c0 (fca3df865a000000)
[INFO] [1790599608.441760174] [uav8.mavros.sys]: VER: 8.1: OS software:         070000ff (17040b9f87cb1791)
[INFO] [1790599608.441764877] [uav8.mavros.sys]: VER: 8.1: Board hardware:      00000001
[INFO] [1790599608.441770181] [uav8.mavros.sys]: VER: 8.1: VID/PID:             0000:0000
[INFO] [1790599608.441775487] [uav8.mavros.sys]: VER: 8.1: UID:                 4954414c44494e56
[WARN] [1790599608.442781695] [uav8.mavros.cmd]: CMD: Unexpected command 512, result 0
[WARN] [1790599619.365062565] [uav8.mavros.sys]: FCU: UNK(8): EVENT 11047904 with args -0-0-0-0-0-128-0-0-0-176-122-127-128-176-122-127-128-0-0-0-0-0-0-0-0-0-0-0-0-0-0-0-0-0-0-0-0-0-0-0-
[INFO] [1790599619.365141370] [uav8.mavros.sys]: FCU: EVENT 377561 with args -8-0-0-0-20-0-0-0-0-0-0-0-0-0-0-0-0-0-0-0-0-0-0-0-0-0-0-0-0-0-0-0-0-0-0-0-0-0-0-0-
[WARN] [1790599619.365177963] [uav8.mavros.sys]: FCU: EVENT 453929 with args -255-255-255-255-7-0-0-0-0-0-0-0-0-0-0-0-0-0-0-0-0-0-0-0-0-0-0-0-0-0-0-0-0-0-0-0-0-0-0-0-
[INFO] [1790599619.365211564] [uav8.mavros.sys]: FCU: EVENT 6801787 with args -255-255-255-255-12-0-0-0-0-0-0-0-0-0-0-0-0-0-0-0-0-0-0-0-0-0-0-0-0-0-0-0-0-0-0-0-0-0-0-0-
[WARN] [1790599619.365245625] [uav8.mavros.sys]: FCU: UNK(8): EVENT 1914663 with args -0-10-13-2-56-0-0-0-0-0-0-0-0-0-0-0-0-0-0-0-0-0-0-0-0-0-0-0-0-0-0-0-0-0-0-0-0-0-0-0-
[WARN] [1790599622.811434382] [uav8.mavros.cmd]: CMD: Unexpected command 176, result 0
[INFO] [1790599622.911690791] [uav8.mavros.sys]: FCU: EVENT 9489139 with args -4-0-0-0-0-0-0-0-0-0-0-0-0-0-0-0-0-0-0-0-0-0-0-0-0-0-0-0-0-0-0-0-0-0-0-0-0-0-0-0-
[INFO] [1790599624.921791658] [uav8.mavros.sys]: FCU: EVENT 4277609 with args -0-0-0-0-0-0-0-0-0-0-0-0-0-0-0-0-0-0-0-0-0-0-0-0-0-0-0-0-0-0-0-0-0-0-0-0-0-0-0-0-
[WARN] [1790599875.800771308] [uav8.mavros.cmd]: CMD: Unexpected command 176, result 0
[INFO] [1790599907.025751937] [uav8.mavros.sys]: FCU: EVENT 9844908 with args -0-0-0-0-0-0-0-0-0-0-0-0-0-0-0-0-0-0-0-0-0-0-0-0-0-0-0-0-0-0-0-0-0-0-0-0-0-0-0-0-
[INFO] [1790599909.140801848] [uav8.mavros.sys]: FCU: EVENT 16017271 with args -6-0-0-0-0-0-0-0-0-0-0-0-0-0-0-0-0-0-0-0-0-0-0-0-0-0-0-0-0-0-0-0-0-0-0-0-0-0-0-0-
[WARN] [1790599912.753477274] [uav8.mavros.sys]: FCU: UNK(8): EVENT 11047904 with args -0-0-0-0-0-128-0-0-0-176-122-127-128-176-122-127-128-0-0-0-0-0-0-0-0-0-0-0-0-0-0-0-0-0-0-0-0-0-0-0-
[INFO] [1790599912.753534095] [uav8.mavros.sys]: FCU: EVENT 377561 with args -8-0-0-0-20-0-0-0-0-0-0-0-0-0-0-0-0-0-0-0-0-0-0-0-0-0-0-0-0-0-0-0-0-0-0-0-0-0-0-0-
[WARN] [1790599912.753633306] [uav8.mavros.sys]: FCU: EVENT 453929 with args -255-255-255-255-7-0-0-0-0-0-0-0-0-0-0-0-0-0-0-0-0-0-0-0-0-0-0-0-0-0-0-0-0-0-0-0-0-0-0-0-
[INFO] [1790599912.753778299] [uav8.mavros.sys]: FCU: EVENT 6801787 with args -255-255-255-255-12-0-0-0-0-0-0-0-0-0-0-0-0-0-0-0-0-0-0-0-0-0-0-0-0-0-0-0-0-0-0-0-0-0-0-0-
[WARN] [1790599912.753826953] [uav8.mavros.sys]: FCU: UNK(8): EVENT 1914663 with args -0-10-9-2-56-0-0-0-0-0-0-0-0-0-0-0-0-0-0-0-0-0-0-0-0-0-0-0-0-0-0-0-0-0-0-0-0-0-0-0-
[INFO] [1790599918.269576544] [rclcpp]: signal_handler(SIGINT/SIGTERM)
[WARN] [1790599918.270230639] [uav8.mavros]: UAS Executor terminated
