[INFO] [1790599605.125528172] [uav5.mavros_node]: Starting mavros_node container
[INFO] [1790599605.196687869] [uav5.mavros_node]: FCU URL: udp://:14544@127.0.0.1:14584
[INFO] [1790599605.196737270] [uav5.mavros_node]: GCS URL: 
[INFO] [1790599605.196742769] [uav5.mavros_node]: UAS Prefix: /uas5
[INFO] [1790599605.196747340] [uav5.mavros_node]: Starting mavros router node
[INFO] [1790599605.300265101] [uav5.mavros_router]: Built-in SIMD instructions: SSE, SSE2
[INFO] [1790599605.300320412] [uav5.mavros_router]: Built-in MAVLink package version: 2026.8.8
[INFO] [1790599605.301622773] [uav5.mavros_router]: Known MAVLink dialects: common ardupilotmega ASLUAV AVSSUAS all csAirLink cubepilot development icarous loweheiser marsh paparazzi standard stemstudios storm32 uAvionix ualberta
[INFO] [1790599605.301652424] [uav5.mavros_router]: MAVROS Router started
[INFO] [1790599605.302621823] [uav5.mavros_node]: Starting mavros uas node
[INFO] [1790599605.531165658] [uav5.mavros_router]: Requested to add endpoint: type: 0, url: udp://:14544@127.0.0.1:14584
[INFO] [1790599605.561251505] [uav5.mavros_router]: Endpoint link[1000] created
[INFO] [1790599605.561507779] [uav5.mavros_router]: link[1000] opened successfully
[INFO] [1790599605.561531913] [uav5.mavros_router]: Requested to add endpoint: type: 2, url: /uas5
[INFO] [1790599605.561546694] [uav5.mavros_router]: Endpoint link[1001] created
[INFO] [1790599605.543989211] [uav5.mavros]: Plugin actuator_control ignored
[INFO] [1790599605.562552988] [uav5.mavros]: Plugin altitude ignored
[INFO] [1790599605.543998260] [uav5.mavros]: UAS Executor started, threads: 4
[INFO] [1790599605.568405078] [uav5.mavros_router]: link[1000] detected remote address 5.1
[INFO] [1790599605.629997152] [uav5.mavros_router]: link[1001] opened successfully
[INFO] [1790599605.888870851] [uav5.mavros]: Plugin command created
[INFO] [1790599605.896911181] [uav5.mavros]: Plugin command initialized
[INFO] [1790599605.896932286] [uav5.mavros]: Plugin ftp ignored
[INFO] [1790599605.896938444] [uav5.mavros]: Plugin geofence ignored
[INFO] [1790599606.256570587] [uav5.mavros]: Plugin global_position created
[INFO] [1790599606.256625385] [uav5.mavros]: Plugin global_position initialized
[INFO] [1790599606.256633696] [uav5.mavros]: Plugin home_position ignored
[INFO] [1790599606.256638804] [uav5.mavros]: Plugin imu ignored
[INFO] [1790599606.475549367] [uav5.mavros]: Plugin local_position created
[INFO] [1790599606.480226706] [uav5.mavros]: Plugin local_position initialized
[INFO] [1790599606.480239322] [uav5.mavros]: Plugin manual_control ignored
[INFO] [1790599606.480243946] [uav5.mavros]: Plugin nav_controller_output ignored
[INFO] [1790599606.480248496] [uav5.mavros]: Plugin param ignored
[INFO] [1790599606.480252832] [uav5.mavros]: Plugin rallypoint ignored
[INFO] [1790599606.480257579] [uav5.mavros]: Plugin rc_io ignored
[INFO] [1790599606.480262675] [uav5.mavros]: Plugin setpoint_accel ignored
[INFO] [1790599606.480267075] [uav5.mavros]: Plugin setpoint_attitude ignored
[INFO] [1790599606.480271888] [uav5.mavros]: Plugin setpoint_position ignored
[INFO] [1790599606.480277467] [uav5.mavros]: Plugin setpoint_raw ignored
[INFO] [1790599606.480282520] [uav5.mavros]: Plugin setpoint_trajectory ignored
[INFO] [1790599606.596845026] [uav5.mavros]: Plugin setpoint_velocity created
[INFO] [1790599606.596906909] [uav5.mavros]: Plugin setpoint_velocity initialized
[INFO] [1790599606.764642960] [uav5.mavros]: Plugin sys_status created
[INFO] [1790599606.764708404] [uav5.mavros]: Plugin sys_status initialized
[INFO] [1790599606.823426770] [uav5.mavros.time]: TM: Timesync mode: MAVLINK
[INFO] [1790599606.899183496] [uav5.mavros]: Plugin sys_time created
[INFO] [1790599606.899285476] [uav5.mavros]: Plugin sys_time initialized
[INFO] [1790599606.899296065] [uav5.mavros]: Plugin waypoint ignored
[INFO] [1790599606.899302034] [uav5.mavros]: Plugin wind_estimation ignored
[INFO] [1790599606.905914678] [uav5.mavros]: Built-in SIMD instructions: SSE, SSE2
[INFO] [1790599606.905949617] [uav5.mavros]: Built-in MAVLink package version: 2026.8.8
[INFO] [1790599606.905975323] [uav5.mavros]: Known MAVLink dialects: common ardupilotmega ASLUAV AVSSUAS all csAirLink cubepilot development icarous loweheiser marsh paparazzi standard stemstudios storm32 uAvionix ualberta
[INFO] [1790599606.905981982] [uav5.mavros]: MAVROS UAS via /uas5 started. MY ID 5.191, TARGET ID 5.1
[INFO] [1790599607.010757609] [uav5.mavros_router]: link[1001] detected remote address 5.191
[INFO] [1790599607.664594298] [uav5.mavros]: CON: Got HEARTBEAT, connected. FCU: PX4 Autopilot
[INFO] [1790599608.739270006] [uav5.mavros.sys]: VER: 5.1: Capabilities         0x000000000000e8ff
[INFO] [1790599608.739319200] [uav5.mavros.sys]: VER: 5.1: Flight software:     011200c0 (fca3df865a000000)
[INFO] [1790599608.739326045] [uav5.mavros.sys]: VER: 5.1: Middleware software: 011200c0 (fca3df865a000000)
[INFO] [1790599608.739331005] [uav5.mavros.sys]: VER: 5.1: OS software:         070000ff (17040b9f87cb1791)
[INFO] [1790599608.739335210] [uav5.mavros.sys]: VER: 5.1: Board hardware:      00000001
[INFO] [1790599608.739339993] [uav5.mavros.sys]: VER: 5.1: VID/PID:             0000:0000
[INFO] [1790599608.739344744] [uav5.mavros.sys]: VER: 5.1: UID:                 4954414c44494e53
[WARN] [1790599608.739385868] [uav5.mavros.cmd]: CMD: Unexpected command 512, result 0
[WARN] [1790599619.749519484] [uav5.mavros.sys]: FCU: UNK(8): EVENT 11047904 with args -0-0-0-0-0-128-0-0-0-176-122-127-128-176-122-127-128-0-0-0-0-0-0-0-0-0-0-0-0-0-0-0-0-0-0-0-0-0-0-0-
[INFO] [1790599619.753814059] [uav5.mavros.sys]: FCU: EVENT 377561 with args -8-0-0-0-20-0-0-0-0-0-0-0-0-0-0-0-0-0-0-0-0-0-0-0-0-0-0-0-0-0-0-0-0-0-0-0-0-0-0-0-
[WARN] [1790599619.753884030] [uav5.mavros.sys]: FCU: EVENT 453929 with args -255-255-255-255-7-0-0-0-0-0-0-0-0-0-0-0-0-0-0-0-0-0-0-0-0-0-0-0-0-0-0-0-0-0-0-0-0-0-0-0-
[INFO] [1790599619.753921698] [uav5.mavros.sys]: FCU: EVENT 6801787 with args -255-255-255-255-12-0-0-0-0-0-0-0-0-0-0-0-0-0-0-0-0-0-0-0-0-0-0-0-0-0-0-0-0-0-0-0-0-0-0-0-
[WARN] [1790599619.753956382] [uav5.mavros.sys]: FCU: UNK(8): EVENT 1914663 with args -0-10-13-2-56-0-0-0-0-0-0-0-0-0-0-0-0-0-0-0-0-0-0-0-0-0-0-0-0-0-0-0-0-0-0-0-0-0-0-0-
[WARN] [1790599622.786514251] [uav5.mavros.cmd]: CMD: Unexpected command 176, result 0
[INFO] [1790599623.147186409] [uav5.mavros.sys]: FCU: EVENT 9489139 with args -4-0-0-0-0-0-0-0-0-0-0-0-0-0-0-0-0-0-0-0-0-0-0-0-0-0-0-0-0-0-0-0-0-0-0-0-0-0-0-0-
[INFO] [1790599625.132381792] [uav5.mavros.sys]: FCU: EVENT 4277609 with args -0-0-0-0-0-0-0-0-0-0-0-0-0-0-0-0-0-0-0-0-0-0-0-0-0-0-0-0-0-0-0-0-0-0-0-0-0-0-0-0-
[WARN] [1790599875.834840330] [uav5.mavros.cmd]: CMD: Unexpected command 176, result 0
[INFO] [1790599910.269895398] [uav5.mavros.sys]: FCU: EVENT 9844908 with args -0-0-0-0-0-0-0-0-0-0-0-0-0-0-0-0-0-0-0-0-0-0-0-0-0-0-0-0-0-0-0-0-0-0-0-0-0-0-0-0-
[INFO] [1790599912.390895341] [uav5.mavros.sys]: FCU: EVENT 16017271 with args -6-0-0-0-0-0-0-0-0-0-0-0-0-0-0-0-0-0-0-0-0-0-0-0-0-0-0-0-0-0-0-0-0-0-0-0-0-0-0-0-
[WARN] [1790599916.184971089] [uav5.mavros.sys]: FCU: UNK(8): EVENT 11047904 with args -0-0-0-0-0-128-0-0-0-176-122-127-128-176-122-127-128-0-0-0-0-0-0-0-0-0-0-0-0-0-0-0-0-0-0-0-0-0-0-0-
[INFO] [1790599916.185064856] [uav5.mavros.sys]: FCU: EVENT 377561 with args -8-0-0-0-20-0-0-0-0-0-0-0-0-0-0-0-0-0-0-0-0-0-0-0-0-0-0-0-0-0-0-0-0-0-0-0-0-0-0-0-
[WARN] [1790599916.185208280] [uav5.mavros.sys]: FCU: EVENT 453929 with args -255-255-255-255-7-0-0-0-0-0-0-0-0-0-0-0-0-0-0-0-0-0-0-0-0-0-0-0-0-0-0-0-0-0-0-0-0-0-0-0-
[INFO] [1790599916.185290085] [uav5.mavros.sys]: FCU: EVENT 6801787 with args -255-255-255-255-12-0-0-0-0-0-0-0-0-0-0-0-0-0-0-0-0-0-0-0-0-0-0-0-0-0-0-0-0-0-0-0-0-0-0-0-
[WARN] [1790599916.185312396] [uav5.mavros.sys]: FCU: UNK(8): EVENT 1914663 with args -0-10-9-2-56-0-0-0-0-0-0-0-0-0-0-0-0-0-0-0-0-0-0-0-0-0-0-0-0-0-0-0-0-0-0-0-0-0-0-0-
[INFO] [1790599918.266253835] [rclcpp]: signal_handler(SIGINT/SIGTERM)
[WARN] [1790599918.271384234] [uav5.mavros]: UAS Executor terminated
