[INFO] [1790599604.961863258] [uav3.mavros_node]: Starting mavros_node container
[INFO] [1790599604.962273486] [uav3.mavros_node]: FCU URL: udp://:14542@127.0.0.1:14582
[INFO] [1790599604.962284232] [uav3.mavros_node]: GCS URL: 
[INFO] [1790599604.962288841] [uav3.mavros_node]: UAS Prefix: /uas3
[INFO] [1790599604.962293607] [uav3.mavros_node]: Starting mavros router node
[INFO] [1790599605.006070157] [uav3.mavros_router]: Built-in SIMD instructions: SSE, SSE2
[INFO] [1790599605.006110033] [uav3.mavros_router]: Built-in MAVLink package version: 2026.8.8
[INFO] [1790599605.006118336] [uav3.mavros_router]: Known MAVLink dialects: common ardupilotmega ASLUAV AVSSUAS all csAirLink cubepilot development icarous loweheiser marsh paparazzi standard stemstudios storm32 uAvionix ualberta
[INFO] [1790599605.006124872] [uav3.mavros_router]: MAVROS Router started
[INFO] [1790599605.006251900] [uav3.mavros_node]: Starting mavros uas node
[INFO] [1790599605.185162659] [uav3.mavros_router]: Requested to add endpoint: type: 0, url: udp://:14542@127.0.0.1:14582
[INFO] [1790599605.195009557] [uav3.mavros_router]: Endpoint link[1000] created
[INFO] [1790599605.195485676] [uav3.mavros]: UAS Executor started, threads: 4
[INFO] [1790599605.195496004] [uav3.mavros]: Plugin actuator_control ignored
[INFO] [1790599605.195979715] [uav3.mavros]: Plugin altitude ignored
[INFO] [1790599605.196010436] [uav3.mavros_router]: link[1000] opened successfully
[INFO] [1790599605.196042541] [uav3.mavros_router]: Requested to add endpoint: type: 2, url: /uas3
[INFO] [1790599605.196057999] [uav3.mavros_router]: Endpoint link[1001] created
[INFO] [1790599605.201023383] [uav3.mavros_router]: link[1000] detected remote address 3.1
[INFO] [1790599605.250012161] [uav3.mavros_router]: link[1001] opened successfully
[INFO] [1790599605.420442891] [uav3.mavros]: Plugin command created
[INFO] [1790599605.423058697] [uav3.mavros]: Plugin command initialized
[INFO] [1790599605.423082747] [uav3.mavros]: Plugin ftp ignored
[INFO] [1790599605.423088856] [uav3.mavros]: Plugin geofence ignored
[INFO] [1790599605.573902060] [uav3.mavros]: Plugin global_position created
[INFO] [1790599605.612402243] [uav3.mavros]: Plugin global_position initialized
[INFO] [1790599605.612415271] [uav3.mavros]: Plugin home_position ignored
[INFO] [1790599605.612420315] [uav3.mavros]: Plugin imu ignored
[INFO] [1790599605.808114657] [uav3.mavros]: Plugin local_position created
[INFO] [1790599605.842374191] [uav3.mavros]: Plugin local_position initialized
[INFO] [1790599605.842392855] [uav3.mavros]: Plugin manual_control ignored
[INFO] [1790599605.842398976] [uav3.mavros]: Plugin nav_controller_output ignored
[INFO] [1790599605.842404807] [uav3.mavros]: Plugin param ignored
[INFO] [1790599605.842410742] [uav3.mavros]: Plugin rallypoint ignored
[INFO] [1790599605.842416080] [uav3.mavros]: Plugin rc_io ignored
[INFO] [1790599605.842421797] [uav3.mavros]: Plugin setpoint_accel ignored
[INFO] [1790599605.842427189] [uav3.mavros]: Plugin setpoint_attitude ignored
[INFO] [1790599605.842433307] [uav3.mavros]: Plugin setpoint_position ignored
[INFO] [1790599605.842438718] [uav3.mavros]: Plugin setpoint_raw ignored
[INFO] [1790599605.842444251] [uav3.mavros]: Plugin setpoint_trajectory ignored
[INFO] [1790599606.007913570] [uav3.mavros]: Plugin setpoint_velocity created
[INFO] [1790599606.007965638] [uav3.mavros]: Plugin setpoint_velocity initialized
[INFO] [1790599606.323531159] [uav3.mavros]: Plugin sys_status created
[INFO] [1790599606.323607691] [uav3.mavros]: Plugin sys_status initialized
[INFO] [1790599606.523602845] [uav3.mavros.time]: TM: Timesync mode: MAVLINK
[INFO] [1790599606.547745160] [uav3.mavros]: Plugin sys_time created
[INFO] [1790599606.547805920] [uav3.mavros]: Plugin sys_time initialized
[INFO] [1790599606.547816124] [uav3.mavros]: Plugin waypoint ignored
[INFO] [1790599606.547821410] [uav3.mavros]: Plugin wind_estimation ignored
[INFO] [1790599606.565388771] [uav3.mavros]: Built-in SIMD instructions: SSE, SSE2
[INFO] [1790599606.565435015] [uav3.mavros]: Built-in MAVLink package version: 2026.8.8
[INFO] [1790599606.565468456] [uav3.mavros]: Known MAVLink dialects: common ardupilotmega ASLUAV AVSSUAS all csAirLink cubepilot development icarous loweheiser marsh paparazzi standard stemstudios storm32 uAvionix ualberta
[INFO] [1790599606.565474765] [uav3.mavros]: MAVROS UAS via /uas3 started. MY ID 3.191, TARGET ID 3.1
[INFO] [1790599606.653792753] [uav3.mavros_router]: link[1001] detected remote address 3.191
[INFO] [1790599607.391503030] [uav3.mavros.sys]: VER: 3.1: Capabilities         0x000000000000e8ff
[INFO] [1790599607.396325502] [uav3.mavros.sys]: VER: 3.1: Flight software:     011200c0 (fca3df865a000000)
[INFO] [1790599607.396344525] [uav3.mavros.sys]: VER: 3.1: Middleware software: 011200c0 (fca3df865a000000)
[INFO] [1790599607.396349399] [uav3.mavros.sys]: VER: 3.1: OS software:         070000ff (17040b9f87cb1791)
[INFO] [1790599607.396353909] [uav3.mavros.sys]: VER: 3.1: Board hardware:      00000001
[INFO] [1790599607.396358083] [uav3.mavros.sys]: VER: 3.1: VID/PID:             0000:0000
[INFO] [1790599607.396362657] [uav3.mavros.sys]: VER: 3.1: UID:                 4954414c44494e51
[WARN] [1790599607.397852760] [uav3.mavros.cmd]: CMD: Unexpected command 512, result 0
[INFO] [1790599607.406357786] [uav3.mavros]: CON: Got HEARTBEAT, connected. FCU: PX4 Autopilot
[INFO] [1790599608.479982702] [uav3.mavros.sys]: VER: 3.1: Capabilities         0x000000000000e8ff
[INFO] [1790599608.480032884] [uav3.mavros.sys]: VER: 3.1: Flight software:     011200c0 (fca3df865a000000)
[INFO] [1790599608.480039129] [uav3.mavros.sys]: VER: 3.1: Middleware software: 011200c0 (fca3df865a000000)
[INFO] [1790599608.480043712] [uav3.mavros.sys]: VER: 3.1: OS software:         070000ff (17040b9f87cb1791)
[INFO] [1790599608.480048482] [uav3.mavros.sys]: VER: 3.1: Board hardware:      00000001
[INFO] [1790599608.480052441] [uav3.mavros.sys]: VER: 3.1: VID/PID:             0000:0000
[INFO] [1790599608.480057523] [uav3.mavros.sys]: VER: 3.1: UID:                 4954414c44494e51
[WARN] [1790599608.505875884] [uav3.mavros.sys]: VER: broadcast request timeout, retries left 4
[WARN] [1790599619.000901503] [uav3.mavros.sys]: FCU: UNK(8): EVENT 11047904 with args -0-0-0-0-0-128-0-0-0-176-122-127-128-176-122-127-128-0-0-0-0-0-0-0-0-0-0-0-0-0-0-0-0-0-0-0-0-0-0-0-
[INFO] [1790599619.000990276] [uav3.mavros.sys]: FCU: EVENT 377561 with args -8-0-0-0-20-0-0-0-0-0-0-0-0-0-0-0-0-0-0-0-0-0-0-0-0-0-0-0-0-0-0-0-0-0-0-0-0-0-0-0-
[WARN] [1790599619.001037904] [uav3.mavros.sys]: FCU: EVENT 453929 with args -255-255-255-255-7-0-0-0-0-0-0-0-0-0-0-0-0-0-0-0-0-0-0-0-0-0-0-0-0-0-0-0-0-0-0-0-0-0-0-0-
[INFO] [1790599619.003145658] [uav3.mavros.sys]: FCU: EVENT 6801787 with args -255-255-255-255-12-0-0-0-0-0-0-0-0-0-0-0-0-0-0-0-0-0-0-0-0-0-0-0-0-0-0-0-0-0-0-0-0-0-0-0-
[WARN] [1790599619.003215269] [uav3.mavros.sys]: FCU: UNK(8): EVENT 1914663 with args -0-10-13-2-56-0-0-0-0-0-0-0-0-0-0-0-0-0-0-0-0-0-0-0-0-0-0-0-0-0-0-0-0-0-0-0-0-0-0-0-
[WARN] [1790599622.766723506] [uav3.mavros.cmd]: CMD: Unexpected command 176, result 0
[INFO] [1790599622.907949206] [uav3.mavros.sys]: FCU: EVENT 9489139 with args -4-0-0-0-0-0-0-0-0-0-0-0-0-0-0-0-0-0-0-0-0-0-0-0-0-0-0-0-0-0-0-0-0-0-0-0-0-0-0-0-
[INFO] [1790599624.972294967] [uav3.mavros.sys]: FCU: EVENT 4277609 with args -0-0-0-0-0-0-0-0-0-0-0-0-0-0-0-0-0-0-0-0-0-0-0-0-0-0-0-0-0-0-0-0-0-0-0-0-0-0-0-0-
[WARN] [1790599875.814866352] [uav3.mavros.cmd]: CMD: Unexpected command 176, result 0
[INFO] [1790599908.647700462] [uav3.mavros.sys]: FCU: EVENT 9844908 with args -0-0-0-0-0-0-0-0-0-0-0-0-0-0-0-0-0-0-0-0-0-0-0-0-0-0-0-0-0-0-0-0-0-0-0-0-0-0-0-0-
[INFO] [1790599910.780571224] [uav3.mavros.sys]: FCU: EVENT 16017271 with args -6-0-0-0-0-0-0-0-0-0-0-0-0-0-0-0-0-0-0-0-0-0-0-0-0-0-0-0-0-0-0-0-0-0-0-0-0-0-0-0-
[WARN] [1790599914.016456419] [uav3.mavros.sys]: FCU: UNK(8): EVENT 11047904 with args -0-0-0-0-0-128-0-0-0-176-122-127-128-176-122-127-128-0-0-0-0-0-0-0-0-0-0-0-0-0-0-0-0-0-0-0-0-0-0-0-
[INFO] [1790599914.016539420] [uav3.mavros.sys]: FCU: EVENT 377561 with args -8-0-0-0-20-0-0-0-0-0-0-0-0-0-0-0-0-0-0-0-0-0-0-0-0-0-0-0-0-0-0-0-0-0-0-0-0-0-0-0-
[WARN] [1790599914.016630202] [uav3.mavros.sys]: FCU: EVENT 453929 with args -255-255-255-255-7-0-0-0-0-0-0-0-0-0-0-0-0-0-0-0-0-0-0-0-0-0-0-0-0-0-0-0-0-0-0-0-0-0-0-0-
[INFO] [1790599914.016718804] [uav3.mavros.sys]: FCU: EVENT 6801787 with args -255-255-255-255-12-0-0-0-0-0-0-0-0-0-0-0-0-0-0-0-0-0-0-0-0-0-0-0-0-0-0-0-0-0-0-0-0-0-0-0-
[WARN] [1790599914.016746897] [uav3.mavros.sys]: FCU: UNK(8): EVENT 1914663 with args -0-10-9-2-56-0-0-0-0-0-0-0-0-0-0-0-0-0-0-0-0-0-0-0-0-0-0-0-0-0-0-0-0-0-0-0-0-0-0-0-
[INFO] [1790599918.268028871] [rclcpp]: signal_handler(SIGINT/SIGTERM)
[WARN] [1790599918.269701379] [uav3.mavros]: UAS Executor terminated
