[INFO] [1790494773.581634946] [uav9.mavros_node]: Starting mavros_node container
[INFO] [1790494773.590100881] [uav9.mavros_node]: FCU URL: udp://:14548@127.0.0.1:14588
[INFO] [1790494773.591851223] [uav9.mavros_node]: GCS URL: 
[INFO] [1790494773.591890412] [uav9.mavros_node]: UAS Prefix: /uas9
[INFO] [1790494773.591913413] [uav9.mavros_node]: Starting mavros router node
[INFO] [1790494773.930184399] [uav9.mavros_router]: Built-in SIMD instructions: SSE, SSE2
[INFO] [1790494773.939392623] [uav9.mavros_router]: Built-in MAVLink package version: 2026.8.8
[INFO] [1790494773.939467608] [uav9.mavros_router]: Known MAVLink dialects: common ardupilotmega ASLUAV AVSSUAS all csAirLink cubepilot development icarous loweheiser marsh paparazzi standard stemstudios storm32 uAvionix ualberta
[INFO] [1790494773.939489038] [uav9.mavros_router]: MAVROS Router started
[INFO] [1790494773.939828466] [uav9.mavros_node]: Starting mavros uas node
[INFO] [1790494774.433089099] [uav9.mavros_router]: Requested to add endpoint: type: 0, url: udp://:14548@127.0.0.1:14588
[INFO] [1790494774.433194278] [uav9.mavros_router]: Endpoint link[1000] created
[INFO] [1790494774.435337605] [uav9.mavros_router]: link[1000] opened successfully
[INFO] [1790494774.435405052] [uav9.mavros_router]: Requested to add endpoint: type: 2, url: /uas9
[INFO] [1790494774.436155544] [uav9.mavros_router]: Endpoint link[1001] created
[INFO] [1790494774.441149333] [uav9.mavros_router]: link[1000] detected remote address 9.1
[INFO] [1790494774.444777907] [uav9.mavros]: UAS Executor started, threads: 4
[INFO] [1790494774.446003004] [uav9.mavros]: Plugin actuator_control ignored
[INFO] [1790494774.446105667] [uav9.mavros]: Plugin altitude ignored
[INFO] [1790494774.478263277] [uav9.mavros_router]: link[1001] opened successfully
[INFO] [1790494774.681746592] [uav9.mavros]: Plugin command created
[INFO] [1790494774.688626757] [uav9.mavros]: Plugin command initialized
[INFO] [1790494774.688744567] [uav9.mavros]: Plugin ftp ignored
[INFO] [1790494774.688763238] [uav9.mavros]: Plugin geofence ignored
[INFO] [1790494775.453535608] [uav9.mavros]: Plugin global_position created
[INFO] [1790494775.455912041] [uav9.mavros]: Plugin global_position initialized
[INFO] [1790494775.455973562] [uav9.mavros]: Plugin home_position ignored
[INFO] [1790494775.455994265] [uav9.mavros]: Plugin imu ignored
[INFO] [1790494776.097134300] [uav9.mavros]: Plugin local_position created
[INFO] [1790494776.097259866] [uav9.mavros]: Plugin local_position initialized
[INFO] [1790494776.097285308] [uav9.mavros]: Plugin manual_control ignored
[INFO] [1790494776.097299655] [uav9.mavros]: Plugin nav_controller_output ignored
[INFO] [1790494776.097313114] [uav9.mavros]: Plugin param ignored
[INFO] [1790494776.097326064] [uav9.mavros]: Plugin rallypoint ignored
[INFO] [1790494776.097339298] [uav9.mavros]: Plugin rc_io ignored
[INFO] [1790494776.097352572] [uav9.mavros]: Plugin setpoint_accel ignored
[INFO] [1790494776.097365682] [uav9.mavros]: Plugin setpoint_attitude ignored
[INFO] [1790494776.097378237] [uav9.mavros]: Plugin setpoint_position ignored
[INFO] [1790494776.097403181] [uav9.mavros]: Plugin setpoint_raw ignored
[INFO] [1790494776.097418025] [uav9.mavros]: Plugin setpoint_trajectory ignored
[INFO] [1790494776.386113683] [uav9.mavros]: Plugin setpoint_velocity created
[INFO] [1790494776.387312018] [uav9.mavros]: Plugin setpoint_velocity initialized
[INFO] [1790494777.301282205] [uav9.mavros]: Plugin sys_status created
[INFO] [1790494777.301421450] [uav9.mavros]: Plugin sys_status initialized
[INFO] [1790494778.534122564] [uav9.mavros.time]: TM: Timesync mode: MAVLINK
[INFO] [1790494778.599843469] [uav9.mavros]: Plugin sys_time created
[INFO] [1790494778.599936855] [uav9.mavros]: Plugin sys_time initialized
[INFO] [1790494778.599961800] [uav9.mavros]: Plugin waypoint ignored
[INFO] [1790494778.599976177] [uav9.mavros]: Plugin wind_estimation ignored
[INFO] [1790494778.761946767] [uav9.mavros]: Built-in SIMD instructions: SSE, SSE2
[INFO] [1790494778.762028703] [uav9.mavros]: Built-in MAVLink package version: 2026.8.8
[INFO] [1790494778.762069978] [uav9.mavros]: Known MAVLink dialects: common ardupilotmega ASLUAV AVSSUAS all csAirLink cubepilot development icarous loweheiser marsh paparazzi standard stemstudios storm32 uAvionix ualberta
[INFO] [1790494778.762088765] [uav9.mavros]: MAVROS UAS via /uas9 started. MY ID 9.191, TARGET ID 9.1
[INFO] [1790494778.786335848] [uav9.mavros_router]: link[1001] detected remote address 9.191
[INFO] [1790494779.374056000] [uav9.mavros.sys]: VER: 9.1: Capabilities         0x000000000000e8ff
[INFO] [1790494779.374153769] [uav9.mavros.sys]: VER: 9.1: Flight software:     011200c0 (fca3df865a000000)
[INFO] [1790494779.374173281] [uav9.mavros.sys]: VER: 9.1: Middleware software: 011200c0 (fca3df865a000000)
[INFO] [1790494779.374188658] [uav9.mavros.sys]: VER: 9.1: OS software:         070000ff (17040b9f87cb1791)
[INFO] [1790494779.374202450] [uav9.mavros.sys]: VER: 9.1: Board hardware:      00000001
[INFO] [1790494779.374216051] [uav9.mavros.sys]: VER: 9.1: VID/PID:             0000:0000
[INFO] [1790494779.374229849] [uav9.mavros.sys]: VER: 9.1: UID:                 4954414c44494e57
[WARN] [1790494779.374321695] [uav9.mavros.cmd]: CMD: Unexpected command 512, result 0
[INFO] [1790494779.414630400] [uav9.mavros]: CON: Got HEARTBEAT, connected. FCU: PX4 Autopilot
[INFO] [1790494780.665265858] [uav9.mavros.sys]: VER: 9.1: Capabilities         0x000000000000e8ff
[INFO] [1790494780.665374673] [uav9.mavros.sys]: VER: 9.1: Flight software:     011200c0 (fca3df865a000000)
[INFO] [1790494780.665396827] [uav9.mavros.sys]: VER: 9.1: Middleware software: 011200c0 (fca3df865a000000)
[INFO] [1790494780.665411317] [uav9.mavros.sys]: VER: 9.1: OS software:         070000ff (17040b9f87cb1791)
[INFO] [1790494780.665424527] [uav9.mavros.sys]: VER: 9.1: Board hardware:      00000001
[INFO] [1790494780.665438012] [uav9.mavros.sys]: VER: 9.1: VID/PID:             0000:0000
[INFO] [1790494780.665452266] [uav9.mavros.sys]: VER: 9.1: UID:                 4954414c44494e57
[WARN] [1790494780.877575187] [uav9.mavros.sys]: VER: broadcast request timeout, retries left 4
[WARN] [1790494815.032242692] [uav9.mavros.sys]: FCU: UNK(8): EVENT 11047904 with args -0-0-0-0-0-128-0-0-0-176-122-127-128-176-122-127-128-0-0-0-0-0-0-0-0-0-0-0-0-0-0-0-0-0-0-0-0-0-0-0-
[INFO] [1790494815.041017381] [uav9.mavros.sys]: FCU: EVENT 377561 with args -8-0-0-0-20-0-0-0-0-0-0-0-0-0-0-0-0-0-0-0-0-0-0-0-0-0-0-0-0-0-0-0-0-0-0-0-0-0-0-0-
[WARN] [1790494815.075676746] [uav9.mavros.sys]: FCU: EVENT 453929 with args -255-255-255-255-7-0-0-0-0-0-0-0-0-0-0-0-0-0-0-0-0-0-0-0-0-0-0-0-0-0-0-0-0-0-0-0-0-0-0-0-
[INFO] [1790494815.076882622] [uav9.mavros.sys]: FCU: EVENT 6801787 with args -255-255-255-255-12-0-0-0-0-0-0-0-0-0-0-0-0-0-0-0-0-0-0-0-0-0-0-0-0-0-0-0-0-0-0-0-0-0-0-0-
[WARN] [1790494815.090250740] [uav9.mavros.sys]: FCU: UNK(8): EVENT 1914663 with args -0-10-13-2-56-0-0-0-0-0-0-0-0-0-0-0-0-0-0-0-0-0-0-0-0-0-0-0-0-0-0-0-0-0-0-0-0-0-0-0-
[WARN] [1790494819.291522998] [uav9.mavros.sys]: FCU: UNK(8): EVENT 11047904 with args -0-0-0-16-0-128-0-0-0-176-58-127-128-176-58-127-128-0-0-0-0-0-0-0-0-0-0-0-0-0-0-0-0-0-0-0-0-0-0-0-
[ERROR] [1790494819.321692124] [uav9.mavros.sys]: FCU: EVENT 11464574 with args -0-64-0-0-20-0-0-0-0-0-0-0-0-0-0-0-0-0-0-0-0-0-0-0-0-0-0-0-0-0-0-0-0-0-0-0-0-0-0-0-
[INFO] [1790494819.321882933] [uav9.mavros.sys]: FCU: EVENT 377561 with args -8-0-0-0-20-0-0-0-0-0-0-0-0-0-0-0-0-0-0-0-0-0-0-0-0-0-0-0-0-0-0-0-0-0-0-0-0-0-0-0-
[WARN] [1790494819.321999839] [uav9.mavros.sys]: FCU: EVENT 453929 with args -255-255-255-255-7-0-0-0-0-0-0-0-0-0-0-0-0-0-0-0-0-0-0-0-0-0-0-0-0-0-0-0-0-0-0-0-0-0-0-0-
[INFO] [1790494819.322100395] [uav9.mavros.sys]: FCU: EVENT 6801787 with args -255-255-255-255-12-0-0-0-0-0-0-0-0-0-0-0-0-0-0-0-0-0-0-0-0-0-0-0-0-0-0-0-0-0-0-0-0-0-0-0-
[WARN] [1790494819.322216010] [uav9.mavros.sys]: FCU: UNK(8): EVENT 1914663 with args -0-10-13-2-56-0-0-0-0-0-0-0-0-0-0-0-0-0-0-0-0-0-0-0-0-0-0-0-0-0-0-0-0-0-0-0-0-0-0-0-
[WARN] [1790494823.174285921] [uav9.mavros.sys]: FCU: UNK(8): EVENT 11047904 with args -0-0-0-0-0-128-0-0-0-176-122-127-128-176-122-127-128-0-0-0-0-0-0-0-0-0-0-0-0-0-0-0-0-0-0-0-0-0-0-0-
[INFO] [1790494823.174513466] [uav9.mavros.sys]: FCU: EVENT 377561 with args -8-0-0-0-20-0-0-0-0-0-0-0-0-0-0-0-0-0-0-0-0-0-0-0-0-0-0-0-0-0-0-0-0-0-0-0-0-0-0-0-
[WARN] [1790494823.174623496] [uav9.mavros.sys]: FCU: EVENT 453929 with args -255-255-255-255-7-0-0-0-0-0-0-0-0-0-0-0-0-0-0-0-0-0-0-0-0-0-0-0-0-0-0-0-0-0-0-0-0-0-0-0-
[INFO] [1790494823.174721183] [uav9.mavros.sys]: FCU: EVENT 6801787 with args -255-255-255-255-12-0-0-0-0-0-0-0-0-0-0-0-0-0-0-0-0-0-0-0-0-0-0-0-0-0-0-0-0-0-0-0-0-0-0-0-
[WARN] [1790494823.174827802] [uav9.mavros.sys]: FCU: UNK(8): EVENT 1914663 with args -0-10-13-2-56-0-0-0-0-0-0-0-0-0-0-0-0-0-0-0-0-0-0-0-0-0-0-0-0-0-0-0-0-0-0-0-0-0-0-0-
[WARN] [1790494825.457451346] [uav9.mavros.cmd]: CMD: Unexpected command 176, result 0
[INFO] [1790494826.655280083] [uav9.mavros.sys]: FCU: EVENT 9489139 with args -4-0-0-0-0-0-0-0-0-0-0-0-0-0-0-0-0-0-0-0-0-0-0-0-0-0-0-0-0-0-0-0-0-0-0-0-0-0-0-0-
[INFO] [1790494829.230192395] [uav9.mavros.sys]: FCU: EVENT 4277609 with args -0-0-0-0-0-0-0-0-0-0-0-0-0-0-0-0-0-0-0-0-0-0-0-0-0-0-0-0-0-0-0-0-0-0-0-0-0-0-0-0-
[WARN] [1790495172.118291361] [uav9.mavros.cmd]: CMD: Unexpected command 176, result 0
[INFO] [1790495216.720899755] [uav9.mavros.sys]: FCU: EVENT 9844908 with args -0-0-0-0-0-0-0-0-0-0-0-0-0-0-0-0-0-0-0-0-0-0-0-0-0-0-0-0-0-0-0-0-0-0-0-0-0-0-0-0-
[INFO] [1790495219.721844769] [uav9.mavros.sys]: FCU: EVENT 16017271 with args -6-0-0-0-0-0-0-0-0-0-0-0-0-0-0-0-0-0-0-0-0-0-0-0-0-0-0-0-0-0-0-0-0-0-0-0-0-0-0-0-
[WARN] [1790495224.564151808] [uav9.mavros.sys]: FCU: UNK(8): EVENT 11047904 with args -0-0-0-0-0-128-0-0-0-176-122-127-128-176-122-127-128-0-0-0-0-0-0-0-0-0-0-0-0-0-0-0-0-0-0-0-0-0-0-0-
[INFO] [1790495224.564384464] [uav9.mavros.sys]: FCU: EVENT 377561 with args -8-0-0-0-20-0-0-0-0-0-0-0-0-0-0-0-0-0-0-0-0-0-0-0-0-0-0-0-0-0-0-0-0-0-0-0-0-0-0-0-
[WARN] [1790495224.564494204] [uav9.mavros.sys]: FCU: EVENT 453929 with args -255-255-255-255-7-0-0-0-0-0-0-0-0-0-0-0-0-0-0-0-0-0-0-0-0-0-0-0-0-0-0-0-0-0-0-0-0-0-0-0-
[INFO] [1790495224.564593636] [uav9.mavros.sys]: FCU: EVENT 6801787 with args -255-255-255-255-12-0-0-0-0-0-0-0-0-0-0-0-0-0-0-0-0-0-0-0-0-0-0-0-0-0-0-0-0-0-0-0-0-0-0-0-
[WARN] [1790495224.564690929] [uav9.mavros.sys]: FCU: UNK(8): EVENT 1914663 with args -0-10-9-2-56-0-0-0-0-0-0-0-0-0-0-0-0-0-0-0-0-0-0-0-0-0-0-0-0-0-0-0-0-0-0-0-0-0-0-0-
[WARN] [1790495232.062684389] [uav9.mavros.sys]: FCU: UNK(8): EVENT 11047904 with args -0-0-0-16-0-128-0-0-0-176-58-127-128-176-58-127-128-0-0-0-0-0-0-0-0-0-0-0-0-0-0-0-0-0-0-0-0-0-0-0-
[ERROR] [1790495232.062906992] [uav9.mavros.sys]: FCU: EVENT 11464574 with args -0-64-0-0-20-0-0-0-0-0-0-0-0-0-0-0-0-0-0-0-0-0-0-0-0-0-0-0-0-0-0-0-0-0-0-0-0-0-0-0-
[INFO] [1790495232.064951061] [uav9.mavros.sys]: FCU: EVENT 377561 with args -8-0-0-0-20-0-0-0-0-0-0-0-0-0-0-0-0-0-0-0-0-0-0-0-0-0-0-0-0-0-0-0-0-0-0-0-0-0-0-0-
[WARN] [1790495232.065843966] [uav9.mavros.sys]: FCU: EVENT 453929 with args -255-255-255-255-7-0-0-0-0-0-0-0-0-0-0-0-0-0-0-0-0-0-0-0-0-0-0-0-0-0-0-0-0-0-0-0-0-0-0-0-
[INFO] [1790495232.065981186] [uav9.mavros.sys]: FCU: EVENT 6801787 with args -255-255-255-255-12-0-0-0-0-0-0-0-0-0-0-0-0-0-0-0-0-0-0-0-0-0-0-0-0-0-0-0-0-0-0-0-0-0-0-0-
[WARN] [1790495232.067738366] [uav9.mavros.sys]: FCU: UNK(8): EVENT 1914663 with args -0-10-9-2-56-0-0-0-0-0-0-0-0-0-0-0-0-0-0-0-0-0-0-0-0-0-0-0-0-0-0-0-0-0-0-0-0-0-0-0-
[WARN] [1790495232.078242205] [uav9.mavros.sys]: FCU: EVENT 13277401 with args -0-0-6-0-0-0-0-0-0-0-0-0-0-0-0-0-0-0-0-0-0-0-0-0-0-0-0-0-0-0-0-0-0-0-0-0-0-0-0-0-
[INFO] [1790495232.864518555] [rclcpp]: signal_handler(SIGINT/SIGTERM)
[WARN] [1790495232.871314838] [uav9.mavros]: UAS Executor terminated
