[INFO] [1790409955.505526560] [uav1.mavros_node]: Starting mavros_node container
[INFO] [1790409955.506720690] [uav1.mavros_node]: FCU URL: udp://:14540@127.0.0.1:14580
[INFO] [1790409955.508714005] [uav1.mavros_node]: GCS URL: 
[INFO] [1790409955.508749243] [uav1.mavros_node]: UAS Prefix: /uas1
[INFO] [1790409955.508756656] [uav1.mavros_node]: Starting mavros router node
[INFO] [1790409955.602177319] [uav1.mavros_router]: Built-in SIMD instructions: SSE, SSE2
[INFO] [1790409955.602215963] [uav1.mavros_router]: Built-in MAVLink package version: 2026.8.8
[INFO] [1790409955.602234744] [uav1.mavros_router]: Known MAVLink dialects: common ardupilotmega ASLUAV AVSSUAS all csAirLink cubepilot development icarous loweheiser marsh paparazzi standard stemstudios storm32 uAvionix ualberta
[INFO] [1790409955.602244579] [uav1.mavros_router]: MAVROS Router started
[INFO] [1790409955.602367904] [uav1.mavros_node]: Starting mavros uas node
[INFO] [1790409955.900450180] [uav1.mavros_router]: Requested to add endpoint: type: 0, url: udp://:14540@127.0.0.1:14580
[INFO] [1790409955.910957417] [uav1.mavros]: UAS Executor started, threads: 4
[INFO] [1790409955.912019018] [uav1.mavros_router]: Endpoint link[1000] created
[INFO] [1790409955.912299743] [uav1.mavros_router]: link[1000] opened successfully
[INFO] [1790409955.912331703] [uav1.mavros_router]: Requested to add endpoint: type: 2, url: /uas1
[INFO] [1790409955.912348164] [uav1.mavros_router]: Endpoint link[1001] created
[INFO] [1790409955.916321857] [uav1.mavros]: Plugin actuator_control ignored
[INFO] [1790409955.916374667] [uav1.mavros]: Plugin altitude ignored
[INFO] [1790409955.920911571] [uav1.mavros_router]: link[1000] detected remote address 1.1
[INFO] [1790409955.988070883] [uav1.mavros_router]: link[1001] opened successfully
[INFO] [1790409956.146378042] [uav1.mavros]: Plugin command created
[INFO] [1790409956.148650674] [uav1.mavros]: Plugin command initialized
[INFO] [1790409956.148717345] [uav1.mavros]: Plugin ftp ignored
[INFO] [1790409956.148725911] [uav1.mavros]: Plugin geofence ignored
[INFO] [1790409956.327083642] [uav1.mavros]: Plugin global_position created
[INFO] [1790409956.330379089] [uav1.mavros]: Plugin global_position initialized
[INFO] [1790409956.330451046] [uav1.mavros]: Plugin home_position ignored
[INFO] [1790409956.330460245] [uav1.mavros]: Plugin imu ignored
[INFO] [1790409956.676698426] [uav1.mavros]: Plugin local_position created
[INFO] [1790409956.676757523] [uav1.mavros]: Plugin local_position initialized
[INFO] [1790409956.676769205] [uav1.mavros]: Plugin manual_control ignored
[INFO] [1790409956.676776083] [uav1.mavros]: Plugin nav_controller_output ignored
[INFO] [1790409956.676782491] [uav1.mavros]: Plugin param ignored
[INFO] [1790409956.676789138] [uav1.mavros]: Plugin rallypoint ignored
[INFO] [1790409956.676795134] [uav1.mavros]: Plugin rc_io ignored
[INFO] [1790409956.676801327] [uav1.mavros]: Plugin setpoint_accel ignored
[INFO] [1790409956.676807362] [uav1.mavros]: Plugin setpoint_attitude ignored
[INFO] [1790409956.676813376] [uav1.mavros]: Plugin setpoint_position ignored
[INFO] [1790409956.676819531] [uav1.mavros]: Plugin setpoint_raw ignored
[INFO] [1790409956.676825539] [uav1.mavros]: Plugin setpoint_trajectory ignored
[INFO] [1790409956.945431708] [uav1.mavros]: Plugin setpoint_velocity created
[INFO] [1790409956.945500258] [uav1.mavros]: Plugin setpoint_velocity initialized
[INFO] [1790409957.299336486] [uav1.mavros]: Plugin sys_status created
[INFO] [1790409957.299424487] [uav1.mavros]: Plugin sys_status initialized
[INFO] [1790409957.479188658] [uav1.mavros.time]: TM: Timesync mode: MAVLINK
[INFO] [1790409957.521510280] [uav1.mavros]: Plugin sys_time created
[INFO] [1790409957.521588049] [uav1.mavros]: Plugin sys_time initialized
[INFO] [1790409957.521599734] [uav1.mavros]: Plugin waypoint ignored
[INFO] [1790409957.521605700] [uav1.mavros]: Plugin wind_estimation ignored
[INFO] [1790409957.550828998] [uav1.mavros]: Built-in SIMD instructions: SSE, SSE2
[INFO] [1790409957.550864265] [uav1.mavros]: Built-in MAVLink package version: 2026.8.8
[INFO] [1790409957.550896104] [uav1.mavros]: Known MAVLink dialects: common ardupilotmega ASLUAV AVSSUAS all csAirLink cubepilot development icarous loweheiser marsh paparazzi standard stemstudios storm32 uAvionix ualberta
[INFO] [1790409957.550903749] [uav1.mavros]: MAVROS UAS via /uas1 started. MY ID 1.191, TARGET ID 1.1
[INFO] [1790409957.604555110] [uav1.mavros_router]: link[1001] detected remote address 1.191
[INFO] [1790409958.020570238] [uav1.mavros]: CON: Got HEARTBEAT, connected. FCU: PX4 Autopilot
[INFO] [1790409959.057101159] [uav1.mavros.sys]: VER: 1.1: Capabilities         0x000000000000e8ff
[INFO] [1790409959.057154480] [uav1.mavros.sys]: VER: 1.1: Flight software:     011200c0 (fca3df865a000000)
[INFO] [1790409959.057162382] [uav1.mavros.sys]: VER: 1.1: Middleware software: 011200c0 (fca3df865a000000)
[INFO] [1790409959.057168688] [uav1.mavros.sys]: VER: 1.1: OS software:         070000ff (17040b9f87cb1791)
[INFO] [1790409959.057174446] [uav1.mavros.sys]: VER: 1.1: Board hardware:      00000001
[INFO] [1790409959.057182268] [uav1.mavros.sys]: VER: 1.1: VID/PID:             0000:0000
[INFO] [1790409959.057188123] [uav1.mavros.sys]: VER: 1.1: UID:                 4954414c44494e4f
[WARN] [1790409959.067562696] [uav1.mavros.cmd]: CMD: Unexpected command 512, result 0
[WARN] [1790409969.951634282] [uav1.mavros.sys]: FCU: UNK(8): EVENT 11047904 with args -0-0-0-0-0-128-0-0-0-176-122-127-128-176-122-127-128-0-0-0-0-0-0-0-0-0-0-0-0-0-0-0-0-0-0-0-0-0-0-0-
[INFO] [1790409969.957680753] [uav1.mavros.sys]: FCU: EVENT 377561 with args -8-0-0-0-20-0-0-0-0-0-0-0-0-0-0-0-0-0-0-0-0-0-0-0-0-0-0-0-0-0-0-0-0-0-0-0-0-0-0-0-
[WARN] [1790409969.957765015] [uav1.mavros.sys]: FCU: EVENT 453929 with args -255-255-255-255-7-0-0-0-0-0-0-0-0-0-0-0-0-0-0-0-0-0-0-0-0-0-0-0-0-0-0-0-0-0-0-0-0-0-0-0-
[INFO] [1790409969.957811163] [uav1.mavros.sys]: FCU: EVENT 6801787 with args -255-255-255-255-12-0-0-0-0-0-0-0-0-0-0-0-0-0-0-0-0-0-0-0-0-0-0-0-0-0-0-0-0-0-0-0-0-0-0-0-
[WARN] [1790409969.957853279] [uav1.mavros.sys]: FCU: UNK(8): EVENT 1914663 with args -0-10-13-2-56-0-0-0-0-0-0-0-0-0-0-0-0-0-0-0-0-0-0-0-0-0-0-0-0-0-0-0-0-0-0-0-0-0-0-0-
[WARN] [1790409973.468360251] [uav1.mavros.cmd]: CMD: Unexpected command 176, result 0
[INFO] [1790409973.666850906] [uav1.mavros.sys]: FCU: EVENT 9489139 with args -4-0-0-0-0-0-0-0-0-0-0-0-0-0-0-0-0-0-0-0-0-0-0-0-0-0-0-0-0-0-0-0-0-0-0-0-0-0-0-0-
[INFO] [1790409975.714400057] [uav1.mavros.sys]: FCU: EVENT 4277609 with args -0-0-0-0-0-0-0-0-0-0-0-0-0-0-0-0-0-0-0-0-0-0-0-0-0-0-0-0-0-0-0-0-0-0-0-0-0-0-0-0-
[WARN] [1790410224.817088381] [uav1.mavros.cmd]: CMD: Unexpected command 176, result 0
[INFO] [1790410258.151921494] [uav1.mavros.sys]: FCU: EVENT 9844908 with args -0-0-0-0-0-0-0-0-0-0-0-0-0-0-0-0-0-0-0-0-0-0-0-0-0-0-0-0-0-0-0-0-0-0-0-0-0-0-0-0-
[INFO] [1790410260.274601751] [uav1.mavros.sys]: FCU: EVENT 16017271 with args -6-0-0-0-0-0-0-0-0-0-0-0-0-0-0-0-0-0-0-0-0-0-0-0-0-0-0-0-0-0-0-0-0-0-0-0-0-0-0-0-
[WARN] [1790410263.566972027] [uav1.mavros.sys]: FCU: UNK(8): EVENT 11047904 with args -0-0-0-0-0-128-0-0-0-176-122-127-128-176-122-127-128-0-0-0-0-0-0-0-0-0-0-0-0-0-0-0-0-0-0-0-0-0-0-0-
[INFO] [1790410263.567048715] [uav1.mavros.sys]: FCU: EVENT 377561 with args -8-0-0-0-20-0-0-0-0-0-0-0-0-0-0-0-0-0-0-0-0-0-0-0-0-0-0-0-0-0-0-0-0-0-0-0-0-0-0-0-
[WARN] [1790410263.567122526] [uav1.mavros.sys]: FCU: EVENT 453929 with args -255-255-255-255-7-0-0-0-0-0-0-0-0-0-0-0-0-0-0-0-0-0-0-0-0-0-0-0-0-0-0-0-0-0-0-0-0-0-0-0-
[INFO] [1790410263.567285731] [uav1.mavros.sys]: FCU: EVENT 6801787 with args -255-255-255-255-12-0-0-0-0-0-0-0-0-0-0-0-0-0-0-0-0-0-0-0-0-0-0-0-0-0-0-0-0-0-0-0-0-0-0-0-
[WARN] [1790410263.567317817] [uav1.mavros.sys]: FCU: UNK(8): EVENT 1914663 with args -0-10-9-2-56-0-0-0-0-0-0-0-0-0-0-0-0-0-0-0-0-0-0-0-0-0-0-0-0-0-0-0-0-0-0-0-0-0-0-0-
[INFO] [1790410561.274438223] [rclcpp]: signal_handler(SIGINT/SIGTERM)
[WARN] [1790410561.275006708] [uav1.mavros]: UAS Executor terminated
