[INFO] [1790409955.581204183] [uav3.mavros_node]: Starting mavros_node container
[INFO] [1790409955.581581246] [uav3.mavros_node]: FCU URL: udp://:14542@127.0.0.1:14582
[INFO] [1790409955.581610443] [uav3.mavros_node]: GCS URL: 
[INFO] [1790409955.581622311] [uav3.mavros_node]: UAS Prefix: /uas3
[INFO] [1790409955.581874696] [uav3.mavros_node]: Starting mavros router node
[INFO] [1790409955.712374398] [uav3.mavros_router]: Built-in SIMD instructions: SSE, SSE2
[INFO] [1790409955.714142910] [uav3.mavros_router]: Built-in MAVLink package version: 2026.8.8
[INFO] [1790409955.714193822] [uav3.mavros_router]: Known MAVLink dialects: common ardupilotmega ASLUAV AVSSUAS all csAirLink cubepilot development icarous loweheiser marsh paparazzi standard stemstudios storm32 uAvionix ualberta
[INFO] [1790409955.714207291] [uav3.mavros_router]: MAVROS Router started
[INFO] [1790409955.714377914] [uav3.mavros_node]: Starting mavros uas node
[INFO] [1790409955.905003825] [uav3.mavros_router]: Requested to add endpoint: type: 0, url: udp://:14542@127.0.0.1:14582
[INFO] [1790409955.905066689] [uav3.mavros_router]: Endpoint link[1000] created
[INFO] [1790409955.906360611] [uav3.mavros_router]: link[1000] opened successfully
[INFO] [1790409955.906407336] [uav3.mavros_router]: Requested to add endpoint: type: 2, url: /uas3
[INFO] [1790409955.906427794] [uav3.mavros_router]: Endpoint link[1001] created
[INFO] [1790409955.909119943] [uav3.mavros_router]: link[1000] detected remote address 3.1
[INFO] [1790409955.920456719] [uav3.mavros]: Plugin actuator_control ignored
[INFO] [1790409955.926505867] [uav3.mavros]: Plugin altitude ignored
[INFO] [1790409955.920754230] [uav3.mavros]: UAS Executor started, threads: 4
[INFO] [1790409955.999211736] [uav3.mavros_router]: link[1001] opened successfully
[INFO] [1790409956.214994305] [uav3.mavros]: Plugin command created
[INFO] [1790409956.215064127] [uav3.mavros]: Plugin command initialized
[INFO] [1790409956.215075730] [uav3.mavros]: Plugin ftp ignored
[INFO] [1790409956.215082647] [uav3.mavros]: Plugin geofence ignored
[INFO] [1790409956.526770389] [uav3.mavros]: Plugin global_position created
[INFO] [1790409956.527721750] [uav3.mavros]: Plugin global_position initialized
[INFO] [1790409956.528329487] [uav3.mavros]: Plugin home_position ignored
[INFO] [1790409956.528493497] [uav3.mavros]: Plugin imu ignored
[INFO] [1790409956.898392859] [uav3.mavros]: Plugin local_position created
[INFO] [1790409956.898470237] [uav3.mavros]: Plugin local_position initialized
[INFO] [1790409956.898481363] [uav3.mavros]: Plugin manual_control ignored
[INFO] [1790409956.898487638] [uav3.mavros]: Plugin nav_controller_output ignored
[INFO] [1790409956.898493125] [uav3.mavros]: Plugin param ignored
[INFO] [1790409956.898498880] [uav3.mavros]: Plugin rallypoint ignored
[INFO] [1790409956.898504151] [uav3.mavros]: Plugin rc_io ignored
[INFO] [1790409956.898509812] [uav3.mavros]: Plugin setpoint_accel ignored
[INFO] [1790409956.898515127] [uav3.mavros]: Plugin setpoint_attitude ignored
[INFO] [1790409956.898520636] [uav3.mavros]: Plugin setpoint_position ignored
[INFO] [1790409956.898525584] [uav3.mavros]: Plugin setpoint_raw ignored
[INFO] [1790409956.898536377] [uav3.mavros]: Plugin setpoint_trajectory ignored
[INFO] [1790409957.067103360] [uav3.mavros]: Plugin setpoint_velocity created
[INFO] [1790409957.067181060] [uav3.mavros]: Plugin setpoint_velocity initialized
[INFO] [1790409957.346701352] [uav3.mavros]: Plugin sys_status created
[INFO] [1790409957.347041534] [uav3.mavros]: Plugin sys_status initialized
[INFO] [1790409957.441485924] [uav3.mavros.time]: TM: Timesync mode: MAVLINK
[INFO] [1790409957.451509953] [uav3.mavros]: Plugin sys_time created
[INFO] [1790409957.451572605] [uav3.mavros]: Plugin sys_time initialized
[INFO] [1790409957.451583009] [uav3.mavros]: Plugin waypoint ignored
[INFO] [1790409957.451589081] [uav3.mavros]: Plugin wind_estimation ignored
[INFO] [1790409957.469350205] [uav3.mavros]: Built-in SIMD instructions: SSE, SSE2
[INFO] [1790409957.469798624] [uav3.mavros]: Built-in MAVLink package version: 2026.8.8
[INFO] [1790409957.470479014] [uav3.mavros]: Known MAVLink dialects: common ardupilotmega ASLUAV AVSSUAS all csAirLink cubepilot development icarous loweheiser marsh paparazzi standard stemstudios storm32 uAvionix ualberta
[INFO] [1790409957.470489401] [uav3.mavros]: MAVROS UAS via /uas3 started. MY ID 3.191, TARGET ID 3.1
[INFO] [1790409957.549482037] [uav3.mavros_router]: link[1001] detected remote address 3.191
[INFO] [1790409957.963628632] [uav3.mavros]: CON: Got HEARTBEAT, connected. FCU: PX4 Autopilot
[INFO] [1790409959.010581382] [uav3.mavros.sys]: VER: 3.1: Capabilities         0x000000000000e8ff
[INFO] [1790409959.010643113] [uav3.mavros.sys]: VER: 3.1: Flight software:     011200c0 (fca3df865a000000)
[INFO] [1790409959.010651970] [uav3.mavros.sys]: VER: 3.1: Middleware software: 011200c0 (fca3df865a000000)
[INFO] [1790409959.010658328] [uav3.mavros.sys]: VER: 3.1: OS software:         070000ff (17040b9f87cb1791)
[INFO] [1790409959.010663986] [uav3.mavros.sys]: VER: 3.1: Board hardware:      00000001
[INFO] [1790409959.010669590] [uav3.mavros.sys]: VER: 3.1: VID/PID:             0000:0000
[INFO] [1790409959.010675625] [uav3.mavros.sys]: VER: 3.1: UID:                 4954414c44494e51
[WARN] [1790409959.010714997] [uav3.mavros.cmd]: CMD: Unexpected command 512, result 0
[WARN] [1790409965.838499368] [uav3.mavros.sys]: FCU: UNK(8): EVENT 11047904 with args -0-0-0-0-0-128-0-0-0-176-122-127-128-176-122-127-128-0-0-0-0-0-0-0-0-0-0-0-0-0-0-0-0-0-0-0-0-0-0-0-
[INFO] [1790409965.838649470] [uav3.mavros.sys]: FCU: EVENT 377561 with args -8-0-0-0-20-0-0-0-0-0-0-0-0-0-0-0-0-0-0-0-0-0-0-0-0-0-0-0-0-0-0-0-0-0-0-0-0-0-0-0-
[WARN] [1790409965.839274508] [uav3.mavros.sys]: FCU: EVENT 453929 with args -255-255-255-255-7-0-0-0-0-0-0-0-0-0-0-0-0-0-0-0-0-0-0-0-0-0-0-0-0-0-0-0-0-0-0-0-0-0-0-0-
[INFO] [1790409965.839321257] [uav3.mavros.sys]: FCU: EVENT 6801787 with args -255-255-255-255-12-0-0-0-0-0-0-0-0-0-0-0-0-0-0-0-0-0-0-0-0-0-0-0-0-0-0-0-0-0-0-0-0-0-0-0-
[WARN] [1790409965.839361874] [uav3.mavros.sys]: FCU: UNK(8): EVENT 1914663 with args -0-10-13-2-56-0-0-0-0-0-0-0-0-0-0-0-0-0-0-0-0-0-0-0-0-0-0-0-0-0-0-0-0-0-0-0-0-0-0-0-
[WARN] [1790409973.519857545] [uav3.mavros.cmd]: CMD: Unexpected command 176, result 0
[INFO] [1790409974.516361545] [uav3.mavros.sys]: FCU: EVENT 9489139 with args -4-0-0-0-0-0-0-0-0-0-0-0-0-0-0-0-0-0-0-0-0-0-0-0-0-0-0-0-0-0-0-0-0-0-0-0-0-0-0-0-
[INFO] [1790409976.597993267] [uav3.mavros.sys]: FCU: EVENT 4277609 with args -0-0-0-0-0-0-0-0-0-0-0-0-0-0-0-0-0-0-0-0-0-0-0-0-0-0-0-0-0-0-0-0-0-0-0-0-0-0-0-0-
[WARN] [1790410224.954671474] [uav3.mavros.cmd]: CMD: Unexpected command 176, result 0
[INFO] [1790410261.151208527] [uav3.mavros.sys]: FCU: EVENT 9844908 with args -0-0-0-0-0-0-0-0-0-0-0-0-0-0-0-0-0-0-0-0-0-0-0-0-0-0-0-0-0-0-0-0-0-0-0-0-0-0-0-0-
[INFO] [1790410263.270579329] [uav3.mavros.sys]: FCU: EVENT 16017271 with args -6-0-0-0-0-0-0-0-0-0-0-0-0-0-0-0-0-0-0-0-0-0-0-0-0-0-0-0-0-0-0-0-0-0-0-0-0-0-0-0-
[WARN] [1790410267.311421720] [uav3.mavros.sys]: FCU: UNK(8): EVENT 11047904 with args -0-0-0-0-0-128-0-0-0-176-122-127-128-176-122-127-128-0-0-0-0-0-0-0-0-0-0-0-0-0-0-0-0-0-0-0-0-0-0-0-
[INFO] [1790410267.311518731] [uav3.mavros.sys]: FCU: EVENT 377561 with args -8-0-0-0-20-0-0-0-0-0-0-0-0-0-0-0-0-0-0-0-0-0-0-0-0-0-0-0-0-0-0-0-0-0-0-0-0-0-0-0-
[WARN] [1790410267.311621598] [uav3.mavros.sys]: FCU: EVENT 453929 with args -255-255-255-255-7-0-0-0-0-0-0-0-0-0-0-0-0-0-0-0-0-0-0-0-0-0-0-0-0-0-0-0-0-0-0-0-0-0-0-0-
[INFO] [1790410267.311687932] [uav3.mavros.sys]: FCU: EVENT 6801787 with args -255-255-255-255-12-0-0-0-0-0-0-0-0-0-0-0-0-0-0-0-0-0-0-0-0-0-0-0-0-0-0-0-0-0-0-0-0-0-0-0-
[WARN] [1790410267.311776888] [uav3.mavros.sys]: FCU: UNK(8): EVENT 1914663 with args -0-10-9-2-56-0-0-0-0-0-0-0-0-0-0-0-0-0-0-0-0-0-0-0-0-0-0-0-0-0-0-0-0-0-0-0-0-0-0-0-
[INFO] [1790410561.274560238] [rclcpp]: signal_handler(SIGINT/SIGTERM)
[WARN] [1790410561.276457792] [uav3.mavros]: UAS Executor terminated
