[INFO] [1790409955.507967149] [uav5.mavros_node]: Starting mavros_node container
[INFO] [1790409955.508077797] [uav5.mavros_node]: FCU URL: udp://:14544@127.0.0.1:14584
[INFO] [1790409955.510547133] [uav5.mavros_node]: GCS URL: 
[INFO] [1790409955.512194246] [uav5.mavros_node]: UAS Prefix: /uas5
[INFO] [1790409955.512528109] [uav5.mavros_node]: Starting mavros router node
[INFO] [1790409955.598716455] [uav5.mavros_router]: Built-in SIMD instructions: SSE, SSE2
[INFO] [1790409955.599443138] [uav5.mavros_router]: Built-in MAVLink package version: 2026.8.8
[INFO] [1790409955.601382451] [uav5.mavros_router]: Known MAVLink dialects: common ardupilotmega ASLUAV AVSSUAS all csAirLink cubepilot development icarous loweheiser marsh paparazzi standard stemstudios storm32 uAvionix ualberta
[INFO] [1790409955.602958512] [uav5.mavros_router]: MAVROS Router started
[INFO] [1790409955.605182655] [uav5.mavros_node]: Starting mavros uas node
[INFO] [1790409955.872959047] [uav5.mavros_router]: Requested to add endpoint: type: 0, url: udp://:14544@127.0.0.1:14584
[INFO] [1790409955.873806768] [uav5.mavros_router]: Endpoint link[1000] created
[INFO] [1790409955.878162117] [uav5.mavros_router]: link[1000] opened successfully
[INFO] [1790409955.878227227] [uav5.mavros_router]: Requested to add endpoint: type: 2, url: /uas5
[INFO] [1790409955.878252858] [uav5.mavros_router]: Endpoint link[1001] created
[INFO] [1790409955.882370601] [uav5.mavros_router]: link[1000] detected remote address 5.1
[INFO] [1790409955.894991184] [uav5.mavros]: Plugin actuator_control ignored
[INFO] [1790409955.895039635] [uav5.mavros]: Plugin altitude ignored
[INFO] [1790409955.895279421] [uav5.mavros]: UAS Executor started, threads: 4
[INFO] [1790409955.966174492] [uav5.mavros_router]: link[1001] opened successfully
[INFO] [1790409956.169394703] [uav5.mavros]: Plugin command created
[INFO] [1790409956.169470894] [uav5.mavros]: Plugin command initialized
[INFO] [1790409956.169482260] [uav5.mavros]: Plugin ftp ignored
[INFO] [1790409956.169488127] [uav5.mavros]: Plugin geofence ignored
[INFO] [1790409956.455686779] [uav5.mavros]: Plugin global_position created
[INFO] [1790409956.455756384] [uav5.mavros]: Plugin global_position initialized
[INFO] [1790409956.455767672] [uav5.mavros]: Plugin home_position ignored
[INFO] [1790409956.455774748] [uav5.mavros]: Plugin imu ignored
[INFO] [1790409956.728480828] [uav5.mavros]: Plugin local_position created
[INFO] [1790409956.728535610] [uav5.mavros]: Plugin local_position initialized
[INFO] [1790409956.728545618] [uav5.mavros]: Plugin manual_control ignored
[INFO] [1790409956.728556338] [uav5.mavros]: Plugin nav_controller_output ignored
[INFO] [1790409956.728562911] [uav5.mavros]: Plugin param ignored
[INFO] [1790409956.728568685] [uav5.mavros]: Plugin rallypoint ignored
[INFO] [1790409956.728574433] [uav5.mavros]: Plugin rc_io ignored
[INFO] [1790409956.728580221] [uav5.mavros]: Plugin setpoint_accel ignored
[INFO] [1790409956.728585850] [uav5.mavros]: Plugin setpoint_attitude ignored
[INFO] [1790409956.728591880] [uav5.mavros]: Plugin setpoint_position ignored
[INFO] [1790409956.728597713] [uav5.mavros]: Plugin setpoint_raw ignored
[INFO] [1790409956.728603441] [uav5.mavros]: Plugin setpoint_trajectory ignored
[INFO] [1790409957.045183649] [uav5.mavros]: Plugin setpoint_velocity created
[INFO] [1790409957.045252347] [uav5.mavros]: Plugin setpoint_velocity initialized
[INFO] [1790409957.241006388] [uav5.mavros]: Plugin sys_status created
[INFO] [1790409957.241099410] [uav5.mavros]: Plugin sys_status initialized
[INFO] [1790409957.321684593] [uav5.mavros.time]: TM: Timesync mode: MAVLINK
[INFO] [1790409957.349833584] [uav5.mavros]: Plugin sys_time created
[INFO] [1790409957.349897057] [uav5.mavros]: Plugin sys_time initialized
[INFO] [1790409957.349907757] [uav5.mavros]: Plugin waypoint ignored
[INFO] [1790409957.349914229] [uav5.mavros]: Plugin wind_estimation ignored
[INFO] [1790409957.364399062] [uav5.mavros]: Built-in SIMD instructions: SSE, SSE2
[INFO] [1790409957.364462167] [uav5.mavros]: Built-in MAVLink package version: 2026.8.8
[INFO] [1790409957.364497671] [uav5.mavros]: Known MAVLink dialects: common ardupilotmega ASLUAV AVSSUAS all csAirLink cubepilot development icarous loweheiser marsh paparazzi standard stemstudios storm32 uAvionix ualberta
[INFO] [1790409957.364506101] [uav5.mavros]: MAVROS UAS via /uas5 started. MY ID 5.191, TARGET ID 5.1
[INFO] [1790409957.424805413] [uav5.mavros_router]: link[1001] detected remote address 5.191
[INFO] [1790409957.944978493] [uav5.mavros]: CON: Got HEARTBEAT, connected. FCU: PX4 Autopilot
[INFO] [1790409958.992301139] [uav5.mavros.sys]: VER: 5.1: Capabilities         0x000000000000e8ff
[INFO] [1790409958.994427777] [uav5.mavros.sys]: VER: 5.1: Flight software:     011200c0 (fca3df865a000000)
[INFO] [1790409958.994465247] [uav5.mavros.sys]: VER: 5.1: Middleware software: 011200c0 (fca3df865a000000)
[INFO] [1790409958.994472682] [uav5.mavros.sys]: VER: 5.1: OS software:         070000ff (17040b9f87cb1791)
[INFO] [1790409958.994478671] [uav5.mavros.sys]: VER: 5.1: Board hardware:      00000001
[INFO] [1790409958.994484171] [uav5.mavros.sys]: VER: 5.1: VID/PID:             0000:0000
[INFO] [1790409958.994490144] [uav5.mavros.sys]: VER: 5.1: UID:                 4954414c44494e53
[WARN] [1790409958.996523304] [uav5.mavros.cmd]: CMD: Unexpected command 512, result 0
[WARN] [1790409969.684774616] [uav5.mavros.sys]: FCU: UNK(8): EVENT 11047904 with args -0-0-0-0-0-128-0-0-0-176-122-127-128-176-122-127-128-0-0-0-0-0-0-0-0-0-0-0-0-0-0-0-0-0-0-0-0-0-0-0-
[INFO] [1790409969.684871864] [uav5.mavros.sys]: FCU: EVENT 377561 with args -8-0-0-0-20-0-0-0-0-0-0-0-0-0-0-0-0-0-0-0-0-0-0-0-0-0-0-0-0-0-0-0-0-0-0-0-0-0-0-0-
[WARN] [1790409969.684910248] [uav5.mavros.sys]: FCU: EVENT 453929 with args -255-255-255-255-7-0-0-0-0-0-0-0-0-0-0-0-0-0-0-0-0-0-0-0-0-0-0-0-0-0-0-0-0-0-0-0-0-0-0-0-
[INFO] [1790409969.684947992] [uav5.mavros.sys]: FCU: EVENT 6801787 with args -255-255-255-255-12-0-0-0-0-0-0-0-0-0-0-0-0-0-0-0-0-0-0-0-0-0-0-0-0-0-0-0-0-0-0-0-0-0-0-0-
[WARN] [1790409969.684984668] [uav5.mavros.sys]: FCU: UNK(8): EVENT 1914663 with args -0-10-13-2-56-0-0-0-0-0-0-0-0-0-0-0-0-0-0-0-0-0-0-0-0-0-0-0-0-0-0-0-0-0-0-0-0-0-0-0-
[WARN] [1790409973.492910194] [uav5.mavros.cmd]: CMD: Unexpected command 176, result 0
[INFO] [1790409974.548896644] [uav5.mavros.sys]: FCU: EVENT 9489139 with args -4-0-0-0-0-0-0-0-0-0-0-0-0-0-0-0-0-0-0-0-0-0-0-0-0-0-0-0-0-0-0-0-0-0-0-0-0-0-0-0-
[INFO] [1790409976.603393300] [uav5.mavros.sys]: FCU: EVENT 4277609 with args -0-0-0-0-0-0-0-0-0-0-0-0-0-0-0-0-0-0-0-0-0-0-0-0-0-0-0-0-0-0-0-0-0-0-0-0-0-0-0-0-
[WARN] [1790410224.946282711] [uav5.mavros.cmd]: CMD: Unexpected command 176, result 0
[INFO] [1790410256.942803117] [uav5.mavros.sys]: FCU: EVENT 9844908 with args -0-0-0-0-0-0-0-0-0-0-0-0-0-0-0-0-0-0-0-0-0-0-0-0-0-0-0-0-0-0-0-0-0-0-0-0-0-0-0-0-
[INFO] [1790410259.045806113] [uav5.mavros.sys]: FCU: EVENT 16017271 with args -6-0-0-0-0-0-0-0-0-0-0-0-0-0-0-0-0-0-0-0-0-0-0-0-0-0-0-0-0-0-0-0-0-0-0-0-0-0-0-0-
[WARN] [1790410263.155285218] [uav5.mavros.sys]: FCU: UNK(8): EVENT 11047904 with args -0-0-0-0-0-128-0-0-0-176-122-127-128-176-122-127-128-0-0-0-0-0-0-0-0-0-0-0-0-0-0-0-0-0-0-0-0-0-0-0-
[INFO] [1790410263.155575587] [uav5.mavros.sys]: FCU: EVENT 377561 with args -8-0-0-0-20-0-0-0-0-0-0-0-0-0-0-0-0-0-0-0-0-0-0-0-0-0-0-0-0-0-0-0-0-0-0-0-0-0-0-0-
[WARN] [1790410263.155638815] [uav5.mavros.sys]: FCU: EVENT 453929 with args -255-255-255-255-7-0-0-0-0-0-0-0-0-0-0-0-0-0-0-0-0-0-0-0-0-0-0-0-0-0-0-0-0-0-0-0-0-0-0-0-
[INFO] [1790410263.155668211] [uav5.mavros.sys]: FCU: EVENT 6801787 with args -255-255-255-255-12-0-0-0-0-0-0-0-0-0-0-0-0-0-0-0-0-0-0-0-0-0-0-0-0-0-0-0-0-0-0-0-0-0-0-0-
[WARN] [1790410263.155695030] [uav5.mavros.sys]: FCU: UNK(8): EVENT 1914663 with args -0-10-9-2-56-0-0-0-0-0-0-0-0-0-0-0-0-0-0-0-0-0-0-0-0-0-0-0-0-0-0-0-0-0-0-0-0-0-0-0-
[INFO] [1790410561.277597940] [rclcpp]: signal_handler(SIGINT/SIGTERM)
[WARN] [1790410561.280058209] [uav5.mavros]: UAS Executor terminated
Failed to publish log message to rosout: publisher's context is invalid, at ./src/rcl/publisher.c:423
