[INFO] [1790595988.306491425] [uav4.mavros_node]: Starting mavros_node container
[INFO] [1790595988.307025678] [uav4.mavros_node]: FCU URL: udp://:14543@127.0.0.1:14583
[INFO] [1790595988.307691361] [uav4.mavros_node]: GCS URL: 
[INFO] [1790595988.307737461] [uav4.mavros_node]: UAS Prefix: /uas4
[INFO] [1790595988.307750065] [uav4.mavros_node]: Starting mavros router node
[INFO] [1790595988.443307738] [uav4.mavros_router]: Built-in SIMD instructions: SSE, SSE2
[INFO] [1790595988.447340302] [uav4.mavros_router]: Built-in MAVLink package version: 2026.8.8
[INFO] [1790595988.447399324] [uav4.mavros_router]: Known MAVLink dialects: common ardupilotmega ASLUAV AVSSUAS all csAirLink cubepilot development icarous loweheiser marsh paparazzi standard stemstudios storm32 uAvionix ualberta
[INFO] [1790595988.447408271] [uav4.mavros_router]: MAVROS Router started
[INFO] [1790595988.447585908] [uav4.mavros_node]: Starting mavros uas node
[INFO] [1790595988.696641199] [uav4.mavros_router]: Requested to add endpoint: type: 0, url: udp://:14543@127.0.0.1:14583
[INFO] [1790595988.696721550] [uav4.mavros_router]: Endpoint link[1000] created
[INFO] [1790595988.698236463] [uav4.mavros_router]: link[1000] opened successfully
[INFO] [1790595988.698290236] [uav4.mavros_router]: Requested to add endpoint: type: 2, url: /uas4
[INFO] [1790595988.698314679] [uav4.mavros_router]: Endpoint link[1001] created
[INFO] [1790595988.705287288] [uav4.mavros_router]: link[1000] detected remote address 4.1
[INFO] [1790595988.713871361] [uav4.mavros]: Plugin actuator_control ignored
[INFO] [1790595988.713925078] [uav4.mavros]: Plugin altitude ignored
[INFO] [1790595988.715470392] [uav4.mavros]: UAS Executor started, threads: 4
[INFO] [1790595988.815016941] [uav4.mavros_router]: link[1001] opened successfully
[INFO] [1790595989.052136391] [uav4.mavros]: Plugin command created
[INFO] [1790595989.052222169] [uav4.mavros]: Plugin command initialized
[INFO] [1790595989.052234836] [uav4.mavros]: Plugin ftp ignored
[INFO] [1790595989.052241535] [uav4.mavros]: Plugin geofence ignored
[INFO] [1790595989.281059170] [uav4.mavros]: Plugin global_position created
[INFO] [1790595989.281118659] [uav4.mavros]: Plugin global_position initialized
[INFO] [1790595989.281129931] [uav4.mavros]: Plugin home_position ignored
[INFO] [1790595989.281136342] [uav4.mavros]: Plugin imu ignored
[INFO] [1790595989.576817420] [uav4.mavros]: Plugin local_position created
[INFO] [1790595989.576878159] [uav4.mavros]: Plugin local_position initialized
[INFO] [1790595989.579292125] [uav4.mavros]: Plugin manual_control ignored
[INFO] [1790595989.579348552] [uav4.mavros]: Plugin nav_controller_output ignored
[INFO] [1790595989.579358154] [uav4.mavros]: Plugin param ignored
[INFO] [1790595989.579365194] [uav4.mavros]: Plugin rallypoint ignored
[INFO] [1790595989.579371319] [uav4.mavros]: Plugin rc_io ignored
[INFO] [1790595989.579377666] [uav4.mavros]: Plugin setpoint_accel ignored
[INFO] [1790595989.579384130] [uav4.mavros]: Plugin setpoint_attitude ignored
[INFO] [1790595989.579390695] [uav4.mavros]: Plugin setpoint_position ignored
[INFO] [1790595989.579396864] [uav4.mavros]: Plugin setpoint_raw ignored
[INFO] [1790595989.579402983] [uav4.mavros]: Plugin setpoint_trajectory ignored
[INFO] [1790595989.778760066] [uav4.mavros]: Plugin setpoint_velocity created
[INFO] [1790595989.778815150] [uav4.mavros]: Plugin setpoint_velocity initialized
[INFO] [1790595990.069258693] [uav4.mavros]: Plugin sys_status created
[INFO] [1790595990.069352637] [uav4.mavros]: Plugin sys_status initialized
[INFO] [1790595990.197547719] [uav4.mavros.time]: TM: Timesync mode: MAVLINK
[INFO] [1790595990.214266091] [uav4.mavros]: Plugin sys_time created
[INFO] [1790595990.214333899] [uav4.mavros]: Plugin sys_time initialized
[INFO] [1790595990.214344916] [uav4.mavros]: Plugin waypoint ignored
[INFO] [1790595990.214350393] [uav4.mavros]: Plugin wind_estimation ignored
[INFO] [1790595990.227687119] [uav4.mavros]: Built-in SIMD instructions: SSE, SSE2
[INFO] [1790595990.227733276] [uav4.mavros]: Built-in MAVLink package version: 2026.8.8
[INFO] [1790595990.227764090] [uav4.mavros]: Known MAVLink dialects: common ardupilotmega ASLUAV AVSSUAS all csAirLink cubepilot development icarous loweheiser marsh paparazzi standard stemstudios storm32 uAvionix ualberta
[INFO] [1790595990.227773359] [uav4.mavros]: MAVROS UAS via /uas4 started. MY ID 4.191, TARGET ID 4.1
[INFO] [1790595990.325216089] [uav4.mavros_router]: link[1001] detected remote address 4.191
[INFO] [1790595990.777701180] [uav4.mavros]: CON: Got HEARTBEAT, connected. FCU: PX4 Autopilot
[INFO] [1790595991.803249148] [uav4.mavros.sys]: VER: 4.1: Capabilities         0x000000000000e8ff
[INFO] [1790595991.803310300] [uav4.mavros.sys]: VER: 4.1: Flight software:     011200c0 (fca3df865a000000)
[INFO] [1790595991.803319589] [uav4.mavros.sys]: VER: 4.1: Middleware software: 011200c0 (fca3df865a000000)
[INFO] [1790595991.803325396] [uav4.mavros.sys]: VER: 4.1: OS software:         070000ff (17040b9f87cb1791)
[INFO] [1790595991.803330684] [uav4.mavros.sys]: VER: 4.1: Board hardware:      00000001
[INFO] [1790595991.803336116] [uav4.mavros.sys]: VER: 4.1: VID/PID:             0000:0000
[INFO] [1790595991.803341020] [uav4.mavros.sys]: VER: 4.1: UID:                 4954414c44494e52
[WARN] [1790595991.803991824] [uav4.mavros.cmd]: CMD: Unexpected command 512, result 0
[WARN] [1790596002.471828365] [uav4.mavros.sys]: FCU: UNK(8): EVENT 11047904 with args -0-0-0-0-0-128-0-0-0-176-122-127-128-176-122-127-128-0-0-0-0-0-0-0-0-0-0-0-0-0-0-0-0-0-0-0-0-0-0-0-
[INFO] [1790596002.471933482] [uav4.mavros.sys]: FCU: EVENT 377561 with args -8-0-0-0-20-0-0-0-0-0-0-0-0-0-0-0-0-0-0-0-0-0-0-0-0-0-0-0-0-0-0-0-0-0-0-0-0-0-0-0-
[WARN] [1790596002.472000843] [uav4.mavros.sys]: FCU: EVENT 453929 with args -255-255-255-255-7-0-0-0-0-0-0-0-0-0-0-0-0-0-0-0-0-0-0-0-0-0-0-0-0-0-0-0-0-0-0-0-0-0-0-0-
[INFO] [1790596002.472042932] [uav4.mavros.sys]: FCU: EVENT 6801787 with args -255-255-255-255-12-0-0-0-0-0-0-0-0-0-0-0-0-0-0-0-0-0-0-0-0-0-0-0-0-0-0-0-0-0-0-0-0-0-0-0-
[WARN] [1790596002.472081465] [uav4.mavros.sys]: FCU: UNK(8): EVENT 1914663 with args -0-10-13-2-56-0-0-0-0-0-0-0-0-0-0-0-0-0-0-0-0-0-0-0-0-0-0-0-0-0-0-0-0-0-0-0-0-0-0-0-
[WARN] [1790596004.714115646] [uav4.mavros.cmd]: CMD: Unexpected command 176, result 0
[INFO] [1790596005.479043271] [uav4.mavros.sys]: FCU: EVENT 9489139 with args -4-0-0-0-0-0-0-0-0-0-0-0-0-0-0-0-0-0-0-0-0-0-0-0-0-0-0-0-0-0-0-0-0-0-0-0-0-0-0-0-
[INFO] [1790596007.485841708] [uav4.mavros.sys]: FCU: EVENT 4277609 with args -0-0-0-0-0-0-0-0-0-0-0-0-0-0-0-0-0-0-0-0-0-0-0-0-0-0-0-0-0-0-0-0-0-0-0-0-0-0-0-0-
[WARN] [1790596257.222219895] [uav4.mavros.cmd]: CMD: Unexpected command 176, result 0
[INFO] [1790596290.266398286] [uav4.mavros.sys]: FCU: EVENT 9844908 with args -0-0-0-0-0-0-0-0-0-0-0-0-0-0-0-0-0-0-0-0-0-0-0-0-0-0-0-0-0-0-0-0-0-0-0-0-0-0-0-0-
[INFO] [1790596292.361715268] [uav4.mavros.sys]: FCU: EVENT 16017271 with args -6-0-0-0-0-0-0-0-0-0-0-0-0-0-0-0-0-0-0-0-0-0-0-0-0-0-0-0-0-0-0-0-0-0-0-0-0-0-0-0-
[WARN] [1790596295.685397068] [uav4.mavros.sys]: FCU: UNK(8): EVENT 11047904 with args -0-0-0-0-0-128-0-0-0-176-122-127-128-176-122-127-128-0-0-0-0-0-0-0-0-0-0-0-0-0-0-0-0-0-0-0-0-0-0-0-
[INFO] [1790596295.685749365] [uav4.mavros.sys]: FCU: EVENT 377561 with args -8-0-0-0-20-0-0-0-0-0-0-0-0-0-0-0-0-0-0-0-0-0-0-0-0-0-0-0-0-0-0-0-0-0-0-0-0-0-0-0-
[WARN] [1790596295.685796290] [uav4.mavros.sys]: FCU: EVENT 453929 with args -255-255-255-255-7-0-0-0-0-0-0-0-0-0-0-0-0-0-0-0-0-0-0-0-0-0-0-0-0-0-0-0-0-0-0-0-0-0-0-0-
[INFO] [1790596295.685893990] [uav4.mavros.sys]: FCU: EVENT 6801787 with args -255-255-255-255-12-0-0-0-0-0-0-0-0-0-0-0-0-0-0-0-0-0-0-0-0-0-0-0-0-0-0-0-0-0-0-0-0-0-0-0-
[WARN] [1790596295.685916342] [uav4.mavros.sys]: FCU: UNK(8): EVENT 1914663 with args -0-10-9-2-56-0-0-0-0-0-0-0-0-0-0-0-0-0-0-0-0-0-0-0-0-0-0-0-0-0-0-0-0-0-0-0-0-0-0-0-
[INFO] [1790596297.146876197] [rclcpp]: signal_handler(SIGINT/SIGTERM)
[WARN] [1790596297.151256769] [uav4.mavros]: UAS Executor terminated
