[INFO] [1790595988.428082923] [uav9.mavros_node]: Starting mavros_node container
[INFO] [1790595988.428194708] [uav9.mavros_node]: FCU URL: udp://:14548@127.0.0.1:14588
[INFO] [1790595988.428205014] [uav9.mavros_node]: GCS URL: 
[INFO] [1790595988.428211669] [uav9.mavros_node]: UAS Prefix: /uas9
[INFO] [1790595988.428217275] [uav9.mavros_node]: Starting mavros router node
[INFO] [1790595988.562775829] [uav9.mavros_router]: Built-in SIMD instructions: SSE, SSE2
[INFO] [1790595988.562824834] [uav9.mavros_router]: Built-in MAVLink package version: 2026.8.8
[INFO] [1790595988.562836701] [uav9.mavros_router]: Known MAVLink dialects: common ardupilotmega ASLUAV AVSSUAS all csAirLink cubepilot development icarous loweheiser marsh paparazzi standard stemstudios storm32 uAvionix ualberta
[INFO] [1790595988.562843991] [uav9.mavros_router]: MAVROS Router started
[INFO] [1790595988.566731100] [uav9.mavros_node]: Starting mavros uas node
[INFO] [1790595988.805112154] [uav9.mavros_router]: Requested to add endpoint: type: 0, url: udp://:14548@127.0.0.1:14588
[INFO] [1790595988.805179317] [uav9.mavros_router]: Endpoint link[1000] created
[INFO] [1790595988.807413929] [uav9.mavros_router]: link[1000] opened successfully
[INFO] [1790595988.807452667] [uav9.mavros_router]: Requested to add endpoint: type: 2, url: /uas9
[INFO] [1790595988.807474016] [uav9.mavros_router]: Endpoint link[1001] created
[INFO] [1790595988.814220968] [uav9.mavros_router]: link[1000] detected remote address 9.1
[INFO] [1790595988.827629709] [uav9.mavros]: Plugin actuator_control ignored
[INFO] [1790595988.827700274] [uav9.mavros]: Plugin altitude ignored
[INFO] [1790595988.829087659] [uav9.mavros]: UAS Executor started, threads: 4
[INFO] [1790595988.921652850] [uav9.mavros_router]: link[1001] opened successfully
[INFO] [1790595989.135100292] [uav9.mavros]: Plugin command created
[INFO] [1790595989.135178101] [uav9.mavros]: Plugin command initialized
[INFO] [1790595989.135190945] [uav9.mavros]: Plugin ftp ignored
[INFO] [1790595989.135198048] [uav9.mavros]: Plugin geofence ignored
[INFO] [1790595989.408101336] [uav9.mavros]: Plugin global_position created
[INFO] [1790595989.409943583] [uav9.mavros]: Plugin global_position initialized
[INFO] [1790595989.409987839] [uav9.mavros]: Plugin home_position ignored
[INFO] [1790595989.409996005] [uav9.mavros]: Plugin imu ignored
[INFO] [1790595989.701622526] [uav9.mavros]: Plugin local_position created
[INFO] [1790595989.705648980] [uav9.mavros]: Plugin local_position initialized
[INFO] [1790595989.705947041] [uav9.mavros]: Plugin manual_control ignored
[INFO] [1790595989.705958108] [uav9.mavros]: Plugin nav_controller_output ignored
[INFO] [1790595989.705964621] [uav9.mavros]: Plugin param ignored
[INFO] [1790595989.705970810] [uav9.mavros]: Plugin rallypoint ignored
[INFO] [1790595989.705976003] [uav9.mavros]: Plugin rc_io ignored
[INFO] [1790595989.705981133] [uav9.mavros]: Plugin setpoint_accel ignored
[INFO] [1790595989.705994504] [uav9.mavros]: Plugin setpoint_attitude ignored
[INFO] [1790595989.706000290] [uav9.mavros]: Plugin setpoint_position ignored
[INFO] [1790595989.706005479] [uav9.mavros]: Plugin setpoint_raw ignored
[INFO] [1790595989.706010855] [uav9.mavros]: Plugin setpoint_trajectory ignored
[INFO] [1790595989.976155866] [uav9.mavros]: Plugin setpoint_velocity created
[INFO] [1790595989.976282019] [uav9.mavros]: Plugin setpoint_velocity initialized
[INFO] [1790595990.257376969] [uav9.mavros]: Plugin sys_status created
[INFO] [1790595990.257454777] [uav9.mavros]: Plugin sys_status initialized
[INFO] [1790595990.297155434] [uav9.mavros.time]: TM: Timesync mode: MAVLINK
[INFO] [1790595990.306257011] [uav9.mavros]: Plugin sys_time created
[INFO] [1790595990.306330046] [uav9.mavros]: Plugin sys_time initialized
[INFO] [1790595990.306343826] [uav9.mavros]: Plugin waypoint ignored
[INFO] [1790595990.306351304] [uav9.mavros]: Plugin wind_estimation ignored
[INFO] [1790595990.311602617] [uav9.mavros]: Built-in SIMD instructions: SSE, SSE2
[INFO] [1790595990.311652497] [uav9.mavros]: Built-in MAVLink package version: 2026.8.8
[INFO] [1790595990.311770585] [uav9.mavros]: Known MAVLink dialects: common ardupilotmega ASLUAV AVSSUAS all csAirLink cubepilot development icarous loweheiser marsh paparazzi standard stemstudios storm32 uAvionix ualberta
[INFO] [1790595990.311778590] [uav9.mavros]: MAVROS UAS via /uas9 started. MY ID 9.191, TARGET ID 9.1
[INFO] [1790595990.381289044] [uav9.mavros_router]: link[1001] detected remote address 9.191
[INFO] [1790595990.718718388] [uav9.mavros]: CON: Got HEARTBEAT, connected. FCU: PX4 Autopilot
[WARN] [1790595990.729791366] [uav9.mavros.sys]: FCU: UNK(8): EVENT 11047904 with args -0-0-0-16-0-128-0-0-0-176-58-127-128-176-58-127-128-0-0-0-0-0-0-0-0-0-0-0-0-0-0-0-0-0-0-0-0-0-0-0-
[ERROR] [1790595990.730096350] [uav9.mavros.sys]: FCU: EVENT 11464574 with args -0-64-0-0-20-0-0-0-0-0-0-0-0-0-0-0-0-0-0-0-0-0-0-0-0-0-0-0-0-0-0-0-0-0-0-0-0-0-0-0-
[INFO] [1790595990.730147877] [uav9.mavros.sys]: FCU: EVENT 377561 with args -8-0-0-0-20-0-0-0-0-0-0-0-0-0-0-0-0-0-0-0-0-0-0-0-0-0-0-0-0-0-0-0-0-0-0-0-0-0-0-0-
[WARN] [1790595990.730194893] [uav9.mavros.sys]: FCU: EVENT 453929 with args -255-255-255-255-7-0-0-0-0-0-0-0-0-0-0-0-0-0-0-0-0-0-0-0-0-0-0-0-0-0-0-0-0-0-0-0-0-0-0-0-
[INFO] [1790595990.730241786] [uav9.mavros.sys]: FCU: EVENT 6801787 with args -255-255-255-255-12-0-0-0-0-0-0-0-0-0-0-0-0-0-0-0-0-0-0-0-0-0-0-0-0-0-0-0-0-0-0-0-0-0-0-0-
[WARN] [1790595990.730280086] [uav9.mavros.sys]: FCU: UNK(8): EVENT 1914663 with args -0-10-13-2-56-0-0-0-0-0-0-0-0-0-0-0-0-0-0-0-0-0-0-0-0-0-0-0-0-0-0-0-0-0-0-0-0-0-0-0-
[INFO] [1790595991.742529061] [uav9.mavros.sys]: VER: 9.1: Capabilities         0x000000000000e8ff
[INFO] [1790595991.742597412] [uav9.mavros.sys]: VER: 9.1: Flight software:     011200c0 (fca3df865a000000)
[INFO] [1790595991.742609501] [uav9.mavros.sys]: VER: 9.1: Middleware software: 011200c0 (fca3df865a000000)
[INFO] [1790595991.742614513] [uav9.mavros.sys]: VER: 9.1: OS software:         070000ff (17040b9f87cb1791)
[INFO] [1790595991.742619120] [uav9.mavros.sys]: VER: 9.1: Board hardware:      00000001
[INFO] [1790595991.742623868] [uav9.mavros.sys]: VER: 9.1: VID/PID:             0000:0000
[INFO] [1790595991.742628680] [uav9.mavros.sys]: VER: 9.1: UID:                 4954414c44494e57
[WARN] [1790595991.753022725] [uav9.mavros.cmd]: CMD: Unexpected command 512, result 0
[WARN] [1790596002.583503942] [uav9.mavros.sys]: FCU: UNK(8): EVENT 11047904 with args -0-0-0-0-0-128-0-0-0-176-122-127-128-176-122-127-128-0-0-0-0-0-0-0-0-0-0-0-0-0-0-0-0-0-0-0-0-0-0-0-
[INFO] [1790596002.583648569] [uav9.mavros.sys]: FCU: EVENT 377561 with args -8-0-0-0-20-0-0-0-0-0-0-0-0-0-0-0-0-0-0-0-0-0-0-0-0-0-0-0-0-0-0-0-0-0-0-0-0-0-0-0-
[WARN] [1790596002.583700147] [uav9.mavros.sys]: FCU: EVENT 453929 with args -255-255-255-255-7-0-0-0-0-0-0-0-0-0-0-0-0-0-0-0-0-0-0-0-0-0-0-0-0-0-0-0-0-0-0-0-0-0-0-0-
[INFO] [1790596002.583761667] [uav9.mavros.sys]: FCU: EVENT 6801787 with args -255-255-255-255-12-0-0-0-0-0-0-0-0-0-0-0-0-0-0-0-0-0-0-0-0-0-0-0-0-0-0-0-0-0-0-0-0-0-0-0-
[WARN] [1790596002.583809056] [uav9.mavros.sys]: FCU: UNK(8): EVENT 1914663 with args -0-10-13-2-56-0-0-0-0-0-0-0-0-0-0-0-0-0-0-0-0-0-0-0-0-0-0-0-0-0-0-0-0-0-0-0-0-0-0-0-
[WARN] [1790596004.891979018] [uav9.mavros.cmd]: CMD: Unexpected command 176, result 0
[INFO] [1790596005.334729975] [uav9.mavros.sys]: FCU: EVENT 9489139 with args -4-0-0-0-0-0-0-0-0-0-0-0-0-0-0-0-0-0-0-0-0-0-0-0-0-0-0-0-0-0-0-0-0-0-0-0-0-0-0-0-
[INFO] [1790596007.448027908] [uav9.mavros.sys]: FCU: EVENT 4277609 with args -0-0-0-0-0-0-0-0-0-0-0-0-0-0-0-0-0-0-0-0-0-0-0-0-0-0-0-0-0-0-0-0-0-0-0-0-0-0-0-0-
[WARN] [1790596257.225608781] [uav9.mavros.cmd]: CMD: Unexpected command 176, result 0
[INFO] [1790596291.614396884] [uav9.mavros.sys]: FCU: EVENT 9844908 with args -0-0-0-0-0-0-0-0-0-0-0-0-0-0-0-0-0-0-0-0-0-0-0-0-0-0-0-0-0-0-0-0-0-0-0-0-0-0-0-0-
[INFO] [1790596293.716072313] [uav9.mavros.sys]: FCU: EVENT 16017271 with args -6-0-0-0-0-0-0-0-0-0-0-0-0-0-0-0-0-0-0-0-0-0-0-0-0-0-0-0-0-0-0-0-0-0-0-0-0-0-0-0-
[INFO] [1790596297.150561652] [rclcpp]: signal_handler(SIGINT/SIGTERM)
[WARN] [1790596297.152289713] [uav9.mavros]: UAS Executor terminated
