[INFO] [1790595988.401570842] [uav5.mavros_node]: Starting mavros_node container
[INFO] [1790595988.403265682] [uav5.mavros_node]: FCU URL: udp://:14544@127.0.0.1:14584
[INFO] [1790595988.403278363] [uav5.mavros_node]: GCS URL: 
[INFO] [1790595988.403284844] [uav5.mavros_node]: UAS Prefix: /uas5
[INFO] [1790595988.403292591] [uav5.mavros_node]: Starting mavros router node
[INFO] [1790595988.514373030] [uav5.mavros_router]: Built-in SIMD instructions: SSE, SSE2
[INFO] [1790595988.514434244] [uav5.mavros_router]: Built-in MAVLink package version: 2026.8.8
[INFO] [1790595988.514444837] [uav5.mavros_router]: Known MAVLink dialects: common ardupilotmega ASLUAV AVSSUAS all csAirLink cubepilot development icarous loweheiser marsh paparazzi standard stemstudios storm32 uAvionix ualberta
[INFO] [1790595988.514456275] [uav5.mavros_router]: MAVROS Router started
[INFO] [1790595988.518360651] [uav5.mavros_node]: Starting mavros uas node
[INFO] [1790595988.718281150] [uav5.mavros_router]: Requested to add endpoint: type: 0, url: udp://:14544@127.0.0.1:14584
[INFO] [1790595988.725921721] [uav5.mavros_router]: Endpoint link[1000] created
[INFO] [1790595988.726164837] [uav5.mavros_router]: link[1000] opened successfully
[INFO] [1790595988.726185791] [uav5.mavros_router]: Requested to add endpoint: type: 2, url: /uas5
[INFO] [1790595988.726201064] [uav5.mavros_router]: Endpoint link[1001] created
[INFO] [1790595988.727935362] [uav5.mavros_router]: link[1000] detected remote address 5.1
[INFO] [1790595988.736626550] [uav5.mavros]: Plugin actuator_control ignored
[INFO] [1790595988.736691644] [uav5.mavros]: Plugin altitude ignored
[INFO] [1790595988.736819157] [uav5.mavros]: UAS Executor started, threads: 4
[INFO] [1790595988.770286233] [uav5.mavros_router]: link[1001] opened successfully
[INFO] [1790595988.972364637] [uav5.mavros]: Plugin command created
[INFO] [1790595988.972655113] [uav5.mavros]: Plugin command initialized
[INFO] [1790595988.973167554] [uav5.mavros]: Plugin ftp ignored
[INFO] [1790595988.973177308] [uav5.mavros]: Plugin geofence ignored
[INFO] [1790595989.318897612] [uav5.mavros]: Plugin global_position created
[INFO] [1790595989.318982407] [uav5.mavros]: Plugin global_position initialized
[INFO] [1790595989.318997534] [uav5.mavros]: Plugin home_position ignored
[INFO] [1790595989.319006643] [uav5.mavros]: Plugin imu ignored
[INFO] [1790595989.592906606] [uav5.mavros]: Plugin local_position created
[INFO] [1790595989.592967817] [uav5.mavros]: Plugin local_position initialized
[INFO] [1790595989.592978654] [uav5.mavros]: Plugin manual_control ignored
[INFO] [1790595989.592985452] [uav5.mavros]: Plugin nav_controller_output ignored
[INFO] [1790595989.592991786] [uav5.mavros]: Plugin param ignored
[INFO] [1790595989.592997843] [uav5.mavros]: Plugin rallypoint ignored
[INFO] [1790595989.593003991] [uav5.mavros]: Plugin rc_io ignored
[INFO] [1790595989.593010229] [uav5.mavros]: Plugin setpoint_accel ignored
[INFO] [1790595989.593016255] [uav5.mavros]: Plugin setpoint_attitude ignored
[INFO] [1790595989.593022314] [uav5.mavros]: Plugin setpoint_position ignored
[INFO] [1790595989.593028542] [uav5.mavros]: Plugin setpoint_raw ignored
[INFO] [1790595989.593034526] [uav5.mavros]: Plugin setpoint_trajectory ignored
[INFO] [1790595989.827934572] [uav5.mavros]: Plugin setpoint_velocity created
[INFO] [1790595989.827998821] [uav5.mavros]: Plugin setpoint_velocity initialized
[INFO] [1790595990.228528644] [uav5.mavros]: Plugin sys_status created
[INFO] [1790595990.231722561] [uav5.mavros]: Plugin sys_status initialized
[INFO] [1790595990.383004368] [uav5.mavros.time]: TM: Timesync mode: MAVLINK
[INFO] [1790595990.391350298] [uav5.mavros]: Plugin sys_time created
[INFO] [1790595990.391415432] [uav5.mavros]: Plugin sys_time initialized
[INFO] [1790595990.391427050] [uav5.mavros]: Plugin waypoint ignored
[INFO] [1790595990.391432804] [uav5.mavros]: Plugin wind_estimation ignored
[INFO] [1790595990.395518274] [uav5.mavros]: Built-in SIMD instructions: SSE, SSE2
[INFO] [1790595990.395564306] [uav5.mavros]: Built-in MAVLink package version: 2026.8.8
[INFO] [1790595990.396253729] [uav5.mavros]: Known MAVLink dialects: common ardupilotmega ASLUAV AVSSUAS all csAirLink cubepilot development icarous loweheiser marsh paparazzi standard stemstudios storm32 uAvionix ualberta
[INFO] [1790595990.396265423] [uav5.mavros]: MAVROS UAS via /uas5 started. MY ID 5.191, TARGET ID 5.1
[INFO] [1790595990.418072371] [uav5.mavros_router]: link[1001] detected remote address 5.191
[INFO] [1790595990.745574485] [uav5.mavros]: CON: Got HEARTBEAT, connected. FCU: PX4 Autopilot
[INFO] [1790595991.775799240] [uav5.mavros.sys]: VER: 5.1: Capabilities         0x000000000000e8ff
[INFO] [1790595991.775870647] [uav5.mavros.sys]: VER: 5.1: Flight software:     011200c0 (fca3df865a000000)
[INFO] [1790595991.775882008] [uav5.mavros.sys]: VER: 5.1: Middleware software: 011200c0 (fca3df865a000000)
[INFO] [1790595991.775888066] [uav5.mavros.sys]: VER: 5.1: OS software:         070000ff (17040b9f87cb1791)
[INFO] [1790595991.775893467] [uav5.mavros.sys]: VER: 5.1: Board hardware:      00000001
[INFO] [1790595991.775898393] [uav5.mavros.sys]: VER: 5.1: VID/PID:             0000:0000
[INFO] [1790595991.775903988] [uav5.mavros.sys]: VER: 5.1: UID:                 4954414c44494e53
[WARN] [1790595991.779330575] [uav5.mavros.cmd]: CMD: Unexpected command 512, result 0
[WARN] [1790596002.946859507] [uav5.mavros.sys]: FCU: UNK(8): EVENT 11047904 with args -0-0-0-0-0-128-0-0-0-176-122-127-128-176-122-127-128-0-0-0-0-0-0-0-0-0-0-0-0-0-0-0-0-0-0-0-0-0-0-0-
[INFO] [1790596002.949354207] [uav5.mavros.sys]: FCU: EVENT 377561 with args -8-0-0-0-20-0-0-0-0-0-0-0-0-0-0-0-0-0-0-0-0-0-0-0-0-0-0-0-0-0-0-0-0-0-0-0-0-0-0-0-
[WARN] [1790596002.955806210] [uav5.mavros.sys]: FCU: EVENT 453929 with args -255-255-255-255-7-0-0-0-0-0-0-0-0-0-0-0-0-0-0-0-0-0-0-0-0-0-0-0-0-0-0-0-0-0-0-0-0-0-0-0-
[INFO] [1790596002.963666692] [uav5.mavros.sys]: FCU: EVENT 6801787 with args -255-255-255-255-12-0-0-0-0-0-0-0-0-0-0-0-0-0-0-0-0-0-0-0-0-0-0-0-0-0-0-0-0-0-0-0-0-0-0-0-
[WARN] [1790596002.968288054] [uav5.mavros.sys]: FCU: UNK(8): EVENT 1914663 with args -0-10-13-2-56-0-0-0-0-0-0-0-0-0-0-0-0-0-0-0-0-0-0-0-0-0-0-0-0-0-0-0-0-0-0-0-0-0-0-0-
[WARN] [1790596004.691755183] [uav5.mavros.cmd]: CMD: Unexpected command 176, result 0
[INFO] [1790596005.603612242] [uav5.mavros.sys]: FCU: EVENT 9489139 with args -4-0-0-0-0-0-0-0-0-0-0-0-0-0-0-0-0-0-0-0-0-0-0-0-0-0-0-0-0-0-0-0-0-0-0-0-0-0-0-0-
[INFO] [1790596007.587858770] [uav5.mavros.sys]: FCU: EVENT 4277609 with args -0-0-0-0-0-0-0-0-0-0-0-0-0-0-0-0-0-0-0-0-0-0-0-0-0-0-0-0-0-0-0-0-0-0-0-0-0-0-0-0-
[WARN] [1790596257.206433022] [uav5.mavros.cmd]: CMD: Unexpected command 176, result 0
[INFO] [1790596290.270132082] [uav5.mavros.sys]: FCU: EVENT 9844908 with args -0-0-0-0-0-0-0-0-0-0-0-0-0-0-0-0-0-0-0-0-0-0-0-0-0-0-0-0-0-0-0-0-0-0-0-0-0-0-0-0-
[INFO] [1790596292.356050971] [uav5.mavros.sys]: FCU: EVENT 16017271 with args -6-0-0-0-0-0-0-0-0-0-0-0-0-0-0-0-0-0-0-0-0-0-0-0-0-0-0-0-0-0-0-0-0-0-0-0-0-0-0-0-
[WARN] [1790596296.007544583] [uav5.mavros.sys]: FCU: UNK(8): EVENT 11047904 with args -0-0-0-0-0-128-0-0-0-176-122-127-128-176-122-127-128-0-0-0-0-0-0-0-0-0-0-0-0-0-0-0-0-0-0-0-0-0-0-0-
[INFO] [1790596296.007694107] [uav5.mavros.sys]: FCU: EVENT 377561 with args -8-0-0-0-20-0-0-0-0-0-0-0-0-0-0-0-0-0-0-0-0-0-0-0-0-0-0-0-0-0-0-0-0-0-0-0-0-0-0-0-
[WARN] [1790596296.007772403] [uav5.mavros.sys]: FCU: EVENT 453929 with args -255-255-255-255-7-0-0-0-0-0-0-0-0-0-0-0-0-0-0-0-0-0-0-0-0-0-0-0-0-0-0-0-0-0-0-0-0-0-0-0-
[INFO] [1790596296.007827790] [uav5.mavros.sys]: FCU: EVENT 6801787 with args -255-255-255-255-12-0-0-0-0-0-0-0-0-0-0-0-0-0-0-0-0-0-0-0-0-0-0-0-0-0-0-0-0-0-0-0-0-0-0-0-
[WARN] [1790596296.007864573] [uav5.mavros.sys]: FCU: UNK(8): EVENT 1914663 with args -0-10-9-2-56-0-0-0-0-0-0-0-0-0-0-0-0-0-0-0-0-0-0-0-0-0-0-0-0-0-0-0-0-0-0-0-0-0-0-0-
[INFO] [1790596297.149903805] [rclcpp]: signal_handler(SIGINT/SIGTERM)
[WARN] [1790596297.152679839] [uav5.mavros]: UAS Executor terminated
