[INFO] [1790654080.201588194] [uav7.mavros_node]: Starting mavros_node container
[INFO] [1790654080.201681767] [uav7.mavros_node]: FCU URL: udp://:14546@127.0.0.1:14586
[INFO] [1790654080.201690199] [uav7.mavros_node]: GCS URL: 
[INFO] [1790654080.201695696] [uav7.mavros_node]: UAS Prefix: /uas7
[INFO] [1790654080.201700871] [uav7.mavros_node]: Starting mavros router node
[INFO] [1790654080.306341673] [uav7.mavros_router]: Built-in SIMD instructions: SSE, SSE2
[INFO] [1790654080.306386028] [uav7.mavros_router]: Built-in MAVLink package version: 2026.8.8
[INFO] [1790654080.306394738] [uav7.mavros_router]: Known MAVLink dialects: common ardupilotmega ASLUAV AVSSUAS all csAirLink cubepilot development icarous loweheiser marsh paparazzi standard stemstudios storm32 uAvionix ualberta
[INFO] [1790654080.306401050] [uav7.mavros_router]: MAVROS Router started
[INFO] [1790654080.308848317] [uav7.mavros_node]: Starting mavros uas node
[INFO] [1790654080.678065470] [uav7.mavros_router]: Requested to add endpoint: type: 0, url: udp://:14546@127.0.0.1:14586
[INFO] [1790654080.678128521] [uav7.mavros_router]: Endpoint link[1000] created
[INFO] [1790654080.683603115] [uav7.mavros_router]: link[1000] opened successfully
[INFO] [1790654080.683642978] [uav7.mavros_router]: Requested to add endpoint: type: 2, url: /uas7
[INFO] [1790654080.683663497] [uav7.mavros_router]: Endpoint link[1001] created
[INFO] [1790654080.686758863] [uav7.mavros_router]: link[1000] detected remote address 7.1
[INFO] [1790654080.695241727] [uav7.mavros]: Plugin actuator_control ignored
[INFO] [1790654080.695301055] [uav7.mavros]: Plugin altitude ignored
[INFO] [1790654080.695415162] [uav7.mavros]: UAS Executor started, threads: 4
[INFO] [1790654080.772736294] [uav7.mavros_router]: link[1001] opened successfully
[INFO] [1790654080.973456369] [uav7.mavros]: Plugin command created
[INFO] [1790654080.973524952] [uav7.mavros]: Plugin command initialized
[INFO] [1790654080.973535355] [uav7.mavros]: Plugin ftp ignored
[INFO] [1790654080.973541219] [uav7.mavros]: Plugin geofence ignored
[INFO] [1790654081.355461699] [uav7.mavros]: Plugin global_position created
[INFO] [1790654081.355514539] [uav7.mavros]: Plugin global_position initialized
[INFO] [1790654081.355524040] [uav7.mavros]: Plugin home_position ignored
[INFO] [1790654081.355530154] [uav7.mavros]: Plugin imu ignored
[INFO] [1790654081.563861449] [uav7.mavros]: Plugin local_position created
[INFO] [1790654081.563917894] [uav7.mavros]: Plugin local_position initialized
[INFO] [1790654081.563926456] [uav7.mavros]: Plugin manual_control ignored
[INFO] [1790654081.563932660] [uav7.mavros]: Plugin nav_controller_output ignored
[INFO] [1790654081.563938152] [uav7.mavros]: Plugin param ignored
[INFO] [1790654081.563943875] [uav7.mavros]: Plugin rallypoint ignored
[INFO] [1790654081.563949356] [uav7.mavros]: Plugin rc_io ignored
[INFO] [1790654081.563954898] [uav7.mavros]: Plugin setpoint_accel ignored
[INFO] [1790654081.563960363] [uav7.mavros]: Plugin setpoint_attitude ignored
[INFO] [1790654081.563965470] [uav7.mavros]: Plugin setpoint_position ignored
[INFO] [1790654081.563970955] [uav7.mavros]: Plugin setpoint_raw ignored
[INFO] [1790654081.563976369] [uav7.mavros]: Plugin setpoint_trajectory ignored
[INFO] [1790654081.651455279] [uav7.mavros]: Plugin setpoint_velocity created
[INFO] [1790654081.651515895] [uav7.mavros]: Plugin setpoint_velocity initialized
[INFO] [1790654081.880367673] [uav7.mavros]: Plugin sys_status created
[INFO] [1790654081.880427569] [uav7.mavros]: Plugin sys_status initialized
[INFO] [1790654081.985985762] [uav7.mavros.time]: TM: Timesync mode: MAVLINK
[INFO] [1790654082.003543833] [uav7.mavros]: Plugin sys_time created
[INFO] [1790654082.014988215] [uav7.mavros]: Plugin sys_time initialized
[INFO] [1790654082.015004064] [uav7.mavros]: Plugin waypoint ignored
[INFO] [1790654082.015011487] [uav7.mavros]: Plugin wind_estimation ignored
[INFO] [1790654082.024023366] [uav7.mavros]: Built-in SIMD instructions: SSE, SSE2
[INFO] [1790654082.024075652] [uav7.mavros]: Built-in MAVLink package version: 2026.8.8
[INFO] [1790654082.024108828] [uav7.mavros]: Known MAVLink dialects: common ardupilotmega ASLUAV AVSSUAS all csAirLink cubepilot development icarous loweheiser marsh paparazzi standard stemstudios storm32 uAvionix ualberta
[INFO] [1790654082.024115923] [uav7.mavros]: MAVROS UAS via /uas7 started. MY ID 7.191, TARGET ID 7.1
[INFO] [1790654082.060509082] [uav7.mavros_router]: link[1001] detected remote address 7.191
[INFO] [1790654082.403553859] [uav7.mavros]: CON: Got HEARTBEAT, connected. FCU: PX4 Autopilot
[INFO] [1790654083.440794477] [uav7.mavros.sys]: VER: 7.1: Capabilities         0x000000000000e8ff
[INFO] [1790654083.440858608] [uav7.mavros.sys]: VER: 7.1: Flight software:     011200c0 (fca3df865a000000)
[INFO] [1790654083.440866941] [uav7.mavros.sys]: VER: 7.1: Middleware software: 011200c0 (fca3df865a000000)
[INFO] [1790654083.440872389] [uav7.mavros.sys]: VER: 7.1: OS software:         070000ff (17040b9f87cb1791)
[INFO] [1790654083.440877564] [uav7.mavros.sys]: VER: 7.1: Board hardware:      00000001
[INFO] [1790654083.440882559] [uav7.mavros.sys]: VER: 7.1: VID/PID:             0000:0000
[INFO] [1790654083.440887727] [uav7.mavros.sys]: VER: 7.1: UID:                 4954414c44494e55
[WARN] [1790654083.444701907] [uav7.mavros.cmd]: CMD: Unexpected command 512, result 0
[WARN] [1790654092.357648015] [uav7.mavros.sys]: FCU: UNK(8): EVENT 11047904 with args -0-0-0-0-0-128-0-0-0-176-122-127-128-176-122-127-128-0-0-0-0-0-0-0-0-0-0-0-0-0-0-0-0-0-0-0-0-0-0-0-
[INFO] [1790654092.357754862] [uav7.mavros.sys]: FCU: EVENT 377561 with args -8-0-0-0-20-0-0-0-0-0-0-0-0-0-0-0-0-0-0-0-0-0-0-0-0-0-0-0-0-0-0-0-0-0-0-0-0-0-0-0-
[WARN] [1790654092.357819463] [uav7.mavros.sys]: FCU: EVENT 453929 with args -255-255-255-255-7-0-0-0-0-0-0-0-0-0-0-0-0-0-0-0-0-0-0-0-0-0-0-0-0-0-0-0-0-0-0-0-0-0-0-0-
[INFO] [1790654092.357857320] [uav7.mavros.sys]: FCU: EVENT 6801787 with args -255-255-255-255-12-0-0-0-0-0-0-0-0-0-0-0-0-0-0-0-0-0-0-0-0-0-0-0-0-0-0-0-0-0-0-0-0-0-0-0-
[WARN] [1790654092.357891902] [uav7.mavros.sys]: FCU: UNK(8): EVENT 1914663 with args -0-10-13-2-56-0-0-0-0-0-0-0-0-0-0-0-0-0-0-0-0-0-0-0-0-0-0-0-0-0-0-0-0-0-0-0-0-0-0-0-
[WARN] [1790654093.525728196] [uav7.mavros.sys.rclcpp]: failed to send response to /uav7/mavros/set_message_interval (timeout): client will not receive response, at ./src/rmw_response.cpp:153, at ./src/rcl/service.c:400
[WARN] [1790654093.801685418] [uav7.mavros.sys.rclcpp]: failed to send response to /uav7/mavros/set_message_interval (timeout): client will not receive response, at ./src/rmw_response.cpp:153, at ./src/rcl/service.c:400
[WARN] [1790654097.269100124] [uav7.mavros.cmd]: CMD: Unexpected command 176, result 0
[INFO] [1790654098.181573636] [uav7.mavros.sys]: FCU: EVENT 9489139 with args -4-0-0-0-0-0-0-0-0-0-0-0-0-0-0-0-0-0-0-0-0-0-0-0-0-0-0-0-0-0-0-0-0-0-0-0-0-0-0-0-
[INFO] [1790654100.001673447] [uav7.mavros.sys]: FCU: EVENT 4277609 with args -0-0-0-0-0-0-0-0-0-0-0-0-0-0-0-0-0-0-0-0-0-0-0-0-0-0-0-0-0-0-0-0-0-0-0-0-0-0-0-0-
[WARN] [1790654354.864156629] [uav7.mavros.cmd]: CMD: Unexpected command 176, result 0
[INFO] [1790654386.415367460] [uav7.mavros.sys]: FCU: EVENT 9844908 with args -0-0-0-0-0-0-0-0-0-0-0-0-0-0-0-0-0-0-0-0-0-0-0-0-0-0-0-0-0-0-0-0-0-0-0-0-0-0-0-0-
[INFO] [1790654388.574629997] [uav7.mavros.sys]: FCU: EVENT 16017271 with args -6-0-0-0-0-0-0-0-0-0-0-0-0-0-0-0-0-0-0-0-0-0-0-0-0-0-0-0-0-0-0-0-0-0-0-0-0-0-0-0-
[WARN] [1790654392.798380313] [uav7.mavros.sys]: FCU: UNK(8): EVENT 11047904 with args -0-0-0-0-0-128-0-0-0-176-122-127-128-176-122-127-128-0-0-0-0-0-0-0-0-0-0-0-0-0-0-0-0-0-0-0-0-0-0-0-
[INFO] [1790654392.798465777] [uav7.mavros.sys]: FCU: EVENT 377561 with args -8-0-0-0-20-0-0-0-0-0-0-0-0-0-0-0-0-0-0-0-0-0-0-0-0-0-0-0-0-0-0-0-0-0-0-0-0-0-0-0-
[WARN] [1790654392.798563022] [uav7.mavros.sys]: FCU: EVENT 453929 with args -255-255-255-255-7-0-0-0-0-0-0-0-0-0-0-0-0-0-0-0-0-0-0-0-0-0-0-0-0-0-0-0-0-0-0-0-0-0-0-0-
[INFO] [1790654392.798589646] [uav7.mavros.sys]: FCU: EVENT 6801787 with args -255-255-255-255-12-0-0-0-0-0-0-0-0-0-0-0-0-0-0-0-0-0-0-0-0-0-0-0-0-0-0-0-0-0-0-0-0-0-0-0-
[WARN] [1790654392.798776614] [uav7.mavros.sys]: FCU: UNK(8): EVENT 1914663 with args -0-10-9-2-56-0-0-0-0-0-0-0-0-0-0-0-0-0-0-0-0-0-0-0-0-0-0-0-0-0-0-0-0-0-0-0-0-0-0-0-
[INFO] [1790654396.894377004] [rclcpp]: signal_handler(SIGINT/SIGTERM)
[WARN] [1790654396.900080374] [uav7.mavros]: UAS Executor terminated
