[INFO] [1790654080.281005640] [uav8.mavros_node]: Starting mavros_node container
[INFO] [1790654080.285242291] [uav8.mavros_node]: FCU URL: udp://:14547@127.0.0.1:14587
[INFO] [1790654080.286109308] [uav8.mavros_node]: GCS URL: 
[INFO] [1790654080.286121094] [uav8.mavros_node]: UAS Prefix: /uas8
[INFO] [1790654080.286125628] [uav8.mavros_node]: Starting mavros router node
[INFO] [1790654080.413559340] [uav8.mavros_router]: Built-in SIMD instructions: SSE, SSE2
[INFO] [1790654080.413597671] [uav8.mavros_router]: Built-in MAVLink package version: 2026.8.8
[INFO] [1790654080.413605894] [uav8.mavros_router]: Known MAVLink dialects: common ardupilotmega ASLUAV AVSSUAS all csAirLink cubepilot development icarous loweheiser marsh paparazzi standard stemstudios storm32 uAvionix ualberta
[INFO] [1790654080.413612463] [uav8.mavros_router]: MAVROS Router started
[INFO] [1790654080.413752274] [uav8.mavros_node]: Starting mavros uas node
[INFO] [1790654080.700504947] [uav8.mavros_router]: Requested to add endpoint: type: 0, url: udp://:14547@127.0.0.1:14587
[INFO] [1790654080.705041013] [uav8.mavros_router]: Endpoint link[1000] created
[INFO] [1790654080.706786129] [uav8.mavros_router]: link[1000] opened successfully
[INFO] [1790654080.706832555] [uav8.mavros_router]: Requested to add endpoint: type: 2, url: /uas8
[INFO] [1790654080.706854754] [uav8.mavros_router]: Endpoint link[1001] created
[INFO] [1790654080.709781282] [uav8.mavros_router]: link[1000] detected remote address 8.1
[INFO] [1790654080.711075178] [uav8.mavros]: Plugin actuator_control ignored
[INFO] [1790654080.722667166] [uav8.mavros]: Plugin altitude ignored
[INFO] [1790654080.711092626] [uav8.mavros]: UAS Executor started, threads: 4
[INFO] [1790654080.802307564] [uav8.mavros_router]: link[1001] opened successfully
[INFO] [1790654081.180931622] [uav8.mavros]: Plugin command created
[INFO] [1790654081.184428300] [uav8.mavros]: Plugin command initialized
[INFO] [1790654081.198060557] [uav8.mavros]: Plugin ftp ignored
[INFO] [1790654081.198076526] [uav8.mavros]: Plugin geofence ignored
[INFO] [1790654081.435044494] [uav8.mavros]: Plugin global_position created
[INFO] [1790654081.435119067] [uav8.mavros]: Plugin global_position initialized
[INFO] [1790654081.435129834] [uav8.mavros]: Plugin home_position ignored
[INFO] [1790654081.435134697] [uav8.mavros]: Plugin imu ignored
[INFO] [1790654081.690015054] [uav8.mavros]: Plugin local_position created
[INFO] [1790654081.690078214] [uav8.mavros]: Plugin local_position initialized
[INFO] [1790654081.690088383] [uav8.mavros]: Plugin manual_control ignored
[INFO] [1790654081.690093604] [uav8.mavros]: Plugin nav_controller_output ignored
[INFO] [1790654081.690098693] [uav8.mavros]: Plugin param ignored
[INFO] [1790654081.690103758] [uav8.mavros]: Plugin rallypoint ignored
[INFO] [1790654081.690108183] [uav8.mavros]: Plugin rc_io ignored
[INFO] [1790654081.690113428] [uav8.mavros]: Plugin setpoint_accel ignored
[INFO] [1790654081.690118572] [uav8.mavros]: Plugin setpoint_attitude ignored
[INFO] [1790654081.690123621] [uav8.mavros]: Plugin setpoint_position ignored
[INFO] [1790654081.690131291] [uav8.mavros]: Plugin setpoint_raw ignored
[INFO] [1790654081.690138987] [uav8.mavros]: Plugin setpoint_trajectory ignored
[INFO] [1790654081.834589278] [uav8.mavros]: Plugin setpoint_velocity created
[INFO] [1790654081.834885737] [uav8.mavros]: Plugin setpoint_velocity initialized
[INFO] [1790654082.038182306] [uav8.mavros]: Plugin sys_status created
[INFO] [1790654082.040200666] [uav8.mavros]: Plugin sys_status initialized
[INFO] [1790654082.190799415] [uav8.mavros.time]: TM: Timesync mode: MAVLINK
[INFO] [1790654082.205723824] [uav8.mavros]: Plugin sys_time created
[INFO] [1790654082.205789238] [uav8.mavros]: Plugin sys_time initialized
[INFO] [1790654082.205798695] [uav8.mavros]: Plugin waypoint ignored
[INFO] [1790654082.205803627] [uav8.mavros]: Plugin wind_estimation ignored
[INFO] [1790654082.215427342] [uav8.mavros]: Built-in SIMD instructions: SSE, SSE2
[INFO] [1790654082.219449474] [uav8.mavros]: Built-in MAVLink package version: 2026.8.8
[INFO] [1790654082.219490362] [uav8.mavros]: Known MAVLink dialects: common ardupilotmega ASLUAV AVSSUAS all csAirLink cubepilot development icarous loweheiser marsh paparazzi standard stemstudios storm32 uAvionix ualberta
[INFO] [1790654082.219497651] [uav8.mavros]: MAVROS UAS via /uas8 started. MY ID 8.191, TARGET ID 8.1
[INFO] [1790654082.292563981] [uav8.mavros_router]: link[1001] detected remote address 8.191
[INFO] [1790654082.407470658] [uav8.mavros]: CON: Got HEARTBEAT, connected. FCU: PX4 Autopilot
[INFO] [1790654083.432664532] [uav8.mavros.sys]: VER: 8.1: Capabilities         0x000000000000e8ff
[INFO] [1790654083.432699878] [uav8.mavros.sys]: VER: 8.1: Flight software:     011200c0 (fca3df865a000000)
[INFO] [1790654083.432707301] [uav8.mavros.sys]: VER: 8.1: Middleware software: 011200c0 (fca3df865a000000)
[INFO] [1790654083.432712694] [uav8.mavros.sys]: VER: 8.1: OS software:         070000ff (17040b9f87cb1791)
[INFO] [1790654083.432717799] [uav8.mavros.sys]: VER: 8.1: Board hardware:      00000001
[INFO] [1790654083.432722650] [uav8.mavros.sys]: VER: 8.1: VID/PID:             0000:0000
[INFO] [1790654083.432727586] [uav8.mavros.sys]: VER: 8.1: UID:                 4954414c44494e56
[WARN] [1790654083.436663375] [uav8.mavros.cmd]: CMD: Unexpected command 512, result 0
[WARN] [1790654090.730837833] [uav8.mavros.sys]: FCU: UNK(8): EVENT 11047904 with args -0-0-0-0-0-128-0-0-0-176-122-127-128-176-122-127-128-0-0-0-0-0-0-0-0-0-0-0-0-0-0-0-0-0-0-0-0-0-0-0-
[INFO] [1790654090.730928460] [uav8.mavros.sys]: FCU: EVENT 377561 with args -8-0-0-0-20-0-0-0-0-0-0-0-0-0-0-0-0-0-0-0-0-0-0-0-0-0-0-0-0-0-0-0-0-0-0-0-0-0-0-0-
[WARN] [1790654090.730967654] [uav8.mavros.sys]: FCU: EVENT 453929 with args -255-255-255-255-7-0-0-0-0-0-0-0-0-0-0-0-0-0-0-0-0-0-0-0-0-0-0-0-0-0-0-0-0-0-0-0-0-0-0-0-
[INFO] [1790654090.731004070] [uav8.mavros.sys]: FCU: EVENT 6801787 with args -255-255-255-255-12-0-0-0-0-0-0-0-0-0-0-0-0-0-0-0-0-0-0-0-0-0-0-0-0-0-0-0-0-0-0-0-0-0-0-0-
[WARN] [1790654090.731037283] [uav8.mavros.sys]: FCU: UNK(8): EVENT 1914663 with args -0-10-13-2-56-0-0-0-0-0-0-0-0-0-0-0-0-0-0-0-0-0-0-0-0-0-0-0-0-0-0-0-0-0-0-0-0-0-0-0-
[WARN] [1790654097.304753908] [uav8.mavros.cmd]: CMD: Unexpected command 176, result 0
[INFO] [1790654098.302607823] [uav8.mavros.sys]: FCU: EVENT 9489139 with args -4-0-0-0-0-0-0-0-0-0-0-0-0-0-0-0-0-0-0-0-0-0-0-0-0-0-0-0-0-0-0-0-0-0-0-0-0-0-0-0-
[INFO] [1790654100.185098070] [uav8.mavros.sys]: FCU: EVENT 4277609 with args -0-0-0-0-0-0-0-0-0-0-0-0-0-0-0-0-0-0-0-0-0-0-0-0-0-0-0-0-0-0-0-0-0-0-0-0-0-0-0-0-
[WARN] [1790654354.840299402] [uav8.mavros.cmd]: CMD: Unexpected command 176, result 0
[INFO] [1790654390.443900689] [uav8.mavros.sys]: FCU: EVENT 9844908 with args -0-0-0-0-0-0-0-0-0-0-0-0-0-0-0-0-0-0-0-0-0-0-0-0-0-0-0-0-0-0-0-0-0-0-0-0-0-0-0-0-
[INFO] [1790654392.599260102] [uav8.mavros.sys]: FCU: EVENT 16017271 with args -6-0-0-0-0-0-0-0-0-0-0-0-0-0-0-0-0-0-0-0-0-0-0-0-0-0-0-0-0-0-0-0-0-0-0-0-0-0-0-0-
[WARN] [1790654396.396366900] [uav8.mavros.sys]: FCU: UNK(8): EVENT 11047904 with args -0-0-0-0-0-128-0-0-0-176-122-127-128-176-122-127-128-0-0-0-0-0-0-0-0-0-0-0-0-0-0-0-0-0-0-0-0-0-0-0-
[INFO] [1790654396.396488452] [uav8.mavros.sys]: FCU: EVENT 377561 with args -8-0-0-0-20-0-0-0-0-0-0-0-0-0-0-0-0-0-0-0-0-0-0-0-0-0-0-0-0-0-0-0-0-0-0-0-0-0-0-0-
[WARN] [1790654396.396559906] [uav8.mavros.sys]: FCU: EVENT 453929 with args -255-255-255-255-7-0-0-0-0-0-0-0-0-0-0-0-0-0-0-0-0-0-0-0-0-0-0-0-0-0-0-0-0-0-0-0-0-0-0-0-
[INFO] [1790654396.397555997] [uav8.mavros.sys]: FCU: EVENT 6801787 with args -255-255-255-255-12-0-0-0-0-0-0-0-0-0-0-0-0-0-0-0-0-0-0-0-0-0-0-0-0-0-0-0-0-0-0-0-0-0-0-0-
[WARN] [1790654396.397587758] [uav8.mavros.sys]: FCU: UNK(8): EVENT 1914663 with args -0-10-9-2-56-0-0-0-0-0-0-0-0-0-0-0-0-0-0-0-0-0-0-0-0-0-0-0-0-0-0-0-0-0-0-0-0-0-0-0-
[INFO] [1790654396.892336671] [rclcpp]: signal_handler(SIGINT/SIGTERM)
[WARN] [1790654396.894619434] [uav8.mavros]: UAS Executor terminated
