[INFO] [1790654080.190593224] [uav9.mavros_node]: Starting mavros_node container
[INFO] [1790654080.190719718] [uav9.mavros_node]: FCU URL: udp://:14548@127.0.0.1:14588
[INFO] [1790654080.190729139] [uav9.mavros_node]: GCS URL: 
[INFO] [1790654080.190734818] [uav9.mavros_node]: UAS Prefix: /uas9
[INFO] [1790654080.190739871] [uav9.mavros_node]: Starting mavros router node
[INFO] [1790654080.226874986] [uav9.mavros_router]: Built-in SIMD instructions: SSE, SSE2
[INFO] [1790654080.227634755] [uav9.mavros_router]: Built-in MAVLink package version: 2026.8.8
[INFO] [1790654080.231158865] [uav9.mavros_router]: Known MAVLink dialects: common ardupilotmega ASLUAV AVSSUAS all csAirLink cubepilot development icarous loweheiser marsh paparazzi standard stemstudios storm32 uAvionix ualberta
[INFO] [1790654080.231186426] [uav9.mavros_router]: MAVROS Router started
[INFO] [1790654080.231477420] [uav9.mavros_node]: Starting mavros uas node
[INFO] [1790654080.495015215] [uav9.mavros_router]: Requested to add endpoint: type: 0, url: udp://:14548@127.0.0.1:14588
[INFO] [1790654080.498738212] [uav9.mavros_router]: Endpoint link[1000] created
[INFO] [1790654080.498996622] [uav9.mavros_router]: link[1000] opened successfully
[INFO] [1790654080.503996278] [uav9.mavros_router]: link[1000] detected remote address 9.1
[WARN] [1790654080.504063359] [uav9.mavros_router]: Message dropped: msgid: 30, source: 9.1, target: 0.0
[INFO] [1790654080.504328553] [uav9.mavros_router]: Requested to add endpoint: type: 2, url: /uas9
[INFO] [1790654080.504375959] [uav9.mavros_router]: Endpoint link[1001] created
[INFO] [1790654080.520649832] [uav9.mavros_router]: link[1001] opened successfully
[INFO] [1790654080.521673886] [uav9.mavros]: Plugin actuator_control ignored
[INFO] [1790654080.521719884] [uav9.mavros]: Plugin altitude ignored
[INFO] [1790654080.522887337] [uav9.mavros]: UAS Executor started, threads: 4
[INFO] [1790654080.871568995] [uav9.mavros]: Plugin command created
[INFO] [1790654080.871641153] [uav9.mavros]: Plugin command initialized
[INFO] [1790654080.871650982] [uav9.mavros]: Plugin ftp ignored
[INFO] [1790654080.871656150] [uav9.mavros]: Plugin geofence ignored
[INFO] [1790654081.194847646] [uav9.mavros]: Plugin global_position created
[INFO] [1790654081.194909204] [uav9.mavros]: Plugin global_position initialized
[INFO] [1790654081.194919794] [uav9.mavros]: Plugin home_position ignored
[INFO] [1790654081.194925574] [uav9.mavros]: Plugin imu ignored
[INFO] [1790654081.572185964] [uav9.mavros]: Plugin local_position created
[INFO] [1790654081.572241286] [uav9.mavros]: Plugin local_position initialized
[INFO] [1790654081.572251185] [uav9.mavros]: Plugin manual_control ignored
[INFO] [1790654081.572257584] [uav9.mavros]: Plugin nav_controller_output ignored
[INFO] [1790654081.572263780] [uav9.mavros]: Plugin param ignored
[INFO] [1790654081.572270085] [uav9.mavros]: Plugin rallypoint ignored
[INFO] [1790654081.572275997] [uav9.mavros]: Plugin rc_io ignored
[INFO] [1790654081.572281613] [uav9.mavros]: Plugin setpoint_accel ignored
[INFO] [1790654081.572287789] [uav9.mavros]: Plugin setpoint_attitude ignored
[INFO] [1790654081.572298959] [uav9.mavros]: Plugin setpoint_position ignored
[INFO] [1790654081.572306619] [uav9.mavros]: Plugin setpoint_raw ignored
[INFO] [1790654081.572312550] [uav9.mavros]: Plugin setpoint_trajectory ignored
[INFO] [1790654081.692187013] [uav9.mavros]: Plugin setpoint_velocity created
[INFO] [1790654081.693441863] [uav9.mavros]: Plugin setpoint_velocity initialized
[INFO] [1790654081.822047707] [uav9.mavros]: Plugin sys_status created
[INFO] [1790654081.823005635] [uav9.mavros]: Plugin sys_status initialized
[INFO] [1790654081.877378651] [uav9.mavros.time]: TM: Timesync mode: MAVLINK
[INFO] [1790654081.889437403] [uav9.mavros]: Plugin sys_time created
[INFO] [1790654081.889502040] [uav9.mavros]: Plugin sys_time initialized
[INFO] [1790654081.889511798] [uav9.mavros]: Plugin waypoint ignored
[INFO] [1790654081.889517394] [uav9.mavros]: Plugin wind_estimation ignored
[INFO] [1790654081.900891120] [uav9.mavros]: Built-in SIMD instructions: SSE, SSE2
[INFO] [1790654081.903350898] [uav9.mavros]: Built-in MAVLink package version: 2026.8.8
[INFO] [1790654081.911081170] [uav9.mavros]: Known MAVLink dialects: common ardupilotmega ASLUAV AVSSUAS all csAirLink cubepilot development icarous loweheiser marsh paparazzi standard stemstudios storm32 uAvionix ualberta
[INFO] [1790654081.911099928] [uav9.mavros]: MAVROS UAS via /uas9 started. MY ID 9.191, TARGET ID 9.1
[INFO] [1790654081.917732515] [uav9.mavros_router]: link[1001] detected remote address 9.191
[WARN] [1790654082.244913883] [uav9.mavros.sys]: FCU: UNK(8): EVENT 11047904 with args -0-0-0-16-0-128-0-0-0-176-58-127-128-176-58-127-128-0-0-0-0-0-0-0-0-0-0-0-0-0-0-0-0-0-0-0-0-0-0-0-
[ERROR] [1790654082.245001199] [uav9.mavros.sys]: FCU: EVENT 11464574 with args -0-64-0-0-20-0-0-0-0-0-0-0-0-0-0-0-0-0-0-0-0-0-0-0-0-0-0-0-0-0-0-0-0-0-0-0-0-0-0-0-
[INFO] [1790654082.245053151] [uav9.mavros.sys]: FCU: EVENT 377561 with args -8-0-0-0-20-0-0-0-0-0-0-0-0-0-0-0-0-0-0-0-0-0-0-0-0-0-0-0-0-0-0-0-0-0-0-0-0-0-0-0-
[WARN] [1790654082.245090188] [uav9.mavros.sys]: FCU: EVENT 453929 with args -255-255-255-255-7-0-0-0-0-0-0-0-0-0-0-0-0-0-0-0-0-0-0-0-0-0-0-0-0-0-0-0-0-0-0-0-0-0-0-0-
[INFO] [1790654082.245125158] [uav9.mavros.sys]: FCU: EVENT 6801787 with args -255-255-255-255-12-0-0-0-0-0-0-0-0-0-0-0-0-0-0-0-0-0-0-0-0-0-0-0-0-0-0-0-0-0-0-0-0-0-0-0-
[WARN] [1790654082.245159409] [uav9.mavros.sys]: FCU: UNK(8): EVENT 1914663 with args -0-10-13-2-56-0-0-0-0-0-0-0-0-0-0-0-0-0-0-0-0-0-0-0-0-0-0-0-0-0-0-0-0-0-0-0-0-0-0-0-
[INFO] [1790654082.265577862] [uav9.mavros]: CON: Got HEARTBEAT, connected. FCU: PX4 Autopilot
[INFO] [1790654083.364553734] [uav9.mavros.sys]: VER: 9.1: Capabilities         0x000000000000e8ff
[INFO] [1790654083.364602690] [uav9.mavros.sys]: VER: 9.1: Flight software:     011200c0 (fca3df865a000000)
[INFO] [1790654083.364609835] [uav9.mavros.sys]: VER: 9.1: Middleware software: 011200c0 (fca3df865a000000)
[INFO] [1790654083.364615004] [uav9.mavros.sys]: VER: 9.1: OS software:         070000ff (17040b9f87cb1791)
[INFO] [1790654083.364619957] [uav9.mavros.sys]: VER: 9.1: Board hardware:      00000001
[INFO] [1790654083.364624882] [uav9.mavros.sys]: VER: 9.1: VID/PID:             0000:0000
[INFO] [1790654083.364630113] [uav9.mavros.sys]: VER: 9.1: UID:                 4954414c44494e57
[WARN] [1790654083.367955104] [uav9.mavros.cmd]: CMD: Unexpected command 512, result 0
[WARN] [1790654093.443932319] [uav9.mavros.sys]: FCU: UNK(8): EVENT 11047904 with args -0-0-0-0-0-128-0-0-0-176-122-127-128-176-122-127-128-0-0-0-0-0-0-0-0-0-0-0-0-0-0-0-0-0-0-0-0-0-0-0-
[INFO] [1790654093.444058172] [uav9.mavros.sys]: FCU: EVENT 377561 with args -8-0-0-0-20-0-0-0-0-0-0-0-0-0-0-0-0-0-0-0-0-0-0-0-0-0-0-0-0-0-0-0-0-0-0-0-0-0-0-0-
[WARN] [1790654093.444103670] [uav9.mavros.sys]: FCU: EVENT 453929 with args -255-255-255-255-7-0-0-0-0-0-0-0-0-0-0-0-0-0-0-0-0-0-0-0-0-0-0-0-0-0-0-0-0-0-0-0-0-0-0-0-
[INFO] [1790654093.444143215] [uav9.mavros.sys]: FCU: EVENT 6801787 with args -255-255-255-255-12-0-0-0-0-0-0-0-0-0-0-0-0-0-0-0-0-0-0-0-0-0-0-0-0-0-0-0-0-0-0-0-0-0-0-0-
[WARN] [1790654093.444181019] [uav9.mavros.sys]: FCU: UNK(8): EVENT 1914663 with args -0-10-13-2-56-0-0-0-0-0-0-0-0-0-0-0-0-0-0-0-0-0-0-0-0-0-0-0-0-0-0-0-0-0-0-0-0-0-0-0-
[WARN] [1790654097.297173272] [uav9.mavros.cmd]: CMD: Unexpected command 176, result 0
[INFO] [1790654097.643492294] [uav9.mavros.sys]: FCU: EVENT 9489139 with args -4-0-0-0-0-0-0-0-0-0-0-0-0-0-0-0-0-0-0-0-0-0-0-0-0-0-0-0-0-0-0-0-0-0-0-0-0-0-0-0-
[INFO] [1790654099.702827020] [uav9.mavros.sys]: FCU: EVENT 4277609 with args -0-0-0-0-0-0-0-0-0-0-0-0-0-0-0-0-0-0-0-0-0-0-0-0-0-0-0-0-0-0-0-0-0-0-0-0-0-0-0-0-
[WARN] [1790654354.836215839] [uav9.mavros.cmd]: CMD: Unexpected command 176, result 0
[INFO] [1790654389.085670826] [uav9.mavros.sys]: FCU: EVENT 9844908 with args -0-0-0-0-0-0-0-0-0-0-0-0-0-0-0-0-0-0-0-0-0-0-0-0-0-0-0-0-0-0-0-0-0-0-0-0-0-0-0-0-
[INFO] [1790654391.232697317] [uav9.mavros.sys]: FCU: EVENT 16017271 with args -6-0-0-0-0-0-0-0-0-0-0-0-0-0-0-0-0-0-0-0-0-0-0-0-0-0-0-0-0-0-0-0-0-0-0-0-0-0-0-0-
[WARN] [1790654394.670267617] [uav9.mavros.sys]: FCU: UNK(8): EVENT 11047904 with args -0-0-0-0-0-128-0-0-0-176-122-127-128-176-122-127-128-0-0-0-0-0-0-0-0-0-0-0-0-0-0-0-0-0-0-0-0-0-0-0-
[INFO] [1790654394.670342382] [uav9.mavros.sys]: FCU: EVENT 377561 with args -8-0-0-0-20-0-0-0-0-0-0-0-0-0-0-0-0-0-0-0-0-0-0-0-0-0-0-0-0-0-0-0-0-0-0-0-0-0-0-0-
[WARN] [1790654394.670429115] [uav9.mavros.sys]: FCU: EVENT 453929 with args -255-255-255-255-7-0-0-0-0-0-0-0-0-0-0-0-0-0-0-0-0-0-0-0-0-0-0-0-0-0-0-0-0-0-0-0-0-0-0-0-
[INFO] [1790654394.670449252] [uav9.mavros.sys]: FCU: EVENT 6801787 with args -255-255-255-255-12-0-0-0-0-0-0-0-0-0-0-0-0-0-0-0-0-0-0-0-0-0-0-0-0-0-0-0-0-0-0-0-0-0-0-0-
[WARN] [1790654394.670513514] [uav9.mavros.sys]: FCU: UNK(8): EVENT 1914663 with args -0-10-9-2-56-0-0-0-0-0-0-0-0-0-0-0-0-0-0-0-0-0-0-0-0-0-0-0-0-0-0-0-0-0-0-0-0-0-0-0-
[INFO] [1790654396.894957240] [rclcpp]: signal_handler(SIGINT/SIGTERM)
[WARN] [1790654396.901867840] [uav9.mavros]: UAS Executor terminated
