[INFO] [1790594308.644701964] [uav6.mavros_node]: Starting mavros_node container
[INFO] [1790594308.644828501] [uav6.mavros_node]: FCU URL: udp://:14545@127.0.0.1:14585
[INFO] [1790594308.644836659] [uav6.mavros_node]: GCS URL: 
[INFO] [1790594308.644841084] [uav6.mavros_node]: UAS Prefix: /uas6
[INFO] [1790594308.644846327] [uav6.mavros_node]: Starting mavros router node
[INFO] [1790594308.735689920] [uav6.mavros_router]: Built-in SIMD instructions: SSE, SSE2
[INFO] [1790594308.737228992] [uav6.mavros_router]: Built-in MAVLink package version: 2026.8.8
[INFO] [1790594308.737298226] [uav6.mavros_router]: Known MAVLink dialects: common ardupilotmega ASLUAV AVSSUAS all csAirLink cubepilot development icarous loweheiser marsh paparazzi standard stemstudios storm32 uAvionix ualberta
[INFO] [1790594308.737305352] [uav6.mavros_router]: MAVROS Router started
[INFO] [1790594308.737690153] [uav6.mavros_node]: Starting mavros uas node
[INFO] [1790594308.786795195] [uav6.mavros_router]: Requested to add endpoint: type: 0, url: udp://:14545@127.0.0.1:14585
[INFO] [1790594308.786854910] [uav6.mavros_router]: Endpoint link[1000] created
[INFO] [1790594308.787089808] [uav6.mavros_router]: link[1000] opened successfully
[INFO] [1790594308.787109521] [uav6.mavros_router]: Requested to add endpoint: type: 2, url: /uas6
[INFO] [1790594308.787123485] [uav6.mavros_router]: Endpoint link[1001] created
[INFO] [1790594308.789688962] [uav6.mavros_router]: link[1000] detected remote address 6.1
[INFO] [1790594308.797723371] [uav6.mavros]: UAS Executor started, threads: 4
[INFO] [1790594308.799478056] [uav6.mavros]: Plugin actuator_control ignored
[INFO] [1790594308.799539742] [uav6.mavros]: Plugin altitude ignored
[INFO] [1790594308.800915365] [uav6.mavros_router]: link[1001] opened successfully
[INFO] [1790594308.905532716] [uav6.mavros]: Plugin command created
[INFO] [1790594308.905597744] [uav6.mavros]: Plugin command initialized
[INFO] [1790594308.905610051] [uav6.mavros]: Plugin ftp ignored
[INFO] [1790594308.905616191] [uav6.mavros]: Plugin geofence ignored
[INFO] [1790594309.274732154] [uav6.mavros]: Plugin global_position created
[INFO] [1790594309.274796392] [uav6.mavros]: Plugin global_position initialized
[INFO] [1790594309.274808147] [uav6.mavros]: Plugin home_position ignored
[INFO] [1790594309.274813894] [uav6.mavros]: Plugin imu ignored
[INFO] [1790594309.581365431] [uav6.mavros]: Plugin local_position created
[INFO] [1790594309.581429624] [uav6.mavros]: Plugin local_position initialized
[INFO] [1790594309.581440631] [uav6.mavros]: Plugin manual_control ignored
[INFO] [1790594309.581445946] [uav6.mavros]: Plugin nav_controller_output ignored
[INFO] [1790594309.581451144] [uav6.mavros]: Plugin param ignored
[INFO] [1790594309.581456116] [uav6.mavros]: Plugin rallypoint ignored
[INFO] [1790594309.581461651] [uav6.mavros]: Plugin rc_io ignored
[INFO] [1790594309.581466795] [uav6.mavros]: Plugin setpoint_accel ignored
[INFO] [1790594309.581811982] [uav6.mavros]: Plugin setpoint_attitude ignored
[INFO] [1790594309.581836219] [uav6.mavros]: Plugin setpoint_position ignored
[INFO] [1790594309.581850516] [uav6.mavros]: Plugin setpoint_raw ignored
[INFO] [1790594309.581856532] [uav6.mavros]: Plugin setpoint_trajectory ignored
[INFO] [1790594309.828169552] [uav6.mavros]: Plugin setpoint_velocity created
[INFO] [1790594309.828220475] [uav6.mavros]: Plugin setpoint_velocity initialized
[INFO] [1790594310.114690518] [uav6.mavros]: Plugin sys_status created
[INFO] [1790594310.114781295] [uav6.mavros]: Plugin sys_status initialized
[INFO] [1790594310.137402279] [uav6.mavros.time]: TM: Timesync mode: MAVLINK
[INFO] [1790594310.141343505] [uav6.mavros]: Plugin sys_time created
[INFO] [1790594310.141385743] [uav6.mavros]: Plugin sys_time initialized
[INFO] [1790594310.141395328] [uav6.mavros]: Plugin waypoint ignored
[INFO] [1790594310.141400404] [uav6.mavros]: Plugin wind_estimation ignored
[INFO] [1790594310.163856100] [uav6.mavros]: Built-in SIMD instructions: SSE, SSE2
[INFO] [1790594310.163902370] [uav6.mavros]: Built-in MAVLink package version: 2026.8.8
[INFO] [1790594310.167572396] [uav6.mavros]: Known MAVLink dialects: common ardupilotmega ASLUAV AVSSUAS all csAirLink cubepilot development icarous loweheiser marsh paparazzi standard stemstudios storm32 uAvionix ualberta
[INFO] [1790594310.167635639] [uav6.mavros]: MAVROS UAS via /uas6 started. MY ID 6.191, TARGET ID 6.1
[INFO] [1790594310.197422956] [uav6.mavros_router]: link[1001] detected remote address 6.191
[INFO] [1790594311.206911093] [uav6.mavros]: CON: Got HEARTBEAT, connected. FCU: PX4 Autopilot
[INFO] [1790594311.254275713] [uav6.mavros.sys]: VER: 6.1: Capabilities         0x000000000000e8ff
[INFO] [1790594311.254332106] [uav6.mavros.sys]: VER: 6.1: Flight software:     011200c0 (fca3df865a000000)
[INFO] [1790594311.254339687] [uav6.mavros.sys]: VER: 6.1: Middleware software: 011200c0 (fca3df865a000000)
[INFO] [1790594311.254344180] [uav6.mavros.sys]: VER: 6.1: OS software:         070000ff (17040b9f87cb1791)
[INFO] [1790594311.254348600] [uav6.mavros.sys]: VER: 6.1: Board hardware:      00000001
[INFO] [1790594311.254352922] [uav6.mavros.sys]: VER: 6.1: VID/PID:             0000:0000
[INFO] [1790594311.254357405] [uav6.mavros.sys]: VER: 6.1: UID:                 4954414c44494e54
[WARN] [1790594311.254384658] [uav6.mavros.cmd]: CMD: Unexpected command 512, result 0
[WARN] [1790594317.884146042] [uav6.mavros.sys]: FCU: UNK(8): EVENT 11047904 with args -0-0-0-0-0-128-0-0-0-176-122-127-128-176-122-127-128-0-0-0-0-0-0-0-0-0-0-0-0-0-0-0-0-0-0-0-0-0-0-0-
[INFO] [1790594317.884242260] [uav6.mavros.sys]: FCU: EVENT 377561 with args -8-0-0-0-20-0-0-0-0-0-0-0-0-0-0-0-0-0-0-0-0-0-0-0-0-0-0-0-0-0-0-0-0-0-0-0-0-0-0-0-
[WARN] [1790594317.884280703] [uav6.mavros.sys]: FCU: EVENT 453929 with args -255-255-255-255-7-0-0-0-0-0-0-0-0-0-0-0-0-0-0-0-0-0-0-0-0-0-0-0-0-0-0-0-0-0-0-0-0-0-0-0-
[INFO] [1790594317.884316153] [uav6.mavros.sys]: FCU: EVENT 6801787 with args -255-255-255-255-12-0-0-0-0-0-0-0-0-0-0-0-0-0-0-0-0-0-0-0-0-0-0-0-0-0-0-0-0-0-0-0-0-0-0-0-
[WARN] [1790594317.884351845] [uav6.mavros.sys]: FCU: UNK(8): EVENT 1914663 with args -0-10-13-2-56-0-0-0-0-0-0-0-0-0-0-0-0-0-0-0-0-0-0-0-0-0-0-0-0-0-0-0-0-0-0-0-0-0-0-0-
[WARN] [1790594326.303588938] [uav6.mavros.cmd]: CMD: Unexpected command 176, result 0
[INFO] [1790594327.146368940] [uav6.mavros.sys]: FCU: EVENT 9489139 with args -4-0-0-0-0-0-0-0-0-0-0-0-0-0-0-0-0-0-0-0-0-0-0-0-0-0-0-0-0-0-0-0-0-0-0-0-0-0-0-0-
[INFO] [1790594329.106805397] [uav6.mavros.sys]: FCU: EVENT 4277609 with args -0-0-0-0-0-0-0-0-0-0-0-0-0-0-0-0-0-0-0-0-0-0-0-0-0-0-0-0-0-0-0-0-0-0-0-0-0-0-0-0-
[WARN] [1790594585.496110403] [uav6.mavros.cmd]: CMD: Unexpected command 176, result 0
[INFO] [1790594618.005892283] [uav6.mavros.sys]: FCU: EVENT 9844908 with args -0-0-0-0-0-0-0-0-0-0-0-0-0-0-0-0-0-0-0-0-0-0-0-0-0-0-0-0-0-0-0-0-0-0-0-0-0-0-0-0-
[INFO] [1790594620.134970176] [uav6.mavros.sys]: FCU: EVENT 16017271 with args -6-0-0-0-0-0-0-0-0-0-0-0-0-0-0-0-0-0-0-0-0-0-0-0-0-0-0-0-0-0-0-0-0-0-0-0-0-0-0-0-
[WARN] [1790594624.540635551] [uav6.mavros.sys]: FCU: UNK(8): EVENT 11047904 with args -0-0-0-0-0-128-0-0-0-176-122-127-128-176-122-127-128-0-0-0-0-0-0-0-0-0-0-0-0-0-0-0-0-0-0-0-0-0-0-0-
[INFO] [1790594624.541150375] [uav6.mavros.sys]: FCU: EVENT 377561 with args -8-0-0-0-20-0-0-0-0-0-0-0-0-0-0-0-0-0-0-0-0-0-0-0-0-0-0-0-0-0-0-0-0-0-0-0-0-0-0-0-
[WARN] [1790594624.541290298] [uav6.mavros.sys]: FCU: EVENT 453929 with args -255-255-255-255-7-0-0-0-0-0-0-0-0-0-0-0-0-0-0-0-0-0-0-0-0-0-0-0-0-0-0-0-0-0-0-0-0-0-0-0-
[INFO] [1790594624.541826685] [uav6.mavros.sys]: FCU: EVENT 6801787 with args -255-255-255-255-12-0-0-0-0-0-0-0-0-0-0-0-0-0-0-0-0-0-0-0-0-0-0-0-0-0-0-0-0-0-0-0-0-0-0-0-
[WARN] [1790594624.541919075] [uav6.mavros.sys]: FCU: UNK(8): EVENT 1914663 with args -0-10-9-2-56-0-0-0-0-0-0-0-0-0-0-0-0-0-0-0-0-0-0-0-0-0-0-0-0-0-0-0-0-0-0-0-0-0-0-0-
[INFO] [1790594629.640029565] [rclcpp]: signal_handler(SIGINT/SIGTERM)
[WARN] [1790594629.655687138] [uav6.mavros]: UAS Executor terminated
