[INFO] [1790594308.783274825] [uav9.mavros_node]: Starting mavros_node container
[INFO] [1790594308.783381343] [uav9.mavros_node]: FCU URL: udp://:14548@127.0.0.1:14588
[INFO] [1790594308.783390575] [uav9.mavros_node]: GCS URL: 
[INFO] [1790594308.783395300] [uav9.mavros_node]: UAS Prefix: /uas9
[INFO] [1790594308.783399907] [uav9.mavros_node]: Starting mavros router node
[INFO] [1790594308.904647761] [uav9.mavros_router]: Built-in SIMD instructions: SSE, SSE2
[INFO] [1790594308.904695347] [uav9.mavros_router]: Built-in MAVLink package version: 2026.8.8
[INFO] [1790594308.904704280] [uav9.mavros_router]: Known MAVLink dialects: common ardupilotmega ASLUAV AVSSUAS all csAirLink cubepilot development icarous loweheiser marsh paparazzi standard stemstudios storm32 uAvionix ualberta
[INFO] [1790594308.904710812] [uav9.mavros_router]: MAVROS Router started
[INFO] [1790594308.904887053] [uav9.mavros_node]: Starting mavros uas node
[INFO] [1790594309.211227842] [uav9.mavros_router]: Requested to add endpoint: type: 0, url: udp://:14548@127.0.0.1:14588
[INFO] [1790594309.211650055] [uav9.mavros_router]: Endpoint link[1000] created
[INFO] [1790594309.211902345] [uav9.mavros_router]: link[1000] opened successfully
[INFO] [1790594309.211928097] [uav9.mavros_router]: Requested to add endpoint: type: 2, url: /uas9
[INFO] [1790594309.211943592] [uav9.mavros_router]: Endpoint link[1001] created
[INFO] [1790594309.214071153] [uav9.mavros_router]: link[1000] detected remote address 9.1
[INFO] [1790594309.217567303] [uav9.mavros_router]: link[1001] opened successfully
[INFO] [1790594309.218017651] [uav9.mavros]: UAS Executor started, threads: 4
[INFO] [1790594309.218128062] [uav9.mavros]: Plugin actuator_control ignored
[INFO] [1790594309.218144298] [uav9.mavros]: Plugin altitude ignored
[INFO] [1790594309.453085137] [uav9.mavros]: Plugin command created
[INFO] [1790594309.453140182] [uav9.mavros]: Plugin command initialized
[INFO] [1790594309.453149514] [uav9.mavros]: Plugin ftp ignored
[INFO] [1790594309.453155096] [uav9.mavros]: Plugin geofence ignored
[INFO] [1790594309.496927470] [uav9.mavros]: Plugin global_position created
[INFO] [1790594309.496999021] [uav9.mavros]: Plugin global_position initialized
[INFO] [1790594309.497574170] [uav9.mavros]: Plugin home_position ignored
[INFO] [1790594309.497587588] [uav9.mavros]: Plugin imu ignored
[INFO] [1790594309.837082994] [uav9.mavros]: Plugin local_position created
[INFO] [1790594309.837155608] [uav9.mavros]: Plugin local_position initialized
[INFO] [1790594309.837165885] [uav9.mavros]: Plugin manual_control ignored
[INFO] [1790594309.837171359] [uav9.mavros]: Plugin nav_controller_output ignored
[INFO] [1790594309.837176821] [uav9.mavros]: Plugin param ignored
[INFO] [1790594309.837181673] [uav9.mavros]: Plugin rallypoint ignored
[INFO] [1790594309.837186727] [uav9.mavros]: Plugin rc_io ignored
[INFO] [1790594309.837191783] [uav9.mavros]: Plugin setpoint_accel ignored
[INFO] [1790594309.837196411] [uav9.mavros]: Plugin setpoint_attitude ignored
[INFO] [1790594309.837201392] [uav9.mavros]: Plugin setpoint_position ignored
[INFO] [1790594309.837206085] [uav9.mavros]: Plugin setpoint_raw ignored
[INFO] [1790594309.837211193] [uav9.mavros]: Plugin setpoint_trajectory ignored
[INFO] [1790594309.880627814] [uav9.mavros]: Plugin setpoint_velocity created
[INFO] [1790594309.880691108] [uav9.mavros]: Plugin setpoint_velocity initialized
[INFO] [1790594310.401321102] [uav9.mavros]: Plugin sys_status created
[INFO] [1790594310.401391650] [uav9.mavros]: Plugin sys_status initialized
[INFO] [1790594310.701179704] [uav9.mavros.time]: TM: Timesync mode: MAVLINK
[INFO] [1790594310.723118714] [uav9.mavros]: Plugin sys_time created
[INFO] [1790594310.723168333] [uav9.mavros]: Plugin sys_time initialized
[INFO] [1790594310.723177530] [uav9.mavros]: Plugin waypoint ignored
[INFO] [1790594310.723183080] [uav9.mavros]: Plugin wind_estimation ignored
[INFO] [1790594310.740182926] [uav9.mavros]: Built-in SIMD instructions: SSE, SSE2
[INFO] [1790594310.740216545] [uav9.mavros]: Built-in MAVLink package version: 2026.8.8
[INFO] [1790594310.740242262] [uav9.mavros]: Known MAVLink dialects: common ardupilotmega ASLUAV AVSSUAS all csAirLink cubepilot development icarous loweheiser marsh paparazzi standard stemstudios storm32 uAvionix ualberta
[INFO] [1790594310.740249567] [uav9.mavros]: MAVROS UAS via /uas9 started. MY ID 9.191, TARGET ID 9.1
[INFO] [1790594310.833883377] [uav9.mavros_router]: link[1001] detected remote address 9.191
[WARN] [1790594311.146653934] [uav9.mavros.sys]: FCU: UNK(8): EVENT 11047904 with args -0-0-0-16-0-128-0-0-0-176-58-127-128-176-58-127-128-0-0-0-0-0-0-0-0-0-0-0-0-0-0-0-0-0-0-0-0-0-0-0-
[ERROR] [1790594311.146752219] [uav9.mavros.sys]: FCU: EVENT 11464574 with args -0-64-0-0-20-0-0-0-0-0-0-0-0-0-0-0-0-0-0-0-0-0-0-0-0-0-0-0-0-0-0-0-0-0-0-0-0-0-0-0-
[INFO] [1790594311.146846790] [uav9.mavros.sys]: FCU: EVENT 377561 with args -8-0-0-0-20-0-0-0-0-0-0-0-0-0-0-0-0-0-0-0-0-0-0-0-0-0-0-0-0-0-0-0-0-0-0-0-0-0-0-0-
[WARN] [1790594311.146888507] [uav9.mavros.sys]: FCU: EVENT 453929 with args -255-255-255-255-7-0-0-0-0-0-0-0-0-0-0-0-0-0-0-0-0-0-0-0-0-0-0-0-0-0-0-0-0-0-0-0-0-0-0-0-
[INFO] [1790594311.146922849] [uav9.mavros.sys]: FCU: EVENT 6801787 with args -255-255-255-255-12-0-0-0-0-0-0-0-0-0-0-0-0-0-0-0-0-0-0-0-0-0-0-0-0-0-0-0-0-0-0-0-0-0-0-0-
[WARN] [1790594311.146957394] [uav9.mavros.sys]: FCU: UNK(8): EVENT 1914663 with args -0-10-13-2-56-0-0-0-0-0-0-0-0-0-0-0-0-0-0-0-0-0-0-0-0-0-0-0-0-0-0-0-0-0-0-0-0-0-0-0-
[INFO] [1790594311.149911247] [uav9.mavros]: CON: Got HEARTBEAT, connected. FCU: PX4 Autopilot
[INFO] [1790594312.180965880] [uav9.mavros.sys]: VER: 9.1: Capabilities         0x000000000000e8ff
[INFO] [1790594312.181014932] [uav9.mavros.sys]: VER: 9.1: Flight software:     011200c0 (fca3df865a000000)
[INFO] [1790594312.181022176] [uav9.mavros.sys]: VER: 9.1: Middleware software: 011200c0 (fca3df865a000000)
[INFO] [1790594312.181027052] [uav9.mavros.sys]: VER: 9.1: OS software:         070000ff (17040b9f87cb1791)
[INFO] [1790594312.181031713] [uav9.mavros.sys]: VER: 9.1: Board hardware:      00000001
[INFO] [1790594312.181036270] [uav9.mavros.sys]: VER: 9.1: VID/PID:             0000:0000
[INFO] [1790594312.181041578] [uav9.mavros.sys]: VER: 9.1: UID:                 4954414c44494e57
[WARN] [1790594312.181359744] [uav9.mavros.cmd]: CMD: Unexpected command 512, result 0
[WARN] [1790594324.787682290] [uav9.mavros.sys]: FCU: UNK(8): EVENT 11047904 with args -0-0-0-0-0-128-0-0-0-176-122-127-128-176-122-127-128-0-0-0-0-0-0-0-0-0-0-0-0-0-0-0-0-0-0-0-0-0-0-0-
[INFO] [1790594324.787795201] [uav9.mavros.sys]: FCU: EVENT 377561 with args -8-0-0-0-20-0-0-0-0-0-0-0-0-0-0-0-0-0-0-0-0-0-0-0-0-0-0-0-0-0-0-0-0-0-0-0-0-0-0-0-
[WARN] [1790594324.787848199] [uav9.mavros.sys]: FCU: EVENT 453929 with args -255-255-255-255-7-0-0-0-0-0-0-0-0-0-0-0-0-0-0-0-0-0-0-0-0-0-0-0-0-0-0-0-0-0-0-0-0-0-0-0-
[INFO] [1790594324.791371369] [uav9.mavros.sys]: FCU: EVENT 6801787 with args -255-255-255-255-12-0-0-0-0-0-0-0-0-0-0-0-0-0-0-0-0-0-0-0-0-0-0-0-0-0-0-0-0-0-0-0-0-0-0-0-
[WARN] [1790594324.791591003] [uav9.mavros.sys]: FCU: UNK(8): EVENT 1914663 with args -0-10-13-2-56-0-0-0-0-0-0-0-0-0-0-0-0-0-0-0-0-0-0-0-0-0-0-0-0-0-0-0-0-0-0-0-0-0-0-0-
[WARN] [1790594326.302633124] [uav9.mavros.cmd]: CMD: Unexpected command 176, result 0
[INFO] [1790594327.189141839] [uav9.mavros.sys]: FCU: EVENT 9489139 with args -4-0-0-0-0-0-0-0-0-0-0-0-0-0-0-0-0-0-0-0-0-0-0-0-0-0-0-0-0-0-0-0-0-0-0-0-0-0-0-0-
[INFO] [1790594329.363034079] [uav9.mavros.sys]: FCU: EVENT 4277609 with args -0-0-0-0-0-0-0-0-0-0-0-0-0-0-0-0-0-0-0-0-0-0-0-0-0-0-0-0-0-0-0-0-0-0-0-0-0-0-0-0-
[WARN] [1790594585.472952274] [uav9.mavros.cmd]: CMD: Unexpected command 176, result 0
[INFO] [1790594621.221049755] [uav9.mavros.sys]: FCU: EVENT 9844908 with args -0-0-0-0-0-0-0-0-0-0-0-0-0-0-0-0-0-0-0-0-0-0-0-0-0-0-0-0-0-0-0-0-0-0-0-0-0-0-0-0-
[INFO] [1790594623.375987538] [uav9.mavros.sys]: FCU: EVENT 16017271 with args -6-0-0-0-0-0-0-0-0-0-0-0-0-0-0-0-0-0-0-0-0-0-0-0-0-0-0-0-0-0-0-0-0-0-0-0-0-0-0-0-
[WARN] [1790594626.750030831] [uav9.mavros.sys]: FCU: UNK(8): EVENT 11047904 with args -0-0-0-0-0-128-0-0-0-176-122-127-128-176-122-127-128-0-0-0-0-0-0-0-0-0-0-0-0-0-0-0-0-0-0-0-0-0-0-0-
[INFO] [1790594626.750228159] [uav9.mavros.sys]: FCU: EVENT 377561 with args -8-0-0-0-20-0-0-0-0-0-0-0-0-0-0-0-0-0-0-0-0-0-0-0-0-0-0-0-0-0-0-0-0-0-0-0-0-0-0-0-
[WARN] [1790594626.750305284] [uav9.mavros.sys]: FCU: EVENT 453929 with args -255-255-255-255-7-0-0-0-0-0-0-0-0-0-0-0-0-0-0-0-0-0-0-0-0-0-0-0-0-0-0-0-0-0-0-0-0-0-0-0-
[INFO] [1790594626.750332435] [uav9.mavros.sys]: FCU: EVENT 6801787 with args -255-255-255-255-12-0-0-0-0-0-0-0-0-0-0-0-0-0-0-0-0-0-0-0-0-0-0-0-0-0-0-0-0-0-0-0-0-0-0-0-
[WARN] [1790594626.750390101] [uav9.mavros.sys]: FCU: UNK(8): EVENT 1914663 with args -0-10-9-2-56-0-0-0-0-0-0-0-0-0-0-0-0-0-0-0-0-0-0-0-0-0-0-0-0-0-0-0-0-0-0-0-0-0-0-0-
[INFO] [1790594629.642764460] [rclcpp]: signal_handler(SIGINT/SIGTERM)
[WARN] [1790594629.651608882] [uav9.mavros]: UAS Executor terminated
