[INFO] [1790594308.776913688] [uav10.mavros_node]: Starting mavros_node container
[INFO] [1790594308.777023921] [uav10.mavros_node]: FCU URL: udp://:14549@127.0.0.1:14589
[INFO] [1790594308.777032196] [uav10.mavros_node]: GCS URL: 
[INFO] [1790594308.777036882] [uav10.mavros_node]: UAS Prefix: /uas10
[INFO] [1790594308.777041788] [uav10.mavros_node]: Starting mavros router node
[INFO] [1790594308.836037293] [uav10.mavros_router]: Built-in SIMD instructions: SSE, SSE2
[INFO] [1790594308.836077979] [uav10.mavros_router]: Built-in MAVLink package version: 2026.8.8
[INFO] [1790594308.836086527] [uav10.mavros_router]: Known MAVLink dialects: common ardupilotmega ASLUAV AVSSUAS all csAirLink cubepilot development icarous loweheiser marsh paparazzi standard stemstudios storm32 uAvionix ualberta
[INFO] [1790594308.836092455] [uav10.mavros_router]: MAVROS Router started
[INFO] [1790594308.836245193] [uav10.mavros_node]: Starting mavros uas node
[INFO] [1790594309.292080204] [uav10.mavros_router]: Requested to add endpoint: type: 0, url: udp://:14549@127.0.0.1:14589
[INFO] [1790594309.292130228] [uav10.mavros_router]: Endpoint link[1000] created
[INFO] [1790594309.292406487] [uav10.mavros_router]: link[1000] opened successfully
[INFO] [1790594309.292426916] [uav10.mavros_router]: Requested to add endpoint: type: 2, url: /uas10
[INFO] [1790594309.292442058] [uav10.mavros_router]: Endpoint link[1001] created
[INFO] [1790594309.303943694] [uav10.mavros]: Plugin actuator_control ignored
[INFO] [1790594309.308440157] [uav10.mavros]: Plugin altitude ignored
[INFO] [1790594309.303950671] [uav10.mavros]: UAS Executor started, threads: 4
[INFO] [1790594309.305595333] [uav10.mavros_router]: link[1000] detected remote address 10.1
[INFO] [1790594309.316283269] [uav10.mavros_router]: link[1001] opened successfully
[INFO] [1790594309.702729789] [uav10.mavros]: Plugin command created
[INFO] [1790594309.702790486] [uav10.mavros]: Plugin command initialized
[INFO] [1790594309.702799229] [uav10.mavros]: Plugin ftp ignored
[INFO] [1790594309.702804305] [uav10.mavros]: Plugin geofence ignored
[INFO] [1790594309.961696657] [uav10.mavros]: Plugin global_position created
[INFO] [1790594309.961756011] [uav10.mavros]: Plugin global_position initialized
[INFO] [1790594309.961767299] [uav10.mavros]: Plugin home_position ignored
[INFO] [1790594309.961772748] [uav10.mavros]: Plugin imu ignored
[INFO] [1790594310.398301048] [uav10.mavros]: Plugin local_position created
[INFO] [1790594310.398356708] [uav10.mavros]: Plugin local_position initialized
[INFO] [1790594310.398365870] [uav10.mavros]: Plugin manual_control ignored
[INFO] [1790594310.398371938] [uav10.mavros]: Plugin nav_controller_output ignored
[INFO] [1790594310.398377772] [uav10.mavros]: Plugin param ignored
[INFO] [1790594310.398383265] [uav10.mavros]: Plugin rallypoint ignored
[INFO] [1790594310.398388933] [uav10.mavros]: Plugin rc_io ignored
[INFO] [1790594310.398394304] [uav10.mavros]: Plugin setpoint_accel ignored
[INFO] [1790594310.398399689] [uav10.mavros]: Plugin setpoint_attitude ignored
[INFO] [1790594310.398405405] [uav10.mavros]: Plugin setpoint_position ignored
[INFO] [1790594310.398411251] [uav10.mavros]: Plugin setpoint_raw ignored
[INFO] [1790594310.398416673] [uav10.mavros]: Plugin setpoint_trajectory ignored
[INFO] [1790594310.631666427] [uav10.mavros]: Plugin setpoint_velocity created
[INFO] [1790594310.631725636] [uav10.mavros]: Plugin setpoint_velocity initialized
[INFO] [1790594311.024019714] [uav10.mavros]: Plugin sys_status created
[INFO] [1790594311.024099634] [uav10.mavros]: Plugin sys_status initialized
[INFO] [1790594311.274916389] [uav10.mavros.time]: TM: Timesync mode: MAVLINK
[INFO] [1790594311.305432605] [uav10.mavros]: Plugin sys_time created
[INFO] [1790594311.305481844] [uav10.mavros]: Plugin sys_time initialized
[INFO] [1790594311.305490713] [uav10.mavros]: Plugin waypoint ignored
[INFO] [1790594311.305495977] [uav10.mavros]: Plugin wind_estimation ignored
[INFO] [1790594311.339107869] [uav10.mavros]: Built-in SIMD instructions: SSE, SSE2
[INFO] [1790594311.339147142] [uav10.mavros]: Built-in MAVLink package version: 2026.8.8
[INFO] [1790594311.339177191] [uav10.mavros]: Known MAVLink dialects: common ardupilotmega ASLUAV AVSSUAS all csAirLink cubepilot development icarous loweheiser marsh paparazzi standard stemstudios storm32 uAvionix ualberta
[INFO] [1790594311.339184923] [uav10.mavros]: MAVROS UAS via /uas10 started. MY ID 10.191, TARGET ID 10.1
[INFO] [1790594311.344930698] [uav10.mavros_router]: link[1001] detected remote address 10.191
[INFO] [1790594312.044621924] [uav10.mavros.sys]: VER: 10.1: Capabilities         0x000000000000e8ff
[INFO] [1790594312.044791476] [uav10.mavros.sys]: VER: 10.1: Flight software:     011200c0 (fca3df865a000000)
[INFO] [1790594312.044803191] [uav10.mavros.sys]: VER: 10.1: Middleware software: 011200c0 (fca3df865a000000)
[INFO] [1790594312.044808560] [uav10.mavros.sys]: VER: 10.1: OS software:         070000ff (17040b9f87cb1791)
[INFO] [1790594312.044813813] [uav10.mavros.sys]: VER: 10.1: Board hardware:      00000001
[INFO] [1790594312.044818787] [uav10.mavros.sys]: VER: 10.1: VID/PID:             0000:0000
[INFO] [1790594312.044824073] [uav10.mavros.sys]: VER: 10.1: UID:                 4954414c44494e58
[WARN] [1790594312.044845662] [uav10.mavros.cmd]: CMD: Unexpected command 512, result 0
[WARN] [1790594312.313628019] [uav10.mavros.sys]: FCU: UNK(8): EVENT 11047904 with args -0-0-0-16-0-128-0-0-0-176-58-127-128-176-58-127-128-0-0-0-0-0-0-0-0-0-0-0-0-0-0-0-0-0-0-0-0-0-0-0-
[ERROR] [1790594312.313735931] [uav10.mavros.sys]: FCU: EVENT 11464574 with args -0-64-0-0-20-0-0-0-0-0-0-0-0-0-0-0-0-0-0-0-0-0-0-0-0-0-0-0-0-0-0-0-0-0-0-0-0-0-0-0-
[INFO] [1790594312.313782320] [uav10.mavros.sys]: FCU: EVENT 377561 with args -8-0-0-0-20-0-0-0-0-0-0-0-0-0-0-0-0-0-0-0-0-0-0-0-0-0-0-0-0-0-0-0-0-0-0-0-0-0-0-0-
[WARN] [1790594312.313843203] [uav10.mavros.sys]: FCU: EVENT 453929 with args -255-255-255-255-7-0-0-0-0-0-0-0-0-0-0-0-0-0-0-0-0-0-0-0-0-0-0-0-0-0-0-0-0-0-0-0-0-0-0-0-
[INFO] [1790594312.313866272] [uav10.mavros.sys]: FCU: EVENT 6801787 with args -255-255-255-255-12-0-0-0-0-0-0-0-0-0-0-0-0-0-0-0-0-0-0-0-0-0-0-0-0-0-0-0-0-0-0-0-0-0-0-0-
[WARN] [1790594312.313908708] [uav10.mavros.sys]: FCU: UNK(8): EVENT 1914663 with args -0-10-13-2-56-0-0-0-0-0-0-0-0-0-0-0-0-0-0-0-0-0-0-0-0-0-0-0-0-0-0-0-0-0-0-0-0-0-0-0-
[INFO] [1790594312.332939621] [uav10.mavros]: CON: Got HEARTBEAT, connected. FCU: PX4 Autopilot
[INFO] [1790594313.356793725] [uav10.mavros.sys]: VER: 10.1: Capabilities         0x000000000000e8ff
[INFO] [1790594313.356844148] [uav10.mavros.sys]: VER: 10.1: Flight software:     011200c0 (fca3df865a000000)
[INFO] [1790594313.356851253] [uav10.mavros.sys]: VER: 10.1: Middleware software: 011200c0 (fca3df865a000000)
[INFO] [1790594313.356856267] [uav10.mavros.sys]: VER: 10.1: OS software:         070000ff (17040b9f87cb1791)
[INFO] [1790594313.356860793] [uav10.mavros.sys]: VER: 10.1: Board hardware:      00000001
[INFO] [1790594313.356865819] [uav10.mavros.sys]: VER: 10.1: VID/PID:             0000:0000
[INFO] [1790594313.356870387] [uav10.mavros.sys]: VER: 10.1: UID:                 4954414c44494e58
[WARN] [1790594322.865594015] [uav10.mavros.sys]: FCU: UNK(8): EVENT 11047904 with args -0-0-0-0-0-128-0-0-0-176-122-127-128-176-122-127-128-0-0-0-0-0-0-0-0-0-0-0-0-0-0-0-0-0-0-0-0-0-0-0-
[INFO] [1790594322.865694818] [uav10.mavros.sys]: FCU: EVENT 377561 with args -8-0-0-0-20-0-0-0-0-0-0-0-0-0-0-0-0-0-0-0-0-0-0-0-0-0-0-0-0-0-0-0-0-0-0-0-0-0-0-0-
[WARN] [1790594322.865755827] [uav10.mavros.sys]: FCU: EVENT 453929 with args -255-255-255-255-7-0-0-0-0-0-0-0-0-0-0-0-0-0-0-0-0-0-0-0-0-0-0-0-0-0-0-0-0-0-0-0-0-0-0-0-
[INFO] [1790594322.865794504] [uav10.mavros.sys]: FCU: EVENT 6801787 with args -255-255-255-255-12-0-0-0-0-0-0-0-0-0-0-0-0-0-0-0-0-0-0-0-0-0-0-0-0-0-0-0-0-0-0-0-0-0-0-0-
[WARN] [1790594322.865828353] [uav10.mavros.sys]: FCU: UNK(8): EVENT 1914663 with args -0-10-13-2-56-0-0-0-0-0-0-0-0-0-0-0-0-0-0-0-0-0-0-0-0-0-0-0-0-0-0-0-0-0-0-0-0-0-0-0-
[WARN] [1790594326.318595981] [uav10.mavros.cmd]: CMD: Unexpected command 176, result 0
[INFO] [1790594326.570545270] [uav10.mavros.sys]: FCU: EVENT 9489139 with args -4-0-0-0-0-0-0-0-0-0-0-0-0-0-0-0-0-0-0-0-0-0-0-0-0-0-0-0-0-0-0-0-0-0-0-0-0-0-0-0-
[INFO] [1790594328.713953611] [uav10.mavros.sys]: FCU: EVENT 4277609 with args -0-0-0-0-0-0-0-0-0-0-0-0-0-0-0-0-0-0-0-0-0-0-0-0-0-0-0-0-0-0-0-0-0-0-0-0-0-0-0-0-
[WARN] [1790594585.498015020] [uav10.mavros.cmd]: CMD: Unexpected command 176, result 0
[INFO] [1790594621.048128963] [uav10.mavros.sys]: FCU: EVENT 9844908 with args -0-0-0-0-0-0-0-0-0-0-0-0-0-0-0-0-0-0-0-0-0-0-0-0-0-0-0-0-0-0-0-0-0-0-0-0-0-0-0-0-
[INFO] [1790594623.213270287] [uav10.mavros.sys]: FCU: EVENT 16017271 with args -6-0-0-0-0-0-0-0-0-0-0-0-0-0-0-0-0-0-0-0-0-0-0-0-0-0-0-0-0-0-0-0-0-0-0-0-0-0-0-0-
[WARN] [1790594627.258460185] [uav10.mavros.sys]: FCU: UNK(8): EVENT 11047904 with args -0-0-0-0-0-128-0-0-0-176-122-127-128-176-122-127-128-0-0-0-0-0-0-0-0-0-0-0-0-0-0-0-0-0-0-0-0-0-0-0-
[INFO] [1790594627.259648798] [uav10.mavros.sys]: FCU: EVENT 377561 with args -8-0-0-0-20-0-0-0-0-0-0-0-0-0-0-0-0-0-0-0-0-0-0-0-0-0-0-0-0-0-0-0-0-0-0-0-0-0-0-0-
[WARN] [1790594627.259780046] [uav10.mavros.sys]: FCU: EVENT 453929 with args -255-255-255-255-7-0-0-0-0-0-0-0-0-0-0-0-0-0-0-0-0-0-0-0-0-0-0-0-0-0-0-0-0-0-0-0-0-0-0-0-
[INFO] [1790594627.259829826] [uav10.mavros.sys]: FCU: EVENT 6801787 with args -255-255-255-255-12-0-0-0-0-0-0-0-0-0-0-0-0-0-0-0-0-0-0-0-0-0-0-0-0-0-0-0-0-0-0-0-0-0-0-0-
[WARN] [1790594627.259870654] [uav10.mavros.sys]: FCU: UNK(8): EVENT 1914663 with args -0-10-9-2-56-0-0-0-0-0-0-0-0-0-0-0-0-0-0-0-0-0-0-0-0-0-0-0-0-0-0-0-0-0-0-0-0-0-0-0-
[INFO] [1790594629.643414078] [rclcpp]: signal_handler(SIGINT/SIGTERM)
[WARN] [1790594629.656017000] [uav10.mavros]: UAS Executor terminated
