[INFO] [1790495713.273366065] [uav5.mavros_node]: Starting mavros_node container
[INFO] [1790495713.273615413] [uav5.mavros_node]: FCU URL: udp://:14544@127.0.0.1:14584
[INFO] [1790495713.273650026] [uav5.mavros_node]: GCS URL: 
[INFO] [1790495713.273665188] [uav5.mavros_node]: UAS Prefix: /uas5
[INFO] [1790495713.273678630] [uav5.mavros_node]: Starting mavros router node
[INFO] [1790495713.637212175] [uav5.mavros_router]: Built-in SIMD instructions: SSE, SSE2
[INFO] [1790495713.637304687] [uav5.mavros_router]: Built-in MAVLink package version: 2026.8.8
[INFO] [1790495713.637357695] [uav5.mavros_router]: Known MAVLink dialects: common ardupilotmega ASLUAV AVSSUAS all csAirLink cubepilot development icarous loweheiser marsh paparazzi standard stemstudios storm32 uAvionix ualberta
[INFO] [1790495713.637378359] [uav5.mavros_router]: MAVROS Router started
[INFO] [1790495713.637998907] [uav5.mavros_node]: Starting mavros uas node
[INFO] [1790495714.183625762] [uav5.mavros_router]: Requested to add endpoint: type: 0, url: udp://:14544@127.0.0.1:14584
[INFO] [1790495714.186108842] [uav5.mavros_router]: Endpoint link[1000] created
[INFO] [1790495714.187556763] [uav5.mavros_router]: link[1000] opened successfully
[INFO] [1790495714.189931828] [uav5.mavros_router]: Requested to add endpoint: type: 2, url: /uas5
[INFO] [1790495714.190001700] [uav5.mavros_router]: Endpoint link[1001] created
[INFO] [1790495714.190185807] [uav5.mavros_router]: link[1000] detected remote address 5.1
[INFO] [1790495714.211082911] [uav5.mavros]: Plugin actuator_control ignored
[INFO] [1790495714.211201784] [uav5.mavros]: Plugin altitude ignored
[INFO] [1790495714.212900745] [uav5.mavros]: UAS Executor started, threads: 4
[INFO] [1790495714.469893421] [uav5.mavros_router]: link[1001] opened successfully
[INFO] [1790495714.974183171] [uav5.mavros]: Plugin command created
[INFO] [1790495714.974334233] [uav5.mavros]: Plugin command initialized
[INFO] [1790495714.974362141] [uav5.mavros]: Plugin ftp ignored
[INFO] [1790495714.974378859] [uav5.mavros]: Plugin geofence ignored
[INFO] [1790495715.646239148] [uav5.mavros]: Plugin global_position created
[INFO] [1790495715.646476235] [uav5.mavros]: Plugin global_position initialized
[INFO] [1790495715.646511247] [uav5.mavros]: Plugin home_position ignored
[INFO] [1790495715.646529186] [uav5.mavros]: Plugin imu ignored
[INFO] [1790495715.791894040] [uav5.mavros]: Plugin local_position created
[INFO] [1790495715.792005540] [uav5.mavros]: Plugin local_position initialized
[INFO] [1790495715.792029569] [uav5.mavros]: Plugin manual_control ignored
[INFO] [1790495715.792044073] [uav5.mavros]: Plugin nav_controller_output ignored
[INFO] [1790495715.792057746] [uav5.mavros]: Plugin param ignored
[INFO] [1790495715.792071881] [uav5.mavros]: Plugin rallypoint ignored
[INFO] [1790495715.792085670] [uav5.mavros]: Plugin rc_io ignored
[INFO] [1790495715.792098491] [uav5.mavros]: Plugin setpoint_accel ignored
[INFO] [1790495715.792111378] [uav5.mavros]: Plugin setpoint_attitude ignored
[INFO] [1790495715.792124340] [uav5.mavros]: Plugin setpoint_position ignored
[INFO] [1790495715.792137666] [uav5.mavros]: Plugin setpoint_raw ignored
[INFO] [1790495715.792150725] [uav5.mavros]: Plugin setpoint_trajectory ignored
[INFO] [1790495716.374214643] [uav5.mavros]: Plugin setpoint_velocity created
[INFO] [1790495716.389380032] [uav5.mavros]: Plugin setpoint_velocity initialized
[INFO] [1790495718.142476496] [uav5.mavros]: Plugin sys_status created
[INFO] [1790495718.164157525] [uav5.mavros]: Plugin sys_status initialized
[INFO] [1790495719.242422220] [uav5.mavros.time]: TM: Timesync mode: MAVLINK
[INFO] [1790495719.404848522] [uav5.mavros]: Plugin sys_time created
[INFO] [1790495719.404984053] [uav5.mavros]: Plugin sys_time initialized
[INFO] [1790495719.405028089] [uav5.mavros]: Plugin waypoint ignored
[INFO] [1790495719.405046618] [uav5.mavros]: Plugin wind_estimation ignored
[INFO] [1790495719.467186687] [uav5.mavros_router]: link[1001] detected remote address 5.191
[INFO] [1790495719.530499645] [uav5.mavros]: Built-in SIMD instructions: SSE, SSE2
[INFO] [1790495719.530619097] [uav5.mavros]: Built-in MAVLink package version: 2026.8.8
[INFO] [1790495719.530638934] [uav5.mavros]: Known MAVLink dialects: common ardupilotmega ASLUAV AVSSUAS all csAirLink cubepilot development icarous loweheiser marsh paparazzi standard stemstudios storm32 uAvionix ualberta
[INFO] [1790495719.530657221] [uav5.mavros]: MAVROS UAS via /uas5 started. MY ID 5.191, TARGET ID 5.1
[INFO] [1790495719.621096910] [uav5.mavros]: CON: Got HEARTBEAT, connected. FCU: PX4 Autopilot
[INFO] [1790495720.870666571] [uav5.mavros.sys]: VER: 5.1: Capabilities         0x000000000000e8ff
[INFO] [1790495720.870766451] [uav5.mavros.sys]: VER: 5.1: Flight software:     011200c0 (fca3df865a000000)
[INFO] [1790495720.870785191] [uav5.mavros.sys]: VER: 5.1: Middleware software: 011200c0 (fca3df865a000000)
[INFO] [1790495720.870798608] [uav5.mavros.sys]: VER: 5.1: OS software:         070000ff (17040b9f87cb1791)
[INFO] [1790495720.870809735] [uav5.mavros.sys]: VER: 5.1: Board hardware:      00000001
[INFO] [1790495720.870821178] [uav5.mavros.sys]: VER: 5.1: VID/PID:             0000:0000
[INFO] [1790495720.870833402] [uav5.mavros.sys]: VER: 5.1: UID:                 4954414c44494e53
[WARN] [1790495720.871417840] [uav5.mavros.cmd]: CMD: Unexpected command 512, result 0
[WARN] [1790495720.945761920] [uav5.mavros.sys]: VER: broadcast request timeout, retries left 4
[WARN] [1790495753.021508105] [uav5.mavros.sys]: FCU: UNK(8): EVENT 11047904 with args -0-0-0-0-0-128-0-0-0-176-122-127-128-176-122-127-128-0-0-0-0-0-0-0-0-0-0-0-0-0-0-0-0-0-0-0-0-0-0-0-
[INFO] [1790495753.021739592] [uav5.mavros.sys]: FCU: EVENT 377561 with args -8-0-0-0-20-0-0-0-0-0-0-0-0-0-0-0-0-0-0-0-0-0-0-0-0-0-0-0-0-0-0-0-0-0-0-0-0-0-0-0-
[WARN] [1790495753.021857144] [uav5.mavros.sys]: FCU: EVENT 453929 with args -255-255-255-255-7-0-0-0-0-0-0-0-0-0-0-0-0-0-0-0-0-0-0-0-0-0-0-0-0-0-0-0-0-0-0-0-0-0-0-0-
[INFO] [1790495753.021979972] [uav5.mavros.sys]: FCU: EVENT 6801787 with args -255-255-255-255-12-0-0-0-0-0-0-0-0-0-0-0-0-0-0-0-0-0-0-0-0-0-0-0-0-0-0-0-0-0-0-0-0-0-0-0-
[WARN] [1790495753.022078397] [uav5.mavros.sys]: FCU: UNK(8): EVENT 1914663 with args -0-10-13-2-56-0-0-0-0-0-0-0-0-0-0-0-0-0-0-0-0-0-0-0-0-0-0-0-0-0-0-0-0-0-0-0-0-0-0-0-
[WARN] [1790495766.801562687] [uav5.mavros.cmd]: CMD: Unexpected command 176, result 0
[INFO] [1790495767.382696867] [uav5.mavros.sys]: FCU: EVENT 9489139 with args -4-0-0-0-0-0-0-0-0-0-0-0-0-0-0-0-0-0-0-0-0-0-0-0-0-0-0-0-0-0-0-0-0-0-0-0-0-0-0-0-
[INFO] [1790495770.240912429] [uav5.mavros.sys]: FCU: EVENT 4277609 with args -0-0-0-0-0-0-0-0-0-0-0-0-0-0-0-0-0-0-0-0-0-0-0-0-0-0-0-0-0-0-0-0-0-0-0-0-0-0-0-0-
[WARN] [1790496095.959575451] [uav5.mavros.cmd]: CMD: Unexpected command 176, result 0
[INFO] [1790496139.632723324] [uav5.mavros.sys]: FCU: EVENT 9844908 with args -0-0-0-0-0-0-0-0-0-0-0-0-0-0-0-0-0-0-0-0-0-0-0-0-0-0-0-0-0-0-0-0-0-0-0-0-0-0-0-0-
[INFO] [1790496142.323664058] [uav5.mavros.sys]: FCU: EVENT 16017271 with args -6-0-0-0-0-0-0-0-0-0-0-0-0-0-0-0-0-0-0-0-0-0-0-0-0-0-0-0-0-0-0-0-0-0-0-0-0-0-0-0-
[WARN] [1790496147.954493654] [uav5.mavros.sys]: FCU: UNK(8): EVENT 11047904 with args -0-0-0-0-0-128-0-0-0-176-122-127-128-176-122-127-128-0-0-0-0-0-0-0-0-0-0-0-0-0-0-0-0-0-0-0-0-0-0-0-
[INFO] [1790496147.968138003] [uav5.mavros.sys]: FCU: EVENT 377561 with args -8-0-0-0-20-0-0-0-0-0-0-0-0-0-0-0-0-0-0-0-0-0-0-0-0-0-0-0-0-0-0-0-0-0-0-0-0-0-0-0-
[WARN] [1790496147.976646246] [uav5.mavros.sys]: FCU: EVENT 453929 with args -255-255-255-255-7-0-0-0-0-0-0-0-0-0-0-0-0-0-0-0-0-0-0-0-0-0-0-0-0-0-0-0-0-0-0-0-0-0-0-0-
[INFO] [1790496147.978396736] [uav5.mavros.sys]: FCU: EVENT 6801787 with args -255-255-255-255-12-0-0-0-0-0-0-0-0-0-0-0-0-0-0-0-0-0-0-0-0-0-0-0-0-0-0-0-0-0-0-0-0-0-0-0-
[WARN] [1790496147.989628662] [uav5.mavros.sys]: FCU: UNK(8): EVENT 1914663 with args -0-10-9-2-56-0-0-0-0-0-0-0-0-0-0-0-0-0-0-0-0-0-0-0-0-0-0-0-0-0-0-0-0-0-0-0-0-0-0-0-
[INFO] [1790496152.126660470] [rclcpp]: signal_handler(SIGINT/SIGTERM)
[WARN] [1790496152.145605456] [uav5.mavros]: UAS Executor terminated
