[INFO] [1790495713.060807110] [uav2.mavros_node]: Starting mavros_node container
[INFO] [1790495713.061029831] [uav2.mavros_node]: FCU URL: udp://:14541@127.0.0.1:14581
[INFO] [1790495713.061064074] [uav2.mavros_node]: GCS URL: 
[INFO] [1790495713.061089847] [uav2.mavros_node]: UAS Prefix: /uas2
[INFO] [1790495713.061104251] [uav2.mavros_node]: Starting mavros router node
[INFO] [1790495713.411462051] [uav2.mavros_router]: Built-in SIMD instructions: SSE, SSE2
[INFO] [1790495713.414605736] [uav2.mavros_router]: Built-in MAVLink package version: 2026.8.8
[INFO] [1790495713.415528508] [uav2.mavros_router]: Known MAVLink dialects: common ardupilotmega ASLUAV AVSSUAS all csAirLink cubepilot development icarous loweheiser marsh paparazzi standard stemstudios storm32 uAvionix ualberta
[INFO] [1790495713.416815400] [uav2.mavros_router]: MAVROS Router started
[INFO] [1790495713.417167841] [uav2.mavros_node]: Starting mavros uas node
[INFO] [1790495714.288451443] [uav2.mavros_router]: Requested to add endpoint: type: 0, url: udp://:14541@127.0.0.1:14581
[INFO] [1790495714.288625546] [uav2.mavros_router]: Endpoint link[1000] created
[INFO] [1790495714.289200386] [uav2.mavros_router]: link[1000] opened successfully
[INFO] [1790495714.289270924] [uav2.mavros_router]: Requested to add endpoint: type: 2, url: /uas2
[INFO] [1790495714.289315687] [uav2.mavros_router]: Endpoint link[1001] created
[INFO] [1790495714.291476462] [uav2.mavros_router]: link[1000] detected remote address 2.1
[INFO] [1790495714.359996861] [uav2.mavros]: Plugin actuator_control ignored
[INFO] [1790495714.360116365] [uav2.mavros]: Plugin altitude ignored
[INFO] [1790495714.360377582] [uav2.mavros]: UAS Executor started, threads: 4
[INFO] [1790495714.766465649] [uav2.mavros_router]: link[1001] opened successfully
[INFO] [1790495715.388361271] [uav2.mavros]: Plugin command created
[INFO] [1790495715.388497700] [uav2.mavros]: Plugin command initialized
[INFO] [1790495715.388525846] [uav2.mavros]: Plugin ftp ignored
[INFO] [1790495715.388543128] [uav2.mavros]: Plugin geofence ignored
[INFO] [1790495716.720973012] [uav2.mavros]: Plugin global_position created
[INFO] [1790495716.721107924] [uav2.mavros]: Plugin global_position initialized
[INFO] [1790495716.721140676] [uav2.mavros]: Plugin home_position ignored
[INFO] [1790495716.721175147] [uav2.mavros]: Plugin imu ignored
[INFO] [1790495717.961031390] [uav2.mavros]: Plugin local_position created
[INFO] [1790495717.963038748] [uav2.mavros]: Plugin local_position initialized
[INFO] [1790495717.963820381] [uav2.mavros]: Plugin manual_control ignored
[INFO] [1790495717.967566282] [uav2.mavros]: Plugin nav_controller_output ignored
[INFO] [1790495717.967697739] [uav2.mavros]: Plugin param ignored
[INFO] [1790495717.967719445] [uav2.mavros]: Plugin rallypoint ignored
[INFO] [1790495717.967746443] [uav2.mavros]: Plugin rc_io ignored
[INFO] [1790495717.967771013] [uav2.mavros]: Plugin setpoint_accel ignored
[INFO] [1790495717.967786011] [uav2.mavros]: Plugin setpoint_attitude ignored
[INFO] [1790495717.967800375] [uav2.mavros]: Plugin setpoint_position ignored
[INFO] [1790495717.967814388] [uav2.mavros]: Plugin setpoint_raw ignored
[INFO] [1790495717.967828218] [uav2.mavros]: Plugin setpoint_trajectory ignored
[INFO] [1790495719.007435056] [uav2.mavros]: Plugin setpoint_velocity created
[INFO] [1790495719.016051619] [uav2.mavros]: Plugin setpoint_velocity initialized
[INFO] [1790495720.943894812] [uav2.mavros]: Plugin sys_status created
[INFO] [1790495720.944060083] [uav2.mavros]: Plugin sys_status initialized
[INFO] [1790495721.393281438] [uav2.mavros.time]: TM: Timesync mode: MAVLINK
[INFO] [1790495721.465881745] [uav2.mavros]: Plugin sys_time created
[INFO] [1790495721.466019757] [uav2.mavros]: Plugin sys_time initialized
[INFO] [1790495721.466046803] [uav2.mavros]: Plugin waypoint ignored
[INFO] [1790495721.466062014] [uav2.mavros]: Plugin wind_estimation ignored
[INFO] [1790495721.522487819] [uav2.mavros]: Built-in SIMD instructions: SSE, SSE2
[INFO] [1790495721.522607350] [uav2.mavros]: Built-in MAVLink package version: 2026.8.8
[INFO] [1790495721.522650925] [uav2.mavros]: Known MAVLink dialects: common ardupilotmega ASLUAV AVSSUAS all csAirLink cubepilot development icarous loweheiser marsh paparazzi standard stemstudios storm32 uAvionix ualberta
[INFO] [1790495721.522672028] [uav2.mavros]: MAVROS UAS via /uas2 started. MY ID 2.191, TARGET ID 2.1
[INFO] [1790495721.605291031] [uav2.mavros_router]: link[1001] detected remote address 2.191
[INFO] [1790495722.082348949] [uav2.mavros.sys]: VER: 2.1: Capabilities         0x000000000000e8ff
[INFO] [1790495722.085653519] [uav2.mavros.sys]: VER: 2.1: Flight software:     011200c0 (fca3df865a000000)
[INFO] [1790495722.086468993] [uav2.mavros.sys]: VER: 2.1: Middleware software: 011200c0 (fca3df865a000000)
[INFO] [1790495722.086507264] [uav2.mavros.sys]: VER: 2.1: OS software:         070000ff (17040b9f87cb1791)
[INFO] [1790495722.086523075] [uav2.mavros.sys]: VER: 2.1: Board hardware:      00000001
[INFO] [1790495722.086537483] [uav2.mavros.sys]: VER: 2.1: VID/PID:             0000:0000
[INFO] [1790495722.086551766] [uav2.mavros.sys]: VER: 2.1: UID:                 4954414c44494e50
[WARN] [1790495722.089432207] [uav2.mavros.cmd]: CMD: Unexpected command 512, result 0
[INFO] [1790495722.538043177] [uav2.mavros]: CON: Got HEARTBEAT, connected. FCU: PX4 Autopilot
[INFO] [1790495723.611312689] [uav2.mavros.sys]: VER: 2.1: Capabilities         0x000000000000e8ff
[INFO] [1790495723.611412652] [uav2.mavros.sys]: VER: 2.1: Flight software:     011200c0 (fca3df865a000000)
[INFO] [1790495723.611433334] [uav2.mavros.sys]: VER: 2.1: Middleware software: 011200c0 (fca3df865a000000)
[INFO] [1790495723.611447408] [uav2.mavros.sys]: VER: 2.1: OS software:         070000ff (17040b9f87cb1791)
[INFO] [1790495723.611461263] [uav2.mavros.sys]: VER: 2.1: Board hardware:      00000001
[INFO] [1790495723.611473897] [uav2.mavros.sys]: VER: 2.1: VID/PID:             0000:0000
[INFO] [1790495723.611488603] [uav2.mavros.sys]: VER: 2.1: UID:                 4954414c44494e50
[WARN] [1790495750.671552320] [uav2.mavros.sys]: FCU: UNK(8): EVENT 11047904 with args -0-0-0-0-0-128-0-0-0-176-122-127-128-176-122-127-128-0-0-0-0-0-0-0-0-0-0-0-0-0-0-0-0-0-0-0-0-0-0-0-
[INFO] [1790495750.671782135] [uav2.mavros.sys]: FCU: EVENT 377561 with args -8-0-0-0-20-0-0-0-0-0-0-0-0-0-0-0-0-0-0-0-0-0-0-0-0-0-0-0-0-0-0-0-0-0-0-0-0-0-0-0-
[WARN] [1790495750.671913213] [uav2.mavros.sys]: FCU: EVENT 453929 with args -255-255-255-255-7-0-0-0-0-0-0-0-0-0-0-0-0-0-0-0-0-0-0-0-0-0-0-0-0-0-0-0-0-0-0-0-0-0-0-0-
[INFO] [1790495750.672022093] [uav2.mavros.sys]: FCU: EVENT 6801787 with args -255-255-255-255-12-0-0-0-0-0-0-0-0-0-0-0-0-0-0-0-0-0-0-0-0-0-0-0-0-0-0-0-0-0-0-0-0-0-0-0-
[WARN] [1790495750.672132678] [uav2.mavros.sys]: FCU: UNK(8): EVENT 1914663 with args -0-10-13-2-56-0-0-0-0-0-0-0-0-0-0-0-0-0-0-0-0-0-0-0-0-0-0-0-0-0-0-0-0-0-0-0-0-0-0-0-
[ERROR] [1790495752.351357163] [uav2.mavros.sys]: SYS: set_message_interval service timeout
[ERROR] [1790495752.351485949] [uav2.mavros.sys]: SYS: command plugin service call failed!
[ERROR] [1790495761.298939661] [uav2.mavros.sys]: SYS: set_message_interval service timeout
[ERROR] [1790495761.299057274] [uav2.mavros.sys]: SYS: command plugin service call failed!
[WARN] [1790495767.960310033] [uav2.mavros.cmd]: CMD: Unexpected command 176, result 0
[INFO] [1790495769.257114572] [uav2.mavros.sys]: FCU: EVENT 9489139 with args -4-0-0-0-0-0-0-0-0-0-0-0-0-0-0-0-0-0-0-0-0-0-0-0-0-0-0-0-0-0-0-0-0-0-0-0-0-0-0-0-
[INFO] [1790495771.806815621] [uav2.mavros.sys]: FCU: EVENT 4277609 with args -0-0-0-0-0-0-0-0-0-0-0-0-0-0-0-0-0-0-0-0-0-0-0-0-0-0-0-0-0-0-0-0-0-0-0-0-0-0-0-0-
[WARN] [1790496095.960445403] [uav2.mavros.cmd]: CMD: Unexpected command 176, result 0
[INFO] [1790496145.737542338] [uav2.mavros.sys]: FCU: EVENT 9844908 with args -0-0-0-0-0-0-0-0-0-0-0-0-0-0-0-0-0-0-0-0-0-0-0-0-0-0-0-0-0-0-0-0-0-0-0-0-0-0-0-0-
[INFO] [1790496148.469684971] [uav2.mavros.sys]: FCU: EVENT 16017271 with args -6-0-0-0-0-0-0-0-0-0-0-0-0-0-0-0-0-0-0-0-0-0-0-0-0-0-0-0-0-0-0-0-0-0-0-0-0-0-0-0-
[WARN] [1790496151.956007118] [uav2.mavros.sys]: FCU: UNK(8): EVENT 11047904 with args -0-0-0-16-0-128-0-0-0-176-58-127-128-176-58-127-128-0-0-0-0-0-0-0-0-0-0-0-0-0-0-0-0-0-0-0-0-0-0-0-
[ERROR] [1790496151.956279441] [uav2.mavros.sys]: FCU: EVENT 11464574 with args -0-64-0-0-20-0-0-0-0-0-0-0-0-0-0-0-0-0-0-0-0-0-0-0-0-0-0-0-0-0-0-0-0-0-0-0-0-0-0-0-
[INFO] [1790496151.960310617] [uav2.mavros.sys]: FCU: EVENT 377561 with args -8-0-0-0-20-0-0-0-0-0-0-0-0-0-0-0-0-0-0-0-0-0-0-0-0-0-0-0-0-0-0-0-0-0-0-0-0-0-0-0-
[WARN] [1790496151.967186690] [uav2.mavros.sys]: FCU: EVENT 453929 with args -255-255-255-255-7-0-0-0-0-0-0-0-0-0-0-0-0-0-0-0-0-0-0-0-0-0-0-0-0-0-0-0-0-0-0-0-0-0-0-0-
[INFO] [1790496151.968582914] [uav2.mavros.sys]: FCU: EVENT 6801787 with args -255-255-255-255-12-0-0-0-0-0-0-0-0-0-0-0-0-0-0-0-0-0-0-0-0-0-0-0-0-0-0-0-0-0-0-0-0-0-0-0-
[WARN] [1790496151.968779413] [uav2.mavros.sys]: FCU: UNK(8): EVENT 1914663 with args -0-10-13-2-56-0-0-0-0-0-0-0-0-0-0-0-0-0-0-0-0-0-0-0-0-0-0-0-0-0-0-0-0-0-0-0-0-0-0-0-
[WARN] [1790496151.968953127] [uav2.mavros.sys]: FCU: EVENT 13277401 with args -0-0-6-0-0-0-0-0-0-0-0-0-0-0-0-0-0-0-0-0-0-0-0-0-0-0-0-0-0-0-0-0-0-0-0-0-0-0-0-0-
[INFO] [1790496152.130931851] [rclcpp]: signal_handler(SIGINT/SIGTERM)
[WARN] [1790496152.137004608] [uav2.mavros]: UAS Executor terminated
