[INFO] [1790495712.958222483] [uav1.mavros_node]: Starting mavros_node container
[INFO] [1790495712.959007845] [uav1.mavros_node]: FCU URL: udp://:14540@127.0.0.1:14580
[INFO] [1790495712.959048870] [uav1.mavros_node]: GCS URL: 
[INFO] [1790495712.959064105] [uav1.mavros_node]: UAS Prefix: /uas1
[INFO] [1790495712.959076866] [uav1.mavros_node]: Starting mavros router node
[INFO] [1790495713.318395486] [uav1.mavros_router]: Built-in SIMD instructions: SSE, SSE2
[INFO] [1790495713.320242688] [uav1.mavros_router]: Built-in MAVLink package version: 2026.8.8
[INFO] [1790495713.321484140] [uav1.mavros_router]: Known MAVLink dialects: common ardupilotmega ASLUAV AVSSUAS all csAirLink cubepilot development icarous loweheiser marsh paparazzi standard stemstudios storm32 uAvionix ualberta
[INFO] [1790495713.325209421] [uav1.mavros_router]: MAVROS Router started
[INFO] [1790495713.333243783] [uav1.mavros_node]: Starting mavros uas node
[INFO] [1790495713.599026980] [uav1.mavros_router]: Requested to add endpoint: type: 0, url: udp://:14540@127.0.0.1:14580
[INFO] [1790495713.599137778] [uav1.mavros_router]: Endpoint link[1000] created
[INFO] [1790495713.603135636] [uav1.mavros_router]: link[1000] opened successfully
[INFO] [1790495713.603229557] [uav1.mavros_router]: Requested to add endpoint: type: 2, url: /uas1
[INFO] [1790495713.603285535] [uav1.mavros_router]: Endpoint link[1001] created
[INFO] [1790495713.609142145] [uav1.mavros_router]: link[1000] detected remote address 1.1
[INFO] [1790495713.645849971] [uav1.mavros]: Plugin actuator_control ignored
[INFO] [1790495713.645955579] [uav1.mavros]: UAS Executor started, threads: 4
[INFO] [1790495713.656522020] [uav1.mavros]: Plugin altitude ignored
[INFO] [1790495713.714162655] [uav1.mavros_router]: link[1001] opened successfully
[INFO] [1790495714.043937927] [uav1.mavros]: Plugin command created
[INFO] [1790495714.044065570] [uav1.mavros]: Plugin command initialized
[INFO] [1790495714.044090218] [uav1.mavros]: Plugin ftp ignored
[INFO] [1790495714.044106221] [uav1.mavros]: Plugin geofence ignored
[INFO] [1790495715.033674752] [uav1.mavros]: Plugin global_position created
[INFO] [1790495715.035627583] [uav1.mavros]: Plugin global_position initialized
[INFO] [1790495715.036842547] [uav1.mavros]: Plugin home_position ignored
[INFO] [1790495715.036896146] [uav1.mavros]: Plugin imu ignored
[INFO] [1790495715.958299040] [uav1.mavros]: Plugin local_position created
[INFO] [1790495715.958413039] [uav1.mavros]: Plugin local_position initialized
[INFO] [1790495715.958436622] [uav1.mavros]: Plugin manual_control ignored
[INFO] [1790495715.958452270] [uav1.mavros]: Plugin nav_controller_output ignored
[INFO] [1790495715.958467388] [uav1.mavros]: Plugin param ignored
[INFO] [1790495715.958482192] [uav1.mavros]: Plugin rallypoint ignored
[INFO] [1790495715.958496288] [uav1.mavros]: Plugin rc_io ignored
[INFO] [1790495715.958510968] [uav1.mavros]: Plugin setpoint_accel ignored
[INFO] [1790495715.958525194] [uav1.mavros]: Plugin setpoint_attitude ignored
[INFO] [1790495715.958539576] [uav1.mavros]: Plugin setpoint_position ignored
[INFO] [1790495715.958554087] [uav1.mavros]: Plugin setpoint_raw ignored
[INFO] [1790495715.958568492] [uav1.mavros]: Plugin setpoint_trajectory ignored
[INFO] [1790495716.564296115] [uav1.mavros]: Plugin setpoint_velocity created
[INFO] [1790495716.564395137] [uav1.mavros]: Plugin setpoint_velocity initialized
[INFO] [1790495717.499276507] [uav1.mavros]: Plugin sys_status created
[INFO] [1790495717.499438897] [uav1.mavros]: Plugin sys_status initialized
[INFO] [1790495718.031311719] [uav1.mavros.time]: TM: Timesync mode: MAVLINK
[INFO] [1790495718.183838385] [uav1.mavros]: Plugin sys_time created
[INFO] [1790495718.197374807] [uav1.mavros]: Plugin sys_time initialized
[INFO] [1790495718.198413286] [uav1.mavros]: Plugin waypoint ignored
[INFO] [1790495718.198807960] [uav1.mavros]: Plugin wind_estimation ignored
[INFO] [1790495718.395386193] [uav1.mavros]: Built-in SIMD instructions: SSE, SSE2
[INFO] [1790495718.395475549] [uav1.mavros]: Built-in MAVLink package version: 2026.8.8
[INFO] [1790495718.395513383] [uav1.mavros]: Known MAVLink dialects: common ardupilotmega ASLUAV AVSSUAS all csAirLink cubepilot development icarous loweheiser marsh paparazzi standard stemstudios storm32 uAvionix ualberta
[INFO] [1790495718.395538536] [uav1.mavros]: MAVROS UAS via /uas1 started. MY ID 1.191, TARGET ID 1.1
[INFO] [1790495718.542391104] [uav1.mavros_router]: link[1001] detected remote address 1.191
[INFO] [1790495718.805529757] [uav1.mavros.sys]: VER: 1.1: Capabilities         0x000000000000e8ff
[INFO] [1790495718.805613817] [uav1.mavros.sys]: VER: 1.1: Flight software:     011200c0 (fca3df865a000000)
[INFO] [1790495718.805638726] [uav1.mavros.sys]: VER: 1.1: Middleware software: 011200c0 (fca3df865a000000)
[INFO] [1790495718.805662646] [uav1.mavros.sys]: VER: 1.1: OS software:         070000ff (17040b9f87cb1791)
[INFO] [1790495718.805684670] [uav1.mavros.sys]: VER: 1.1: Board hardware:      00000001
[INFO] [1790495718.805701079] [uav1.mavros.sys]: VER: 1.1: VID/PID:             0000:0000
[INFO] [1790495718.805715911] [uav1.mavros.sys]: VER: 1.1: UID:                 4954414c44494e4f
[WARN] [1790495718.805818897] [uav1.mavros.cmd]: CMD: Unexpected command 512, result 0
[INFO] [1790495719.557400980] [uav1.mavros]: CON: Got HEARTBEAT, connected. FCU: PX4 Autopilot
[INFO] [1790495720.590634230] [uav1.mavros.sys]: VER: 1.1: Capabilities         0x000000000000e8ff
[INFO] [1790495720.590765987] [uav1.mavros.sys]: VER: 1.1: Flight software:     011200c0 (fca3df865a000000)
[INFO] [1790495720.590796446] [uav1.mavros.sys]: VER: 1.1: Middleware software: 011200c0 (fca3df865a000000)
[INFO] [1790495720.590812559] [uav1.mavros.sys]: VER: 1.1: OS software:         070000ff (17040b9f87cb1791)
[INFO] [1790495720.590825466] [uav1.mavros.sys]: VER: 1.1: Board hardware:      00000001
[INFO] [1790495720.590839438] [uav1.mavros.sys]: VER: 1.1: VID/PID:             0000:0000
[INFO] [1790495720.590854016] [uav1.mavros.sys]: VER: 1.1: UID:                 4954414c44494e4f
[WARN] [1790495761.335543206] [uav1.mavros.sys]: FCU: UNK(8): EVENT 11047904 with args -0-0-0-0-0-128-0-0-0-176-122-127-128-176-122-127-128-0-0-0-0-0-0-0-0-0-0-0-0-0-0-0-0-0-0-0-0-0-0-0-
[INFO] [1790495761.356841036] [uav1.mavros.sys]: FCU: EVENT 377561 with args -8-0-0-0-20-0-0-0-0-0-0-0-0-0-0-0-0-0-0-0-0-0-0-0-0-0-0-0-0-0-0-0-0-0-0-0-0-0-0-0-
[WARN] [1790495761.408005676] [uav1.mavros.sys]: FCU: EVENT 453929 with args -255-255-255-255-7-0-0-0-0-0-0-0-0-0-0-0-0-0-0-0-0-0-0-0-0-0-0-0-0-0-0-0-0-0-0-0-0-0-0-0-
[INFO] [1790495761.408716591] [uav1.mavros.sys]: FCU: EVENT 6801787 with args -255-255-255-255-12-0-0-0-0-0-0-0-0-0-0-0-0-0-0-0-0-0-0-0-0-0-0-0-0-0-0-0-0-0-0-0-0-0-0-0-
[WARN] [1790495761.409316158] [uav1.mavros.sys]: FCU: UNK(8): EVENT 1914663 with args -0-10-13-2-56-0-0-0-0-0-0-0-0-0-0-0-0-0-0-0-0-0-0-0-0-0-0-0-0-0-0-0-0-0-0-0-0-0-0-0-
[WARN] [1790495766.372205393] [uav1.mavros.cmd]: CMD: Unexpected command 176, result 0
[INFO] [1790495768.042546064] [uav1.mavros.sys]: FCU: EVENT 9489139 with args -4-0-0-0-0-0-0-0-0-0-0-0-0-0-0-0-0-0-0-0-0-0-0-0-0-0-0-0-0-0-0-0-0-0-0-0-0-0-0-0-
[INFO] [1790495770.823117506] [uav1.mavros.sys]: FCU: EVENT 4277609 with args -0-0-0-0-0-0-0-0-0-0-0-0-0-0-0-0-0-0-0-0-0-0-0-0-0-0-0-0-0-0-0-0-0-0-0-0-0-0-0-0-
[WARN] [1790496095.785787124] [uav1.mavros.cmd]: CMD: Unexpected command 176, result 0
[INFO] [1790496140.573839614] [uav1.mavros.sys]: FCU: EVENT 9844908 with args -0-0-0-0-0-0-0-0-0-0-0-0-0-0-0-0-0-0-0-0-0-0-0-0-0-0-0-0-0-0-0-0-0-0-0-0-0-0-0-0-
[INFO] [1790496143.267660199] [uav1.mavros.sys]: FCU: EVENT 16017271 with args -6-0-0-0-0-0-0-0-0-0-0-0-0-0-0-0-0-0-0-0-0-0-0-0-0-0-0-0-0-0-0-0-0-0-0-0-0-0-0-0-
[WARN] [1790496143.552457873] [uav1.mavros.sys]: FCU: UNK(8): EVENT 11047904 with args -0-0-0-2-0-128-0-0-0-0-122-1-128-176-122-127-128-0-0-0-0-0-0-0-0-0-0-0-0-0-0-0-0-0-0-0-0-0-0-0-
[ERROR] [1790496143.552646296] [uav1.mavros.sys]: FCU: EVENT 13426421 with args -252-0-126-0-17-0-0-0-0-0-0-0-0-0-0-0-0-0-0-0-0-0-0-0-0-0-0-0-0-0-0-0-0-0-0-0-0-0-0-0-
[INFO] [1790496143.552789018] [uav1.mavros.sys]: FCU: EVENT 377561 with args -8-0-0-0-20-0-0-0-0-0-0-0-0-0-0-0-0-0-0-0-0-0-0-0-0-0-0-0-0-0-0-0-0-0-0-0-0-0-0-0-
[WARN] [1790496143.552927114] [uav1.mavros.sys]: FCU: EVENT 453929 with args -255-255-255-255-7-0-0-0-0-0-0-0-0-0-0-0-0-0-0-0-0-0-0-0-0-0-0-0-0-0-0-0-0-0-0-0-0-0-0-0-
[INFO] [1790496143.553020233] [uav1.mavros.sys]: FCU: EVENT 6801787 with args -255-255-255-255-12-0-0-0-0-0-0-0-0-0-0-0-0-0-0-0-0-0-0-0-0-0-0-0-0-0-0-0-0-0-0-0-0-0-0-0-
[WARN] [1790496143.553115150] [uav1.mavros.sys]: FCU: UNK(8): EVENT 1914663 with args -0-10-13-2-56-0-0-0-0-0-0-0-0-0-0-0-0-0-0-0-0-0-0-0-0-0-0-0-0-0-0-0-0-0-0-0-0-0-0-0-
[WARN] [1790496146.229988942] [uav1.mavros.sys]: FCU: UNK(8): EVENT 11047904 with args -0-0-0-0-0-128-0-0-0-176-122-127-128-176-122-127-128-0-0-0-0-0-0-0-0-0-0-0-0-0-0-0-0-0-0-0-0-0-0-0-
[INFO] [1790496146.230344154] [uav1.mavros.sys]: FCU: EVENT 377561 with args -8-0-0-0-20-0-0-0-0-0-0-0-0-0-0-0-0-0-0-0-0-0-0-0-0-0-0-0-0-0-0-0-0-0-0-0-0-0-0-0-
[WARN] [1790496146.230654815] [uav1.mavros.sys]: FCU: EVENT 453929 with args -255-255-255-255-7-0-0-0-0-0-0-0-0-0-0-0-0-0-0-0-0-0-0-0-0-0-0-0-0-0-0-0-0-0-0-0-0-0-0-0-
[INFO] [1790496146.230729328] [uav1.mavros.sys]: FCU: EVENT 6801787 with args -255-255-255-255-12-0-0-0-0-0-0-0-0-0-0-0-0-0-0-0-0-0-0-0-0-0-0-0-0-0-0-0-0-0-0-0-0-0-0-0-
[WARN] [1790496146.230800496] [uav1.mavros.sys]: FCU: UNK(8): EVENT 1914663 with args -0-10-13-2-56-0-0-0-0-0-0-0-0-0-0-0-0-0-0-0-0-0-0-0-0-0-0-0-0-0-0-0-0-0-0-0-0-0-0-0-
[WARN] [1790496148.980824121] [uav1.mavros.sys]: FCU: UNK(8): EVENT 11047904 with args -0-0-0-0-0-128-0-0-0-176-122-127-128-176-122-127-128-0-0-0-0-0-0-0-0-0-0-0-0-0-0-0-0-0-0-0-0-0-0-0-
[INFO] [1790496148.981064827] [uav1.mavros.sys]: FCU: EVENT 377561 with args -8-0-0-0-20-0-0-0-0-0-0-0-0-0-0-0-0-0-0-0-0-0-0-0-0-0-0-0-0-0-0-0-0-0-0-0-0-0-0-0-
[WARN] [1790496148.984253064] [uav1.mavros.sys]: FCU: EVENT 453929 with args -255-255-255-255-7-0-0-0-0-0-0-0-0-0-0-0-0-0-0-0-0-0-0-0-0-0-0-0-0-0-0-0-0-0-0-0-0-0-0-0-
[INFO] [1790496148.984392894] [uav1.mavros.sys]: FCU: EVENT 6801787 with args -255-255-255-255-12-0-0-0-0-0-0-0-0-0-0-0-0-0-0-0-0-0-0-0-0-0-0-0-0-0-0-0-0-0-0-0-0-0-0-0-
[WARN] [1790496148.984507644] [uav1.mavros.sys]: FCU: UNK(8): EVENT 1914663 with args -0-10-9-2-56-0-0-0-0-0-0-0-0-0-0-0-0-0-0-0-0-0-0-0-0-0-0-0-0-0-0-0-0-0-0-0-0-0-0-0-
[WARN] [1790496152.020234759] [uav1.mavros.sys]: FCU: UNK(8): EVENT 11047904 with args -0-0-0-16-0-128-0-0-0-176-58-127-128-176-58-127-128-0-0-0-0-0-0-0-0-0-0-0-0-0-0-0-0-0-0-0-0-0-0-0-
[ERROR] [1790496152.036460205] [uav1.mavros.sys]: FCU: EVENT 11464574 with args -0-64-0-0-20-0-0-0-0-0-0-0-0-0-0-0-0-0-0-0-0-0-0-0-0-0-0-0-0-0-0-0-0-0-0-0-0-0-0-0-
[INFO] [1790496152.036658144] [uav1.mavros.sys]: FCU: EVENT 377561 with args -8-0-0-0-20-0-0-0-0-0-0-0-0-0-0-0-0-0-0-0-0-0-0-0-0-0-0-0-0-0-0-0-0-0-0-0-0-0-0-0-
[WARN] [1790496152.036795612] [uav1.mavros.sys]: FCU: EVENT 453929 with args -255-255-255-255-7-0-0-0-0-0-0-0-0-0-0-0-0-0-0-0-0-0-0-0-0-0-0-0-0-0-0-0-0-0-0-0-0-0-0-0-
[INFO] [1790496152.036934885] [uav1.mavros.sys]: FCU: EVENT 6801787 with args -255-255-255-255-12-0-0-0-0-0-0-0-0-0-0-0-0-0-0-0-0-0-0-0-0-0-0-0-0-0-0-0-0-0-0-0-0-0-0-0-
[WARN] [1790496152.045111270] [uav1.mavros.sys]: FCU: UNK(8): EVENT 1914663 with args -0-10-9-2-56-0-0-0-0-0-0-0-0-0-0-0-0-0-0-0-0-0-0-0-0-0-0-0-0-0-0-0-0-0-0-0-0-0-0-0-
[WARN] [1790496152.045273698] [uav1.mavros.sys]: FCU: EVENT 13277401 with args -0-0-6-0-0-0-0-0-0-0-0-0-0-0-0-0-0-0-0-0-0-0-0-0-0-0-0-0-0-0-0-0-0-0-0-0-0-0-0-0-
[INFO] [1790496152.130737328] [rclcpp]: signal_handler(SIGINT/SIGTERM)
[WARN] [1790496152.157957152] [uav1.mavros]: UAS Executor terminated
