[INFO] [1790495713.332276098] [uav6.mavros_node]: Starting mavros_node container
[INFO] [1790495713.342254926] [uav6.mavros_node]: FCU URL: udp://:14545@127.0.0.1:14585
[INFO] [1790495713.342353887] [uav6.mavros_node]: GCS URL: 
[INFO] [1790495713.350732999] [uav6.mavros_node]: UAS Prefix: /uas6
[INFO] [1790495713.350757470] [uav6.mavros_node]: Starting mavros router node
[INFO] [1790495713.761180586] [uav6.mavros_router]: Built-in SIMD instructions: SSE, SSE2
[INFO] [1790495713.761926098] [uav6.mavros_router]: Built-in MAVLink package version: 2026.8.8
[INFO] [1790495713.762709033] [uav6.mavros_router]: Known MAVLink dialects: common ardupilotmega ASLUAV AVSSUAS all csAirLink cubepilot development icarous loweheiser marsh paparazzi standard stemstudios storm32 uAvionix ualberta
[INFO] [1790495713.762742717] [uav6.mavros_router]: MAVROS Router started
[INFO] [1790495713.763203163] [uav6.mavros_node]: Starting mavros uas node
[INFO] [1790495714.092528624] [uav6.mavros_router]: Requested to add endpoint: type: 0, url: udp://:14545@127.0.0.1:14585
[INFO] [1790495714.093966509] [uav6.mavros_router]: Endpoint link[1000] created
[INFO] [1790495714.096189820] [uav6.mavros_router]: link[1000] opened successfully
[INFO] [1790495714.096403282] [uav6.mavros_router]: Requested to add endpoint: type: 2, url: /uas6
[INFO] [1790495714.096455824] [uav6.mavros_router]: Endpoint link[1001] created
[INFO] [1790495714.101746558] [uav6.mavros_router]: link[1000] detected remote address 6.1
[INFO] [1790495714.111042381] [uav6.mavros]: UAS Executor started, threads: 4
[INFO] [1790495714.111065524] [uav6.mavros]: Plugin actuator_control ignored
[INFO] [1790495714.112652062] [uav6.mavros]: Plugin altitude ignored
[INFO] [1790495714.118611699] [uav6.mavros_router]: link[1001] opened successfully
[INFO] [1790495714.740761997] [uav6.mavros]: Plugin command created
[INFO] [1790495714.741637922] [uav6.mavros]: Plugin command initialized
[INFO] [1790495714.741708641] [uav6.mavros]: Plugin ftp ignored
[INFO] [1790495714.741729330] [uav6.mavros]: Plugin geofence ignored
[INFO] [1790495715.455646155] [uav6.mavros]: Plugin global_position created
[INFO] [1790495715.455783369] [uav6.mavros]: Plugin global_position initialized
[INFO] [1790495715.455813571] [uav6.mavros]: Plugin home_position ignored
[INFO] [1790495715.455842905] [uav6.mavros]: Plugin imu ignored
[INFO] [1790495716.073372497] [uav6.mavros]: Plugin local_position created
[INFO] [1790495716.073493829] [uav6.mavros]: Plugin local_position initialized
[INFO] [1790495716.082378567] [uav6.mavros]: Plugin manual_control ignored
[INFO] [1790495716.082400088] [uav6.mavros]: Plugin nav_controller_output ignored
[INFO] [1790495716.082414987] [uav6.mavros]: Plugin param ignored
[INFO] [1790495716.082430082] [uav6.mavros]: Plugin rallypoint ignored
[INFO] [1790495716.082444695] [uav6.mavros]: Plugin rc_io ignored
[INFO] [1790495716.082459086] [uav6.mavros]: Plugin setpoint_accel ignored
[INFO] [1790495716.082473697] [uav6.mavros]: Plugin setpoint_attitude ignored
[INFO] [1790495716.088349592] [uav6.mavros]: Plugin setpoint_position ignored
[INFO] [1790495716.088368338] [uav6.mavros]: Plugin setpoint_raw ignored
[INFO] [1790495716.088381233] [uav6.mavros]: Plugin setpoint_trajectory ignored
[INFO] [1790495716.762875771] [uav6.mavros]: Plugin setpoint_velocity created
[INFO] [1790495716.763097266] [uav6.mavros]: Plugin setpoint_velocity initialized
[INFO] [1790495717.558130756] [uav6.mavros]: Plugin sys_status created
[INFO] [1790495717.573714710] [uav6.mavros]: Plugin sys_status initialized
[INFO] [1790495718.311575193] [uav6.mavros.time]: TM: Timesync mode: MAVLINK
[INFO] [1790495718.657527917] [uav6.mavros]: Plugin sys_time created
[INFO] [1790495718.657646282] [uav6.mavros]: Plugin sys_time initialized
[INFO] [1790495718.657672364] [uav6.mavros]: Plugin waypoint ignored
[INFO] [1790495718.657694875] [uav6.mavros]: Plugin wind_estimation ignored
[INFO] [1790495718.798497576] [uav6.mavros_router]: link[1001] detected remote address 6.191
[INFO] [1790495718.803412027] [uav6.mavros]: Built-in SIMD instructions: SSE, SSE2
[INFO] [1790495718.803508151] [uav6.mavros]: Built-in MAVLink package version: 2026.8.8
[INFO] [1790495718.803525175] [uav6.mavros]: Known MAVLink dialects: common ardupilotmega ASLUAV AVSSUAS all csAirLink cubepilot development icarous loweheiser marsh paparazzi standard stemstudios storm32 uAvionix ualberta
[INFO] [1790495718.803541988] [uav6.mavros]: MAVROS UAS via /uas6 started. MY ID 6.191, TARGET ID 6.1
[INFO] [1790495718.823033008] [uav6.mavros.sys]: VER: 6.1: Capabilities         0x000000000000e8ff
[INFO] [1790495718.823135830] [uav6.mavros.sys]: VER: 6.1: Flight software:     011200c0 (fca3df865a000000)
[INFO] [1790495718.823155623] [uav6.mavros.sys]: VER: 6.1: Middleware software: 011200c0 (fca3df865a000000)
[INFO] [1790495718.823167611] [uav6.mavros.sys]: VER: 6.1: OS software:         070000ff (17040b9f87cb1791)
[INFO] [1790495718.823179066] [uav6.mavros.sys]: VER: 6.1: Board hardware:      00000001
[INFO] [1790495718.823190586] [uav6.mavros.sys]: VER: 6.1: VID/PID:             0000:0000
[INFO] [1790495718.823202491] [uav6.mavros.sys]: VER: 6.1: UID:                 4954414c44494e54
[WARN] [1790495718.830517002] [uav6.mavros.cmd]: CMD: Unexpected command 512, result 0
[INFO] [1790495719.442552112] [uav6.mavros]: CON: Got HEARTBEAT, connected. FCU: PX4 Autopilot
[INFO] [1790495720.841097853] [uav6.mavros.sys]: VER: 6.1: Capabilities         0x000000000000e8ff
[INFO] [1790495720.841193262] [uav6.mavros.sys]: VER: 6.1: Flight software:     011200c0 (fca3df865a000000)
[INFO] [1790495720.841211156] [uav6.mavros.sys]: VER: 6.1: Middleware software: 011200c0 (fca3df865a000000)
[INFO] [1790495720.841225249] [uav6.mavros.sys]: VER: 6.1: OS software:         070000ff (17040b9f87cb1791)
[INFO] [1790495720.841238460] [uav6.mavros.sys]: VER: 6.1: Board hardware:      00000001
[INFO] [1790495720.841251289] [uav6.mavros.sys]: VER: 6.1: VID/PID:             0000:0000
[INFO] [1790495720.841264405] [uav6.mavros.sys]: VER: 6.1: UID:                 4954414c44494e54
[WARN] [1790495752.379269366] [uav6.mavros.sys]: FCU: UNK(8): EVENT 11047904 with args -0-0-0-0-0-128-0-0-0-176-122-127-128-176-122-127-128-0-0-0-0-0-0-0-0-0-0-0-0-0-0-0-0-0-0-0-0-0-0-0-
[INFO] [1790495752.382363042] [uav6.mavros.sys]: FCU: EVENT 377561 with args -8-0-0-0-20-0-0-0-0-0-0-0-0-0-0-0-0-0-0-0-0-0-0-0-0-0-0-0-0-0-0-0-0-0-0-0-0-0-0-0-
[WARN] [1790495752.382576021] [uav6.mavros.sys]: FCU: EVENT 453929 with args -255-255-255-255-7-0-0-0-0-0-0-0-0-0-0-0-0-0-0-0-0-0-0-0-0-0-0-0-0-0-0-0-0-0-0-0-0-0-0-0-
[INFO] [1790495752.382692270] [uav6.mavros.sys]: FCU: EVENT 6801787 with args -255-255-255-255-12-0-0-0-0-0-0-0-0-0-0-0-0-0-0-0-0-0-0-0-0-0-0-0-0-0-0-0-0-0-0-0-0-0-0-0-
[WARN] [1790495752.399337863] [uav6.mavros.sys]: FCU: UNK(8): EVENT 1914663 with args -0-10-13-2-56-0-0-0-0-0-0-0-0-0-0-0-0-0-0-0-0-0-0-0-0-0-0-0-0-0-0-0-0-0-0-0-0-0-0-0-
[ERROR] [1790495758.268551447] [uav6.mavros.sys]: SYS: set_message_interval service timeout
[ERROR] [1790495758.268683780] [uav6.mavros.sys]: SYS: command plugin service call failed!
[ERROR] [1790495761.435596768] [uav6.mavros.sys]: SYS: set_message_interval service timeout
[ERROR] [1790495761.435728684] [uav6.mavros.sys]: SYS: command plugin service call failed!
[WARN] [1790495762.584611931] [uav6.mavros.sys]: FCU: UNK(8): EVENT 11047904 with args -0-0-0-16-0-128-0-0-0-176-58-127-128-176-58-127-128-0-0-0-0-0-0-0-0-0-0-0-0-0-0-0-0-0-0-0-0-0-0-0-
[ERROR] [1790495762.614270981] [uav6.mavros.sys]: FCU: EVENT 11464574 with args -0-64-0-0-20-0-0-0-0-0-0-0-0-0-0-0-0-0-0-0-0-0-0-0-0-0-0-0-0-0-0-0-0-0-0-0-0-0-0-0-
[INFO] [1790495762.616714972] [uav6.mavros.sys]: FCU: EVENT 377561 with args -8-0-0-0-20-0-0-0-0-0-0-0-0-0-0-0-0-0-0-0-0-0-0-0-0-0-0-0-0-0-0-0-0-0-0-0-0-0-0-0-
[WARN] [1790495762.624723885] [uav6.mavros.sys]: FCU: EVENT 453929 with args -255-255-255-255-7-0-0-0-0-0-0-0-0-0-0-0-0-0-0-0-0-0-0-0-0-0-0-0-0-0-0-0-0-0-0-0-0-0-0-0-
[INFO] [1790495762.634770868] [uav6.mavros.sys]: FCU: EVENT 6801787 with args -255-255-255-255-12-0-0-0-0-0-0-0-0-0-0-0-0-0-0-0-0-0-0-0-0-0-0-0-0-0-0-0-0-0-0-0-0-0-0-0-
[WARN] [1790495762.635002617] [uav6.mavros.sys]: FCU: UNK(8): EVENT 1914663 with args -0-10-13-2-56-0-0-0-0-0-0-0-0-0-0-0-0-0-0-0-0-0-0-0-0-0-0-0-0-0-0-0-0-0-0-0-0-0-0-0-
[ERROR] [1790495762.795547108] [uav6.mavros.sys]: SYS: set_message_interval service timeout
[ERROR] [1790495762.795684461] [uav6.mavros.sys]: SYS: command plugin service call failed!
[WARN] [1790495764.987310176] [uav6.mavros.sys]: FCU: UNK(8): EVENT 11047904 with args -0-0-0-0-0-128-0-0-0-176-122-127-128-176-122-127-128-0-0-0-0-0-0-0-0-0-0-0-0-0-0-0-0-0-0-0-0-0-0-0-
[INFO] [1790495765.005034809] [uav6.mavros.sys]: FCU: EVENT 377561 with args -8-0-0-0-20-0-0-0-0-0-0-0-0-0-0-0-0-0-0-0-0-0-0-0-0-0-0-0-0-0-0-0-0-0-0-0-0-0-0-0-
[WARN] [1790495765.005232210] [uav6.mavros.sys]: FCU: EVENT 453929 with args -255-255-255-255-7-0-0-0-0-0-0-0-0-0-0-0-0-0-0-0-0-0-0-0-0-0-0-0-0-0-0-0-0-0-0-0-0-0-0-0-
[INFO] [1790495765.005361266] [uav6.mavros.sys]: FCU: EVENT 6801787 with args -255-255-255-255-12-0-0-0-0-0-0-0-0-0-0-0-0-0-0-0-0-0-0-0-0-0-0-0-0-0-0-0-0-0-0-0-0-0-0-0-
[WARN] [1790495765.005482414] [uav6.mavros.sys]: FCU: UNK(8): EVENT 1914663 with args -0-10-13-2-56-0-0-0-0-0-0-0-0-0-0-0-0-0-0-0-0-0-0-0-0-0-0-0-0-0-0-0-0-0-0-0-0-0-0-0-
[WARN] [1790495767.220248883] [uav6.mavros.cmd]: CMD: Unexpected command 176, result 0
[INFO] [1790495767.800084500] [uav6.mavros.sys]: FCU: EVENT 9489139 with args -4-0-0-0-0-0-0-0-0-0-0-0-0-0-0-0-0-0-0-0-0-0-0-0-0-0-0-0-0-0-0-0-0-0-0-0-0-0-0-0-
[INFO] [1790495770.439373476] [uav6.mavros.sys]: FCU: EVENT 4277609 with args -0-0-0-0-0-0-0-0-0-0-0-0-0-0-0-0-0-0-0-0-0-0-0-0-0-0-0-0-0-0-0-0-0-0-0-0-0-0-0-0-
[WARN] [1790496096.064586896] [uav6.mavros.cmd]: CMD: Unexpected command 176, result 0
[INFO] [1790496137.932105085] [uav6.mavros.sys]: FCU: EVENT 9844908 with args -0-0-0-0-0-0-0-0-0-0-0-0-0-0-0-0-0-0-0-0-0-0-0-0-0-0-0-0-0-0-0-0-0-0-0-0-0-0-0-0-
[INFO] [1790496140.868723682] [uav6.mavros.sys]: FCU: EVENT 16017271 with args -6-0-0-0-0-0-0-0-0-0-0-0-0-0-0-0-0-0-0-0-0-0-0-0-0-0-0-0-0-0-0-0-0-0-0-0-0-0-0-0-
[WARN] [1790496145.800474354] [uav6.mavros.sys]: FCU: UNK(8): EVENT 11047904 with args -0-0-0-0-0-128-0-0-0-176-122-127-128-176-122-127-128-0-0-0-0-0-0-0-0-0-0-0-0-0-0-0-0-0-0-0-0-0-0-0-
[INFO] [1790496145.809799420] [uav6.mavros.sys]: FCU: EVENT 377561 with args -8-0-0-0-20-0-0-0-0-0-0-0-0-0-0-0-0-0-0-0-0-0-0-0-0-0-0-0-0-0-0-0-0-0-0-0-0-0-0-0-
[WARN] [1790496145.810231396] [uav6.mavros.sys]: FCU: EVENT 453929 with args -255-255-255-255-7-0-0-0-0-0-0-0-0-0-0-0-0-0-0-0-0-0-0-0-0-0-0-0-0-0-0-0-0-0-0-0-0-0-0-0-
[INFO] [1790496145.817114961] [uav6.mavros.sys]: FCU: EVENT 6801787 with args -255-255-255-255-12-0-0-0-0-0-0-0-0-0-0-0-0-0-0-0-0-0-0-0-0-0-0-0-0-0-0-0-0-0-0-0-0-0-0-0-
[WARN] [1790496145.819158269] [uav6.mavros.sys]: FCU: UNK(8): EVENT 1914663 with args -0-10-9-2-56-0-0-0-0-0-0-0-0-0-0-0-0-0-0-0-0-0-0-0-0-0-0-0-0-0-0-0-0-0-0-0-0-0-0-0-
[INFO] [1790496152.129917028] [rclcpp]: signal_handler(SIGINT/SIGTERM)
[WARN] [1790496152.155623390] [uav6.mavros]: UAS Executor terminated
