[INFO] [1790583900.906026399] [uav5.mavros_node]: Starting mavros_node container
[INFO] [1790583900.907217939] [uav5.mavros_node]: FCU URL: udp://:14544@127.0.0.1:14584
[INFO] [1790583900.907245767] [uav5.mavros_node]: GCS URL: 
[INFO] [1790583900.907570021] [uav5.mavros_node]: UAS Prefix: /uas5
[INFO] [1790583900.907579773] [uav5.mavros_node]: Starting mavros router node
[INFO] [1790583900.985862190] [uav5.mavros_router]: Built-in SIMD instructions: SSE, SSE2
[INFO] [1790583900.985925068] [uav5.mavros_router]: Built-in MAVLink package version: 2026.8.8
[INFO] [1790583900.986588619] [uav5.mavros_router]: Known MAVLink dialects: common ardupilotmega ASLUAV AVSSUAS all csAirLink cubepilot development icarous loweheiser marsh paparazzi standard stemstudios storm32 uAvionix ualberta
[INFO] [1790583900.986915706] [uav5.mavros_router]: MAVROS Router started
[INFO] [1790583900.987084669] [uav5.mavros_node]: Starting mavros uas node
[INFO] [1790583901.238050772] [uav5.mavros_router]: Requested to add endpoint: type: 0, url: udp://:14544@127.0.0.1:14584
[INFO] [1790583901.238373041] [uav5.mavros_router]: Endpoint link[1000] created
[INFO] [1790583901.240033977] [uav5.mavros_router]: link[1000] opened successfully
[INFO] [1790583901.240103979] [uav5.mavros_router]: Requested to add endpoint: type: 2, url: /uas5
[INFO] [1790583901.240576766] [uav5.mavros_router]: Endpoint link[1001] created
[INFO] [1790583901.242723337] [uav5.mavros_router]: link[1000] detected remote address 5.1
[INFO] [1790583901.247927809] [uav5.mavros]: Plugin actuator_control ignored
[INFO] [1790583901.247996550] [uav5.mavros]: UAS Executor started, threads: 4
[INFO] [1790583901.248172290] [uav5.mavros]: Plugin altitude ignored
[INFO] [1790583901.283735627] [uav5.mavros_router]: link[1001] opened successfully
[INFO] [1790583901.382369662] [uav5.mavros]: Plugin command created
[INFO] [1790583901.393930144] [uav5.mavros]: Plugin command initialized
[INFO] [1790583901.393965694] [uav5.mavros]: Plugin ftp ignored
[INFO] [1790583901.393973077] [uav5.mavros]: Plugin geofence ignored
[INFO] [1790583901.505306630] [uav5.mavros]: Plugin global_position created
[INFO] [1790583901.505380441] [uav5.mavros]: Plugin global_position initialized
[INFO] [1790583901.505391729] [uav5.mavros]: Plugin home_position ignored
[INFO] [1790583901.505397641] [uav5.mavros]: Plugin imu ignored
[INFO] [1790583901.760099433] [uav5.mavros]: Plugin local_position created
[INFO] [1790583901.760165938] [uav5.mavros]: Plugin local_position initialized
[INFO] [1790583901.760180228] [uav5.mavros]: Plugin manual_control ignored
[INFO] [1790583901.760187045] [uav5.mavros]: Plugin nav_controller_output ignored
[INFO] [1790583901.760192661] [uav5.mavros]: Plugin param ignored
[INFO] [1790583901.760197779] [uav5.mavros]: Plugin rallypoint ignored
[INFO] [1790583901.760202708] [uav5.mavros]: Plugin rc_io ignored
[INFO] [1790583901.760208182] [uav5.mavros]: Plugin setpoint_accel ignored
[INFO] [1790583901.760217708] [uav5.mavros]: Plugin setpoint_attitude ignored
[INFO] [1790583901.760228573] [uav5.mavros]: Plugin setpoint_position ignored
[INFO] [1790583901.760234261] [uav5.mavros]: Plugin setpoint_raw ignored
[INFO] [1790583901.760239861] [uav5.mavros]: Plugin setpoint_trajectory ignored
[INFO] [1790583901.954895543] [uav5.mavros]: Plugin setpoint_velocity created
[INFO] [1790583901.954993748] [uav5.mavros]: Plugin setpoint_velocity initialized
[INFO] [1790583902.319776572] [uav5.mavros]: Plugin sys_status created
[INFO] [1790583902.319862031] [uav5.mavros]: Plugin sys_status initialized
[INFO] [1790583902.471648907] [uav5.mavros.time]: TM: Timesync mode: MAVLINK
[INFO] [1790583902.484869716] [uav5.mavros]: Plugin sys_time created
[INFO] [1790583902.484946640] [uav5.mavros]: Plugin sys_time initialized
[INFO] [1790583902.484960426] [uav5.mavros]: Plugin waypoint ignored
[INFO] [1790583902.484974683] [uav5.mavros]: Plugin wind_estimation ignored
[INFO] [1790583902.497431127] [uav5.mavros]: Built-in SIMD instructions: SSE, SSE2
[INFO] [1790583902.497476999] [uav5.mavros]: Built-in MAVLink package version: 2026.8.8
[INFO] [1790583902.497510175] [uav5.mavros]: Known MAVLink dialects: common ardupilotmega ASLUAV AVSSUAS all csAirLink cubepilot development icarous loweheiser marsh paparazzi standard stemstudios storm32 uAvionix ualberta
[INFO] [1790583902.497518802] [uav5.mavros]: MAVROS UAS via /uas5 started. MY ID 5.191, TARGET ID 5.1
[INFO] [1790583902.605958118] [uav5.mavros_router]: link[1001] detected remote address 5.191
[INFO] [1790583903.357639464] [uav5.mavros]: CON: Got HEARTBEAT, connected. FCU: PX4 Autopilot
[INFO] [1790583903.365662168] [uav5.mavros.sys]: VER: 5.1: Capabilities         0x000000000000e8ff
[INFO] [1790583903.365725596] [uav5.mavros.sys]: VER: 5.1: Flight software:     011200c0 (fca3df865a000000)
[INFO] [1790583903.365735160] [uav5.mavros.sys]: VER: 5.1: Middleware software: 011200c0 (fca3df865a000000)
[INFO] [1790583903.365741184] [uav5.mavros.sys]: VER: 5.1: OS software:         070000ff (17040b9f87cb1791)
[INFO] [1790583903.365747016] [uav5.mavros.sys]: VER: 5.1: Board hardware:      00000001
[INFO] [1790583903.365752471] [uav5.mavros.sys]: VER: 5.1: VID/PID:             0000:0000
[INFO] [1790583903.365758440] [uav5.mavros.sys]: VER: 5.1: UID:                 4954414c44494e53
[WARN] [1790583903.366760870] [uav5.mavros.cmd]: CMD: Unexpected command 512, result 0
[WARN] [1790583915.070744066] [uav5.mavros.sys]: FCU: UNK(8): EVENT 11047904 with args -0-0-0-0-0-128-0-0-0-176-122-127-128-176-122-127-128-0-0-0-0-0-0-0-0-0-0-0-0-0-0-0-0-0-0-0-0-0-0-0-
[INFO] [1790583915.071816107] [uav5.mavros.sys]: FCU: EVENT 377561 with args -8-0-0-0-20-0-0-0-0-0-0-0-0-0-0-0-0-0-0-0-0-0-0-0-0-0-0-0-0-0-0-0-0-0-0-0-0-0-0-0-
[WARN] [1790583915.073324672] [uav5.mavros.sys]: FCU: EVENT 453929 with args -255-255-255-255-7-0-0-0-0-0-0-0-0-0-0-0-0-0-0-0-0-0-0-0-0-0-0-0-0-0-0-0-0-0-0-0-0-0-0-0-
[INFO] [1790583915.073436635] [uav5.mavros.sys]: FCU: EVENT 6801787 with args -255-255-255-255-12-0-0-0-0-0-0-0-0-0-0-0-0-0-0-0-0-0-0-0-0-0-0-0-0-0-0-0-0-0-0-0-0-0-0-0-
[WARN] [1790583915.084800283] [uav5.mavros.sys]: FCU: UNK(8): EVENT 1914663 with args -0-10-13-2-56-0-0-0-0-0-0-0-0-0-0-0-0-0-0-0-0-0-0-0-0-0-0-0-0-0-0-0-0-0-0-0-0-0-0-0-
[WARN] [1790583918.828859070] [uav5.mavros.cmd]: CMD: Unexpected command 176, result 0
[INFO] [1790583919.828109091] [uav5.mavros.sys]: FCU: EVENT 9489139 with args -4-0-0-0-0-0-0-0-0-0-0-0-0-0-0-0-0-0-0-0-0-0-0-0-0-0-0-0-0-0-0-0-0-0-0-0-0-0-0-0-
[INFO] [1790583921.896438584] [uav5.mavros.sys]: FCU: EVENT 4277609 with args -0-0-0-0-0-0-0-0-0-0-0-0-0-0-0-0-0-0-0-0-0-0-0-0-0-0-0-0-0-0-0-0-0-0-0-0-0-0-0-0-
[WARN] [1790584170.979145661] [uav5.mavros.cmd]: CMD: Unexpected command 176, result 0
[INFO] [1790584208.896505202] [uav5.mavros.sys]: FCU: EVENT 9844908 with args -0-0-0-0-0-0-0-0-0-0-0-0-0-0-0-0-0-0-0-0-0-0-0-0-0-0-0-0-0-0-0-0-0-0-0-0-0-0-0-0-
[INFO] [1790584211.001712692] [uav5.mavros.sys]: FCU: EVENT 16017271 with args -6-0-0-0-0-0-0-0-0-0-0-0-0-0-0-0-0-0-0-0-0-0-0-0-0-0-0-0-0-0-0-0-0-0-0-0-0-0-0-0-
[WARN] [1790584214.586207407] [uav5.mavros.sys]: FCU: UNK(8): EVENT 11047904 with args -0-0-0-0-0-128-0-0-0-176-122-127-128-176-122-127-128-0-0-0-0-0-0-0-0-0-0-0-0-0-0-0-0-0-0-0-0-0-0-0-
[INFO] [1790584214.587856589] [uav5.mavros.sys]: FCU: EVENT 377561 with args -8-0-0-0-20-0-0-0-0-0-0-0-0-0-0-0-0-0-0-0-0-0-0-0-0-0-0-0-0-0-0-0-0-0-0-0-0-0-0-0-
[WARN] [1790584214.587968712] [uav5.mavros.sys]: FCU: EVENT 453929 with args -255-255-255-255-7-0-0-0-0-0-0-0-0-0-0-0-0-0-0-0-0-0-0-0-0-0-0-0-0-0-0-0-0-0-0-0-0-0-0-0-
[INFO] [1790584214.588025180] [uav5.mavros.sys]: FCU: EVENT 6801787 with args -255-255-255-255-12-0-0-0-0-0-0-0-0-0-0-0-0-0-0-0-0-0-0-0-0-0-0-0-0-0-0-0-0-0-0-0-0-0-0-0-
[WARN] [1790584214.592070865] [uav5.mavros.sys]: FCU: UNK(8): EVENT 1914663 with args -0-10-9-2-56-0-0-0-0-0-0-0-0-0-0-0-0-0-0-0-0-0-0-0-0-0-0-0-0-0-0-0-0-0-0-0-0-0-0-0-
[INFO] [1790584215.151350570] [rclcpp]: signal_handler(SIGINT/SIGTERM)
[WARN] [1790584215.159601058] [uav5.mavros]: UAS Executor terminated
