[INFO] [1790583900.924420572] [uav7.mavros_node]: Starting mavros_node container
[INFO] [1790583900.924548361] [uav7.mavros_node]: FCU URL: udp://:14546@127.0.0.1:14586
[INFO] [1790583900.924560415] [uav7.mavros_node]: GCS URL: 
[INFO] [1790583900.924567002] [uav7.mavros_node]: UAS Prefix: /uas7
[INFO] [1790583900.924573109] [uav7.mavros_node]: Starting mavros router node
[INFO] [1790583901.024853556] [uav7.mavros_router]: Built-in SIMD instructions: SSE, SSE2
[INFO] [1790583901.024909249] [uav7.mavros_router]: Built-in MAVLink package version: 2026.8.8
[INFO] [1790583901.024921616] [uav7.mavros_router]: Known MAVLink dialects: common ardupilotmega ASLUAV AVSSUAS all csAirLink cubepilot development icarous loweheiser marsh paparazzi standard stemstudios storm32 uAvionix ualberta
[INFO] [1790583901.024929479] [uav7.mavros_router]: MAVROS Router started
[INFO] [1790583901.025078231] [uav7.mavros_node]: Starting mavros uas node
[INFO] [1790583901.256701086] [uav7.mavros_router]: Requested to add endpoint: type: 0, url: udp://:14546@127.0.0.1:14586
[INFO] [1790583901.258635144] [uav7.mavros_router]: Endpoint link[1000] created
[INFO] [1790583901.264742514] [uav7.mavros_router]: link[1000] opened successfully
[INFO] [1790583901.264784429] [uav7.mavros_router]: Requested to add endpoint: type: 2, url: /uas7
[INFO] [1790583901.264803445] [uav7.mavros_router]: Endpoint link[1001] created
[INFO] [1790583901.266543247] [uav7.mavros_router]: link[1000] detected remote address 7.1
[INFO] [1790583901.274349156] [uav7.mavros]: UAS Executor started, threads: 4
[INFO] [1790583901.274359891] [uav7.mavros]: Plugin actuator_control ignored
[INFO] [1790583901.276323407] [uav7.mavros]: Plugin altitude ignored
[INFO] [1790583901.318579354] [uav7.mavros_router]: link[1001] opened successfully
[INFO] [1790583901.601639895] [uav7.mavros]: Plugin command created
[INFO] [1790583901.601711722] [uav7.mavros]: Plugin command initialized
[INFO] [1790583901.601724031] [uav7.mavros]: Plugin ftp ignored
[INFO] [1790583901.601730352] [uav7.mavros]: Plugin geofence ignored
[INFO] [1790583901.983698330] [uav7.mavros]: Plugin global_position created
[INFO] [1790583901.984152612] [uav7.mavros]: Plugin global_position initialized
[INFO] [1790583901.984172190] [uav7.mavros]: Plugin home_position ignored
[INFO] [1790583901.984179548] [uav7.mavros]: Plugin imu ignored
[INFO] [1790583902.249011433] [uav7.mavros]: Plugin local_position created
[INFO] [1790583902.249440678] [uav7.mavros]: Plugin local_position initialized
[INFO] [1790583902.249455702] [uav7.mavros]: Plugin manual_control ignored
[INFO] [1790583902.249461943] [uav7.mavros]: Plugin nav_controller_output ignored
[INFO] [1790583902.249467714] [uav7.mavros]: Plugin param ignored
[INFO] [1790583902.249473184] [uav7.mavros]: Plugin rallypoint ignored
[INFO] [1790583902.249478097] [uav7.mavros]: Plugin rc_io ignored
[INFO] [1790583902.249491555] [uav7.mavros]: Plugin setpoint_accel ignored
[INFO] [1790583902.249497483] [uav7.mavros]: Plugin setpoint_attitude ignored
[INFO] [1790583902.249503396] [uav7.mavros]: Plugin setpoint_position ignored
[INFO] [1790583902.249509190] [uav7.mavros]: Plugin setpoint_raw ignored
[INFO] [1790583902.249515489] [uav7.mavros]: Plugin setpoint_trajectory ignored
[INFO] [1790583902.402640567] [uav7.mavros]: Plugin setpoint_velocity created
[INFO] [1790583902.402679316] [uav7.mavros]: Plugin setpoint_velocity initialized
[INFO] [1790583902.706055037] [uav7.mavros]: Plugin sys_status created
[INFO] [1790583902.706178366] [uav7.mavros]: Plugin sys_status initialized
[INFO] [1790583902.840088479] [uav7.mavros.time]: TM: Timesync mode: MAVLINK
[INFO] [1790583902.855758389] [uav7.mavros]: Plugin sys_time created
[INFO] [1790583902.855818854] [uav7.mavros]: Plugin sys_time initialized
[INFO] [1790583902.855830349] [uav7.mavros]: Plugin waypoint ignored
[INFO] [1790583902.855836907] [uav7.mavros]: Plugin wind_estimation ignored
[INFO] [1790583902.861635363] [uav7.mavros]: Built-in SIMD instructions: SSE, SSE2
[INFO] [1790583902.861684482] [uav7.mavros]: Built-in MAVLink package version: 2026.8.8
[INFO] [1790583902.861719963] [uav7.mavros]: Known MAVLink dialects: common ardupilotmega ASLUAV AVSSUAS all csAirLink cubepilot development icarous loweheiser marsh paparazzi standard stemstudios storm32 uAvionix ualberta
[INFO] [1790583902.861729088] [uav7.mavros]: MAVROS UAS via /uas7 started. MY ID 7.191, TARGET ID 7.1
[INFO] [1790583902.917197056] [uav7.mavros_router]: link[1001] detected remote address 7.191
[INFO] [1790583903.355109264] [uav7.mavros]: CON: Got HEARTBEAT, connected. FCU: PX4 Autopilot
[INFO] [1790583904.389025516] [uav7.mavros.sys]: VER: 7.1: Capabilities         0x000000000000e8ff
[INFO] [1790583904.389089480] [uav7.mavros.sys]: VER: 7.1: Flight software:     011200c0 (fca3df865a000000)
[INFO] [1790583904.389099964] [uav7.mavros.sys]: VER: 7.1: Middleware software: 011200c0 (fca3df865a000000)
[INFO] [1790583904.389105767] [uav7.mavros.sys]: VER: 7.1: OS software:         070000ff (17040b9f87cb1791)
[INFO] [1790583904.389110796] [uav7.mavros.sys]: VER: 7.1: Board hardware:      00000001
[INFO] [1790583904.389115504] [uav7.mavros.sys]: VER: 7.1: VID/PID:             0000:0000
[INFO] [1790583904.389120890] [uav7.mavros.sys]: VER: 7.1: UID:                 4954414c44494e55
[WARN] [1790583904.394779655] [uav7.mavros.cmd]: CMD: Unexpected command 512, result 0
[WARN] [1790583915.241834147] [uav7.mavros.sys]: FCU: UNK(8): EVENT 11047904 with args -0-0-0-0-0-128-0-0-0-176-122-127-128-176-122-127-128-0-0-0-0-0-0-0-0-0-0-0-0-0-0-0-0-0-0-0-0-0-0-0-
[INFO] [1790583915.241947516] [uav7.mavros.sys]: FCU: EVENT 377561 with args -8-0-0-0-20-0-0-0-0-0-0-0-0-0-0-0-0-0-0-0-0-0-0-0-0-0-0-0-0-0-0-0-0-0-0-0-0-0-0-0-
[WARN] [1790583915.241990109] [uav7.mavros.sys]: FCU: EVENT 453929 with args -255-255-255-255-7-0-0-0-0-0-0-0-0-0-0-0-0-0-0-0-0-0-0-0-0-0-0-0-0-0-0-0-0-0-0-0-0-0-0-0-
[INFO] [1790583915.242475615] [uav7.mavros.sys]: FCU: EVENT 6801787 with args -255-255-255-255-12-0-0-0-0-0-0-0-0-0-0-0-0-0-0-0-0-0-0-0-0-0-0-0-0-0-0-0-0-0-0-0-0-0-0-0-
[WARN] [1790583915.242508583] [uav7.mavros.sys]: FCU: UNK(8): EVENT 1914663 with args -0-10-13-2-56-0-0-0-0-0-0-0-0-0-0-0-0-0-0-0-0-0-0-0-0-0-0-0-0-0-0-0-0-0-0-0-0-0-0-0-
[WARN] [1790583918.866198803] [uav7.mavros.cmd]: CMD: Unexpected command 176, result 0
[INFO] [1790583919.200108548] [uav7.mavros.sys]: FCU: EVENT 9489139 with args -4-0-0-0-0-0-0-0-0-0-0-0-0-0-0-0-0-0-0-0-0-0-0-0-0-0-0-0-0-0-0-0-0-0-0-0-0-0-0-0-
[INFO] [1790583921.054329271] [uav7.mavros.sys]: FCU: EVENT 4277609 with args -0-0-0-0-0-0-0-0-0-0-0-0-0-0-0-0-0-0-0-0-0-0-0-0-0-0-0-0-0-0-0-0-0-0-0-0-0-0-0-0-
[WARN] [1790584171.000516353] [uav7.mavros.cmd]: CMD: Unexpected command 176, result 0
[INFO] [1790584201.079598438] [uav7.mavros.sys]: FCU: EVENT 9844908 with args -0-0-0-0-0-0-0-0-0-0-0-0-0-0-0-0-0-0-0-0-0-0-0-0-0-0-0-0-0-0-0-0-0-0-0-0-0-0-0-0-
[INFO] [1790584203.172207041] [uav7.mavros.sys]: FCU: EVENT 16017271 with args -6-0-0-0-0-0-0-0-0-0-0-0-0-0-0-0-0-0-0-0-0-0-0-0-0-0-0-0-0-0-0-0-0-0-0-0-0-0-0-0-
[WARN] [1790584206.406402313] [uav7.mavros.sys]: FCU: UNK(8): EVENT 11047904 with args -0-0-0-0-0-128-0-0-0-176-122-127-128-176-122-127-128-0-0-0-0-0-0-0-0-0-0-0-0-0-0-0-0-0-0-0-0-0-0-0-
[INFO] [1790584206.406522262] [uav7.mavros.sys]: FCU: EVENT 377561 with args -8-0-0-0-20-0-0-0-0-0-0-0-0-0-0-0-0-0-0-0-0-0-0-0-0-0-0-0-0-0-0-0-0-0-0-0-0-0-0-0-
[WARN] [1790584206.406576512] [uav7.mavros.sys]: FCU: EVENT 453929 with args -255-255-255-255-7-0-0-0-0-0-0-0-0-0-0-0-0-0-0-0-0-0-0-0-0-0-0-0-0-0-0-0-0-0-0-0-0-0-0-0-
[INFO] [1790584206.406614362] [uav7.mavros.sys]: FCU: EVENT 6801787 with args -255-255-255-255-12-0-0-0-0-0-0-0-0-0-0-0-0-0-0-0-0-0-0-0-0-0-0-0-0-0-0-0-0-0-0-0-0-0-0-0-
[WARN] [1790584206.406651764] [uav7.mavros.sys]: FCU: UNK(8): EVENT 1914663 with args -0-10-9-2-56-0-0-0-0-0-0-0-0-0-0-0-0-0-0-0-0-0-0-0-0-0-0-0-0-0-0-0-0-0-0-0-0-0-0-0-
[INFO] [1790584215.153295111] [rclcpp]: signal_handler(SIGINT/SIGTERM)
[WARN] [1790584215.155618432] [uav7.mavros]: UAS Executor terminated
