[INFO] [1790583900.853757068] [uav1.mavros_node]: Starting mavros_node container
[INFO] [1790583900.853878178] [uav1.mavros_node]: FCU URL: udp://:14540@127.0.0.1:14580
[INFO] [1790583900.853901437] [uav1.mavros_node]: GCS URL: 
[INFO] [1790583900.853907641] [uav1.mavros_node]: UAS Prefix: /uas1
[INFO] [1790583900.853912470] [uav1.mavros_node]: Starting mavros router node
[INFO] [1790583900.949581030] [uav1.mavros_router]: Built-in SIMD instructions: SSE, SSE2
[INFO] [1790583900.951379949] [uav1.mavros_router]: Built-in MAVLink package version: 2026.8.8
[INFO] [1790583900.951411689] [uav1.mavros_router]: Known MAVLink dialects: common ardupilotmega ASLUAV AVSSUAS all csAirLink cubepilot development icarous loweheiser marsh paparazzi standard stemstudios storm32 uAvionix ualberta
[INFO] [1790583900.951419652] [uav1.mavros_router]: MAVROS Router started
[INFO] [1790583900.951580563] [uav1.mavros_node]: Starting mavros uas node
[INFO] [1790583901.165248230] [uav1.mavros_router]: Requested to add endpoint: type: 0, url: udp://:14540@127.0.0.1:14580
[INFO] [1790583901.165308692] [uav1.mavros_router]: Endpoint link[1000] created
[INFO] [1790583901.165551678] [uav1.mavros_router]: link[1000] opened successfully
[INFO] [1790583901.165572761] [uav1.mavros_router]: Requested to add endpoint: type: 2, url: /uas1
[INFO] [1790583901.165586521] [uav1.mavros_router]: Endpoint link[1001] created
[INFO] [1790583901.167574489] [uav1.mavros_router]: link[1000] detected remote address 1.1
[INFO] [1790583901.186517594] [uav1.mavros]: Plugin actuator_control ignored
[INFO] [1790583901.186585292] [uav1.mavros]: Plugin altitude ignored
[INFO] [1790583901.187061568] [uav1.mavros]: UAS Executor started, threads: 4
[INFO] [1790583901.227261362] [uav1.mavros_router]: link[1001] opened successfully
[INFO] [1790583901.350793221] [uav1.mavros]: Plugin command created
[INFO] [1790583901.350984330] [uav1.mavros]: Plugin command initialized
[INFO] [1790583901.351113127] [uav1.mavros]: Plugin ftp ignored
[INFO] [1790583901.351163942] [uav1.mavros]: Plugin geofence ignored
[INFO] [1790583901.651112125] [uav1.mavros]: Plugin global_position created
[INFO] [1790583901.651187741] [uav1.mavros]: Plugin global_position initialized
[INFO] [1790583901.651199690] [uav1.mavros]: Plugin home_position ignored
[INFO] [1790583901.651206754] [uav1.mavros]: Plugin imu ignored
[INFO] [1790583901.973027245] [uav1.mavros]: Plugin local_position created
[INFO] [1790583901.973093063] [uav1.mavros]: Plugin local_position initialized
[INFO] [1790583901.973105427] [uav1.mavros]: Plugin manual_control ignored
[INFO] [1790583901.973112534] [uav1.mavros]: Plugin nav_controller_output ignored
[INFO] [1790583901.973119265] [uav1.mavros]: Plugin param ignored
[INFO] [1790583901.973125399] [uav1.mavros]: Plugin rallypoint ignored
[INFO] [1790583901.973131555] [uav1.mavros]: Plugin rc_io ignored
[INFO] [1790583901.973137728] [uav1.mavros]: Plugin setpoint_accel ignored
[INFO] [1790583901.973143691] [uav1.mavros]: Plugin setpoint_attitude ignored
[INFO] [1790583901.973149622] [uav1.mavros]: Plugin setpoint_position ignored
[INFO] [1790583901.973155565] [uav1.mavros]: Plugin setpoint_raw ignored
[INFO] [1790583901.973161423] [uav1.mavros]: Plugin setpoint_trajectory ignored
[INFO] [1790583902.170348027] [uav1.mavros]: Plugin setpoint_velocity created
[INFO] [1790583902.170416333] [uav1.mavros]: Plugin setpoint_velocity initialized
[INFO] [1790583902.460133708] [uav1.mavros]: Plugin sys_status created
[INFO] [1790583902.460726846] [uav1.mavros]: Plugin sys_status initialized
[INFO] [1790583902.566536759] [uav1.mavros.time]: TM: Timesync mode: MAVLINK
[INFO] [1790583902.586627079] [uav1.mavros]: Plugin sys_time created
[INFO] [1790583902.586694357] [uav1.mavros]: Plugin sys_time initialized
[INFO] [1790583902.586705746] [uav1.mavros]: Plugin waypoint ignored
[INFO] [1790583902.586711585] [uav1.mavros]: Plugin wind_estimation ignored
[INFO] [1790583902.604934068] [uav1.mavros]: Built-in SIMD instructions: SSE, SSE2
[INFO] [1790583902.604978207] [uav1.mavros]: Built-in MAVLink package version: 2026.8.8
[INFO] [1790583902.605010715] [uav1.mavros]: Known MAVLink dialects: common ardupilotmega ASLUAV AVSSUAS all csAirLink cubepilot development icarous loweheiser marsh paparazzi standard stemstudios storm32 uAvionix ualberta
[INFO] [1790583902.605018625] [uav1.mavros]: MAVROS UAS via /uas1 started. MY ID 1.191, TARGET ID 1.1
[INFO] [1790583902.694156124] [uav1.mavros_router]: link[1001] detected remote address 1.191
[INFO] [1790583903.438499244] [uav1.mavros]: CON: Got HEARTBEAT, connected. FCU: PX4 Autopilot
[INFO] [1790583904.474182757] [uav1.mavros.sys]: VER: 1.1: Capabilities         0x000000000000e8ff
[INFO] [1790583904.474251998] [uav1.mavros.sys]: VER: 1.1: Flight software:     011200c0 (fca3df865a000000)
[INFO] [1790583904.474607527] [uav1.mavros.sys]: VER: 1.1: Middleware software: 011200c0 (fca3df865a000000)
[INFO] [1790583904.474614601] [uav1.mavros.sys]: VER: 1.1: OS software:         070000ff (17040b9f87cb1791)
[INFO] [1790583904.474620333] [uav1.mavros.sys]: VER: 1.1: Board hardware:      00000001
[INFO] [1790583904.474626443] [uav1.mavros.sys]: VER: 1.1: VID/PID:             0000:0000
[INFO] [1790583904.474632060] [uav1.mavros.sys]: VER: 1.1: UID:                 4954414c44494e4f
[WARN] [1790583904.474743621] [uav1.mavros.cmd]: CMD: Unexpected command 512, result 0
[WARN] [1790583915.036179341] [uav1.mavros.sys]: FCU: UNK(8): EVENT 11047904 with args -0-0-0-0-0-128-0-0-0-176-122-127-128-176-122-127-128-0-0-0-0-0-0-0-0-0-0-0-0-0-0-0-0-0-0-0-0-0-0-0-
[INFO] [1790583915.043990659] [uav1.mavros.sys]: FCU: EVENT 377561 with args -8-0-0-0-20-0-0-0-0-0-0-0-0-0-0-0-0-0-0-0-0-0-0-0-0-0-0-0-0-0-0-0-0-0-0-0-0-0-0-0-
[WARN] [1790583915.044063225] [uav1.mavros.sys]: FCU: EVENT 453929 with args -255-255-255-255-7-0-0-0-0-0-0-0-0-0-0-0-0-0-0-0-0-0-0-0-0-0-0-0-0-0-0-0-0-0-0-0-0-0-0-0-
[INFO] [1790583915.044111394] [uav1.mavros.sys]: FCU: EVENT 6801787 with args -255-255-255-255-12-0-0-0-0-0-0-0-0-0-0-0-0-0-0-0-0-0-0-0-0-0-0-0-0-0-0-0-0-0-0-0-0-0-0-0-
[WARN] [1790583915.044446001] [uav1.mavros.sys]: FCU: UNK(8): EVENT 1914663 with args -0-10-13-2-56-0-0-0-0-0-0-0-0-0-0-0-0-0-0-0-0-0-0-0-0-0-0-0-0-0-0-0-0-0-0-0-0-0-0-0-
[WARN] [1790583918.808894087] [uav1.mavros.cmd]: CMD: Unexpected command 176, result 0
[INFO] [1790583919.015546474] [uav1.mavros.sys]: FCU: EVENT 9489139 with args -4-0-0-0-0-0-0-0-0-0-0-0-0-0-0-0-0-0-0-0-0-0-0-0-0-0-0-0-0-0-0-0-0-0-0-0-0-0-0-0-
[INFO] [1790583921.081711247] [uav1.mavros.sys]: FCU: EVENT 4277609 with args -0-0-0-0-0-0-0-0-0-0-0-0-0-0-0-0-0-0-0-0-0-0-0-0-0-0-0-0-0-0-0-0-0-0-0-0-0-0-0-0-
[WARN] [1790584170.979206258] [uav1.mavros.cmd]: CMD: Unexpected command 176, result 0
[INFO] [1790584209.759299996] [uav1.mavros.sys]: FCU: EVENT 9844908 with args -0-0-0-0-0-0-0-0-0-0-0-0-0-0-0-0-0-0-0-0-0-0-0-0-0-0-0-0-0-0-0-0-0-0-0-0-0-0-0-0-
[INFO] [1790584211.847925813] [uav1.mavros.sys]: FCU: EVENT 16017271 with args -6-0-0-0-0-0-0-0-0-0-0-0-0-0-0-0-0-0-0-0-0-0-0-0-0-0-0-0-0-0-0-0-0-0-0-0-0-0-0-0-
[INFO] [1790584215.136676438] [rclcpp]: signal_handler(SIGINT/SIGTERM)
[WARN] [1790584215.138008927] [uav1.mavros]: UAS Executor terminated
