[INFO] [1790658106.646841273] [uav7.mavros_node]: Starting mavros_node container
[INFO] [1790658106.647052462] [uav7.mavros_node]: FCU URL: udp://:14546@127.0.0.1:14586
[INFO] [1790658106.647066163] [uav7.mavros_node]: GCS URL: 
[INFO] [1790658106.647071453] [uav7.mavros_node]: UAS Prefix: /uas7
[INFO] [1790658106.647076149] [uav7.mavros_node]: Starting mavros router node
[INFO] [1790658106.770989612] [uav7.mavros_router]: Built-in SIMD instructions: SSE, SSE2
[INFO] [1790658106.771035221] [uav7.mavros_router]: Built-in MAVLink package version: 2026.8.8
[INFO] [1790658106.771044811] [uav7.mavros_router]: Known MAVLink dialects: common ardupilotmega ASLUAV AVSSUAS all csAirLink cubepilot development icarous loweheiser marsh paparazzi standard stemstudios storm32 uAvionix ualberta
[INFO] [1790658106.771050938] [uav7.mavros_router]: MAVROS Router started
[INFO] [1790658106.771201293] [uav7.mavros_node]: Starting mavros uas node
[INFO] [1790658106.808266052] [uav7.mavros_router]: Requested to add endpoint: type: 0, url: udp://:14546@127.0.0.1:14586
[INFO] [1790658106.808322949] [uav7.mavros_router]: Endpoint link[1000] created
[INFO] [1790658106.809564642] [uav7.mavros_router]: link[1000] opened successfully
[INFO] [1790658106.809614323] [uav7.mavros_router]: Requested to add endpoint: type: 2, url: /uas7
[INFO] [1790658106.809634221] [uav7.mavros_router]: Endpoint link[1001] created
[INFO] [1790658106.815769138] [uav7.mavros_router]: link[1000] detected remote address 7.1
[INFO] [1790658106.818489563] [uav7.mavros]: Plugin actuator_control ignored
[INFO] [1790658106.818495504] [uav7.mavros]: UAS Executor started, threads: 4
[INFO] [1790658106.818556814] [uav7.mavros]: Plugin altitude ignored
[INFO] [1790658106.835713996] [uav7.mavros_router]: link[1001] opened successfully
[INFO] [1790658106.918714806] [uav7.mavros]: Plugin command created
[INFO] [1790658106.918771029] [uav7.mavros]: Plugin command initialized
[INFO] [1790658106.918781730] [uav7.mavros]: Plugin ftp ignored
[INFO] [1790658106.918787380] [uav7.mavros]: Plugin geofence ignored
[INFO] [1790658107.161140456] [uav7.mavros]: Plugin global_position created
[INFO] [1790658107.161195764] [uav7.mavros]: Plugin global_position initialized
[INFO] [1790658107.161205056] [uav7.mavros]: Plugin home_position ignored
[INFO] [1790658107.161210515] [uav7.mavros]: Plugin imu ignored
[INFO] [1790658107.449931690] [uav7.mavros]: Plugin local_position created
[INFO] [1790658107.449985609] [uav7.mavros]: Plugin local_position initialized
[INFO] [1790658107.449994936] [uav7.mavros]: Plugin manual_control ignored
[INFO] [1790658107.450000710] [uav7.mavros]: Plugin nav_controller_output ignored
[INFO] [1790658107.450005660] [uav7.mavros]: Plugin param ignored
[INFO] [1790658107.450010539] [uav7.mavros]: Plugin rallypoint ignored
[INFO] [1790658107.450015798] [uav7.mavros]: Plugin rc_io ignored
[INFO] [1790658107.450020931] [uav7.mavros]: Plugin setpoint_accel ignored
[INFO] [1790658107.450025754] [uav7.mavros]: Plugin setpoint_attitude ignored
[INFO] [1790658107.450031070] [uav7.mavros]: Plugin setpoint_position ignored
[INFO] [1790658107.450036159] [uav7.mavros]: Plugin setpoint_raw ignored
[INFO] [1790658107.450042059] [uav7.mavros]: Plugin setpoint_trajectory ignored
[INFO] [1790658107.614102614] [uav7.mavros]: Plugin setpoint_velocity created
[INFO] [1790658107.614147820] [uav7.mavros]: Plugin setpoint_velocity initialized
[INFO] [1790658108.354603846] [uav7.mavros]: Plugin sys_status created
[INFO] [1790658108.354674560] [uav7.mavros]: Plugin sys_status initialized
[INFO] [1790658108.501619540] [uav7.mavros.time]: TM: Timesync mode: MAVLINK
[INFO] [1790658108.507446043] [uav7.mavros]: Plugin sys_time created
[INFO] [1790658108.507502894] [uav7.mavros]: Plugin sys_time initialized
[INFO] [1790658108.507512679] [uav7.mavros]: Plugin waypoint ignored
[INFO] [1790658108.507517307] [uav7.mavros]: Plugin wind_estimation ignored
[INFO] [1790658108.628563073] [uav7.mavros]: Built-in SIMD instructions: SSE, SSE2
[INFO] [1790658108.628599985] [uav7.mavros]: Built-in MAVLink package version: 2026.8.8
[INFO] [1790658108.628628077] [uav7.mavros]: Known MAVLink dialects: common ardupilotmega ASLUAV AVSSUAS all csAirLink cubepilot development icarous loweheiser marsh paparazzi standard stemstudios storm32 uAvionix ualberta
[INFO] [1790658108.628635587] [uav7.mavros]: MAVROS UAS via /uas7 started. MY ID 7.191, TARGET ID 7.1
[INFO] [1790658108.731648743] [uav7.mavros_router]: link[1001] detected remote address 7.191
[WARN] [1790658109.235756109] [uav7.mavros.sys]: FCU: UNK(8): EVENT 11047904 with args -0-0-0-16-0-128-0-0-0-176-58-127-128-176-58-127-128-0-0-0-0-0-0-0-0-0-0-0-0-0-0-0-0-0-0-0-0-0-0-0-
[ERROR] [1790658109.235859886] [uav7.mavros.sys]: FCU: EVENT 11464574 with args -0-64-0-0-20-0-0-0-0-0-0-0-0-0-0-0-0-0-0-0-0-0-0-0-0-0-0-0-0-0-0-0-0-0-0-0-0-0-0-0-
[INFO] [1790658109.235911750] [uav7.mavros.sys]: FCU: EVENT 377561 with args -8-0-0-0-20-0-0-0-0-0-0-0-0-0-0-0-0-0-0-0-0-0-0-0-0-0-0-0-0-0-0-0-0-0-0-0-0-0-0-0-
[WARN] [1790658109.235945392] [uav7.mavros.sys]: FCU: EVENT 453929 with args -255-255-255-255-7-0-0-0-0-0-0-0-0-0-0-0-0-0-0-0-0-0-0-0-0-0-0-0-0-0-0-0-0-0-0-0-0-0-0-0-
[INFO] [1790658109.235979523] [uav7.mavros.sys]: FCU: EVENT 6801787 with args -255-255-255-255-12-0-0-0-0-0-0-0-0-0-0-0-0-0-0-0-0-0-0-0-0-0-0-0-0-0-0-0-0-0-0-0-0-0-0-0-
[WARN] [1790658109.236013258] [uav7.mavros.sys]: FCU: UNK(8): EVENT 1914663 with args -0-10-13-2-56-0-0-0-0-0-0-0-0-0-0-0-0-0-0-0-0-0-0-0-0-0-0-0-0-0-0-0-0-0-0-0-0-0-0-0-
[INFO] [1790658109.273398807] [uav7.mavros]: CON: Got HEARTBEAT, connected. FCU: PX4 Autopilot
[INFO] [1790658110.327591694] [uav7.mavros.sys]: VER: 7.1: Capabilities         0x000000000000e8ff
[INFO] [1790658110.327640498] [uav7.mavros.sys]: VER: 7.1: Flight software:     011200c0 (fca3df865a000000)
[INFO] [1790658110.327647513] [uav7.mavros.sys]: VER: 7.1: Middleware software: 011200c0 (fca3df865a000000)
[INFO] [1790658110.327652586] [uav7.mavros.sys]: VER: 7.1: OS software:         070000ff (17040b9f87cb1791)
[INFO] [1790658110.327658054] [uav7.mavros.sys]: VER: 7.1: Board hardware:      00000001
[INFO] [1790658110.327662822] [uav7.mavros.sys]: VER: 7.1: VID/PID:             0000:0000
[INFO] [1790658110.327667934] [uav7.mavros.sys]: VER: 7.1: UID:                 4954414c44494e55
[WARN] [1790658110.327702462] [uav7.mavros.cmd]: CMD: Unexpected command 512, result 0
[WARN] [1790658120.781817935] [uav7.mavros.sys]: FCU: UNK(8): EVENT 11047904 with args -0-0-0-0-0-128-0-0-0-176-122-127-128-176-122-127-128-0-0-0-0-0-0-0-0-0-0-0-0-0-0-0-0-0-0-0-0-0-0-0-
[INFO] [1790658120.792610655] [uav7.mavros.sys]: FCU: EVENT 377561 with args -8-0-0-0-20-0-0-0-0-0-0-0-0-0-0-0-0-0-0-0-0-0-0-0-0-0-0-0-0-0-0-0-0-0-0-0-0-0-0-0-
[WARN] [1790658120.796809615] [uav7.mavros.sys]: FCU: EVENT 453929 with args -255-255-255-255-7-0-0-0-0-0-0-0-0-0-0-0-0-0-0-0-0-0-0-0-0-0-0-0-0-0-0-0-0-0-0-0-0-0-0-0-
[INFO] [1790658120.796870506] [uav7.mavros.sys]: FCU: EVENT 6801787 with args -255-255-255-255-12-0-0-0-0-0-0-0-0-0-0-0-0-0-0-0-0-0-0-0-0-0-0-0-0-0-0-0-0-0-0-0-0-0-0-0-
[WARN] [1790658120.796908412] [uav7.mavros.sys]: FCU: UNK(8): EVENT 1914663 with args -0-10-13-2-56-0-0-0-0-0-0-0-0-0-0-0-0-0-0-0-0-0-0-0-0-0-0-0-0-0-0-0-0-0-0-0-0-0-0-0-
[WARN] [1790658124.925151343] [uav7.mavros.cmd]: CMD: Unexpected command 176, result 0
[INFO] [1790658126.064710276] [uav7.mavros.sys]: FCU: EVENT 9489139 with args -4-0-0-0-0-0-0-0-0-0-0-0-0-0-0-0-0-0-0-0-0-0-0-0-0-0-0-0-0-0-0-0-0-0-0-0-0-0-0-0-
[INFO] [1790658127.974222646] [uav7.mavros.sys]: FCU: EVENT 4277609 with args -0-0-0-0-0-0-0-0-0-0-0-0-0-0-0-0-0-0-0-0-0-0-0-0-0-0-0-0-0-0-0-0-0-0-0-0-0-0-0-0-
[WARN] [1790658397.519231285] [uav7.mavros.cmd]: CMD: Unexpected command 176, result 0
[INFO] [1790658432.818701077] [uav7.mavros.sys]: FCU: EVENT 9844908 with args -0-0-0-0-0-0-0-0-0-0-0-0-0-0-0-0-0-0-0-0-0-0-0-0-0-0-0-0-0-0-0-0-0-0-0-0-0-0-0-0-
[INFO] [1790658435.023685826] [uav7.mavros.sys]: FCU: EVENT 16017271 with args -6-0-0-0-0-0-0-0-0-0-0-0-0-0-0-0-0-0-0-0-0-0-0-0-0-0-0-0-0-0-0-0-0-0-0-0-0-0-0-0-
[WARN] [1790658439.176173332] [uav7.mavros.sys]: FCU: UNK(8): EVENT 11047904 with args -0-0-0-0-0-128-0-0-0-176-122-127-128-176-122-127-128-0-0-0-0-0-0-0-0-0-0-0-0-0-0-0-0-0-0-0-0-0-0-0-
[INFO] [1790658439.177085398] [uav7.mavros.sys]: FCU: EVENT 377561 with args -8-0-0-0-20-0-0-0-0-0-0-0-0-0-0-0-0-0-0-0-0-0-0-0-0-0-0-0-0-0-0-0-0-0-0-0-0-0-0-0-
[WARN] [1790658439.177134723] [uav7.mavros.sys]: FCU: EVENT 453929 with args -255-255-255-255-7-0-0-0-0-0-0-0-0-0-0-0-0-0-0-0-0-0-0-0-0-0-0-0-0-0-0-0-0-0-0-0-0-0-0-0-
[INFO] [1790658439.177429749] [uav7.mavros.sys]: FCU: EVENT 6801787 with args -255-255-255-255-12-0-0-0-0-0-0-0-0-0-0-0-0-0-0-0-0-0-0-0-0-0-0-0-0-0-0-0-0-0-0-0-0-0-0-0-
[WARN] [1790658439.177457564] [uav7.mavros.sys]: FCU: UNK(8): EVENT 1914663 with args -0-10-9-2-56-0-0-0-0-0-0-0-0-0-0-0-0-0-0-0-0-0-0-0-0-0-0-0-0-0-0-0-0-0-0-0-0-0-0-0-
[INFO] [1790658442.452430461] [rclcpp]: signal_handler(SIGINT/SIGTERM)
[WARN] [1790658442.456047020] [uav7.mavros]: UAS Executor terminated
