[INFO] [1790658106.512678920] [uav4.mavros_node]: Starting mavros_node container
[INFO] [1790658106.515381901] [uav4.mavros_node]: FCU URL: udp://:14543@127.0.0.1:14583
[INFO] [1790658106.515415407] [uav4.mavros_node]: GCS URL: 
[INFO] [1790658106.515420564] [uav4.mavros_node]: UAS Prefix: /uas4
[INFO] [1790658106.515425811] [uav4.mavros_node]: Starting mavros router node
[INFO] [1790658106.678427228] [uav4.mavros_router]: Built-in SIMD instructions: SSE, SSE2
[INFO] [1790658106.683833865] [uav4.mavros_router]: Built-in MAVLink package version: 2026.8.8
[INFO] [1790658106.683852303] [uav4.mavros_router]: Known MAVLink dialects: common ardupilotmega ASLUAV AVSSUAS all csAirLink cubepilot development icarous loweheiser marsh paparazzi standard stemstudios storm32 uAvionix ualberta
[INFO] [1790658106.683859109] [uav4.mavros_router]: MAVROS Router started
[INFO] [1790658106.684032549] [uav4.mavros_node]: Starting mavros uas node
[INFO] [1790658106.933714390] [uav4.mavros_router]: Requested to add endpoint: type: 0, url: udp://:14543@127.0.0.1:14583
[INFO] [1790658106.933776492] [uav4.mavros_router]: Endpoint link[1000] created
[INFO] [1790658106.934005982] [uav4.mavros_router]: link[1000] opened successfully
[INFO] [1790658106.934027253] [uav4.mavros_router]: Requested to add endpoint: type: 2, url: /uas4
[INFO] [1790658106.934041130] [uav4.mavros_router]: Endpoint link[1001] created
[INFO] [1790658106.939450463] [uav4.mavros_router]: link[1000] detected remote address 4.1
[INFO] [1790658106.947827908] [uav4.mavros]: Plugin actuator_control ignored
[INFO] [1790658106.947888134] [uav4.mavros]: Plugin altitude ignored
[INFO] [1790658106.947897249] [uav4.mavros]: UAS Executor started, threads: 4
[INFO] [1790658106.971250582] [uav4.mavros_router]: link[1001] opened successfully
[INFO] [1790658107.147421028] [uav4.mavros]: Plugin command created
[INFO] [1790658107.147490465] [uav4.mavros]: Plugin command initialized
[INFO] [1790658107.147500666] [uav4.mavros]: Plugin ftp ignored
[INFO] [1790658107.147506828] [uav4.mavros]: Plugin geofence ignored
[INFO] [1790658107.527503586] [uav4.mavros]: Plugin global_position created
[INFO] [1790658107.527578416] [uav4.mavros]: Plugin global_position initialized
[INFO] [1790658107.527587781] [uav4.mavros]: Plugin home_position ignored
[INFO] [1790658107.527593650] [uav4.mavros]: Plugin imu ignored
[INFO] [1790658107.657728700] [uav4.mavros]: Plugin local_position created
[INFO] [1790658107.658247231] [uav4.mavros]: Plugin local_position initialized
[INFO] [1790658107.658275495] [uav4.mavros]: Plugin manual_control ignored
[INFO] [1790658107.658281578] [uav4.mavros]: Plugin nav_controller_output ignored
[INFO] [1790658107.658287143] [uav4.mavros]: Plugin param ignored
[INFO] [1790658107.658297319] [uav4.mavros]: Plugin rallypoint ignored
[INFO] [1790658107.658306396] [uav4.mavros]: Plugin rc_io ignored
[INFO] [1790658107.658312224] [uav4.mavros]: Plugin setpoint_accel ignored
[INFO] [1790658107.658317588] [uav4.mavros]: Plugin setpoint_attitude ignored
[INFO] [1790658107.658322437] [uav4.mavros]: Plugin setpoint_position ignored
[INFO] [1790658107.658327265] [uav4.mavros]: Plugin setpoint_raw ignored
[INFO] [1790658107.658332460] [uav4.mavros]: Plugin setpoint_trajectory ignored
[INFO] [1790658107.889397763] [uav4.mavros]: Plugin setpoint_velocity created
[INFO] [1790658107.889711930] [uav4.mavros]: Plugin setpoint_velocity initialized
[INFO] [1790658108.885466393] [uav4.mavros]: Plugin sys_status created
[INFO] [1790658108.885537095] [uav4.mavros]: Plugin sys_status initialized
[INFO] [1790658109.361674148] [uav4.mavros.time]: TM: Timesync mode: MAVLINK
[INFO] [1790658109.395231090] [uav4.mavros]: Plugin sys_time created
[INFO] [1790658109.395288641] [uav4.mavros]: Plugin sys_time initialized
[INFO] [1790658109.395304411] [uav4.mavros]: Plugin waypoint ignored
[INFO] [1790658109.395310822] [uav4.mavros]: Plugin wind_estimation ignored
[INFO] [1790658109.420273335] [uav4.mavros]: Built-in SIMD instructions: SSE, SSE2
[INFO] [1790658109.420323971] [uav4.mavros]: Built-in MAVLink package version: 2026.8.8
[INFO] [1790658109.420356581] [uav4.mavros]: Known MAVLink dialects: common ardupilotmega ASLUAV AVSSUAS all csAirLink cubepilot development icarous loweheiser marsh paparazzi standard stemstudios storm32 uAvionix ualberta
[INFO] [1790658109.420364298] [uav4.mavros]: MAVROS UAS via /uas4 started. MY ID 4.191, TARGET ID 4.1
[INFO] [1790658109.505313239] [uav4.mavros_router]: link[1001] detected remote address 4.191
[INFO] [1790658109.941584085] [uav4.mavros.sys]: VER: 4.1: Capabilities         0x000000000000e8ff
[INFO] [1790658109.941640159] [uav4.mavros.sys]: VER: 4.1: Flight software:     011200c0 (fca3df865a000000)
[INFO] [1790658109.941647516] [uav4.mavros.sys]: VER: 4.1: Middleware software: 011200c0 (fca3df865a000000)
[INFO] [1790658109.941652224] [uav4.mavros.sys]: VER: 4.1: OS software:         070000ff (17040b9f87cb1791)
[INFO] [1790658109.941657088] [uav4.mavros.sys]: VER: 4.1: Board hardware:      00000001
[INFO] [1790658109.941661615] [uav4.mavros.sys]: VER: 4.1: VID/PID:             0000:0000
[INFO] [1790658109.941666843] [uav4.mavros.sys]: VER: 4.1: UID:                 4954414c44494e52
[WARN] [1790658109.945730830] [uav4.mavros.cmd]: CMD: Unexpected command 512, result 0
[INFO] [1790658110.147504000] [uav4.mavros]: CON: Got HEARTBEAT, connected. FCU: PX4 Autopilot
[INFO] [1790658111.210859117] [uav4.mavros.sys]: VER: 4.1: Capabilities         0x000000000000e8ff
[INFO] [1790658111.210908472] [uav4.mavros.sys]: VER: 4.1: Flight software:     011200c0 (fca3df865a000000)
[INFO] [1790658111.210915875] [uav4.mavros.sys]: VER: 4.1: Middleware software: 011200c0 (fca3df865a000000)
[INFO] [1790658111.210921157] [uav4.mavros.sys]: VER: 4.1: OS software:         070000ff (17040b9f87cb1791)
[INFO] [1790658111.210926213] [uav4.mavros.sys]: VER: 4.1: Board hardware:      00000001
[INFO] [1790658111.210931203] [uav4.mavros.sys]: VER: 4.1: VID/PID:             0000:0000
[INFO] [1790658111.210936024] [uav4.mavros.sys]: VER: 4.1: UID:                 4954414c44494e52
[WARN] [1790658120.981545882] [uav4.mavros.sys]: FCU: UNK(8): EVENT 11047904 with args -0-0-0-0-0-128-0-0-0-176-122-127-128-176-122-127-128-0-0-0-0-0-0-0-0-0-0-0-0-0-0-0-0-0-0-0-0-0-0-0-
[INFO] [1790658121.003742345] [uav4.mavros.sys]: FCU: EVENT 377561 with args -8-0-0-0-20-0-0-0-0-0-0-0-0-0-0-0-0-0-0-0-0-0-0-0-0-0-0-0-0-0-0-0-0-0-0-0-0-0-0-0-
[WARN] [1790658121.003887019] [uav4.mavros.sys]: FCU: EVENT 453929 with args -255-255-255-255-7-0-0-0-0-0-0-0-0-0-0-0-0-0-0-0-0-0-0-0-0-0-0-0-0-0-0-0-0-0-0-0-0-0-0-0-
[INFO] [1790658121.003931278] [uav4.mavros.sys]: FCU: EVENT 6801787 with args -255-255-255-255-12-0-0-0-0-0-0-0-0-0-0-0-0-0-0-0-0-0-0-0-0-0-0-0-0-0-0-0-0-0-0-0-0-0-0-0-
[WARN] [1790658121.003967543] [uav4.mavros.sys]: FCU: UNK(8): EVENT 1914663 with args -0-10-13-2-56-0-0-0-0-0-0-0-0-0-0-0-0-0-0-0-0-0-0-0-0-0-0-0-0-0-0-0-0-0-0-0-0-0-0-0-
[WARN] [1790658124.966062993] [uav4.mavros.cmd]: CMD: Unexpected command 176, result 0
[INFO] [1790658126.033077308] [uav4.mavros.sys]: FCU: EVENT 9489139 with args -4-0-0-0-0-0-0-0-0-0-0-0-0-0-0-0-0-0-0-0-0-0-0-0-0-0-0-0-0-0-0-0-0-0-0-0-0-0-0-0-
[INFO] [1790658128.157242573] [uav4.mavros.sys]: FCU: EVENT 4277609 with args -0-0-0-0-0-0-0-0-0-0-0-0-0-0-0-0-0-0-0-0-0-0-0-0-0-0-0-0-0-0-0-0-0-0-0-0-0-0-0-0-
[WARN] [1790658397.497082382] [uav4.mavros.cmd]: CMD: Unexpected command 176, result 0
[INFO] [1790658433.570488593] [uav4.mavros.sys]: FCU: EVENT 9844908 with args -0-0-0-0-0-0-0-0-0-0-0-0-0-0-0-0-0-0-0-0-0-0-0-0-0-0-0-0-0-0-0-0-0-0-0-0-0-0-0-0-
[INFO] [1790658435.735216640] [uav4.mavros.sys]: FCU: EVENT 16017271 with args -6-0-0-0-0-0-0-0-0-0-0-0-0-0-0-0-0-0-0-0-0-0-0-0-0-0-0-0-0-0-0-0-0-0-0-0-0-0-0-0-
[WARN] [1790658439.894408509] [uav4.mavros.sys]: FCU: UNK(8): EVENT 11047904 with args -0-0-0-0-0-128-0-0-0-176-122-127-128-176-122-127-128-0-0-0-0-0-0-0-0-0-0-0-0-0-0-0-0-0-0-0-0-0-0-0-
[INFO] [1790658439.894481474] [uav4.mavros.sys]: FCU: EVENT 377561 with args -8-0-0-0-20-0-0-0-0-0-0-0-0-0-0-0-0-0-0-0-0-0-0-0-0-0-0-0-0-0-0-0-0-0-0-0-0-0-0-0-
[WARN] [1790658439.894528249] [uav4.mavros.sys]: FCU: EVENT 453929 with args -255-255-255-255-7-0-0-0-0-0-0-0-0-0-0-0-0-0-0-0-0-0-0-0-0-0-0-0-0-0-0-0-0-0-0-0-0-0-0-0-
[INFO] [1790658439.894602961] [uav4.mavros.sys]: FCU: EVENT 6801787 with args -255-255-255-255-12-0-0-0-0-0-0-0-0-0-0-0-0-0-0-0-0-0-0-0-0-0-0-0-0-0-0-0-0-0-0-0-0-0-0-0-
[WARN] [1790658439.894626913] [uav4.mavros.sys]: FCU: UNK(8): EVENT 1914663 with args -0-10-9-2-56-0-0-0-0-0-0-0-0-0-0-0-0-0-0-0-0-0-0-0-0-0-0-0-0-0-0-0-0-0-0-0-0-0-0-0-
[INFO] [1790658442.453517018] [rclcpp]: signal_handler(SIGINT/SIGTERM)
[WARN] [1790658442.456040547] [uav4.mavros]: UAS Executor terminated
