[INFO] [1790658106.547271756] [uav1.mavros_node]: Starting mavros_node container
[INFO] [1790658106.549986671] [uav1.mavros_node]: FCU URL: udp://:15540@127.0.0.1:15580
[INFO] [1790658106.550025618] [uav1.mavros_node]: GCS URL: 
[INFO] [1790658106.550030654] [uav1.mavros_node]: UAS Prefix: /uas1
[INFO] [1790658106.550035153] [uav1.mavros_node]: Starting mavros router node
[INFO] [1790658106.600352734] [uav1.mavros_router]: Built-in SIMD instructions: SSE, SSE2
[INFO] [1790658106.600387384] [uav1.mavros_router]: Built-in MAVLink package version: 2026.8.8
[INFO] [1790658106.600397123] [uav1.mavros_router]: Known MAVLink dialects: common ardupilotmega ASLUAV AVSSUAS all csAirLink cubepilot development icarous loweheiser marsh paparazzi standard stemstudios storm32 uAvionix ualberta
[INFO] [1790658106.600403785] [uav1.mavros_router]: MAVROS Router started
[INFO] [1790658106.600554166] [uav1.mavros_node]: Starting mavros uas node
[INFO] [1790658106.688078413] [uav1.mavros_router]: Requested to add endpoint: type: 0, url: udp://:15540@127.0.0.1:15580
[INFO] [1790658106.688129657] [uav1.mavros_router]: Endpoint link[1000] created
[INFO] [1790658106.688367447] [uav1.mavros_router]: link[1000] opened successfully
[INFO] [1790658106.688389939] [uav1.mavros_router]: Requested to add endpoint: type: 2, url: /uas1
[INFO] [1790658106.688403273] [uav1.mavros_router]: Endpoint link[1001] created
[INFO] [1790658106.702474184] [uav1.mavros_router]: link[1001] opened successfully
[INFO] [1790658106.703598089] [uav1.mavros]: Plugin actuator_control ignored
[INFO] [1790658106.703634611] [uav1.mavros]: Plugin altitude ignored
[INFO] [1790658106.703650340] [uav1.mavros]: UAS Executor started, threads: 4
[INFO] [1790658106.853659852] [uav1.mavros_router]: link[1000] detected remote address 1.1
[INFO] [1790658107.023509003] [uav1.mavros]: Plugin command created
[INFO] [1790658107.023582133] [uav1.mavros]: Plugin command initialized
[INFO] [1790658107.023592942] [uav1.mavros]: Plugin ftp ignored
[INFO] [1790658107.023598749] [uav1.mavros]: Plugin geofence ignored
[INFO] [1790658107.066273941] [uav1.mavros]: Plugin global_position created
[INFO] [1790658107.090049119] [uav1.mavros]: Plugin global_position initialized
[INFO] [1790658107.090067252] [uav1.mavros]: Plugin home_position ignored
[INFO] [1790658107.090073324] [uav1.mavros]: Plugin imu ignored
[INFO] [1790658107.151172547] [uav1.mavros]: Plugin local_position created
[INFO] [1790658107.151251450] [uav1.mavros]: Plugin local_position initialized
[INFO] [1790658107.151260451] [uav1.mavros]: Plugin manual_control ignored
[INFO] [1790658107.151266102] [uav1.mavros]: Plugin nav_controller_output ignored
[INFO] [1790658107.151271575] [uav1.mavros]: Plugin param ignored
[INFO] [1790658107.151276883] [uav1.mavros]: Plugin rallypoint ignored
[INFO] [1790658107.151282240] [uav1.mavros]: Plugin rc_io ignored
[INFO] [1790658107.151288105] [uav1.mavros]: Plugin setpoint_accel ignored
[INFO] [1790658107.151302125] [uav1.mavros]: Plugin setpoint_attitude ignored
[INFO] [1790658107.151307376] [uav1.mavros]: Plugin setpoint_position ignored
[INFO] [1790658107.151312271] [uav1.mavros]: Plugin setpoint_raw ignored
[INFO] [1790658107.151317091] [uav1.mavros]: Plugin setpoint_trajectory ignored
[INFO] [1790658107.200404452] [uav1.mavros]: Plugin setpoint_velocity created
[INFO] [1790658107.200457613] [uav1.mavros]: Plugin setpoint_velocity initialized
[INFO] [1790658107.374110821] [uav1.mavros]: Plugin sys_status created
[INFO] [1790658107.374180904] [uav1.mavros]: Plugin sys_status initialized
[INFO] [1790658107.477907959] [uav1.mavros.time]: TM: Timesync mode: MAVLINK
[INFO] [1790658107.483616731] [uav1.mavros]: Plugin sys_time created
[INFO] [1790658107.483671737] [uav1.mavros]: Plugin sys_time initialized
[INFO] [1790658107.483681054] [uav1.mavros]: Plugin waypoint ignored
[INFO] [1790658107.483686471] [uav1.mavros]: Plugin wind_estimation ignored
[INFO] [1790658107.489062293] [uav1.mavros]: Built-in SIMD instructions: SSE, SSE2
[INFO] [1790658107.489095403] [uav1.mavros]: Built-in MAVLink package version: 2026.8.8
[INFO] [1790658107.489122812] [uav1.mavros]: Known MAVLink dialects: common ardupilotmega ASLUAV AVSSUAS all csAirLink cubepilot development icarous loweheiser marsh paparazzi standard stemstudios storm32 uAvionix ualberta
[INFO] [1790658107.489129902] [uav1.mavros]: MAVROS UAS via /uas1 started. MY ID 1.191, TARGET ID 1.1
[INFO] [1790658108.237269124] [uav1.mavros_router]: link[1001] detected remote address 1.191
[INFO] [1790658108.706985439] [uav1.mavros]: CON: Got HEARTBEAT, connected. FCU: PX4 Autopilot
[INFO] [1790658108.799862503] [uav1.mavros.sys]: VER: 1.1: Capabilities         0x000000000000e8ff
[INFO] [1790658108.799920800] [uav1.mavros.sys]: VER: 1.1: Flight software:     011200c0 (fca3df865a000000)
[INFO] [1790658108.799928482] [uav1.mavros.sys]: VER: 1.1: Middleware software: 011200c0 (fca3df865a000000)
[INFO] [1790658108.799933259] [uav1.mavros.sys]: VER: 1.1: OS software:         070000ff (17040b9f87cb1791)
[INFO] [1790658108.799938028] [uav1.mavros.sys]: VER: 1.1: Board hardware:      00000001
[INFO] [1790658108.799942263] [uav1.mavros.sys]: VER: 1.1: VID/PID:             0000:0000
[INFO] [1790658108.799947083] [uav1.mavros.sys]: VER: 1.1: UID:                 4954414c44494e4f
[WARN] [1790658108.812104464] [uav1.mavros.cmd]: CMD: Unexpected command 512, result 0
[WARN] [1790658121.057710322] [uav1.mavros.sys]: FCU: UNK(8): EVENT 1914663 with args -0-10-13-2-56-0-0-0-0-0-0-0-0-0-0-0-0-0-0-0-0-0-0-0-0-0-0-0-0-0-0-0-0-0-0-0-0-0-0-0-
[WARN] [1790658125.090474107] [uav1.mavros.cmd]: CMD: Unexpected command 176, result 0
[INFO] [1790658125.687561240] [uav1.mavros.sys]: FCU: EVENT 9489139 with args -4-0-0-0-0-0-0-0-0-0-0-0-0-0-0-0-0-0-0-0-0-0-0-0-0-0-0-0-0-0-0-0-0-0-0-0-0-0-0-0-
[INFO] [1790658127.840396682] [uav1.mavros.sys]: FCU: EVENT 4277609 with args -0-0-0-0-0-0-0-0-0-0-0-0-0-0-0-0-0-0-0-0-0-0-0-0-0-0-0-0-0-0-0-0-0-0-0-0-0-0-0-0-
[WARN] [1790658397.608429680] [uav1.mavros.cmd]: CMD: Unexpected command 176, result 0
[INFO] [1790658437.020895391] [uav1.mavros.sys]: FCU: EVENT 9844908 with args -0-0-0-0-0-0-0-0-0-0-0-0-0-0-0-0-0-0-0-0-0-0-0-0-0-0-0-0-0-0-0-0-0-0-0-0-0-0-0-0-
[INFO] [1790658439.180771773] [uav1.mavros.sys]: FCU: EVENT 16017271 with args -6-0-0-0-0-0-0-0-0-0-0-0-0-0-0-0-0-0-0-0-0-0-0-0-0-0-0-0-0-0-0-0-0-0-0-0-0-0-0-0-
[INFO] [1790658442.449677928] [rclcpp]: signal_handler(SIGINT/SIGTERM)
[WARN] [1790658442.454383259] [uav1.mavros]: UAS Executor terminated
