[INFO] [1790498152.944327099] [uav8.mavros_node]: Starting mavros_node container
[INFO] [1790498152.947493889] [uav8.mavros_node]: FCU URL: udp://:14547@127.0.0.1:14587
[INFO] [1790498152.947597493] [uav8.mavros_node]: GCS URL: 
[INFO] [1790498152.947618169] [uav8.mavros_node]: UAS Prefix: /uas8
[INFO] [1790498152.949198015] [uav8.mavros_node]: Starting mavros router node
[INFO] [1790498153.711312018] [uav8.mavros_router]: Built-in SIMD instructions: SSE, SSE2
[INFO] [1790498153.711381045] [uav8.mavros_router]: Built-in MAVLink package version: 2026.8.8
[INFO] [1790498153.711404469] [uav8.mavros_router]: Known MAVLink dialects: common ardupilotmega ASLUAV AVSSUAS all csAirLink cubepilot development icarous loweheiser marsh paparazzi standard stemstudios storm32 uAvionix ualberta
[INFO] [1790498153.711425404] [uav8.mavros_router]: MAVROS Router started
[INFO] [1790498153.711696201] [uav8.mavros_node]: Starting mavros uas node
[INFO] [1790498154.932182671] [uav8.mavros_router]: Requested to add endpoint: type: 0, url: udp://:14547@127.0.0.1:14587
[INFO] [1790498154.932286672] [uav8.mavros_router]: Endpoint link[1000] created
[INFO] [1790498154.932815969] [uav8.mavros_router]: link[1000] opened successfully
[INFO] [1790498154.932860878] [uav8.mavros_router]: Requested to add endpoint: type: 2, url: /uas8
[INFO] [1790498154.968852114] [uav8.mavros_router]: Endpoint link[1001] created
[INFO] [1790498154.960221616] [uav8.mavros]: UAS Executor started, threads: 4
[INFO] [1790498154.960874045] [uav8.mavros]: Plugin actuator_control ignored
[INFO] [1790498154.940153547] [uav8.mavros_router]: link[1000] detected remote address 8.1
[INFO] [1790498154.974334659] [uav8.mavros]: Plugin altitude ignored
[INFO] [1790498155.270080490] [uav8.mavros_router]: link[1001] opened successfully
[INFO] [1790498156.070368499] [uav8.mavros]: Plugin command created
[INFO] [1790498156.070505869] [uav8.mavros]: Plugin command initialized
[INFO] [1790498156.070530954] [uav8.mavros]: Plugin ftp ignored
[INFO] [1790498156.070547611] [uav8.mavros]: Plugin geofence ignored
[INFO] [1790498157.103783499] [uav8.mavros]: Plugin global_position created
[INFO] [1790498157.108828974] [uav8.mavros]: Plugin global_position initialized
[INFO] [1790498157.115055096] [uav8.mavros]: Plugin home_position ignored
[INFO] [1790498157.116310195] [uav8.mavros]: Plugin imu ignored
[INFO] [1790498157.858211445] [uav8.mavros]: Plugin local_position created
[INFO] [1790498157.858331651] [uav8.mavros]: Plugin local_position initialized
[INFO] [1790498157.858357870] [uav8.mavros]: Plugin manual_control ignored
[INFO] [1790498157.858378799] [uav8.mavros]: Plugin nav_controller_output ignored
[INFO] [1790498157.858393830] [uav8.mavros]: Plugin param ignored
[INFO] [1790498157.858408627] [uav8.mavros]: Plugin rallypoint ignored
[INFO] [1790498157.858431192] [uav8.mavros]: Plugin rc_io ignored
[INFO] [1790498157.858444789] [uav8.mavros]: Plugin setpoint_accel ignored
[INFO] [1790498157.858457852] [uav8.mavros]: Plugin setpoint_attitude ignored
[INFO] [1790498157.858471885] [uav8.mavros]: Plugin setpoint_position ignored
[INFO] [1790498157.858485675] [uav8.mavros]: Plugin setpoint_raw ignored
[INFO] [1790498157.858498986] [uav8.mavros]: Plugin setpoint_trajectory ignored
[INFO] [1790498158.561175131] [uav8.mavros]: Plugin setpoint_velocity created
[INFO] [1790498158.561278673] [uav8.mavros]: Plugin setpoint_velocity initialized
[INFO] [1790498159.224785822] [uav8.mavros]: Plugin sys_status created
[INFO] [1790498159.225695807] [uav8.mavros]: Plugin sys_status initialized
[INFO] [1790498159.719441928] [uav8.mavros.time]: TM: Timesync mode: MAVLINK
[INFO] [1790498159.844434522] [uav8.mavros]: Plugin sys_time created
[INFO] [1790498159.844560269] [uav8.mavros]: Plugin sys_time initialized
[INFO] [1790498159.844589794] [uav8.mavros]: Plugin waypoint ignored
[INFO] [1790498159.844607584] [uav8.mavros]: Plugin wind_estimation ignored
[INFO] [1790498159.944575290] [uav8.mavros]: Built-in SIMD instructions: SSE, SSE2
[INFO] [1790498159.951619532] [uav8.mavros]: Built-in MAVLink package version: 2026.8.8
[INFO] [1790498159.951733122] [uav8.mavros]: Known MAVLink dialects: common ardupilotmega ASLUAV AVSSUAS all csAirLink cubepilot development icarous loweheiser marsh paparazzi standard stemstudios storm32 uAvionix ualberta
[INFO] [1790498159.951756044] [uav8.mavros]: MAVROS UAS via /uas8 started. MY ID 8.191, TARGET ID 8.1
[INFO] [1790498160.038456336] [uav8.mavros_router]: link[1001] detected remote address 8.191
[INFO] [1790498160.171033617] [uav8.mavros]: CON: Got HEARTBEAT, connected. FCU: PX4 Autopilot
[INFO] [1790498161.232312819] [uav8.mavros.sys]: VER: 8.1: Capabilities         0x000000000000e8ff
[INFO] [1790498161.232402749] [uav8.mavros.sys]: VER: 8.1: Flight software:     011200c0 (fca3df865a000000)
[INFO] [1790498161.232420321] [uav8.mavros.sys]: VER: 8.1: Middleware software: 011200c0 (fca3df865a000000)
[INFO] [1790498161.232433243] [uav8.mavros.sys]: VER: 8.1: OS software:         070000ff (17040b9f87cb1791)
[INFO] [1790498161.232445703] [uav8.mavros.sys]: VER: 8.1: Board hardware:      00000001
[INFO] [1790498161.232457938] [uav8.mavros.sys]: VER: 8.1: VID/PID:             0000:0000
[INFO] [1790498161.232470295] [uav8.mavros.sys]: VER: 8.1: UID:                 4954414c44494e56
[WARN] [1790498161.249698667] [uav8.mavros.cmd]: CMD: Unexpected command 512, result 0
[WARN] [1790498187.228359240] [uav8.mavros.sys]: FCU: UNK(8): EVENT 11047904 with args -0-0-0-0-0-128-0-0-0-176-122-127-128-176-122-127-128-0-0-0-0-0-0-0-0-0-0-0-0-0-0-0-0-0-0-0-0-0-0-0-
[INFO] [1790498187.228556533] [uav8.mavros.sys]: FCU: EVENT 377561 with args -8-0-0-0-20-0-0-0-0-0-0-0-0-0-0-0-0-0-0-0-0-0-0-0-0-0-0-0-0-0-0-0-0-0-0-0-0-0-0-0-
[WARN] [1790498187.228654353] [uav8.mavros.sys]: FCU: EVENT 453929 with args -255-255-255-255-7-0-0-0-0-0-0-0-0-0-0-0-0-0-0-0-0-0-0-0-0-0-0-0-0-0-0-0-0-0-0-0-0-0-0-0-
[INFO] [1790498187.228754065] [uav8.mavros.sys]: FCU: EVENT 6801787 with args -255-255-255-255-12-0-0-0-0-0-0-0-0-0-0-0-0-0-0-0-0-0-0-0-0-0-0-0-0-0-0-0-0-0-0-0-0-0-0-0-
[WARN] [1790498187.228851171] [uav8.mavros.sys]: FCU: UNK(8): EVENT 1914663 with args -0-10-13-2-56-0-0-0-0-0-0-0-0-0-0-0-0-0-0-0-0-0-0-0-0-0-0-0-0-0-0-0-0-0-0-0-0-0-0-0-
[WARN] [1790498201.303131465] [uav8.mavros.cmd]: CMD: Unexpected command 176, result 0
[INFO] [1790498202.447451428] [uav8.mavros.sys]: FCU: EVENT 9489139 with args -4-0-0-0-0-0-0-0-0-0-0-0-0-0-0-0-0-0-0-0-0-0-0-0-0-0-0-0-0-0-0-0-0-0-0-0-0-0-0-0-
[INFO] [1790498205.356009555] [uav8.mavros.sys]: FCU: EVENT 4277609 with args -0-0-0-0-0-0-0-0-0-0-0-0-0-0-0-0-0-0-0-0-0-0-0-0-0-0-0-0-0-0-0-0-0-0-0-0-0-0-0-0-
[WARN] [1790498533.417271419] [uav8.mavros.cmd]: CMD: Unexpected command 176, result 0
[INFO] [1790498574.734310571] [uav8.mavros.sys]: FCU: EVENT 9844908 with args -0-0-0-0-0-0-0-0-0-0-0-0-0-0-0-0-0-0-0-0-0-0-0-0-0-0-0-0-0-0-0-0-0-0-0-0-0-0-0-0-
[INFO] [1790498577.462751434] [uav8.mavros.sys]: FCU: EVENT 16017271 with args -6-0-0-0-0-0-0-0-0-0-0-0-0-0-0-0-0-0-0-0-0-0-0-0-0-0-0-0-0-0-0-0-0-0-0-0-0-0-0-0-
[WARN] [1790498582.073220560] [uav8.mavros.sys]: FCU: UNK(8): EVENT 11047904 with args -0-0-0-0-0-128-0-0-0-176-122-127-128-176-122-127-128-0-0-0-0-0-0-0-0-0-0-0-0-0-0-0-0-0-0-0-0-0-0-0-
[INFO] [1790498582.073466375] [uav8.mavros.sys]: FCU: EVENT 377561 with args -8-0-0-0-20-0-0-0-0-0-0-0-0-0-0-0-0-0-0-0-0-0-0-0-0-0-0-0-0-0-0-0-0-0-0-0-0-0-0-0-
[WARN] [1790498582.073774947] [uav8.mavros.sys]: FCU: EVENT 453929 with args -255-255-255-255-7-0-0-0-0-0-0-0-0-0-0-0-0-0-0-0-0-0-0-0-0-0-0-0-0-0-0-0-0-0-0-0-0-0-0-0-
[INFO] [1790498582.075839988] [uav8.mavros.sys]: FCU: EVENT 6801787 with args -255-255-255-255-12-0-0-0-0-0-0-0-0-0-0-0-0-0-0-0-0-0-0-0-0-0-0-0-0-0-0-0-0-0-0-0-0-0-0-0-
[WARN] [1790498582.076443004] [uav8.mavros.sys]: FCU: UNK(8): EVENT 1914663 with args -0-10-9-2-56-0-0-0-0-0-0-0-0-0-0-0-0-0-0-0-0-0-0-0-0-0-0-0-0-0-0-0-0-0-0-0-0-0-0-0-
[INFO] [1790498584.817890636] [rclcpp]: signal_handler(SIGINT/SIGTERM)
[WARN] [1790498584.835939502] [uav8.mavros]: UAS Executor terminated
