[INFO] [1790498152.851591592] [uav9.mavros_node]: Starting mavros_node container
[INFO] [1790498152.851801271] [uav9.mavros_node]: FCU URL: udp://:14548@127.0.0.1:14588
[INFO] [1790498152.851833794] [uav9.mavros_node]: GCS URL: 
[INFO] [1790498152.851847477] [uav9.mavros_node]: UAS Prefix: /uas9
[INFO] [1790498152.851881281] [uav9.mavros_node]: Starting mavros router node
[INFO] [1790498153.707782159] [uav9.mavros_router]: Built-in SIMD instructions: SSE, SSE2
[INFO] [1790498153.709470108] [uav9.mavros_router]: Built-in MAVLink package version: 2026.8.8
[INFO] [1790498153.709575405] [uav9.mavros_router]: Known MAVLink dialects: common ardupilotmega ASLUAV AVSSUAS all csAirLink cubepilot development icarous loweheiser marsh paparazzi standard stemstudios storm32 uAvionix ualberta
[INFO] [1790498153.709606080] [uav9.mavros_router]: MAVROS Router started
[INFO] [1790498153.711023740] [uav9.mavros_node]: Starting mavros uas node
[INFO] [1790498154.155403487] [uav9.mavros_router]: Requested to add endpoint: type: 0, url: udp://:14548@127.0.0.1:14588
[INFO] [1790498154.155519098] [uav9.mavros_router]: Endpoint link[1000] created
[INFO] [1790498154.156199778] [uav9.mavros_router]: link[1000] opened successfully
[INFO] [1790498154.156279126] [uav9.mavros_router]: Requested to add endpoint: type: 2, url: /uas9
[INFO] [1790498154.156429647] [uav9.mavros_router]: Endpoint link[1001] created
[INFO] [1790498154.166291297] [uav9.mavros_router]: link[1001] opened successfully
[INFO] [1790498154.172231197] [uav9.mavros_router]: link[1000] detected remote address 9.1
[INFO] [1790498154.184193529] [uav9.mavros]: Plugin actuator_control ignored
[INFO] [1790498154.184316487] [uav9.mavros]: Plugin altitude ignored
[INFO] [1790498154.184600527] [uav9.mavros]: UAS Executor started, threads: 4
[INFO] [1790498155.361290153] [uav9.mavros]: Plugin command created
[INFO] [1790498155.361425670] [uav9.mavros]: Plugin command initialized
[INFO] [1790498155.361452470] [uav9.mavros]: Plugin ftp ignored
[INFO] [1790498155.361468299] [uav9.mavros]: Plugin geofence ignored
[INFO] [1790498156.619643582] [uav9.mavros]: Plugin global_position created
[INFO] [1790498156.625645448] [uav9.mavros]: Plugin global_position initialized
[INFO] [1790498156.626015841] [uav9.mavros]: Plugin home_position ignored
[INFO] [1790498156.627529745] [uav9.mavros]: Plugin imu ignored
[INFO] [1790498157.582134796] [uav9.mavros]: Plugin local_position created
[INFO] [1790498157.582237821] [uav9.mavros]: Plugin local_position initialized
[INFO] [1790498157.582262912] [uav9.mavros]: Plugin manual_control ignored
[INFO] [1790498157.582278449] [uav9.mavros]: Plugin nav_controller_output ignored
[INFO] [1790498157.582292296] [uav9.mavros]: Plugin param ignored
[INFO] [1790498157.582304937] [uav9.mavros]: Plugin rallypoint ignored
[INFO] [1790498157.582317099] [uav9.mavros]: Plugin rc_io ignored
[INFO] [1790498157.582330861] [uav9.mavros]: Plugin setpoint_accel ignored
[INFO] [1790498157.582343870] [uav9.mavros]: Plugin setpoint_attitude ignored
[INFO] [1790498157.582357324] [uav9.mavros]: Plugin setpoint_position ignored
[INFO] [1790498157.582371843] [uav9.mavros]: Plugin setpoint_raw ignored
[INFO] [1790498157.582386529] [uav9.mavros]: Plugin setpoint_trajectory ignored
[INFO] [1790498158.317615090] [uav9.mavros]: Plugin setpoint_velocity created
[INFO] [1790498158.326496674] [uav9.mavros]: Plugin setpoint_velocity initialized
[INFO] [1790498159.568225832] [uav9.mavros]: Plugin sys_status created
[INFO] [1790498159.568429617] [uav9.mavros]: Plugin sys_status initialized
[INFO] [1790498160.347216326] [uav9.mavros.time]: TM: Timesync mode: MAVLINK
[INFO] [1790498160.404677040] [uav9.mavros]: Plugin sys_time created
[INFO] [1790498160.404801163] [uav9.mavros]: Plugin sys_time initialized
[INFO] [1790498160.404827414] [uav9.mavros]: Plugin waypoint ignored
[INFO] [1790498160.404842504] [uav9.mavros]: Plugin wind_estimation ignored
[INFO] [1790498160.451083967] [uav9.mavros]: Built-in SIMD instructions: SSE, SSE2
[INFO] [1790498160.451168489] [uav9.mavros]: Built-in MAVLink package version: 2026.8.8
[INFO] [1790498160.451202310] [uav9.mavros]: Known MAVLink dialects: common ardupilotmega ASLUAV AVSSUAS all csAirLink cubepilot development icarous loweheiser marsh paparazzi standard stemstudios storm32 uAvionix ualberta
[INFO] [1790498160.451220152] [uav9.mavros]: MAVROS UAS via /uas9 started. MY ID 9.191, TARGET ID 9.1
[INFO] [1790498160.545174389] [uav9.mavros_router]: link[1001] detected remote address 9.191
[INFO] [1790498160.587032364] [uav9.mavros.sys]: VER: 9.1: Capabilities         0x000000000000e8ff
[INFO] [1790498160.587146803] [uav9.mavros.sys]: VER: 9.1: Flight software:     011200c0 (fca3df865a000000)
[INFO] [1790498160.587174264] [uav9.mavros.sys]: VER: 9.1: Middleware software: 011200c0 (fca3df865a000000)
[INFO] [1790498160.587189296] [uav9.mavros.sys]: VER: 9.1: OS software:         070000ff (17040b9f87cb1791)
[INFO] [1790498160.587202836] [uav9.mavros.sys]: VER: 9.1: Board hardware:      00000001
[INFO] [1790498160.587217297] [uav9.mavros.sys]: VER: 9.1: VID/PID:             0000:0000
[INFO] [1790498160.587232100] [uav9.mavros.sys]: VER: 9.1: UID:                 4954414c44494e57
[WARN] [1790498160.587320289] [uav9.mavros.cmd]: CMD: Unexpected command 512, result 0
[INFO] [1790498161.088814470] [uav9.mavros]: CON: Got HEARTBEAT, connected. FCU: PX4 Autopilot
[INFO] [1790498162.144180267] [uav9.mavros.sys]: VER: 9.1: Capabilities         0x000000000000e8ff
[INFO] [1790498162.144280303] [uav9.mavros.sys]: VER: 9.1: Flight software:     011200c0 (fca3df865a000000)
[INFO] [1790498162.144298986] [uav9.mavros.sys]: VER: 9.1: Middleware software: 011200c0 (fca3df865a000000)
[INFO] [1790498162.144313103] [uav9.mavros.sys]: VER: 9.1: OS software:         070000ff (17040b9f87cb1791)
[INFO] [1790498162.144326610] [uav9.mavros.sys]: VER: 9.1: Board hardware:      00000001
[INFO] [1790498162.144338907] [uav9.mavros.sys]: VER: 9.1: VID/PID:             0000:0000
[INFO] [1790498162.144352020] [uav9.mavros.sys]: VER: 9.1: UID:                 4954414c44494e57
[WARN] [1790498195.325515451] [uav9.mavros.sys]: FCU: UNK(8): EVENT 11047904 with args -0-0-0-0-0-128-0-0-0-176-122-127-128-176-122-127-128-0-0-0-0-0-0-0-0-0-0-0-0-0-0-0-0-0-0-0-0-0-0-0-
[INFO] [1790498195.326079867] [uav9.mavros.sys]: FCU: EVENT 377561 with args -8-0-0-0-20-0-0-0-0-0-0-0-0-0-0-0-0-0-0-0-0-0-0-0-0-0-0-0-0-0-0-0-0-0-0-0-0-0-0-0-
[WARN] [1790498195.326280074] [uav9.mavros.sys]: FCU: EVENT 453929 with args -255-255-255-255-7-0-0-0-0-0-0-0-0-0-0-0-0-0-0-0-0-0-0-0-0-0-0-0-0-0-0-0-0-0-0-0-0-0-0-0-
[INFO] [1790498195.328212912] [uav9.mavros.sys]: FCU: EVENT 6801787 with args -255-255-255-255-12-0-0-0-0-0-0-0-0-0-0-0-0-0-0-0-0-0-0-0-0-0-0-0-0-0-0-0-0-0-0-0-0-0-0-0-
[WARN] [1790498195.328354470] [uav9.mavros.sys]: FCU: UNK(8): EVENT 1914663 with args -0-10-13-2-56-0-0-0-0-0-0-0-0-0-0-0-0-0-0-0-0-0-0-0-0-0-0-0-0-0-0-0-0-0-0-0-0-0-0-0-
[WARN] [1790498200.578791702] [uav9.mavros.cmd]: CMD: Unexpected command 176, result 0
[INFO] [1790498201.197205702] [uav9.mavros.sys]: FCU: EVENT 9489139 with args -4-0-0-0-0-0-0-0-0-0-0-0-0-0-0-0-0-0-0-0-0-0-0-0-0-0-0-0-0-0-0-0-0-0-0-0-0-0-0-0-
[INFO] [1790498203.983806005] [uav9.mavros.sys]: FCU: EVENT 4277609 with args -0-0-0-0-0-0-0-0-0-0-0-0-0-0-0-0-0-0-0-0-0-0-0-0-0-0-0-0-0-0-0-0-0-0-0-0-0-0-0-0-
[WARN] [1790498533.548907126] [uav9.mavros.cmd]: CMD: Unexpected command 176, result 0
[INFO] [1790498576.935101226] [uav9.mavros.sys]: FCU: EVENT 9844908 with args -0-0-0-0-0-0-0-0-0-0-0-0-0-0-0-0-0-0-0-0-0-0-0-0-0-0-0-0-0-0-0-0-0-0-0-0-0-0-0-0-
[INFO] [1790498579.516716686] [uav9.mavros.sys]: FCU: EVENT 16017271 with args -6-0-0-0-0-0-0-0-0-0-0-0-0-0-0-0-0-0-0-0-0-0-0-0-0-0-0-0-0-0-0-0-0-0-0-0-0-0-0-0-
[WARN] [1790498584.679611955] [uav9.mavros.sys]: FCU: UNK(8): EVENT 11047904 with args -0-0-0-0-0-128-0-0-0-176-122-127-128-176-122-127-128-0-0-0-0-0-0-0-0-0-0-0-0-0-0-0-0-0-0-0-0-0-0-0-
[INFO] [1790498584.679825116] [uav9.mavros.sys]: FCU: EVENT 377561 with args -8-0-0-0-20-0-0-0-0-0-0-0-0-0-0-0-0-0-0-0-0-0-0-0-0-0-0-0-0-0-0-0-0-0-0-0-0-0-0-0-
[WARN] [1790498584.682083528] [uav9.mavros.sys]: FCU: EVENT 453929 with args -255-255-255-255-7-0-0-0-0-0-0-0-0-0-0-0-0-0-0-0-0-0-0-0-0-0-0-0-0-0-0-0-0-0-0-0-0-0-0-0-
[INFO] [1790498584.682227372] [uav9.mavros.sys]: FCU: EVENT 6801787 with args -255-255-255-255-12-0-0-0-0-0-0-0-0-0-0-0-0-0-0-0-0-0-0-0-0-0-0-0-0-0-0-0-0-0-0-0-0-0-0-0-
[WARN] [1790498584.682345496] [uav9.mavros.sys]: FCU: UNK(8): EVENT 1914663 with args -0-10-9-2-56-0-0-0-0-0-0-0-0-0-0-0-0-0-0-0-0-0-0-0-0-0-0-0-0-0-0-0-0-0-0-0-0-0-0-0-
[INFO] [1790498584.828997158] [rclcpp]: signal_handler(SIGINT/SIGTERM)
[WARN] [1790498584.832244999] [uav9.mavros]: UAS Executor terminated
