[INFO] [1790498152.454678065] [uav2.mavros_node]: Starting mavros_node container
[INFO] [1790498152.455103889] [uav2.mavros_node]: FCU URL: udp://:14541@127.0.0.1:14581
[INFO] [1790498152.455140962] [uav2.mavros_node]: GCS URL: 
[INFO] [1790498152.455155708] [uav2.mavros_node]: UAS Prefix: /uas2
[INFO] [1790498152.455168223] [uav2.mavros_node]: Starting mavros router node
[INFO] [1790498152.710717809] [uav2.mavros_router]: Built-in SIMD instructions: SSE, SSE2
[INFO] [1790498152.710815356] [uav2.mavros_router]: Built-in MAVLink package version: 2026.8.8
[INFO] [1790498152.710843636] [uav2.mavros_router]: Known MAVLink dialects: common ardupilotmega ASLUAV AVSSUAS all csAirLink cubepilot development icarous loweheiser marsh paparazzi standard stemstudios storm32 uAvionix ualberta
[INFO] [1790498152.711796090] [uav2.mavros_router]: MAVROS Router started
[INFO] [1790498152.712174636] [uav2.mavros_node]: Starting mavros uas node
[INFO] [1790498153.181155079] [uav2.mavros_router]: Requested to add endpoint: type: 0, url: udp://:14541@127.0.0.1:14581
[INFO] [1790498153.181268910] [uav2.mavros_router]: Endpoint link[1000] created
[INFO] [1790498153.182034677] [uav2.mavros_router]: link[1000] opened successfully
[INFO] [1790498153.182097780] [uav2.mavros_router]: Requested to add endpoint: type: 2, url: /uas2
[INFO] [1790498153.182212560] [uav2.mavros_router]: Endpoint link[1001] created
[INFO] [1790498153.193210626] [uav2.mavros_router]: link[1001] opened successfully
[INFO] [1790498153.194264116] [uav2.mavros]: Plugin actuator_control ignored
[INFO] [1790498153.197288033] [uav2.mavros]: Plugin altitude ignored
[INFO] [1790498153.194270729] [uav2.mavros]: UAS Executor started, threads: 4
[INFO] [1790498153.195568191] [uav2.mavros_router]: link[1000] detected remote address 2.1
[INFO] [1790498153.837662656] [uav2.mavros]: Plugin command created
[INFO] [1790498153.837808612] [uav2.mavros]: Plugin command initialized
[INFO] [1790498153.837853186] [uav2.mavros]: Plugin ftp ignored
[INFO] [1790498153.840636455] [uav2.mavros]: Plugin geofence ignored
[INFO] [1790498154.111740444] [uav2.mavros]: Plugin global_position created
[INFO] [1790498154.111889619] [uav2.mavros]: Plugin global_position initialized
[INFO] [1790498154.111925196] [uav2.mavros]: Plugin home_position ignored
[INFO] [1790498154.111942418] [uav2.mavros]: Plugin imu ignored
[INFO] [1790498154.517357978] [uav2.mavros]: Plugin local_position created
[INFO] [1790498154.517457243] [uav2.mavros]: Plugin local_position initialized
[INFO] [1790498154.517486669] [uav2.mavros]: Plugin manual_control ignored
[INFO] [1790498154.517503966] [uav2.mavros]: Plugin nav_controller_output ignored
[INFO] [1790498154.517518943] [uav2.mavros]: Plugin param ignored
[INFO] [1790498154.530848517] [uav2.mavros]: Plugin rallypoint ignored
[INFO] [1790498154.530903206] [uav2.mavros]: Plugin rc_io ignored
[INFO] [1790498154.530925388] [uav2.mavros]: Plugin setpoint_accel ignored
[INFO] [1790498154.530953618] [uav2.mavros]: Plugin setpoint_attitude ignored
[INFO] [1790498154.530997774] [uav2.mavros]: Plugin setpoint_position ignored
[INFO] [1790498154.531020029] [uav2.mavros]: Plugin setpoint_raw ignored
[INFO] [1790498154.531036967] [uav2.mavros]: Plugin setpoint_trajectory ignored
[INFO] [1790498155.259022272] [uav2.mavros]: Plugin setpoint_velocity created
[INFO] [1790498155.259136290] [uav2.mavros]: Plugin setpoint_velocity initialized
[INFO] [1790498155.650838661] [uav2.mavros]: Plugin sys_status created
[INFO] [1790498155.651050497] [uav2.mavros]: Plugin sys_status initialized
[INFO] [1790498156.383494178] [uav2.mavros.time]: TM: Timesync mode: MAVLINK
[INFO] [1790498156.474764037] [uav2.mavros]: Plugin sys_time created
[INFO] [1790498156.474886183] [uav2.mavros]: Plugin sys_time initialized
[INFO] [1790498156.474918433] [uav2.mavros]: Plugin waypoint ignored
[INFO] [1790498156.474964897] [uav2.mavros]: Plugin wind_estimation ignored
[INFO] [1790498156.507663417] [uav2.mavros]: Built-in SIMD instructions: SSE, SSE2
[INFO] [1790498156.507732495] [uav2.mavros]: Built-in MAVLink package version: 2026.8.8
[INFO] [1790498156.507812249] [uav2.mavros]: Known MAVLink dialects: common ardupilotmega ASLUAV AVSSUAS all csAirLink cubepilot development icarous loweheiser marsh paparazzi standard stemstudios storm32 uAvionix ualberta
[INFO] [1790498156.507833847] [uav2.mavros]: MAVROS UAS via /uas2 started. MY ID 2.191, TARGET ID 2.1
[INFO] [1790498156.538717723] [uav2.mavros_router]: link[1001] detected remote address 2.191
[INFO] [1790498156.713538200] [uav2.mavros.sys]: VER: 2.1: Capabilities         0x000000000000e8ff
[INFO] [1790498156.713641503] [uav2.mavros.sys]: VER: 2.1: Flight software:     011200c0 (fca3df865a000000)
[INFO] [1790498156.713666327] [uav2.mavros.sys]: VER: 2.1: Middleware software: 011200c0 (fca3df865a000000)
[INFO] [1790498156.713680950] [uav2.mavros.sys]: VER: 2.1: OS software:         070000ff (17040b9f87cb1791)
[INFO] [1790498156.713693000] [uav2.mavros.sys]: VER: 2.1: Board hardware:      00000001
[INFO] [1790498156.713712356] [uav2.mavros.sys]: VER: 2.1: VID/PID:             0000:0000
[INFO] [1790498156.713725981] [uav2.mavros.sys]: VER: 2.1: UID:                 4954414c44494e50
[WARN] [1790498156.713823968] [uav2.mavros.cmd]: CMD: Unexpected command 512, result 0
[INFO] [1790498156.960435401] [uav2.mavros]: CON: Got HEARTBEAT, connected. FCU: PX4 Autopilot
[INFO] [1790498158.169347465] [uav2.mavros.sys]: VER: 2.1: Capabilities         0x000000000000e8ff
[INFO] [1790498158.169432680] [uav2.mavros.sys]: VER: 2.1: Flight software:     011200c0 (fca3df865a000000)
[INFO] [1790498158.169449843] [uav2.mavros.sys]: VER: 2.1: Middleware software: 011200c0 (fca3df865a000000)
[INFO] [1790498158.169462163] [uav2.mavros.sys]: VER: 2.1: OS software:         070000ff (17040b9f87cb1791)
[INFO] [1790498158.169474915] [uav2.mavros.sys]: VER: 2.1: Board hardware:      00000001
[INFO] [1790498158.169488164] [uav2.mavros.sys]: VER: 2.1: VID/PID:             0000:0000
[INFO] [1790498158.169500853] [uav2.mavros.sys]: VER: 2.1: UID:                 4954414c44494e50
[WARN] [1790498189.220688559] [uav2.mavros.sys]: FCU: UNK(8): EVENT 11047904 with args -0-0-0-0-0-128-0-0-0-176-122-127-128-176-122-127-128-0-0-0-0-0-0-0-0-0-0-0-0-0-0-0-0-0-0-0-0-0-0-0-
[INFO] [1790498189.229068557] [uav2.mavros.sys]: FCU: EVENT 377561 with args -8-0-0-0-20-0-0-0-0-0-0-0-0-0-0-0-0-0-0-0-0-0-0-0-0-0-0-0-0-0-0-0-0-0-0-0-0-0-0-0-
[WARN] [1790498189.239763996] [uav2.mavros.sys]: FCU: EVENT 453929 with args -255-255-255-255-7-0-0-0-0-0-0-0-0-0-0-0-0-0-0-0-0-0-0-0-0-0-0-0-0-0-0-0-0-0-0-0-0-0-0-0-
[INFO] [1790498189.240664087] [uav2.mavros.sys]: FCU: EVENT 6801787 with args -255-255-255-255-12-0-0-0-0-0-0-0-0-0-0-0-0-0-0-0-0-0-0-0-0-0-0-0-0-0-0-0-0-0-0-0-0-0-0-0-
[WARN] [1790498189.251254147] [uav2.mavros.sys]: FCU: UNK(8): EVENT 1914663 with args -0-10-13-2-56-0-0-0-0-0-0-0-0-0-0-0-0-0-0-0-0-0-0-0-0-0-0-0-0-0-0-0-0-0-0-0-0-0-0-0-
[WARN] [1790498201.835806208] [uav2.mavros.cmd]: CMD: Unexpected command 176, result 0
[INFO] [1790498202.961194483] [uav2.mavros.sys]: FCU: EVENT 9489139 with args -4-0-0-0-0-0-0-0-0-0-0-0-0-0-0-0-0-0-0-0-0-0-0-0-0-0-0-0-0-0-0-0-0-0-0-0-0-0-0-0-
[INFO] [1790498205.710978765] [uav2.mavros.sys]: FCU: EVENT 4277609 with args -0-0-0-0-0-0-0-0-0-0-0-0-0-0-0-0-0-0-0-0-0-0-0-0-0-0-0-0-0-0-0-0-0-0-0-0-0-0-0-0-
