[INFO] [1790498152.367334206] [uav6.mavros_node]: Starting mavros_node container
[INFO] [1790498152.367520610] [uav6.mavros_node]: FCU URL: udp://:14545@127.0.0.1:14585
[INFO] [1790498152.367541209] [uav6.mavros_node]: GCS URL: 
[INFO] [1790498152.367553177] [uav6.mavros_node]: UAS Prefix: /uas6
[INFO] [1790498152.367564777] [uav6.mavros_node]: Starting mavros router node
[INFO] [1790498152.484820899] [uav6.mavros_router]: Built-in SIMD instructions: SSE, SSE2
[INFO] [1790498152.484967410] [uav6.mavros_router]: Built-in MAVLink package version: 2026.8.8
[INFO] [1790498152.485001005] [uav6.mavros_router]: Known MAVLink dialects: common ardupilotmega ASLUAV AVSSUAS all csAirLink cubepilot development icarous loweheiser marsh paparazzi standard stemstudios storm32 uAvionix ualberta
[INFO] [1790498152.485019260] [uav6.mavros_router]: MAVROS Router started
[INFO] [1790498152.485393039] [uav6.mavros_node]: Starting mavros uas node
[INFO] [1790498152.989914899] [uav6.mavros_router]: Requested to add endpoint: type: 0, url: udp://:14545@127.0.0.1:14585
[INFO] [1790498152.990030032] [uav6.mavros_router]: Endpoint link[1000] created
[INFO] [1790498152.990544099] [uav6.mavros_router]: link[1000] opened successfully
[INFO] [1790498152.990589521] [uav6.mavros_router]: Requested to add endpoint: type: 2, url: /uas6
[INFO] [1790498152.990623877] [uav6.mavros_router]: Endpoint link[1001] created
[INFO] [1790498152.999058115] [uav6.mavros]: UAS Executor started, threads: 4
[INFO] [1790498152.999089497] [uav6.mavros]: Plugin actuator_control ignored
[INFO] [1790498153.005316228] [uav6.mavros_router]: link[1000] detected remote address 6.1
[INFO] [1790498153.005335641] [uav6.mavros]: Plugin altitude ignored
[INFO] [1790498153.008809877] [uav6.mavros_router]: link[1001] opened successfully
[INFO] [1790498153.374922656] [uav6.mavros]: Plugin command created
[INFO] [1790498153.375357572] [uav6.mavros]: Plugin command initialized
[INFO] [1790498153.375808142] [uav6.mavros]: Plugin ftp ignored
[INFO] [1790498153.375972112] [uav6.mavros]: Plugin geofence ignored
[INFO] [1790498153.490623233] [uav6.mavros]: Plugin global_position created
[INFO] [1790498153.490752558] [uav6.mavros]: Plugin global_position initialized
[INFO] [1790498153.490778298] [uav6.mavros]: Plugin home_position ignored
[INFO] [1790498153.490794554] [uav6.mavros]: Plugin imu ignored
[INFO] [1790498154.051805806] [uav6.mavros]: Plugin local_position created
[INFO] [1790498154.051931837] [uav6.mavros]: Plugin local_position initialized
[INFO] [1790498154.051975725] [uav6.mavros]: Plugin manual_control ignored
[INFO] [1790498154.051992086] [uav6.mavros]: Plugin nav_controller_output ignored
[INFO] [1790498154.052005790] [uav6.mavros]: Plugin param ignored
[INFO] [1790498154.052019554] [uav6.mavros]: Plugin rallypoint ignored
[INFO] [1790498154.052032743] [uav6.mavros]: Plugin rc_io ignored
[INFO] [1790498154.052046842] [uav6.mavros]: Plugin setpoint_accel ignored
[INFO] [1790498154.052060010] [uav6.mavros]: Plugin setpoint_attitude ignored
[INFO] [1790498154.052073353] [uav6.mavros]: Plugin setpoint_position ignored
[INFO] [1790498154.052087302] [uav6.mavros]: Plugin setpoint_raw ignored
[INFO] [1790498154.052101353] [uav6.mavros]: Plugin setpoint_trajectory ignored
[INFO] [1790498154.587755704] [uav6.mavros]: Plugin setpoint_velocity created
[INFO] [1790498154.587870758] [uav6.mavros]: Plugin setpoint_velocity initialized
[INFO] [1790498155.451047448] [uav6.mavros]: Plugin sys_status created
[INFO] [1790498155.470188565] [uav6.mavros]: Plugin sys_status initialized
[INFO] [1790498156.068479733] [uav6.mavros.time]: TM: Timesync mode: MAVLINK
[INFO] [1790498156.247104889] [uav6.mavros]: Plugin sys_time created
[INFO] [1790498156.247235160] [uav6.mavros]: Plugin sys_time initialized
[INFO] [1790498156.247265367] [uav6.mavros]: Plugin waypoint ignored
[INFO] [1790498156.247280571] [uav6.mavros]: Plugin wind_estimation ignored
[INFO] [1790498156.375216905] [uav6.mavros]: Built-in SIMD instructions: SSE, SSE2
[INFO] [1790498156.375305150] [uav6.mavros]: Built-in MAVLink package version: 2026.8.8
[INFO] [1790498156.425543012] [uav6.mavros]: Known MAVLink dialects: common ardupilotmega ASLUAV AVSSUAS all csAirLink cubepilot development icarous loweheiser marsh paparazzi standard stemstudios storm32 uAvionix ualberta
[INFO] [1790498156.425594494] [uav6.mavros]: MAVROS UAS via /uas6 started. MY ID 6.191, TARGET ID 6.1
[INFO] [1790498156.514009652] [uav6.mavros_router]: link[1001] detected remote address 6.191
[INFO] [1790498156.757601783] [uav6.mavros.sys]: VER: 6.1: Capabilities         0x000000000000e8ff
[INFO] [1790498156.757713290] [uav6.mavros.sys]: VER: 6.1: Flight software:     011200c0 (fca3df865a000000)
[INFO] [1790498156.757741173] [uav6.mavros.sys]: VER: 6.1: Middleware software: 011200c0 (fca3df865a000000)
[INFO] [1790498156.757757579] [uav6.mavros.sys]: VER: 6.1: OS software:         070000ff (17040b9f87cb1791)
[INFO] [1790498156.757769972] [uav6.mavros.sys]: VER: 6.1: Board hardware:      00000001
[INFO] [1790498156.757782735] [uav6.mavros.sys]: VER: 6.1: VID/PID:             0000:0000
[INFO] [1790498156.757796409] [uav6.mavros.sys]: VER: 6.1: UID:                 4954414c44494e54
[WARN] [1790498156.771710776] [uav6.mavros.cmd]: CMD: Unexpected command 512, result 0
[INFO] [1790498156.860472521] [uav6.mavros]: CON: Got HEARTBEAT, connected. FCU: PX4 Autopilot
[WARN] [1790498157.942083288] [uav6.mavros.sys]: VER: broadcast request timeout, retries left 4
[INFO] [1790498157.964157374] [uav6.mavros.sys]: VER: 6.1: Capabilities         0x000000000000e8ff
[INFO] [1790498157.964259550] [uav6.mavros.sys]: VER: 6.1: Flight software:     011200c0 (fca3df865a000000)
[INFO] [1790498157.964281769] [uav6.mavros.sys]: VER: 6.1: Middleware software: 011200c0 (fca3df865a000000)
[INFO] [1790498157.964296768] [uav6.mavros.sys]: VER: 6.1: OS software:         070000ff (17040b9f87cb1791)
[INFO] [1790498157.964311417] [uav6.mavros.sys]: VER: 6.1: Board hardware:      00000001
[INFO] [1790498157.964326065] [uav6.mavros.sys]: VER: 6.1: VID/PID:             0000:0000
[INFO] [1790498157.964339926] [uav6.mavros.sys]: VER: 6.1: UID:                 4954414c44494e54
[WARN] [1790498197.681592745] [uav6.mavros.sys]: FCU: UNK(8): EVENT 11047904 with args -0-0-0-0-0-128-0-0-0-176-122-127-128-176-122-127-128-0-0-0-0-0-0-0-0-0-0-0-0-0-0-0-0-0-0-0-0-0-0-0-
[INFO] [1790498197.681817091] [uav6.mavros.sys]: FCU: EVENT 377561 with args -8-0-0-0-20-0-0-0-0-0-0-0-0-0-0-0-0-0-0-0-0-0-0-0-0-0-0-0-0-0-0-0-0-0-0-0-0-0-0-0-
[WARN] [1790498197.681959428] [uav6.mavros.sys]: FCU: EVENT 453929 with args -255-255-255-255-7-0-0-0-0-0-0-0-0-0-0-0-0-0-0-0-0-0-0-0-0-0-0-0-0-0-0-0-0-0-0-0-0-0-0-0-
[INFO] [1790498197.682063709] [uav6.mavros.sys]: FCU: EVENT 6801787 with args -255-255-255-255-12-0-0-0-0-0-0-0-0-0-0-0-0-0-0-0-0-0-0-0-0-0-0-0-0-0-0-0-0-0-0-0-0-0-0-0-
[WARN] [1790498197.682164855] [uav6.mavros.sys]: FCU: UNK(8): EVENT 1914663 with args -0-10-13-2-56-0-0-0-0-0-0-0-0-0-0-0-0-0-0-0-0-0-0-0-0-0-0-0-0-0-0-0-0-0-0-0-0-0-0-0-
[WARN] [1790498202.904687643] [uav6.mavros.cmd]: CMD: Unexpected command 176, result 0
[INFO] [1790498203.172742602] [uav6.mavros.sys]: FCU: EVENT 9489139 with args -4-0-0-0-0-0-0-0-0-0-0-0-0-0-0-0-0-0-0-0-0-0-0-0-0-0-0-0-0-0-0-0-0-0-0-0-0-0-0-0-
[INFO] [1790498205.661108907] [uav6.mavros.sys]: FCU: EVENT 4277609 with args -0-0-0-0-0-0-0-0-0-0-0-0-0-0-0-0-0-0-0-0-0-0-0-0-0-0-0-0-0-0-0-0-0-0-0-0-0-0-0-0-
[WARN] [1790498533.371304890] [uav6.mavros.cmd]: CMD: Unexpected command 176, result 0
[INFO] [1790498576.557167488] [uav6.mavros.sys]: FCU: EVENT 9844908 with args -0-0-0-0-0-0-0-0-0-0-0-0-0-0-0-0-0-0-0-0-0-0-0-0-0-0-0-0-0-0-0-0-0-0-0-0-0-0-0-0-
[INFO] [1790498579.164564575] [uav6.mavros.sys]: FCU: EVENT 16017271 with args -6-0-0-0-0-0-0-0-0-0-0-0-0-0-0-0-0-0-0-0-0-0-0-0-0-0-0-0-0-0-0-0-0-0-0-0-0-0-0-0-
[WARN] [1790498584.104711317] [uav6.mavros.sys]: FCU: UNK(8): EVENT 11047904 with args -0-0-0-0-0-128-0-0-0-176-122-127-128-176-122-127-128-0-0-0-0-0-0-0-0-0-0-0-0-0-0-0-0-0-0-0-0-0-0-0-
[INFO] [1790498584.104966665] [uav6.mavros.sys]: FCU: EVENT 377561 with args -8-0-0-0-20-0-0-0-0-0-0-0-0-0-0-0-0-0-0-0-0-0-0-0-0-0-0-0-0-0-0-0-0-0-0-0-0-0-0-0-
[WARN] [1790498584.105184062] [uav6.mavros.sys]: FCU: EVENT 453929 with args -255-255-255-255-7-0-0-0-0-0-0-0-0-0-0-0-0-0-0-0-0-0-0-0-0-0-0-0-0-0-0-0-0-0-0-0-0-0-0-0-
[INFO] [1790498584.105314653] [uav6.mavros.sys]: FCU: EVENT 6801787 with args -255-255-255-255-12-0-0-0-0-0-0-0-0-0-0-0-0-0-0-0-0-0-0-0-0-0-0-0-0-0-0-0-0-0-0-0-0-0-0-0-
[WARN] [1790498584.105438071] [uav6.mavros.sys]: FCU: UNK(8): EVENT 1914663 with args -0-10-9-2-56-0-0-0-0-0-0-0-0-0-0-0-0-0-0-0-0-0-0-0-0-0-0-0-0-0-0-0-0-0-0-0-0-0-0-0-
[INFO] [1790498584.827368026] [rclcpp]: signal_handler(SIGINT/SIGTERM)
[WARN] [1790498584.829988858] [uav6.mavros]: UAS Executor terminated
