[INFO] [1790655727.742120911] [uav6.mavros_node]: Starting mavros_node container
[INFO] [1790655727.755797919] [uav6.mavros_node]: FCU URL: udp://:14545@127.0.0.1:14585
[INFO] [1790655727.755808037] [uav6.mavros_node]: GCS URL: 
[INFO] [1790655727.755812910] [uav6.mavros_node]: UAS Prefix: /uas6
[INFO] [1790655727.755817113] [uav6.mavros_node]: Starting mavros router node
[INFO] [1790655727.837576298] [uav6.mavros_router]: Built-in SIMD instructions: SSE, SSE2
[INFO] [1790655727.837614785] [uav6.mavros_router]: Built-in MAVLink package version: 2026.8.8
[INFO] [1790655727.837622945] [uav6.mavros_router]: Known MAVLink dialects: common ardupilotmega ASLUAV AVSSUAS all csAirLink cubepilot development icarous loweheiser marsh paparazzi standard stemstudios storm32 uAvionix ualberta
[INFO] [1790655727.837628545] [uav6.mavros_router]: MAVROS Router started
[INFO] [1790655727.837777453] [uav6.mavros_node]: Starting mavros uas node
[INFO] [1790655728.029119990] [uav6.mavros_router]: Requested to add endpoint: type: 0, url: udp://:14545@127.0.0.1:14585
[INFO] [1790655728.113172496] [uav6.mavros_router]: Endpoint link[1000] created
[INFO] [1790655728.126190453] [uav6.mavros_router]: link[1000] opened successfully
[INFO] [1790655728.126218466] [uav6.mavros_router]: Requested to add endpoint: type: 2, url: /uas6
[INFO] [1790655728.126243113] [uav6.mavros_router]: Endpoint link[1001] created
[INFO] [1790655728.127581827] [uav6.mavros_router]: link[1000] detected remote address 6.1
[INFO] [1790655728.039837327] [uav6.mavros]: UAS Executor started, threads: 4
[INFO] [1790655728.039686151] [uav6.mavros]: Plugin actuator_control ignored
[INFO] [1790655728.129809996] [uav6.mavros]: Plugin altitude ignored
[INFO] [1790655728.250588681] [uav6.mavros_router]: link[1001] opened successfully
[INFO] [1790655728.377191676] [uav6.mavros]: Plugin command created
[INFO] [1790655728.386710005] [uav6.mavros]: Plugin command initialized
[INFO] [1790655728.386728825] [uav6.mavros]: Plugin ftp ignored
[INFO] [1790655728.386742753] [uav6.mavros]: Plugin geofence ignored
[INFO] [1790655728.576881677] [uav6.mavros]: Plugin global_position created
[INFO] [1790655728.592929578] [uav6.mavros]: Plugin global_position initialized
[INFO] [1790655728.592946804] [uav6.mavros]: Plugin home_position ignored
[INFO] [1790655728.592952136] [uav6.mavros]: Plugin imu ignored
[INFO] [1790655728.749035864] [uav6.mavros]: Plugin local_position created
[INFO] [1790655728.867130053] [uav6.mavros]: Plugin local_position initialized
[INFO] [1790655728.886222826] [uav6.mavros]: Plugin manual_control ignored
[INFO] [1790655728.898164636] [uav6.mavros]: Plugin nav_controller_output ignored
[INFO] [1790655728.898180924] [uav6.mavros]: Plugin param ignored
[INFO] [1790655728.898186763] [uav6.mavros]: Plugin rallypoint ignored
[INFO] [1790655728.898192226] [uav6.mavros]: Plugin rc_io ignored
[INFO] [1790655728.898197790] [uav6.mavros]: Plugin setpoint_accel ignored
[INFO] [1790655728.898203427] [uav6.mavros]: Plugin setpoint_attitude ignored
[INFO] [1790655728.898209266] [uav6.mavros]: Plugin setpoint_position ignored
[INFO] [1790655728.898214734] [uav6.mavros]: Plugin setpoint_raw ignored
[INFO] [1790655728.898220029] [uav6.mavros]: Plugin setpoint_trajectory ignored
[INFO] [1790655729.138700708] [uav6.mavros]: Plugin setpoint_velocity created
[INFO] [1790655729.162754044] [uav6.mavros]: Plugin setpoint_velocity initialized
[INFO] [1790655729.446573225] [uav6.mavros]: Plugin sys_status created
[INFO] [1790655729.453246311] [uav6.mavros]: Plugin sys_status initialized
[INFO] [1790655729.597610718] [uav6.mavros.time]: TM: Timesync mode: MAVLINK
[INFO] [1790655729.655890807] [uav6.mavros]: Plugin sys_time created
[INFO] [1790655729.697721731] [uav6.mavros]: Plugin sys_time initialized
[INFO] [1790655729.697735981] [uav6.mavros]: Plugin waypoint ignored
[INFO] [1790655729.697741937] [uav6.mavros]: Plugin wind_estimation ignored
[INFO] [1790655729.704542639] [uav6.mavros]: Built-in SIMD instructions: SSE, SSE2
[INFO] [1790655729.715435099] [uav6.mavros]: Built-in MAVLink package version: 2026.8.8
[INFO] [1790655729.715467296] [uav6.mavros]: Known MAVLink dialects: common ardupilotmega ASLUAV AVSSUAS all csAirLink cubepilot development icarous loweheiser marsh paparazzi standard stemstudios storm32 uAvionix ualberta
[INFO] [1790655729.715475322] [uav6.mavros]: MAVROS UAS via /uas6 started. MY ID 6.191, TARGET ID 6.1
[INFO] [1790655729.763719731] [uav6.mavros_router]: link[1001] detected remote address 6.191
[INFO] [1790655729.869689958] [uav6.mavros]: CON: Got HEARTBEAT, connected. FCU: PX4 Autopilot
[INFO] [1790655730.949593857] [uav6.mavros.sys]: VER: 6.1: Capabilities         0x000000000000e8ff
[INFO] [1790655730.949648424] [uav6.mavros.sys]: VER: 6.1: Flight software:     011200c0 (fca3df865a000000)
[INFO] [1790655730.949656035] [uav6.mavros.sys]: VER: 6.1: Middleware software: 011200c0 (fca3df865a000000)
[INFO] [1790655730.949661196] [uav6.mavros.sys]: VER: 6.1: OS software:         070000ff (17040b9f87cb1791)
[INFO] [1790655730.949666243] [uav6.mavros.sys]: VER: 6.1: Board hardware:      00000001
[INFO] [1790655730.949670781] [uav6.mavros.sys]: VER: 6.1: VID/PID:             0000:0000
[INFO] [1790655730.949675373] [uav6.mavros.sys]: VER: 6.1: UID:                 4954414c44494e54
[WARN] [1790655730.956545235] [uav6.mavros.cmd]: CMD: Unexpected command 512, result 0
[WARN] [1790655740.492897780] [uav6.mavros.sys]: FCU: UNK(8): EVENT 11047904 with args -0-0-0-0-0-128-0-0-0-176-122-127-128-176-122-127-128-0-0-0-0-0-0-0-0-0-0-0-0-0-0-0-0-0-0-0-0-0-0-0-
[INFO] [1790655740.492966655] [uav6.mavros.sys]: FCU: EVENT 377561 with args -8-0-0-0-20-0-0-0-0-0-0-0-0-0-0-0-0-0-0-0-0-0-0-0-0-0-0-0-0-0-0-0-0-0-0-0-0-0-0-0-
[WARN] [1790655740.493003739] [uav6.mavros.sys]: FCU: EVENT 453929 with args -255-255-255-255-7-0-0-0-0-0-0-0-0-0-0-0-0-0-0-0-0-0-0-0-0-0-0-0-0-0-0-0-0-0-0-0-0-0-0-0-
[INFO] [1790655740.493038926] [uav6.mavros.sys]: FCU: EVENT 6801787 with args -255-255-255-255-12-0-0-0-0-0-0-0-0-0-0-0-0-0-0-0-0-0-0-0-0-0-0-0-0-0-0-0-0-0-0-0-0-0-0-0-
[WARN] [1790655740.493073382] [uav6.mavros.sys]: FCU: UNK(8): EVENT 1914663 with args -0-10-13-2-56-0-0-0-0-0-0-0-0-0-0-0-0-0-0-0-0-0-0-0-0-0-0-0-0-0-0-0-0-0-0-0-0-0-0-0-
[WARN] [1790655743.422399317] [uav6.mavros.cmd]: CMD: Unexpected command 176, result 0
[INFO] [1790655744.358844004] [uav6.mavros.sys]: FCU: EVENT 9489139 with args -4-0-0-0-0-0-0-0-0-0-0-0-0-0-0-0-0-0-0-0-0-0-0-0-0-0-0-0-0-0-0-0-0-0-0-0-0-0-0-0-
[INFO] [1790655746.257357552] [uav6.mavros.sys]: FCU: EVENT 4277609 with args -0-0-0-0-0-0-0-0-0-0-0-0-0-0-0-0-0-0-0-0-0-0-0-0-0-0-0-0-0-0-0-0-0-0-0-0-0-0-0-0-
[WARN] [1790656004.930775988] [uav6.mavros.cmd]: CMD: Unexpected command 176, result 0
[INFO] [1790656038.506776304] [uav6.mavros.sys]: FCU: EVENT 9844908 with args -0-0-0-0-0-0-0-0-0-0-0-0-0-0-0-0-0-0-0-0-0-0-0-0-0-0-0-0-0-0-0-0-0-0-0-0-0-0-0-0-
[INFO] [1790656040.648305084] [uav6.mavros.sys]: FCU: EVENT 16017271 with args -6-0-0-0-0-0-0-0-0-0-0-0-0-0-0-0-0-0-0-0-0-0-0-0-0-0-0-0-0-0-0-0-0-0-0-0-0-0-0-0-
[WARN] [1790656044.336774438] [uav6.mavros.sys]: FCU: UNK(8): EVENT 11047904 with args -0-0-0-0-0-128-0-0-0-176-122-127-128-176-122-127-128-0-0-0-0-0-0-0-0-0-0-0-0-0-0-0-0-0-0-0-0-0-0-0-
[INFO] [1790656044.336857676] [uav6.mavros.sys]: FCU: EVENT 377561 with args -8-0-0-0-20-0-0-0-0-0-0-0-0-0-0-0-0-0-0-0-0-0-0-0-0-0-0-0-0-0-0-0-0-0-0-0-0-0-0-0-
[WARN] [1790656044.336944089] [uav6.mavros.sys]: FCU: EVENT 453929 with args -255-255-255-255-7-0-0-0-0-0-0-0-0-0-0-0-0-0-0-0-0-0-0-0-0-0-0-0-0-0-0-0-0-0-0-0-0-0-0-0-
[INFO] [1790656044.336961839] [uav6.mavros.sys]: FCU: EVENT 6801787 with args -255-255-255-255-12-0-0-0-0-0-0-0-0-0-0-0-0-0-0-0-0-0-0-0-0-0-0-0-0-0-0-0-0-0-0-0-0-0-0-0-
[WARN] [1790656044.337027048] [uav6.mavros.sys]: FCU: UNK(8): EVENT 1914663 with args -0-10-9-2-56-0-0-0-0-0-0-0-0-0-0-0-0-0-0-0-0-0-0-0-0-0-0-0-0-0-0-0-0-0-0-0-0-0-0-0-
[INFO] [1790656045.705207372] [rclcpp]: signal_handler(SIGINT/SIGTERM)
[WARN] [1790656045.707616315] [uav6.mavros]: UAS Executor terminated
