[INFO] [1790655727.639180016] [uav2.mavros_node]: Starting mavros_node container
[INFO] [1790655727.647235083] [uav2.mavros_node]: FCU URL: udp://:14541@127.0.0.1:14581
[INFO] [1790655727.647251751] [uav2.mavros_node]: GCS URL: 
[INFO] [1790655727.647257238] [uav2.mavros_node]: UAS Prefix: /uas2
[INFO] [1790655727.647262503] [uav2.mavros_node]: Starting mavros router node
[INFO] [1790655727.692623362] [uav2.mavros_router]: Built-in SIMD instructions: SSE, SSE2
[INFO] [1790655727.692861613] [uav2.mavros_router]: Built-in MAVLink package version: 2026.8.8
[INFO] [1790655727.692881049] [uav2.mavros_router]: Known MAVLink dialects: common ardupilotmega ASLUAV AVSSUAS all csAirLink cubepilot development icarous loweheiser marsh paparazzi standard stemstudios storm32 uAvionix ualberta
[INFO] [1790655727.692887115] [uav2.mavros_router]: MAVROS Router started
[INFO] [1790655727.693029141] [uav2.mavros_node]: Starting mavros uas node
[INFO] [1790655727.802783734] [uav2.mavros_router]: Requested to add endpoint: type: 0, url: udp://:14541@127.0.0.1:14581
[INFO] [1790655727.803261124] [uav2.mavros_router]: Endpoint link[1000] created
[INFO] [1790655727.804529358] [uav2.mavros_router]: link[1000] opened successfully
[INFO] [1790655727.804591171] [uav2.mavros_router]: Requested to add endpoint: type: 2, url: /uas2
[INFO] [1790655727.804610734] [uav2.mavros_router]: Endpoint link[1001] created
[INFO] [1790655727.805132974] [uav2.mavros_router]: link[1000] detected remote address 2.1
[INFO] [1790655727.819286051] [uav2.mavros]: Plugin actuator_control ignored
[INFO] [1790655727.819357151] [uav2.mavros]: Plugin altitude ignored
[INFO] [1790655727.819328611] [uav2.mavros]: UAS Executor started, threads: 4
[INFO] [1790655727.885136105] [uav2.mavros_router]: link[1001] opened successfully
[INFO] [1790655728.006094126] [uav2.mavros]: Plugin command created
[INFO] [1790655728.112175750] [uav2.mavros]: Plugin command initialized
[INFO] [1790655728.112199573] [uav2.mavros]: Plugin ftp ignored
[INFO] [1790655728.112205195] [uav2.mavros]: Plugin geofence ignored
[INFO] [1790655728.308865731] [uav2.mavros]: Plugin global_position created
[INFO] [1790655728.321022082] [uav2.mavros]: Plugin global_position initialized
[INFO] [1790655728.321044501] [uav2.mavros]: Plugin home_position ignored
[INFO] [1790655728.321051332] [uav2.mavros]: Plugin imu ignored
[INFO] [1790655728.553153471] [uav2.mavros]: Plugin local_position created
[INFO] [1790655728.553404094] [uav2.mavros]: Plugin local_position initialized
[INFO] [1790655728.553415864] [uav2.mavros]: Plugin manual_control ignored
[INFO] [1790655728.553421056] [uav2.mavros]: Plugin nav_controller_output ignored
[INFO] [1790655728.553425903] [uav2.mavros]: Plugin param ignored
[INFO] [1790655728.553431663] [uav2.mavros]: Plugin rallypoint ignored
[INFO] [1790655728.553442630] [uav2.mavros]: Plugin rc_io ignored
[INFO] [1790655728.553448236] [uav2.mavros]: Plugin setpoint_accel ignored
[INFO] [1790655728.553453376] [uav2.mavros]: Plugin setpoint_attitude ignored
[INFO] [1790655728.553458595] [uav2.mavros]: Plugin setpoint_position ignored
[INFO] [1790655728.553464055] [uav2.mavros]: Plugin setpoint_raw ignored
[INFO] [1790655728.553469227] [uav2.mavros]: Plugin setpoint_trajectory ignored
[INFO] [1790655728.734781566] [uav2.mavros]: Plugin setpoint_velocity created
[INFO] [1790655728.867061443] [uav2.mavros]: Plugin setpoint_velocity initialized
[INFO] [1790655729.271741301] [uav2.mavros]: Plugin sys_status created
[INFO] [1790655729.271819259] [uav2.mavros]: Plugin sys_status initialized
[INFO] [1790655729.510188224] [uav2.mavros.time]: TM: Timesync mode: MAVLINK
[INFO] [1790655729.527177546] [uav2.mavros]: Plugin sys_time created
[INFO] [1790655729.527239197] [uav2.mavros]: Plugin sys_time initialized
[INFO] [1790655729.527258035] [uav2.mavros]: Plugin waypoint ignored
[INFO] [1790655729.527263347] [uav2.mavros]: Plugin wind_estimation ignored
[INFO] [1790655729.534003651] [uav2.mavros]: Built-in SIMD instructions: SSE, SSE2
[INFO] [1790655729.534052189] [uav2.mavros]: Built-in MAVLink package version: 2026.8.8
[INFO] [1790655729.534082547] [uav2.mavros]: Known MAVLink dialects: common ardupilotmega ASLUAV AVSSUAS all csAirLink cubepilot development icarous loweheiser marsh paparazzi standard stemstudios storm32 uAvionix ualberta
[INFO] [1790655729.534088993] [uav2.mavros]: MAVROS UAS via /uas2 started. MY ID 2.191, TARGET ID 2.1
[INFO] [1790655729.600277670] [uav2.mavros_router]: link[1001] detected remote address 2.191
[INFO] [1790655729.813076739] [uav2.mavros]: CON: Got HEARTBEAT, connected. FCU: PX4 Autopilot
[INFO] [1790655730.861004685] [uav2.mavros.sys]: VER: 2.1: Capabilities         0x000000000000e8ff
[INFO] [1790655730.861108541] [uav2.mavros.sys]: VER: 2.1: Flight software:     011200c0 (fca3df865a000000)
[INFO] [1790655730.861116059] [uav2.mavros.sys]: VER: 2.1: Middleware software: 011200c0 (fca3df865a000000)
[INFO] [1790655730.861121484] [uav2.mavros.sys]: VER: 2.1: OS software:         070000ff (17040b9f87cb1791)
[INFO] [1790655730.861126438] [uav2.mavros.sys]: VER: 2.1: Board hardware:      00000001
[INFO] [1790655730.861131390] [uav2.mavros.sys]: VER: 2.1: VID/PID:             0000:0000
[INFO] [1790655730.861136440] [uav2.mavros.sys]: VER: 2.1: UID:                 4954414c44494e50
[WARN] [1790655730.861206747] [uav2.mavros.cmd]: CMD: Unexpected command 512, result 0
[WARN] [1790655741.299965769] [uav2.mavros.sys]: FCU: UNK(8): EVENT 11047904 with args -0-0-0-0-0-128-0-0-0-176-122-127-128-176-122-127-128-0-0-0-0-0-0-0-0-0-0-0-0-0-0-0-0-0-0-0-0-0-0-0-
[INFO] [1790655741.307763677] [uav2.mavros.sys]: FCU: EVENT 377561 with args -8-0-0-0-20-0-0-0-0-0-0-0-0-0-0-0-0-0-0-0-0-0-0-0-0-0-0-0-0-0-0-0-0-0-0-0-0-0-0-0-
[WARN] [1790655741.307842487] [uav2.mavros.sys]: FCU: EVENT 453929 with args -255-255-255-255-7-0-0-0-0-0-0-0-0-0-0-0-0-0-0-0-0-0-0-0-0-0-0-0-0-0-0-0-0-0-0-0-0-0-0-0-
[INFO] [1790655741.307891749] [uav2.mavros.sys]: FCU: EVENT 6801787 with args -255-255-255-255-12-0-0-0-0-0-0-0-0-0-0-0-0-0-0-0-0-0-0-0-0-0-0-0-0-0-0-0-0-0-0-0-0-0-0-0-
[WARN] [1790655741.307930992] [uav2.mavros.sys]: FCU: UNK(8): EVENT 1914663 with args -0-10-13-2-56-0-0-0-0-0-0-0-0-0-0-0-0-0-0-0-0-0-0-0-0-0-0-0-0-0-0-0-0-0-0-0-0-0-0-0-
[WARN] [1790655743.387992507] [uav2.mavros.cmd]: CMD: Unexpected command 176, result 0
[INFO] [1790655744.234268354] [uav2.mavros.sys]: FCU: EVENT 9489139 with args -4-0-0-0-0-0-0-0-0-0-0-0-0-0-0-0-0-0-0-0-0-0-0-0-0-0-0-0-0-0-0-0-0-0-0-0-0-0-0-0-
[INFO] [1790655746.175538440] [uav2.mavros.sys]: FCU: EVENT 4277609 with args -0-0-0-0-0-0-0-0-0-0-0-0-0-0-0-0-0-0-0-0-0-0-0-0-0-0-0-0-0-0-0-0-0-0-0-0-0-0-0-0-
[WARN] [1790656004.885536703] [uav2.mavros.cmd]: CMD: Unexpected command 176, result 0
[INFO] [1790656038.441848384] [uav2.mavros.sys]: FCU: EVENT 9844908 with args -0-0-0-0-0-0-0-0-0-0-0-0-0-0-0-0-0-0-0-0-0-0-0-0-0-0-0-0-0-0-0-0-0-0-0-0-0-0-0-0-
[INFO] [1790656040.578968699] [uav2.mavros.sys]: FCU: EVENT 16017271 with args -6-0-0-0-0-0-0-0-0-0-0-0-0-0-0-0-0-0-0-0-0-0-0-0-0-0-0-0-0-0-0-0-0-0-0-0-0-0-0-0-
[WARN] [1790656044.835337043] [uav2.mavros.sys]: FCU: UNK(8): EVENT 11047904 with args -0-0-0-0-0-128-0-0-0-176-122-127-128-176-122-127-128-0-0-0-0-0-0-0-0-0-0-0-0-0-0-0-0-0-0-0-0-0-0-0-
[INFO] [1790656044.835569369] [uav2.mavros.sys]: FCU: EVENT 377561 with args -8-0-0-0-20-0-0-0-0-0-0-0-0-0-0-0-0-0-0-0-0-0-0-0-0-0-0-0-0-0-0-0-0-0-0-0-0-0-0-0-
[WARN] [1790656044.835681438] [uav2.mavros.sys]: FCU: EVENT 453929 with args -255-255-255-255-7-0-0-0-0-0-0-0-0-0-0-0-0-0-0-0-0-0-0-0-0-0-0-0-0-0-0-0-0-0-0-0-0-0-0-0-
[INFO] [1790656044.835707960] [uav2.mavros.sys]: FCU: EVENT 6801787 with args -255-255-255-255-12-0-0-0-0-0-0-0-0-0-0-0-0-0-0-0-0-0-0-0-0-0-0-0-0-0-0-0-0-0-0-0-0-0-0-0-
[WARN] [1790656044.835744683] [uav2.mavros.sys]: FCU: UNK(8): EVENT 1914663 with args -0-10-9-2-56-0-0-0-0-0-0-0-0-0-0-0-0-0-0-0-0-0-0-0-0-0-0-0-0-0-0-0-0-0-0-0-0-0-0-0-
[INFO] [1790656045.702216419] [rclcpp]: signal_handler(SIGINT/SIGTERM)
[WARN] [1790656045.704825458] [uav2.mavros]: UAS Executor terminated
