[INFO] [1790655727.619467329] [uav4.mavros_node]: Starting mavros_node container
[INFO] [1790655727.621250034] [uav4.mavros_node]: FCU URL: udp://:14543@127.0.0.1:14583
[INFO] [1790655727.621266329] [uav4.mavros_node]: GCS URL: 
[INFO] [1790655727.621271605] [uav4.mavros_node]: UAS Prefix: /uas4
[INFO] [1790655727.621276456] [uav4.mavros_node]: Starting mavros router node
[INFO] [1790655727.657922057] [uav4.mavros_router]: Built-in SIMD instructions: SSE, SSE2
[INFO] [1790655727.674956853] [uav4.mavros_router]: Built-in MAVLink package version: 2026.8.8
[INFO] [1790655727.674974277] [uav4.mavros_router]: Known MAVLink dialects: common ardupilotmega ASLUAV AVSSUAS all csAirLink cubepilot development icarous loweheiser marsh paparazzi standard stemstudios storm32 uAvionix ualberta
[INFO] [1790655727.674981280] [uav4.mavros_router]: MAVROS Router started
[INFO] [1790655727.675159968] [uav4.mavros_node]: Starting mavros uas node
[INFO] [1790655727.780172535] [uav4.mavros_router]: Requested to add endpoint: type: 0, url: udp://:14543@127.0.0.1:14583
[INFO] [1790655727.797583239] [uav4.mavros_router]: Endpoint link[1000] created
[INFO] [1790655727.797910342] [uav4.mavros_router]: link[1000] opened successfully
[INFO] [1790655727.793747152] [uav4.mavros]: Plugin actuator_control ignored
[INFO] [1790655727.799402448] [uav4.mavros]: Plugin altitude ignored
[INFO] [1790655727.793732299] [uav4.mavros]: UAS Executor started, threads: 4
[INFO] [1790655727.800604109] [uav4.mavros_router]: Requested to add endpoint: type: 2, url: /uas4
[INFO] [1790655727.800645515] [uav4.mavros_router]: Endpoint link[1001] created
[INFO] [1790655727.798989809] [uav4.mavros_router]: link[1000] detected remote address 4.1
[INFO] [1790655727.926666946] [uav4.mavros_router]: link[1001] opened successfully
[INFO] [1790655728.055089372] [uav4.mavros]: Plugin command created
[INFO] [1790655728.111961918] [uav4.mavros]: Plugin command initialized
[INFO] [1790655728.111977642] [uav4.mavros]: Plugin ftp ignored
[INFO] [1790655728.111983740] [uav4.mavros]: Plugin geofence ignored
[INFO] [1790655728.221378350] [uav4.mavros]: Plugin global_position created
[INFO] [1790655728.221443661] [uav4.mavros]: Plugin global_position initialized
[INFO] [1790655728.221453958] [uav4.mavros]: Plugin home_position ignored
[INFO] [1790655728.221459906] [uav4.mavros]: Plugin imu ignored
[INFO] [1790655728.382894902] [uav4.mavros]: Plugin local_position created
[INFO] [1790655728.387248268] [uav4.mavros]: Plugin local_position initialized
[INFO] [1790655728.387260903] [uav4.mavros]: Plugin manual_control ignored
[INFO] [1790655728.387266605] [uav4.mavros]: Plugin nav_controller_output ignored
[INFO] [1790655728.387271230] [uav4.mavros]: Plugin param ignored
[INFO] [1790655728.387275909] [uav4.mavros]: Plugin rallypoint ignored
[INFO] [1790655728.387280456] [uav4.mavros]: Plugin rc_io ignored
[INFO] [1790655728.387284913] [uav4.mavros]: Plugin setpoint_accel ignored
[INFO] [1790655728.387318528] [uav4.mavros]: Plugin setpoint_attitude ignored
[INFO] [1790655728.387327741] [uav4.mavros]: Plugin setpoint_position ignored
[INFO] [1790655728.387333373] [uav4.mavros]: Plugin setpoint_raw ignored
[INFO] [1790655728.387338254] [uav4.mavros]: Plugin setpoint_trajectory ignored
[INFO] [1790655728.557016063] [uav4.mavros]: Plugin setpoint_velocity created
[INFO] [1790655728.567257362] [uav4.mavros]: Plugin setpoint_velocity initialized
[INFO] [1790655728.979171926] [uav4.mavros]: Plugin sys_status created
[INFO] [1790655728.982276768] [uav4.mavros]: Plugin sys_status initialized
[INFO] [1790655729.187081062] [uav4.mavros.time]: TM: Timesync mode: MAVLINK
[INFO] [1790655729.211009448] [uav4.mavros]: Plugin sys_time created
[INFO] [1790655729.211065373] [uav4.mavros]: Plugin sys_time initialized
[INFO] [1790655729.211074750] [uav4.mavros]: Plugin waypoint ignored
[INFO] [1790655729.211080582] [uav4.mavros]: Plugin wind_estimation ignored
[INFO] [1790655729.218608320] [uav4.mavros]: Built-in SIMD instructions: SSE, SSE2
[INFO] [1790655729.218655995] [uav4.mavros]: Built-in MAVLink package version: 2026.8.8
[INFO] [1790655729.218689051] [uav4.mavros]: Known MAVLink dialects: common ardupilotmega ASLUAV AVSSUAS all csAirLink cubepilot development icarous loweheiser marsh paparazzi standard stemstudios storm32 uAvionix ualberta
[INFO] [1790655729.218697019] [uav4.mavros]: MAVROS UAS via /uas4 started. MY ID 4.191, TARGET ID 4.1
[INFO] [1790655729.293569433] [uav4.mavros_router]: link[1001] detected remote address 4.191
[INFO] [1790655729.935389094] [uav4.mavros]: CON: Got HEARTBEAT, connected. FCU: PX4 Autopilot
[INFO] [1790655731.040500409] [uav4.mavros.sys]: VER: 4.1: Capabilities         0x000000000000e8ff
[INFO] [1790655731.070686853] [uav4.mavros.sys]: VER: 4.1: Flight software:     011200c0 (fca3df865a000000)
[INFO] [1790655731.070701812] [uav4.mavros.sys]: VER: 4.1: Middleware software: 011200c0 (fca3df865a000000)
[INFO] [1790655731.070706968] [uav4.mavros.sys]: VER: 4.1: OS software:         070000ff (17040b9f87cb1791)
[INFO] [1790655731.070711797] [uav4.mavros.sys]: VER: 4.1: Board hardware:      00000001
[INFO] [1790655731.070717167] [uav4.mavros.sys]: VER: 4.1: VID/PID:             0000:0000
[INFO] [1790655731.070722007] [uav4.mavros.sys]: VER: 4.1: UID:                 4954414c44494e52
[WARN] [1790655731.071546825] [uav4.mavros.cmd]: CMD: Unexpected command 512, result 0
[WARN] [1790655742.615531334] [uav4.mavros.sys]: FCU: UNK(8): EVENT 11047904 with args -0-0-0-0-0-128-0-0-0-176-122-127-128-176-122-127-128-0-0-0-0-0-0-0-0-0-0-0-0-0-0-0-0-0-0-0-0-0-0-0-
[INFO] [1790655742.615596884] [uav4.mavros.sys]: FCU: EVENT 377561 with args -8-0-0-0-20-0-0-0-0-0-0-0-0-0-0-0-0-0-0-0-0-0-0-0-0-0-0-0-0-0-0-0-0-0-0-0-0-0-0-0-
[WARN] [1790655742.615622297] [uav4.mavros.sys]: FCU: EVENT 453929 with args -255-255-255-255-7-0-0-0-0-0-0-0-0-0-0-0-0-0-0-0-0-0-0-0-0-0-0-0-0-0-0-0-0-0-0-0-0-0-0-0-
[INFO] [1790655742.615645395] [uav4.mavros.sys]: FCU: EVENT 6801787 with args -255-255-255-255-12-0-0-0-0-0-0-0-0-0-0-0-0-0-0-0-0-0-0-0-0-0-0-0-0-0-0-0-0-0-0-0-0-0-0-0-
[WARN] [1790655742.615668316] [uav4.mavros.sys]: FCU: UNK(8): EVENT 1914663 with args -0-10-13-2-56-0-0-0-0-0-0-0-0-0-0-0-0-0-0-0-0-0-0-0-0-0-0-0-0-0-0-0-0-0-0-0-0-0-0-0-
[WARN] [1790655743.391952510] [uav4.mavros.cmd]: CMD: Unexpected command 176, result 0
[INFO] [1790655744.351117591] [uav4.mavros.sys]: FCU: EVENT 9489139 with args -4-0-0-0-0-0-0-0-0-0-0-0-0-0-0-0-0-0-0-0-0-0-0-0-0-0-0-0-0-0-0-0-0-0-0-0-0-0-0-0-
[INFO] [1790655746.276335277] [uav4.mavros.sys]: FCU: EVENT 4277609 with args -0-0-0-0-0-0-0-0-0-0-0-0-0-0-0-0-0-0-0-0-0-0-0-0-0-0-0-0-0-0-0-0-0-0-0-0-0-0-0-0-
[WARN] [1790656004.896749590] [uav4.mavros.cmd]: CMD: Unexpected command 176, result 0
[INFO] [1790656037.832503116] [uav4.mavros.sys]: FCU: EVENT 9844908 with args -0-0-0-0-0-0-0-0-0-0-0-0-0-0-0-0-0-0-0-0-0-0-0-0-0-0-0-0-0-0-0-0-0-0-0-0-0-0-0-0-
[INFO] [1790656039.979112028] [uav4.mavros.sys]: FCU: EVENT 16017271 with args -6-0-0-0-0-0-0-0-0-0-0-0-0-0-0-0-0-0-0-0-0-0-0-0-0-0-0-0-0-0-0-0-0-0-0-0-0-0-0-0-
[WARN] [1790656044.139487097] [uav4.mavros.sys]: FCU: UNK(8): EVENT 11047904 with args -0-0-0-0-0-128-0-0-0-176-122-127-128-176-122-127-128-0-0-0-0-0-0-0-0-0-0-0-0-0-0-0-0-0-0-0-0-0-0-0-
[INFO] [1790656044.139614482] [uav4.mavros.sys]: FCU: EVENT 377561 with args -8-0-0-0-20-0-0-0-0-0-0-0-0-0-0-0-0-0-0-0-0-0-0-0-0-0-0-0-0-0-0-0-0-0-0-0-0-0-0-0-
[WARN] [1790656044.139651000] [uav4.mavros.sys]: FCU: EVENT 453929 with args -255-255-255-255-7-0-0-0-0-0-0-0-0-0-0-0-0-0-0-0-0-0-0-0-0-0-0-0-0-0-0-0-0-0-0-0-0-0-0-0-
[INFO] [1790656044.139680427] [uav4.mavros.sys]: FCU: EVENT 6801787 with args -255-255-255-255-12-0-0-0-0-0-0-0-0-0-0-0-0-0-0-0-0-0-0-0-0-0-0-0-0-0-0-0-0-0-0-0-0-0-0-0-
[WARN] [1790656044.139708554] [uav4.mavros.sys]: FCU: UNK(8): EVENT 1914663 with args -0-10-9-2-56-0-0-0-0-0-0-0-0-0-0-0-0-0-0-0-0-0-0-0-0-0-0-0-0-0-0-0-0-0-0-0-0-0-0-0-
[INFO] [1790656045.702219379] [rclcpp]: signal_handler(SIGINT/SIGTERM)
[WARN] [1790656045.707491477] [uav4.mavros]: UAS Executor terminated
