[INFO] [1790655727.820445069] [uav10.mavros_node]: Starting mavros_node container
[INFO] [1790655727.820567718] [uav10.mavros_node]: FCU URL: udp://:14549@127.0.0.1:14589
[INFO] [1790655727.820577211] [uav10.mavros_node]: GCS URL: 
[INFO] [1790655727.820582138] [uav10.mavros_node]: UAS Prefix: /uas10
[INFO] [1790655727.820587704] [uav10.mavros_node]: Starting mavros router node
[INFO] [1790655727.872661133] [uav10.mavros_router]: Built-in SIMD instructions: SSE, SSE2
[INFO] [1790655727.874067892] [uav10.mavros_router]: Built-in MAVLink package version: 2026.8.8
[INFO] [1790655727.874083243] [uav10.mavros_router]: Known MAVLink dialects: common ardupilotmega ASLUAV AVSSUAS all csAirLink cubepilot development icarous loweheiser marsh paparazzi standard stemstudios storm32 uAvionix ualberta
[INFO] [1790655727.874089830] [uav10.mavros_router]: MAVROS Router started
[INFO] [1790655727.874521849] [uav10.mavros_node]: Starting mavros uas node
[INFO] [1790655728.053627011] [uav10.mavros_router]: Requested to add endpoint: type: 0, url: udp://:14549@127.0.0.1:14589
[INFO] [1790655728.114320262] [uav10.mavros_router]: Endpoint link[1000] created
[INFO] [1790655728.114553191] [uav10.mavros_router]: link[1000] opened successfully
[INFO] [1790655728.114573637] [uav10.mavros_router]: Requested to add endpoint: type: 2, url: /uas10
[INFO] [1790655728.114587540] [uav10.mavros_router]: Endpoint link[1001] created
[INFO] [1790655728.063658474] [uav10.mavros]: Plugin actuator_control ignored
[INFO] [1790655728.116072303] [uav10.mavros]: Plugin altitude ignored
[INFO] [1790655728.063750570] [uav10.mavros]: UAS Executor started, threads: 4
[INFO] [1790655728.120806901] [uav10.mavros_router]: link[1000] detected remote address 10.1
[INFO] [1790655728.225849096] [uav10.mavros_router]: link[1001] opened successfully
[INFO] [1790655728.408128248] [uav10.mavros]: Plugin command created
[INFO] [1790655728.408193696] [uav10.mavros]: Plugin command initialized
[INFO] [1790655728.408202362] [uav10.mavros]: Plugin ftp ignored
[INFO] [1790655728.408207231] [uav10.mavros]: Plugin geofence ignored
[INFO] [1790655728.654332615] [uav10.mavros]: Plugin global_position created
[INFO] [1790655728.654546934] [uav10.mavros]: Plugin global_position initialized
[INFO] [1790655728.654557589] [uav10.mavros]: Plugin home_position ignored
[INFO] [1790655728.654563467] [uav10.mavros]: Plugin imu ignored
[INFO] [1790655728.864095201] [uav10.mavros]: Plugin local_position created
[INFO] [1790655728.868365357] [uav10.mavros]: Plugin local_position initialized
[INFO] [1790655728.884487275] [uav10.mavros]: Plugin manual_control ignored
[INFO] [1790655728.884498093] [uav10.mavros]: Plugin nav_controller_output ignored
[INFO] [1790655728.884503385] [uav10.mavros]: Plugin param ignored
[INFO] [1790655728.884508501] [uav10.mavros]: Plugin rallypoint ignored
[INFO] [1790655728.884513836] [uav10.mavros]: Plugin rc_io ignored
[INFO] [1790655728.884518935] [uav10.mavros]: Plugin setpoint_accel ignored
[INFO] [1790655728.884523789] [uav10.mavros]: Plugin setpoint_attitude ignored
[INFO] [1790655728.884529806] [uav10.mavros]: Plugin setpoint_position ignored
[INFO] [1790655728.884534913] [uav10.mavros]: Plugin setpoint_raw ignored
[INFO] [1790655728.884546906] [uav10.mavros]: Plugin setpoint_trajectory ignored
[INFO] [1790655728.993407055] [uav10.mavros]: Plugin setpoint_velocity created
[INFO] [1790655728.993459048] [uav10.mavros]: Plugin setpoint_velocity initialized
[INFO] [1790655729.287335829] [uav10.mavros]: Plugin sys_status created
[INFO] [1790655729.287715126] [uav10.mavros]: Plugin sys_status initialized
[INFO] [1790655729.411498718] [uav10.mavros.time]: TM: Timesync mode: MAVLINK
[INFO] [1790655729.449904707] [uav10.mavros]: Plugin sys_time created
[INFO] [1790655729.453385700] [uav10.mavros]: Plugin sys_time initialized
[INFO] [1790655729.453399820] [uav10.mavros]: Plugin waypoint ignored
[INFO] [1790655729.453405708] [uav10.mavros]: Plugin wind_estimation ignored
[INFO] [1790655729.460211297] [uav10.mavros]: Built-in SIMD instructions: SSE, SSE2
[INFO] [1790655729.460249660] [uav10.mavros]: Built-in MAVLink package version: 2026.8.8
[INFO] [1790655729.460279030] [uav10.mavros]: Known MAVLink dialects: common ardupilotmega ASLUAV AVSSUAS all csAirLink cubepilot development icarous loweheiser marsh paparazzi standard stemstudios storm32 uAvionix ualberta
[INFO] [1790655729.460285701] [uav10.mavros]: MAVROS UAS via /uas10 started. MY ID 10.191, TARGET ID 10.1
[INFO] [1790655729.528991100] [uav10.mavros_router]: link[1001] detected remote address 10.191
[INFO] [1790655730.175110253] [uav10.mavros]: CON: Got HEARTBEAT, connected. FCU: PX4 Autopilot
[INFO] [1790655731.248468696] [uav10.mavros.sys]: VER: 10.1: Capabilities         0x000000000000e8ff
[INFO] [1790655731.248528280] [uav10.mavros.sys]: VER: 10.1: Flight software:     011200c0 (fca3df865a000000)
[INFO] [1790655731.248537191] [uav10.mavros.sys]: VER: 10.1: Middleware software: 011200c0 (fca3df865a000000)
[INFO] [1790655731.248542250] [uav10.mavros.sys]: VER: 10.1: OS software:         070000ff (17040b9f87cb1791)
[INFO] [1790655731.248547142] [uav10.mavros.sys]: VER: 10.1: Board hardware:      00000001
[INFO] [1790655731.248551970] [uav10.mavros.sys]: VER: 10.1: VID/PID:             0000:0000
[INFO] [1790655731.248556982] [uav10.mavros.sys]: VER: 10.1: UID:                 4954414c44494e58
[WARN] [1790655731.253396804] [uav10.mavros.cmd]: CMD: Unexpected command 512, result 0
[WARN] [1790655731.286653732] [uav10.mavros.sys]: FCU: UNK(8): EVENT 11047904 with args -0-0-0-16-0-128-0-0-0-176-58-127-128-176-58-127-128-0-0-0-0-0-0-0-0-0-0-0-0-0-0-0-0-0-0-0-0-0-0-0-
[ERROR] [1790655731.308233554] [uav10.mavros.sys]: FCU: EVENT 11464574 with args -0-64-0-0-20-0-0-0-0-0-0-0-0-0-0-0-0-0-0-0-0-0-0-0-0-0-0-0-0-0-0-0-0-0-0-0-0-0-0-0-
[INFO] [1790655731.308352322] [uav10.mavros.sys]: FCU: EVENT 377561 with args -8-0-0-0-20-0-0-0-0-0-0-0-0-0-0-0-0-0-0-0-0-0-0-0-0-0-0-0-0-0-0-0-0-0-0-0-0-0-0-0-
[WARN] [1790655731.308412512] [uav10.mavros.sys]: FCU: EVENT 453929 with args -255-255-255-255-7-0-0-0-0-0-0-0-0-0-0-0-0-0-0-0-0-0-0-0-0-0-0-0-0-0-0-0-0-0-0-0-0-0-0-0-
[INFO] [1790655731.308567452] [uav10.mavros.sys]: FCU: EVENT 6801787 with args -255-255-255-255-12-0-0-0-0-0-0-0-0-0-0-0-0-0-0-0-0-0-0-0-0-0-0-0-0-0-0-0-0-0-0-0-0-0-0-0-
[WARN] [1790655731.308606305] [uav10.mavros.sys]: FCU: UNK(8): EVENT 1914663 with args -0-10-13-2-56-0-0-0-0-0-0-0-0-0-0-0-0-0-0-0-0-0-0-0-0-0-0-0-0-0-0-0-0-0-0-0-0-0-0-0-
[WARN] [1790655739.442263540] [uav10.mavros.sys]: FCU: UNK(8): EVENT 11047904 with args -0-0-0-0-0-128-0-0-0-176-122-127-128-176-122-127-128-0-0-0-0-0-0-0-0-0-0-0-0-0-0-0-0-0-0-0-0-0-0-0-
[INFO] [1790655739.442392878] [uav10.mavros.sys]: FCU: EVENT 377561 with args -8-0-0-0-20-0-0-0-0-0-0-0-0-0-0-0-0-0-0-0-0-0-0-0-0-0-0-0-0-0-0-0-0-0-0-0-0-0-0-0-
[WARN] [1790655739.444102205] [uav10.mavros.sys]: FCU: EVENT 453929 with args -255-255-255-255-7-0-0-0-0-0-0-0-0-0-0-0-0-0-0-0-0-0-0-0-0-0-0-0-0-0-0-0-0-0-0-0-0-0-0-0-
[INFO] [1790655739.444214337] [uav10.mavros.sys]: FCU: EVENT 6801787 with args -255-255-255-255-12-0-0-0-0-0-0-0-0-0-0-0-0-0-0-0-0-0-0-0-0-0-0-0-0-0-0-0-0-0-0-0-0-0-0-0-
[WARN] [1790655739.444254399] [uav10.mavros.sys]: FCU: UNK(8): EVENT 1914663 with args -0-10-13-2-56-0-0-0-0-0-0-0-0-0-0-0-0-0-0-0-0-0-0-0-0-0-0-0-0-0-0-0-0-0-0-0-0-0-0-0-
[WARN] [1790655743.432540536] [uav10.mavros.cmd]: CMD: Unexpected command 176, result 0
[INFO] [1790655743.559247310] [uav10.mavros.sys]: FCU: EVENT 9489139 with args -4-0-0-0-0-0-0-0-0-0-0-0-0-0-0-0-0-0-0-0-0-0-0-0-0-0-0-0-0-0-0-0-0-0-0-0-0-0-0-0-
[INFO] [1790655745.325428805] [uav10.mavros.sys]: FCU: EVENT 4277609 with args -0-0-0-0-0-0-0-0-0-0-0-0-0-0-0-0-0-0-0-0-0-0-0-0-0-0-0-0-0-0-0-0-0-0-0-0-0-0-0-0-
[WARN] [1790656004.933535000] [uav10.mavros.cmd]: CMD: Unexpected command 176, result 0
[INFO] [1790656038.028807443] [uav10.mavros.sys]: FCU: EVENT 9844908 with args -0-0-0-0-0-0-0-0-0-0-0-0-0-0-0-0-0-0-0-0-0-0-0-0-0-0-0-0-0-0-0-0-0-0-0-0-0-0-0-0-
[INFO] [1790656040.177533498] [uav10.mavros.sys]: FCU: EVENT 16017271 with args -6-0-0-0-0-0-0-0-0-0-0-0-0-0-0-0-0-0-0-0-0-0-0-0-0-0-0-0-0-0-0-0-0-0-0-0-0-0-0-0-
[WARN] [1790656044.359800177] [uav10.mavros.sys]: FCU: UNK(8): EVENT 11047904 with args -0-0-0-0-0-128-0-0-0-176-122-127-128-176-122-127-128-0-0-0-0-0-0-0-0-0-0-0-0-0-0-0-0-0-0-0-0-0-0-0-
[INFO] [1790656044.359953633] [uav10.mavros.sys]: FCU: EVENT 377561 with args -8-0-0-0-20-0-0-0-0-0-0-0-0-0-0-0-0-0-0-0-0-0-0-0-0-0-0-0-0-0-0-0-0-0-0-0-0-0-0-0-
[WARN] [1790656044.360061628] [uav10.mavros.sys]: FCU: EVENT 453929 with args -255-255-255-255-7-0-0-0-0-0-0-0-0-0-0-0-0-0-0-0-0-0-0-0-0-0-0-0-0-0-0-0-0-0-0-0-0-0-0-0-
[INFO] [1790656044.360082734] [uav10.mavros.sys]: FCU: EVENT 6801787 with args -255-255-255-255-12-0-0-0-0-0-0-0-0-0-0-0-0-0-0-0-0-0-0-0-0-0-0-0-0-0-0-0-0-0-0-0-0-0-0-0-
[WARN] [1790656044.360120276] [uav10.mavros.sys]: FCU: UNK(8): EVENT 1914663 with args -0-10-9-2-56-0-0-0-0-0-0-0-0-0-0-0-0-0-0-0-0-0-0-0-0-0-0-0-0-0-0-0-0-0-0-0-0-0-0-0-
[INFO] [1790656045.702810435] [rclcpp]: signal_handler(SIGINT/SIGTERM)
[WARN] [1790656045.704362790] [uav10.mavros]: UAS Executor terminated
