[INFO] [1790586204.621478113] [uav6.mavros_node]: Starting mavros_node container
[INFO] [1790586204.627061442] [uav6.mavros_node]: FCU URL: udp://:14545@127.0.0.1:14585
[INFO] [1790586204.628522059] [uav6.mavros_node]: GCS URL: 
[INFO] [1790586204.628604891] [uav6.mavros_node]: UAS Prefix: /uas6
[INFO] [1790586204.628981286] [uav6.mavros_node]: Starting mavros router node
[INFO] [1790586204.729267918] [uav6.mavros_router]: Built-in SIMD instructions: SSE, SSE2
[INFO] [1790586204.729661656] [uav6.mavros_router]: Built-in MAVLink package version: 2026.8.8
[INFO] [1790586204.729682689] [uav6.mavros_router]: Known MAVLink dialects: common ardupilotmega ASLUAV AVSSUAS all csAirLink cubepilot development icarous loweheiser marsh paparazzi standard stemstudios storm32 uAvionix ualberta
[INFO] [1790586204.729690326] [uav6.mavros_router]: MAVROS Router started
[INFO] [1790586204.729841287] [uav6.mavros_node]: Starting mavros uas node
[INFO] [1790586204.972808828] [uav6.mavros_router]: Requested to add endpoint: type: 0, url: udp://:14545@127.0.0.1:14585
[INFO] [1790586204.972879028] [uav6.mavros_router]: Endpoint link[1000] created
[INFO] [1790586204.976342325] [uav6.mavros_router]: link[1000] opened successfully
[INFO] [1790586204.976404047] [uav6.mavros_router]: Requested to add endpoint: type: 2, url: /uas6
[INFO] [1790586204.976428053] [uav6.mavros_router]: Endpoint link[1001] created
[INFO] [1790586204.983460871] [uav6.mavros_router]: link[1000] detected remote address 6.1
[INFO] [1790586204.989554722] [uav6.mavros]: Plugin actuator_control ignored
[INFO] [1790586204.989641522] [uav6.mavros]: Plugin altitude ignored
[INFO] [1790586204.990196245] [uav6.mavros]: UAS Executor started, threads: 4
[INFO] [1790586205.037080404] [uav6.mavros_router]: link[1001] opened successfully
[INFO] [1790586205.210902072] [uav6.mavros]: Plugin command created
[INFO] [1790586205.211255323] [uav6.mavros]: Plugin command initialized
[INFO] [1790586205.211282728] [uav6.mavros]: Plugin ftp ignored
[INFO] [1790586205.211290297] [uav6.mavros]: Plugin geofence ignored
[INFO] [1790586205.451012089] [uav6.mavros]: Plugin global_position created
[INFO] [1790586205.451082398] [uav6.mavros]: Plugin global_position initialized
[INFO] [1790586205.451093529] [uav6.mavros]: Plugin home_position ignored
[INFO] [1790586205.451099640] [uav6.mavros]: Plugin imu ignored
[INFO] [1790586205.628320516] [uav6.mavros]: Plugin local_position created
[INFO] [1790586205.636055396] [uav6.mavros]: Plugin local_position initialized
[INFO] [1790586205.636109556] [uav6.mavros]: Plugin manual_control ignored
[INFO] [1790586205.636118636] [uav6.mavros]: Plugin nav_controller_output ignored
[INFO] [1790586205.636124215] [uav6.mavros]: Plugin param ignored
[INFO] [1790586205.636130396] [uav6.mavros]: Plugin rallypoint ignored
[INFO] [1790586205.636136082] [uav6.mavros]: Plugin rc_io ignored
[INFO] [1790586205.636142077] [uav6.mavros]: Plugin setpoint_accel ignored
[INFO] [1790586205.636147535] [uav6.mavros]: Plugin setpoint_attitude ignored
[INFO] [1790586205.636152875] [uav6.mavros]: Plugin setpoint_position ignored
[INFO] [1790586205.636158376] [uav6.mavros]: Plugin setpoint_raw ignored
[INFO] [1790586205.636163965] [uav6.mavros]: Plugin setpoint_trajectory ignored
[INFO] [1790586205.799019733] [uav6.mavros]: Plugin setpoint_velocity created
[INFO] [1790586205.799088042] [uav6.mavros]: Plugin setpoint_velocity initialized
[INFO] [1790586206.005539185] [uav6.mavros]: Plugin sys_status created
[INFO] [1790586206.009436053] [uav6.mavros]: Plugin sys_status initialized
[INFO] [1790586206.121290524] [uav6.mavros.time]: TM: Timesync mode: MAVLINK
[INFO] [1790586206.148034390] [uav6.mavros]: Plugin sys_time created
[INFO] [1790586206.148094251] [uav6.mavros]: Plugin sys_time initialized
[INFO] [1790586206.148104426] [uav6.mavros]: Plugin waypoint ignored
[INFO] [1790586206.148113387] [uav6.mavros]: Plugin wind_estimation ignored
[INFO] [1790586206.182368356] [uav6.mavros]: Built-in SIMD instructions: SSE, SSE2
[INFO] [1790586206.182420207] [uav6.mavros]: Built-in MAVLink package version: 2026.8.8
[INFO] [1790586206.182456138] [uav6.mavros]: Known MAVLink dialects: common ardupilotmega ASLUAV AVSSUAS all csAirLink cubepilot development icarous loweheiser marsh paparazzi standard stemstudios storm32 uAvionix ualberta
[INFO] [1790586206.182466617] [uav6.mavros]: MAVROS UAS via /uas6 started. MY ID 6.191, TARGET ID 6.1
[INFO] [1790586206.263480814] [uav6.mavros_router]: link[1001] detected remote address 6.191
[INFO] [1790586206.474148283] [uav6.mavros]: CON: Got HEARTBEAT, connected. FCU: PX4 Autopilot
[INFO] [1790586207.503234641] [uav6.mavros.sys]: VER: 6.1: Capabilities         0x000000000000e8ff
[INFO] [1790586207.503294153] [uav6.mavros.sys]: VER: 6.1: Flight software:     011200c0 (fca3df865a000000)
[INFO] [1790586207.503303749] [uav6.mavros.sys]: VER: 6.1: Middleware software: 011200c0 (fca3df865a000000)
[INFO] [1790586207.503309507] [uav6.mavros.sys]: VER: 6.1: OS software:         070000ff (17040b9f87cb1791)
[INFO] [1790586207.503315304] [uav6.mavros.sys]: VER: 6.1: Board hardware:      00000001
[INFO] [1790586207.503320998] [uav6.mavros.sys]: VER: 6.1: VID/PID:             0000:0000
[INFO] [1790586207.503326771] [uav6.mavros.sys]: VER: 6.1: UID:                 4954414c44494e54
[WARN] [1790586207.507885702] [uav6.mavros.cmd]: CMD: Unexpected command 512, result 0
[WARN] [1790586215.789676845] [uav6.mavros.sys]: FCU: UNK(8): EVENT 11047904 with args -0-0-0-0-0-128-0-0-0-176-122-127-128-176-122-127-128-0-0-0-0-0-0-0-0-0-0-0-0-0-0-0-0-0-0-0-0-0-0-0-
[INFO] [1790586215.794264953] [uav6.mavros.sys]: FCU: EVENT 377561 with args -8-0-0-0-20-0-0-0-0-0-0-0-0-0-0-0-0-0-0-0-0-0-0-0-0-0-0-0-0-0-0-0-0-0-0-0-0-0-0-0-
[WARN] [1790586215.794390078] [uav6.mavros.sys]: FCU: EVENT 453929 with args -255-255-255-255-7-0-0-0-0-0-0-0-0-0-0-0-0-0-0-0-0-0-0-0-0-0-0-0-0-0-0-0-0-0-0-0-0-0-0-0-
[INFO] [1790586215.794422279] [uav6.mavros.sys]: FCU: EVENT 6801787 with args -255-255-255-255-12-0-0-0-0-0-0-0-0-0-0-0-0-0-0-0-0-0-0-0-0-0-0-0-0-0-0-0-0-0-0-0-0-0-0-0-
[WARN] [1790586215.794451248] [uav6.mavros.sys]: FCU: UNK(8): EVENT 1914663 with args -0-10-13-2-56-0-0-0-0-0-0-0-0-0-0-0-0-0-0-0-0-0-0-0-0-0-0-0-0-0-0-0-0-0-0-0-0-0-0-0-
[WARN] [1790586220.168526120] [uav6.mavros.cmd]: CMD: Unexpected command 176, result 0
[INFO] [1790586220.853972232] [uav6.mavros.sys]: FCU: EVENT 9489139 with args -4-0-0-0-0-0-0-0-0-0-0-0-0-0-0-0-0-0-0-0-0-0-0-0-0-0-0-0-0-0-0-0-0-0-0-0-0-0-0-0-
[INFO] [1790586222.649311375] [uav6.mavros.sys]: FCU: EVENT 4277609 with args -0-0-0-0-0-0-0-0-0-0-0-0-0-0-0-0-0-0-0-0-0-0-0-0-0-0-0-0-0-0-0-0-0-0-0-0-0-0-0-0-
[WARN] [1790586469.939268834] [uav6.mavros.cmd]: CMD: Unexpected command 176, result 0
[INFO] [1790586502.937885156] [uav6.mavros.sys]: FCU: EVENT 9844908 with args -0-0-0-0-0-0-0-0-0-0-0-0-0-0-0-0-0-0-0-0-0-0-0-0-0-0-0-0-0-0-0-0-0-0-0-0-0-0-0-0-
[INFO] [1790586505.048225705] [uav6.mavros.sys]: FCU: EVENT 16017271 with args -6-0-0-0-0-0-0-0-0-0-0-0-0-0-0-0-0-0-0-0-0-0-0-0-0-0-0-0-0-0-0-0-0-0-0-0-0-0-0-0-
[WARN] [1790586508.366786487] [uav6.mavros.sys]: FCU: UNK(8): EVENT 11047904 with args -0-0-0-0-0-128-0-0-0-176-122-127-128-176-122-127-128-0-0-0-0-0-0-0-0-0-0-0-0-0-0-0-0-0-0-0-0-0-0-0-
[INFO] [1790586508.366863608] [uav6.mavros.sys]: FCU: EVENT 377561 with args -8-0-0-0-20-0-0-0-0-0-0-0-0-0-0-0-0-0-0-0-0-0-0-0-0-0-0-0-0-0-0-0-0-0-0-0-0-0-0-0-
[WARN] [1790586508.366941745] [uav6.mavros.sys]: FCU: EVENT 453929 with args -255-255-255-255-7-0-0-0-0-0-0-0-0-0-0-0-0-0-0-0-0-0-0-0-0-0-0-0-0-0-0-0-0-0-0-0-0-0-0-0-
[INFO] [1790586508.367131356] [uav6.mavros.sys]: FCU: EVENT 6801787 with args -255-255-255-255-12-0-0-0-0-0-0-0-0-0-0-0-0-0-0-0-0-0-0-0-0-0-0-0-0-0-0-0-0-0-0-0-0-0-0-0-
[WARN] [1790586508.367152539] [uav6.mavros.sys]: FCU: UNK(8): EVENT 1914663 with args -0-10-9-2-56-0-0-0-0-0-0-0-0-0-0-0-0-0-0-0-0-0-0-0-0-0-0-0-0-0-0-0-0-0-0-0-0-0-0-0-
[INFO] [1790586512.612808080] [rclcpp]: signal_handler(SIGINT/SIGTERM)
[WARN] [1790586512.616127703] [uav6.mavros]: UAS Executor terminated
