[INFO] [1790586204.134972606] [uav9.mavros_node]: Starting mavros_node container
[INFO] [1790586204.135460619] [uav9.mavros_node]: FCU URL: udp://:14548@127.0.0.1:14588
[INFO] [1790586204.135484525] [uav9.mavros_node]: GCS URL: 
[INFO] [1790586204.135494725] [uav9.mavros_node]: UAS Prefix: /uas9
[INFO] [1790586204.135499769] [uav9.mavros_node]: Starting mavros router node
[INFO] [1790586204.156249806] [uav9.mavros_router]: Built-in SIMD instructions: SSE, SSE2
[INFO] [1790586204.156302383] [uav9.mavros_router]: Built-in MAVLink package version: 2026.8.8
[INFO] [1790586204.156312729] [uav9.mavros_router]: Known MAVLink dialects: common ardupilotmega ASLUAV AVSSUAS all csAirLink cubepilot development icarous loweheiser marsh paparazzi standard stemstudios storm32 uAvionix ualberta
[INFO] [1790586204.156319784] [uav9.mavros_router]: MAVROS Router started
[INFO] [1790586204.156482114] [uav9.mavros_node]: Starting mavros uas node
[INFO] [1790586204.204207693] [uav9.mavros_router]: Requested to add endpoint: type: 0, url: udp://:14548@127.0.0.1:14588
[INFO] [1790586204.205441675] [uav9.mavros_router]: Endpoint link[1000] created
[INFO] [1790586204.205710872] [uav9.mavros_router]: link[1000] opened successfully
[INFO] [1790586204.205731105] [uav9.mavros_router]: Requested to add endpoint: type: 2, url: /uas9
[INFO] [1790586204.205744866] [uav9.mavros_router]: Endpoint link[1001] created
[INFO] [1790586204.210196297] [uav9.mavros_router]: link[1000] detected remote address 9.1
[INFO] [1790586204.212750629] [uav9.mavros_router]: link[1001] opened successfully
[INFO] [1790586204.214156847] [uav9.mavros]: Plugin actuator_control ignored
[INFO] [1790586204.214174873] [uav9.mavros]: UAS Executor started, threads: 4
[INFO] [1790586204.214202237] [uav9.mavros]: Plugin altitude ignored
[INFO] [1790586204.245964237] [uav9.mavros]: Plugin command created
[INFO] [1790586204.246107786] [uav9.mavros]: Plugin command initialized
[INFO] [1790586204.246122403] [uav9.mavros]: Plugin ftp ignored
[INFO] [1790586204.246297338] [uav9.mavros]: Plugin geofence ignored
[INFO] [1790586204.276766328] [uav9.mavros]: Plugin global_position created
[INFO] [1790586204.276842751] [uav9.mavros]: Plugin global_position initialized
[INFO] [1790586204.276854692] [uav9.mavros]: Plugin home_position ignored
[INFO] [1790586204.276861548] [uav9.mavros]: Plugin imu ignored
[INFO] [1790586204.313131885] [uav9.mavros]: Plugin local_position created
[INFO] [1790586204.313512676] [uav9.mavros]: Plugin local_position initialized
[INFO] [1790586204.313529461] [uav9.mavros]: Plugin manual_control ignored
[INFO] [1790586204.313537770] [uav9.mavros]: Plugin nav_controller_output ignored
[INFO] [1790586204.313544453] [uav9.mavros]: Plugin param ignored
[INFO] [1790586204.313608442] [uav9.mavros]: Plugin rallypoint ignored
[INFO] [1790586204.313624233] [uav9.mavros]: Plugin rc_io ignored
[INFO] [1790586204.313634693] [uav9.mavros]: Plugin setpoint_accel ignored
[INFO] [1790586204.313644778] [uav9.mavros]: Plugin setpoint_attitude ignored
[INFO] [1790586204.313655491] [uav9.mavros]: Plugin setpoint_position ignored
[INFO] [1790586204.313665593] [uav9.mavros]: Plugin setpoint_raw ignored
[INFO] [1790586204.313675361] [uav9.mavros]: Plugin setpoint_trajectory ignored
[INFO] [1790586204.378234703] [uav9.mavros]: Plugin setpoint_velocity created
[INFO] [1790586204.378303018] [uav9.mavros]: Plugin setpoint_velocity initialized
[INFO] [1790586204.449890057] [uav9.mavros]: Plugin sys_status created
[INFO] [1790586204.450315627] [uav9.mavros]: Plugin sys_status initialized
[INFO] [1790586204.500430187] [uav9.mavros.time]: TM: Timesync mode: MAVLINK
[INFO] [1790586204.503721255] [uav9.mavros]: Plugin sys_time created
[INFO] [1790586204.503781363] [uav9.mavros]: Plugin sys_time initialized
[INFO] [1790586204.503793153] [uav9.mavros]: Plugin waypoint ignored
[INFO] [1790586204.503799806] [uav9.mavros]: Plugin wind_estimation ignored
[INFO] [1790586204.505730515] [uav9.mavros]: Built-in SIMD instructions: SSE, SSE2
[INFO] [1790586204.505797549] [uav9.mavros]: Built-in MAVLink package version: 2026.8.8
[INFO] [1790586204.505829994] [uav9.mavros]: Known MAVLink dialects: common ardupilotmega ASLUAV AVSSUAS all csAirLink cubepilot development icarous loweheiser marsh paparazzi standard stemstudios storm32 uAvionix ualberta
[INFO] [1790586204.505837664] [uav9.mavros]: MAVROS UAS via /uas9 started. MY ID 9.191, TARGET ID 9.1
[INFO] [1790586204.612146416] [uav9.mavros_router]: link[1001] detected remote address 9.191
[INFO] [1790586205.397573587] [uav9.mavros]: CON: Got HEARTBEAT, connected. FCU: PX4 Autopilot
[INFO] [1790586206.416939757] [uav9.mavros.sys]: VER: 9.1: Capabilities         0x000000000000e8ff
[INFO] [1790586206.416996632] [uav9.mavros.sys]: VER: 9.1: Flight software:     011200c0 (fca3df865a000000)
[INFO] [1790586206.417004359] [uav9.mavros.sys]: VER: 9.1: Middleware software: 011200c0 (fca3df865a000000)
[INFO] [1790586206.417009616] [uav9.mavros.sys]: VER: 9.1: OS software:         070000ff (17040b9f87cb1791)
[INFO] [1790586206.417014277] [uav9.mavros.sys]: VER: 9.1: Board hardware:      00000001
[INFO] [1790586206.417018939] [uav9.mavros.sys]: VER: 9.1: VID/PID:             0000:0000
[INFO] [1790586206.417023484] [uav9.mavros.sys]: VER: 9.1: UID:                 4954414c44494e57
[WARN] [1790586206.417808081] [uav9.mavros.cmd]: CMD: Unexpected command 512, result 0
[WARN] [1790586206.502091654] [uav9.mavros.sys]: FCU: UNK(8): EVENT 11047904 with args -0-0-0-16-0-128-0-0-0-176-58-127-128-176-58-127-128-0-0-0-0-0-0-0-0-0-0-0-0-0-0-0-0-0-0-0-0-0-0-0-
[ERROR] [1790586206.502441043] [uav9.mavros.sys]: FCU: EVENT 11464574 with args -0-64-0-0-20-0-0-0-0-0-0-0-0-0-0-0-0-0-0-0-0-0-0-0-0-0-0-0-0-0-0-0-0-0-0-0-0-0-0-0-
[INFO] [1790586206.502485744] [uav9.mavros.sys]: FCU: EVENT 377561 with args -8-0-0-0-20-0-0-0-0-0-0-0-0-0-0-0-0-0-0-0-0-0-0-0-0-0-0-0-0-0-0-0-0-0-0-0-0-0-0-0-
[WARN] [1790586206.502526775] [uav9.mavros.sys]: FCU: EVENT 453929 with args -255-255-255-255-7-0-0-0-0-0-0-0-0-0-0-0-0-0-0-0-0-0-0-0-0-0-0-0-0-0-0-0-0-0-0-0-0-0-0-0-
[INFO] [1790586206.502563500] [uav9.mavros.sys]: FCU: EVENT 6801787 with args -255-255-255-255-12-0-0-0-0-0-0-0-0-0-0-0-0-0-0-0-0-0-0-0-0-0-0-0-0-0-0-0-0-0-0-0-0-0-0-0-
[WARN] [1790586206.502606707] [uav9.mavros.sys]: FCU: UNK(8): EVENT 1914663 with args -0-10-13-2-56-0-0-0-0-0-0-0-0-0-0-0-0-0-0-0-0-0-0-0-0-0-0-0-0-0-0-0-0-0-0-0-0-0-0-0-
[WARN] [1790586217.434119860] [uav9.mavros.sys]: FCU: UNK(8): EVENT 11047904 with args -0-0-0-0-0-128-0-0-0-176-122-127-128-176-122-127-128-0-0-0-0-0-0-0-0-0-0-0-0-0-0-0-0-0-0-0-0-0-0-0-
[INFO] [1790586217.434239223] [uav9.mavros.sys]: FCU: EVENT 377561 with args -8-0-0-0-20-0-0-0-0-0-0-0-0-0-0-0-0-0-0-0-0-0-0-0-0-0-0-0-0-0-0-0-0-0-0-0-0-0-0-0-
[WARN] [1790586217.435075335] [uav9.mavros.sys]: FCU: EVENT 453929 with args -255-255-255-255-7-0-0-0-0-0-0-0-0-0-0-0-0-0-0-0-0-0-0-0-0-0-0-0-0-0-0-0-0-0-0-0-0-0-0-0-
[INFO] [1790586217.435124992] [uav9.mavros.sys]: FCU: EVENT 6801787 with args -255-255-255-255-12-0-0-0-0-0-0-0-0-0-0-0-0-0-0-0-0-0-0-0-0-0-0-0-0-0-0-0-0-0-0-0-0-0-0-0-
[WARN] [1790586217.435160792] [uav9.mavros.sys]: FCU: UNK(8): EVENT 1914663 with args -0-10-13-2-56-0-0-0-0-0-0-0-0-0-0-0-0-0-0-0-0-0-0-0-0-0-0-0-0-0-0-0-0-0-0-0-0-0-0-0-
[WARN] [1790586220.127218297] [uav9.mavros.cmd]: CMD: Unexpected command 176, result 0
[INFO] [1790586220.983066331] [uav9.mavros.sys]: FCU: EVENT 9489139 with args -4-0-0-0-0-0-0-0-0-0-0-0-0-0-0-0-0-0-0-0-0-0-0-0-0-0-0-0-0-0-0-0-0-0-0-0-0-0-0-0-
[INFO] [1790586222.894260349] [uav9.mavros.sys]: FCU: EVENT 4277609 with args -0-0-0-0-0-0-0-0-0-0-0-0-0-0-0-0-0-0-0-0-0-0-0-0-0-0-0-0-0-0-0-0-0-0-0-0-0-0-0-0-
[WARN] [1790586469.971748502] [uav9.mavros.cmd]: CMD: Unexpected command 176, result 0
[INFO] [1790586502.281464479] [uav9.mavros.sys]: FCU: EVENT 9844908 with args -0-0-0-0-0-0-0-0-0-0-0-0-0-0-0-0-0-0-0-0-0-0-0-0-0-0-0-0-0-0-0-0-0-0-0-0-0-0-0-0-
[INFO] [1790586504.374766221] [uav9.mavros.sys]: FCU: EVENT 16017271 with args -6-0-0-0-0-0-0-0-0-0-0-0-0-0-0-0-0-0-0-0-0-0-0-0-0-0-0-0-0-0-0-0-0-0-0-0-0-0-0-0-
[WARN] [1790586508.360096929] [uav9.mavros.sys]: FCU: UNK(8): EVENT 11047904 with args -0-0-0-0-0-128-0-0-0-176-122-127-128-176-122-127-128-0-0-0-0-0-0-0-0-0-0-0-0-0-0-0-0-0-0-0-0-0-0-0-
[INFO] [1790586508.361171346] [uav9.mavros.sys]: FCU: EVENT 377561 with args -8-0-0-0-20-0-0-0-0-0-0-0-0-0-0-0-0-0-0-0-0-0-0-0-0-0-0-0-0-0-0-0-0-0-0-0-0-0-0-0-
[WARN] [1790586508.361246047] [uav9.mavros.sys]: FCU: EVENT 453929 with args -255-255-255-255-7-0-0-0-0-0-0-0-0-0-0-0-0-0-0-0-0-0-0-0-0-0-0-0-0-0-0-0-0-0-0-0-0-0-0-0-
[INFO] [1790586508.361318637] [uav9.mavros.sys]: FCU: EVENT 6801787 with args -255-255-255-255-12-0-0-0-0-0-0-0-0-0-0-0-0-0-0-0-0-0-0-0-0-0-0-0-0-0-0-0-0-0-0-0-0-0-0-0-
[WARN] [1790586508.361341879] [uav9.mavros.sys]: FCU: UNK(8): EVENT 1914663 with args -0-10-9-2-56-0-0-0-0-0-0-0-0-0-0-0-0-0-0-0-0-0-0-0-0-0-0-0-0-0-0-0-0-0-0-0-0-0-0-0-
[INFO] [1790586512.616153069] [rclcpp]: signal_handler(SIGINT/SIGTERM)
[WARN] [1790586512.619687117] [uav9.mavros]: UAS Executor terminated
