[INFO] [1790610096.116415965] [uav1.mavros_node]: Starting mavros_node container
[INFO] [1790610096.187540193] [uav1.mavros_node]: FCU URL: udp://:14540@127.0.0.1:14580
[INFO] [1790610096.187556153] [uav1.mavros_node]: GCS URL: 
[INFO] [1790610096.187560845] [uav1.mavros_node]: UAS Prefix: /uas1
[INFO] [1790610096.187565289] [uav1.mavros_node]: Starting mavros router node
[INFO] [1790610096.206854081] [uav1.mavros_router]: Built-in SIMD instructions: SSE, SSE2
[INFO] [1790610096.207442740] [uav1.mavros_router]: Built-in MAVLink package version: 2026.8.8
[INFO] [1790610096.207465669] [uav1.mavros_router]: Known MAVLink dialects: common ardupilotmega ASLUAV AVSSUAS all csAirLink cubepilot development icarous loweheiser marsh paparazzi standard stemstudios storm32 uAvionix ualberta
[INFO] [1790610096.207479112] [uav1.mavros_router]: MAVROS Router started
[INFO] [1790610096.207734598] [uav1.mavros_node]: Starting mavros uas node
[INFO] [1790610096.786672170] [uav1.mavros_router]: Requested to add endpoint: type: 0, url: udp://:14540@127.0.0.1:14580
[INFO] [1790610096.789039361] [uav1.mavros_router]: Endpoint link[1000] created
[INFO] [1790610096.789596730] [uav1.mavros_router]: link[1000] opened successfully
[INFO] [1790610096.789629026] [uav1.mavros_router]: Requested to add endpoint: type: 2, url: /uas1
[INFO] [1790610096.790039375] [uav1.mavros_router]: Endpoint link[1001] created
[INFO] [1790610096.791758192] [uav1.mavros_router]: link[1000] detected remote address 1.1
[INFO] [1790610096.800703155] [uav1.mavros]: UAS Executor started, threads: 4
[INFO] [1790610096.801700544] [uav1.mavros]: Plugin actuator_control ignored
[INFO] [1790610096.803501197] [uav1.mavros]: Plugin altitude ignored
[INFO] [1790610096.808960976] [uav1.mavros_router]: link[1001] opened successfully
[INFO] [1790610096.978362291] [uav1.mavros]: Plugin command created
[INFO] [1790610096.987682522] [uav1.mavros]: Plugin command initialized
[INFO] [1790610096.987696361] [uav1.mavros]: Plugin ftp ignored
[INFO] [1790610096.987701724] [uav1.mavros]: Plugin geofence ignored
[INFO] [1790610097.215200046] [uav1.mavros]: Plugin global_position created
[INFO] [1790610097.221038672] [uav1.mavros]: Plugin global_position initialized
[INFO] [1790610097.221060779] [uav1.mavros]: Plugin home_position ignored
[INFO] [1790610097.221066392] [uav1.mavros]: Plugin imu ignored
[INFO] [1790610097.398757612] [uav1.mavros]: Plugin local_position created
[INFO] [1790610097.435839135] [uav1.mavros]: Plugin local_position initialized
[INFO] [1790610097.435857126] [uav1.mavros]: Plugin manual_control ignored
[INFO] [1790610097.435862611] [uav1.mavros]: Plugin nav_controller_output ignored
[INFO] [1790610097.435868040] [uav1.mavros]: Plugin param ignored
[INFO] [1790610097.435873545] [uav1.mavros]: Plugin rallypoint ignored
[INFO] [1790610097.435878386] [uav1.mavros]: Plugin rc_io ignored
[INFO] [1790610097.435882960] [uav1.mavros]: Plugin setpoint_accel ignored
[INFO] [1790610097.435887480] [uav1.mavros]: Plugin setpoint_attitude ignored
[INFO] [1790610097.435901047] [uav1.mavros]: Plugin setpoint_position ignored
[INFO] [1790610097.435905919] [uav1.mavros]: Plugin setpoint_raw ignored
[INFO] [1790610097.435910511] [uav1.mavros]: Plugin setpoint_trajectory ignored
[INFO] [1790610097.593520141] [uav1.mavros]: Plugin setpoint_velocity created
[INFO] [1790610097.603411302] [uav1.mavros]: Plugin setpoint_velocity initialized
[INFO] [1790610097.900905983] [uav1.mavros]: Plugin sys_status created
[INFO] [1790610097.900985819] [uav1.mavros]: Plugin sys_status initialized
[INFO] [1790610098.102104681] [uav1.mavros.time]: TM: Timesync mode: MAVLINK
[INFO] [1790610098.188436000] [uav1.mavros]: Plugin sys_time created
[INFO] [1790610098.189698518] [uav1.mavros]: Plugin sys_time initialized
[INFO] [1790610098.189886554] [uav1.mavros]: Plugin waypoint ignored
[INFO] [1790610098.189893332] [uav1.mavros]: Plugin wind_estimation ignored
[INFO] [1790610098.234029625] [uav1.mavros]: Built-in SIMD instructions: SSE, SSE2
[INFO] [1790610098.234071052] [uav1.mavros]: Built-in MAVLink package version: 2026.8.8
[INFO] [1790610098.234103018] [uav1.mavros]: Known MAVLink dialects: common ardupilotmega ASLUAV AVSSUAS all csAirLink cubepilot development icarous loweheiser marsh paparazzi standard stemstudios storm32 uAvionix ualberta
[INFO] [1790610098.234110547] [uav1.mavros]: MAVROS UAS via /uas1 started. MY ID 1.191, TARGET ID 1.1
[INFO] [1790610098.250658615] [uav1.mavros_router]: link[1001] detected remote address 1.191
[INFO] [1790610098.801177108] [uav1.mavros]: CON: Got HEARTBEAT, connected. FCU: PX4 Autopilot
[INFO] [1790610099.859530515] [uav1.mavros.sys]: VER: 1.1: Capabilities         0x000000000000e8ff
[INFO] [1790610099.859591439] [uav1.mavros.sys]: VER: 1.1: Flight software:     011200c0 (fca3df865a000000)
[INFO] [1790610099.859601031] [uav1.mavros.sys]: VER: 1.1: Middleware software: 011200c0 (fca3df865a000000)
[INFO] [1790610099.859606356] [uav1.mavros.sys]: VER: 1.1: OS software:         070000ff (17040b9f87cb1791)
[INFO] [1790610099.859617274] [uav1.mavros.sys]: VER: 1.1: Board hardware:      00000001
[INFO] [1790610099.859624568] [uav1.mavros.sys]: VER: 1.1: VID/PID:             0000:0000
[INFO] [1790610099.859630074] [uav1.mavros.sys]: VER: 1.1: UID:                 4954414c44494e4f
[WARN] [1790610099.862243393] [uav1.mavros.cmd]: CMD: Unexpected command 512, result 0
[WARN] [1790610110.675254670] [uav1.mavros.sys]: FCU: UNK(8): EVENT 11047904 with args -0-0-0-0-0-128-0-0-0-176-122-127-128-176-122-127-128-0-0-0-0-0-0-0-0-0-0-0-0-0-0-0-0-0-0-0-0-0-0-0-
[INFO] [1790610110.677999549] [uav1.mavros.sys]: FCU: EVENT 377561 with args -8-0-0-0-20-0-0-0-0-0-0-0-0-0-0-0-0-0-0-0-0-0-0-0-0-0-0-0-0-0-0-0-0-0-0-0-0-0-0-0-
[WARN] [1790610110.679175961] [uav1.mavros.sys]: FCU: EVENT 453929 with args -255-255-255-255-7-0-0-0-0-0-0-0-0-0-0-0-0-0-0-0-0-0-0-0-0-0-0-0-0-0-0-0-0-0-0-0-0-0-0-0-
[INFO] [1790610110.681284425] [uav1.mavros.sys]: FCU: EVENT 6801787 with args -255-255-255-255-12-0-0-0-0-0-0-0-0-0-0-0-0-0-0-0-0-0-0-0-0-0-0-0-0-0-0-0-0-0-0-0-0-0-0-0-
[WARN] [1790610110.681344941] [uav1.mavros.sys]: FCU: UNK(8): EVENT 1914663 with args -0-10-13-2-56-0-0-0-0-0-0-0-0-0-0-0-0-0-0-0-0-0-0-0-0-0-0-0-0-0-0-0-0-0-0-0-0-0-0-0-
[WARN] [1790610114.270620093] [uav1.mavros.cmd]: CMD: Unexpected command 176, result 0
[INFO] [1790610114.467796238] [uav1.mavros.sys]: FCU: EVENT 9489139 with args -4-0-0-0-0-0-0-0-0-0-0-0-0-0-0-0-0-0-0-0-0-0-0-0-0-0-0-0-0-0-0-0-0-0-0-0-0-0-0-0-
[INFO] [1790610116.451925683] [uav1.mavros.sys]: FCU: EVENT 4277609 with args -0-0-0-0-0-0-0-0-0-0-0-0-0-0-0-0-0-0-0-0-0-0-0-0-0-0-0-0-0-0-0-0-0-0-0-0-0-0-0-0-
