[INFO] [1790610096.698425815] [uav5.mavros_node]: Starting mavros_node container
[INFO] [1790610096.698525601] [uav5.mavros_node]: FCU URL: udp://:14544@127.0.0.1:14584
[INFO] [1790610096.698533877] [uav5.mavros_node]: GCS URL: 
[INFO] [1790610096.698538746] [uav5.mavros_node]: UAS Prefix: /uas5
[INFO] [1790610096.698543355] [uav5.mavros_node]: Starting mavros router node
[INFO] [1790610096.792363367] [uav5.mavros_router]: Built-in SIMD instructions: SSE, SSE2
[INFO] [1790610096.800751034] [uav5.mavros_router]: Built-in MAVLink package version: 2026.8.8
[INFO] [1790610096.800764875] [uav5.mavros_router]: Known MAVLink dialects: common ardupilotmega ASLUAV AVSSUAS all csAirLink cubepilot development icarous loweheiser marsh paparazzi standard stemstudios storm32 uAvionix ualberta
[INFO] [1790610096.800772259] [uav5.mavros_router]: MAVROS Router started
[INFO] [1790610096.801054474] [uav5.mavros_node]: Starting mavros uas node
[INFO] [1790610096.973366911] [uav5.mavros_router]: Requested to add endpoint: type: 0, url: udp://:14544@127.0.0.1:14584
[INFO] [1790610096.976341043] [uav5.mavros_router]: Endpoint link[1000] created
[INFO] [1790610096.977694388] [uav5.mavros_router]: link[1000] opened successfully
[INFO] [1790610096.991886177] [uav5.mavros_router]: Requested to add endpoint: type: 2, url: /uas5
[INFO] [1790610096.991909087] [uav5.mavros_router]: Endpoint link[1001] created
[INFO] [1790610096.983438695] [uav5.mavros]: Plugin actuator_control ignored
[INFO] [1790610096.993836126] [uav5.mavros]: Plugin altitude ignored
[INFO] [1790610096.983457282] [uav5.mavros]: UAS Executor started, threads: 4
[INFO] [1790610096.984354509] [uav5.mavros_router]: link[1000] detected remote address 5.1
[INFO] [1790610097.041244996] [uav5.mavros_router]: link[1001] opened successfully
[INFO] [1790610097.172440085] [uav5.mavros]: Plugin command created
[INFO] [1790610097.172515417] [uav5.mavros]: Plugin command initialized
[INFO] [1790610097.172526783] [uav5.mavros]: Plugin ftp ignored
[INFO] [1790610097.172532872] [uav5.mavros]: Plugin geofence ignored
[INFO] [1790610097.355694044] [uav5.mavros]: Plugin global_position created
[INFO] [1790610097.437760585] [uav5.mavros]: Plugin global_position initialized
[INFO] [1790610097.442874701] [uav5.mavros]: Plugin home_position ignored
[INFO] [1790610097.442888203] [uav5.mavros]: Plugin imu ignored
[INFO] [1790610097.660715471] [uav5.mavros]: Plugin local_position created
[INFO] [1790610097.660771794] [uav5.mavros]: Plugin local_position initialized
[INFO] [1790610097.660781785] [uav5.mavros]: Plugin manual_control ignored
[INFO] [1790610097.660787015] [uav5.mavros]: Plugin nav_controller_output ignored
[INFO] [1790610097.660791900] [uav5.mavros]: Plugin param ignored
[INFO] [1790610097.660796598] [uav5.mavros]: Plugin rallypoint ignored
[INFO] [1790610097.660800998] [uav5.mavros]: Plugin rc_io ignored
[INFO] [1790610097.660805522] [uav5.mavros]: Plugin setpoint_accel ignored
[INFO] [1790610097.660809962] [uav5.mavros]: Plugin setpoint_attitude ignored
[INFO] [1790610097.660814883] [uav5.mavros]: Plugin setpoint_position ignored
[INFO] [1790610097.660819652] [uav5.mavros]: Plugin setpoint_raw ignored
[INFO] [1790610097.660824431] [uav5.mavros]: Plugin setpoint_trajectory ignored
[INFO] [1790610097.929554250] [uav5.mavros]: Plugin setpoint_velocity created
[INFO] [1790610097.929596302] [uav5.mavros]: Plugin setpoint_velocity initialized
[INFO] [1790610098.224996044] [uav5.mavros]: Plugin sys_status created
[INFO] [1790610098.225075925] [uav5.mavros]: Plugin sys_status initialized
[INFO] [1790610098.422290665] [uav5.mavros.time]: TM: Timesync mode: MAVLINK
[INFO] [1790610098.473735021] [uav5.mavros]: Plugin sys_time created
[INFO] [1790610098.478561906] [uav5.mavros]: Plugin sys_time initialized
[INFO] [1790610098.486434702] [uav5.mavros]: Plugin waypoint ignored
[INFO] [1790610098.486451202] [uav5.mavros]: Plugin wind_estimation ignored
[INFO] [1790610098.515716430] [uav5.mavros]: Built-in SIMD instructions: SSE, SSE2
[INFO] [1790610098.515756595] [uav5.mavros]: Built-in MAVLink package version: 2026.8.8
[INFO] [1790610098.515787301] [uav5.mavros]: Known MAVLink dialects: common ardupilotmega ASLUAV AVSSUAS all csAirLink cubepilot development icarous loweheiser marsh paparazzi standard stemstudios storm32 uAvionix ualberta
[INFO] [1790610098.515793576] [uav5.mavros]: MAVROS UAS via /uas5 started. MY ID 5.191, TARGET ID 5.1
[INFO] [1790610098.602546155] [uav5.mavros_router]: link[1001] detected remote address 5.191
[INFO] [1790610098.714352005] [uav5.mavros]: CON: Got HEARTBEAT, connected. FCU: PX4 Autopilot
[INFO] [1790610099.773793092] [uav5.mavros.sys]: VER: 5.1: Capabilities         0x000000000000e8ff
[INFO] [1790610099.773852399] [uav5.mavros.sys]: VER: 5.1: Flight software:     011200c0 (fca3df865a000000)
[INFO] [1790610099.773861120] [uav5.mavros.sys]: VER: 5.1: Middleware software: 011200c0 (fca3df865a000000)
[INFO] [1790610099.773866735] [uav5.mavros.sys]: VER: 5.1: OS software:         070000ff (17040b9f87cb1791)
[INFO] [1790610099.773872091] [uav5.mavros.sys]: VER: 5.1: Board hardware:      00000001
[INFO] [1790610099.773877697] [uav5.mavros.sys]: VER: 5.1: VID/PID:             0000:0000
[INFO] [1790610099.773883006] [uav5.mavros.sys]: VER: 5.1: UID:                 4954414c44494e53
[WARN] [1790610099.775002092] [uav5.mavros.cmd]: CMD: Unexpected command 512, result 0
[WARN] [1790610111.341055169] [uav5.mavros.sys]: FCU: UNK(8): EVENT 11047904 with args -0-0-0-0-0-128-0-0-0-176-122-127-128-176-122-127-128-0-0-0-0-0-0-0-0-0-0-0-0-0-0-0-0-0-0-0-0-0-0-0-
[INFO] [1790610111.341143456] [uav5.mavros.sys]: FCU: EVENT 377561 with args -8-0-0-0-20-0-0-0-0-0-0-0-0-0-0-0-0-0-0-0-0-0-0-0-0-0-0-0-0-0-0-0-0-0-0-0-0-0-0-0-
[WARN] [1790610111.341180489] [uav5.mavros.sys]: FCU: EVENT 453929 with args -255-255-255-255-7-0-0-0-0-0-0-0-0-0-0-0-0-0-0-0-0-0-0-0-0-0-0-0-0-0-0-0-0-0-0-0-0-0-0-0-
[INFO] [1790610111.341216225] [uav5.mavros.sys]: FCU: EVENT 6801787 with args -255-255-255-255-12-0-0-0-0-0-0-0-0-0-0-0-0-0-0-0-0-0-0-0-0-0-0-0-0-0-0-0-0-0-0-0-0-0-0-0-
[WARN] [1790610111.341256829] [uav5.mavros.sys]: FCU: UNK(8): EVENT 1914663 with args -0-10-13-2-56-0-0-0-0-0-0-0-0-0-0-0-0-0-0-0-0-0-0-0-0-0-0-0-0-0-0-0-0-0-0-0-0-0-0-0-
[WARN] [1790610114.611410051] [uav5.mavros.cmd]: CMD: Unexpected command 176, result 0
[INFO] [1790610115.166198924] [uav5.mavros.sys]: FCU: EVENT 9489139 with args -4-0-0-0-0-0-0-0-0-0-0-0-0-0-0-0-0-0-0-0-0-0-0-0-0-0-0-0-0-0-0-0-0-0-0-0-0-0-0-0-
[INFO] [1790610117.111631597] [uav5.mavros.sys]: FCU: EVENT 4277609 with args -0-0-0-0-0-0-0-0-0-0-0-0-0-0-0-0-0-0-0-0-0-0-0-0-0-0-0-0-0-0-0-0-0-0-0-0-0-0-0-0-
[WARN] [1790610371.562257071] [uav5.mavros.cmd]: CMD: Unexpected command 176, result 0
[INFO] [1790610405.612929513] [uav5.mavros.sys]: FCU: EVENT 9844908 with args -0-0-0-0-0-0-0-0-0-0-0-0-0-0-0-0-0-0-0-0-0-0-0-0-0-0-0-0-0-0-0-0-0-0-0-0-0-0-0-0-
[INFO] [1790610407.732039032] [uav5.mavros.sys]: FCU: EVENT 16017271 with args -6-0-0-0-0-0-0-0-0-0-0-0-0-0-0-0-0-0-0-0-0-0-0-0-0-0-0-0-0-0-0-0-0-0-0-0-0-0-0-0-
[WARN] [1790610411.129048654] [uav5.mavros.sys]: FCU: UNK(8): EVENT 11047904 with args -0-0-0-0-0-128-0-0-0-176-122-127-128-176-122-127-128-0-0-0-0-0-0-0-0-0-0-0-0-0-0-0-0-0-0-0-0-0-0-0-
[INFO] [1790610411.129182046] [uav5.mavros.sys]: FCU: EVENT 377561 with args -8-0-0-0-20-0-0-0-0-0-0-0-0-0-0-0-0-0-0-0-0-0-0-0-0-0-0-0-0-0-0-0-0-0-0-0-0-0-0-0-
[WARN] [1790610411.130210897] [uav5.mavros.sys]: FCU: EVENT 453929 with args -255-255-255-255-7-0-0-0-0-0-0-0-0-0-0-0-0-0-0-0-0-0-0-0-0-0-0-0-0-0-0-0-0-0-0-0-0-0-0-0-
[INFO] [1790610411.130266116] [uav5.mavros.sys]: FCU: EVENT 6801787 with args -255-255-255-255-12-0-0-0-0-0-0-0-0-0-0-0-0-0-0-0-0-0-0-0-0-0-0-0-0-0-0-0-0-0-0-0-0-0-0-0-
[WARN] [1790610411.130329119] [uav5.mavros.sys]: FCU: UNK(8): EVENT 1914663 with args -0-10-9-2-56-0-0-0-0-0-0-0-0-0-0-0-0-0-0-0-0-0-0-0-0-0-0-0-0-0-0-0-0-0-0-0-0-0-0-0-
[INFO] [1790610412.195781970] [rclcpp]: signal_handler(SIGINT/SIGTERM)
[WARN] [1790610412.198009703] [uav5.mavros]: UAS Executor terminated
Failed to publish log message to rosout: publisher's context is invalid, at ./src/rcl/publisher.c:423
