[INFO] [1790610096.715840384] [uav7.mavros_node]: Starting mavros_node container
[INFO] [1790610096.715954932] [uav7.mavros_node]: FCU URL: udp://:14546@127.0.0.1:14586
[INFO] [1790610096.715963271] [uav7.mavros_node]: GCS URL: 
[INFO] [1790610096.715968188] [uav7.mavros_node]: UAS Prefix: /uas7
[INFO] [1790610096.715972778] [uav7.mavros_node]: Starting mavros router node
[INFO] [1790610096.788177979] [uav7.mavros_router]: Built-in SIMD instructions: SSE, SSE2
[INFO] [1790610096.789522586] [uav7.mavros_router]: Built-in MAVLink package version: 2026.8.8
[INFO] [1790610096.789541828] [uav7.mavros_router]: Known MAVLink dialects: common ardupilotmega ASLUAV AVSSUAS all csAirLink cubepilot development icarous loweheiser marsh paparazzi standard stemstudios storm32 uAvionix ualberta
[INFO] [1790610096.789548366] [uav7.mavros_router]: MAVROS Router started
[INFO] [1790610096.789710521] [uav7.mavros_node]: Starting mavros uas node
[INFO] [1790610096.928300119] [uav7.mavros_router]: Requested to add endpoint: type: 0, url: udp://:14546@127.0.0.1:14586
[INFO] [1790610096.977755489] [uav7.mavros_router]: Endpoint link[1000] created
[INFO] [1790610096.990916411] [uav7.mavros_router]: link[1000] opened successfully
[INFO] [1790610096.990937131] [uav7.mavros_router]: Requested to add endpoint: type: 2, url: /uas7
[INFO] [1790610096.990953064] [uav7.mavros_router]: Endpoint link[1001] created
[INFO] [1790610096.940171730] [uav7.mavros]: UAS Executor started, threads: 4
[INFO] [1790610096.940004773] [uav7.mavros]: Plugin actuator_control ignored
[INFO] [1790610096.992194732] [uav7.mavros]: Plugin altitude ignored
[INFO] [1790610096.996663282] [uav7.mavros_router]: link[1000] detected remote address 7.1
[INFO] [1790610097.023132417] [uav7.mavros_router]: link[1001] opened successfully
[INFO] [1790610097.227186777] [uav7.mavros]: Plugin command created
[INFO] [1790610097.227245287] [uav7.mavros]: Plugin command initialized
[INFO] [1790610097.227255266] [uav7.mavros]: Plugin ftp ignored
[INFO] [1790610097.227260348] [uav7.mavros]: Plugin geofence ignored
[INFO] [1790610097.501494235] [uav7.mavros]: Plugin global_position created
[INFO] [1790610097.501551677] [uav7.mavros]: Plugin global_position initialized
[INFO] [1790610097.501562290] [uav7.mavros]: Plugin home_position ignored
[INFO] [1790610097.501568423] [uav7.mavros]: Plugin imu ignored
[INFO] [1790610097.763751760] [uav7.mavros]: Plugin local_position created
[INFO] [1790610097.763805318] [uav7.mavros]: Plugin local_position initialized
[INFO] [1790610097.763815248] [uav7.mavros]: Plugin manual_control ignored
[INFO] [1790610097.763820556] [uav7.mavros]: Plugin nav_controller_output ignored
[INFO] [1790610097.763825975] [uav7.mavros]: Plugin param ignored
[INFO] [1790610097.763831138] [uav7.mavros]: Plugin rallypoint ignored
[INFO] [1790610097.763835864] [uav7.mavros]: Plugin rc_io ignored
[INFO] [1790610097.763840809] [uav7.mavros]: Plugin setpoint_accel ignored
[INFO] [1790610097.763845664] [uav7.mavros]: Plugin setpoint_attitude ignored
[INFO] [1790610097.763850651] [uav7.mavros]: Plugin setpoint_position ignored
[INFO] [1790610097.763855648] [uav7.mavros]: Plugin setpoint_raw ignored
[INFO] [1790610097.763860734] [uav7.mavros]: Plugin setpoint_trajectory ignored
[INFO] [1790610097.945867751] [uav7.mavros]: Plugin setpoint_velocity created
[INFO] [1790610097.945918067] [uav7.mavros]: Plugin setpoint_velocity initialized
[INFO] [1790610098.274475658] [uav7.mavros]: Plugin sys_status created
[INFO] [1790610098.274552080] [uav7.mavros]: Plugin sys_status initialized
[INFO] [1790610098.517436315] [uav7.mavros.time]: TM: Timesync mode: MAVLINK
[INFO] [1790610098.640353586] [uav7.mavros]: Plugin sys_time created
[INFO] [1790610098.640401394] [uav7.mavros]: Plugin sys_time initialized
[INFO] [1790610098.640410362] [uav7.mavros]: Plugin waypoint ignored
[INFO] [1790610098.640415891] [uav7.mavros]: Plugin wind_estimation ignored
[INFO] [1790610098.668864408] [uav7.mavros]: Built-in SIMD instructions: SSE, SSE2
[INFO] [1790610098.668904817] [uav7.mavros]: Built-in MAVLink package version: 2026.8.8
[INFO] [1790610098.668931863] [uav7.mavros]: Known MAVLink dialects: common ardupilotmega ASLUAV AVSSUAS all csAirLink cubepilot development icarous loweheiser marsh paparazzi standard stemstudios storm32 uAvionix ualberta
[INFO] [1790610098.668938107] [uav7.mavros]: MAVROS UAS via /uas7 started. MY ID 7.191, TARGET ID 7.1
[INFO] [1790610098.675995707] [uav7.mavros_router]: link[1001] detected remote address 7.191
[INFO] [1790610098.895196929] [uav7.mavros]: CON: Got HEARTBEAT, connected. FCU: PX4 Autopilot
[INFO] [1790610099.923062155] [uav7.mavros.sys]: VER: 7.1: Capabilities         0x000000000000e8ff
[INFO] [1790610099.923122542] [uav7.mavros.sys]: VER: 7.1: Flight software:     011200c0 (fca3df865a000000)
[INFO] [1790610099.923137205] [uav7.mavros.sys]: VER: 7.1: Middleware software: 011200c0 (fca3df865a000000)
[INFO] [1790610099.923142768] [uav7.mavros.sys]: VER: 7.1: OS software:         070000ff (17040b9f87cb1791)
[INFO] [1790610099.923147684] [uav7.mavros.sys]: VER: 7.1: Board hardware:      00000001
[INFO] [1790610099.923152619] [uav7.mavros.sys]: VER: 7.1: VID/PID:             0000:0000
[INFO] [1790610099.923158025] [uav7.mavros.sys]: VER: 7.1: UID:                 4954414c44494e55
[WARN] [1790610099.927171875] [uav7.mavros.cmd]: CMD: Unexpected command 512, result 0
[WARN] [1790610109.471405638] [uav7.mavros.sys]: FCU: UNK(8): EVENT 11047904 with args -0-0-0-0-0-128-0-0-0-176-122-127-128-176-122-127-128-0-0-0-0-0-0-0-0-0-0-0-0-0-0-0-0-0-0-0-0-0-0-0-
[INFO] [1790610109.471511357] [uav7.mavros.sys]: FCU: EVENT 377561 with args -8-0-0-0-20-0-0-0-0-0-0-0-0-0-0-0-0-0-0-0-0-0-0-0-0-0-0-0-0-0-0-0-0-0-0-0-0-0-0-0-
[WARN] [1790610109.471554363] [uav7.mavros.sys]: FCU: EVENT 453929 with args -255-255-255-255-7-0-0-0-0-0-0-0-0-0-0-0-0-0-0-0-0-0-0-0-0-0-0-0-0-0-0-0-0-0-0-0-0-0-0-0-
[INFO] [1790610109.471590223] [uav7.mavros.sys]: FCU: EVENT 6801787 with args -255-255-255-255-12-0-0-0-0-0-0-0-0-0-0-0-0-0-0-0-0-0-0-0-0-0-0-0-0-0-0-0-0-0-0-0-0-0-0-0-
[WARN] [1790610109.471629393] [uav7.mavros.sys]: FCU: UNK(8): EVENT 1914663 with args -0-10-13-2-56-0-0-0-0-0-0-0-0-0-0-0-0-0-0-0-0-0-0-0-0-0-0-0-0-0-0-0-0-0-0-0-0-0-0-0-
[WARN] [1790610115.048068653] [uav7.mavros.cmd]: CMD: Unexpected command 176, result 0
[INFO] [1790610115.889091009] [uav7.mavros.sys]: FCU: EVENT 9489139 with args -4-0-0-0-0-0-0-0-0-0-0-0-0-0-0-0-0-0-0-0-0-0-0-0-0-0-0-0-0-0-0-0-0-0-0-0-0-0-0-0-
[INFO] [1790610117.819459167] [uav7.mavros.sys]: FCU: EVENT 4277609 with args -0-0-0-0-0-0-0-0-0-0-0-0-0-0-0-0-0-0-0-0-0-0-0-0-0-0-0-0-0-0-0-0-0-0-0-0-0-0-0-0-
[WARN] [1790610371.342776997] [uav7.mavros.cmd]: CMD: Unexpected command 176, result 0
[INFO] [1790610407.281750429] [uav7.mavros.sys]: FCU: EVENT 9844908 with args -0-0-0-0-0-0-0-0-0-0-0-0-0-0-0-0-0-0-0-0-0-0-0-0-0-0-0-0-0-0-0-0-0-0-0-0-0-0-0-0-
[INFO] [1790610409.377421095] [uav7.mavros.sys]: FCU: EVENT 16017271 with args -6-0-0-0-0-0-0-0-0-0-0-0-0-0-0-0-0-0-0-0-0-0-0-0-0-0-0-0-0-0-0-0-0-0-0-0-0-0-0-0-
[INFO] [1790610412.197760306] [rclcpp]: signal_handler(SIGINT/SIGTERM)
[WARN] [1790610412.207184166] [uav7.mavros]: UAS Executor terminated
