[INFO] [1790610096.675332345] [uav9.mavros_node]: Starting mavros_node container
[INFO] [1790610096.675468679] [uav9.mavros_node]: FCU URL: udp://:14548@127.0.0.1:14588
[INFO] [1790610096.675478518] [uav9.mavros_node]: GCS URL: 
[INFO] [1790610096.675483181] [uav9.mavros_node]: UAS Prefix: /uas9
[INFO] [1790610096.675737813] [uav9.mavros_node]: Starting mavros router node
[INFO] [1790610096.705214785] [uav9.mavros_router]: Built-in SIMD instructions: SSE, SSE2
[INFO] [1790610096.705248247] [uav9.mavros_router]: Built-in MAVLink package version: 2026.8.8
[INFO] [1790610096.705253896] [uav9.mavros_router]: Known MAVLink dialects: common ardupilotmega ASLUAV AVSSUAS all csAirLink cubepilot development icarous loweheiser marsh paparazzi standard stemstudios storm32 uAvionix ualberta
[INFO] [1790610096.705257896] [uav9.mavros_router]: MAVROS Router started
[INFO] [1790610096.705392891] [uav9.mavros_node]: Starting mavros uas node
[INFO] [1790610096.844723054] [uav9.mavros_router]: Requested to add endpoint: type: 0, url: udp://:14548@127.0.0.1:14588
[INFO] [1790610096.844778962] [uav9.mavros_router]: Endpoint link[1000] created
[INFO] [1790610096.845022507] [uav9.mavros_router]: link[1000] opened successfully
[INFO] [1790610096.845043914] [uav9.mavros_router]: Requested to add endpoint: type: 2, url: /uas9
[INFO] [1790610096.845059170] [uav9.mavros_router]: Endpoint link[1001] created
[INFO] [1790610096.847794278] [uav9.mavros_router]: link[1000] detected remote address 9.1
[INFO] [1790610096.859585307] [uav9.mavros]: UAS Executor started, threads: 4
[INFO] [1790610096.859618086] [uav9.mavros]: Plugin actuator_control ignored
[INFO] [1790610096.861966227] [uav9.mavros]: Plugin altitude ignored
[INFO] [1790610096.911914147] [uav9.mavros_router]: link[1001] opened successfully
[INFO] [1790610097.032899690] [uav9.mavros]: Plugin command created
[INFO] [1790610097.042053939] [uav9.mavros]: Plugin command initialized
[INFO] [1790610097.042072249] [uav9.mavros]: Plugin ftp ignored
[INFO] [1790610097.042077709] [uav9.mavros]: Plugin geofence ignored
[INFO] [1790610097.165831340] [uav9.mavros]: Plugin global_position created
[INFO] [1790610097.165887208] [uav9.mavros]: Plugin global_position initialized
[INFO] [1790610097.165896534] [uav9.mavros]: Plugin home_position ignored
[INFO] [1790610097.165902789] [uav9.mavros]: Plugin imu ignored
[INFO] [1790610097.347314955] [uav9.mavros]: Plugin local_position created
[INFO] [1790610097.347375650] [uav9.mavros]: Plugin local_position initialized
[INFO] [1790610097.347385725] [uav9.mavros]: Plugin manual_control ignored
[INFO] [1790610097.347391763] [uav9.mavros]: Plugin nav_controller_output ignored
[INFO] [1790610097.347396889] [uav9.mavros]: Plugin param ignored
[INFO] [1790610097.347401892] [uav9.mavros]: Plugin rallypoint ignored
[INFO] [1790610097.347406843] [uav9.mavros]: Plugin rc_io ignored
[INFO] [1790610097.347411572] [uav9.mavros]: Plugin setpoint_accel ignored
[INFO] [1790610097.347417167] [uav9.mavros]: Plugin setpoint_attitude ignored
[INFO] [1790610097.347422221] [uav9.mavros]: Plugin setpoint_position ignored
[INFO] [1790610097.347427222] [uav9.mavros]: Plugin setpoint_raw ignored
[INFO] [1790610097.347431922] [uav9.mavros]: Plugin setpoint_trajectory ignored
[INFO] [1790610097.544695510] [uav9.mavros]: Plugin setpoint_velocity created
[INFO] [1790610097.544749390] [uav9.mavros]: Plugin setpoint_velocity initialized
[INFO] [1790610098.017339865] [uav9.mavros]: Plugin sys_status created
[INFO] [1790610098.017764247] [uav9.mavros]: Plugin sys_status initialized
[INFO] [1790610098.236187211] [uav9.mavros.time]: TM: Timesync mode: MAVLINK
[INFO] [1790610098.268609047] [uav9.mavros]: Plugin sys_time created
[INFO] [1790610098.268668780] [uav9.mavros]: Plugin sys_time initialized
[INFO] [1790610098.268678690] [uav9.mavros]: Plugin waypoint ignored
[INFO] [1790610098.268683517] [uav9.mavros]: Plugin wind_estimation ignored
[INFO] [1790610098.316925722] [uav9.mavros]: Built-in SIMD instructions: SSE, SSE2
[INFO] [1790610098.316967661] [uav9.mavros]: Built-in MAVLink package version: 2026.8.8
[INFO] [1790610098.316997553] [uav9.mavros]: Known MAVLink dialects: common ardupilotmega ASLUAV AVSSUAS all csAirLink cubepilot development icarous loweheiser marsh paparazzi standard stemstudios storm32 uAvionix ualberta
[INFO] [1790610098.317004475] [uav9.mavros]: MAVROS UAS via /uas9 started. MY ID 9.191, TARGET ID 9.1
[INFO] [1790610098.389367557] [uav9.mavros_router]: link[1001] detected remote address 9.191
[WARN] [1790610098.862338925] [uav9.mavros.sys]: FCU: UNK(8): EVENT 11047904 with args -0-0-0-16-0-128-0-0-0-176-58-127-128-176-58-127-128-0-0-0-0-0-0-0-0-0-0-0-0-0-0-0-0-0-0-0-0-0-0-0-
[ERROR] [1790610098.862479409] [uav9.mavros.sys]: FCU: EVENT 11464574 with args -0-64-0-0-20-0-0-0-0-0-0-0-0-0-0-0-0-0-0-0-0-0-0-0-0-0-0-0-0-0-0-0-0-0-0-0-0-0-0-0-
[INFO] [1790610098.862544957] [uav9.mavros.sys]: FCU: EVENT 377561 with args -8-0-0-0-20-0-0-0-0-0-0-0-0-0-0-0-0-0-0-0-0-0-0-0-0-0-0-0-0-0-0-0-0-0-0-0-0-0-0-0-
[WARN] [1790610098.862580923] [uav9.mavros.sys]: FCU: EVENT 453929 with args -255-255-255-255-7-0-0-0-0-0-0-0-0-0-0-0-0-0-0-0-0-0-0-0-0-0-0-0-0-0-0-0-0-0-0-0-0-0-0-0-
[INFO] [1790610098.862621627] [uav9.mavros.sys]: FCU: EVENT 6801787 with args -255-255-255-255-12-0-0-0-0-0-0-0-0-0-0-0-0-0-0-0-0-0-0-0-0-0-0-0-0-0-0-0-0-0-0-0-0-0-0-0-
[WARN] [1790610098.862660409] [uav9.mavros.sys]: FCU: UNK(8): EVENT 1914663 with args -0-10-13-2-56-0-0-0-0-0-0-0-0-0-0-0-0-0-0-0-0-0-0-0-0-0-0-0-0-0-0-0-0-0-0-0-0-0-0-0-
[INFO] [1790610098.949232590] [uav9.mavros]: CON: Got HEARTBEAT, connected. FCU: PX4 Autopilot
[INFO] [1790610099.989900527] [uav9.mavros.sys]: VER: 9.1: Capabilities         0x000000000000e8ff
[INFO] [1790610099.989957799] [uav9.mavros.sys]: VER: 9.1: Flight software:     011200c0 (fca3df865a000000)
[INFO] [1790610099.989965636] [uav9.mavros.sys]: VER: 9.1: Middleware software: 011200c0 (fca3df865a000000)
[INFO] [1790610099.989970829] [uav9.mavros.sys]: VER: 9.1: OS software:         070000ff (17040b9f87cb1791)
[INFO] [1790610099.989975569] [uav9.mavros.sys]: VER: 9.1: Board hardware:      00000001
[INFO] [1790610099.989980736] [uav9.mavros.sys]: VER: 9.1: VID/PID:             0000:0000
[INFO] [1790610099.989985689] [uav9.mavros.sys]: VER: 9.1: UID:                 4954414c44494e57
[WARN] [1790610099.990888639] [uav9.mavros.cmd]: CMD: Unexpected command 512, result 0
[WARN] [1790610110.295432521] [uav9.mavros.sys]: FCU: UNK(8): EVENT 11047904 with args -0-0-0-0-0-128-0-0-0-176-122-127-128-176-122-127-128-0-0-0-0-0-0-0-0-0-0-0-0-0-0-0-0-0-0-0-0-0-0-0-
[INFO] [1790610110.295546659] [uav9.mavros.sys]: FCU: EVENT 377561 with args -8-0-0-0-20-0-0-0-0-0-0-0-0-0-0-0-0-0-0-0-0-0-0-0-0-0-0-0-0-0-0-0-0-0-0-0-0-0-0-0-
[WARN] [1790610110.295761969] [uav9.mavros.sys]: FCU: EVENT 453929 with args -255-255-255-255-7-0-0-0-0-0-0-0-0-0-0-0-0-0-0-0-0-0-0-0-0-0-0-0-0-0-0-0-0-0-0-0-0-0-0-0-
[INFO] [1790610110.295797061] [uav9.mavros.sys]: FCU: EVENT 6801787 with args -255-255-255-255-12-0-0-0-0-0-0-0-0-0-0-0-0-0-0-0-0-0-0-0-0-0-0-0-0-0-0-0-0-0-0-0-0-0-0-0-
[WARN] [1790610110.295832966] [uav9.mavros.sys]: FCU: UNK(8): EVENT 1914663 with args -0-10-13-2-56-0-0-0-0-0-0-0-0-0-0-0-0-0-0-0-0-0-0-0-0-0-0-0-0-0-0-0-0-0-0-0-0-0-0-0-
[WARN] [1790610115.064158063] [uav9.mavros.cmd]: CMD: Unexpected command 176, result 0
[INFO] [1790610115.519799298] [uav9.mavros.sys]: FCU: EVENT 9489139 with args -4-0-0-0-0-0-0-0-0-0-0-0-0-0-0-0-0-0-0-0-0-0-0-0-0-0-0-0-0-0-0-0-0-0-0-0-0-0-0-0-
[INFO] [1790610117.473890002] [uav9.mavros.sys]: FCU: EVENT 4277609 with args -0-0-0-0-0-0-0-0-0-0-0-0-0-0-0-0-0-0-0-0-0-0-0-0-0-0-0-0-0-0-0-0-0-0-0-0-0-0-0-0-
[WARN] [1790610371.304121912] [uav9.mavros.cmd]: CMD: Unexpected command 176, result 0
[INFO] [1790610405.553685614] [uav9.mavros.sys]: FCU: EVENT 9844908 with args -0-0-0-0-0-0-0-0-0-0-0-0-0-0-0-0-0-0-0-0-0-0-0-0-0-0-0-0-0-0-0-0-0-0-0-0-0-0-0-0-
[INFO] [1790610407.678133063] [uav9.mavros.sys]: FCU: EVENT 16017271 with args -6-0-0-0-0-0-0-0-0-0-0-0-0-0-0-0-0-0-0-0-0-0-0-0-0-0-0-0-0-0-0-0-0-0-0-0-0-0-0-0-
[WARN] [1790610411.487154094] [uav9.mavros.sys]: FCU: UNK(8): EVENT 11047904 with args -0-0-0-0-0-128-0-0-0-176-122-127-128-176-122-127-128-0-0-0-0-0-0-0-0-0-0-0-0-0-0-0-0-0-0-0-0-0-0-0-
[INFO] [1790610411.488085626] [uav9.mavros.sys]: FCU: EVENT 377561 with args -8-0-0-0-20-0-0-0-0-0-0-0-0-0-0-0-0-0-0-0-0-0-0-0-0-0-0-0-0-0-0-0-0-0-0-0-0-0-0-0-
[WARN] [1790610411.488248108] [uav9.mavros.sys]: FCU: EVENT 453929 with args -255-255-255-255-7-0-0-0-0-0-0-0-0-0-0-0-0-0-0-0-0-0-0-0-0-0-0-0-0-0-0-0-0-0-0-0-0-0-0-0-
[INFO] [1790610411.488294321] [uav9.mavros.sys]: FCU: EVENT 6801787 with args -255-255-255-255-12-0-0-0-0-0-0-0-0-0-0-0-0-0-0-0-0-0-0-0-0-0-0-0-0-0-0-0-0-0-0-0-0-0-0-0-
[WARN] [1790610411.497103094] [uav9.mavros.sys]: FCU: UNK(8): EVENT 1914663 with args -0-10-9-2-56-0-0-0-0-0-0-0-0-0-0-0-0-0-0-0-0-0-0-0-0-0-0-0-0-0-0-0-0-0-0-0-0-0-0-0-
[INFO] [1790610412.199265578] [rclcpp]: signal_handler(SIGINT/SIGTERM)
[WARN] [1790610412.202889088] [uav9.mavros]: UAS Executor terminated
