[INFO] [1790656062.397803673] [uav4.mavros_node]: Starting mavros_node container
[INFO] [1790656062.397882365] [uav4.mavros_node]: FCU URL: udp://:14543@127.0.0.1:14583
[INFO] [1790656062.397890006] [uav4.mavros_node]: GCS URL: 
[INFO] [1790656062.397894968] [uav4.mavros_node]: UAS Prefix: /uas4
[INFO] [1790656062.397899790] [uav4.mavros_node]: Starting mavros router node
[INFO] [1790656062.459634691] [uav4.mavros_router]: Built-in SIMD instructions: SSE, SSE2
[INFO] [1790656062.465239347] [uav4.mavros_router]: Built-in MAVLink package version: 2026.8.8
[INFO] [1790656062.465257110] [uav4.mavros_router]: Known MAVLink dialects: common ardupilotmega ASLUAV AVSSUAS all csAirLink cubepilot development icarous loweheiser marsh paparazzi standard stemstudios storm32 uAvionix ualberta
[INFO] [1790656062.465263560] [uav4.mavros_router]: MAVROS Router started
[INFO] [1790656062.465597283] [uav4.mavros_node]: Starting mavros uas node
[INFO] [1790656062.811890284] [uav4.mavros_router]: Requested to add endpoint: type: 0, url: udp://:14543@127.0.0.1:14583
[INFO] [1790656062.811961940] [uav4.mavros_router]: Endpoint link[1000] created
[INFO] [1790656062.813412008] [uav4.mavros]: Plugin actuator_control ignored
[INFO] [1790656062.813849345] [uav4.mavros]: Plugin altitude ignored
[INFO] [1790656062.814078144] [uav4.mavros_router]: link[1000] detected remote address 4.1
[WARN] [1790656062.814113740] [uav4.mavros_router]: Message dropped: msgid: 105, source: 4.1, target: 0.0
[INFO] [1790656062.813504091] [uav4.mavros_router]: link[1000] opened successfully
[INFO] [1790656062.814306967] [uav4.mavros_router]: Requested to add endpoint: type: 2, url: /uas4
[INFO] [1790656062.814330977] [uav4.mavros_router]: Endpoint link[1001] created
[INFO] [1790656062.813558743] [uav4.mavros]: UAS Executor started, threads: 4
[INFO] [1790656062.860752544] [uav4.mavros_router]: link[1001] opened successfully
[INFO] [1790656063.042482897] [uav4.mavros]: Plugin command created
[INFO] [1790656063.046644748] [uav4.mavros]: Plugin command initialized
[INFO] [1790656063.046657740] [uav4.mavros]: Plugin ftp ignored
[INFO] [1790656063.046664373] [uav4.mavros]: Plugin geofence ignored
[INFO] [1790656063.414126522] [uav4.mavros]: Plugin global_position created
[INFO] [1790656063.414193354] [uav4.mavros]: Plugin global_position initialized
[INFO] [1790656063.414203482] [uav4.mavros]: Plugin home_position ignored
[INFO] [1790656063.414209306] [uav4.mavros]: Plugin imu ignored
[INFO] [1790656064.007865072] [uav4.mavros]: Plugin local_position created
[INFO] [1790656064.007931327] [uav4.mavros]: Plugin local_position initialized
[INFO] [1790656064.007941272] [uav4.mavros]: Plugin manual_control ignored
[INFO] [1790656064.007947388] [uav4.mavros]: Plugin nav_controller_output ignored
[INFO] [1790656064.007952794] [uav4.mavros]: Plugin param ignored
[INFO] [1790656064.007957901] [uav4.mavros]: Plugin rallypoint ignored
[INFO] [1790656064.007963336] [uav4.mavros]: Plugin rc_io ignored
[INFO] [1790656064.007969085] [uav4.mavros]: Plugin setpoint_accel ignored
[INFO] [1790656064.007974558] [uav4.mavros]: Plugin setpoint_attitude ignored
[INFO] [1790656064.007980044] [uav4.mavros]: Plugin setpoint_position ignored
[INFO] [1790656064.007985397] [uav4.mavros]: Plugin setpoint_raw ignored
[INFO] [1790656064.007990909] [uav4.mavros]: Plugin setpoint_trajectory ignored
[INFO] [1790656064.126725484] [uav4.mavros]: Plugin setpoint_velocity created
[INFO] [1790656064.126775599] [uav4.mavros]: Plugin setpoint_velocity initialized
[INFO] [1790656064.492837036] [uav4.mavros]: Plugin sys_status created
[INFO] [1790656064.492909914] [uav4.mavros]: Plugin sys_status initialized
[INFO] [1790656064.693936711] [uav4.mavros.time]: TM: Timesync mode: MAVLINK
[INFO] [1790656064.748973736] [uav4.mavros]: Plugin sys_time created
[INFO] [1790656064.749025682] [uav4.mavros]: Plugin sys_time initialized
[INFO] [1790656064.749035317] [uav4.mavros]: Plugin waypoint ignored
[INFO] [1790656064.749040505] [uav4.mavros]: Plugin wind_estimation ignored
[INFO] [1790656064.752305729] [uav4.mavros]: Built-in SIMD instructions: SSE, SSE2
[INFO] [1790656064.752638586] [uav4.mavros]: Built-in MAVLink package version: 2026.8.8
[INFO] [1790656064.752659879] [uav4.mavros]: Known MAVLink dialects: common ardupilotmega ASLUAV AVSSUAS all csAirLink cubepilot development icarous loweheiser marsh paparazzi standard stemstudios storm32 uAvionix ualberta
[INFO] [1790656064.752666531] [uav4.mavros]: MAVROS UAS via /uas4 started. MY ID 4.191, TARGET ID 4.1
[INFO] [1790656064.867847015] [uav4.mavros_router]: link[1001] detected remote address 4.191
[INFO] [1790656065.537457556] [uav4.mavros.sys]: VER: 4.1: Capabilities         0x000000000000e8ff
[INFO] [1790656065.537515760] [uav4.mavros.sys]: VER: 4.1: Flight software:     011200c0 (fca3df865a000000)
[INFO] [1790656065.537524033] [uav4.mavros.sys]: VER: 4.1: Middleware software: 011200c0 (fca3df865a000000)
[INFO] [1790656065.537528553] [uav4.mavros.sys]: VER: 4.1: OS software:         070000ff (17040b9f87cb1791)
[INFO] [1790656065.537533043] [uav4.mavros.sys]: VER: 4.1: Board hardware:      00000001
[INFO] [1790656065.537537893] [uav4.mavros.sys]: VER: 4.1: VID/PID:             0000:0000
[INFO] [1790656065.537609725] [uav4.mavros.sys]: VER: 4.1: UID:                 4954414c44494e52
[WARN] [1790656065.539218442] [uav4.mavros.cmd]: CMD: Unexpected command 512, result 0
[INFO] [1790656065.909715048] [uav4.mavros]: CON: Got HEARTBEAT, connected. FCU: PX4 Autopilot
[INFO] [1790656066.922878003] [uav4.mavros.sys]: VER: 4.1: Capabilities         0x000000000000e8ff
[INFO] [1790656066.922934053] [uav4.mavros.sys]: VER: 4.1: Flight software:     011200c0 (fca3df865a000000)
[INFO] [1790656066.922942612] [uav4.mavros.sys]: VER: 4.1: Middleware software: 011200c0 (fca3df865a000000)
[INFO] [1790656066.922948211] [uav4.mavros.sys]: VER: 4.1: OS software:         070000ff (17040b9f87cb1791)
[INFO] [1790656066.922952740] [uav4.mavros.sys]: VER: 4.1: Board hardware:      00000001
[INFO] [1790656066.922957505] [uav4.mavros.sys]: VER: 4.1: VID/PID:             0000:0000
[INFO] [1790656066.922962017] [uav4.mavros.sys]: VER: 4.1: UID:                 4954414c44494e52
[WARN] [1790656075.919903167] [uav4.mavros.sys]: FCU: UNK(8): EVENT 11047904 with args -0-0-0-0-0-128-0-0-0-176-122-127-128-176-122-127-128-0-0-0-0-0-0-0-0-0-0-0-0-0-0-0-0-0-0-0-0-0-0-0-
[INFO] [1790656075.920029415] [uav4.mavros.sys]: FCU: EVENT 377561 with args -8-0-0-0-20-0-0-0-0-0-0-0-0-0-0-0-0-0-0-0-0-0-0-0-0-0-0-0-0-0-0-0-0-0-0-0-0-0-0-0-
[WARN] [1790656075.920072435] [uav4.mavros.sys]: FCU: EVENT 453929 with args -255-255-255-255-7-0-0-0-0-0-0-0-0-0-0-0-0-0-0-0-0-0-0-0-0-0-0-0-0-0-0-0-0-0-0-0-0-0-0-0-
[INFO] [1790656075.920106042] [uav4.mavros.sys]: FCU: EVENT 6801787 with args -255-255-255-255-12-0-0-0-0-0-0-0-0-0-0-0-0-0-0-0-0-0-0-0-0-0-0-0-0-0-0-0-0-0-0-0-0-0-0-0-
[WARN] [1790656075.920138013] [uav4.mavros.sys]: FCU: UNK(8): EVENT 1914663 with args -0-10-13-2-56-0-0-0-0-0-0-0-0-0-0-0-0-0-0-0-0-0-0-0-0-0-0-0-0-0-0-0-0-0-0-0-0-0-0-0-
[WARN] [1790656077.000829367] [uav4.mavros.cmd]: CMD: Unexpected command 176, result 0
[INFO] [1790656078.134623648] [uav4.mavros.sys]: FCU: EVENT 9489139 with args -4-0-0-0-0-0-0-0-0-0-0-0-0-0-0-0-0-0-0-0-0-0-0-0-0-0-0-0-0-0-0-0-0-0-0-0-0-0-0-0-
[INFO] [1790656080.029651907] [uav4.mavros.sys]: FCU: EVENT 4277609 with args -0-0-0-0-0-0-0-0-0-0-0-0-0-0-0-0-0-0-0-0-0-0-0-0-0-0-0-0-0-0-0-0-0-0-0-0-0-0-0-0-
[WARN] [1790656338.839437888] [uav4.mavros.cmd]: CMD: Unexpected command 176, result 0
[INFO] [1790656372.211271510] [uav4.mavros.sys]: FCU: EVENT 9844908 with args -0-0-0-0-0-0-0-0-0-0-0-0-0-0-0-0-0-0-0-0-0-0-0-0-0-0-0-0-0-0-0-0-0-0-0-0-0-0-0-0-
[INFO] [1790656374.396761238] [uav4.mavros.sys]: FCU: EVENT 16017271 with args -6-0-0-0-0-0-0-0-0-0-0-0-0-0-0-0-0-0-0-0-0-0-0-0-0-0-0-0-0-0-0-0-0-0-0-0-0-0-0-0-
[WARN] [1790656377.846727602] [uav4.mavros.sys]: FCU: UNK(8): EVENT 11047904 with args -0-0-0-0-0-128-0-0-0-176-122-127-128-176-122-127-128-0-0-0-0-0-0-0-0-0-0-0-0-0-0-0-0-0-0-0-0-0-0-0-
[INFO] [1790656377.846844327] [uav4.mavros.sys]: FCU: EVENT 377561 with args -8-0-0-0-20-0-0-0-0-0-0-0-0-0-0-0-0-0-0-0-0-0-0-0-0-0-0-0-0-0-0-0-0-0-0-0-0-0-0-0-
[WARN] [1790656377.846904072] [uav4.mavros.sys]: FCU: EVENT 453929 with args -255-255-255-255-7-0-0-0-0-0-0-0-0-0-0-0-0-0-0-0-0-0-0-0-0-0-0-0-0-0-0-0-0-0-0-0-0-0-0-0-
[INFO] [1790656377.846938652] [uav4.mavros.sys]: FCU: EVENT 6801787 with args -255-255-255-255-12-0-0-0-0-0-0-0-0-0-0-0-0-0-0-0-0-0-0-0-0-0-0-0-0-0-0-0-0-0-0-0-0-0-0-0-
[WARN] [1790656377.846973277] [uav4.mavros.sys]: FCU: UNK(8): EVENT 1914663 with args -0-10-9-2-56-0-0-0-0-0-0-0-0-0-0-0-0-0-0-0-0-0-0-0-0-0-0-0-0-0-0-0-0-0-0-0-0-0-0-0-
[INFO] [1790656383.074214423] [rclcpp]: signal_handler(SIGINT/SIGTERM)
[WARN] [1790656383.080684515] [uav4.mavros]: UAS Executor terminated
