[INFO] [1790656062.350802293] [uav5.mavros_node]: Starting mavros_node container
[INFO] [1790656062.368760485] [uav5.mavros_node]: FCU URL: udp://:14544@127.0.0.1:14584
[INFO] [1790656062.374555832] [uav5.mavros_node]: GCS URL: 
[INFO] [1790656062.375458115] [uav5.mavros_node]: UAS Prefix: /uas5
[INFO] [1790656062.375536406] [uav5.mavros_node]: Starting mavros router node
[INFO] [1790656062.621560031] [uav5.mavros_router]: Built-in SIMD instructions: SSE, SSE2
[INFO] [1790656062.621701580] [uav5.mavros_router]: Built-in MAVLink package version: 2026.8.8
[INFO] [1790656062.621717075] [uav5.mavros_router]: Known MAVLink dialects: common ardupilotmega ASLUAV AVSSUAS all csAirLink cubepilot development icarous loweheiser marsh paparazzi standard stemstudios storm32 uAvionix ualberta
[INFO] [1790656062.621723553] [uav5.mavros_router]: MAVROS Router started
[INFO] [1790656062.622481183] [uav5.mavros_node]: Starting mavros uas node
[INFO] [1790656062.779607169] [uav5.mavros_router]: Requested to add endpoint: type: 0, url: udp://:14544@127.0.0.1:14584
[INFO] [1790656062.779673120] [uav5.mavros_router]: Endpoint link[1000] created
[INFO] [1790656062.779932323] [uav5.mavros_router]: link[1000] opened successfully
[INFO] [1790656062.779952920] [uav5.mavros_router]: Requested to add endpoint: type: 2, url: /uas5
[INFO] [1790656062.779966649] [uav5.mavros_router]: Endpoint link[1001] created
[INFO] [1790656062.787302535] [uav5.mavros_router]: link[1000] detected remote address 5.1
[INFO] [1790656062.803578309] [uav5.mavros]: Plugin actuator_control ignored
[INFO] [1790656062.803636619] [uav5.mavros]: Plugin altitude ignored
[INFO] [1790656062.810654522] [uav5.mavros]: UAS Executor started, threads: 4
[INFO] [1790656062.817649098] [uav5.mavros_router]: link[1001] opened successfully
[INFO] [1790656062.948875735] [uav5.mavros]: Plugin command created
[INFO] [1790656062.948959882] [uav5.mavros]: Plugin command initialized
[INFO] [1790656062.948971162] [uav5.mavros]: Plugin ftp ignored
[INFO] [1790656062.948977857] [uav5.mavros]: Plugin geofence ignored
[INFO] [1790656063.077929621] [uav5.mavros]: Plugin global_position created
[INFO] [1790656063.078051917] [uav5.mavros]: Plugin global_position initialized
[INFO] [1790656063.078062243] [uav5.mavros]: Plugin home_position ignored
[INFO] [1790656063.078068558] [uav5.mavros]: Plugin imu ignored
[INFO] [1790656063.333397270] [uav5.mavros]: Plugin local_position created
[INFO] [1790656063.333459149] [uav5.mavros]: Plugin local_position initialized
[INFO] [1790656063.333469061] [uav5.mavros]: Plugin manual_control ignored
[INFO] [1790656063.333474781] [uav5.mavros]: Plugin nav_controller_output ignored
[INFO] [1790656063.333480062] [uav5.mavros]: Plugin param ignored
[INFO] [1790656063.333485048] [uav5.mavros]: Plugin rallypoint ignored
[INFO] [1790656063.333489715] [uav5.mavros]: Plugin rc_io ignored
[INFO] [1790656063.333494748] [uav5.mavros]: Plugin setpoint_accel ignored
[INFO] [1790656063.333500334] [uav5.mavros]: Plugin setpoint_attitude ignored
[INFO] [1790656063.333505635] [uav5.mavros]: Plugin setpoint_position ignored
[INFO] [1790656063.333510764] [uav5.mavros]: Plugin setpoint_raw ignored
[INFO] [1790656063.333516270] [uav5.mavros]: Plugin setpoint_trajectory ignored
[INFO] [1790656063.835480183] [uav5.mavros]: Plugin setpoint_velocity created
[INFO] [1790656063.835556323] [uav5.mavros]: Plugin setpoint_velocity initialized
[INFO] [1790656064.111905135] [uav5.mavros]: Plugin sys_status created
[INFO] [1790656064.111978140] [uav5.mavros]: Plugin sys_status initialized
[INFO] [1790656064.388783021] [uav5.mavros.time]: TM: Timesync mode: MAVLINK
[INFO] [1790656064.395942823] [uav5.mavros]: Plugin sys_time created
[INFO] [1790656064.396001586] [uav5.mavros]: Plugin sys_time initialized
[INFO] [1790656064.396011103] [uav5.mavros]: Plugin waypoint ignored
[INFO] [1790656064.396017282] [uav5.mavros]: Plugin wind_estimation ignored
[INFO] [1790656064.406262655] [uav5.mavros]: Built-in SIMD instructions: SSE, SSE2
[INFO] [1790656064.406315834] [uav5.mavros]: Built-in MAVLink package version: 2026.8.8
[INFO] [1790656064.406352436] [uav5.mavros]: Known MAVLink dialects: common ardupilotmega ASLUAV AVSSUAS all csAirLink cubepilot development icarous loweheiser marsh paparazzi standard stemstudios storm32 uAvionix ualberta
[INFO] [1790656064.406360282] [uav5.mavros]: MAVROS UAS via /uas5 started. MY ID 5.191, TARGET ID 5.1
[INFO] [1790656064.427062292] [uav5.mavros_router]: link[1001] detected remote address 5.191
[INFO] [1790656064.542768878] [uav5.mavros]: CON: Got HEARTBEAT, connected. FCU: PX4 Autopilot
[INFO] [1790656065.587782178] [uav5.mavros.sys]: VER: 5.1: Capabilities         0x000000000000e8ff
[INFO] [1790656065.587835620] [uav5.mavros.sys]: VER: 5.1: Flight software:     011200c0 (fca3df865a000000)
[INFO] [1790656065.587843155] [uav5.mavros.sys]: VER: 5.1: Middleware software: 011200c0 (fca3df865a000000)
[INFO] [1790656065.587848151] [uav5.mavros.sys]: VER: 5.1: OS software:         070000ff (17040b9f87cb1791)
[INFO] [1790656065.587852650] [uav5.mavros.sys]: VER: 5.1: Board hardware:      00000001
[INFO] [1790656065.587857292] [uav5.mavros.sys]: VER: 5.1: VID/PID:             0000:0000
[INFO] [1790656065.587862081] [uav5.mavros.sys]: VER: 5.1: UID:                 4954414c44494e53
[WARN] [1790656065.587902414] [uav5.mavros.cmd]: CMD: Unexpected command 512, result 0
[WARN] [1790656075.293465305] [uav5.mavros.sys]: FCU: UNK(8): EVENT 11047904 with args -0-0-0-0-0-128-0-0-0-176-122-127-128-176-122-127-128-0-0-0-0-0-0-0-0-0-0-0-0-0-0-0-0-0-0-0-0-0-0-0-
[INFO] [1790656075.300039964] [uav5.mavros.sys]: FCU: EVENT 377561 with args -8-0-0-0-20-0-0-0-0-0-0-0-0-0-0-0-0-0-0-0-0-0-0-0-0-0-0-0-0-0-0-0-0-0-0-0-0-0-0-0-
[WARN] [1790656075.300114321] [uav5.mavros.sys]: FCU: EVENT 453929 with args -255-255-255-255-7-0-0-0-0-0-0-0-0-0-0-0-0-0-0-0-0-0-0-0-0-0-0-0-0-0-0-0-0-0-0-0-0-0-0-0-
[INFO] [1790656075.300161605] [uav5.mavros.sys]: FCU: EVENT 6801787 with args -255-255-255-255-12-0-0-0-0-0-0-0-0-0-0-0-0-0-0-0-0-0-0-0-0-0-0-0-0-0-0-0-0-0-0-0-0-0-0-0-
[WARN] [1790656075.300197501] [uav5.mavros.sys]: FCU: UNK(8): EVENT 1914663 with args -0-10-13-2-56-0-0-0-0-0-0-0-0-0-0-0-0-0-0-0-0-0-0-0-0-0-0-0-0-0-0-0-0-0-0-0-0-0-0-0-
[WARN] [1790656077.019926299] [uav5.mavros.cmd]: CMD: Unexpected command 176, result 0
[INFO] [1790656077.573521864] [uav5.mavros.sys]: FCU: EVENT 9489139 with args -4-0-0-0-0-0-0-0-0-0-0-0-0-0-0-0-0-0-0-0-0-0-0-0-0-0-0-0-0-0-0-0-0-0-0-0-0-0-0-0-
[INFO] [1790656079.655157540] [uav5.mavros.sys]: FCU: EVENT 4277609 with args -0-0-0-0-0-0-0-0-0-0-0-0-0-0-0-0-0-0-0-0-0-0-0-0-0-0-0-0-0-0-0-0-0-0-0-0-0-0-0-0-
[WARN] [1790656338.831933352] [uav5.mavros.cmd]: CMD: Unexpected command 176, result 0
[INFO] [1790656372.852739565] [uav5.mavros.sys]: FCU: EVENT 9844908 with args -0-0-0-0-0-0-0-0-0-0-0-0-0-0-0-0-0-0-0-0-0-0-0-0-0-0-0-0-0-0-0-0-0-0-0-0-0-0-0-0-
[INFO] [1790656375.017707338] [uav5.mavros.sys]: FCU: EVENT 16017271 with args -6-0-0-0-0-0-0-0-0-0-0-0-0-0-0-0-0-0-0-0-0-0-0-0-0-0-0-0-0-0-0-0-0-0-0-0-0-0-0-0-
[WARN] [1790656378.935428749] [uav5.mavros.sys]: FCU: UNK(8): EVENT 11047904 with args -0-0-0-0-0-128-0-0-0-176-122-127-128-176-122-127-128-0-0-0-0-0-0-0-0-0-0-0-0-0-0-0-0-0-0-0-0-0-0-0-
[INFO] [1790656378.935493911] [uav5.mavros.sys]: FCU: EVENT 377561 with args -8-0-0-0-20-0-0-0-0-0-0-0-0-0-0-0-0-0-0-0-0-0-0-0-0-0-0-0-0-0-0-0-0-0-0-0-0-0-0-0-
[WARN] [1790656378.935567728] [uav5.mavros.sys]: FCU: EVENT 453929 with args -255-255-255-255-7-0-0-0-0-0-0-0-0-0-0-0-0-0-0-0-0-0-0-0-0-0-0-0-0-0-0-0-0-0-0-0-0-0-0-0-
[INFO] [1790656378.935586457] [uav5.mavros.sys]: FCU: EVENT 6801787 with args -255-255-255-255-12-0-0-0-0-0-0-0-0-0-0-0-0-0-0-0-0-0-0-0-0-0-0-0-0-0-0-0-0-0-0-0-0-0-0-0-
[WARN] [1790656378.935649481] [uav5.mavros.sys]: FCU: UNK(8): EVENT 1914663 with args -0-10-9-2-56-0-0-0-0-0-0-0-0-0-0-0-0-0-0-0-0-0-0-0-0-0-0-0-0-0-0-0-0-0-0-0-0-0-0-0-
[INFO] [1790656383.075647555] [rclcpp]: signal_handler(SIGINT/SIGTERM)
[WARN] [1790656383.082006450] [uav5.mavros]: UAS Executor terminated
