[INFO] [1790656062.259071371] [uav6.mavros_node]: Starting mavros_node container
[INFO] [1790656062.259182730] [uav6.mavros_node]: FCU URL: udp://:14545@127.0.0.1:14585
[INFO] [1790656062.259190343] [uav6.mavros_node]: GCS URL: 
[INFO] [1790656062.259194812] [uav6.mavros_node]: UAS Prefix: /uas6
[INFO] [1790656062.259198946] [uav6.mavros_node]: Starting mavros router node
[INFO] [1790656062.358356363] [uav6.mavros_router]: Built-in SIMD instructions: SSE, SSE2
[INFO] [1790656062.368401445] [uav6.mavros_router]: Built-in MAVLink package version: 2026.8.8
[INFO] [1790656062.368420647] [uav6.mavros_router]: Known MAVLink dialects: common ardupilotmega ASLUAV AVSSUAS all csAirLink cubepilot development icarous loweheiser marsh paparazzi standard stemstudios storm32 uAvionix ualberta
[INFO] [1790656062.368431099] [uav6.mavros_router]: MAVROS Router started
[INFO] [1790656062.368958709] [uav6.mavros_node]: Starting mavros uas node
[INFO] [1790656062.588795079] [uav6.mavros_router]: Requested to add endpoint: type: 0, url: udp://:14545@127.0.0.1:14585
[INFO] [1790656062.588874516] [uav6.mavros_router]: Endpoint link[1000] created
[INFO] [1790656062.589151824] [uav6.mavros_router]: link[1000] opened successfully
[INFO] [1790656062.589173309] [uav6.mavros_router]: Requested to add endpoint: type: 2, url: /uas6
[INFO] [1790656062.589188126] [uav6.mavros_router]: Endpoint link[1001] created
[INFO] [1790656062.596413606] [uav6.mavros_router]: link[1000] detected remote address 6.1
[INFO] [1790656062.613481958] [uav6.mavros]: Plugin actuator_control ignored
[INFO] [1790656062.613535016] [uav6.mavros]: Plugin altitude ignored
[INFO] [1790656062.613987465] [uav6.mavros]: UAS Executor started, threads: 4
[INFO] [1790656062.640672401] [uav6.mavros_router]: link[1001] opened successfully
[INFO] [1790656062.862307882] [uav6.mavros]: Plugin command created
[INFO] [1790656062.896296753] [uav6.mavros]: Plugin command initialized
[INFO] [1790656062.902609849] [uav6.mavros]: Plugin ftp ignored
[INFO] [1790656062.902621927] [uav6.mavros]: Plugin geofence ignored
[INFO] [1790656063.189085288] [uav6.mavros]: Plugin global_position created
[INFO] [1790656063.189149428] [uav6.mavros]: Plugin global_position initialized
[INFO] [1790656063.189159494] [uav6.mavros]: Plugin home_position ignored
[INFO] [1790656063.189165396] [uav6.mavros]: Plugin imu ignored
[INFO] [1790656063.549502321] [uav6.mavros]: Plugin local_position created
[INFO] [1790656063.550308374] [uav6.mavros]: Plugin local_position initialized
[INFO] [1790656063.551889467] [uav6.mavros]: Plugin manual_control ignored
[INFO] [1790656063.552053956] [uav6.mavros]: Plugin nav_controller_output ignored
[INFO] [1790656063.552104946] [uav6.mavros]: Plugin param ignored
[INFO] [1790656063.552112969] [uav6.mavros]: Plugin rallypoint ignored
[INFO] [1790656063.552117927] [uav6.mavros]: Plugin rc_io ignored
[INFO] [1790656063.552123090] [uav6.mavros]: Plugin setpoint_accel ignored
[INFO] [1790656063.552128765] [uav6.mavros]: Plugin setpoint_attitude ignored
[INFO] [1790656063.552134077] [uav6.mavros]: Plugin setpoint_position ignored
[INFO] [1790656063.552139009] [uav6.mavros]: Plugin setpoint_raw ignored
[INFO] [1790656063.552174443] [uav6.mavros]: Plugin setpoint_trajectory ignored
[INFO] [1790656063.733784107] [uav6.mavros]: Plugin setpoint_velocity created
[INFO] [1790656063.733829678] [uav6.mavros]: Plugin setpoint_velocity initialized
[INFO] [1790656064.223741784] [uav6.mavros]: Plugin sys_status created
[INFO] [1790656064.223820313] [uav6.mavros]: Plugin sys_status initialized
[INFO] [1790656064.733814267] [uav6.mavros.time]: TM: Timesync mode: MAVLINK
[INFO] [1790656064.842734999] [uav6.mavros]: Plugin sys_time created
[INFO] [1790656064.842806392] [uav6.mavros]: Plugin sys_time initialized
[INFO] [1790656064.842816278] [uav6.mavros]: Plugin waypoint ignored
[INFO] [1790656064.842821704] [uav6.mavros]: Plugin wind_estimation ignored
[INFO] [1790656064.924135291] [uav6.mavros]: Built-in SIMD instructions: SSE, SSE2
[INFO] [1790656064.924179100] [uav6.mavros]: Built-in MAVLink package version: 2026.8.8
[INFO] [1790656064.924213244] [uav6.mavros]: Known MAVLink dialects: common ardupilotmega ASLUAV AVSSUAS all csAirLink cubepilot development icarous loweheiser marsh paparazzi standard stemstudios storm32 uAvionix ualberta
[INFO] [1790656064.924220458] [uav6.mavros]: MAVROS UAS via /uas6 started. MY ID 6.191, TARGET ID 6.1
[INFO] [1790656065.010815056] [uav6.mavros_router]: link[1001] detected remote address 6.191
[INFO] [1790656065.287457791] [uav6.mavros.sys]: VER: 6.1: Capabilities         0x000000000000e8ff
[INFO] [1790656065.287507574] [uav6.mavros.sys]: VER: 6.1: Flight software:     011200c0 (fca3df865a000000)
[INFO] [1790656065.287515145] [uav6.mavros.sys]: VER: 6.1: Middleware software: 011200c0 (fca3df865a000000)
[INFO] [1790656065.287519592] [uav6.mavros.sys]: VER: 6.1: OS software:         070000ff (17040b9f87cb1791)
[INFO] [1790656065.287523868] [uav6.mavros.sys]: VER: 6.1: Board hardware:      00000001
[INFO] [1790656065.287527988] [uav6.mavros.sys]: VER: 6.1: VID/PID:             0000:0000
[INFO] [1790656065.287532385] [uav6.mavros.sys]: VER: 6.1: UID:                 4954414c44494e54
[WARN] [1790656065.287571271] [uav6.mavros.cmd]: CMD: Unexpected command 512, result 0
[INFO] [1790656065.923344675] [uav6.mavros]: CON: Got HEARTBEAT, connected. FCU: PX4 Autopilot
[INFO] [1790656067.001024554] [uav6.mavros.sys]: VER: 6.1: Capabilities         0x000000000000e8ff
[INFO] [1790656067.001083074] [uav6.mavros.sys]: VER: 6.1: Flight software:     011200c0 (fca3df865a000000)
[INFO] [1790656067.001090439] [uav6.mavros.sys]: VER: 6.1: Middleware software: 011200c0 (fca3df865a000000)
[INFO] [1790656067.001095680] [uav6.mavros.sys]: VER: 6.1: OS software:         070000ff (17040b9f87cb1791)
[INFO] [1790656067.001105429] [uav6.mavros.sys]: VER: 6.1: Board hardware:      00000001
[INFO] [1790656067.001110252] [uav6.mavros.sys]: VER: 6.1: VID/PID:             0000:0000
[INFO] [1790656067.001114530] [uav6.mavros.sys]: VER: 6.1: UID:                 4954414c44494e54
[WARN] [1790656076.415964424] [uav6.mavros.sys]: FCU: UNK(8): EVENT 11047904 with args -0-0-0-0-0-128-0-0-0-176-122-127-128-176-122-127-128-0-0-0-0-0-0-0-0-0-0-0-0-0-0-0-0-0-0-0-0-0-0-0-
[INFO] [1790656076.417744344] [uav6.mavros.sys]: FCU: EVENT 377561 with args -8-0-0-0-20-0-0-0-0-0-0-0-0-0-0-0-0-0-0-0-0-0-0-0-0-0-0-0-0-0-0-0-0-0-0-0-0-0-0-0-
[WARN] [1790656076.418475342] [uav6.mavros.sys]: FCU: EVENT 453929 with args -255-255-255-255-7-0-0-0-0-0-0-0-0-0-0-0-0-0-0-0-0-0-0-0-0-0-0-0-0-0-0-0-0-0-0-0-0-0-0-0-
[INFO] [1790656076.418942167] [uav6.mavros.sys]: FCU: EVENT 6801787 with args -255-255-255-255-12-0-0-0-0-0-0-0-0-0-0-0-0-0-0-0-0-0-0-0-0-0-0-0-0-0-0-0-0-0-0-0-0-0-0-0-
[WARN] [1790656076.419896525] [uav6.mavros.sys]: FCU: UNK(8): EVENT 1914663 with args -0-10-13-2-56-0-0-0-0-0-0-0-0-0-0-0-0-0-0-0-0-0-0-0-0-0-0-0-0-0-0-0-0-0-0-0-0-0-0-0-
[WARN] [1790656077.232383768] [uav6.mavros.cmd]: CMD: Unexpected command 176, result 0
[INFO] [1790656077.360251722] [uav6.mavros.sys]: FCU: EVENT 9489139 with args -4-0-0-0-0-0-0-0-0-0-0-0-0-0-0-0-0-0-0-0-0-0-0-0-0-0-0-0-0-0-0-0-0-0-0-0-0-0-0-0-
[INFO] [1790656079.362296161] [uav6.mavros.sys]: FCU: EVENT 4277609 with args -0-0-0-0-0-0-0-0-0-0-0-0-0-0-0-0-0-0-0-0-0-0-0-0-0-0-0-0-0-0-0-0-0-0-0-0-0-0-0-0-
[WARN] [1790656338.803872560] [uav6.mavros.cmd]: CMD: Unexpected command 176, result 0
[INFO] [1790656372.536171255] [uav6.mavros.sys]: FCU: EVENT 9844908 with args -0-0-0-0-0-0-0-0-0-0-0-0-0-0-0-0-0-0-0-0-0-0-0-0-0-0-0-0-0-0-0-0-0-0-0-0-0-0-0-0-
[INFO] [1790656374.729635388] [uav6.mavros.sys]: FCU: EVENT 16017271 with args -6-0-0-0-0-0-0-0-0-0-0-0-0-0-0-0-0-0-0-0-0-0-0-0-0-0-0-0-0-0-0-0-0-0-0-0-0-0-0-0-
[WARN] [1790656378.708845390] [uav6.mavros.sys]: FCU: UNK(8): EVENT 11047904 with args -0-0-0-0-0-128-0-0-0-176-122-127-128-176-122-127-128-0-0-0-0-0-0-0-0-0-0-0-0-0-0-0-0-0-0-0-0-0-0-0-
[INFO] [1790656378.708953178] [uav6.mavros.sys]: FCU: EVENT 377561 with args -8-0-0-0-20-0-0-0-0-0-0-0-0-0-0-0-0-0-0-0-0-0-0-0-0-0-0-0-0-0-0-0-0-0-0-0-0-0-0-0-
[WARN] [1790656378.708991020] [uav6.mavros.sys]: FCU: EVENT 453929 with args -255-255-255-255-7-0-0-0-0-0-0-0-0-0-0-0-0-0-0-0-0-0-0-0-0-0-0-0-0-0-0-0-0-0-0-0-0-0-0-0-
[INFO] [1790656378.709035480] [uav6.mavros.sys]: FCU: EVENT 6801787 with args -255-255-255-255-12-0-0-0-0-0-0-0-0-0-0-0-0-0-0-0-0-0-0-0-0-0-0-0-0-0-0-0-0-0-0-0-0-0-0-0-
[WARN] [1790656378.709060105] [uav6.mavros.sys]: FCU: UNK(8): EVENT 1914663 with args -0-10-9-2-56-0-0-0-0-0-0-0-0-0-0-0-0-0-0-0-0-0-0-0-0-0-0-0-0-0-0-0-0-0-0-0-0-0-0-0-
[INFO] [1790656383.076181420] [rclcpp]: signal_handler(SIGINT/SIGTERM)
[WARN] [1790656383.082685804] [uav6.mavros]: UAS Executor terminated
