[INFO] [1790656062.347636053] [uav2.mavros_node]: Starting mavros_node container
[INFO] [1790656062.367005236] [uav2.mavros_node]: FCU URL: udp://:14541@127.0.0.1:14581
[INFO] [1790656062.367020072] [uav2.mavros_node]: GCS URL: 
[INFO] [1790656062.367025274] [uav2.mavros_node]: UAS Prefix: /uas2
[INFO] [1790656062.367030332] [uav2.mavros_node]: Starting mavros router node
[INFO] [1790656062.396814402] [uav2.mavros_router]: Built-in SIMD instructions: SSE, SSE2
[INFO] [1790656062.396849362] [uav2.mavros_router]: Built-in MAVLink package version: 2026.8.8
[INFO] [1790656062.396858400] [uav2.mavros_router]: Known MAVLink dialects: common ardupilotmega ASLUAV AVSSUAS all csAirLink cubepilot development icarous loweheiser marsh paparazzi standard stemstudios storm32 uAvionix ualberta
[INFO] [1790656062.396865136] [uav2.mavros_router]: MAVROS Router started
[INFO] [1790656062.397009582] [uav2.mavros_node]: Starting mavros uas node
[INFO] [1790656062.671994960] [uav2.mavros_router]: Requested to add endpoint: type: 0, url: udp://:14541@127.0.0.1:14581
[INFO] [1790656062.672058146] [uav2.mavros_router]: Endpoint link[1000] created
[INFO] [1790656062.673720204] [uav2.mavros_router]: link[1000] opened successfully
[INFO] [1790656062.673754454] [uav2.mavros_router]: Requested to add endpoint: type: 2, url: /uas2
[INFO] [1790656062.673769246] [uav2.mavros_router]: Endpoint link[1001] created
[INFO] [1790656062.676566113] [uav2.mavros_router]: link[1000] detected remote address 2.1
[INFO] [1790656062.694903523] [uav2.mavros_router]: link[1001] opened successfully
[INFO] [1790656062.696905076] [uav2.mavros]: Plugin actuator_control ignored
[INFO] [1790656062.697754468] [uav2.mavros]: Plugin altitude ignored
[INFO] [1790656062.698058879] [uav2.mavros]: UAS Executor started, threads: 4
[INFO] [1790656062.887396990] [uav2.mavros]: Plugin command created
[INFO] [1790656062.893015520] [uav2.mavros]: Plugin command initialized
[INFO] [1790656062.902491164] [uav2.mavros]: Plugin ftp ignored
[INFO] [1790656062.902507829] [uav2.mavros]: Plugin geofence ignored
[INFO] [1790656063.268453674] [uav2.mavros]: Plugin global_position created
[INFO] [1790656063.268512245] [uav2.mavros]: Plugin global_position initialized
[INFO] [1790656063.268523453] [uav2.mavros]: Plugin home_position ignored
[INFO] [1790656063.268529217] [uav2.mavros]: Plugin imu ignored
[INFO] [1790656063.645034776] [uav2.mavros]: Plugin local_position created
[INFO] [1790656063.650048834] [uav2.mavros]: Plugin local_position initialized
[INFO] [1790656063.650109041] [uav2.mavros]: Plugin manual_control ignored
[INFO] [1790656063.650116030] [uav2.mavros]: Plugin nav_controller_output ignored
[INFO] [1790656063.650120830] [uav2.mavros]: Plugin param ignored
[INFO] [1790656063.650125850] [uav2.mavros]: Plugin rallypoint ignored
[INFO] [1790656063.650130797] [uav2.mavros]: Plugin rc_io ignored
[INFO] [1790656063.650148832] [uav2.mavros]: Plugin setpoint_accel ignored
[INFO] [1790656063.650153920] [uav2.mavros]: Plugin setpoint_attitude ignored
[INFO] [1790656063.650158732] [uav2.mavros]: Plugin setpoint_position ignored
[INFO] [1790656063.650163637] [uav2.mavros]: Plugin setpoint_raw ignored
[INFO] [1790656063.650167891] [uav2.mavros]: Plugin setpoint_trajectory ignored
[INFO] [1790656064.189318053] [uav2.mavros]: Plugin setpoint_velocity created
[INFO] [1790656064.189390444] [uav2.mavros]: Plugin setpoint_velocity initialized
[INFO] [1790656064.623234299] [uav2.mavros]: Plugin sys_status created
[INFO] [1790656064.623321703] [uav2.mavros]: Plugin sys_status initialized
[INFO] [1790656064.796199054] [uav2.mavros.time]: TM: Timesync mode: MAVLINK
[INFO] [1790656064.866472580] [uav2.mavros]: Plugin sys_time created
[INFO] [1790656064.866527511] [uav2.mavros]: Plugin sys_time initialized
[INFO] [1790656064.866542860] [uav2.mavros]: Plugin waypoint ignored
[INFO] [1790656064.866548620] [uav2.mavros]: Plugin wind_estimation ignored
[INFO] [1790656064.890908937] [uav2.mavros]: Built-in SIMD instructions: SSE, SSE2
[INFO] [1790656064.890964153] [uav2.mavros]: Built-in MAVLink package version: 2026.8.8
[INFO] [1790656064.890998772] [uav2.mavros]: Known MAVLink dialects: common ardupilotmega ASLUAV AVSSUAS all csAirLink cubepilot development icarous loweheiser marsh paparazzi standard stemstudios storm32 uAvionix ualberta
[INFO] [1790656064.891006392] [uav2.mavros]: MAVROS UAS via /uas2 started. MY ID 2.191, TARGET ID 2.1
[INFO] [1790656064.999726772] [uav2.mavros_router]: link[1001] detected remote address 2.191
[INFO] [1790656065.653177255] [uav2.mavros.sys]: VER: 2.1: Capabilities         0x000000000000e8ff
[INFO] [1790656065.653226067] [uav2.mavros.sys]: VER: 2.1: Flight software:     011200c0 (fca3df865a000000)
[INFO] [1790656065.653233221] [uav2.mavros.sys]: VER: 2.1: Middleware software: 011200c0 (fca3df865a000000)
[INFO] [1790656065.653238328] [uav2.mavros.sys]: VER: 2.1: OS software:         070000ff (17040b9f87cb1791)
[INFO] [1790656065.653242404] [uav2.mavros.sys]: VER: 2.1: Board hardware:      00000001
[INFO] [1790656065.653246369] [uav2.mavros.sys]: VER: 2.1: VID/PID:             0000:0000
[INFO] [1790656065.653250577] [uav2.mavros.sys]: VER: 2.1: UID:                 4954414c44494e50
[WARN] [1790656065.653409618] [uav2.mavros.cmd]: CMD: Unexpected command 512, result 0
[INFO] [1790656065.776517873] [uav2.mavros]: CON: Got HEARTBEAT, connected. FCU: PX4 Autopilot
[INFO] [1790656066.806190490] [uav2.mavros.sys]: VER: 2.1: Capabilities         0x000000000000e8ff
[INFO] [1790656066.806243908] [uav2.mavros.sys]: VER: 2.1: Flight software:     011200c0 (fca3df865a000000)
[INFO] [1790656066.806251446] [uav2.mavros.sys]: VER: 2.1: Middleware software: 011200c0 (fca3df865a000000)
[INFO] [1790656066.806261838] [uav2.mavros.sys]: VER: 2.1: OS software:         070000ff (17040b9f87cb1791)
[INFO] [1790656066.806266838] [uav2.mavros.sys]: VER: 2.1: Board hardware:      00000001
[INFO] [1790656066.806271568] [uav2.mavros.sys]: VER: 2.1: VID/PID:             0000:0000
[INFO] [1790656066.806276305] [uav2.mavros.sys]: VER: 2.1: UID:                 4954414c44494e50
[WARN] [1790656073.318591270] [uav2.mavros.sys]: FCU: UNK(8): EVENT 11047904 with args -0-0-0-0-0-128-0-0-0-176-122-127-128-176-122-127-128-0-0-0-0-0-0-0-0-0-0-0-0-0-0-0-0-0-0-0-0-0-0-0-
[INFO] [1790656073.318712386] [uav2.mavros.sys]: FCU: EVENT 377561 with args -8-0-0-0-20-0-0-0-0-0-0-0-0-0-0-0-0-0-0-0-0-0-0-0-0-0-0-0-0-0-0-0-0-0-0-0-0-0-0-0-
[WARN] [1790656073.318755141] [uav2.mavros.sys]: FCU: EVENT 453929 with args -255-255-255-255-7-0-0-0-0-0-0-0-0-0-0-0-0-0-0-0-0-0-0-0-0-0-0-0-0-0-0-0-0-0-0-0-0-0-0-0-
[INFO] [1790656073.324616008] [uav2.mavros.sys]: FCU: EVENT 6801787 with args -255-255-255-255-12-0-0-0-0-0-0-0-0-0-0-0-0-0-0-0-0-0-0-0-0-0-0-0-0-0-0-0-0-0-0-0-0-0-0-0-
[WARN] [1790656073.324691867] [uav2.mavros.sys]: FCU: UNK(8): EVENT 1914663 with args -0-10-13-2-56-0-0-0-0-0-0-0-0-0-0-0-0-0-0-0-0-0-0-0-0-0-0-0-0-0-0-0-0-0-0-0-0-0-0-0-
[WARN] [1790656076.989823183] [uav2.mavros.cmd]: CMD: Unexpected command 176, result 0
[INFO] [1790656078.014617277] [uav2.mavros.sys]: FCU: EVENT 9489139 with args -4-0-0-0-0-0-0-0-0-0-0-0-0-0-0-0-0-0-0-0-0-0-0-0-0-0-0-0-0-0-0-0-0-0-0-0-0-0-0-0-
[INFO] [1790656080.042804708] [uav2.mavros.sys]: FCU: EVENT 4277609 with args -0-0-0-0-0-0-0-0-0-0-0-0-0-0-0-0-0-0-0-0-0-0-0-0-0-0-0-0-0-0-0-0-0-0-0-0-0-0-0-0-
[WARN] [1790656338.705762252] [uav2.mavros.cmd]: CMD: Unexpected command 176, result 0
[INFO] [1790656371.541606992] [uav2.mavros.sys]: FCU: EVENT 9844908 with args -0-0-0-0-0-0-0-0-0-0-0-0-0-0-0-0-0-0-0-0-0-0-0-0-0-0-0-0-0-0-0-0-0-0-0-0-0-0-0-0-
[INFO] [1790656373.714647308] [uav2.mavros.sys]: FCU: EVENT 16017271 with args -6-0-0-0-0-0-0-0-0-0-0-0-0-0-0-0-0-0-0-0-0-0-0-0-0-0-0-0-0-0-0-0-0-0-0-0-0-0-0-0-
[WARN] [1790656377.941634839] [uav2.mavros.sys]: FCU: UNK(8): EVENT 11047904 with args -0-0-0-0-0-128-0-0-0-176-122-127-128-176-122-127-128-0-0-0-0-0-0-0-0-0-0-0-0-0-0-0-0-0-0-0-0-0-0-0-
[INFO] [1790656377.941705982] [uav2.mavros.sys]: FCU: EVENT 377561 with args -8-0-0-0-20-0-0-0-0-0-0-0-0-0-0-0-0-0-0-0-0-0-0-0-0-0-0-0-0-0-0-0-0-0-0-0-0-0-0-0-
[WARN] [1790656377.941869171] [uav2.mavros.sys]: FCU: EVENT 453929 with args -255-255-255-255-7-0-0-0-0-0-0-0-0-0-0-0-0-0-0-0-0-0-0-0-0-0-0-0-0-0-0-0-0-0-0-0-0-0-0-0-
[INFO] [1790656377.941910156] [uav2.mavros.sys]: FCU: EVENT 6801787 with args -255-255-255-255-12-0-0-0-0-0-0-0-0-0-0-0-0-0-0-0-0-0-0-0-0-0-0-0-0-0-0-0-0-0-0-0-0-0-0-0-
[WARN] [1790656377.941975168] [uav2.mavros.sys]: FCU: UNK(8): EVENT 1914663 with args -0-10-9-2-56-0-0-0-0-0-0-0-0-0-0-0-0-0-0-0-0-0-0-0-0-0-0-0-0-0-0-0-0-0-0-0-0-0-0-0-
[INFO] [1790656383.074703169] [rclcpp]: signal_handler(SIGINT/SIGTERM)
[WARN] [1790656383.075652557] [uav2.mavros]: UAS Executor terminated
