[INFO] [1790656062.273723407] [uav7.mavros_node]: Starting mavros_node container
[INFO] [1790656062.273823765] [uav7.mavros_node]: FCU URL: udp://:14546@127.0.0.1:14586
[INFO] [1790656062.273832267] [uav7.mavros_node]: GCS URL: 
[INFO] [1790656062.273836962] [uav7.mavros_node]: UAS Prefix: /uas7
[INFO] [1790656062.273841040] [uav7.mavros_node]: Starting mavros router node
[INFO] [1790656062.360788820] [uav7.mavros_router]: Built-in SIMD instructions: SSE, SSE2
[INFO] [1790656062.367857206] [uav7.mavros_router]: Built-in MAVLink package version: 2026.8.8
[INFO] [1790656062.367879127] [uav7.mavros_router]: Known MAVLink dialects: common ardupilotmega ASLUAV AVSSUAS all csAirLink cubepilot development icarous loweheiser marsh paparazzi standard stemstudios storm32 uAvionix ualberta
[INFO] [1790656062.367886233] [uav7.mavros_router]: MAVROS Router started
[INFO] [1790656062.372346624] [uav7.mavros_node]: Starting mavros uas node
[INFO] [1790656062.588152050] [uav7.mavros_router]: Requested to add endpoint: type: 0, url: udp://:14546@127.0.0.1:14586
[INFO] [1790656062.588219732] [uav7.mavros_router]: Endpoint link[1000] created
[INFO] [1790656062.589997866] [uav7.mavros_router]: link[1000] opened successfully
[INFO] [1790656062.590031912] [uav7.mavros_router]: Requested to add endpoint: type: 2, url: /uas7
[INFO] [1790656062.590046918] [uav7.mavros_router]: Endpoint link[1001] created
[INFO] [1790656062.597255185] [uav7.mavros_router]: link[1000] detected remote address 7.1
[INFO] [1790656062.599578968] [uav7.mavros]: Plugin actuator_control ignored
[INFO] [1790656062.599641578] [uav7.mavros]: Plugin altitude ignored
[INFO] [1790656062.599950743] [uav7.mavros]: UAS Executor started, threads: 4
[INFO] [1790656062.675641082] [uav7.mavros_router]: link[1001] opened successfully
[INFO] [1790656062.852239499] [uav7.mavros]: Plugin command created
[INFO] [1790656062.892943014] [uav7.mavros]: Plugin command initialized
[INFO] [1790656062.903185689] [uav7.mavros]: Plugin ftp ignored
[INFO] [1790656062.903202992] [uav7.mavros]: Plugin geofence ignored
[INFO] [1790656063.223513513] [uav7.mavros]: Plugin global_position created
[INFO] [1790656063.223566060] [uav7.mavros]: Plugin global_position initialized
[INFO] [1790656063.223575615] [uav7.mavros]: Plugin home_position ignored
[INFO] [1790656063.223581324] [uav7.mavros]: Plugin imu ignored
[INFO] [1790656063.497621285] [uav7.mavros]: Plugin local_position created
[INFO] [1790656063.497678489] [uav7.mavros]: Plugin local_position initialized
[INFO] [1790656063.497689499] [uav7.mavros]: Plugin manual_control ignored
[INFO] [1790656063.497695846] [uav7.mavros]: Plugin nav_controller_output ignored
[INFO] [1790656063.497701988] [uav7.mavros]: Plugin param ignored
[INFO] [1790656063.497707808] [uav7.mavros]: Plugin rallypoint ignored
[INFO] [1790656063.497713357] [uav7.mavros]: Plugin rc_io ignored
[INFO] [1790656063.497719131] [uav7.mavros]: Plugin setpoint_accel ignored
[INFO] [1790656063.497724670] [uav7.mavros]: Plugin setpoint_attitude ignored
[INFO] [1790656063.497730419] [uav7.mavros]: Plugin setpoint_position ignored
[INFO] [1790656063.497736412] [uav7.mavros]: Plugin setpoint_raw ignored
[INFO] [1790656063.497741973] [uav7.mavros]: Plugin setpoint_trajectory ignored
[INFO] [1790656063.774436451] [uav7.mavros]: Plugin setpoint_velocity created
[INFO] [1790656063.774508879] [uav7.mavros]: Plugin setpoint_velocity initialized
[INFO] [1790656064.333750344] [uav7.mavros]: Plugin sys_status created
[INFO] [1790656064.333825442] [uav7.mavros]: Plugin sys_status initialized
[INFO] [1790656064.677888459] [uav7.mavros.time]: TM: Timesync mode: MAVLINK
[INFO] [1790656064.804577923] [uav7.mavros]: Plugin sys_time created
[INFO] [1790656064.804643769] [uav7.mavros]: Plugin sys_time initialized
[INFO] [1790656064.804652522] [uav7.mavros]: Plugin waypoint ignored
[INFO] [1790656064.804657598] [uav7.mavros]: Plugin wind_estimation ignored
[INFO] [1790656064.854455571] [uav7.mavros]: Built-in SIMD instructions: SSE, SSE2
[INFO] [1790656064.854496253] [uav7.mavros]: Built-in MAVLink package version: 2026.8.8
[INFO] [1790656064.854522852] [uav7.mavros]: Known MAVLink dialects: common ardupilotmega ASLUAV AVSSUAS all csAirLink cubepilot development icarous loweheiser marsh paparazzi standard stemstudios storm32 uAvionix ualberta
[INFO] [1790656064.854529138] [uav7.mavros]: MAVROS UAS via /uas7 started. MY ID 7.191, TARGET ID 7.1
[INFO] [1790656064.929347978] [uav7.mavros_router]: link[1001] detected remote address 7.191
[INFO] [1790656065.356110861] [uav7.mavros.sys]: VER: 7.1: Capabilities         0x000000000000e8ff
[INFO] [1790656065.356170461] [uav7.mavros.sys]: VER: 7.1: Flight software:     011200c0 (fca3df865a000000)
[INFO] [1790656065.356177541] [uav7.mavros.sys]: VER: 7.1: Middleware software: 011200c0 (fca3df865a000000)
[INFO] [1790656065.356182458] [uav7.mavros.sys]: VER: 7.1: OS software:         070000ff (17040b9f87cb1791)
[INFO] [1790656065.356186597] [uav7.mavros.sys]: VER: 7.1: Board hardware:      00000001
[INFO] [1790656065.356191170] [uav7.mavros.sys]: VER: 7.1: VID/PID:             0000:0000
[INFO] [1790656065.356195534] [uav7.mavros.sys]: VER: 7.1: UID:                 4954414c44494e55
[WARN] [1790656065.356259397] [uav7.mavros.cmd]: CMD: Unexpected command 512, result 0
[INFO] [1790656065.771418372] [uav7.mavros]: CON: Got HEARTBEAT, connected. FCU: PX4 Autopilot
[INFO] [1790656066.884208717] [uav7.mavros.sys]: VER: 7.1: Capabilities         0x000000000000e8ff
[INFO] [1790656066.884269314] [uav7.mavros.sys]: VER: 7.1: Flight software:     011200c0 (fca3df865a000000)
[INFO] [1790656066.884277115] [uav7.mavros.sys]: VER: 7.1: Middleware software: 011200c0 (fca3df865a000000)
[INFO] [1790656066.884282047] [uav7.mavros.sys]: VER: 7.1: OS software:         070000ff (17040b9f87cb1791)
[INFO] [1790656066.884287158] [uav7.mavros.sys]: VER: 7.1: Board hardware:      00000001
[INFO] [1790656066.884297035] [uav7.mavros.sys]: VER: 7.1: VID/PID:             0000:0000
[INFO] [1790656066.884303388] [uav7.mavros.sys]: VER: 7.1: UID:                 4954414c44494e55
[WARN] [1790656075.933591966] [uav7.mavros.sys]: FCU: UNK(8): EVENT 11047904 with args -0-0-0-0-0-128-0-0-0-176-122-127-128-176-122-127-128-0-0-0-0-0-0-0-0-0-0-0-0-0-0-0-0-0-0-0-0-0-0-0-
[INFO] [1790656075.933873927] [uav7.mavros.sys]: FCU: EVENT 377561 with args -8-0-0-0-20-0-0-0-0-0-0-0-0-0-0-0-0-0-0-0-0-0-0-0-0-0-0-0-0-0-0-0-0-0-0-0-0-0-0-0-
[WARN] [1790656075.933913795] [uav7.mavros.sys]: FCU: EVENT 453929 with args -255-255-255-255-7-0-0-0-0-0-0-0-0-0-0-0-0-0-0-0-0-0-0-0-0-0-0-0-0-0-0-0-0-0-0-0-0-0-0-0-
[INFO] [1790656075.933946015] [uav7.mavros.sys]: FCU: EVENT 6801787 with args -255-255-255-255-12-0-0-0-0-0-0-0-0-0-0-0-0-0-0-0-0-0-0-0-0-0-0-0-0-0-0-0-0-0-0-0-0-0-0-0-
[WARN] [1790656075.933977499] [uav7.mavros.sys]: FCU: UNK(8): EVENT 1914663 with args -0-10-13-2-56-0-0-0-0-0-0-0-0-0-0-0-0-0-0-0-0-0-0-0-0-0-0-0-0-0-0-0-0-0-0-0-0-0-0-0-
[WARN] [1790656077.156568928] [uav7.mavros.cmd]: CMD: Unexpected command 176, result 0
[INFO] [1790656077.821063078] [uav7.mavros.sys]: FCU: EVENT 9489139 with args -4-0-0-0-0-0-0-0-0-0-0-0-0-0-0-0-0-0-0-0-0-0-0-0-0-0-0-0-0-0-0-0-0-0-0-0-0-0-0-0-
[INFO] [1790656079.685280993] [uav7.mavros.sys]: FCU: EVENT 4277609 with args -0-0-0-0-0-0-0-0-0-0-0-0-0-0-0-0-0-0-0-0-0-0-0-0-0-0-0-0-0-0-0-0-0-0-0-0-0-0-0-0-
[WARN] [1790656338.829863788] [uav7.mavros.cmd]: CMD: Unexpected command 176, result 0
[INFO] [1790656373.318659458] [uav7.mavros.sys]: FCU: EVENT 9844908 with args -0-0-0-0-0-0-0-0-0-0-0-0-0-0-0-0-0-0-0-0-0-0-0-0-0-0-0-0-0-0-0-0-0-0-0-0-0-0-0-0-
[INFO] [1790656375.517960165] [uav7.mavros.sys]: FCU: EVENT 16017271 with args -6-0-0-0-0-0-0-0-0-0-0-0-0-0-0-0-0-0-0-0-0-0-0-0-0-0-0-0-0-0-0-0-0-0-0-0-0-0-0-0-
[WARN] [1790656379.123699430] [uav7.mavros.sys]: FCU: UNK(8): EVENT 11047904 with args -0-0-0-0-0-128-0-0-0-176-122-127-128-176-122-127-128-0-0-0-0-0-0-0-0-0-0-0-0-0-0-0-0-0-0-0-0-0-0-0-
[INFO] [1790656379.123809843] [uav7.mavros.sys]: FCU: EVENT 377561 with args -8-0-0-0-20-0-0-0-0-0-0-0-0-0-0-0-0-0-0-0-0-0-0-0-0-0-0-0-0-0-0-0-0-0-0-0-0-0-0-0-
[WARN] [1790656379.123889797] [uav7.mavros.sys]: FCU: EVENT 453929 with args -255-255-255-255-7-0-0-0-0-0-0-0-0-0-0-0-0-0-0-0-0-0-0-0-0-0-0-0-0-0-0-0-0-0-0-0-0-0-0-0-
[INFO] [1790656379.123963809] [uav7.mavros.sys]: FCU: EVENT 6801787 with args -255-255-255-255-12-0-0-0-0-0-0-0-0-0-0-0-0-0-0-0-0-0-0-0-0-0-0-0-0-0-0-0-0-0-0-0-0-0-0-0-
[WARN] [1790656379.124000631] [uav7.mavros.sys]: FCU: UNK(8): EVENT 1914663 with args -0-10-9-2-56-0-0-0-0-0-0-0-0-0-0-0-0-0-0-0-0-0-0-0-0-0-0-0-0-0-0-0-0-0-0-0-0-0-0-0-
[INFO] [1790656383.075713226] [rclcpp]: signal_handler(SIGINT/SIGTERM)
[WARN] [1790656383.082017114] [uav7.mavros]: UAS Executor terminated
