[INFO] [1790590896.415341811] [uav10.mavros_node]: Starting mavros_node container
[INFO] [1790590896.415734403] [uav10.mavros_node]: FCU URL: udp://:14549@127.0.0.1:14589
[INFO] [1790590896.415763221] [uav10.mavros_node]: GCS URL: 
[INFO] [1790590896.415773702] [uav10.mavros_node]: UAS Prefix: /uas10
[INFO] [1790590896.415783851] [uav10.mavros_node]: Starting mavros router node
[INFO] [1790590896.444706564] [uav10.mavros_router]: Built-in SIMD instructions: SSE, SSE2
[INFO] [1790590896.444997811] [uav10.mavros_router]: Built-in MAVLink package version: 2026.8.8
[INFO] [1790590896.445664807] [uav10.mavros_router]: Known MAVLink dialects: common ardupilotmega ASLUAV AVSSUAS all csAirLink cubepilot development icarous loweheiser marsh paparazzi standard stemstudios storm32 uAvionix ualberta
[INFO] [1790590896.445689236] [uav10.mavros_router]: MAVROS Router started
[INFO] [1790590896.445854083] [uav10.mavros_node]: Starting mavros uas node
[INFO] [1790590896.660412665] [uav10.mavros_router]: Requested to add endpoint: type: 0, url: udp://:14549@127.0.0.1:14589
[INFO] [1790590896.662530514] [uav10.mavros_router]: Endpoint link[1000] created
[INFO] [1790590896.663006980] [uav10.mavros_router]: link[1000] opened successfully
[INFO] [1790590896.664560197] [uav10.mavros_router]: Requested to add endpoint: type: 2, url: /uas10
[INFO] [1790590896.664794589] [uav10.mavros_router]: Endpoint link[1001] created
[INFO] [1790590896.665412280] [uav10.mavros_router]: link[1000] detected remote address 10.1
[INFO] [1790590896.680219852] [uav10.mavros]: UAS Executor started, threads: 4
[INFO] [1790590896.681684203] [uav10.mavros]: Plugin actuator_control ignored
[INFO] [1790590896.682848117] [uav10.mavros]: Plugin altitude ignored
[INFO] [1790590896.772898752] [uav10.mavros_router]: link[1001] opened successfully
[INFO] [1790590897.003110865] [uav10.mavros]: Plugin command created
[INFO] [1790590897.003373708] [uav10.mavros]: Plugin command initialized
[INFO] [1790590897.003406848] [uav10.mavros]: Plugin ftp ignored
[INFO] [1790590897.003414655] [uav10.mavros]: Plugin geofence ignored
[INFO] [1790590897.284695535] [uav10.mavros]: Plugin global_position created
[INFO] [1790590897.284775547] [uav10.mavros]: Plugin global_position initialized
[INFO] [1790590897.284787137] [uav10.mavros]: Plugin home_position ignored
[INFO] [1790590897.284793986] [uav10.mavros]: Plugin imu ignored
[INFO] [1790590897.604661751] [uav10.mavros]: Plugin local_position created
[INFO] [1790590897.604826955] [uav10.mavros]: Plugin local_position initialized
[INFO] [1790590897.605376661] [uav10.mavros]: Plugin manual_control ignored
[INFO] [1790590897.605393071] [uav10.mavros]: Plugin nav_controller_output ignored
[INFO] [1790590897.605399464] [uav10.mavros]: Plugin param ignored
[INFO] [1790590897.605404895] [uav10.mavros]: Plugin rallypoint ignored
[INFO] [1790590897.605410629] [uav10.mavros]: Plugin rc_io ignored
[INFO] [1790590897.605417208] [uav10.mavros]: Plugin setpoint_accel ignored
[INFO] [1790590897.605422816] [uav10.mavros]: Plugin setpoint_attitude ignored
[INFO] [1790590897.605430544] [uav10.mavros]: Plugin setpoint_position ignored
[INFO] [1790590897.605436067] [uav10.mavros]: Plugin setpoint_raw ignored
[INFO] [1790590897.605441288] [uav10.mavros]: Plugin setpoint_trajectory ignored
[INFO] [1790590897.801829317] [uav10.mavros]: Plugin setpoint_velocity created
[INFO] [1790590897.802512118] [uav10.mavros]: Plugin setpoint_velocity initialized
[INFO] [1790590898.302036959] [uav10.mavros]: Plugin sys_status created
[INFO] [1790590898.302117416] [uav10.mavros]: Plugin sys_status initialized
[INFO] [1790590898.446718755] [uav10.mavros.time]: TM: Timesync mode: MAVLINK
[INFO] [1790590898.455946110] [uav10.mavros]: Plugin sys_time created
[INFO] [1790590898.456011106] [uav10.mavros]: Plugin sys_time initialized
[INFO] [1790590898.456024729] [uav10.mavros]: Plugin waypoint ignored
[INFO] [1790590898.456032097] [uav10.mavros]: Plugin wind_estimation ignored
[INFO] [1790590898.471132202] [uav10.mavros]: Built-in SIMD instructions: SSE, SSE2
[INFO] [1790590898.471180781] [uav10.mavros]: Built-in MAVLink package version: 2026.8.8
[INFO] [1790590898.471208290] [uav10.mavros]: Known MAVLink dialects: common ardupilotmega ASLUAV AVSSUAS all csAirLink cubepilot development icarous loweheiser marsh paparazzi standard stemstudios storm32 uAvionix ualberta
[INFO] [1790590898.471215993] [uav10.mavros]: MAVROS UAS via /uas10 started. MY ID 10.191, TARGET ID 10.1
[INFO] [1790590898.565249912] [uav10.mavros_router]: link[1001] detected remote address 10.191
[INFO] [1790590898.764491671] [uav10.mavros]: CON: Got HEARTBEAT, connected. FCU: PX4 Autopilot
[INFO] [1790590899.802854891] [uav10.mavros.sys]: VER: 10.1: Capabilities         0x000000000000e8ff
[INFO] [1790590899.802913721] [uav10.mavros.sys]: VER: 10.1: Flight software:     011200c0 (fca3df865a000000)
[INFO] [1790590899.802922138] [uav10.mavros.sys]: VER: 10.1: Middleware software: 011200c0 (fca3df865a000000)
[INFO] [1790590899.802927316] [uav10.mavros.sys]: VER: 10.1: OS software:         070000ff (17040b9f87cb1791)
[INFO] [1790590899.802931919] [uav10.mavros.sys]: VER: 10.1: Board hardware:      00000001
[INFO] [1790590899.802936641] [uav10.mavros.sys]: VER: 10.1: VID/PID:             0000:0000
[INFO] [1790590899.802941660] [uav10.mavros.sys]: VER: 10.1: UID:                 4954414c44494e58
[WARN] [1790590899.808043486] [uav10.mavros.cmd]: CMD: Unexpected command 512, result 0
[WARN] [1790590899.820908934] [uav10.mavros.sys]: FCU: UNK(8): EVENT 11047904 with args -0-0-0-16-0-128-0-0-0-176-58-127-128-176-58-127-128-0-0-0-0-0-0-0-0-0-0-0-0-0-0-0-0-0-0-0-0-0-0-0-
[ERROR] [1790590899.821038283] [uav10.mavros.sys]: FCU: EVENT 11464574 with args -0-64-0-0-20-0-0-0-0-0-0-0-0-0-0-0-0-0-0-0-0-0-0-0-0-0-0-0-0-0-0-0-0-0-0-0-0-0-0-0-
[INFO] [1790590899.821624479] [uav10.mavros.sys]: FCU: EVENT 377561 with args -8-0-0-0-20-0-0-0-0-0-0-0-0-0-0-0-0-0-0-0-0-0-0-0-0-0-0-0-0-0-0-0-0-0-0-0-0-0-0-0-
[WARN] [1790590899.821658956] [uav10.mavros.sys]: FCU: EVENT 453929 with args -255-255-255-255-7-0-0-0-0-0-0-0-0-0-0-0-0-0-0-0-0-0-0-0-0-0-0-0-0-0-0-0-0-0-0-0-0-0-0-0-
[INFO] [1790590899.821697956] [uav10.mavros.sys]: FCU: EVENT 6801787 with args -255-255-255-255-12-0-0-0-0-0-0-0-0-0-0-0-0-0-0-0-0-0-0-0-0-0-0-0-0-0-0-0-0-0-0-0-0-0-0-0-
[WARN] [1790590899.821735336] [uav10.mavros.sys]: FCU: UNK(8): EVENT 1914663 with args -0-10-13-2-56-0-0-0-0-0-0-0-0-0-0-0-0-0-0-0-0-0-0-0-0-0-0-0-0-0-0-0-0-0-0-0-0-0-0-0-
[WARN] [1790590913.007784554] [uav10.mavros.sys]: FCU: UNK(8): EVENT 11047904 with args -0-0-0-0-0-128-0-0-0-176-122-127-128-176-122-127-128-0-0-0-0-0-0-0-0-0-0-0-0-0-0-0-0-0-0-0-0-0-0-0-
[INFO] [1790590913.008226595] [uav10.mavros.sys]: FCU: EVENT 377561 with args -8-0-0-0-20-0-0-0-0-0-0-0-0-0-0-0-0-0-0-0-0-0-0-0-0-0-0-0-0-0-0-0-0-0-0-0-0-0-0-0-
[WARN] [1790590913.016733145] [uav10.mavros.sys]: FCU: EVENT 453929 with args -255-255-255-255-7-0-0-0-0-0-0-0-0-0-0-0-0-0-0-0-0-0-0-0-0-0-0-0-0-0-0-0-0-0-0-0-0-0-0-0-
[INFO] [1790590913.016811698] [uav10.mavros.sys]: FCU: EVENT 6801787 with args -255-255-255-255-12-0-0-0-0-0-0-0-0-0-0-0-0-0-0-0-0-0-0-0-0-0-0-0-0-0-0-0-0-0-0-0-0-0-0-0-
[WARN] [1790590913.016854702] [uav10.mavros.sys]: FCU: UNK(8): EVENT 1914663 with args -0-10-13-2-56-0-0-0-0-0-0-0-0-0-0-0-0-0-0-0-0-0-0-0-0-0-0-0-0-0-0-0-0-0-0-0-0-0-0-0-
[WARN] [1790590913.365181776] [uav10.mavros.cmd]: CMD: Unexpected command 176, result 0
[INFO] [1790590914.300610345] [uav10.mavros.sys]: FCU: EVENT 9489139 with args -4-0-0-0-0-0-0-0-0-0-0-0-0-0-0-0-0-0-0-0-0-0-0-0-0-0-0-0-0-0-0-0-0-0-0-0-0-0-0-0-
[INFO] [1790590916.331816390] [uav10.mavros.sys]: FCU: EVENT 4277609 with args -0-0-0-0-0-0-0-0-0-0-0-0-0-0-0-0-0-0-0-0-0-0-0-0-0-0-0-0-0-0-0-0-0-0-0-0-0-0-0-0-
[WARN] [1790591166.396970993] [uav10.mavros.cmd]: CMD: Unexpected command 176, result 0
[INFO] [1790591200.675368823] [uav10.mavros.sys]: FCU: EVENT 9844908 with args -0-0-0-0-0-0-0-0-0-0-0-0-0-0-0-0-0-0-0-0-0-0-0-0-0-0-0-0-0-0-0-0-0-0-0-0-0-0-0-0-
[INFO] [1790591202.780574549] [uav10.mavros.sys]: FCU: EVENT 16017271 with args -6-0-0-0-0-0-0-0-0-0-0-0-0-0-0-0-0-0-0-0-0-0-0-0-0-0-0-0-0-0-0-0-0-0-0-0-0-0-0-0-
[WARN] [1790591206.413342903] [uav10.mavros.sys]: FCU: UNK(8): EVENT 11047904 with args -0-0-0-0-0-128-0-0-0-176-122-127-128-176-122-127-128-0-0-0-0-0-0-0-0-0-0-0-0-0-0-0-0-0-0-0-0-0-0-0-
[INFO] [1790591206.413564182] [uav10.mavros.sys]: FCU: EVENT 377561 with args -8-0-0-0-20-0-0-0-0-0-0-0-0-0-0-0-0-0-0-0-0-0-0-0-0-0-0-0-0-0-0-0-0-0-0-0-0-0-0-0-
[WARN] [1790591206.413606021] [uav10.mavros.sys]: FCU: EVENT 453929 with args -255-255-255-255-7-0-0-0-0-0-0-0-0-0-0-0-0-0-0-0-0-0-0-0-0-0-0-0-0-0-0-0-0-0-0-0-0-0-0-0-
[INFO] [1790591206.413655748] [uav10.mavros.sys]: FCU: EVENT 6801787 with args -255-255-255-255-12-0-0-0-0-0-0-0-0-0-0-0-0-0-0-0-0-0-0-0-0-0-0-0-0-0-0-0-0-0-0-0-0-0-0-0-
[WARN] [1790591206.413737856] [uav10.mavros.sys]: FCU: UNK(8): EVENT 1914663 with args -0-10-9-2-56-0-0-0-0-0-0-0-0-0-0-0-0-0-0-0-0-0-0-0-0-0-0-0-0-0-0-0-0-0-0-0-0-0-0-0-
[INFO] [1790591207.951864396] [rclcpp]: signal_handler(SIGINT/SIGTERM)
[WARN] [1790591207.959330894] [uav10.mavros]: UAS Executor terminated
