[INFO] [1790590896.439209604] [uav8.mavros_node]: Starting mavros_node container
[INFO] [1790590896.439322191] [uav8.mavros_node]: FCU URL: udp://:14547@127.0.0.1:14587
[INFO] [1790590896.439334435] [uav8.mavros_node]: GCS URL: 
[INFO] [1790590896.439340378] [uav8.mavros_node]: UAS Prefix: /uas8
[INFO] [1790590896.439344940] [uav8.mavros_node]: Starting mavros router node
[INFO] [1790590896.543850735] [uav8.mavros_router]: Built-in SIMD instructions: SSE, SSE2
[INFO] [1790590896.544699165] [uav8.mavros_router]: Built-in MAVLink package version: 2026.8.8
[INFO] [1790590896.544929912] [uav8.mavros_router]: Known MAVLink dialects: common ardupilotmega ASLUAV AVSSUAS all csAirLink cubepilot development icarous loweheiser marsh paparazzi standard stemstudios storm32 uAvionix ualberta
[INFO] [1790590896.544960466] [uav8.mavros_router]: MAVROS Router started
[INFO] [1790590896.545153533] [uav8.mavros_node]: Starting mavros uas node
[INFO] [1790590896.745709838] [uav8.mavros_router]: Requested to add endpoint: type: 0, url: udp://:14547@127.0.0.1:14587
[INFO] [1790590896.746437768] [uav8.mavros_router]: Endpoint link[1000] created
[INFO] [1790590896.747329887] [uav8.mavros_router]: link[1000] opened successfully
[INFO] [1790590896.750898503] [uav8.mavros_router]: Requested to add endpoint: type: 2, url: /uas8
[INFO] [1790590896.750929333] [uav8.mavros_router]: Endpoint link[1001] created
[INFO] [1790590896.759332923] [uav8.mavros_router]: link[1000] detected remote address 8.1
[INFO] [1790590896.771939448] [uav8.mavros]: Plugin actuator_control ignored
[INFO] [1790590896.771994984] [uav8.mavros]: Plugin altitude ignored
[INFO] [1790590896.772615940] [uav8.mavros]: UAS Executor started, threads: 4
[INFO] [1790590896.879336094] [uav8.mavros_router]: link[1001] opened successfully
[INFO] [1790590897.052033578] [uav8.mavros]: Plugin command created
[INFO] [1790590897.052111846] [uav8.mavros]: Plugin command initialized
[INFO] [1790590897.052124291] [uav8.mavros]: Plugin ftp ignored
[INFO] [1790590897.052130653] [uav8.mavros]: Plugin geofence ignored
[INFO] [1790590897.322623627] [uav8.mavros]: Plugin global_position created
[INFO] [1790590897.322698495] [uav8.mavros]: Plugin global_position initialized
[INFO] [1790590897.322709457] [uav8.mavros]: Plugin home_position ignored
[INFO] [1790590897.322715387] [uav8.mavros]: Plugin imu ignored
[INFO] [1790590897.664167859] [uav8.mavros]: Plugin local_position created
[INFO] [1790590897.664236005] [uav8.mavros]: Plugin local_position initialized
[INFO] [1790590897.664248521] [uav8.mavros]: Plugin manual_control ignored
[INFO] [1790590897.664254546] [uav8.mavros]: Plugin nav_controller_output ignored
[INFO] [1790590897.664260192] [uav8.mavros]: Plugin param ignored
[INFO] [1790590897.664621390] [uav8.mavros]: Plugin rallypoint ignored
[INFO] [1790590897.664627999] [uav8.mavros]: Plugin rc_io ignored
[INFO] [1790590897.664633580] [uav8.mavros]: Plugin setpoint_accel ignored
[INFO] [1790590897.664646026] [uav8.mavros]: Plugin setpoint_attitude ignored
[INFO] [1790590897.664652342] [uav8.mavros]: Plugin setpoint_position ignored
[INFO] [1790590897.664658541] [uav8.mavros]: Plugin setpoint_raw ignored
[INFO] [1790590897.664664552] [uav8.mavros]: Plugin setpoint_trajectory ignored
[INFO] [1790590897.843571478] [uav8.mavros]: Plugin setpoint_velocity created
[INFO] [1790590897.843651967] [uav8.mavros]: Plugin setpoint_velocity initialized
[INFO] [1790590898.113121886] [uav8.mavros]: Plugin sys_status created
[INFO] [1790590898.113229944] [uav8.mavros]: Plugin sys_status initialized
[INFO] [1790590898.184432846] [uav8.mavros.time]: TM: Timesync mode: MAVLINK
[INFO] [1790590898.205204970] [uav8.mavros]: Plugin sys_time created
[INFO] [1790590898.205265829] [uav8.mavros]: Plugin sys_time initialized
[INFO] [1790590898.205278860] [uav8.mavros]: Plugin waypoint ignored
[INFO] [1790590898.205285080] [uav8.mavros]: Plugin wind_estimation ignored
[INFO] [1790590898.236859196] [uav8.mavros]: Built-in SIMD instructions: SSE, SSE2
[INFO] [1790590898.236907589] [uav8.mavros]: Built-in MAVLink package version: 2026.8.8
[INFO] [1790590898.236942318] [uav8.mavros]: Known MAVLink dialects: common ardupilotmega ASLUAV AVSSUAS all csAirLink cubepilot development icarous loweheiser marsh paparazzi standard stemstudios storm32 uAvionix ualberta
[INFO] [1790590898.236950332] [uav8.mavros]: MAVROS UAS via /uas8 started. MY ID 8.191, TARGET ID 8.1
[INFO] [1790590898.250979852] [uav8.mavros_router]: link[1001] detected remote address 8.191
[INFO] [1790590898.902194009] [uav8.mavros]: CON: Got HEARTBEAT, connected. FCU: PX4 Autopilot
[INFO] [1790590899.922597822] [uav8.mavros.sys]: VER: 8.1: Capabilities         0x000000000000e8ff
[INFO] [1790590899.922662515] [uav8.mavros.sys]: VER: 8.1: Flight software:     011200c0 (fca3df865a000000)
[INFO] [1790590899.922671959] [uav8.mavros.sys]: VER: 8.1: Middleware software: 011200c0 (fca3df865a000000)
[INFO] [1790590899.922677857] [uav8.mavros.sys]: VER: 8.1: OS software:         070000ff (17040b9f87cb1791)
[INFO] [1790590899.922682746] [uav8.mavros.sys]: VER: 8.1: Board hardware:      00000001
[INFO] [1790590899.922688641] [uav8.mavros.sys]: VER: 8.1: VID/PID:             0000:0000
[INFO] [1790590899.922693703] [uav8.mavros.sys]: VER: 8.1: UID:                 4954414c44494e56
[WARN] [1790590899.922735130] [uav8.mavros.cmd]: CMD: Unexpected command 512, result 0
[WARN] [1790590911.328241254] [uav8.mavros.sys]: FCU: UNK(8): EVENT 11047904 with args -0-0-0-0-0-128-0-0-0-176-122-127-128-176-122-127-128-0-0-0-0-0-0-0-0-0-0-0-0-0-0-0-0-0-0-0-0-0-0-0-
[INFO] [1790590911.328323849] [uav8.mavros.sys]: FCU: EVENT 377561 with args -8-0-0-0-20-0-0-0-0-0-0-0-0-0-0-0-0-0-0-0-0-0-0-0-0-0-0-0-0-0-0-0-0-0-0-0-0-0-0-0-
[WARN] [1790590911.328371857] [uav8.mavros.sys]: FCU: EVENT 453929 with args -255-255-255-255-7-0-0-0-0-0-0-0-0-0-0-0-0-0-0-0-0-0-0-0-0-0-0-0-0-0-0-0-0-0-0-0-0-0-0-0-
[INFO] [1790590911.328410324] [uav8.mavros.sys]: FCU: EVENT 6801787 with args -255-255-255-255-12-0-0-0-0-0-0-0-0-0-0-0-0-0-0-0-0-0-0-0-0-0-0-0-0-0-0-0-0-0-0-0-0-0-0-0-
[WARN] [1790590911.328449622] [uav8.mavros.sys]: FCU: UNK(8): EVENT 1914663 with args -0-10-13-2-56-0-0-0-0-0-0-0-0-0-0-0-0-0-0-0-0-0-0-0-0-0-0-0-0-0-0-0-0-0-0-0-0-0-0-0-
[WARN] [1790590913.298096275] [uav8.mavros.cmd]: CMD: Unexpected command 176, result 0
[INFO] [1790590913.423463634] [uav8.mavros.sys]: FCU: EVENT 9489139 with args -4-0-0-0-0-0-0-0-0-0-0-0-0-0-0-0-0-0-0-0-0-0-0-0-0-0-0-0-0-0-0-0-0-0-0-0-0-0-0-0-
[INFO] [1790590915.474057357] [uav8.mavros.sys]: FCU: EVENT 4277609 with args -0-0-0-0-0-0-0-0-0-0-0-0-0-0-0-0-0-0-0-0-0-0-0-0-0-0-0-0-0-0-0-0-0-0-0-0-0-0-0-0-
[WARN] [1790591166.417693774] [uav8.mavros.cmd]: CMD: Unexpected command 176, result 0
[INFO] [1790591198.685913513] [uav8.mavros.sys]: FCU: EVENT 9844908 with args -0-0-0-0-0-0-0-0-0-0-0-0-0-0-0-0-0-0-0-0-0-0-0-0-0-0-0-0-0-0-0-0-0-0-0-0-0-0-0-0-
[INFO] [1790591200.800928130] [uav8.mavros.sys]: FCU: EVENT 16017271 with args -6-0-0-0-0-0-0-0-0-0-0-0-0-0-0-0-0-0-0-0-0-0-0-0-0-0-0-0-0-0-0-0-0-0-0-0-0-0-0-0-
[WARN] [1790591204.562243900] [uav8.mavros.sys]: FCU: UNK(8): EVENT 11047904 with args -0-0-0-0-0-128-0-0-0-176-122-127-128-176-122-127-128-0-0-0-0-0-0-0-0-0-0-0-0-0-0-0-0-0-0-0-0-0-0-0-
[INFO] [1790591204.562319188] [uav8.mavros.sys]: FCU: EVENT 377561 with args -8-0-0-0-20-0-0-0-0-0-0-0-0-0-0-0-0-0-0-0-0-0-0-0-0-0-0-0-0-0-0-0-0-0-0-0-0-0-0-0-
[WARN] [1790591204.562408092] [uav8.mavros.sys]: FCU: EVENT 453929 with args -255-255-255-255-7-0-0-0-0-0-0-0-0-0-0-0-0-0-0-0-0-0-0-0-0-0-0-0-0-0-0-0-0-0-0-0-0-0-0-0-
[INFO] [1790591204.562433046] [uav8.mavros.sys]: FCU: EVENT 6801787 with args -255-255-255-255-12-0-0-0-0-0-0-0-0-0-0-0-0-0-0-0-0-0-0-0-0-0-0-0-0-0-0-0-0-0-0-0-0-0-0-0-
[WARN] [1790591204.562497277] [uav8.mavros.sys]: FCU: UNK(8): EVENT 1914663 with args -0-10-9-2-56-0-0-0-0-0-0-0-0-0-0-0-0-0-0-0-0-0-0-0-0-0-0-0-0-0-0-0-0-0-0-0-0-0-0-0-
[INFO] [1790591207.950375442] [rclcpp]: signal_handler(SIGINT/SIGTERM)
[WARN] [1790591207.954183127] [uav8.mavros]: UAS Executor terminated
