[INFO] [1790590896.520453630] [uav3.mavros_node]: Starting mavros_node container
[INFO] [1790590896.521730979] [uav3.mavros_node]: FCU URL: udp://:14542@127.0.0.1:14582
[INFO] [1790590896.523859616] [uav3.mavros_node]: GCS URL: 
[INFO] [1790590896.523869330] [uav3.mavros_node]: UAS Prefix: /uas3
[INFO] [1790590896.523875006] [uav3.mavros_node]: Starting mavros router node
[INFO] [1790590896.618619525] [uav3.mavros_router]: Built-in SIMD instructions: SSE, SSE2
[INFO] [1790590896.618677431] [uav3.mavros_router]: Built-in MAVLink package version: 2026.8.8
[INFO] [1790590896.618689464] [uav3.mavros_router]: Known MAVLink dialects: common ardupilotmega ASLUAV AVSSUAS all csAirLink cubepilot development icarous loweheiser marsh paparazzi standard stemstudios storm32 uAvionix ualberta
[INFO] [1790590896.618697395] [uav3.mavros_router]: MAVROS Router started
[INFO] [1790590896.618881777] [uav3.mavros_node]: Starting mavros uas node
[INFO] [1790590896.830753817] [uav3.mavros_router]: Requested to add endpoint: type: 0, url: udp://:14542@127.0.0.1:14582
[INFO] [1790590896.830818169] [uav3.mavros_router]: Endpoint link[1000] created
[INFO] [1790590896.831065235] [uav3.mavros_router]: link[1000] opened successfully
[INFO] [1790590896.831089278] [uav3.mavros_router]: Requested to add endpoint: type: 2, url: /uas3
[INFO] [1790590896.831104215] [uav3.mavros_router]: Endpoint link[1001] created
[INFO] [1790590896.835926028] [uav3.mavros_router]: link[1001] opened successfully
[INFO] [1790590896.837501669] [uav3.mavros_router]: link[1000] detected remote address 3.1
[INFO] [1790590896.841254789] [uav3.mavros]: UAS Executor started, threads: 4
[INFO] [1790590896.841675041] [uav3.mavros]: Plugin actuator_control ignored
[INFO] [1790590896.841714793] [uav3.mavros]: Plugin altitude ignored
[INFO] [1790590896.941666701] [uav3.mavros]: Plugin command created
[INFO] [1790590896.941734115] [uav3.mavros]: Plugin command initialized
[INFO] [1790590896.941745518] [uav3.mavros]: Plugin ftp ignored
[INFO] [1790590896.941752161] [uav3.mavros]: Plugin geofence ignored
[INFO] [1790590897.245175838] [uav3.mavros]: Plugin global_position created
[INFO] [1790590897.245240623] [uav3.mavros]: Plugin global_position initialized
[INFO] [1790590897.245254458] [uav3.mavros]: Plugin home_position ignored
[INFO] [1790590897.245270297] [uav3.mavros]: Plugin imu ignored
[INFO] [1790590897.467544902] [uav3.mavros]: Plugin local_position created
[INFO] [1790590897.467627153] [uav3.mavros]: Plugin local_position initialized
[INFO] [1790590897.467639864] [uav3.mavros]: Plugin manual_control ignored
[INFO] [1790590897.467646651] [uav3.mavros]: Plugin nav_controller_output ignored
[INFO] [1790590897.467653163] [uav3.mavros]: Plugin param ignored
[INFO] [1790590897.467663161] [uav3.mavros]: Plugin rallypoint ignored
[INFO] [1790590897.467668946] [uav3.mavros]: Plugin rc_io ignored
[INFO] [1790590897.467675092] [uav3.mavros]: Plugin setpoint_accel ignored
[INFO] [1790590897.467681304] [uav3.mavros]: Plugin setpoint_attitude ignored
[INFO] [1790590897.467687482] [uav3.mavros]: Plugin setpoint_position ignored
[INFO] [1790590897.467693645] [uav3.mavros]: Plugin setpoint_raw ignored
[INFO] [1790590897.467699652] [uav3.mavros]: Plugin setpoint_trajectory ignored
[INFO] [1790590897.717191679] [uav3.mavros]: Plugin setpoint_velocity created
[INFO] [1790590897.717515937] [uav3.mavros]: Plugin setpoint_velocity initialized
[INFO] [1790590898.197089494] [uav3.mavros]: Plugin sys_status created
[INFO] [1790590898.197165123] [uav3.mavros]: Plugin sys_status initialized
[INFO] [1790590898.377577345] [uav3.mavros.time]: TM: Timesync mode: MAVLINK
[INFO] [1790590898.395224375] [uav3.mavros]: Plugin sys_time created
[INFO] [1790590898.395286172] [uav3.mavros]: Plugin sys_time initialized
[INFO] [1790590898.395294922] [uav3.mavros]: Plugin waypoint ignored
[INFO] [1790590898.395304024] [uav3.mavros]: Plugin wind_estimation ignored
[INFO] [1790590898.403959532] [uav3.mavros]: Built-in SIMD instructions: SSE, SSE2
[INFO] [1790590898.404010634] [uav3.mavros]: Built-in MAVLink package version: 2026.8.8
[INFO] [1790590898.404046064] [uav3.mavros]: Known MAVLink dialects: common ardupilotmega ASLUAV AVSSUAS all csAirLink cubepilot development icarous loweheiser marsh paparazzi standard stemstudios storm32 uAvionix ualberta
[INFO] [1790590898.404053186] [uav3.mavros]: MAVROS UAS via /uas3 started. MY ID 3.191, TARGET ID 3.1
[INFO] [1790590898.406746045] [uav3.mavros_router]: link[1001] detected remote address 3.191
[INFO] [1790590898.860879095] [uav3.mavros]: CON: Got HEARTBEAT, connected. FCU: PX4 Autopilot
[INFO] [1790590899.942772748] [uav3.mavros.sys]: VER: 3.1: Capabilities         0x000000000000e8ff
[INFO] [1790590899.942828217] [uav3.mavros.sys]: VER: 3.1: Flight software:     011200c0 (fca3df865a000000)
[INFO] [1790590899.942839336] [uav3.mavros.sys]: VER: 3.1: Middleware software: 011200c0 (fca3df865a000000)
[INFO] [1790590899.942845240] [uav3.mavros.sys]: VER: 3.1: OS software:         070000ff (17040b9f87cb1791)
[INFO] [1790590899.942850823] [uav3.mavros.sys]: VER: 3.1: Board hardware:      00000001
[INFO] [1790590899.942856347] [uav3.mavros.sys]: VER: 3.1: VID/PID:             0000:0000
[INFO] [1790590899.942863719] [uav3.mavros.sys]: VER: 3.1: UID:                 4954414c44494e51
[WARN] [1790590899.942915341] [uav3.mavros.cmd]: CMD: Unexpected command 512, result 0
[WARN] [1790590908.918765232] [uav3.mavros.sys]: FCU: UNK(8): EVENT 11047904 with args -0-0-0-0-0-128-0-0-0-176-122-127-128-176-122-127-128-0-0-0-0-0-0-0-0-0-0-0-0-0-0-0-0-0-0-0-0-0-0-0-
[INFO] [1790590908.918879157] [uav3.mavros.sys]: FCU: EVENT 377561 with args -8-0-0-0-20-0-0-0-0-0-0-0-0-0-0-0-0-0-0-0-0-0-0-0-0-0-0-0-0-0-0-0-0-0-0-0-0-0-0-0-
[WARN] [1790590908.918920150] [uav3.mavros.sys]: FCU: EVENT 453929 with args -255-255-255-255-7-0-0-0-0-0-0-0-0-0-0-0-0-0-0-0-0-0-0-0-0-0-0-0-0-0-0-0-0-0-0-0-0-0-0-0-
[INFO] [1790590908.918959921] [uav3.mavros.sys]: FCU: EVENT 6801787 with args -255-255-255-255-12-0-0-0-0-0-0-0-0-0-0-0-0-0-0-0-0-0-0-0-0-0-0-0-0-0-0-0-0-0-0-0-0-0-0-0-
[WARN] [1790590908.918996871] [uav3.mavros.sys]: FCU: UNK(8): EVENT 1914663 with args -0-10-13-2-56-0-0-0-0-0-0-0-0-0-0-0-0-0-0-0-0-0-0-0-0-0-0-0-0-0-0-0-0-0-0-0-0-0-0-0-
[WARN] [1790590913.275459431] [uav3.mavros.cmd]: CMD: Unexpected command 176, result 0
[INFO] [1790590913.483858747] [uav3.mavros.sys]: FCU: EVENT 9489139 with args -4-0-0-0-0-0-0-0-0-0-0-0-0-0-0-0-0-0-0-0-0-0-0-0-0-0-0-0-0-0-0-0-0-0-0-0-0-0-0-0-
[INFO] [1790590915.430166389] [uav3.mavros.sys]: FCU: EVENT 4277609 with args -0-0-0-0-0-0-0-0-0-0-0-0-0-0-0-0-0-0-0-0-0-0-0-0-0-0-0-0-0-0-0-0-0-0-0-0-0-0-0-0-
[WARN] [1790591166.417749846] [uav3.mavros.cmd]: CMD: Unexpected command 176, result 0
[INFO] [1790591202.843097645] [uav3.mavros.sys]: FCU: EVENT 9844908 with args -0-0-0-0-0-0-0-0-0-0-0-0-0-0-0-0-0-0-0-0-0-0-0-0-0-0-0-0-0-0-0-0-0-0-0-0-0-0-0-0-
[INFO] [1790591204.941847713] [uav3.mavros.sys]: FCU: EVENT 16017271 with args -6-0-0-0-0-0-0-0-0-0-0-0-0-0-0-0-0-0-0-0-0-0-0-0-0-0-0-0-0-0-0-0-0-0-0-0-0-0-0-0-
[INFO] [1790591207.948997612] [rclcpp]: signal_handler(SIGINT/SIGTERM)
[WARN] [1790591207.961755235] [uav3.mavros]: UAS Executor terminated
