[INFO] [1790590896.388906954] [uav7.mavros_node]: Starting mavros_node container
[INFO] [1790590896.389031529] [uav7.mavros_node]: FCU URL: udp://:14546@127.0.0.1:14586
[INFO] [1790590896.389042409] [uav7.mavros_node]: GCS URL: 
[INFO] [1790590896.389049314] [uav7.mavros_node]: UAS Prefix: /uas7
[INFO] [1790590896.389054736] [uav7.mavros_node]: Starting mavros router node
[INFO] [1790590896.480387866] [uav7.mavros_router]: Built-in SIMD instructions: SSE, SSE2
[INFO] [1790590896.480441521] [uav7.mavros_router]: Built-in MAVLink package version: 2026.8.8
[INFO] [1790590896.480451141] [uav7.mavros_router]: Known MAVLink dialects: common ardupilotmega ASLUAV AVSSUAS all csAirLink cubepilot development icarous loweheiser marsh paparazzi standard stemstudios storm32 uAvionix ualberta
[INFO] [1790590896.480458151] [uav7.mavros_router]: MAVROS Router started
[INFO] [1790590896.480610278] [uav7.mavros_node]: Starting mavros uas node
[INFO] [1790590896.657223054] [uav7.mavros_router]: Requested to add endpoint: type: 0, url: udp://:14546@127.0.0.1:14586
[INFO] [1790590896.657296345] [uav7.mavros_router]: Endpoint link[1000] created
[INFO] [1790590896.657534704] [uav7.mavros_router]: link[1000] opened successfully
[INFO] [1790590896.657558580] [uav7.mavros_router]: Requested to add endpoint: type: 2, url: /uas7
[INFO] [1790590896.657573463] [uav7.mavros_router]: Endpoint link[1001] created
[INFO] [1790590896.665005620] [uav7.mavros_router]: link[1000] detected remote address 7.1
[INFO] [1790590896.673042416] [uav7.mavros]: Plugin actuator_control ignored
[INFO] [1790590896.673442024] [uav7.mavros]: Plugin altitude ignored
[INFO] [1790590896.673914780] [uav7.mavros]: UAS Executor started, threads: 4
[INFO] [1790590896.722987184] [uav7.mavros_router]: link[1001] opened successfully
[INFO] [1790590896.899390595] [uav7.mavros]: Plugin command created
[INFO] [1790590896.899464976] [uav7.mavros]: Plugin command initialized
[INFO] [1790590896.899476960] [uav7.mavros]: Plugin ftp ignored
[INFO] [1790590896.899483470] [uav7.mavros]: Plugin geofence ignored
[INFO] [1790590897.136164666] [uav7.mavros]: Plugin global_position created
[INFO] [1790590897.136239427] [uav7.mavros]: Plugin global_position initialized
[INFO] [1790590897.136252051] [uav7.mavros]: Plugin home_position ignored
[INFO] [1790590897.136258184] [uav7.mavros]: Plugin imu ignored
[INFO] [1790590897.349771936] [uav7.mavros]: Plugin local_position created
[INFO] [1790590897.351228339] [uav7.mavros]: Plugin local_position initialized
[INFO] [1790590897.351262251] [uav7.mavros]: Plugin manual_control ignored
[INFO] [1790590897.351270198] [uav7.mavros]: Plugin nav_controller_output ignored
[INFO] [1790590897.351276221] [uav7.mavros]: Plugin param ignored
[INFO] [1790590897.351283009] [uav7.mavros]: Plugin rallypoint ignored
[INFO] [1790590897.351288229] [uav7.mavros]: Plugin rc_io ignored
[INFO] [1790590897.351294298] [uav7.mavros]: Plugin setpoint_accel ignored
[INFO] [1790590897.351300096] [uav7.mavros]: Plugin setpoint_attitude ignored
[INFO] [1790590897.351305685] [uav7.mavros]: Plugin setpoint_position ignored
[INFO] [1790590897.351311006] [uav7.mavros]: Plugin setpoint_raw ignored
[INFO] [1790590897.351316830] [uav7.mavros]: Plugin setpoint_trajectory ignored
[INFO] [1790590897.572951829] [uav7.mavros]: Plugin setpoint_velocity created
[INFO] [1790590897.573018286] [uav7.mavros]: Plugin setpoint_velocity initialized
[INFO] [1790590897.910922530] [uav7.mavros]: Plugin sys_status created
[INFO] [1790590897.911021130] [uav7.mavros]: Plugin sys_status initialized
[INFO] [1790590898.227670698] [uav7.mavros.time]: TM: Timesync mode: MAVLINK
[INFO] [1790590898.277459756] [uav7.mavros]: Plugin sys_time created
[INFO] [1790590898.277530845] [uav7.mavros]: Plugin sys_time initialized
[INFO] [1790590898.277543007] [uav7.mavros]: Plugin waypoint ignored
[INFO] [1790590898.277548849] [uav7.mavros]: Plugin wind_estimation ignored
[INFO] [1790590898.311816867] [uav7.mavros]: Built-in SIMD instructions: SSE, SSE2
[INFO] [1790590898.311860052] [uav7.mavros]: Built-in MAVLink package version: 2026.8.8
[INFO] [1790590898.311894490] [uav7.mavros]: Known MAVLink dialects: common ardupilotmega ASLUAV AVSSUAS all csAirLink cubepilot development icarous loweheiser marsh paparazzi standard stemstudios storm32 uAvionix ualberta
[INFO] [1790590898.311904792] [uav7.mavros]: MAVROS UAS via /uas7 started. MY ID 7.191, TARGET ID 7.1
[INFO] [1790590898.331156986] [uav7.mavros_router]: link[1001] detected remote address 7.191
[INFO] [1790590898.867344236] [uav7.mavros]: CON: Got HEARTBEAT, connected. FCU: PX4 Autopilot
[INFO] [1790590899.951691055] [uav7.mavros.sys]: VER: 7.1: Capabilities         0x000000000000e8ff
[INFO] [1790590899.951752234] [uav7.mavros.sys]: VER: 7.1: Flight software:     011200c0 (fca3df865a000000)
[INFO] [1790590899.951761859] [uav7.mavros.sys]: VER: 7.1: Middleware software: 011200c0 (fca3df865a000000)
[INFO] [1790590899.951767201] [uav7.mavros.sys]: VER: 7.1: OS software:         070000ff (17040b9f87cb1791)
[INFO] [1790590899.951772221] [uav7.mavros.sys]: VER: 7.1: Board hardware:      00000001
[INFO] [1790590899.951777348] [uav7.mavros.sys]: VER: 7.1: VID/PID:             0000:0000
[INFO] [1790590899.951782041] [uav7.mavros.sys]: VER: 7.1: UID:                 4954414c44494e55
[WARN] [1790590899.951830509] [uav7.mavros.cmd]: CMD: Unexpected command 512, result 0
[WARN] [1790590908.805283302] [uav7.mavros.sys]: FCU: UNK(8): EVENT 11047904 with args -0-0-0-0-0-128-0-0-0-176-122-127-128-176-122-127-128-0-0-0-0-0-0-0-0-0-0-0-0-0-0-0-0-0-0-0-0-0-0-0-
[INFO] [1790590908.805640945] [uav7.mavros.sys]: FCU: EVENT 377561 with args -8-0-0-0-20-0-0-0-0-0-0-0-0-0-0-0-0-0-0-0-0-0-0-0-0-0-0-0-0-0-0-0-0-0-0-0-0-0-0-0-
[WARN] [1790590908.805844537] [uav7.mavros.sys]: FCU: EVENT 453929 with args -255-255-255-255-7-0-0-0-0-0-0-0-0-0-0-0-0-0-0-0-0-0-0-0-0-0-0-0-0-0-0-0-0-0-0-0-0-0-0-0-
[INFO] [1790590908.808114820] [uav7.mavros.sys]: FCU: EVENT 6801787 with args -255-255-255-255-12-0-0-0-0-0-0-0-0-0-0-0-0-0-0-0-0-0-0-0-0-0-0-0-0-0-0-0-0-0-0-0-0-0-0-0-
[WARN] [1790590908.808527273] [uav7.mavros.sys]: FCU: UNK(8): EVENT 1914663 with args -0-10-13-2-56-0-0-0-0-0-0-0-0-0-0-0-0-0-0-0-0-0-0-0-0-0-0-0-0-0-0-0-0-0-0-0-0-0-0-0-
[WARN] [1790590913.300732316] [uav7.mavros.cmd]: CMD: Unexpected command 176, result 0
[INFO] [1790590913.442692888] [uav7.mavros.sys]: FCU: EVENT 9489139 with args -4-0-0-0-0-0-0-0-0-0-0-0-0-0-0-0-0-0-0-0-0-0-0-0-0-0-0-0-0-0-0-0-0-0-0-0-0-0-0-0-
[INFO] [1790590915.372621222] [uav7.mavros.sys]: FCU: EVENT 4277609 with args -0-0-0-0-0-0-0-0-0-0-0-0-0-0-0-0-0-0-0-0-0-0-0-0-0-0-0-0-0-0-0-0-0-0-0-0-0-0-0-0-
[WARN] [1790591166.387472736] [uav7.mavros.cmd]: CMD: Unexpected command 176, result 0
[INFO] [1790591197.718208006] [uav7.mavros.sys]: FCU: EVENT 9844908 with args -0-0-0-0-0-0-0-0-0-0-0-0-0-0-0-0-0-0-0-0-0-0-0-0-0-0-0-0-0-0-0-0-0-0-0-0-0-0-0-0-
[INFO] [1790591199.831161410] [uav7.mavros.sys]: FCU: EVENT 16017271 with args -6-0-0-0-0-0-0-0-0-0-0-0-0-0-0-0-0-0-0-0-0-0-0-0-0-0-0-0-0-0-0-0-0-0-0-0-0-0-0-0-
[WARN] [1790591203.634751077] [uav7.mavros.sys]: FCU: UNK(8): EVENT 11047904 with args -0-0-0-0-0-128-0-0-0-176-122-127-128-176-122-127-128-0-0-0-0-0-0-0-0-0-0-0-0-0-0-0-0-0-0-0-0-0-0-0-
[INFO] [1790591203.634879921] [uav7.mavros.sys]: FCU: EVENT 377561 with args -8-0-0-0-20-0-0-0-0-0-0-0-0-0-0-0-0-0-0-0-0-0-0-0-0-0-0-0-0-0-0-0-0-0-0-0-0-0-0-0-
[WARN] [1790591203.634927698] [uav7.mavros.sys]: FCU: EVENT 453929 with args -255-255-255-255-7-0-0-0-0-0-0-0-0-0-0-0-0-0-0-0-0-0-0-0-0-0-0-0-0-0-0-0-0-0-0-0-0-0-0-0-
[INFO] [1790591203.634964575] [uav7.mavros.sys]: FCU: EVENT 6801787 with args -255-255-255-255-12-0-0-0-0-0-0-0-0-0-0-0-0-0-0-0-0-0-0-0-0-0-0-0-0-0-0-0-0-0-0-0-0-0-0-0-
[WARN] [1790591203.635000739] [uav7.mavros.sys]: FCU: UNK(8): EVENT 1914663 with args -0-10-9-2-56-0-0-0-0-0-0-0-0-0-0-0-0-0-0-0-0-0-0-0-0-0-0-0-0-0-0-0-0-0-0-0-0-0-0-0-
[INFO] [1790591207.951134391] [rclcpp]: signal_handler(SIGINT/SIGTERM)
[WARN] [1790591207.959576835] [uav7.mavros]: UAS Executor terminated
