[INFO] [1790659502.273027412] [uav4.mavros_node]: Starting mavros_node container
[INFO] [1790659502.384693571] [uav4.mavros_node]: FCU URL: udp://:14543@127.0.0.1:14583
[INFO] [1790659502.384705139] [uav4.mavros_node]: GCS URL: 
[INFO] [1790659502.384709674] [uav4.mavros_node]: UAS Prefix: /uas4
[INFO] [1790659502.384714255] [uav4.mavros_node]: Starting mavros router node
[INFO] [1790659502.590514084] [uav4.mavros_router]: Built-in SIMD instructions: SSE, SSE2
[INFO] [1790659502.590569838] [uav4.mavros_router]: Built-in MAVLink package version: 2026.8.8
[INFO] [1790659502.590580001] [uav4.mavros_router]: Known MAVLink dialects: common ardupilotmega ASLUAV AVSSUAS all csAirLink cubepilot development icarous loweheiser marsh paparazzi standard stemstudios storm32 uAvionix ualberta
[INFO] [1790659502.590586460] [uav4.mavros_router]: MAVROS Router started
[INFO] [1790659502.590740944] [uav4.mavros_node]: Starting mavros uas node
[INFO] [1790659502.934811006] [uav4.mavros_router]: Requested to add endpoint: type: 0, url: udp://:14543@127.0.0.1:14583
[INFO] [1790659502.934864272] [uav4.mavros_router]: Endpoint link[1000] created
[INFO] [1790659502.938004759] [uav4.mavros_router]: link[1000] opened successfully
[INFO] [1790659502.938054419] [uav4.mavros_router]: Requested to add endpoint: type: 2, url: /uas4
[INFO] [1790659502.938074066] [uav4.mavros_router]: Endpoint link[1001] created
[INFO] [1790659502.945764368] [uav4.mavros_router]: link[1000] detected remote address 4.1
[INFO] [1790659502.956410753] [uav4.mavros]: Plugin actuator_control ignored
[INFO] [1790659502.997042037] [uav4.mavros]: Plugin altitude ignored
[INFO] [1790659502.956454362] [uav4.mavros]: UAS Executor started, threads: 4
[INFO] [1790659502.972309814] [uav4.mavros_router]: link[1001] opened successfully
[INFO] [1790659503.351785781] [uav4.mavros]: Plugin command created
[INFO] [1790659503.375815946] [uav4.mavros]: Plugin command initialized
[INFO] [1790659503.388614817] [uav4.mavros]: Plugin ftp ignored
[INFO] [1790659503.388630134] [uav4.mavros]: Plugin geofence ignored
[INFO] [1790659503.657542246] [uav4.mavros]: Plugin global_position created
[INFO] [1790659503.674763361] [uav4.mavros]: Plugin global_position initialized
[INFO] [1790659503.674785123] [uav4.mavros]: Plugin home_position ignored
[INFO] [1790659503.674790178] [uav4.mavros]: Plugin imu ignored
[INFO] [1790659503.811735344] [uav4.mavros]: Plugin local_position created
[INFO] [1790659503.811798440] [uav4.mavros]: Plugin local_position initialized
[INFO] [1790659503.811808241] [uav4.mavros]: Plugin manual_control ignored
[INFO] [1790659503.811813269] [uav4.mavros]: Plugin nav_controller_output ignored
[INFO] [1790659503.811818290] [uav4.mavros]: Plugin param ignored
[INFO] [1790659503.811823724] [uav4.mavros]: Plugin rallypoint ignored
[INFO] [1790659503.811828577] [uav4.mavros]: Plugin rc_io ignored
[INFO] [1790659503.811834050] [uav4.mavros]: Plugin setpoint_accel ignored
[INFO] [1790659503.811839099] [uav4.mavros]: Plugin setpoint_attitude ignored
[INFO] [1790659503.811844626] [uav4.mavros]: Plugin setpoint_position ignored
[INFO] [1790659503.811850056] [uav4.mavros]: Plugin setpoint_raw ignored
[INFO] [1790659503.811854768] [uav4.mavros]: Plugin setpoint_trajectory ignored
[INFO] [1790659503.960271490] [uav4.mavros]: Plugin setpoint_velocity created
[INFO] [1790659504.022316870] [uav4.mavros]: Plugin setpoint_velocity initialized
[INFO] [1790659504.490223057] [uav4.mavros]: Plugin sys_status created
[INFO] [1790659504.490300134] [uav4.mavros]: Plugin sys_status initialized
[INFO] [1790659504.545507674] [uav4.mavros.time]: TM: Timesync mode: MAVLINK
[INFO] [1790659504.558965091] [uav4.mavros]: Plugin sys_time created
[INFO] [1790659504.559280776] [uav4.mavros]: Plugin sys_time initialized
[INFO] [1790659504.559295447] [uav4.mavros]: Plugin waypoint ignored
[INFO] [1790659504.559302784] [uav4.mavros]: Plugin wind_estimation ignored
[INFO] [1790659504.566887545] [uav4.mavros]: Built-in SIMD instructions: SSE, SSE2
[INFO] [1790659504.566929810] [uav4.mavros]: Built-in MAVLink package version: 2026.8.8
[INFO] [1790659504.566960635] [uav4.mavros]: Known MAVLink dialects: common ardupilotmega ASLUAV AVSSUAS all csAirLink cubepilot development icarous loweheiser marsh paparazzi standard stemstudios storm32 uAvionix ualberta
[INFO] [1790659504.566967346] [uav4.mavros]: MAVROS UAS via /uas4 started. MY ID 4.191, TARGET ID 4.1
[INFO] [1790659504.569130994] [uav4.mavros_router]: link[1001] detected remote address 4.191
[INFO] [1790659505.303005347] [uav4.mavros]: CON: Got HEARTBEAT, connected. FCU: PX4 Autopilot
[INFO] [1790659506.342714272] [uav4.mavros.sys]: VER: 4.1: Capabilities         0x000000000000e8ff
[INFO] [1790659506.342764546] [uav4.mavros.sys]: VER: 4.1: Flight software:     011200c0 (fca3df865a000000)
[INFO] [1790659506.342772712] [uav4.mavros.sys]: VER: 4.1: Middleware software: 011200c0 (fca3df865a000000)
[INFO] [1790659506.342777808] [uav4.mavros.sys]: VER: 4.1: OS software:         070000ff (17040b9f87cb1791)
[INFO] [1790659506.342782108] [uav4.mavros.sys]: VER: 4.1: Board hardware:      00000001
[INFO] [1790659506.342786426] [uav4.mavros.sys]: VER: 4.1: VID/PID:             0000:0000
[INFO] [1790659506.342791064] [uav4.mavros.sys]: VER: 4.1: UID:                 4954414c44494e52
[WARN] [1790659506.352836663] [uav4.mavros.cmd]: CMD: Unexpected command 512, result 0
[WARN] [1790659516.429606915] [uav4.mavros.sys]: FCU: UNK(8): EVENT 11047904 with args -0-0-0-0-0-128-0-0-0-176-122-127-128-176-122-127-128-0-0-0-0-0-0-0-0-0-0-0-0-0-0-0-0-0-0-0-0-0-0-0-
[INFO] [1790659516.429717315] [uav4.mavros.sys]: FCU: EVENT 377561 with args -8-0-0-0-20-0-0-0-0-0-0-0-0-0-0-0-0-0-0-0-0-0-0-0-0-0-0-0-0-0-0-0-0-0-0-0-0-0-0-0-
[WARN] [1790659516.429755468] [uav4.mavros.sys]: FCU: EVENT 453929 with args -255-255-255-255-7-0-0-0-0-0-0-0-0-0-0-0-0-0-0-0-0-0-0-0-0-0-0-0-0-0-0-0-0-0-0-0-0-0-0-0-
[INFO] [1790659516.429793830] [uav4.mavros.sys]: FCU: EVENT 6801787 with args -255-255-255-255-12-0-0-0-0-0-0-0-0-0-0-0-0-0-0-0-0-0-0-0-0-0-0-0-0-0-0-0-0-0-0-0-0-0-0-0-
[WARN] [1790659516.429828511] [uav4.mavros.sys]: FCU: UNK(8): EVENT 1914663 with args -0-10-13-2-56-0-0-0-0-0-0-0-0-0-0-0-0-0-0-0-0-0-0-0-0-0-0-0-0-0-0-0-0-0-0-0-0-0-0-0-
[WARN] [1790659522.022536737] [uav4.mavros.cmd]: CMD: Unexpected command 176, result 0
[INFO] [1790659522.515352910] [uav4.mavros.sys]: FCU: EVENT 9489139 with args -4-0-0-0-0-0-0-0-0-0-0-0-0-0-0-0-0-0-0-0-0-0-0-0-0-0-0-0-0-0-0-0-0-0-0-0-0-0-0-0-
[INFO] [1790659524.576283688] [uav4.mavros.sys]: FCU: EVENT 4277609 with args -0-0-0-0-0-0-0-0-0-0-0-0-0-0-0-0-0-0-0-0-0-0-0-0-0-0-0-0-0-0-0-0-0-0-0-0-0-0-0-0-
[WARN] [1790659786.768563442] [uav4.mavros.cmd]: CMD: Unexpected command 176, result 0
[INFO] [1790659824.189065431] [uav4.mavros.sys]: FCU: EVENT 9844908 with args -0-0-0-0-0-0-0-0-0-0-0-0-0-0-0-0-0-0-0-0-0-0-0-0-0-0-0-0-0-0-0-0-0-0-0-0-0-0-0-0-
[INFO] [1790659826.375377968] [uav4.mavros.sys]: FCU: EVENT 16017271 with args -6-0-0-0-0-0-0-0-0-0-0-0-0-0-0-0-0-0-0-0-0-0-0-0-0-0-0-0-0-0-0-0-0-0-0-0-0-0-0-0-
[WARN] [1790659830.769025929] [uav4.mavros.sys]: FCU: UNK(8): EVENT 11047904 with args -0-0-0-0-0-128-0-0-0-176-122-127-128-176-122-127-128-0-0-0-0-0-0-0-0-0-0-0-0-0-0-0-0-0-0-0-0-0-0-0-
[INFO] [1790659830.769410535] [uav4.mavros.sys]: FCU: EVENT 377561 with args -8-0-0-0-20-0-0-0-0-0-0-0-0-0-0-0-0-0-0-0-0-0-0-0-0-0-0-0-0-0-0-0-0-0-0-0-0-0-0-0-
[WARN] [1790659830.769522695] [uav4.mavros.sys]: FCU: EVENT 453929 with args -255-255-255-255-7-0-0-0-0-0-0-0-0-0-0-0-0-0-0-0-0-0-0-0-0-0-0-0-0-0-0-0-0-0-0-0-0-0-0-0-
[INFO] [1790659830.769619981] [uav4.mavros.sys]: FCU: EVENT 6801787 with args -255-255-255-255-12-0-0-0-0-0-0-0-0-0-0-0-0-0-0-0-0-0-0-0-0-0-0-0-0-0-0-0-0-0-0-0-0-0-0-0-
[WARN] [1790659830.769646560] [uav4.mavros.sys]: FCU: UNK(8): EVENT 1914663 with args -0-10-9-2-56-0-0-0-0-0-0-0-0-0-0-0-0-0-0-0-0-0-0-0-0-0-0-0-0-0-0-0-0-0-0-0-0-0-0-0-
[INFO] [1790659833.910488192] [rclcpp]: signal_handler(SIGINT/SIGTERM)
[WARN] [1790659833.911113624] [uav4.mavros]: UAS Executor terminated
