[INFO] [1790596310.813023179] [uav5.mavros_node]: Starting mavros_node container
[INFO] [1790596310.818813468] [uav5.mavros_node]: FCU URL: udp://:14544@127.0.0.1:14584
[INFO] [1790596310.818857582] [uav5.mavros_node]: GCS URL: 
[INFO] [1790596310.820256224] [uav5.mavros_node]: UAS Prefix: /uas5
[INFO] [1790596310.820674359] [uav5.mavros_node]: Starting mavros router node
[INFO] [1790596310.902397547] [uav5.mavros_router]: Built-in SIMD instructions: SSE, SSE2
[INFO] [1790596310.904850111] [uav5.mavros_router]: Built-in MAVLink package version: 2026.8.8
[INFO] [1790596310.904876591] [uav5.mavros_router]: Known MAVLink dialects: common ardupilotmega ASLUAV AVSSUAS all csAirLink cubepilot development icarous loweheiser marsh paparazzi standard stemstudios storm32 uAvionix ualberta
[INFO] [1790596310.904885523] [uav5.mavros_router]: MAVROS Router started
[INFO] [1790596310.905053066] [uav5.mavros_node]: Starting mavros uas node
[INFO] [1790596311.223222015] [uav5.mavros_router]: Requested to add endpoint: type: 0, url: udp://:14544@127.0.0.1:14584
[INFO] [1790596311.225164923] [uav5.mavros_router]: Endpoint link[1000] created
[INFO] [1790596311.225405430] [uav5.mavros_router]: link[1000] opened successfully
[INFO] [1790596311.225432743] [uav5.mavros_router]: Requested to add endpoint: type: 2, url: /uas5
[INFO] [1790596311.225450007] [uav5.mavros_router]: Endpoint link[1001] created
[INFO] [1790596311.230499343] [uav5.mavros_router]: link[1000] detected remote address 5.1
[INFO] [1790596311.238779705] [uav5.mavros]: Plugin actuator_control ignored
[INFO] [1790596311.242176345] [uav5.mavros]: Plugin altitude ignored
[INFO] [1790596311.238846261] [uav5.mavros]: UAS Executor started, threads: 4
[INFO] [1790596311.248721061] [uav5.mavros_router]: link[1001] opened successfully
[INFO] [1790596311.453278365] [uav5.mavros]: Plugin command created
[INFO] [1790596311.453841541] [uav5.mavros]: Plugin command initialized
[INFO] [1790596311.453879362] [uav5.mavros]: Plugin ftp ignored
[INFO] [1790596311.453887364] [uav5.mavros]: Plugin geofence ignored
[INFO] [1790596311.776307154] [uav5.mavros]: Plugin global_position created
[INFO] [1790596311.776379090] [uav5.mavros]: Plugin global_position initialized
[INFO] [1790596311.776391286] [uav5.mavros]: Plugin home_position ignored
[INFO] [1790596311.776400589] [uav5.mavros]: Plugin imu ignored
[INFO] [1790596312.033107287] [uav5.mavros]: Plugin local_position created
[INFO] [1790596312.034798329] [uav5.mavros]: Plugin local_position initialized
[INFO] [1790596312.034976045] [uav5.mavros]: Plugin manual_control ignored
[INFO] [1790596312.035165103] [uav5.mavros]: Plugin nav_controller_output ignored
[INFO] [1790596312.035210127] [uav5.mavros]: Plugin param ignored
[INFO] [1790596312.035508218] [uav5.mavros]: Plugin rallypoint ignored
[INFO] [1790596312.035528920] [uav5.mavros]: Plugin rc_io ignored
[INFO] [1790596312.035540748] [uav5.mavros]: Plugin setpoint_accel ignored
[INFO] [1790596312.035637465] [uav5.mavros]: Plugin setpoint_attitude ignored
[INFO] [1790596312.035657530] [uav5.mavros]: Plugin setpoint_position ignored
[INFO] [1790596312.035669163] [uav5.mavros]: Plugin setpoint_raw ignored
[INFO] [1790596312.035680028] [uav5.mavros]: Plugin setpoint_trajectory ignored
[INFO] [1790596312.296157074] [uav5.mavros]: Plugin setpoint_velocity created
[INFO] [1790596312.296221785] [uav5.mavros]: Plugin setpoint_velocity initialized
[INFO] [1790596312.619391492] [uav5.mavros]: Plugin sys_status created
[INFO] [1790596312.619941658] [uav5.mavros]: Plugin sys_status initialized
[INFO] [1790596312.712122556] [uav5.mavros.time]: TM: Timesync mode: MAVLINK
[INFO] [1790596312.729631930] [uav5.mavros]: Plugin sys_time created
[INFO] [1790596312.729697257] [uav5.mavros]: Plugin sys_time initialized
[INFO] [1790596312.729707888] [uav5.mavros]: Plugin waypoint ignored
[INFO] [1790596312.729713222] [uav5.mavros]: Plugin wind_estimation ignored
[INFO] [1790596312.741505381] [uav5.mavros]: Built-in SIMD instructions: SSE, SSE2
[INFO] [1790596312.741548142] [uav5.mavros]: Built-in MAVLink package version: 2026.8.8
[INFO] [1790596312.741588278] [uav5.mavros]: Known MAVLink dialects: common ardupilotmega ASLUAV AVSSUAS all csAirLink cubepilot development icarous loweheiser marsh paparazzi standard stemstudios storm32 uAvionix ualberta
[INFO] [1790596312.741597647] [uav5.mavros]: MAVROS UAS via /uas5 started. MY ID 5.191, TARGET ID 5.1
[INFO] [1790596312.762011398] [uav5.mavros_router]: link[1001] detected remote address 5.191
[INFO] [1790596313.179120663] [uav5.mavros]: CON: Got HEARTBEAT, connected. FCU: PX4 Autopilot
[INFO] [1790596314.190156340] [uav5.mavros.sys]: VER: 5.1: Capabilities         0x000000000000e8ff
[INFO] [1790596314.190223853] [uav5.mavros.sys]: VER: 5.1: Flight software:     011200c0 (fca3df865a000000)
[INFO] [1790596314.190233046] [uav5.mavros.sys]: VER: 5.1: Middleware software: 011200c0 (fca3df865a000000)
[INFO] [1790596314.190238923] [uav5.mavros.sys]: VER: 5.1: OS software:         070000ff (17040b9f87cb1791)
[INFO] [1790596314.190244636] [uav5.mavros.sys]: VER: 5.1: Board hardware:      00000001
[INFO] [1790596314.190250119] [uav5.mavros.sys]: VER: 5.1: VID/PID:             0000:0000
[INFO] [1790596314.190255755] [uav5.mavros.sys]: VER: 5.1: UID:                 4954414c44494e53
[WARN] [1790596314.190923164] [uav5.mavros.cmd]: CMD: Unexpected command 512, result 0
[WARN] [1790596325.282065321] [uav5.mavros.sys]: FCU: UNK(8): EVENT 11047904 with args -0-0-0-0-0-128-0-0-0-176-122-127-128-176-122-127-128-0-0-0-0-0-0-0-0-0-0-0-0-0-0-0-0-0-0-0-0-0-0-0-
[INFO] [1790596325.286571267] [uav5.mavros.sys]: FCU: EVENT 377561 with args -8-0-0-0-20-0-0-0-0-0-0-0-0-0-0-0-0-0-0-0-0-0-0-0-0-0-0-0-0-0-0-0-0-0-0-0-0-0-0-0-
[WARN] [1790596325.286633626] [uav5.mavros.sys]: FCU: EVENT 453929 with args -255-255-255-255-7-0-0-0-0-0-0-0-0-0-0-0-0-0-0-0-0-0-0-0-0-0-0-0-0-0-0-0-0-0-0-0-0-0-0-0-
[INFO] [1790596325.286683150] [uav5.mavros.sys]: FCU: EVENT 6801787 with args -255-255-255-255-12-0-0-0-0-0-0-0-0-0-0-0-0-0-0-0-0-0-0-0-0-0-0-0-0-0-0-0-0-0-0-0-0-0-0-0-
[WARN] [1790596325.286725965] [uav5.mavros.sys]: FCU: UNK(8): EVENT 1914663 with args -0-10-13-2-56-0-0-0-0-0-0-0-0-0-0-0-0-0-0-0-0-0-0-0-0-0-0-0-0-0-0-0-0-0-0-0-0-0-0-0-
[WARN] [1790596328.839933995] [uav5.mavros.cmd]: CMD: Unexpected command 176, result 0
[INFO] [1790596329.859112347] [uav5.mavros.sys]: FCU: EVENT 9489139 with args -4-0-0-0-0-0-0-0-0-0-0-0-0-0-0-0-0-0-0-0-0-0-0-0-0-0-0-0-0-0-0-0-0-0-0-0-0-0-0-0-
[INFO] [1790596331.837313986] [uav5.mavros.sys]: FCU: EVENT 4277609 with args -0-0-0-0-0-0-0-0-0-0-0-0-0-0-0-0-0-0-0-0-0-0-0-0-0-0-0-0-0-0-0-0-0-0-0-0-0-0-0-0-
[WARN] [1790596584.011041194] [uav5.mavros.cmd]: CMD: Unexpected command 176, result 0
[INFO] [1790596615.725333215] [uav5.mavros.sys]: FCU: EVENT 9844908 with args -0-0-0-0-0-0-0-0-0-0-0-0-0-0-0-0-0-0-0-0-0-0-0-0-0-0-0-0-0-0-0-0-0-0-0-0-0-0-0-0-
[INFO] [1790596617.855496606] [uav5.mavros.sys]: FCU: EVENT 16017271 with args -6-0-0-0-0-0-0-0-0-0-0-0-0-0-0-0-0-0-0-0-0-0-0-0-0-0-0-0-0-0-0-0-0-0-0-0-0-0-0-0-
[WARN] [1790596622.132455075] [uav5.mavros.sys]: FCU: UNK(8): EVENT 11047904 with args -0-0-0-0-0-128-0-0-0-176-122-127-128-176-122-127-128-0-0-0-0-0-0-0-0-0-0-0-0-0-0-0-0-0-0-0-0-0-0-0-
[INFO] [1790596622.132538559] [uav5.mavros.sys]: FCU: EVENT 377561 with args -8-0-0-0-20-0-0-0-0-0-0-0-0-0-0-0-0-0-0-0-0-0-0-0-0-0-0-0-0-0-0-0-0-0-0-0-0-0-0-0-
[WARN] [1790596622.132638895] [uav5.mavros.sys]: FCU: EVENT 453929 with args -255-255-255-255-7-0-0-0-0-0-0-0-0-0-0-0-0-0-0-0-0-0-0-0-0-0-0-0-0-0-0-0-0-0-0-0-0-0-0-0-
[INFO] [1790596622.132669086] [uav5.mavros.sys]: FCU: EVENT 6801787 with args -255-255-255-255-12-0-0-0-0-0-0-0-0-0-0-0-0-0-0-0-0-0-0-0-0-0-0-0-0-0-0-0-0-0-0-0-0-0-0-0-
[WARN] [1790596622.132732040] [uav5.mavros.sys]: FCU: UNK(8): EVENT 1914663 with args -0-10-9-2-56-0-0-0-0-0-0-0-0-0-0-0-0-0-0-0-0-0-0-0-0-0-0-0-0-0-0-0-0-0-0-0-0-0-0-0-
[INFO] [1790596626.849268315] [rclcpp]: signal_handler(SIGINT/SIGTERM)
[WARN] [1790596626.849972117] [uav5.mavros.sys]: FCU: UNK(8): EVENT 11047904 with args -0-0-0-16-0-128-0-0-0-176-58-127-128-176-58-127-128-0-0-0-0-0-0-0-0-0-0-0-0-0-0-0-0-0-0-0-0-0-0-0-
[WARN] [1790596626.851237141] [uav5.mavros]: UAS Executor terminated
