[INFO] [1790596310.799265149] [uav6.mavros_node]: Starting mavros_node container
[INFO] [1790596310.800505606] [uav6.mavros_node]: FCU URL: udp://:14545@127.0.0.1:14585
[INFO] [1790596310.800547536] [uav6.mavros_node]: GCS URL: 
[INFO] [1790596310.800554339] [uav6.mavros_node]: UAS Prefix: /uas6
[INFO] [1790596310.800560020] [uav6.mavros_node]: Starting mavros router node
[INFO] [1790596310.962938558] [uav6.mavros_router]: Built-in SIMD instructions: SSE, SSE2
[INFO] [1790596310.962991456] [uav6.mavros_router]: Built-in MAVLink package version: 2026.8.8
[INFO] [1790596310.963001195] [uav6.mavros_router]: Known MAVLink dialects: common ardupilotmega ASLUAV AVSSUAS all csAirLink cubepilot development icarous loweheiser marsh paparazzi standard stemstudios storm32 uAvionix ualberta
[INFO] [1790596310.963009164] [uav6.mavros_router]: MAVROS Router started
[INFO] [1790596310.963950851] [uav6.mavros_node]: Starting mavros uas node
[INFO] [1790596311.203634410] [uav6.mavros_router]: Requested to add endpoint: type: 0, url: udp://:14545@127.0.0.1:14585
[INFO] [1790596311.205978944] [uav6.mavros_router]: Endpoint link[1000] created
[INFO] [1790596311.207494087] [uav6.mavros_router]: link[1000] opened successfully
[INFO] [1790596311.207552803] [uav6.mavros_router]: Requested to add endpoint: type: 2, url: /uas6
[INFO] [1790596311.207574456] [uav6.mavros_router]: Endpoint link[1001] created
[INFO] [1790596311.213915999] [uav6.mavros_router]: link[1000] detected remote address 6.1
[INFO] [1790596311.220923289] [uav6.mavros]: Plugin actuator_control ignored
[INFO] [1790596311.220996094] [uav6.mavros]: Plugin altitude ignored
[INFO] [1790596311.221001551] [uav6.mavros]: UAS Executor started, threads: 4
[INFO] [1790596311.280278146] [uav6.mavros_router]: link[1001] opened successfully
[INFO] [1790596311.457511830] [uav6.mavros]: Plugin command created
[INFO] [1790596311.457596769] [uav6.mavros]: Plugin command initialized
[INFO] [1790596311.457609824] [uav6.mavros]: Plugin ftp ignored
[INFO] [1790596311.457616195] [uav6.mavros]: Plugin geofence ignored
[INFO] [1790596311.757317100] [uav6.mavros]: Plugin global_position created
[INFO] [1790596311.757393461] [uav6.mavros]: Plugin global_position initialized
[INFO] [1790596311.757406739] [uav6.mavros]: Plugin home_position ignored
[INFO] [1790596311.757413098] [uav6.mavros]: Plugin imu ignored
[INFO] [1790596312.091159201] [uav6.mavros]: Plugin local_position created
[INFO] [1790596312.091226867] [uav6.mavros]: Plugin local_position initialized
[INFO] [1790596312.091238553] [uav6.mavros]: Plugin manual_control ignored
[INFO] [1790596312.091244513] [uav6.mavros]: Plugin nav_controller_output ignored
[INFO] [1790596312.091251078] [uav6.mavros]: Plugin param ignored
[INFO] [1790596312.091257587] [uav6.mavros]: Plugin rallypoint ignored
[INFO] [1790596312.091263594] [uav6.mavros]: Plugin rc_io ignored
[INFO] [1790596312.091270237] [uav6.mavros]: Plugin setpoint_accel ignored
[INFO] [1790596312.091276255] [uav6.mavros]: Plugin setpoint_attitude ignored
[INFO] [1790596312.091282208] [uav6.mavros]: Plugin setpoint_position ignored
[INFO] [1790596312.091288111] [uav6.mavros]: Plugin setpoint_raw ignored
[INFO] [1790596312.091293912] [uav6.mavros]: Plugin setpoint_trajectory ignored
[INFO] [1790596312.222602250] [uav6.mavros]: Plugin setpoint_velocity created
[INFO] [1790596312.222677720] [uav6.mavros]: Plugin setpoint_velocity initialized
[INFO] [1790596312.513136105] [uav6.mavros]: Plugin sys_status created
[INFO] [1790596312.513221405] [uav6.mavros]: Plugin sys_status initialized
[INFO] [1790596312.636333872] [uav6.mavros.time]: TM: Timesync mode: MAVLINK
[INFO] [1790596312.657286938] [uav6.mavros]: Plugin sys_time created
[INFO] [1790596312.657354993] [uav6.mavros]: Plugin sys_time initialized
[INFO] [1790596312.657364913] [uav6.mavros]: Plugin waypoint ignored
[INFO] [1790596312.657370727] [uav6.mavros]: Plugin wind_estimation ignored
[INFO] [1790596312.674726688] [uav6.mavros]: Built-in SIMD instructions: SSE, SSE2
[INFO] [1790596312.674773244] [uav6.mavros]: Built-in MAVLink package version: 2026.8.8
[INFO] [1790596312.674807533] [uav6.mavros]: Known MAVLink dialects: common ardupilotmega ASLUAV AVSSUAS all csAirLink cubepilot development icarous loweheiser marsh paparazzi standard stemstudios storm32 uAvionix ualberta
[INFO] [1790596312.674816285] [uav6.mavros]: MAVROS UAS via /uas6 started. MY ID 6.191, TARGET ID 6.1
[INFO] [1790596312.703860240] [uav6.mavros_router]: link[1001] detected remote address 6.191
[INFO] [1790596313.135813231] [uav6.mavros]: CON: Got HEARTBEAT, connected. FCU: PX4 Autopilot
[INFO] [1790596314.167141504] [uav6.mavros.sys]: VER: 6.1: Capabilities         0x000000000000e8ff
[INFO] [1790596314.167530524] [uav6.mavros.sys]: VER: 6.1: Flight software:     011200c0 (fca3df865a000000)
[INFO] [1790596314.167545372] [uav6.mavros.sys]: VER: 6.1: Middleware software: 011200c0 (fca3df865a000000)
[INFO] [1790596314.167552129] [uav6.mavros.sys]: VER: 6.1: OS software:         070000ff (17040b9f87cb1791)
[INFO] [1790596314.167557870] [uav6.mavros.sys]: VER: 6.1: Board hardware:      00000001
[INFO] [1790596314.167563873] [uav6.mavros.sys]: VER: 6.1: VID/PID:             0000:0000
[INFO] [1790596314.167569685] [uav6.mavros.sys]: VER: 6.1: UID:                 4954414c44494e54
[WARN] [1790596314.170953911] [uav6.mavros.cmd]: CMD: Unexpected command 512, result 0
[WARN] [1790596324.566513728] [uav6.mavros.sys]: FCU: UNK(8): EVENT 11047904 with args -0-0-0-0-0-128-0-0-0-176-122-127-128-176-122-127-128-0-0-0-0-0-0-0-0-0-0-0-0-0-0-0-0-0-0-0-0-0-0-0-
[INFO] [1790596324.566623547] [uav6.mavros.sys]: FCU: EVENT 377561 with args -8-0-0-0-20-0-0-0-0-0-0-0-0-0-0-0-0-0-0-0-0-0-0-0-0-0-0-0-0-0-0-0-0-0-0-0-0-0-0-0-
[WARN] [1790596324.566684519] [uav6.mavros.sys]: FCU: EVENT 453929 with args -255-255-255-255-7-0-0-0-0-0-0-0-0-0-0-0-0-0-0-0-0-0-0-0-0-0-0-0-0-0-0-0-0-0-0-0-0-0-0-0-
[INFO] [1790596324.570161353] [uav6.mavros.sys]: FCU: EVENT 6801787 with args -255-255-255-255-12-0-0-0-0-0-0-0-0-0-0-0-0-0-0-0-0-0-0-0-0-0-0-0-0-0-0-0-0-0-0-0-0-0-0-0-
[WARN] [1790596324.570238978] [uav6.mavros.sys]: FCU: UNK(8): EVENT 1914663 with args -0-10-13-2-56-0-0-0-0-0-0-0-0-0-0-0-0-0-0-0-0-0-0-0-0-0-0-0-0-0-0-0-0-0-0-0-0-0-0-0-
[WARN] [1790596328.809076743] [uav6.mavros.cmd]: CMD: Unexpected command 176, result 0
[INFO] [1790596329.642427801] [uav6.mavros.sys]: FCU: EVENT 9489139 with args -4-0-0-0-0-0-0-0-0-0-0-0-0-0-0-0-0-0-0-0-0-0-0-0-0-0-0-0-0-0-0-0-0-0-0-0-0-0-0-0-
[INFO] [1790596331.519280235] [uav6.mavros.sys]: FCU: EVENT 4277609 with args -0-0-0-0-0-0-0-0-0-0-0-0-0-0-0-0-0-0-0-0-0-0-0-0-0-0-0-0-0-0-0-0-0-0-0-0-0-0-0-0-
[WARN] [1790596584.043640647] [uav6.mavros.cmd]: CMD: Unexpected command 176, result 0
[INFO] [1790596619.297048558] [uav6.mavros.sys]: FCU: EVENT 9844908 with args -0-0-0-0-0-0-0-0-0-0-0-0-0-0-0-0-0-0-0-0-0-0-0-0-0-0-0-0-0-0-0-0-0-0-0-0-0-0-0-0-
[INFO] [1790596621.472295982] [uav6.mavros.sys]: FCU: EVENT 16017271 with args -6-0-0-0-0-0-0-0-0-0-0-0-0-0-0-0-0-0-0-0-0-0-0-0-0-0-0-0-0-0-0-0-0-0-0-0-0-0-0-0-
[WARN] [1790596625.830601239] [uav6.mavros.sys]: FCU: UNK(8): EVENT 11047904 with args -0-0-0-0-0-128-0-0-0-176-122-127-128-176-122-127-128-0-0-0-0-0-0-0-0-0-0-0-0-0-0-0-0-0-0-0-0-0-0-0-
[INFO] [1790596625.830714708] [uav6.mavros.sys]: FCU: EVENT 377561 with args -8-0-0-0-20-0-0-0-0-0-0-0-0-0-0-0-0-0-0-0-0-0-0-0-0-0-0-0-0-0-0-0-0-0-0-0-0-0-0-0-
[WARN] [1790596625.830783267] [uav6.mavros.sys]: FCU: EVENT 453929 with args -255-255-255-255-7-0-0-0-0-0-0-0-0-0-0-0-0-0-0-0-0-0-0-0-0-0-0-0-0-0-0-0-0-0-0-0-0-0-0-0-
[INFO] [1790596625.830820804] [uav6.mavros.sys]: FCU: EVENT 6801787 with args -255-255-255-255-12-0-0-0-0-0-0-0-0-0-0-0-0-0-0-0-0-0-0-0-0-0-0-0-0-0-0-0-0-0-0-0-0-0-0-0-
[WARN] [1790596625.830857815] [uav6.mavros.sys]: FCU: UNK(8): EVENT 1914663 with args -0-10-9-2-56-0-0-0-0-0-0-0-0-0-0-0-0-0-0-0-0-0-0-0-0-0-0-0-0-0-0-0-0-0-0-0-0-0-0-0-
[INFO] [1790596626.851383363] [rclcpp]: signal_handler(SIGINT/SIGTERM)
[WARN] [1790596626.853930150] [uav6.mavros]: UAS Executor terminated
