[INFO] [1790606509.412534168] [uav9.mavros_node]: Starting mavros_node container
[INFO] [1790606509.509531521] [uav9.mavros_node]: FCU URL: udp://:14548@127.0.0.1:14588
[INFO] [1790606509.509541543] [uav9.mavros_node]: GCS URL: 
[INFO] [1790606509.509546292] [uav9.mavros_node]: UAS Prefix: /uas9
[INFO] [1790606509.509550604] [uav9.mavros_node]: Starting mavros router node
[INFO] [1790606509.588684029] [uav9.mavros_router]: Built-in SIMD instructions: SSE, SSE2
[INFO] [1790606509.588722713] [uav9.mavros_router]: Built-in MAVLink package version: 2026.8.8
[INFO] [1790606509.588730563] [uav9.mavros_router]: Known MAVLink dialects: common ardupilotmega ASLUAV AVSSUAS all csAirLink cubepilot development icarous loweheiser marsh paparazzi standard stemstudios storm32 uAvionix ualberta
[INFO] [1790606509.588736096] [uav9.mavros_router]: MAVROS Router started
[INFO] [1790606509.588874973] [uav9.mavros_node]: Starting mavros uas node
[INFO] [1790606509.812849148] [uav9.mavros_router]: Requested to add endpoint: type: 0, url: udp://:14548@127.0.0.1:14588
[INFO] [1790606509.812915175] [uav9.mavros_router]: Endpoint link[1000] created
[INFO] [1790606509.813154682] [uav9.mavros_router]: link[1000] opened successfully
[INFO] [1790606509.813174786] [uav9.mavros_router]: Requested to add endpoint: type: 2, url: /uas9
[INFO] [1790606509.813194879] [uav9.mavros_router]: Endpoint link[1001] created
[INFO] [1790606509.818335031] [uav9.mavros_router]: link[1000] detected remote address 9.1
[INFO] [1790606509.833081129] [uav9.mavros]: Plugin actuator_control ignored
[INFO] [1790606509.833134923] [uav9.mavros]: Plugin altitude ignored
[INFO] [1790606509.833258620] [uav9.mavros]: UAS Executor started, threads: 4
[INFO] [1790606509.925877059] [uav9.mavros_router]: link[1001] opened successfully
[INFO] [1790606510.133806080] [uav9.mavros]: Plugin command created
[INFO] [1790606510.212223499] [uav9.mavros]: Plugin command initialized
[INFO] [1790606510.212239292] [uav9.mavros]: Plugin ftp ignored
[INFO] [1790606510.212244742] [uav9.mavros]: Plugin geofence ignored
[INFO] [1790606510.580382296] [uav9.mavros]: Plugin global_position created
[INFO] [1790606510.580439978] [uav9.mavros]: Plugin global_position initialized
[INFO] [1790606510.580448241] [uav9.mavros]: Plugin home_position ignored
[INFO] [1790606510.580452968] [uav9.mavros]: Plugin imu ignored
[INFO] [1790606510.887827341] [uav9.mavros]: Plugin local_position created
[INFO] [1790606510.887961973] [uav9.mavros]: Plugin local_position initialized
[INFO] [1790606510.887970052] [uav9.mavros]: Plugin manual_control ignored
[INFO] [1790606510.887974873] [uav9.mavros]: Plugin nav_controller_output ignored
[INFO] [1790606510.887979492] [uav9.mavros]: Plugin param ignored
[INFO] [1790606510.887984514] [uav9.mavros]: Plugin rallypoint ignored
[INFO] [1790606510.887988859] [uav9.mavros]: Plugin rc_io ignored
[INFO] [1790606510.887993407] [uav9.mavros]: Plugin setpoint_accel ignored
[INFO] [1790606510.888001896] [uav9.mavros]: Plugin setpoint_attitude ignored
[INFO] [1790606510.888006637] [uav9.mavros]: Plugin setpoint_position ignored
[INFO] [1790606510.888011270] [uav9.mavros]: Plugin setpoint_raw ignored
[INFO] [1790606510.888015747] [uav9.mavros]: Plugin setpoint_trajectory ignored
[INFO] [1790606510.965899407] [uav9.mavros]: Plugin setpoint_velocity created
[INFO] [1790606510.967989123] [uav9.mavros]: Plugin setpoint_velocity initialized
[INFO] [1790606511.299219517] [uav9.mavros]: Plugin sys_status created
[INFO] [1790606511.347268641] [uav9.mavros]: Plugin sys_status initialized
[INFO] [1790606511.533947267] [uav9.mavros.time]: TM: Timesync mode: MAVLINK
[INFO] [1790606511.590285141] [uav9.mavros]: Plugin sys_time created
[INFO] [1790606511.590358519] [uav9.mavros]: Plugin sys_time initialized
[INFO] [1790606511.590369985] [uav9.mavros]: Plugin waypoint ignored
[INFO] [1790606511.590376116] [uav9.mavros]: Plugin wind_estimation ignored
[INFO] [1790606511.609938459] [uav9.mavros]: Built-in SIMD instructions: SSE, SSE2
[INFO] [1790606511.609982910] [uav9.mavros]: Built-in MAVLink package version: 2026.8.8
[INFO] [1790606511.610029107] [uav9.mavros]: Known MAVLink dialects: common ardupilotmega ASLUAV AVSSUAS all csAirLink cubepilot development icarous loweheiser marsh paparazzi standard stemstudios storm32 uAvionix ualberta
[INFO] [1790606511.610044995] [uav9.mavros]: MAVROS UAS via /uas9 started. MY ID 9.191, TARGET ID 9.1
[INFO] [1790606511.671950293] [uav9.mavros_router]: link[1001] detected remote address 9.191
[INFO] [1790606511.882356101] [uav9.mavros]: CON: Got HEARTBEAT, connected. FCU: PX4 Autopilot
[WARN] [1790606511.889120268] [uav9.mavros.sys]: FCU: UNK(8): EVENT 11047904 with args -0-0-0-16-0-128-0-0-0-176-58-127-128-176-58-127-128-0-0-0-0-0-0-0-0-0-0-0-0-0-0-0-0-0-0-0-0-0-0-0-
[ERROR] [1790606511.889724783] [uav9.mavros.sys]: FCU: EVENT 11464574 with args -0-64-0-0-20-0-0-0-0-0-0-0-0-0-0-0-0-0-0-0-0-0-0-0-0-0-0-0-0-0-0-0-0-0-0-0-0-0-0-0-
[INFO] [1790606511.889803644] [uav9.mavros.sys]: FCU: EVENT 377561 with args -8-0-0-0-20-0-0-0-0-0-0-0-0-0-0-0-0-0-0-0-0-0-0-0-0-0-0-0-0-0-0-0-0-0-0-0-0-0-0-0-
[WARN] [1790606511.889845999] [uav9.mavros.sys]: FCU: EVENT 453929 with args -255-255-255-255-7-0-0-0-0-0-0-0-0-0-0-0-0-0-0-0-0-0-0-0-0-0-0-0-0-0-0-0-0-0-0-0-0-0-0-0-
[INFO] [1790606511.889880759] [uav9.mavros.sys]: FCU: EVENT 6801787 with args -255-255-255-255-12-0-0-0-0-0-0-0-0-0-0-0-0-0-0-0-0-0-0-0-0-0-0-0-0-0-0-0-0-0-0-0-0-0-0-0-
[WARN] [1790606511.889915583] [uav9.mavros.sys]: FCU: UNK(8): EVENT 1914663 with args -0-10-13-2-56-0-0-0-0-0-0-0-0-0-0-0-0-0-0-0-0-0-0-0-0-0-0-0-0-0-0-0-0-0-0-0-0-0-0-0-
[INFO] [1790606512.910128360] [uav9.mavros.sys]: VER: 9.1: Capabilities         0x000000000000e8ff
[INFO] [1790606512.954533170] [uav9.mavros.sys]: VER: 9.1: Flight software:     011200c0 (fca3df865a000000)
[INFO] [1790606512.963254866] [uav9.mavros.sys]: VER: 9.1: Middleware software: 011200c0 (fca3df865a000000)
[INFO] [1790606512.963268742] [uav9.mavros.sys]: VER: 9.1: OS software:         070000ff (17040b9f87cb1791)
[INFO] [1790606512.963273521] [uav9.mavros.sys]: VER: 9.1: Board hardware:      00000001
[INFO] [1790606512.963278613] [uav9.mavros.sys]: VER: 9.1: VID/PID:             0000:0000
[INFO] [1790606512.963284190] [uav9.mavros.sys]: VER: 9.1: UID:                 4954414c44494e57
[WARN] [1790606512.963327679] [uav9.mavros.cmd]: CMD: Unexpected command 512, result 0
[WARN] [1790606520.995480073] [uav9.mavros.sys]: FCU: UNK(8): EVENT 11047904 with args -0-0-0-0-0-128-0-0-0-176-122-127-128-176-122-127-128-0-0-0-0-0-0-0-0-0-0-0-0-0-0-0-0-0-0-0-0-0-0-0-
[INFO] [1790606520.995802044] [uav9.mavros.sys]: FCU: EVENT 377561 with args -8-0-0-0-20-0-0-0-0-0-0-0-0-0-0-0-0-0-0-0-0-0-0-0-0-0-0-0-0-0-0-0-0-0-0-0-0-0-0-0-
[WARN] [1790606520.996071050] [uav9.mavros.sys]: FCU: EVENT 453929 with args -255-255-255-255-7-0-0-0-0-0-0-0-0-0-0-0-0-0-0-0-0-0-0-0-0-0-0-0-0-0-0-0-0-0-0-0-0-0-0-0-
[INFO] [1790606520.996109570] [uav9.mavros.sys]: FCU: EVENT 6801787 with args -255-255-255-255-12-0-0-0-0-0-0-0-0-0-0-0-0-0-0-0-0-0-0-0-0-0-0-0-0-0-0-0-0-0-0-0-0-0-0-0-
[WARN] [1790606520.996143733] [uav9.mavros.sys]: FCU: UNK(8): EVENT 1914663 with args -0-10-13-2-56-0-0-0-0-0-0-0-0-0-0-0-0-0-0-0-0-0-0-0-0-0-0-0-0-0-0-0-0-0-0-0-0-0-0-0-
[WARN] [1790606523.623363199] [uav9.mavros.cmd]: CMD: Unexpected command 176, result 0
[INFO] [1790606524.221858098] [uav9.mavros.sys]: FCU: EVENT 9489139 with args -4-0-0-0-0-0-0-0-0-0-0-0-0-0-0-0-0-0-0-0-0-0-0-0-0-0-0-0-0-0-0-0-0-0-0-0-0-0-0-0-
[INFO] [1790606526.039445512] [uav9.mavros.sys]: FCU: EVENT 4277609 with args -0-0-0-0-0-0-0-0-0-0-0-0-0-0-0-0-0-0-0-0-0-0-0-0-0-0-0-0-0-0-0-0-0-0-0-0-0-0-0-0-
[WARN] [1790606774.973547242] [uav9.mavros.cmd]: CMD: Unexpected command 176, result 0
[INFO] [1790606808.087124713] [uav9.mavros.sys]: FCU: EVENT 9844908 with args -0-0-0-0-0-0-0-0-0-0-0-0-0-0-0-0-0-0-0-0-0-0-0-0-0-0-0-0-0-0-0-0-0-0-0-0-0-0-0-0-
[INFO] [1790606810.211463847] [uav9.mavros.sys]: FCU: EVENT 16017271 with args -6-0-0-0-0-0-0-0-0-0-0-0-0-0-0-0-0-0-0-0-0-0-0-0-0-0-0-0-0-0-0-0-0-0-0-0-0-0-0-0-
[WARN] [1790606813.866768147] [uav9.mavros.sys]: FCU: UNK(8): EVENT 11047904 with args -0-0-0-0-0-128-0-0-0-176-122-127-128-176-122-127-128-0-0-0-0-0-0-0-0-0-0-0-0-0-0-0-0-0-0-0-0-0-0-0-
[INFO] [1790606813.866850147] [uav9.mavros.sys]: FCU: EVENT 377561 with args -8-0-0-0-20-0-0-0-0-0-0-0-0-0-0-0-0-0-0-0-0-0-0-0-0-0-0-0-0-0-0-0-0-0-0-0-0-0-0-0-
[WARN] [1790606813.866937344] [uav9.mavros.sys]: FCU: EVENT 453929 with args -255-255-255-255-7-0-0-0-0-0-0-0-0-0-0-0-0-0-0-0-0-0-0-0-0-0-0-0-0-0-0-0-0-0-0-0-0-0-0-0-
[INFO] [1790606813.866959145] [uav9.mavros.sys]: FCU: EVENT 6801787 with args -255-255-255-255-12-0-0-0-0-0-0-0-0-0-0-0-0-0-0-0-0-0-0-0-0-0-0-0-0-0-0-0-0-0-0-0-0-0-0-0-
[WARN] [1790606813.867020451] [uav9.mavros.sys]: FCU: UNK(8): EVENT 1914663 with args -0-10-9-2-56-0-0-0-0-0-0-0-0-0-0-0-0-0-0-0-0-0-0-0-0-0-0-0-0-0-0-0-0-0-0-0-0-0-0-0-
[INFO] [1790606817.113664512] [rclcpp]: signal_handler(SIGINT/SIGTERM)
[WARN] [1790606817.118859901] [uav9.mavros]: UAS Executor terminated
