[INFO] [1790606508.962274987] [uav7.mavros_node]: Starting mavros_node container
[INFO] [1790606508.964443338] [uav7.mavros_node]: FCU URL: udp://:14546@127.0.0.1:14586
[INFO] [1790606508.965016855] [uav7.mavros_node]: GCS URL: 
[INFO] [1790606508.965024851] [uav7.mavros_node]: UAS Prefix: /uas7
[INFO] [1790606508.965029848] [uav7.mavros_node]: Starting mavros router node
[INFO] [1790606509.423638308] [uav7.mavros_router]: Built-in SIMD instructions: SSE, SSE2
[INFO] [1790606509.503468616] [uav7.mavros_router]: Built-in MAVLink package version: 2026.8.8
[INFO] [1790606509.503480589] [uav7.mavros_router]: Known MAVLink dialects: common ardupilotmega ASLUAV AVSSUAS all csAirLink cubepilot development icarous loweheiser marsh paparazzi standard stemstudios storm32 uAvionix ualberta
[INFO] [1790606509.503487416] [uav7.mavros_router]: MAVROS Router started
[INFO] [1790606509.503591221] [uav7.mavros_node]: Starting mavros uas node
[INFO] [1790606509.698684660] [uav7.mavros_router]: Requested to add endpoint: type: 0, url: udp://:14546@127.0.0.1:14586
[INFO] [1790606509.698747109] [uav7.mavros_router]: Endpoint link[1000] created
[INFO] [1790606509.700899072] [uav7.mavros_router]: link[1000] opened successfully
[INFO] [1790606509.700940170] [uav7.mavros_router]: Requested to add endpoint: type: 2, url: /uas7
[INFO] [1790606509.700959069] [uav7.mavros_router]: Endpoint link[1001] created
[INFO] [1790606509.705099125] [uav7.mavros_router]: link[1000] detected remote address 7.1
[INFO] [1790606509.716131340] [uav7.mavros]: Plugin actuator_control ignored
[INFO] [1790606509.716186068] [uav7.mavros]: Plugin altitude ignored
[INFO] [1790606509.716297394] [uav7.mavros]: UAS Executor started, threads: 4
[INFO] [1790606509.778777332] [uav7.mavros_router]: link[1001] opened successfully
[INFO] [1790606509.889194329] [uav7.mavros]: Plugin command created
[INFO] [1790606509.889261725] [uav7.mavros]: Plugin command initialized
[INFO] [1790606509.889270089] [uav7.mavros]: Plugin ftp ignored
[INFO] [1790606509.889274831] [uav7.mavros]: Plugin geofence ignored
[INFO] [1790606510.143326876] [uav7.mavros]: Plugin global_position created
[INFO] [1790606510.217356885] [uav7.mavros]: Plugin global_position initialized
[INFO] [1790606510.217376567] [uav7.mavros]: Plugin home_position ignored
[INFO] [1790606510.217385348] [uav7.mavros]: Plugin imu ignored
[INFO] [1790606510.542784509] [uav7.mavros]: Plugin local_position created
[INFO] [1790606510.542850023] [uav7.mavros]: Plugin local_position initialized
[INFO] [1790606510.542860296] [uav7.mavros]: Plugin manual_control ignored
[INFO] [1790606510.542865863] [uav7.mavros]: Plugin nav_controller_output ignored
[INFO] [1790606510.542871263] [uav7.mavros]: Plugin param ignored
[INFO] [1790606510.542876533] [uav7.mavros]: Plugin rallypoint ignored
[INFO] [1790606510.542881356] [uav7.mavros]: Plugin rc_io ignored
[INFO] [1790606510.542886832] [uav7.mavros]: Plugin setpoint_accel ignored
[INFO] [1790606510.542891742] [uav7.mavros]: Plugin setpoint_attitude ignored
[INFO] [1790606510.542896464] [uav7.mavros]: Plugin setpoint_position ignored
[INFO] [1790606510.542901690] [uav7.mavros]: Plugin setpoint_raw ignored
[INFO] [1790606510.542906571] [uav7.mavros]: Plugin setpoint_trajectory ignored
[INFO] [1790606510.744146346] [uav7.mavros]: Plugin setpoint_velocity created
[INFO] [1790606510.747493220] [uav7.mavros]: Plugin setpoint_velocity initialized
[INFO] [1790606510.960278424] [uav7.mavros]: Plugin sys_status created
[INFO] [1790606510.960350506] [uav7.mavros]: Plugin sys_status initialized
[INFO] [1790606511.134729718] [uav7.mavros.time]: TM: Timesync mode: MAVLINK
[INFO] [1790606511.161329892] [uav7.mavros]: Plugin sys_time created
[INFO] [1790606511.192981056] [uav7.mavros]: Plugin sys_time initialized
[INFO] [1790606511.192996819] [uav7.mavros]: Plugin waypoint ignored
[INFO] [1790606511.193002755] [uav7.mavros]: Plugin wind_estimation ignored
[INFO] [1790606511.265425168] [uav7.mavros]: Built-in SIMD instructions: SSE, SSE2
[INFO] [1790606511.265472937] [uav7.mavros]: Built-in MAVLink package version: 2026.8.8
[INFO] [1790606511.265507011] [uav7.mavros]: Known MAVLink dialects: common ardupilotmega ASLUAV AVSSUAS all csAirLink cubepilot development icarous loweheiser marsh paparazzi standard stemstudios storm32 uAvionix ualberta
[INFO] [1790606511.265514573] [uav7.mavros]: MAVROS UAS via /uas7 started. MY ID 7.191, TARGET ID 7.1
[INFO] [1790606511.351719880] [uav7.mavros_router]: link[1001] detected remote address 7.191
[INFO] [1790606511.668818102] [uav7.mavros]: CON: Got HEARTBEAT, connected. FCU: PX4 Autopilot
[WARN] [1790606511.677760025] [uav7.mavros.sys]: FCU: UNK(8): EVENT 11047904 with args -0-0-0-16-0-128-0-0-0-176-58-127-128-176-58-127-128-0-0-0-0-0-0-0-0-0-0-0-0-0-0-0-0-0-0-0-0-0-0-0-
[ERROR] [1790606511.677863768] [uav7.mavros.sys]: FCU: EVENT 11464574 with args -0-64-0-0-20-0-0-0-0-0-0-0-0-0-0-0-0-0-0-0-0-0-0-0-0-0-0-0-0-0-0-0-0-0-0-0-0-0-0-0-
[INFO] [1790606511.677920479] [uav7.mavros.sys]: FCU: EVENT 377561 with args -8-0-0-0-20-0-0-0-0-0-0-0-0-0-0-0-0-0-0-0-0-0-0-0-0-0-0-0-0-0-0-0-0-0-0-0-0-0-0-0-
[WARN] [1790606511.677955414] [uav7.mavros.sys]: FCU: EVENT 453929 with args -255-255-255-255-7-0-0-0-0-0-0-0-0-0-0-0-0-0-0-0-0-0-0-0-0-0-0-0-0-0-0-0-0-0-0-0-0-0-0-0-
[INFO] [1790606511.677990285] [uav7.mavros.sys]: FCU: EVENT 6801787 with args -255-255-255-255-12-0-0-0-0-0-0-0-0-0-0-0-0-0-0-0-0-0-0-0-0-0-0-0-0-0-0-0-0-0-0-0-0-0-0-0-
[WARN] [1790606511.678024929] [uav7.mavros.sys]: FCU: UNK(8): EVENT 1914663 with args -0-10-13-2-56-0-0-0-0-0-0-0-0-0-0-0-0-0-0-0-0-0-0-0-0-0-0-0-0-0-0-0-0-0-0-0-0-0-0-0-
[INFO] [1790606512.691062430] [uav7.mavros.sys]: VER: 7.1: Capabilities         0x000000000000e8ff
[INFO] [1790606512.691111998] [uav7.mavros.sys]: VER: 7.1: Flight software:     011200c0 (fca3df865a000000)
[INFO] [1790606512.691118559] [uav7.mavros.sys]: VER: 7.1: Middleware software: 011200c0 (fca3df865a000000)
[INFO] [1790606512.691123183] [uav7.mavros.sys]: VER: 7.1: OS software:         070000ff (17040b9f87cb1791)
[INFO] [1790606512.691127321] [uav7.mavros.sys]: VER: 7.1: Board hardware:      00000001
[INFO] [1790606512.691131266] [uav7.mavros.sys]: VER: 7.1: VID/PID:             0000:0000
[INFO] [1790606512.691136151] [uav7.mavros.sys]: VER: 7.1: UID:                 4954414c44494e55
[WARN] [1790606512.699327792] [uav7.mavros.cmd]: CMD: Unexpected command 512, result 0
[WARN] [1790606522.817968188] [uav7.mavros.sys]: FCU: UNK(8): EVENT 11047904 with args -0-0-0-0-0-128-0-0-0-176-122-127-128-176-122-127-128-0-0-0-0-0-0-0-0-0-0-0-0-0-0-0-0-0-0-0-0-0-0-0-
[INFO] [1790606522.852008180] [uav7.mavros.sys]: FCU: EVENT 377561 with args -8-0-0-0-20-0-0-0-0-0-0-0-0-0-0-0-0-0-0-0-0-0-0-0-0-0-0-0-0-0-0-0-0-0-0-0-0-0-0-0-
[WARN] [1790606522.852051342] [uav7.mavros.sys]: FCU: EVENT 453929 with args -255-255-255-255-7-0-0-0-0-0-0-0-0-0-0-0-0-0-0-0-0-0-0-0-0-0-0-0-0-0-0-0-0-0-0-0-0-0-0-0-
[INFO] [1790606522.852087704] [uav7.mavros.sys]: FCU: EVENT 6801787 with args -255-255-255-255-12-0-0-0-0-0-0-0-0-0-0-0-0-0-0-0-0-0-0-0-0-0-0-0-0-0-0-0-0-0-0-0-0-0-0-0-
[WARN] [1790606522.852122960] [uav7.mavros.sys]: FCU: UNK(8): EVENT 1914663 with args -0-10-13-2-56-0-0-0-0-0-0-0-0-0-0-0-0-0-0-0-0-0-0-0-0-0-0-0-0-0-0-0-0-0-0-0-0-0-0-0-
[WARN] [1790606523.627178485] [uav7.mavros.cmd]: CMD: Unexpected command 176, result 0
[INFO] [1790606524.011563019] [uav7.mavros.sys]: FCU: EVENT 9489139 with args -4-0-0-0-0-0-0-0-0-0-0-0-0-0-0-0-0-0-0-0-0-0-0-0-0-0-0-0-0-0-0-0-0-0-0-0-0-0-0-0-
[INFO] [1790606526.070313948] [uav7.mavros.sys]: FCU: EVENT 4277609 with args -0-0-0-0-0-0-0-0-0-0-0-0-0-0-0-0-0-0-0-0-0-0-0-0-0-0-0-0-0-0-0-0-0-0-0-0-0-0-0-0-
[WARN] [1790606774.965591304] [uav7.mavros.cmd]: CMD: Unexpected command 176, result 0
[INFO] [1790606808.484705809] [uav7.mavros.sys]: FCU: EVENT 9844908 with args -0-0-0-0-0-0-0-0-0-0-0-0-0-0-0-0-0-0-0-0-0-0-0-0-0-0-0-0-0-0-0-0-0-0-0-0-0-0-0-0-
[INFO] [1790606810.612023456] [uav7.mavros.sys]: FCU: EVENT 16017271 with args -6-0-0-0-0-0-0-0-0-0-0-0-0-0-0-0-0-0-0-0-0-0-0-0-0-0-0-0-0-0-0-0-0-0-0-0-0-0-0-0-
[WARN] [1790606814.504471883] [uav7.mavros.sys]: FCU: UNK(8): EVENT 11047904 with args -0-0-0-0-0-128-0-0-0-176-122-127-128-176-122-127-128-0-0-0-0-0-0-0-0-0-0-0-0-0-0-0-0-0-0-0-0-0-0-0-
[INFO] [1790606814.504601279] [uav7.mavros.sys]: FCU: EVENT 377561 with args -8-0-0-0-20-0-0-0-0-0-0-0-0-0-0-0-0-0-0-0-0-0-0-0-0-0-0-0-0-0-0-0-0-0-0-0-0-0-0-0-
[WARN] [1790606814.504663197] [uav7.mavros.sys]: FCU: EVENT 453929 with args -255-255-255-255-7-0-0-0-0-0-0-0-0-0-0-0-0-0-0-0-0-0-0-0-0-0-0-0-0-0-0-0-0-0-0-0-0-0-0-0-
[INFO] [1790606814.504700822] [uav7.mavros.sys]: FCU: EVENT 6801787 with args -255-255-255-255-12-0-0-0-0-0-0-0-0-0-0-0-0-0-0-0-0-0-0-0-0-0-0-0-0-0-0-0-0-0-0-0-0-0-0-0-
[WARN] [1790606814.504734710] [uav7.mavros.sys]: FCU: UNK(8): EVENT 1914663 with args -0-10-9-2-56-0-0-0-0-0-0-0-0-0-0-0-0-0-0-0-0-0-0-0-0-0-0-0-0-0-0-0-0-0-0-0-0-0-0-0-
[INFO] [1790606817.113888664] [rclcpp]: signal_handler(SIGINT/SIGTERM)
[WARN] [1790606817.117647400] [uav7.mavros]: UAS Executor terminated
