[INFO] [1790606508.921282849] [uav5.mavros_node]: Starting mavros_node container
[INFO] [1790606508.922238897] [uav5.mavros_node]: FCU URL: udp://:14544@127.0.0.1:14584
[INFO] [1790606508.922251510] [uav5.mavros_node]: GCS URL: 
[INFO] [1790606508.922257005] [uav5.mavros_node]: UAS Prefix: /uas5
[INFO] [1790606508.922262216] [uav5.mavros_node]: Starting mavros router node
[INFO] [1790606509.386878648] [uav5.mavros_router]: Built-in SIMD instructions: SSE, SSE2
[INFO] [1790606509.388392278] [uav5.mavros_router]: Built-in MAVLink package version: 2026.8.8
[INFO] [1790606509.388407408] [uav5.mavros_router]: Known MAVLink dialects: common ardupilotmega ASLUAV AVSSUAS all csAirLink cubepilot development icarous loweheiser marsh paparazzi standard stemstudios storm32 uAvionix ualberta
[INFO] [1790606509.388414044] [uav5.mavros_router]: MAVROS Router started
[INFO] [1790606509.388557489] [uav5.mavros_node]: Starting mavros uas node
[INFO] [1790606509.485271950] [uav5.mavros_router]: Requested to add endpoint: type: 0, url: udp://:14544@127.0.0.1:14584
[INFO] [1790606509.505418754] [uav5.mavros_router]: Endpoint link[1000] created
[INFO] [1790606509.495695416] [uav5.mavros]: Plugin actuator_control ignored
[INFO] [1790606509.506094974] [uav5.mavros]: Plugin altitude ignored
[INFO] [1790606509.496031005] [uav5.mavros]: UAS Executor started, threads: 4
[INFO] [1790606509.509327555] [uav5.mavros_router]: link[1000] opened successfully
[INFO] [1790606509.509383810] [uav5.mavros_router]: Requested to add endpoint: type: 2, url: /uas5
[INFO] [1790606509.509407434] [uav5.mavros_router]: Endpoint link[1001] created
[INFO] [1790606509.520691201] [uav5.mavros_router]: link[1000] detected remote address 5.1
[INFO] [1790606509.556047968] [uav5.mavros_router]: link[1001] opened successfully
[INFO] [1790606509.658763926] [uav5.mavros]: Plugin command created
[INFO] [1790606509.665116532] [uav5.mavros]: Plugin command initialized
[INFO] [1790606509.665134744] [uav5.mavros]: Plugin ftp ignored
[INFO] [1790606509.665140262] [uav5.mavros]: Plugin geofence ignored
[INFO] [1790606509.818262080] [uav5.mavros]: Plugin global_position created
[INFO] [1790606509.818664990] [uav5.mavros]: Plugin global_position initialized
[INFO] [1790606509.818692947] [uav5.mavros]: Plugin home_position ignored
[INFO] [1790606509.818699141] [uav5.mavros]: Plugin imu ignored
[INFO] [1790606509.975242188] [uav5.mavros]: Plugin local_position created
[INFO] [1790606509.995541190] [uav5.mavros]: Plugin local_position initialized
[INFO] [1790606509.995552842] [uav5.mavros]: Plugin manual_control ignored
[INFO] [1790606509.995559054] [uav5.mavros]: Plugin nav_controller_output ignored
[INFO] [1790606509.995565218] [uav5.mavros]: Plugin param ignored
[INFO] [1790606509.995578898] [uav5.mavros]: Plugin rallypoint ignored
[INFO] [1790606509.995584542] [uav5.mavros]: Plugin rc_io ignored
[INFO] [1790606509.995590203] [uav5.mavros]: Plugin setpoint_accel ignored
[INFO] [1790606509.995596184] [uav5.mavros]: Plugin setpoint_attitude ignored
[INFO] [1790606509.995601708] [uav5.mavros]: Plugin setpoint_position ignored
[INFO] [1790606509.995607470] [uav5.mavros]: Plugin setpoint_raw ignored
[INFO] [1790606509.995612915] [uav5.mavros]: Plugin setpoint_trajectory ignored
[INFO] [1790606510.142524320] [uav5.mavros]: Plugin setpoint_velocity created
[INFO] [1790606510.218423881] [uav5.mavros]: Plugin setpoint_velocity initialized
[INFO] [1790606510.597855412] [uav5.mavros]: Plugin sys_status created
[INFO] [1790606510.612589041] [uav5.mavros]: Plugin sys_status initialized
[INFO] [1790606510.734334242] [uav5.mavros.time]: TM: Timesync mode: MAVLINK
[INFO] [1790606510.796312357] [uav5.mavros]: Plugin sys_time created
[INFO] [1790606510.796924364] [uav5.mavros]: Plugin sys_time initialized
[INFO] [1790606510.797022657] [uav5.mavros]: Plugin waypoint ignored
[INFO] [1790606510.797667528] [uav5.mavros]: Plugin wind_estimation ignored
[INFO] [1790606510.819954658] [uav5.mavros]: Built-in SIMD instructions: SSE, SSE2
[INFO] [1790606510.819988765] [uav5.mavros]: Built-in MAVLink package version: 2026.8.8
[INFO] [1790606510.820015122] [uav5.mavros]: Known MAVLink dialects: common ardupilotmega ASLUAV AVSSUAS all csAirLink cubepilot development icarous loweheiser marsh paparazzi standard stemstudios storm32 uAvionix ualberta
[INFO] [1790606510.820021933] [uav5.mavros]: MAVROS UAS via /uas5 started. MY ID 5.191, TARGET ID 5.1
[INFO] [1790606510.845890484] [uav5.mavros_router]: link[1001] detected remote address 5.191
[INFO] [1790606511.398715873] [uav5.mavros]: CON: Got HEARTBEAT, connected. FCU: PX4 Autopilot
[INFO] [1790606512.457042690] [uav5.mavros.sys]: VER: 5.1: Capabilities         0x000000000000e8ff
[INFO] [1790606512.457093789] [uav5.mavros.sys]: VER: 5.1: Flight software:     011200c0 (fca3df865a000000)
[INFO] [1790606512.457101154] [uav5.mavros.sys]: VER: 5.1: Middleware software: 011200c0 (fca3df865a000000)
[INFO] [1790606512.457106472] [uav5.mavros.sys]: VER: 5.1: OS software:         070000ff (17040b9f87cb1791)
[INFO] [1790606512.457111441] [uav5.mavros.sys]: VER: 5.1: Board hardware:      00000001
[INFO] [1790606512.457116273] [uav5.mavros.sys]: VER: 5.1: VID/PID:             0000:0000
[INFO] [1790606512.457121292] [uav5.mavros.sys]: VER: 5.1: UID:                 4954414c44494e53
[WARN] [1790606512.457164220] [uav5.mavros.cmd]: CMD: Unexpected command 512, result 0
[WARN] [1790606522.495871704] [uav5.mavros.sys]: FCU: UNK(8): EVENT 11047904 with args -0-0-0-0-0-128-0-0-0-176-122-127-128-176-122-127-128-0-0-0-0-0-0-0-0-0-0-0-0-0-0-0-0-0-0-0-0-0-0-0-
[INFO] [1790606522.495955733] [uav5.mavros.sys]: FCU: EVENT 377561 with args -8-0-0-0-20-0-0-0-0-0-0-0-0-0-0-0-0-0-0-0-0-0-0-0-0-0-0-0-0-0-0-0-0-0-0-0-0-0-0-0-
[WARN] [1790606522.495991788] [uav5.mavros.sys]: FCU: EVENT 453929 with args -255-255-255-255-7-0-0-0-0-0-0-0-0-0-0-0-0-0-0-0-0-0-0-0-0-0-0-0-0-0-0-0-0-0-0-0-0-0-0-0-
[INFO] [1790606522.496025115] [uav5.mavros.sys]: FCU: EVENT 6801787 with args -255-255-255-255-12-0-0-0-0-0-0-0-0-0-0-0-0-0-0-0-0-0-0-0-0-0-0-0-0-0-0-0-0-0-0-0-0-0-0-0-
[WARN] [1790606522.496057401] [uav5.mavros.sys]: FCU: UNK(8): EVENT 1914663 with args -0-10-13-2-56-0-0-0-0-0-0-0-0-0-0-0-0-0-0-0-0-0-0-0-0-0-0-0-0-0-0-0-0-0-0-0-0-0-0-0-
[WARN] [1790606523.602066701] [uav5.mavros.cmd]: CMD: Unexpected command 176, result 0
[INFO] [1790606523.784874747] [uav5.mavros.sys]: FCU: EVENT 9489139 with args -4-0-0-0-0-0-0-0-0-0-0-0-0-0-0-0-0-0-0-0-0-0-0-0-0-0-0-0-0-0-0-0-0-0-0-0-0-0-0-0-
[INFO] [1790606525.721278838] [uav5.mavros.sys]: FCU: EVENT 4277609 with args -0-0-0-0-0-0-0-0-0-0-0-0-0-0-0-0-0-0-0-0-0-0-0-0-0-0-0-0-0-0-0-0-0-0-0-0-0-0-0-0-
[WARN] [1790606774.986679616] [uav5.mavros.cmd]: CMD: Unexpected command 176, result 0
[INFO] [1790606807.315260427] [uav5.mavros.sys]: FCU: EVENT 9844908 with args -0-0-0-0-0-0-0-0-0-0-0-0-0-0-0-0-0-0-0-0-0-0-0-0-0-0-0-0-0-0-0-0-0-0-0-0-0-0-0-0-
[INFO] [1790606809.421348249] [uav5.mavros.sys]: FCU: EVENT 16017271 with args -6-0-0-0-0-0-0-0-0-0-0-0-0-0-0-0-0-0-0-0-0-0-0-0-0-0-0-0-0-0-0-0-0-0-0-0-0-0-0-0-
[WARN] [1790606813.402019448] [uav5.mavros.sys]: FCU: UNK(8): EVENT 11047904 with args -0-0-0-0-0-128-0-0-0-176-122-127-128-176-122-127-128-0-0-0-0-0-0-0-0-0-0-0-0-0-0-0-0-0-0-0-0-0-0-0-
[INFO] [1790606813.402193784] [uav5.mavros.sys]: FCU: EVENT 377561 with args -8-0-0-0-20-0-0-0-0-0-0-0-0-0-0-0-0-0-0-0-0-0-0-0-0-0-0-0-0-0-0-0-0-0-0-0-0-0-0-0-
[WARN] [1790606813.402286006] [uav5.mavros.sys]: FCU: EVENT 453929 with args -255-255-255-255-7-0-0-0-0-0-0-0-0-0-0-0-0-0-0-0-0-0-0-0-0-0-0-0-0-0-0-0-0-0-0-0-0-0-0-0-
[INFO] [1790606813.402336383] [uav5.mavros.sys]: FCU: EVENT 6801787 with args -255-255-255-255-12-0-0-0-0-0-0-0-0-0-0-0-0-0-0-0-0-0-0-0-0-0-0-0-0-0-0-0-0-0-0-0-0-0-0-0-
[WARN] [1790606813.402372852] [uav5.mavros.sys]: FCU: UNK(8): EVENT 1914663 with args -0-10-9-2-56-0-0-0-0-0-0-0-0-0-0-0-0-0-0-0-0-0-0-0-0-0-0-0-0-0-0-0-0-0-0-0-0-0-0-0-
[INFO] [1790606817.112862530] [rclcpp]: signal_handler(SIGINT/SIGTERM)
[WARN] [1790606817.115976534] [uav5.mavros]: UAS Executor terminated
