[INFO] [1790606508.953944498] [uav3.mavros_node]: Starting mavros_node container
[INFO] [1790606508.954477351] [uav3.mavros_node]: FCU URL: udp://:14542@127.0.0.1:14582
[INFO] [1790606508.954493008] [uav3.mavros_node]: GCS URL: 
[INFO] [1790606508.954497537] [uav3.mavros_node]: UAS Prefix: /uas3
[INFO] [1790606508.954501621] [uav3.mavros_node]: Starting mavros router node
[INFO] [1790606509.387555825] [uav3.mavros_router]: Built-in SIMD instructions: SSE, SSE2
[INFO] [1790606509.389239748] [uav3.mavros_router]: Built-in MAVLink package version: 2026.8.8
[INFO] [1790606509.389254906] [uav3.mavros_router]: Known MAVLink dialects: common ardupilotmega ASLUAV AVSSUAS all csAirLink cubepilot development icarous loweheiser marsh paparazzi standard stemstudios storm32 uAvionix ualberta
[INFO] [1790606509.389261849] [uav3.mavros_router]: MAVROS Router started
[INFO] [1790606509.389407168] [uav3.mavros_node]: Starting mavros uas node
[INFO] [1790606509.474609798] [uav3.mavros_router]: Requested to add endpoint: type: 0, url: udp://:14542@127.0.0.1:14582
[INFO] [1790606509.505532367] [uav3.mavros_router]: Endpoint link[1000] created
[INFO] [1790606509.505781125] [uav3.mavros_router]: link[1000] opened successfully
[INFO] [1790606509.505807010] [uav3.mavros_router]: Requested to add endpoint: type: 2, url: /uas3
[INFO] [1790606509.505822557] [uav3.mavros_router]: Endpoint link[1001] created
[INFO] [1790606509.484813965] [uav3.mavros]: Plugin actuator_control ignored
[INFO] [1790606509.506512609] [uav3.mavros]: Plugin altitude ignored
[INFO] [1790606509.484831876] [uav3.mavros]: UAS Executor started, threads: 4
[INFO] [1790606509.512574448] [uav3.mavros_router]: link[1000] detected remote address 3.1
[INFO] [1790606509.622272037] [uav3.mavros_router]: link[1001] opened successfully
[INFO] [1790606509.784584432] [uav3.mavros]: Plugin command created
[INFO] [1790606509.784658899] [uav3.mavros]: Plugin command initialized
[INFO] [1790606509.784671382] [uav3.mavros]: Plugin ftp ignored
[INFO] [1790606509.784677082] [uav3.mavros]: Plugin geofence ignored
[INFO] [1790606509.985233174] [uav3.mavros]: Plugin global_position created
[INFO] [1790606509.995146320] [uav3.mavros]: Plugin global_position initialized
[INFO] [1790606509.995165645] [uav3.mavros]: Plugin home_position ignored
[INFO] [1790606509.995172006] [uav3.mavros]: Plugin imu ignored
[INFO] [1790606510.214119399] [uav3.mavros]: Plugin local_position created
[INFO] [1790606510.214161455] [uav3.mavros]: Plugin local_position initialized
[INFO] [1790606510.214169972] [uav3.mavros]: Plugin manual_control ignored
[INFO] [1790606510.214176126] [uav3.mavros]: Plugin nav_controller_output ignored
[INFO] [1790606510.214182307] [uav3.mavros]: Plugin param ignored
[INFO] [1790606510.214193107] [uav3.mavros]: Plugin rallypoint ignored
[INFO] [1790606510.214205593] [uav3.mavros]: Plugin rc_io ignored
[INFO] [1790606510.214211705] [uav3.mavros]: Plugin setpoint_accel ignored
[INFO] [1790606510.214217446] [uav3.mavros]: Plugin setpoint_attitude ignored
[INFO] [1790606510.214223255] [uav3.mavros]: Plugin setpoint_position ignored
[INFO] [1790606510.214229099] [uav3.mavros]: Plugin setpoint_raw ignored
[INFO] [1790606510.214234744] [uav3.mavros]: Plugin setpoint_trajectory ignored
[INFO] [1790606510.468161295] [uav3.mavros]: Plugin setpoint_velocity created
[INFO] [1790606510.468920236] [uav3.mavros]: Plugin setpoint_velocity initialized
[INFO] [1790606510.891103624] [uav3.mavros]: Plugin sys_status created
[INFO] [1790606510.891173389] [uav3.mavros]: Plugin sys_status initialized
[INFO] [1790606510.955565976] [uav3.mavros.time]: TM: Timesync mode: MAVLINK
[INFO] [1790606510.972696875] [uav3.mavros]: Plugin sys_time created
[INFO] [1790606510.972757592] [uav3.mavros]: Plugin sys_time initialized
[INFO] [1790606510.972767889] [uav3.mavros]: Plugin waypoint ignored
[INFO] [1790606510.972773295] [uav3.mavros]: Plugin wind_estimation ignored
[INFO] [1790606510.987252134] [uav3.mavros]: Built-in SIMD instructions: SSE, SSE2
[INFO] [1790606510.987287043] [uav3.mavros]: Built-in MAVLink package version: 2026.8.8
[INFO] [1790606510.987316290] [uav3.mavros]: Known MAVLink dialects: common ardupilotmega ASLUAV AVSSUAS all csAirLink cubepilot development icarous loweheiser marsh paparazzi standard stemstudios storm32 uAvionix ualberta
[INFO] [1790606510.987323856] [uav3.mavros]: MAVROS UAS via /uas3 started. MY ID 3.191, TARGET ID 3.1
[INFO] [1790606511.024317505] [uav3.mavros_router]: link[1001] detected remote address 3.191
[INFO] [1790606511.457016664] [uav3.mavros]: CON: Got HEARTBEAT, connected. FCU: PX4 Autopilot
[INFO] [1790606512.494988263] [uav3.mavros.sys]: VER: 3.1: Capabilities         0x000000000000e8ff
[INFO] [1790606512.536323913] [uav3.mavros.sys]: VER: 3.1: Flight software:     011200c0 (fca3df865a000000)
[INFO] [1790606512.536341146] [uav3.mavros.sys]: VER: 3.1: Middleware software: 011200c0 (fca3df865a000000)
[INFO] [1790606512.536346748] [uav3.mavros.sys]: VER: 3.1: OS software:         070000ff (17040b9f87cb1791)
[INFO] [1790606512.536351902] [uav3.mavros.sys]: VER: 3.1: Board hardware:      00000001
[INFO] [1790606512.536357032] [uav3.mavros.sys]: VER: 3.1: VID/PID:             0000:0000
[INFO] [1790606512.536362471] [uav3.mavros.sys]: VER: 3.1: UID:                 4954414c44494e51
[WARN] [1790606512.536546068] [uav3.mavros.cmd]: CMD: Unexpected command 512, result 0
[WARN] [1790606522.578078514] [uav3.mavros.sys]: FCU: UNK(8): EVENT 11047904 with args -0-0-0-0-0-128-0-0-0-176-122-127-128-176-122-127-128-0-0-0-0-0-0-0-0-0-0-0-0-0-0-0-0-0-0-0-0-0-0-0-
[INFO] [1790606522.578205481] [uav3.mavros.sys]: FCU: EVENT 377561 with args -8-0-0-0-20-0-0-0-0-0-0-0-0-0-0-0-0-0-0-0-0-0-0-0-0-0-0-0-0-0-0-0-0-0-0-0-0-0-0-0-
[WARN] [1790606522.578247817] [uav3.mavros.sys]: FCU: EVENT 453929 with args -255-255-255-255-7-0-0-0-0-0-0-0-0-0-0-0-0-0-0-0-0-0-0-0-0-0-0-0-0-0-0-0-0-0-0-0-0-0-0-0-
[INFO] [1790606522.578285513] [uav3.mavros.sys]: FCU: EVENT 6801787 with args -255-255-255-255-12-0-0-0-0-0-0-0-0-0-0-0-0-0-0-0-0-0-0-0-0-0-0-0-0-0-0-0-0-0-0-0-0-0-0-0-
[WARN] [1790606522.578319646] [uav3.mavros.sys]: FCU: UNK(8): EVENT 1914663 with args -0-10-13-2-56-0-0-0-0-0-0-0-0-0-0-0-0-0-0-0-0-0-0-0-0-0-0-0-0-0-0-0-0-0-0-0-0-0-0-0-
[WARN] [1790606523.610923723] [uav3.mavros.cmd]: CMD: Unexpected command 176, result 0
[INFO] [1790606523.861941827] [uav3.mavros.sys]: FCU: EVENT 9489139 with args -4-0-0-0-0-0-0-0-0-0-0-0-0-0-0-0-0-0-0-0-0-0-0-0-0-0-0-0-0-0-0-0-0-0-0-0-0-0-0-0-
[INFO] [1790606525.663464098] [uav3.mavros.sys]: FCU: EVENT 4277609 with args -0-0-0-0-0-0-0-0-0-0-0-0-0-0-0-0-0-0-0-0-0-0-0-0-0-0-0-0-0-0-0-0-0-0-0-0-0-0-0-0-
[WARN] [1790606774.952040175] [uav3.mavros.cmd]: CMD: Unexpected command 176, result 0
[INFO] [1790606805.541980974] [uav3.mavros.sys]: FCU: EVENT 9844908 with args -0-0-0-0-0-0-0-0-0-0-0-0-0-0-0-0-0-0-0-0-0-0-0-0-0-0-0-0-0-0-0-0-0-0-0-0-0-0-0-0-
[INFO] [1790606807.658780801] [uav3.mavros.sys]: FCU: EVENT 16017271 with args -6-0-0-0-0-0-0-0-0-0-0-0-0-0-0-0-0-0-0-0-0-0-0-0-0-0-0-0-0-0-0-0-0-0-0-0-0-0-0-0-
[WARN] [1790606811.537645128] [uav3.mavros.sys]: FCU: UNK(8): EVENT 11047904 with args -0-0-0-0-0-128-0-0-0-176-122-127-128-176-122-127-128-0-0-0-0-0-0-0-0-0-0-0-0-0-0-0-0-0-0-0-0-0-0-0-
[INFO] [1790606811.537712997] [uav3.mavros.sys]: FCU: EVENT 377561 with args -8-0-0-0-20-0-0-0-0-0-0-0-0-0-0-0-0-0-0-0-0-0-0-0-0-0-0-0-0-0-0-0-0-0-0-0-0-0-0-0-
[WARN] [1790606811.537778463] [uav3.mavros.sys]: FCU: EVENT 453929 with args -255-255-255-255-7-0-0-0-0-0-0-0-0-0-0-0-0-0-0-0-0-0-0-0-0-0-0-0-0-0-0-0-0-0-0-0-0-0-0-0-
[INFO] [1790606811.537818184] [uav3.mavros.sys]: FCU: EVENT 6801787 with args -255-255-255-255-12-0-0-0-0-0-0-0-0-0-0-0-0-0-0-0-0-0-0-0-0-0-0-0-0-0-0-0-0-0-0-0-0-0-0-0-
[WARN] [1790606811.537864508] [uav3.mavros.sys]: FCU: UNK(8): EVENT 1914663 with args -0-10-9-2-56-0-0-0-0-0-0-0-0-0-0-0-0-0-0-0-0-0-0-0-0-0-0-0-0-0-0-0-0-0-0-0-0-0-0-0-
[INFO] [1790606817.112920125] [rclcpp]: signal_handler(SIGINT/SIGTERM)
[WARN] [1790606817.113881973] [uav3.mavros]: UAS Executor terminated
