[INFO] [1790606508.915894207] [uav2.mavros_node]: Starting mavros_node container
[INFO] [1790606508.921784342] [uav2.mavros_node]: FCU URL: udp://:14541@127.0.0.1:14581
[INFO] [1790606508.921797968] [uav2.mavros_node]: GCS URL: 
[INFO] [1790606508.921802785] [uav2.mavros_node]: UAS Prefix: /uas2
[INFO] [1790606508.921807634] [uav2.mavros_node]: Starting mavros router node
[INFO] [1790606508.961996718] [uav2.mavros_router]: Built-in SIMD instructions: SSE, SSE2
[INFO] [1790606508.962943051] [uav2.mavros_router]: Built-in MAVLink package version: 2026.8.8
[INFO] [1790606508.962972522] [uav2.mavros_router]: Known MAVLink dialects: common ardupilotmega ASLUAV AVSSUAS all csAirLink cubepilot development icarous loweheiser marsh paparazzi standard stemstudios storm32 uAvionix ualberta
[INFO] [1790606508.962979374] [uav2.mavros_router]: MAVROS Router started
[INFO] [1790606508.963132072] [uav2.mavros_node]: Starting mavros uas node
[INFO] [1790606509.453617075] [uav2.mavros_router]: Requested to add endpoint: type: 0, url: udp://:14541@127.0.0.1:14581
[INFO] [1790606509.453685811] [uav2.mavros_router]: Endpoint link[1000] created
[INFO] [1790606509.457366927] [uav2.mavros_router]: link[1000] opened successfully
[INFO] [1790606509.457428064] [uav2.mavros_router]: Requested to add endpoint: type: 2, url: /uas2
[INFO] [1790606509.457450540] [uav2.mavros_router]: Endpoint link[1001] created
[INFO] [1790606509.464082387] [uav2.mavros_router]: link[1000] detected remote address 2.1
[INFO] [1790606509.465956810] [uav2.mavros]: Plugin actuator_control ignored
[INFO] [1790606509.467122593] [uav2.mavros]: Plugin altitude ignored
[INFO] [1790606509.466054603] [uav2.mavros]: UAS Executor started, threads: 4
[INFO] [1790606509.472195711] [uav2.mavros_router]: link[1001] opened successfully
[INFO] [1790606509.532290489] [uav2.mavros]: Plugin command created
[INFO] [1790606509.536879121] [uav2.mavros]: Plugin command initialized
[INFO] [1790606509.536905515] [uav2.mavros]: Plugin ftp ignored
[INFO] [1790606509.536911403] [uav2.mavros]: Plugin geofence ignored
[INFO] [1790606509.663598204] [uav2.mavros]: Plugin global_position created
[INFO] [1790606509.663662566] [uav2.mavros]: Plugin global_position initialized
[INFO] [1790606509.663673727] [uav2.mavros]: Plugin home_position ignored
[INFO] [1790606509.664163686] [uav2.mavros]: Plugin imu ignored
[INFO] [1790606509.776555604] [uav2.mavros]: Plugin local_position created
[INFO] [1790606509.777948488] [uav2.mavros]: Plugin local_position initialized
[INFO] [1790606509.777994161] [uav2.mavros]: Plugin manual_control ignored
[INFO] [1790606509.778000070] [uav2.mavros]: Plugin nav_controller_output ignored
[INFO] [1790606509.778005096] [uav2.mavros]: Plugin param ignored
[INFO] [1790606509.778010115] [uav2.mavros]: Plugin rallypoint ignored
[INFO] [1790606509.778014773] [uav2.mavros]: Plugin rc_io ignored
[INFO] [1790606509.778019679] [uav2.mavros]: Plugin setpoint_accel ignored
[INFO] [1790606509.778024481] [uav2.mavros]: Plugin setpoint_attitude ignored
[INFO] [1790606509.778029724] [uav2.mavros]: Plugin setpoint_position ignored
[INFO] [1790606509.778034877] [uav2.mavros]: Plugin setpoint_raw ignored
[INFO] [1790606509.778039571] [uav2.mavros]: Plugin setpoint_trajectory ignored
[INFO] [1790606509.874781516] [uav2.mavros]: Plugin setpoint_velocity created
[INFO] [1790606509.881357162] [uav2.mavros]: Plugin setpoint_velocity initialized
[INFO] [1790606510.134944419] [uav2.mavros]: Plugin sys_status created
[INFO] [1790606510.135013848] [uav2.mavros]: Plugin sys_status initialized
[INFO] [1790606510.259685560] [uav2.mavros.time]: TM: Timesync mode: MAVLINK
[INFO] [1790606510.278368675] [uav2.mavros]: Plugin sys_time created
[INFO] [1790606510.278435224] [uav2.mavros]: Plugin sys_time initialized
[INFO] [1790606510.278445494] [uav2.mavros]: Plugin waypoint ignored
[INFO] [1790606510.278450988] [uav2.mavros]: Plugin wind_estimation ignored
[INFO] [1790606510.282729735] [uav2.mavros]: Built-in SIMD instructions: SSE, SSE2
[INFO] [1790606510.296020934] [uav2.mavros]: Built-in MAVLink package version: 2026.8.8
[INFO] [1790606510.296058408] [uav2.mavros]: Known MAVLink dialects: common ardupilotmega ASLUAV AVSSUAS all csAirLink cubepilot development icarous loweheiser marsh paparazzi standard stemstudios storm32 uAvionix ualberta
[INFO] [1790606510.296066126] [uav2.mavros]: MAVROS UAS via /uas2 started. MY ID 2.191, TARGET ID 2.1
[INFO] [1790606510.296313221] [uav2.mavros]: CON: Got HEARTBEAT, connected. FCU: PX4 Autopilot
[INFO] [1790606510.296463711] [uav2.mavros_router]: link[1001] detected remote address 2.191
[INFO] [1790606511.354467011] [uav2.mavros.sys]: VER: 2.1: Capabilities         0x000000000000e8ff
[INFO] [1790606511.354513781] [uav2.mavros.sys]: VER: 2.1: Flight software:     011200c0 (fca3df865a000000)
[INFO] [1790606511.354521162] [uav2.mavros.sys]: VER: 2.1: Middleware software: 011200c0 (fca3df865a000000)
[INFO] [1790606511.354525599] [uav2.mavros.sys]: VER: 2.1: OS software:         070000ff (17040b9f87cb1791)
[INFO] [1790606511.354529888] [uav2.mavros.sys]: VER: 2.1: Board hardware:      00000001
[INFO] [1790606511.354534403] [uav2.mavros.sys]: VER: 2.1: VID/PID:             0000:0000
[INFO] [1790606511.354538731] [uav2.mavros.sys]: VER: 2.1: UID:                 4954414c44494e50
[WARN] [1790606511.354586341] [uav2.mavros.cmd]: CMD: Unexpected command 512, result 0
[WARN] [1790606520.972371691] [uav2.mavros.sys]: FCU: UNK(8): EVENT 11047904 with args -0-0-0-0-0-128-0-0-0-176-122-127-128-176-122-127-128-0-0-0-0-0-0-0-0-0-0-0-0-0-0-0-0-0-0-0-0-0-0-0-
[INFO] [1790606520.972582151] [uav2.mavros.sys]: FCU: EVENT 377561 with args -8-0-0-0-20-0-0-0-0-0-0-0-0-0-0-0-0-0-0-0-0-0-0-0-0-0-0-0-0-0-0-0-0-0-0-0-0-0-0-0-
[WARN] [1790606520.972608603] [uav2.mavros.sys]: FCU: EVENT 453929 with args -255-255-255-255-7-0-0-0-0-0-0-0-0-0-0-0-0-0-0-0-0-0-0-0-0-0-0-0-0-0-0-0-0-0-0-0-0-0-0-0-
[INFO] [1790606520.972643875] [uav2.mavros.sys]: FCU: EVENT 6801787 with args -255-255-255-255-12-0-0-0-0-0-0-0-0-0-0-0-0-0-0-0-0-0-0-0-0-0-0-0-0-0-0-0-0-0-0-0-0-0-0-0-
[WARN] [1790606520.972681990] [uav2.mavros.sys]: FCU: UNK(8): EVENT 1914663 with args -0-10-13-2-56-0-0-0-0-0-0-0-0-0-0-0-0-0-0-0-0-0-0-0-0-0-0-0-0-0-0-0-0-0-0-0-0-0-0-0-
[WARN] [1790606523.591590256] [uav2.mavros.cmd]: CMD: Unexpected command 176, result 0
[INFO] [1790606523.670572010] [uav2.mavros.sys]: FCU: EVENT 9489139 with args -4-0-0-0-0-0-0-0-0-0-0-0-0-0-0-0-0-0-0-0-0-0-0-0-0-0-0-0-0-0-0-0-0-0-0-0-0-0-0-0-
[INFO] [1790606525.583948325] [uav2.mavros.sys]: FCU: EVENT 4277609 with args -0-0-0-0-0-0-0-0-0-0-0-0-0-0-0-0-0-0-0-0-0-0-0-0-0-0-0-0-0-0-0-0-0-0-0-0-0-0-0-0-
[WARN] [1790606774.975229159] [uav2.mavros.cmd]: CMD: Unexpected command 176, result 0
[INFO] [1790606806.684831165] [uav2.mavros.sys]: FCU: EVENT 9844908 with args -0-0-0-0-0-0-0-0-0-0-0-0-0-0-0-0-0-0-0-0-0-0-0-0-0-0-0-0-0-0-0-0-0-0-0-0-0-0-0-0-
[INFO] [1790606808.779617336] [uav2.mavros.sys]: FCU: EVENT 16017271 with args -6-0-0-0-0-0-0-0-0-0-0-0-0-0-0-0-0-0-0-0-0-0-0-0-0-0-0-0-0-0-0-0-0-0-0-0-0-0-0-0-
[WARN] [1790606812.407886291] [uav2.mavros.sys]: FCU: UNK(8): EVENT 11047904 with args -0-0-0-0-0-128-0-0-0-176-122-127-128-176-122-127-128-0-0-0-0-0-0-0-0-0-0-0-0-0-0-0-0-0-0-0-0-0-0-0-
[INFO] [1790606812.407965728] [uav2.mavros.sys]: FCU: EVENT 377561 with args -8-0-0-0-20-0-0-0-0-0-0-0-0-0-0-0-0-0-0-0-0-0-0-0-0-0-0-0-0-0-0-0-0-0-0-0-0-0-0-0-
[WARN] [1790606812.408028129] [uav2.mavros.sys]: FCU: EVENT 453929 with args -255-255-255-255-7-0-0-0-0-0-0-0-0-0-0-0-0-0-0-0-0-0-0-0-0-0-0-0-0-0-0-0-0-0-0-0-0-0-0-0-
[INFO] [1790606812.408068354] [uav2.mavros.sys]: FCU: EVENT 6801787 with args -255-255-255-255-12-0-0-0-0-0-0-0-0-0-0-0-0-0-0-0-0-0-0-0-0-0-0-0-0-0-0-0-0-0-0-0-0-0-0-0-
[WARN] [1790606812.408105333] [uav2.mavros.sys]: FCU: UNK(8): EVENT 1914663 with args -0-10-9-2-56-0-0-0-0-0-0-0-0-0-0-0-0-0-0-0-0-0-0-0-0-0-0-0-0-0-0-0-0-0-0-0-0-0-0-0-
[INFO] [1790606817.112289110] [rclcpp]: signal_handler(SIGINT/SIGTERM)
[WARN] [1790606817.134324510] [uav2.mavros]: UAS Executor terminated
