[INFO] [1790606508.914866641] [uav1.mavros_node]: Starting mavros_node container
[INFO] [1790606508.924212508] [uav1.mavros_node]: FCU URL: udp://:14540@127.0.0.1:14580
[INFO] [1790606508.924230493] [uav1.mavros_node]: GCS URL: 
[INFO] [1790606508.924235507] [uav1.mavros_node]: UAS Prefix: /uas1
[INFO] [1790606508.924240308] [uav1.mavros_node]: Starting mavros router node
[INFO] [1790606508.981367261] [uav1.mavros_router]: Built-in SIMD instructions: SSE, SSE2
[INFO] [1790606508.981409858] [uav1.mavros_router]: Built-in MAVLink package version: 2026.8.8
[INFO] [1790606508.981418252] [uav1.mavros_router]: Known MAVLink dialects: common ardupilotmega ASLUAV AVSSUAS all csAirLink cubepilot development icarous loweheiser marsh paparazzi standard stemstudios storm32 uAvionix ualberta
[INFO] [1790606508.981424451] [uav1.mavros_router]: MAVROS Router started
[INFO] [1790606508.981544627] [uav1.mavros_node]: Starting mavros uas node
[INFO] [1790606509.018747146] [uav1.mavros_router]: Requested to add endpoint: type: 0, url: udp://:14540@127.0.0.1:14580
[INFO] [1790606509.018783105] [uav1.mavros_router]: Endpoint link[1000] created
[INFO] [1790606509.019507529] [uav1.mavros_router]: link[1000] opened successfully
[INFO] [1790606509.019533726] [uav1.mavros_router]: Requested to add endpoint: type: 2, url: /uas1
[INFO] [1790606509.019546348] [uav1.mavros_router]: Endpoint link[1001] created
[INFO] [1790606509.020903228] [uav1.mavros_router]: link[1000] detected remote address 1.1
[INFO] [1790606509.024146421] [uav1.mavros_router]: link[1001] opened successfully
[INFO] [1790606509.028592084] [uav1.mavros]: UAS Executor started, threads: 4
[INFO] [1790606509.028608008] [uav1.mavros]: Plugin actuator_control ignored
[INFO] [1790606509.046966185] [uav1.mavros]: Plugin altitude ignored
[INFO] [1790606509.066267074] [uav1.mavros]: Plugin command created
[INFO] [1790606509.066321606] [uav1.mavros]: Plugin command initialized
[INFO] [1790606509.066330011] [uav1.mavros]: Plugin ftp ignored
[INFO] [1790606509.066336237] [uav1.mavros]: Plugin geofence ignored
[INFO] [1790606509.080896523] [uav1.mavros]: Plugin global_position created
[INFO] [1790606509.080954888] [uav1.mavros]: Plugin global_position initialized
[INFO] [1790606509.080965374] [uav1.mavros]: Plugin home_position ignored
[INFO] [1790606509.080971365] [uav1.mavros]: Plugin imu ignored
[INFO] [1790606509.099601660] [uav1.mavros]: Plugin local_position created
[INFO] [1790606509.099656226] [uav1.mavros]: Plugin local_position initialized
[INFO] [1790606509.099677980] [uav1.mavros]: Plugin manual_control ignored
[INFO] [1790606509.099683876] [uav1.mavros]: Plugin nav_controller_output ignored
[INFO] [1790606509.099690031] [uav1.mavros]: Plugin param ignored
[INFO] [1790606509.099724764] [uav1.mavros]: Plugin rallypoint ignored
[INFO] [1790606509.099730957] [uav1.mavros]: Plugin rc_io ignored
[INFO] [1790606509.099736515] [uav1.mavros]: Plugin setpoint_accel ignored
[INFO] [1790606509.099742012] [uav1.mavros]: Plugin setpoint_attitude ignored
[INFO] [1790606509.099747613] [uav1.mavros]: Plugin setpoint_position ignored
[INFO] [1790606509.099753571] [uav1.mavros]: Plugin setpoint_raw ignored
[INFO] [1790606509.099759278] [uav1.mavros]: Plugin setpoint_trajectory ignored
[INFO] [1790606509.112609072] [uav1.mavros]: Plugin setpoint_velocity created
[INFO] [1790606509.115624993] [uav1.mavros]: Plugin setpoint_velocity initialized
[INFO] [1790606509.139199836] [uav1.mavros]: Plugin sys_status created
[INFO] [1790606509.139337285] [uav1.mavros]: Plugin sys_status initialized
[INFO] [1790606509.154667110] [uav1.mavros.time]: TM: Timesync mode: MAVLINK
[INFO] [1790606509.158843365] [uav1.mavros]: Plugin sys_time created
[INFO] [1790606509.166486351] [uav1.mavros]: Plugin sys_time initialized
[INFO] [1790606509.166503492] [uav1.mavros]: Plugin waypoint ignored
[INFO] [1790606509.166508357] [uav1.mavros]: Plugin wind_estimation ignored
[INFO] [1790606509.170360724] [uav1.mavros]: Built-in SIMD instructions: SSE, SSE2
[INFO] [1790606509.170398278] [uav1.mavros]: Built-in MAVLink package version: 2026.8.8
[INFO] [1790606509.170434764] [uav1.mavros]: Known MAVLink dialects: common ardupilotmega ASLUAV AVSSUAS all csAirLink cubepilot development icarous loweheiser marsh paparazzi standard stemstudios storm32 uAvionix ualberta
[INFO] [1790606509.170441555] [uav1.mavros]: MAVROS UAS via /uas1 started. MY ID 1.191, TARGET ID 1.1
[INFO] [1790606509.234007341] [uav1.mavros]: CON: Got HEARTBEAT, connected. FCU: PX4 Autopilot
[INFO] [1790606509.389307038] [uav1.mavros_router]: link[1001] detected remote address 1.191
[INFO] [1790606510.418583740] [uav1.mavros.sys]: VER: 1.1: Capabilities         0x000000000000e8ff
[INFO] [1790606510.418629280] [uav1.mavros.sys]: VER: 1.1: Flight software:     011200c0 (fca3df865a000000)
[INFO] [1790606510.418637151] [uav1.mavros.sys]: VER: 1.1: Middleware software: 011200c0 (fca3df865a000000)
[INFO] [1790606510.418642070] [uav1.mavros.sys]: VER: 1.1: OS software:         070000ff (17040b9f87cb1791)
[INFO] [1790606510.418646705] [uav1.mavros.sys]: VER: 1.1: Board hardware:      00000001
[INFO] [1790606510.418651653] [uav1.mavros.sys]: VER: 1.1: VID/PID:             0000:0000
[INFO] [1790606510.418656401] [uav1.mavros.sys]: VER: 1.1: UID:                 4954414c44494e4f
[WARN] [1790606510.421610951] [uav1.mavros.cmd]: CMD: Unexpected command 512, result 0
[WARN] [1790606519.905168603] [uav1.mavros.sys]: FCU: UNK(8): EVENT 11047904 with args -0-0-0-0-0-128-0-0-0-176-122-127-128-176-122-127-128-0-0-0-0-0-0-0-0-0-0-0-0-0-0-0-0-0-0-0-0-0-0-0-
[INFO] [1790606519.905290662] [uav1.mavros.sys]: FCU: EVENT 377561 with args -8-0-0-0-20-0-0-0-0-0-0-0-0-0-0-0-0-0-0-0-0-0-0-0-0-0-0-0-0-0-0-0-0-0-0-0-0-0-0-0-
[WARN] [1790606519.905329109] [uav1.mavros.sys]: FCU: EVENT 453929 with args -255-255-255-255-7-0-0-0-0-0-0-0-0-0-0-0-0-0-0-0-0-0-0-0-0-0-0-0-0-0-0-0-0-0-0-0-0-0-0-0-
[INFO] [1790606519.905365190] [uav1.mavros.sys]: FCU: EVENT 6801787 with args -255-255-255-255-12-0-0-0-0-0-0-0-0-0-0-0-0-0-0-0-0-0-0-0-0-0-0-0-0-0-0-0-0-0-0-0-0-0-0-0-
[WARN] [1790606519.905402904] [uav1.mavros.sys]: FCU: UNK(8): EVENT 1914663 with args -0-10-13-2-56-0-0-0-0-0-0-0-0-0-0-0-0-0-0-0-0-0-0-0-0-0-0-0-0-0-0-0-0-0-0-0-0-0-0-0-
[WARN] [1790606523.404168507] [uav1.mavros.cmd]: CMD: Unexpected command 176, result 0
[INFO] [1790606523.887158208] [uav1.mavros.sys]: FCU: EVENT 9489139 with args -4-0-0-0-0-0-0-0-0-0-0-0-0-0-0-0-0-0-0-0-0-0-0-0-0-0-0-0-0-0-0-0-0-0-0-0-0-0-0-0-
[INFO] [1790606525.800327825] [uav1.mavros.sys]: FCU: EVENT 4277609 with args -0-0-0-0-0-0-0-0-0-0-0-0-0-0-0-0-0-0-0-0-0-0-0-0-0-0-0-0-0-0-0-0-0-0-0-0-0-0-0-0-
[WARN] [1790606774.641407662] [uav1.mavros.cmd]: CMD: Unexpected command 176, result 0
[INFO] [1790606806.265485839] [uav1.mavros.sys]: FCU: EVENT 9844908 with args -0-0-0-0-0-0-0-0-0-0-0-0-0-0-0-0-0-0-0-0-0-0-0-0-0-0-0-0-0-0-0-0-0-0-0-0-0-0-0-0-
[INFO] [1790606808.379829189] [uav1.mavros.sys]: FCU: EVENT 16017271 with args -6-0-0-0-0-0-0-0-0-0-0-0-0-0-0-0-0-0-0-0-0-0-0-0-0-0-0-0-0-0-0-0-0-0-0-0-0-0-0-0-
[WARN] [1790606812.376996829] [uav1.mavros.sys]: FCU: UNK(8): EVENT 11047904 with args -0-0-0-0-0-128-0-0-0-176-122-127-128-176-122-127-128-0-0-0-0-0-0-0-0-0-0-0-0-0-0-0-0-0-0-0-0-0-0-0-
[INFO] [1790606812.377091011] [uav1.mavros.sys]: FCU: EVENT 377561 with args -8-0-0-0-20-0-0-0-0-0-0-0-0-0-0-0-0-0-0-0-0-0-0-0-0-0-0-0-0-0-0-0-0-0-0-0-0-0-0-0-
[WARN] [1790606812.377617171] [uav1.mavros.sys]: FCU: EVENT 453929 with args -255-255-255-255-7-0-0-0-0-0-0-0-0-0-0-0-0-0-0-0-0-0-0-0-0-0-0-0-0-0-0-0-0-0-0-0-0-0-0-0-
[INFO] [1790606812.377655942] [uav1.mavros.sys]: FCU: EVENT 6801787 with args -255-255-255-255-12-0-0-0-0-0-0-0-0-0-0-0-0-0-0-0-0-0-0-0-0-0-0-0-0-0-0-0-0-0-0-0-0-0-0-0-
[WARN] [1790606812.377695847] [uav1.mavros.sys]: FCU: UNK(8): EVENT 1914663 with args -0-10-9-2-56-0-0-0-0-0-0-0-0-0-0-0-0-0-0-0-0-0-0-0-0-0-0-0-0-0-0-0-0-0-0-0-0-0-0-0-
[INFO] [1790606817.103771369] [rclcpp]: signal_handler(SIGINT/SIGTERM)
[WARN] [1790606817.104179541] [uav1.mavros]: UAS Executor terminated
