[INFO] [1790653741.759692656] [uav5.mavros_node]: Starting mavros_node container
[INFO] [1790653741.759809438] [uav5.mavros_node]: FCU URL: udp://:14544@127.0.0.1:14584
[INFO] [1790653741.759817432] [uav5.mavros_node]: GCS URL: 
[INFO] [1790653741.759822512] [uav5.mavros_node]: UAS Prefix: /uas5
[INFO] [1790653741.759827626] [uav5.mavros_node]: Starting mavros router node
[INFO] [1790653741.825074520] [uav5.mavros_router]: Built-in SIMD instructions: SSE, SSE2
[INFO] [1790653741.825128744] [uav5.mavros_router]: Built-in MAVLink package version: 2026.8.8
[INFO] [1790653741.825137382] [uav5.mavros_router]: Known MAVLink dialects: common ardupilotmega ASLUAV AVSSUAS all csAirLink cubepilot development icarous loweheiser marsh paparazzi standard stemstudios storm32 uAvionix ualberta
[INFO] [1790653741.825144110] [uav5.mavros_router]: MAVROS Router started
[INFO] [1790653741.825871382] [uav5.mavros_node]: Starting mavros uas node
[INFO] [1790653742.056101206] [uav5.mavros_router]: Requested to add endpoint: type: 0, url: udp://:14544@127.0.0.1:14584
[INFO] [1790653742.056176204] [uav5.mavros_router]: Endpoint link[1000] created
[INFO] [1790653742.058194970] [uav5.mavros_router]: link[1000] opened successfully
[INFO] [1790653742.058492488] [uav5.mavros_router]: Requested to add endpoint: type: 2, url: /uas5
[INFO] [1790653742.059232294] [uav5.mavros_router]: Endpoint link[1001] created
[INFO] [1790653742.066874567] [uav5.mavros_router]: link[1000] detected remote address 5.1
[INFO] [1790653742.074957578] [uav5.mavros]: Plugin actuator_control ignored
[INFO] [1790653742.075020919] [uav5.mavros]: Plugin altitude ignored
[INFO] [1790653742.075816553] [uav5.mavros]: UAS Executor started, threads: 4
[INFO] [1790653742.168692804] [uav5.mavros_router]: link[1001] opened successfully
[INFO] [1790653742.304000023] [uav5.mavros]: Plugin command created
[INFO] [1790653742.304071988] [uav5.mavros]: Plugin command initialized
[INFO] [1790653742.304083356] [uav5.mavros]: Plugin ftp ignored
[INFO] [1790653742.304097701] [uav5.mavros]: Plugin geofence ignored
[INFO] [1790653742.508963474] [uav5.mavros]: Plugin global_position created
[INFO] [1790653742.509025683] [uav5.mavros]: Plugin global_position initialized
[INFO] [1790653742.509036362] [uav5.mavros]: Plugin home_position ignored
[INFO] [1790653742.509042231] [uav5.mavros]: Plugin imu ignored
[INFO] [1790653742.716557164] [uav5.mavros]: Plugin local_position created
[INFO] [1790653742.730426490] [uav5.mavros]: Plugin local_position initialized
[INFO] [1790653742.730445222] [uav5.mavros]: Plugin manual_control ignored
[INFO] [1790653742.730451290] [uav5.mavros]: Plugin nav_controller_output ignored
[INFO] [1790653742.730457179] [uav5.mavros]: Plugin param ignored
[INFO] [1790653742.730462552] [uav5.mavros]: Plugin rallypoint ignored
[INFO] [1790653742.730468529] [uav5.mavros]: Plugin rc_io ignored
[INFO] [1790653742.730474495] [uav5.mavros]: Plugin setpoint_accel ignored
[INFO] [1790653742.730480504] [uav5.mavros]: Plugin setpoint_attitude ignored
[INFO] [1790653742.730488424] [uav5.mavros]: Plugin setpoint_position ignored
[INFO] [1790653742.730494806] [uav5.mavros]: Plugin setpoint_raw ignored
[INFO] [1790653742.730501095] [uav5.mavros]: Plugin setpoint_trajectory ignored
[INFO] [1790653742.941948494] [uav5.mavros]: Plugin setpoint_velocity created
[INFO] [1790653742.942014297] [uav5.mavros]: Plugin setpoint_velocity initialized
[INFO] [1790653743.238936705] [uav5.mavros]: Plugin sys_status created
[INFO] [1790653743.239010753] [uav5.mavros]: Plugin sys_status initialized
[INFO] [1790653743.393621437] [uav5.mavros.time]: TM: Timesync mode: MAVLINK
[INFO] [1790653743.427621633] [uav5.mavros]: Plugin sys_time created
[INFO] [1790653743.427674374] [uav5.mavros]: Plugin sys_time initialized
[INFO] [1790653743.427684868] [uav5.mavros]: Plugin waypoint ignored
[INFO] [1790653743.427690238] [uav5.mavros]: Plugin wind_estimation ignored
[INFO] [1790653743.451771421] [uav5.mavros]: Built-in SIMD instructions: SSE, SSE2
[INFO] [1790653743.451815930] [uav5.mavros]: Built-in MAVLink package version: 2026.8.8
[INFO] [1790653743.451849690] [uav5.mavros]: Known MAVLink dialects: common ardupilotmega ASLUAV AVSSUAS all csAirLink cubepilot development icarous loweheiser marsh paparazzi standard stemstudios storm32 uAvionix ualberta
[INFO] [1790653743.451857981] [uav5.mavros]: MAVROS UAS via /uas5 started. MY ID 5.191, TARGET ID 5.1
[INFO] [1790653743.468307570] [uav5.mavros_router]: link[1001] detected remote address 5.191
[INFO] [1790653744.021438782] [uav5.mavros]: CON: Got HEARTBEAT, connected. FCU: PX4 Autopilot
[INFO] [1790653745.086472844] [uav5.mavros.sys]: VER: 5.1: Capabilities         0x000000000000e8ff
[INFO] [1790653745.086530432] [uav5.mavros.sys]: VER: 5.1: Flight software:     011200c0 (fca3df865a000000)
[INFO] [1790653745.086539124] [uav5.mavros.sys]: VER: 5.1: Middleware software: 011200c0 (fca3df865a000000)
[INFO] [1790653745.086544080] [uav5.mavros.sys]: VER: 5.1: OS software:         070000ff (17040b9f87cb1791)
[INFO] [1790653745.086548597] [uav5.mavros.sys]: VER: 5.1: Board hardware:      00000001
[INFO] [1790653745.086553430] [uav5.mavros.sys]: VER: 5.1: VID/PID:             0000:0000
[INFO] [1790653745.086558275] [uav5.mavros.sys]: VER: 5.1: UID:                 4954414c44494e53
[WARN] [1790653745.087096816] [uav5.mavros.cmd]: CMD: Unexpected command 512, result 0
[WARN] [1790653755.885089915] [uav5.mavros.sys]: FCU: UNK(8): EVENT 11047904 with args -0-0-0-0-0-128-0-0-0-176-122-127-128-176-122-127-128-0-0-0-0-0-0-0-0-0-0-0-0-0-0-0-0-0-0-0-0-0-0-0-
[INFO] [1790653755.887588590] [uav5.mavros.sys]: FCU: EVENT 377561 with args -8-0-0-0-20-0-0-0-0-0-0-0-0-0-0-0-0-0-0-0-0-0-0-0-0-0-0-0-0-0-0-0-0-0-0-0-0-0-0-0-
[WARN] [1790653755.887638943] [uav5.mavros.sys]: FCU: EVENT 453929 with args -255-255-255-255-7-0-0-0-0-0-0-0-0-0-0-0-0-0-0-0-0-0-0-0-0-0-0-0-0-0-0-0-0-0-0-0-0-0-0-0-
[INFO] [1790653755.887681081] [uav5.mavros.sys]: FCU: EVENT 6801787 with args -255-255-255-255-12-0-0-0-0-0-0-0-0-0-0-0-0-0-0-0-0-0-0-0-0-0-0-0-0-0-0-0-0-0-0-0-0-0-0-0-
[WARN] [1790653755.887721291] [uav5.mavros.sys]: FCU: UNK(8): EVENT 1914663 with args -0-10-13-2-56-0-0-0-0-0-0-0-0-0-0-0-0-0-0-0-0-0-0-0-0-0-0-0-0-0-0-0-0-0-0-0-0-0-0-0-
[WARN] [1790653760.103833900] [uav5.mavros.cmd]: CMD: Unexpected command 176, result 0
[INFO] [1790653760.688033993] [uav5.mavros.sys]: FCU: EVENT 9489139 with args -4-0-0-0-0-0-0-0-0-0-0-0-0-0-0-0-0-0-0-0-0-0-0-0-0-0-0-0-0-0-0-0-0-0-0-0-0-0-0-0-
[INFO] [1790653762.729279004] [uav5.mavros.sys]: FCU: EVENT 4277609 with args -0-0-0-0-0-0-0-0-0-0-0-0-0-0-0-0-0-0-0-0-0-0-0-0-0-0-0-0-0-0-0-0-0-0-0-0-0-0-0-0-
[WARN] [1790654021.500549719] [uav5.mavros.cmd]: CMD: Unexpected command 176, result 0
[INFO] [1790654056.813029193] [uav5.mavros.sys]: FCU: EVENT 9844908 with args -0-0-0-0-0-0-0-0-0-0-0-0-0-0-0-0-0-0-0-0-0-0-0-0-0-0-0-0-0-0-0-0-0-0-0-0-0-0-0-0-
[INFO] [1790654059.030977316] [uav5.mavros.sys]: FCU: EVENT 16017271 with args -6-0-0-0-0-0-0-0-0-0-0-0-0-0-0-0-0-0-0-0-0-0-0-0-0-0-0-0-0-0-0-0-0-0-0-0-0-0-0-0-
[INFO] [1790654063.145904911] [rclcpp]: signal_handler(SIGINT/SIGTERM)
[WARN] [1790654063.150526482] [uav5.mavros]: UAS Executor terminated
