[INFO] [1790653741.711602988] [uav6.mavros_node]: Starting mavros_node container
[INFO] [1790653741.711678993] [uav6.mavros_node]: FCU URL: udp://:14545@127.0.0.1:14585
[INFO] [1790653741.711685318] [uav6.mavros_node]: GCS URL: 
[INFO] [1790653741.711689836] [uav6.mavros_node]: UAS Prefix: /uas6
[INFO] [1790653741.711694850] [uav6.mavros_node]: Starting mavros router node
[INFO] [1790653741.830176276] [uav6.mavros_router]: Built-in SIMD instructions: SSE, SSE2
[INFO] [1790653741.843232604] [uav6.mavros_router]: Built-in MAVLink package version: 2026.8.8
[INFO] [1790653741.843253852] [uav6.mavros_router]: Known MAVLink dialects: common ardupilotmega ASLUAV AVSSUAS all csAirLink cubepilot development icarous loweheiser marsh paparazzi standard stemstudios storm32 uAvionix ualberta
[INFO] [1790653741.843261223] [uav6.mavros_router]: MAVROS Router started
[INFO] [1790653741.843548832] [uav6.mavros_node]: Starting mavros uas node
[INFO] [1790653742.035529002] [uav6.mavros_router]: Requested to add endpoint: type: 0, url: udp://:14545@127.0.0.1:14585
[INFO] [1790653742.035582607] [uav6.mavros_router]: Endpoint link[1000] created
[INFO] [1790653742.035817853] [uav6.mavros_router]: link[1000] opened successfully
[INFO] [1790653742.035832198] [uav6.mavros_router]: Requested to add endpoint: type: 2, url: /uas6
[INFO] [1790653742.035843792] [uav6.mavros_router]: Endpoint link[1001] created
[INFO] [1790653742.041832089] [uav6.mavros_router]: link[1001] opened successfully
[INFO] [1790653742.044668931] [uav6.mavros_router]: link[1000] detected remote address 6.1
[INFO] [1790653742.051132501] [uav6.mavros]: UAS Executor started, threads: 4
[INFO] [1790653742.051978222] [uav6.mavros]: Plugin actuator_control ignored
[INFO] [1790653742.056927101] [uav6.mavros]: Plugin altitude ignored
[INFO] [1790653742.189218918] [uav6.mavros]: Plugin command created
[INFO] [1790653742.189283481] [uav6.mavros]: Plugin command initialized
[INFO] [1790653742.189303286] [uav6.mavros]: Plugin ftp ignored
[INFO] [1790653742.189311171] [uav6.mavros]: Plugin geofence ignored
[INFO] [1790653742.472962853] [uav6.mavros]: Plugin global_position created
[INFO] [1790653742.473027227] [uav6.mavros]: Plugin global_position initialized
[INFO] [1790653742.473037431] [uav6.mavros]: Plugin home_position ignored
[INFO] [1790653742.473042287] [uav6.mavros]: Plugin imu ignored
[INFO] [1790653742.712756999] [uav6.mavros]: Plugin local_position created
[INFO] [1790653742.712808411] [uav6.mavros]: Plugin local_position initialized
[INFO] [1790653742.712817775] [uav6.mavros]: Plugin manual_control ignored
[INFO] [1790653742.712822851] [uav6.mavros]: Plugin nav_controller_output ignored
[INFO] [1790653742.712827835] [uav6.mavros]: Plugin param ignored
[INFO] [1790653742.712832854] [uav6.mavros]: Plugin rallypoint ignored
[INFO] [1790653742.712837273] [uav6.mavros]: Plugin rc_io ignored
[INFO] [1790653742.712842254] [uav6.mavros]: Plugin setpoint_accel ignored
[INFO] [1790653742.712847110] [uav6.mavros]: Plugin setpoint_attitude ignored
[INFO] [1790653742.712852253] [uav6.mavros]: Plugin setpoint_position ignored
[INFO] [1790653742.712857389] [uav6.mavros]: Plugin setpoint_raw ignored
[INFO] [1790653742.712861924] [uav6.mavros]: Plugin setpoint_trajectory ignored
[INFO] [1790653742.878269625] [uav6.mavros]: Plugin setpoint_velocity created
[INFO] [1790653742.878340147] [uav6.mavros]: Plugin setpoint_velocity initialized
[INFO] [1790653743.120709604] [uav6.mavros]: Plugin sys_status created
[INFO] [1790653743.122332847] [uav6.mavros]: Plugin sys_status initialized
[INFO] [1790653743.219564190] [uav6.mavros.time]: TM: Timesync mode: MAVLINK
[INFO] [1790653743.314511454] [uav6.mavros]: Plugin sys_time created
[INFO] [1790653743.314577365] [uav6.mavros]: Plugin sys_time initialized
[INFO] [1790653743.314586864] [uav6.mavros]: Plugin waypoint ignored
[INFO] [1790653743.314592162] [uav6.mavros]: Plugin wind_estimation ignored
[INFO] [1790653743.325001042] [uav6.mavros]: Built-in SIMD instructions: SSE, SSE2
[INFO] [1790653743.325044050] [uav6.mavros]: Built-in MAVLink package version: 2026.8.8
[INFO] [1790653743.325078319] [uav6.mavros]: Known MAVLink dialects: common ardupilotmega ASLUAV AVSSUAS all csAirLink cubepilot development icarous loweheiser marsh paparazzi standard stemstudios storm32 uAvionix ualberta
[INFO] [1790653743.325086711] [uav6.mavros]: MAVROS UAS via /uas6 started. MY ID 6.191, TARGET ID 6.1
[INFO] [1790653743.422499804] [uav6.mavros_router]: link[1001] detected remote address 6.191
[INFO] [1790653743.953850559] [uav6.mavros]: CON: Got HEARTBEAT, connected. FCU: PX4 Autopilot
[INFO] [1790653744.977194717] [uav6.mavros.sys]: VER: 6.1: Capabilities         0x000000000000e8ff
[INFO] [1790653744.977248457] [uav6.mavros.sys]: VER: 6.1: Flight software:     011200c0 (fca3df865a000000)
[INFO] [1790653744.977256715] [uav6.mavros.sys]: VER: 6.1: Middleware software: 011200c0 (fca3df865a000000)
[INFO] [1790653744.977261904] [uav6.mavros.sys]: VER: 6.1: OS software:         070000ff (17040b9f87cb1791)
[INFO] [1790653744.977266521] [uav6.mavros.sys]: VER: 6.1: Board hardware:      00000001
[INFO] [1790653744.977271300] [uav6.mavros.sys]: VER: 6.1: VID/PID:             0000:0000
[INFO] [1790653744.977276750] [uav6.mavros.sys]: VER: 6.1: UID:                 4954414c44494e54
[WARN] [1790653744.979937345] [uav6.mavros.cmd]: CMD: Unexpected command 512, result 0
[WARN] [1790653752.154385208] [uav6.mavros.sys]: FCU: UNK(8): EVENT 11047904 with args -0-0-0-0-0-128-0-0-0-176-122-127-128-176-122-127-128-0-0-0-0-0-0-0-0-0-0-0-0-0-0-0-0-0-0-0-0-0-0-0-
[INFO] [1790653752.154517070] [uav6.mavros.sys]: FCU: EVENT 377561 with args -8-0-0-0-20-0-0-0-0-0-0-0-0-0-0-0-0-0-0-0-0-0-0-0-0-0-0-0-0-0-0-0-0-0-0-0-0-0-0-0-
[WARN] [1790653752.154542268] [uav6.mavros.sys]: FCU: EVENT 453929 with args -255-255-255-255-7-0-0-0-0-0-0-0-0-0-0-0-0-0-0-0-0-0-0-0-0-0-0-0-0-0-0-0-0-0-0-0-0-0-0-0-
[INFO] [1790653752.154578724] [uav6.mavros.sys]: FCU: EVENT 6801787 with args -255-255-255-255-12-0-0-0-0-0-0-0-0-0-0-0-0-0-0-0-0-0-0-0-0-0-0-0-0-0-0-0-0-0-0-0-0-0-0-0-
[WARN] [1790653752.154613912] [uav6.mavros.sys]: FCU: UNK(8): EVENT 1914663 with args -0-10-13-2-56-0-0-0-0-0-0-0-0-0-0-0-0-0-0-0-0-0-0-0-0-0-0-0-0-0-0-0-0-0-0-0-0-0-0-0-
[WARN] [1790653760.090783669] [uav6.mavros.cmd]: CMD: Unexpected command 176, result 0
[INFO] [1790653760.539727779] [uav6.mavros.sys]: FCU: EVENT 9489139 with args -4-0-0-0-0-0-0-0-0-0-0-0-0-0-0-0-0-0-0-0-0-0-0-0-0-0-0-0-0-0-0-0-0-0-0-0-0-0-0-0-
[INFO] [1790653762.529323698] [uav6.mavros.sys]: FCU: EVENT 4277609 with args -0-0-0-0-0-0-0-0-0-0-0-0-0-0-0-0-0-0-0-0-0-0-0-0-0-0-0-0-0-0-0-0-0-0-0-0-0-0-0-0-
[WARN] [1790654021.495009176] [uav6.mavros.cmd]: CMD: Unexpected command 176, result 0
[INFO] [1790654055.528219209] [uav6.mavros.sys]: FCU: EVENT 9844908 with args -0-0-0-0-0-0-0-0-0-0-0-0-0-0-0-0-0-0-0-0-0-0-0-0-0-0-0-0-0-0-0-0-0-0-0-0-0-0-0-0-
[INFO] [1790654057.743525749] [uav6.mavros.sys]: FCU: EVENT 16017271 with args -6-0-0-0-0-0-0-0-0-0-0-0-0-0-0-0-0-0-0-0-0-0-0-0-0-0-0-0-0-0-0-0-0-0-0-0-0-0-0-0-
[WARN] [1790654062.022640750] [uav6.mavros.sys]: FCU: UNK(8): EVENT 11047904 with args -0-0-0-0-0-128-0-0-0-176-122-127-128-176-122-127-128-0-0-0-0-0-0-0-0-0-0-0-0-0-0-0-0-0-0-0-0-0-0-0-
[INFO] [1790654062.022721110] [uav6.mavros.sys]: FCU: EVENT 377561 with args -8-0-0-0-20-0-0-0-0-0-0-0-0-0-0-0-0-0-0-0-0-0-0-0-0-0-0-0-0-0-0-0-0-0-0-0-0-0-0-0-
[WARN] [1790654062.022923008] [uav6.mavros.sys]: FCU: EVENT 453929 with args -255-255-255-255-7-0-0-0-0-0-0-0-0-0-0-0-0-0-0-0-0-0-0-0-0-0-0-0-0-0-0-0-0-0-0-0-0-0-0-0-
[INFO] [1790654062.022955383] [uav6.mavros.sys]: FCU: EVENT 6801787 with args -255-255-255-255-12-0-0-0-0-0-0-0-0-0-0-0-0-0-0-0-0-0-0-0-0-0-0-0-0-0-0-0-0-0-0-0-0-0-0-0-
[WARN] [1790654062.023037772] [uav6.mavros.sys]: FCU: UNK(8): EVENT 1914663 with args -0-10-9-2-56-0-0-0-0-0-0-0-0-0-0-0-0-0-0-0-0-0-0-0-0-0-0-0-0-0-0-0-0-0-0-0-0-0-0-0-
[INFO] [1790654063.143815260] [rclcpp]: signal_handler(SIGINT/SIGTERM)
[WARN] [1790654063.149557474] [uav6.mavros]: UAS Executor terminated
