[INFO] [1790653741.766519935] [uav4.mavros_node]: Starting mavros_node container
[INFO] [1790653741.767072396] [uav4.mavros_node]: FCU URL: udp://:14543@127.0.0.1:14583
[INFO] [1790653741.767094758] [uav4.mavros_node]: GCS URL: 
[INFO] [1790653741.767100495] [uav4.mavros_node]: UAS Prefix: /uas4
[INFO] [1790653741.767134394] [uav4.mavros_node]: Starting mavros router node
[INFO] [1790653741.817867664] [uav4.mavros_router]: Built-in SIMD instructions: SSE, SSE2
[INFO] [1790653741.817900943] [uav4.mavros_router]: Built-in MAVLink package version: 2026.8.8
[INFO] [1790653741.817909197] [uav4.mavros_router]: Known MAVLink dialects: common ardupilotmega ASLUAV AVSSUAS all csAirLink cubepilot development icarous loweheiser marsh paparazzi standard stemstudios storm32 uAvionix ualberta
[INFO] [1790653741.817915664] [uav4.mavros_router]: MAVROS Router started
[INFO] [1790653741.818029903] [uav4.mavros_node]: Starting mavros uas node
[INFO] [1790653742.001601236] [uav4.mavros_router]: Requested to add endpoint: type: 0, url: udp://:14543@127.0.0.1:14583
[INFO] [1790653742.001632905] [uav4.mavros_router]: Endpoint link[1000] created
[INFO] [1790653742.001819203] [uav4.mavros_router]: link[1000] opened successfully
[INFO] [1790653742.001834079] [uav4.mavros_router]: Requested to add endpoint: type: 2, url: /uas4
[INFO] [1790653742.001846875] [uav4.mavros_router]: Endpoint link[1001] created
[INFO] [1790653742.003653107] [uav4.mavros_router]: link[1000] detected remote address 4.1
[INFO] [1790653742.016154335] [uav4.mavros]: Plugin actuator_control ignored
[INFO] [1790653742.016204785] [uav4.mavros]: Plugin altitude ignored
[INFO] [1790653742.016644879] [uav4.mavros]: UAS Executor started, threads: 4
[INFO] [1790653742.087414395] [uav4.mavros_router]: link[1001] opened successfully
[INFO] [1790653742.270309537] [uav4.mavros]: Plugin command created
[INFO] [1790653742.270378097] [uav4.mavros]: Plugin command initialized
[INFO] [1790653742.270387244] [uav4.mavros]: Plugin ftp ignored
[INFO] [1790653742.270392281] [uav4.mavros]: Plugin geofence ignored
[INFO] [1790653742.499504874] [uav4.mavros]: Plugin global_position created
[INFO] [1790653742.499576902] [uav4.mavros]: Plugin global_position initialized
[INFO] [1790653742.499587557] [uav4.mavros]: Plugin home_position ignored
[INFO] [1790653742.499597311] [uav4.mavros]: Plugin imu ignored
[INFO] [1790653742.797177210] [uav4.mavros]: Plugin local_position created
[INFO] [1790653742.797240916] [uav4.mavros]: Plugin local_position initialized
[INFO] [1790653742.797250116] [uav4.mavros]: Plugin manual_control ignored
[INFO] [1790653742.797255647] [uav4.mavros]: Plugin nav_controller_output ignored
[INFO] [1790653742.797260778] [uav4.mavros]: Plugin param ignored
[INFO] [1790653742.797266172] [uav4.mavros]: Plugin rallypoint ignored
[INFO] [1790653742.797271517] [uav4.mavros]: Plugin rc_io ignored
[INFO] [1790653742.797276423] [uav4.mavros]: Plugin setpoint_accel ignored
[INFO] [1790653742.797281184] [uav4.mavros]: Plugin setpoint_attitude ignored
[INFO] [1790653742.797286098] [uav4.mavros]: Plugin setpoint_position ignored
[INFO] [1790653742.797296258] [uav4.mavros]: Plugin setpoint_raw ignored
[INFO] [1790653742.797303140] [uav4.mavros]: Plugin setpoint_trajectory ignored
[INFO] [1790653742.910090738] [uav4.mavros]: Plugin setpoint_velocity created
[INFO] [1790653742.910624533] [uav4.mavros]: Plugin setpoint_velocity initialized
[INFO] [1790653743.345302178] [uav4.mavros]: Plugin sys_status created
[INFO] [1790653743.345355297] [uav4.mavros]: Plugin sys_status initialized
[INFO] [1790653743.546808139] [uav4.mavros.time]: TM: Timesync mode: MAVLINK
[INFO] [1790653743.565189915] [uav4.mavros]: Plugin sys_time created
[INFO] [1790653743.565253337] [uav4.mavros]: Plugin sys_time initialized
[INFO] [1790653743.565263733] [uav4.mavros]: Plugin waypoint ignored
[INFO] [1790653743.565270219] [uav4.mavros]: Plugin wind_estimation ignored
[INFO] [1790653743.579858833] [uav4.mavros]: Built-in SIMD instructions: SSE, SSE2
[INFO] [1790653743.579902546] [uav4.mavros]: Built-in MAVLink package version: 2026.8.8
[INFO] [1790653743.579938939] [uav4.mavros]: Known MAVLink dialects: common ardupilotmega ASLUAV AVSSUAS all csAirLink cubepilot development icarous loweheiser marsh paparazzi standard stemstudios storm32 uAvionix ualberta
[INFO] [1790653743.579946271] [uav4.mavros]: MAVROS UAS via /uas4 started. MY ID 4.191, TARGET ID 4.1
[INFO] [1790653743.603618881] [uav4.mavros_router]: link[1001] detected remote address 4.191
[INFO] [1790653743.916332544] [uav4.mavros]: CON: Got HEARTBEAT, connected. FCU: PX4 Autopilot
[INFO] [1790653744.979332886] [uav4.mavros.sys]: VER: 4.1: Capabilities         0x000000000000e8ff
[INFO] [1790653744.979379500] [uav4.mavros.sys]: VER: 4.1: Flight software:     011200c0 (fca3df865a000000)
[INFO] [1790653744.979386546] [uav4.mavros.sys]: VER: 4.1: Middleware software: 011200c0 (fca3df865a000000)
[INFO] [1790653744.979391213] [uav4.mavros.sys]: VER: 4.1: OS software:         070000ff (17040b9f87cb1791)
[INFO] [1790653744.979395631] [uav4.mavros.sys]: VER: 4.1: Board hardware:      00000001
[INFO] [1790653744.979400163] [uav4.mavros.sys]: VER: 4.1: VID/PID:             0000:0000
[INFO] [1790653744.979404604] [uav4.mavros.sys]: VER: 4.1: UID:                 4954414c44494e52
[WARN] [1790653744.979452385] [uav4.mavros.cmd]: CMD: Unexpected command 512, result 0
[WARN] [1790653753.359704181] [uav4.mavros.sys]: FCU: UNK(8): EVENT 11047904 with args -0-0-0-0-0-128-0-0-0-176-122-127-128-176-122-127-128-0-0-0-0-0-0-0-0-0-0-0-0-0-0-0-0-0-0-0-0-0-0-0-
[INFO] [1790653753.362219451] [uav4.mavros.sys]: FCU: EVENT 377561 with args -8-0-0-0-20-0-0-0-0-0-0-0-0-0-0-0-0-0-0-0-0-0-0-0-0-0-0-0-0-0-0-0-0-0-0-0-0-0-0-0-
[WARN] [1790653753.365300365] [uav4.mavros.sys]: FCU: EVENT 453929 with args -255-255-255-255-7-0-0-0-0-0-0-0-0-0-0-0-0-0-0-0-0-0-0-0-0-0-0-0-0-0-0-0-0-0-0-0-0-0-0-0-
[INFO] [1790653753.365421515] [uav4.mavros.sys]: FCU: EVENT 6801787 with args -255-255-255-255-12-0-0-0-0-0-0-0-0-0-0-0-0-0-0-0-0-0-0-0-0-0-0-0-0-0-0-0-0-0-0-0-0-0-0-0-
[WARN] [1790653753.365462917] [uav4.mavros.sys]: FCU: UNK(8): EVENT 1914663 with args -0-10-13-2-56-0-0-0-0-0-0-0-0-0-0-0-0-0-0-0-0-0-0-0-0-0-0-0-0-0-0-0-0-0-0-0-0-0-0-0-
[WARN] [1790653760.103898196] [uav4.mavros.cmd]: CMD: Unexpected command 176, result 0
[INFO] [1790653760.553646078] [uav4.mavros.sys]: FCU: EVENT 9489139 with args -4-0-0-0-0-0-0-0-0-0-0-0-0-0-0-0-0-0-0-0-0-0-0-0-0-0-0-0-0-0-0-0-0-0-0-0-0-0-0-0-
[INFO] [1790653762.490792838] [uav4.mavros.sys]: FCU: EVENT 4277609 with args -0-0-0-0-0-0-0-0-0-0-0-0-0-0-0-0-0-0-0-0-0-0-0-0-0-0-0-0-0-0-0-0-0-0-0-0-0-0-0-0-
[WARN] [1790654021.510307205] [uav4.mavros.cmd]: CMD: Unexpected command 176, result 0
[INFO] [1790654054.522246480] [uav4.mavros.sys]: FCU: EVENT 9844908 with args -0-0-0-0-0-0-0-0-0-0-0-0-0-0-0-0-0-0-0-0-0-0-0-0-0-0-0-0-0-0-0-0-0-0-0-0-0-0-0-0-
[INFO] [1790654056.751409103] [uav4.mavros.sys]: FCU: EVENT 16017271 with args -6-0-0-0-0-0-0-0-0-0-0-0-0-0-0-0-0-0-0-0-0-0-0-0-0-0-0-0-0-0-0-0-0-0-0-0-0-0-0-0-
[WARN] [1790654060.938468561] [uav4.mavros.sys]: FCU: UNK(8): EVENT 11047904 with args -0-0-0-0-0-128-0-0-0-176-122-127-128-176-122-127-128-0-0-0-0-0-0-0-0-0-0-0-0-0-0-0-0-0-0-0-0-0-0-0-
[INFO] [1790654060.938602598] [uav4.mavros.sys]: FCU: EVENT 377561 with args -8-0-0-0-20-0-0-0-0-0-0-0-0-0-0-0-0-0-0-0-0-0-0-0-0-0-0-0-0-0-0-0-0-0-0-0-0-0-0-0-
[WARN] [1790654060.938680242] [uav4.mavros.sys]: FCU: EVENT 453929 with args -255-255-255-255-7-0-0-0-0-0-0-0-0-0-0-0-0-0-0-0-0-0-0-0-0-0-0-0-0-0-0-0-0-0-0-0-0-0-0-0-
[INFO] [1790654060.938733816] [uav4.mavros.sys]: FCU: EVENT 6801787 with args -255-255-255-255-12-0-0-0-0-0-0-0-0-0-0-0-0-0-0-0-0-0-0-0-0-0-0-0-0-0-0-0-0-0-0-0-0-0-0-0-
[WARN] [1790654060.938784502] [uav4.mavros.sys]: FCU: UNK(8): EVENT 1914663 with args -0-10-9-2-56-0-0-0-0-0-0-0-0-0-0-0-0-0-0-0-0-0-0-0-0-0-0-0-0-0-0-0-0-0-0-0-0-0-0-0-
[INFO] [1790654063.143166361] [rclcpp]: signal_handler(SIGINT/SIGTERM)
[WARN] [1790654063.153415270] [uav4.mavros]: UAS Executor terminated
