[INFO] [1790595654.716612597] [uav1.mavros_node]: Starting mavros_node container
[INFO] [1790595654.716717629] [uav1.mavros_node]: FCU URL: udp://:14540@127.0.0.1:14580
[INFO] [1790595654.716727751] [uav1.mavros_node]: GCS URL: 
[INFO] [1790595654.716735186] [uav1.mavros_node]: UAS Prefix: /uas1
[INFO] [1790595654.716743763] [uav1.mavros_node]: Starting mavros router node
[INFO] [1790595654.734397095] [uav1.mavros_router]: Built-in SIMD instructions: SSE, SSE2
[INFO] [1790595654.734446934] [uav1.mavros_router]: Built-in MAVLink package version: 2026.8.8
[INFO] [1790595654.734456561] [uav1.mavros_router]: Known MAVLink dialects: common ardupilotmega ASLUAV AVSSUAS all csAirLink cubepilot development icarous loweheiser marsh paparazzi standard stemstudios storm32 uAvionix ualberta
[INFO] [1790595654.734465408] [uav1.mavros_router]: MAVROS Router started
[INFO] [1790595654.734635612] [uav1.mavros_node]: Starting mavros uas node
[INFO] [1790595654.774054872] [uav1.mavros_router]: Requested to add endpoint: type: 0, url: udp://:14540@127.0.0.1:14580
[INFO] [1790595654.774131627] [uav1.mavros_router]: Endpoint link[1000] created
[INFO] [1790595654.774400872] [uav1.mavros_router]: link[1000] opened successfully
[INFO] [1790595654.774424910] [uav1.mavros_router]: Requested to add endpoint: type: 2, url: /uas1
[INFO] [1790595654.774440006] [uav1.mavros_router]: Endpoint link[1001] created
[INFO] [1790595654.776610263] [uav1.mavros_router]: link[1000] detected remote address 1.1
[INFO] [1790595654.783242471] [uav1.mavros_router]: link[1001] opened successfully
[INFO] [1790595654.784043494] [uav1.mavros]: Plugin actuator_control ignored
[INFO] [1790595654.785088984] [uav1.mavros]: Plugin altitude ignored
[INFO] [1790595654.784295692] [uav1.mavros]: UAS Executor started, threads: 4
[INFO] [1790595655.136349698] [uav1.mavros]: Plugin command created
[INFO] [1790595655.136519931] [uav1.mavros]: Plugin command initialized
[INFO] [1790595655.136541858] [uav1.mavros]: Plugin ftp ignored
[INFO] [1790595655.136548520] [uav1.mavros]: Plugin geofence ignored
[INFO] [1790595655.169009972] [uav1.mavros]: Plugin global_position created
[INFO] [1790595655.169078840] [uav1.mavros]: Plugin global_position initialized
[INFO] [1790595655.169217635] [uav1.mavros]: Plugin home_position ignored
[INFO] [1790595655.169238487] [uav1.mavros]: Plugin imu ignored
[INFO] [1790595655.191033584] [uav1.mavros]: Plugin local_position created
[INFO] [1790595655.197720680] [uav1.mavros]: Plugin local_position initialized
[INFO] [1790595655.197792539] [uav1.mavros]: Plugin manual_control ignored
[INFO] [1790595655.197801889] [uav1.mavros]: Plugin nav_controller_output ignored
[INFO] [1790595655.197807304] [uav1.mavros]: Plugin param ignored
[INFO] [1790595655.197812805] [uav1.mavros]: Plugin rallypoint ignored
[INFO] [1790595655.197818080] [uav1.mavros]: Plugin rc_io ignored
[INFO] [1790595655.197823585] [uav1.mavros]: Plugin setpoint_accel ignored
[INFO] [1790595655.197829391] [uav1.mavros]: Plugin setpoint_attitude ignored
[INFO] [1790595655.197835052] [uav1.mavros]: Plugin setpoint_position ignored
[INFO] [1790595655.197840388] [uav1.mavros]: Plugin setpoint_raw ignored
[INFO] [1790595655.197845725] [uav1.mavros]: Plugin setpoint_trajectory ignored
[INFO] [1790595655.360625584] [uav1.mavros]: Plugin setpoint_velocity created
[INFO] [1790595655.360698325] [uav1.mavros]: Plugin setpoint_velocity initialized
[INFO] [1790595655.487663654] [uav1.mavros]: Plugin sys_status created
[INFO] [1790595655.487739197] [uav1.mavros]: Plugin sys_status initialized
[INFO] [1790595655.623553112] [uav1.mavros.time]: TM: Timesync mode: MAVLINK
[INFO] [1790595655.675932903] [uav1.mavros]: Plugin sys_time created
[INFO] [1790595655.677852192] [uav1.mavros]: Plugin sys_time initialized
[INFO] [1790595655.678527932] [uav1.mavros]: Plugin waypoint ignored
[INFO] [1790595655.678551775] [uav1.mavros]: Plugin wind_estimation ignored
[INFO] [1790595655.687386786] [uav1.mavros]: Built-in SIMD instructions: SSE, SSE2
[INFO] [1790595655.688415592] [uav1.mavros]: Built-in MAVLink package version: 2026.8.8
[INFO] [1790595655.688623985] [uav1.mavros]: Known MAVLink dialects: common ardupilotmega ASLUAV AVSSUAS all csAirLink cubepilot development icarous loweheiser marsh paparazzi standard stemstudios storm32 uAvionix ualberta
[INFO] [1790595655.688692822] [uav1.mavros]: MAVROS UAS via /uas1 started. MY ID 1.191, TARGET ID 1.1
[INFO] [1790595655.753624882] [uav1.mavros_router]: link[1001] detected remote address 1.191
[INFO] [1790595656.115633661] [uav1.mavros]: CON: Got HEARTBEAT, connected. FCU: PX4 Autopilot
[INFO] [1790595657.257568730] [uav1.mavros.sys]: VER: 1.1: Capabilities         0x000000000000e8ff
[INFO] [1790595657.257653895] [uav1.mavros.sys]: VER: 1.1: Flight software:     011200c0 (fca3df865a000000)
[INFO] [1790595657.257663924] [uav1.mavros.sys]: VER: 1.1: Middleware software: 011200c0 (fca3df865a000000)
[INFO] [1790595657.257669162] [uav1.mavros.sys]: VER: 1.1: OS software:         070000ff (17040b9f87cb1791)
[INFO] [1790595657.257676003] [uav1.mavros.sys]: VER: 1.1: Board hardware:      00000001
[INFO] [1790595657.257681384] [uav1.mavros.sys]: VER: 1.1: VID/PID:             0000:0000
[INFO] [1790595657.257686889] [uav1.mavros.sys]: VER: 1.1: UID:                 4954414c44494e4f
[WARN] [1790595657.258217656] [uav1.mavros.cmd]: CMD: Unexpected command 512, result 0
[WARN] [1790595669.674351227] [uav1.mavros.sys]: FCU: UNK(8): EVENT 11047904 with args -0-0-0-0-0-128-0-0-0-176-122-127-128-176-122-127-128-0-0-0-0-0-0-0-0-0-0-0-0-0-0-0-0-0-0-0-0-0-0-0-
[INFO] [1790595669.674440601] [uav1.mavros.sys]: FCU: EVENT 377561 with args -8-0-0-0-20-0-0-0-0-0-0-0-0-0-0-0-0-0-0-0-0-0-0-0-0-0-0-0-0-0-0-0-0-0-0-0-0-0-0-0-
[WARN] [1790595669.674476358] [uav1.mavros.sys]: FCU: EVENT 453929 with args -255-255-255-255-7-0-0-0-0-0-0-0-0-0-0-0-0-0-0-0-0-0-0-0-0-0-0-0-0-0-0-0-0-0-0-0-0-0-0-0-
[INFO] [1790595669.674512279] [uav1.mavros.sys]: FCU: EVENT 6801787 with args -255-255-255-255-12-0-0-0-0-0-0-0-0-0-0-0-0-0-0-0-0-0-0-0-0-0-0-0-0-0-0-0-0-0-0-0-0-0-0-0-
[WARN] [1790595669.674548555] [uav1.mavros.sys]: FCU: UNK(8): EVENT 1914663 with args -0-10-13-2-56-0-0-0-0-0-0-0-0-0-0-0-0-0-0-0-0-0-0-0-0-0-0-0-0-0-0-0-0-0-0-0-0-0-0-0-
[WARN] [1790595671.592239025] [uav1.mavros.cmd]: CMD: Unexpected command 176, result 0
[INFO] [1790595671.999703407] [uav1.mavros.sys]: FCU: EVENT 9489139 with args -4-0-0-0-0-0-0-0-0-0-0-0-0-0-0-0-0-0-0-0-0-0-0-0-0-0-0-0-0-0-0-0-0-0-0-0-0-0-0-0-
[INFO] [1790595674.131479238] [uav1.mavros.sys]: FCU: EVENT 4277609 with args -0-0-0-0-0-0-0-0-0-0-0-0-0-0-0-0-0-0-0-0-0-0-0-0-0-0-0-0-0-0-0-0-0-0-0-0-0-0-0-0-
[WARN] [1790595929.735383316] [uav1.mavros.cmd]: CMD: Unexpected command 176, result 0
[INFO] [1790595964.769141359] [uav1.mavros.sys]: FCU: EVENT 9844908 with args -0-0-0-0-0-0-0-0-0-0-0-0-0-0-0-0-0-0-0-0-0-0-0-0-0-0-0-0-0-0-0-0-0-0-0-0-0-0-0-0-
[INFO] [1790595966.971224758] [uav1.mavros.sys]: FCU: EVENT 16017271 with args -6-0-0-0-0-0-0-0-0-0-0-0-0-0-0-0-0-0-0-0-0-0-0-0-0-0-0-0-0-0-0-0-0-0-0-0-0-0-0-0-
[WARN] [1790595971.085704468] [uav1.mavros.sys]: FCU: UNK(8): EVENT 11047904 with args -0-0-0-0-0-128-0-0-0-176-122-127-128-176-122-127-128-0-0-0-0-0-0-0-0-0-0-0-0-0-0-0-0-0-0-0-0-0-0-0-
[INFO] [1790595971.085832166] [uav1.mavros.sys]: FCU: EVENT 377561 with args -8-0-0-0-20-0-0-0-0-0-0-0-0-0-0-0-0-0-0-0-0-0-0-0-0-0-0-0-0-0-0-0-0-0-0-0-0-0-0-0-
[WARN] [1790595971.087542776] [uav1.mavros.sys]: FCU: EVENT 453929 with args -255-255-255-255-7-0-0-0-0-0-0-0-0-0-0-0-0-0-0-0-0-0-0-0-0-0-0-0-0-0-0-0-0-0-0-0-0-0-0-0-
[INFO] [1790595971.087601526] [uav1.mavros.sys]: FCU: EVENT 6801787 with args -255-255-255-255-12-0-0-0-0-0-0-0-0-0-0-0-0-0-0-0-0-0-0-0-0-0-0-0-0-0-0-0-0-0-0-0-0-0-0-0-
[WARN] [1790595971.087718296] [uav1.mavros.sys]: FCU: UNK(8): EVENT 1914663 with args -0-10-9-2-56-0-0-0-0-0-0-0-0-0-0-0-0-0-0-0-0-0-0-0-0-0-0-0-0-0-0-0-0-0-0-0-0-0-0-0-
[INFO] [1790595972.214488231] [rclcpp]: signal_handler(SIGINT/SIGTERM)
[WARN] [1790595972.215699330] [uav1.mavros]: UAS Executor terminated
