[INFO] [1790595655.121650466] [uav5.mavros_node]: Starting mavros_node container
[INFO] [1790595655.122392973] [uav5.mavros_node]: FCU URL: udp://:14544@127.0.0.1:14584
[INFO] [1790595655.122407162] [uav5.mavros_node]: GCS URL: 
[INFO] [1790595655.122413113] [uav5.mavros_node]: UAS Prefix: /uas5
[INFO] [1790595655.122627652] [uav5.mavros_node]: Starting mavros router node
[INFO] [1790595655.295956648] [uav5.mavros_router]: Built-in SIMD instructions: SSE, SSE2
[INFO] [1790595655.296007501] [uav5.mavros_router]: Built-in MAVLink package version: 2026.8.8
[INFO] [1790595655.296022217] [uav5.mavros_router]: Known MAVLink dialects: common ardupilotmega ASLUAV AVSSUAS all csAirLink cubepilot development icarous loweheiser marsh paparazzi standard stemstudios storm32 uAvionix ualberta
[INFO] [1790595655.296028906] [uav5.mavros_router]: MAVROS Router started
[INFO] [1790595655.296180480] [uav5.mavros_node]: Starting mavros uas node
[INFO] [1790595655.342326325] [uav5.mavros_router]: Requested to add endpoint: type: 0, url: udp://:14544@127.0.0.1:14584
[INFO] [1790595655.342399494] [uav5.mavros_router]: Endpoint link[1000] created
[INFO] [1790595655.343136509] [uav5.mavros_router]: link[1000] opened successfully
[INFO] [1790595655.343269748] [uav5.mavros_router]: Requested to add endpoint: type: 2, url: /uas5
[INFO] [1790595655.343287168] [uav5.mavros_router]: Endpoint link[1001] created
[INFO] [1790595655.343371453] [uav5.mavros_router]: link[1000] detected remote address 5.1
[INFO] [1790595655.354023530] [uav5.mavros_router]: link[1001] opened successfully
[INFO] [1790595655.354639892] [uav5.mavros]: UAS Executor started, threads: 4
[INFO] [1790595655.354654075] [uav5.mavros]: Plugin actuator_control ignored
[INFO] [1790595655.354898795] [uav5.mavros]: Plugin altitude ignored
[INFO] [1790595655.490918021] [uav5.mavros]: Plugin command created
[INFO] [1790595655.490978999] [uav5.mavros]: Plugin command initialized
[INFO] [1790595655.490989936] [uav5.mavros]: Plugin ftp ignored
[INFO] [1790595655.490996315] [uav5.mavros]: Plugin geofence ignored
[INFO] [1790595655.777549411] [uav5.mavros]: Plugin global_position created
[INFO] [1790595655.777614292] [uav5.mavros]: Plugin global_position initialized
[INFO] [1790595655.777628031] [uav5.mavros]: Plugin home_position ignored
[INFO] [1790595655.778554711] [uav5.mavros]: Plugin imu ignored
[INFO] [1790595656.152538554] [uav5.mavros]: Plugin local_position created
[INFO] [1790595656.152700939] [uav5.mavros]: Plugin local_position initialized
[INFO] [1790595656.152719208] [uav5.mavros]: Plugin manual_control ignored
[INFO] [1790595656.152725813] [uav5.mavros]: Plugin nav_controller_output ignored
[INFO] [1790595656.152731519] [uav5.mavros]: Plugin param ignored
[INFO] [1790595656.152736655] [uav5.mavros]: Plugin rallypoint ignored
[INFO] [1790595656.152741569] [uav5.mavros]: Plugin rc_io ignored
[INFO] [1790595656.152747160] [uav5.mavros]: Plugin setpoint_accel ignored
[INFO] [1790595656.153044548] [uav5.mavros]: Plugin setpoint_attitude ignored
[INFO] [1790595656.153228779] [uav5.mavros]: Plugin setpoint_position ignored
[INFO] [1790595656.153256584] [uav5.mavros]: Plugin setpoint_raw ignored
[INFO] [1790595656.153349662] [uav5.mavros]: Plugin setpoint_trajectory ignored
[INFO] [1790595656.526852529] [uav5.mavros]: Plugin setpoint_velocity created
[INFO] [1790595656.526918161] [uav5.mavros]: Plugin setpoint_velocity initialized
[INFO] [1790595657.316057778] [uav5.mavros]: Plugin sys_status created
[INFO] [1790595657.316149201] [uav5.mavros]: Plugin sys_status initialized
[INFO] [1790595657.545488129] [uav5.mavros.time]: TM: Timesync mode: MAVLINK
[INFO] [1790595657.615645006] [uav5.mavros]: Plugin sys_time created
[INFO] [1790595657.615714568] [uav5.mavros]: Plugin sys_time initialized
[INFO] [1790595657.615725122] [uav5.mavros]: Plugin waypoint ignored
[INFO] [1790595657.615730753] [uav5.mavros]: Plugin wind_estimation ignored
[INFO] [1790595657.637827945] [uav5.mavros]: Built-in SIMD instructions: SSE, SSE2
[INFO] [1790595657.637872585] [uav5.mavros]: Built-in MAVLink package version: 2026.8.8
[INFO] [1790595657.637901156] [uav5.mavros]: Known MAVLink dialects: common ardupilotmega ASLUAV AVSSUAS all csAirLink cubepilot development icarous loweheiser marsh paparazzi standard stemstudios storm32 uAvionix ualberta
[INFO] [1790595657.637909638] [uav5.mavros]: MAVROS UAS via /uas5 started. MY ID 5.191, TARGET ID 5.1
[INFO] [1790595657.737207668] [uav5.mavros_router]: link[1001] detected remote address 5.191
[INFO] [1790595658.275674799] [uav5.mavros]: CON: Got HEARTBEAT, connected. FCU: PX4 Autopilot
[INFO] [1790595659.309246316] [uav5.mavros.sys]: VER: 5.1: Capabilities         0x000000000000e8ff
[INFO] [1790595659.309532642] [uav5.mavros.sys]: VER: 5.1: Flight software:     011200c0 (fca3df865a000000)
[INFO] [1790595659.309549610] [uav5.mavros.sys]: VER: 5.1: Middleware software: 011200c0 (fca3df865a000000)
[INFO] [1790595659.309555714] [uav5.mavros.sys]: VER: 5.1: OS software:         070000ff (17040b9f87cb1791)
[INFO] [1790595659.309561095] [uav5.mavros.sys]: VER: 5.1: Board hardware:      00000001
[INFO] [1790595659.309566002] [uav5.mavros.sys]: VER: 5.1: VID/PID:             0000:0000
[INFO] [1790595659.309571082] [uav5.mavros.sys]: VER: 5.1: UID:                 4954414c44494e53
[WARN] [1790595659.313571878] [uav5.mavros.cmd]: CMD: Unexpected command 512, result 0
[WARN] [1790595669.807528468] [uav5.mavros.sys]: FCU: UNK(8): EVENT 11047904 with args -0-0-0-0-0-128-0-0-0-176-122-127-128-176-122-127-128-0-0-0-0-0-0-0-0-0-0-0-0-0-0-0-0-0-0-0-0-0-0-0-
[INFO] [1790595669.807653673] [uav5.mavros.sys]: FCU: EVENT 377561 with args -8-0-0-0-20-0-0-0-0-0-0-0-0-0-0-0-0-0-0-0-0-0-0-0-0-0-0-0-0-0-0-0-0-0-0-0-0-0-0-0-
[WARN] [1790595669.807721054] [uav5.mavros.sys]: FCU: EVENT 453929 with args -255-255-255-255-7-0-0-0-0-0-0-0-0-0-0-0-0-0-0-0-0-0-0-0-0-0-0-0-0-0-0-0-0-0-0-0-0-0-0-0-
[INFO] [1790595669.807759166] [uav5.mavros.sys]: FCU: EVENT 6801787 with args -255-255-255-255-12-0-0-0-0-0-0-0-0-0-0-0-0-0-0-0-0-0-0-0-0-0-0-0-0-0-0-0-0-0-0-0-0-0-0-0-
[WARN] [1790595669.807795046] [uav5.mavros.sys]: FCU: UNK(8): EVENT 1914663 with args -0-10-13-2-56-0-0-0-0-0-0-0-0-0-0-0-0-0-0-0-0-0-0-0-0-0-0-0-0-0-0-0-0-0-0-0-0-0-0-0-
[WARN] [1790595671.586294188] [uav5.mavros.cmd]: CMD: Unexpected command 176, result 0
[INFO] [1790595671.805078901] [uav5.mavros.sys]: FCU: EVENT 9489139 with args -4-0-0-0-0-0-0-0-0-0-0-0-0-0-0-0-0-0-0-0-0-0-0-0-0-0-0-0-0-0-0-0-0-0-0-0-0-0-0-0-
[INFO] [1790595673.791032797] [uav5.mavros.sys]: FCU: EVENT 4277609 with args -0-0-0-0-0-0-0-0-0-0-0-0-0-0-0-0-0-0-0-0-0-0-0-0-0-0-0-0-0-0-0-0-0-0-0-0-0-0-0-0-
[WARN] [1790595929.750177778] [uav5.mavros.cmd]: CMD: Unexpected command 176, result 0
[INFO] [1790595961.802959074] [uav5.mavros.sys]: FCU: EVENT 9844908 with args -0-0-0-0-0-0-0-0-0-0-0-0-0-0-0-0-0-0-0-0-0-0-0-0-0-0-0-0-0-0-0-0-0-0-0-0-0-0-0-0-
[INFO] [1790595963.942209638] [uav5.mavros.sys]: FCU: EVENT 16017271 with args -6-0-0-0-0-0-0-0-0-0-0-0-0-0-0-0-0-0-0-0-0-0-0-0-0-0-0-0-0-0-0-0-0-0-0-0-0-0-0-0-
[WARN] [1790595967.494879795] [uav5.mavros.sys]: FCU: UNK(8): EVENT 11047904 with args -0-0-0-0-0-128-0-0-0-176-122-127-128-176-122-127-128-0-0-0-0-0-0-0-0-0-0-0-0-0-0-0-0-0-0-0-0-0-0-0-
[INFO] [1790595967.495165979] [uav5.mavros.sys]: FCU: EVENT 377561 with args -8-0-0-0-20-0-0-0-0-0-0-0-0-0-0-0-0-0-0-0-0-0-0-0-0-0-0-0-0-0-0-0-0-0-0-0-0-0-0-0-
[WARN] [1790595967.495889446] [uav5.mavros.sys]: FCU: EVENT 453929 with args -255-255-255-255-7-0-0-0-0-0-0-0-0-0-0-0-0-0-0-0-0-0-0-0-0-0-0-0-0-0-0-0-0-0-0-0-0-0-0-0-
[INFO] [1790595967.495984430] [uav5.mavros.sys]: FCU: EVENT 6801787 with args -255-255-255-255-12-0-0-0-0-0-0-0-0-0-0-0-0-0-0-0-0-0-0-0-0-0-0-0-0-0-0-0-0-0-0-0-0-0-0-0-
[WARN] [1790595967.496504550] [uav5.mavros.sys]: FCU: UNK(8): EVENT 1914663 with args -0-10-9-2-56-0-0-0-0-0-0-0-0-0-0-0-0-0-0-0-0-0-0-0-0-0-0-0-0-0-0-0-0-0-0-0-0-0-0-0-
[INFO] [1790595972.217131698] [rclcpp]: signal_handler(SIGINT/SIGTERM)
[WARN] [1790595972.218509710] [uav5.mavros]: UAS Executor terminated
