[INFO] [1790581439.267851168] [uav10.mavros_node]: Starting mavros_node container
[INFO] [1790581439.267984795] [uav10.mavros_node]: FCU URL: udp://:14549@127.0.0.1:14589
[INFO] [1790581439.267996560] [uav10.mavros_node]: GCS URL: 
[INFO] [1790581439.268004103] [uav10.mavros_node]: UAS Prefix: /uas10
[INFO] [1790581439.268009853] [uav10.mavros_node]: Starting mavros router node
[INFO] [1790581439.408925834] [uav10.mavros_router]: Built-in SIMD instructions: SSE, SSE2
[INFO] [1790581439.408981017] [uav10.mavros_router]: Built-in MAVLink package version: 2026.8.8
[INFO] [1790581439.408992198] [uav10.mavros_router]: Known MAVLink dialects: common ardupilotmega ASLUAV AVSSUAS all csAirLink cubepilot development icarous loweheiser marsh paparazzi standard stemstudios storm32 uAvionix ualberta
[INFO] [1790581439.408999709] [uav10.mavros_router]: MAVROS Router started
[INFO] [1790581439.409149332] [uav10.mavros_node]: Starting mavros uas node
[INFO] [1790581439.704441753] [uav10.mavros_router]: Requested to add endpoint: type: 0, url: udp://:14549@127.0.0.1:14589
[INFO] [1790581439.706032269] [uav10.mavros_router]: Endpoint link[1000] created
[INFO] [1790581439.706291767] [uav10.mavros_router]: link[1000] opened successfully
[INFO] [1790581439.706318772] [uav10.mavros_router]: Requested to add endpoint: type: 2, url: /uas10
[INFO] [1790581439.706335213] [uav10.mavros_router]: Endpoint link[1001] created
[INFO] [1790581439.707505748] [uav10.mavros_router]: link[1000] detected remote address 10.1
[INFO] [1790581439.723183175] [uav10.mavros]: Plugin actuator_control ignored
[INFO] [1790581439.723236972] [uav10.mavros]: Plugin altitude ignored
[INFO] [1790581439.723749952] [uav10.mavros]: UAS Executor started, threads: 4
[INFO] [1790581439.737291427] [uav10.mavros_router]: link[1001] opened successfully
[INFO] [1790581439.927569921] [uav10.mavros]: Plugin command created
[INFO] [1790581439.927647670] [uav10.mavros]: Plugin command initialized
[INFO] [1790581439.927659941] [uav10.mavros]: Plugin ftp ignored
[INFO] [1790581439.927667174] [uav10.mavros]: Plugin geofence ignored
[INFO] [1790581440.370103718] [uav10.mavros]: Plugin global_position created
[INFO] [1790581440.383151622] [uav10.mavros]: Plugin global_position initialized
[INFO] [1790581440.383208641] [uav10.mavros]: Plugin home_position ignored
[INFO] [1790581440.383221688] [uav10.mavros]: Plugin imu ignored
[INFO] [1790581440.832261963] [uav10.mavros]: Plugin local_position created
[INFO] [1790581440.832320605] [uav10.mavros]: Plugin local_position initialized
[INFO] [1790581440.832334102] [uav10.mavros]: Plugin manual_control ignored
[INFO] [1790581440.832340833] [uav10.mavros]: Plugin nav_controller_output ignored
[INFO] [1790581440.832346285] [uav10.mavros]: Plugin param ignored
[INFO] [1790581440.832351902] [uav10.mavros]: Plugin rallypoint ignored
[INFO] [1790581440.832360374] [uav10.mavros]: Plugin rc_io ignored
[INFO] [1790581440.832365870] [uav10.mavros]: Plugin setpoint_accel ignored
[INFO] [1790581440.832370893] [uav10.mavros]: Plugin setpoint_attitude ignored
[INFO] [1790581440.832376233] [uav10.mavros]: Plugin setpoint_position ignored
[INFO] [1790581440.832387042] [uav10.mavros]: Plugin setpoint_raw ignored
[INFO] [1790581440.832394818] [uav10.mavros]: Plugin setpoint_trajectory ignored
[INFO] [1790581441.046287954] [uav10.mavros]: Plugin setpoint_velocity created
[INFO] [1790581441.055525523] [uav10.mavros]: Plugin setpoint_velocity initialized
[INFO] [1790581441.439337504] [uav10.mavros]: Plugin sys_status created
[INFO] [1790581441.439424440] [uav10.mavros]: Plugin sys_status initialized
[INFO] [1790581441.618625340] [uav10.mavros.time]: TM: Timesync mode: MAVLINK
[INFO] [1790581441.687668343] [uav10.mavros]: Plugin sys_time created
[INFO] [1790581441.687732113] [uav10.mavros]: Plugin sys_time initialized
[INFO] [1790581441.687745074] [uav10.mavros]: Plugin waypoint ignored
[INFO] [1790581441.687752107] [uav10.mavros]: Plugin wind_estimation ignored
[INFO] [1790581441.714633131] [uav10.mavros]: Built-in SIMD instructions: SSE, SSE2
[INFO] [1790581441.714725532] [uav10.mavros]: Built-in MAVLink package version: 2026.8.8
[INFO] [1790581441.716365996] [uav10.mavros]: Known MAVLink dialects: common ardupilotmega ASLUAV AVSSUAS all csAirLink cubepilot development icarous loweheiser marsh paparazzi standard stemstudios storm32 uAvionix ualberta
[INFO] [1790581441.716476897] [uav10.mavros]: MAVROS UAS via /uas10 started. MY ID 10.191, TARGET ID 10.1
[INFO] [1790581441.782227275] [uav10.mavros_router]: link[1001] detected remote address 10.191
[INFO] [1790581442.453086374] [uav10.mavros.sys]: VER: 10.1: Capabilities         0x000000000000e8ff
[INFO] [1790581442.453167942] [uav10.mavros.sys]: VER: 10.1: Flight software:     011200c0 (fca3df865a000000)
[INFO] [1790581442.453177570] [uav10.mavros.sys]: VER: 10.1: Middleware software: 011200c0 (fca3df865a000000)
[INFO] [1790581442.453183144] [uav10.mavros.sys]: VER: 10.1: OS software:         070000ff (17040b9f87cb1791)
[INFO] [1790581442.453188036] [uav10.mavros.sys]: VER: 10.1: Board hardware:      00000001
[INFO] [1790581442.453192666] [uav10.mavros.sys]: VER: 10.1: VID/PID:             0000:0000
[INFO] [1790581442.453197290] [uav10.mavros.sys]: VER: 10.1: UID:                 4954414c44494e58
[WARN] [1790581442.453675505] [uav10.mavros.cmd]: CMD: Unexpected command 512, result 0
[WARN] [1790581442.625263350] [uav10.mavros.sys]: FCU: UNK(8): EVENT 11047904 with args -0-0-0-16-0-128-0-0-0-176-58-127-128-176-58-127-128-0-0-0-0-0-0-0-0-0-0-0-0-0-0-0-0-0-0-0-0-0-0-0-
[ERROR] [1790581442.625351206] [uav10.mavros.sys]: FCU: EVENT 11464574 with args -0-64-0-0-20-0-0-0-0-0-0-0-0-0-0-0-0-0-0-0-0-0-0-0-0-0-0-0-0-0-0-0-0-0-0-0-0-0-0-0-
[INFO] [1790581442.625418609] [uav10.mavros.sys]: FCU: EVENT 377561 with args -8-0-0-0-20-0-0-0-0-0-0-0-0-0-0-0-0-0-0-0-0-0-0-0-0-0-0-0-0-0-0-0-0-0-0-0-0-0-0-0-
[WARN] [1790581442.625458133] [uav10.mavros.sys]: FCU: EVENT 453929 with args -255-255-255-255-7-0-0-0-0-0-0-0-0-0-0-0-0-0-0-0-0-0-0-0-0-0-0-0-0-0-0-0-0-0-0-0-0-0-0-0-
[INFO] [1790581442.625494812] [uav10.mavros.sys]: FCU: EVENT 6801787 with args -255-255-255-255-12-0-0-0-0-0-0-0-0-0-0-0-0-0-0-0-0-0-0-0-0-0-0-0-0-0-0-0-0-0-0-0-0-0-0-0-
[WARN] [1790581442.625531162] [uav10.mavros.sys]: FCU: UNK(8): EVENT 1914663 with args -0-10-13-2-56-0-0-0-0-0-0-0-0-0-0-0-0-0-0-0-0-0-0-0-0-0-0-0-0-0-0-0-0-0-0-0-0-0-0-0-
[INFO] [1790581442.647237174] [uav10.mavros]: CON: Got HEARTBEAT, connected. FCU: PX4 Autopilot
[INFO] [1790581443.674005454] [uav10.mavros.sys]: VER: 10.1: Capabilities         0x000000000000e8ff
[INFO] [1790581443.674071215] [uav10.mavros.sys]: VER: 10.1: Flight software:     011200c0 (fca3df865a000000)
[INFO] [1790581443.674080803] [uav10.mavros.sys]: VER: 10.1: Middleware software: 011200c0 (fca3df865a000000)
[INFO] [1790581443.674086382] [uav10.mavros.sys]: VER: 10.1: OS software:         070000ff (17040b9f87cb1791)
[INFO] [1790581443.674092069] [uav10.mavros.sys]: VER: 10.1: Board hardware:      00000001
[INFO] [1790581443.674097781] [uav10.mavros.sys]: VER: 10.1: VID/PID:             0000:0000
[INFO] [1790581443.674105217] [uav10.mavros.sys]: VER: 10.1: UID:                 4954414c44494e58
[WARN] [1790581452.585764817] [uav10.mavros.sys]: FCU: UNK(8): EVENT 11047904 with args -0-0-0-0-0-128-0-0-0-176-122-127-128-176-122-127-128-0-0-0-0-0-0-0-0-0-0-0-0-0-0-0-0-0-0-0-0-0-0-0-
[INFO] [1790581452.589956336] [uav10.mavros.sys]: FCU: EVENT 377561 with args -8-0-0-0-20-0-0-0-0-0-0-0-0-0-0-0-0-0-0-0-0-0-0-0-0-0-0-0-0-0-0-0-0-0-0-0-0-0-0-0-
[WARN] [1790581452.591167027] [uav10.mavros.sys]: FCU: EVENT 453929 with args -255-255-255-255-7-0-0-0-0-0-0-0-0-0-0-0-0-0-0-0-0-0-0-0-0-0-0-0-0-0-0-0-0-0-0-0-0-0-0-0-
[INFO] [1790581452.596614140] [uav10.mavros.sys]: FCU: EVENT 6801787 with args -255-255-255-255-12-0-0-0-0-0-0-0-0-0-0-0-0-0-0-0-0-0-0-0-0-0-0-0-0-0-0-0-0-0-0-0-0-0-0-0-
[WARN] [1790581452.598706183] [uav10.mavros.sys]: FCU: UNK(8): EVENT 1914663 with args -0-10-13-2-56-0-0-0-0-0-0-0-0-0-0-0-0-0-0-0-0-0-0-0-0-0-0-0-0-0-0-0-0-0-0-0-0-0-0-0-
[WARN] [1790581457.100217098] [uav10.mavros.cmd]: CMD: Unexpected command 176, result 0
[INFO] [1790581457.985268926] [uav10.mavros.sys]: FCU: EVENT 9489139 with args -4-0-0-0-0-0-0-0-0-0-0-0-0-0-0-0-0-0-0-0-0-0-0-0-0-0-0-0-0-0-0-0-0-0-0-0-0-0-0-0-
[INFO] [1790581460.033081802] [uav10.mavros.sys]: FCU: EVENT 4277609 with args -0-0-0-0-0-0-0-0-0-0-0-0-0-0-0-0-0-0-0-0-0-0-0-0-0-0-0-0-0-0-0-0-0-0-0-0-0-0-0-0-
[WARN] [1790581727.374652357] [uav10.mavros.cmd]: CMD: Unexpected command 176, result 0
[INFO] [1790581762.743170138] [uav10.mavros.sys]: FCU: EVENT 9844908 with args -0-0-0-0-0-0-0-0-0-0-0-0-0-0-0-0-0-0-0-0-0-0-0-0-0-0-0-0-0-0-0-0-0-0-0-0-0-0-0-0-
[INFO] [1790581764.975797492] [uav10.mavros.sys]: FCU: EVENT 16017271 with args -6-0-0-0-0-0-0-0-0-0-0-0-0-0-0-0-0-0-0-0-0-0-0-0-0-0-0-0-0-0-0-0-0-0-0-0-0-0-0-0-
[WARN] [1790581769.238163356] [uav10.mavros.sys]: FCU: UNK(8): EVENT 11047904 with args -0-0-0-0-0-128-0-0-0-176-122-127-128-176-122-127-128-0-0-0-0-0-0-0-0-0-0-0-0-0-0-0-0-0-0-0-0-0-0-0-
[INFO] [1790581769.238252324] [uav10.mavros.sys]: FCU: EVENT 377561 with args -8-0-0-0-20-0-0-0-0-0-0-0-0-0-0-0-0-0-0-0-0-0-0-0-0-0-0-0-0-0-0-0-0-0-0-0-0-0-0-0-
[WARN] [1790581769.238323945] [uav10.mavros.sys]: FCU: EVENT 453929 with args -255-255-255-255-7-0-0-0-0-0-0-0-0-0-0-0-0-0-0-0-0-0-0-0-0-0-0-0-0-0-0-0-0-0-0-0-0-0-0-0-
[INFO] [1790581769.238382435] [uav10.mavros.sys]: FCU: EVENT 6801787 with args -255-255-255-255-12-0-0-0-0-0-0-0-0-0-0-0-0-0-0-0-0-0-0-0-0-0-0-0-0-0-0-0-0-0-0-0-0-0-0-0-
[WARN] [1790581769.238482812] [uav10.mavros.sys]: FCU: UNK(8): EVENT 1914663 with args -0-10-9-2-56-0-0-0-0-0-0-0-0-0-0-0-0-0-0-0-0-0-0-0-0-0-0-0-0-0-0-0-0-0-0-0-0-0-0-0-
[INFO] [1790581770.992921860] [rclcpp]: signal_handler(SIGINT/SIGTERM)
[WARN] [1790581770.993551931] [uav10.mavros]: UAS Executor terminated
