[INFO] [1790581439.311987021] [uav7.mavros_node]: Starting mavros_node container
[INFO] [1790581439.312119173] [uav7.mavros_node]: FCU URL: udp://:14546@127.0.0.1:14586
[INFO] [1790581439.312132440] [uav7.mavros_node]: GCS URL: 
[INFO] [1790581439.312138095] [uav7.mavros_node]: UAS Prefix: /uas7
[INFO] [1790581439.312143817] [uav7.mavros_node]: Starting mavros router node
[INFO] [1790581439.409308845] [uav7.mavros_router]: Built-in SIMD instructions: SSE, SSE2
[INFO] [1790581439.409606789] [uav7.mavros_router]: Built-in MAVLink package version: 2026.8.8
[INFO] [1790581439.409631481] [uav7.mavros_router]: Known MAVLink dialects: common ardupilotmega ASLUAV AVSSUAS all csAirLink cubepilot development icarous loweheiser marsh paparazzi standard stemstudios storm32 uAvionix ualberta
[INFO] [1790581439.409639725] [uav7.mavros_router]: MAVROS Router started
[INFO] [1790581439.409777087] [uav7.mavros_node]: Starting mavros uas node
[INFO] [1790581439.723098410] [uav7.mavros_router]: Requested to add endpoint: type: 0, url: udp://:14546@127.0.0.1:14586
[INFO] [1790581439.723199623] [uav7.mavros_router]: Endpoint link[1000] created
[INFO] [1790581439.723459506] [uav7.mavros_router]: link[1000] opened successfully
[INFO] [1790581439.723487639] [uav7.mavros_router]: Requested to add endpoint: type: 2, url: /uas7
[INFO] [1790581439.723504709] [uav7.mavros_router]: Endpoint link[1001] created
[INFO] [1790581439.726938096] [uav7.mavros_router]: link[1000] detected remote address 7.1
[INFO] [1790581439.776640055] [uav7.mavros_router]: link[1001] opened successfully
[INFO] [1790581439.776663516] [uav7.mavros]: UAS Executor started, threads: 4
[INFO] [1790581439.776679044] [uav7.mavros]: Plugin actuator_control ignored
[INFO] [1790581439.782109836] [uav7.mavros]: Plugin altitude ignored
[INFO] [1790581440.451633409] [uav7.mavros]: Plugin command created
[INFO] [1790581440.451994047] [uav7.mavros]: Plugin command initialized
[INFO] [1790581440.452006262] [uav7.mavros]: Plugin ftp ignored
[INFO] [1790581440.452013453] [uav7.mavros]: Plugin geofence ignored
[INFO] [1790581440.956578821] [uav7.mavros]: Plugin global_position created
[INFO] [1790581440.956652482] [uav7.mavros]: Plugin global_position initialized
[INFO] [1790581440.957085999] [uav7.mavros]: Plugin home_position ignored
[INFO] [1790581440.957094700] [uav7.mavros]: Plugin imu ignored
[INFO] [1790581441.146901955] [uav7.mavros]: Plugin local_position created
[INFO] [1790581441.147093745] [uav7.mavros]: Plugin local_position initialized
[INFO] [1790581441.150840323] [uav7.mavros]: Plugin manual_control ignored
[INFO] [1790581441.151112300] [uav7.mavros]: Plugin nav_controller_output ignored
[INFO] [1790581441.151144311] [uav7.mavros]: Plugin param ignored
[INFO] [1790581441.151155693] [uav7.mavros]: Plugin rallypoint ignored
[INFO] [1790581441.151165706] [uav7.mavros]: Plugin rc_io ignored
[INFO] [1790581441.151175771] [uav7.mavros]: Plugin setpoint_accel ignored
[INFO] [1790581441.151316191] [uav7.mavros]: Plugin setpoint_attitude ignored
[INFO] [1790581441.151327504] [uav7.mavros]: Plugin setpoint_position ignored
[INFO] [1790581441.151334651] [uav7.mavros]: Plugin setpoint_raw ignored
[INFO] [1790581441.151341809] [uav7.mavros]: Plugin setpoint_trajectory ignored
[INFO] [1790581441.466799412] [uav7.mavros]: Plugin setpoint_velocity created
[INFO] [1790581441.466858284] [uav7.mavros]: Plugin setpoint_velocity initialized
[INFO] [1790581441.736492019] [uav7.mavros]: Plugin sys_status created
[INFO] [1790581441.736805224] [uav7.mavros]: Plugin sys_status initialized
[INFO] [1790581441.788571188] [uav7.mavros.time]: TM: Timesync mode: MAVLINK
[INFO] [1790581441.799156083] [uav7.mavros]: Plugin sys_time created
[INFO] [1790581441.799513719] [uav7.mavros]: Plugin sys_time initialized
[INFO] [1790581441.799530743] [uav7.mavros]: Plugin waypoint ignored
[INFO] [1790581441.799537516] [uav7.mavros]: Plugin wind_estimation ignored
[INFO] [1790581441.806545371] [uav7.mavros]: Built-in SIMD instructions: SSE, SSE2
[INFO] [1790581441.806583415] [uav7.mavros]: Built-in MAVLink package version: 2026.8.8
[INFO] [1790581441.806613256] [uav7.mavros]: Known MAVLink dialects: common ardupilotmega ASLUAV AVSSUAS all csAirLink cubepilot development icarous loweheiser marsh paparazzi standard stemstudios storm32 uAvionix ualberta
[INFO] [1790581441.806621782] [uav7.mavros]: MAVROS UAS via /uas7 started. MY ID 7.191, TARGET ID 7.1
[INFO] [1790581441.835456713] [uav7.mavros_router]: link[1001] detected remote address 7.191
[INFO] [1790581442.698285162] [uav7.mavros]: CON: Got HEARTBEAT, connected. FCU: PX4 Autopilot
[INFO] [1790581443.740810476] [uav7.mavros.sys]: VER: 7.1: Capabilities         0x000000000000e8ff
[INFO] [1790581443.740938281] [uav7.mavros.sys]: VER: 7.1: Flight software:     011200c0 (fca3df865a000000)
[INFO] [1790581443.740952574] [uav7.mavros.sys]: VER: 7.1: Middleware software: 011200c0 (fca3df865a000000)
[INFO] [1790581443.740958363] [uav7.mavros.sys]: VER: 7.1: OS software:         070000ff (17040b9f87cb1791)
[INFO] [1790581443.740962910] [uav7.mavros.sys]: VER: 7.1: Board hardware:      00000001
[INFO] [1790581443.740967851] [uav7.mavros.sys]: VER: 7.1: VID/PID:             0000:0000
[INFO] [1790581443.740972923] [uav7.mavros.sys]: VER: 7.1: UID:                 4954414c44494e55
[WARN] [1790581443.744129535] [uav7.mavros.cmd]: CMD: Unexpected command 512, result 0
[WARN] [1790581450.200075504] [uav7.mavros.sys]: FCU: UNK(8): EVENT 11047904 with args -0-0-0-0-0-128-0-0-0-176-122-127-128-176-122-127-128-0-0-0-0-0-0-0-0-0-0-0-0-0-0-0-0-0-0-0-0-0-0-0-
[INFO] [1790581450.200185299] [uav7.mavros.sys]: FCU: EVENT 377561 with args -8-0-0-0-20-0-0-0-0-0-0-0-0-0-0-0-0-0-0-0-0-0-0-0-0-0-0-0-0-0-0-0-0-0-0-0-0-0-0-0-
[WARN] [1790581450.200244489] [uav7.mavros.sys]: FCU: EVENT 453929 with args -255-255-255-255-7-0-0-0-0-0-0-0-0-0-0-0-0-0-0-0-0-0-0-0-0-0-0-0-0-0-0-0-0-0-0-0-0-0-0-0-
[INFO] [1790581450.200284582] [uav7.mavros.sys]: FCU: EVENT 6801787 with args -255-255-255-255-12-0-0-0-0-0-0-0-0-0-0-0-0-0-0-0-0-0-0-0-0-0-0-0-0-0-0-0-0-0-0-0-0-0-0-0-
[WARN] [1790581450.200321014] [uav7.mavros.sys]: FCU: UNK(8): EVENT 1914663 with args -0-10-13-2-56-0-0-0-0-0-0-0-0-0-0-0-0-0-0-0-0-0-0-0-0-0-0-0-0-0-0-0-0-0-0-0-0-0-0-0-
[WARN] [1790581457.072966131] [uav7.mavros.cmd]: CMD: Unexpected command 176, result 0
[INFO] [1790581458.112093276] [uav7.mavros.sys]: FCU: EVENT 9489139 with args -4-0-0-0-0-0-0-0-0-0-0-0-0-0-0-0-0-0-0-0-0-0-0-0-0-0-0-0-0-0-0-0-0-0-0-0-0-0-0-0-
[INFO] [1790581459.882794270] [uav7.mavros.sys]: FCU: EVENT 4277609 with args -0-0-0-0-0-0-0-0-0-0-0-0-0-0-0-0-0-0-0-0-0-0-0-0-0-0-0-0-0-0-0-0-0-0-0-0-0-0-0-0-
[WARN] [1790581727.305226440] [uav7.mavros.cmd]: CMD: Unexpected command 176, result 0
[INFO] [1790581765.378909237] [uav7.mavros.sys]: FCU: EVENT 9844908 with args -0-0-0-0-0-0-0-0-0-0-0-0-0-0-0-0-0-0-0-0-0-0-0-0-0-0-0-0-0-0-0-0-0-0-0-0-0-0-0-0-
[INFO] [1790581767.605684356] [uav7.mavros.sys]: FCU: EVENT 16017271 with args -6-0-0-0-0-0-0-0-0-0-0-0-0-0-0-0-0-0-0-0-0-0-0-0-0-0-0-0-0-0-0-0-0-0-0-0-0-0-0-0-
[INFO] [1790581770.986872430] [rclcpp]: signal_handler(SIGINT/SIGTERM)
[WARN] [1790581770.990957555] [uav7.mavros]: UAS Executor terminated
