[INFO] [1790581439.232073215] [uav6.mavros_node]: Starting mavros_node container
[INFO] [1790581439.232212578] [uav6.mavros_node]: FCU URL: udp://:14545@127.0.0.1:14585
[INFO] [1790581439.232222264] [uav6.mavros_node]: GCS URL: 
[INFO] [1790581439.232227205] [uav6.mavros_node]: UAS Prefix: /uas6
[INFO] [1790581439.232232366] [uav6.mavros_node]: Starting mavros router node
[INFO] [1790581439.332580336] [uav6.mavros_router]: Built-in SIMD instructions: SSE, SSE2
[INFO] [1790581439.332637810] [uav6.mavros_router]: Built-in MAVLink package version: 2026.8.8
[INFO] [1790581439.332649953] [uav6.mavros_router]: Known MAVLink dialects: common ardupilotmega ASLUAV AVSSUAS all csAirLink cubepilot development icarous loweheiser marsh paparazzi standard stemstudios storm32 uAvionix ualberta
[INFO] [1790581439.332659290] [uav6.mavros_router]: MAVROS Router started
[INFO] [1790581439.335998336] [uav6.mavros_node]: Starting mavros uas node
[INFO] [1790581439.507019242] [uav6.mavros_router]: Requested to add endpoint: type: 0, url: udp://:14545@127.0.0.1:14585
[INFO] [1790581439.507119732] [uav6.mavros_router]: Endpoint link[1000] created
[INFO] [1790581439.507377899] [uav6.mavros_router]: link[1000] opened successfully
[INFO] [1790581439.507445255] [uav6.mavros_router]: Requested to add endpoint: type: 2, url: /uas6
[INFO] [1790581439.508174746] [uav6.mavros_router]: Endpoint link[1001] created
[INFO] [1790581439.510174008] [uav6.mavros_router]: link[1000] detected remote address 6.1
[INFO] [1790581439.519129407] [uav6.mavros]: Plugin actuator_control ignored
[INFO] [1790581439.519203811] [uav6.mavros]: Plugin altitude ignored
[INFO] [1790581439.519478313] [uav6.mavros]: UAS Executor started, threads: 4
[INFO] [1790581439.588019366] [uav6.mavros_router]: link[1001] opened successfully
[INFO] [1790581439.813982669] [uav6.mavros]: Plugin command created
[INFO] [1790581439.814068036] [uav6.mavros]: Plugin command initialized
[INFO] [1790581439.814089618] [uav6.mavros]: Plugin ftp ignored
[INFO] [1790581439.814102864] [uav6.mavros]: Plugin geofence ignored
[INFO] [1790581440.154562011] [uav6.mavros]: Plugin global_position created
[INFO] [1790581440.154642846] [uav6.mavros]: Plugin global_position initialized
[INFO] [1790581440.154657709] [uav6.mavros]: Plugin home_position ignored
[INFO] [1790581440.154664820] [uav6.mavros]: Plugin imu ignored
[INFO] [1790581440.758840146] [uav6.mavros]: Plugin local_position created
[INFO] [1790581440.763259045] [uav6.mavros]: Plugin local_position initialized
[INFO] [1790581440.763299557] [uav6.mavros]: Plugin manual_control ignored
[INFO] [1790581440.763307401] [uav6.mavros]: Plugin nav_controller_output ignored
[INFO] [1790581440.763313383] [uav6.mavros]: Plugin param ignored
[INFO] [1790581440.763318988] [uav6.mavros]: Plugin rallypoint ignored
[INFO] [1790581440.763324369] [uav6.mavros]: Plugin rc_io ignored
[INFO] [1790581440.763329913] [uav6.mavros]: Plugin setpoint_accel ignored
[INFO] [1790581440.763335685] [uav6.mavros]: Plugin setpoint_attitude ignored
[INFO] [1790581440.763341049] [uav6.mavros]: Plugin setpoint_position ignored
[INFO] [1790581440.763346230] [uav6.mavros]: Plugin setpoint_raw ignored
[INFO] [1790581440.763351782] [uav6.mavros]: Plugin setpoint_trajectory ignored
[INFO] [1790581441.086861449] [uav6.mavros]: Plugin setpoint_velocity created
[INFO] [1790581441.091523556] [uav6.mavros]: Plugin setpoint_velocity initialized
[INFO] [1790581441.336229579] [uav6.mavros]: Plugin sys_status created
[INFO] [1790581441.336314534] [uav6.mavros]: Plugin sys_status initialized
[INFO] [1790581441.560518129] [uav6.mavros.time]: TM: Timesync mode: MAVLINK
[INFO] [1790581441.666694763] [uav6.mavros]: Plugin sys_time created
[INFO] [1790581441.666749439] [uav6.mavros]: Plugin sys_time initialized
[INFO] [1790581441.666759984] [uav6.mavros]: Plugin waypoint ignored
[INFO] [1790581441.666766789] [uav6.mavros]: Plugin wind_estimation ignored
[INFO] [1790581441.697484292] [uav6.mavros]: Built-in SIMD instructions: SSE, SSE2
[INFO] [1790581441.697533630] [uav6.mavros]: Built-in MAVLink package version: 2026.8.8
[INFO] [1790581441.697566837] [uav6.mavros]: Known MAVLink dialects: common ardupilotmega ASLUAV AVSSUAS all csAirLink cubepilot development icarous loweheiser marsh paparazzi standard stemstudios storm32 uAvionix ualberta
[INFO] [1790581441.697576090] [uav6.mavros]: MAVROS UAS via /uas6 started. MY ID 6.191, TARGET ID 6.1
[INFO] [1790581441.800134175] [uav6.mavros_router]: link[1001] detected remote address 6.191
[INFO] [1790581442.352782463] [uav6.mavros.sys]: VER: 6.1: Capabilities         0x000000000000e8ff
[INFO] [1790581442.352851414] [uav6.mavros.sys]: VER: 6.1: Flight software:     011200c0 (fca3df865a000000)
[INFO] [1790581442.352860501] [uav6.mavros.sys]: VER: 6.1: Middleware software: 011200c0 (fca3df865a000000)
[INFO] [1790581442.352866249] [uav6.mavros.sys]: VER: 6.1: OS software:         070000ff (17040b9f87cb1791)
[INFO] [1790581442.352871791] [uav6.mavros.sys]: VER: 6.1: Board hardware:      00000001
[INFO] [1790581442.352877255] [uav6.mavros.sys]: VER: 6.1: VID/PID:             0000:0000
[INFO] [1790581442.352893552] [uav6.mavros.sys]: VER: 6.1: UID:                 4954414c44494e54
[WARN] [1790581442.352939024] [uav6.mavros.cmd]: CMD: Unexpected command 512, result 0
[INFO] [1790581442.813563778] [uav6.mavros]: CON: Got HEARTBEAT, connected. FCU: PX4 Autopilot
[INFO] [1790581443.855193967] [uav6.mavros.sys]: VER: 6.1: Capabilities         0x000000000000e8ff
[INFO] [1790581443.857961854] [uav6.mavros.sys]: VER: 6.1: Flight software:     011200c0 (fca3df865a000000)
[INFO] [1790581443.858082574] [uav6.mavros.sys]: VER: 6.1: Middleware software: 011200c0 (fca3df865a000000)
[INFO] [1790581443.858092047] [uav6.mavros.sys]: VER: 6.1: OS software:         070000ff (17040b9f87cb1791)
[INFO] [1790581443.858098225] [uav6.mavros.sys]: VER: 6.1: Board hardware:      00000001
[INFO] [1790581443.858106432] [uav6.mavros.sys]: VER: 6.1: VID/PID:             0000:0000
[INFO] [1790581443.858113256] [uav6.mavros.sys]: VER: 6.1: UID:                 4954414c44494e54
[WARN] [1790581452.129095150] [uav6.mavros.sys]: FCU: UNK(8): EVENT 11047904 with args -0-0-0-0-0-128-0-0-0-176-122-127-128-176-122-127-128-0-0-0-0-0-0-0-0-0-0-0-0-0-0-0-0-0-0-0-0-0-0-0-
[INFO] [1790581452.129188884] [uav6.mavros.sys]: FCU: EVENT 377561 with args -8-0-0-0-20-0-0-0-0-0-0-0-0-0-0-0-0-0-0-0-0-0-0-0-0-0-0-0-0-0-0-0-0-0-0-0-0-0-0-0-
[WARN] [1790581452.129673563] [uav6.mavros.sys]: FCU: EVENT 453929 with args -255-255-255-255-7-0-0-0-0-0-0-0-0-0-0-0-0-0-0-0-0-0-0-0-0-0-0-0-0-0-0-0-0-0-0-0-0-0-0-0-
[INFO] [1790581452.129752714] [uav6.mavros.sys]: FCU: EVENT 6801787 with args -255-255-255-255-12-0-0-0-0-0-0-0-0-0-0-0-0-0-0-0-0-0-0-0-0-0-0-0-0-0-0-0-0-0-0-0-0-0-0-0-
[WARN] [1790581452.129800470] [uav6.mavros.sys]: FCU: UNK(8): EVENT 1914663 with args -0-10-13-2-56-0-0-0-0-0-0-0-0-0-0-0-0-0-0-0-0-0-0-0-0-0-0-0-0-0-0-0-0-0-0-0-0-0-0-0-
[WARN] [1790581457.089877501] [uav6.mavros.cmd]: CMD: Unexpected command 176, result 0
[INFO] [1790581458.182308183] [uav6.mavros.sys]: FCU: EVENT 9489139 with args -4-0-0-0-0-0-0-0-0-0-0-0-0-0-0-0-0-0-0-0-0-0-0-0-0-0-0-0-0-0-0-0-0-0-0-0-0-0-0-0-
[INFO] [1790581460.124344471] [uav6.mavros.sys]: FCU: EVENT 4277609 with args -0-0-0-0-0-0-0-0-0-0-0-0-0-0-0-0-0-0-0-0-0-0-0-0-0-0-0-0-0-0-0-0-0-0-0-0-0-0-0-0-
[WARN] [1790581727.165134181] [uav6.mavros.cmd]: CMD: Unexpected command 176, result 0
[INFO] [1790581762.492948186] [uav6.mavros.sys]: FCU: EVENT 9844908 with args -0-0-0-0-0-0-0-0-0-0-0-0-0-0-0-0-0-0-0-0-0-0-0-0-0-0-0-0-0-0-0-0-0-0-0-0-0-0-0-0-
[INFO] [1790581764.764228753] [uav6.mavros.sys]: FCU: EVENT 16017271 with args -6-0-0-0-0-0-0-0-0-0-0-0-0-0-0-0-0-0-0-0-0-0-0-0-0-0-0-0-0-0-0-0-0-0-0-0-0-0-0-0-
[WARN] [1790581768.763455632] [uav6.mavros.sys]: FCU: UNK(8): EVENT 11047904 with args -0-0-0-0-0-128-0-0-0-176-122-127-128-176-122-127-128-0-0-0-0-0-0-0-0-0-0-0-0-0-0-0-0-0-0-0-0-0-0-0-
[INFO] [1790581768.763566421] [uav6.mavros.sys]: FCU: EVENT 377561 with args -8-0-0-0-20-0-0-0-0-0-0-0-0-0-0-0-0-0-0-0-0-0-0-0-0-0-0-0-0-0-0-0-0-0-0-0-0-0-0-0-
[WARN] [1790581768.763672041] [uav6.mavros.sys]: FCU: EVENT 453929 with args -255-255-255-255-7-0-0-0-0-0-0-0-0-0-0-0-0-0-0-0-0-0-0-0-0-0-0-0-0-0-0-0-0-0-0-0-0-0-0-0-
[INFO] [1790581768.763719427] [uav6.mavros.sys]: FCU: EVENT 6801787 with args -255-255-255-255-12-0-0-0-0-0-0-0-0-0-0-0-0-0-0-0-0-0-0-0-0-0-0-0-0-0-0-0-0-0-0-0-0-0-0-0-
[WARN] [1790581768.763839863] [uav6.mavros.sys]: FCU: UNK(8): EVENT 1914663 with args -0-10-9-2-56-0-0-0-0-0-0-0-0-0-0-0-0-0-0-0-0-0-0-0-0-0-0-0-0-0-0-0-0-0-0-0-0-0-0-0-
[INFO] [1790581770.987646419] [rclcpp]: signal_handler(SIGINT/SIGTERM)
[WARN] [1790581770.993843796] [uav6.mavros]: UAS Executor terminated
