[INFO] [1790581439.180784667] [uav8.mavros_node]: Starting mavros_node container
[INFO] [1790581439.182380358] [uav8.mavros_node]: FCU URL: udp://:14547@127.0.0.1:14587
[INFO] [1790581439.182405976] [uav8.mavros_node]: GCS URL: 
[INFO] [1790581439.182412347] [uav8.mavros_node]: UAS Prefix: /uas8
[INFO] [1790581439.182417163] [uav8.mavros_node]: Starting mavros router node
[INFO] [1790581439.270272988] [uav8.mavros_router]: Built-in SIMD instructions: SSE, SSE2
[INFO] [1790581439.270331882] [uav8.mavros_router]: Built-in MAVLink package version: 2026.8.8
[INFO] [1790581439.274463204] [uav8.mavros_router]: Known MAVLink dialects: common ardupilotmega ASLUAV AVSSUAS all csAirLink cubepilot development icarous loweheiser marsh paparazzi standard stemstudios storm32 uAvionix ualberta
[INFO] [1790581439.274506015] [uav8.mavros_router]: MAVROS Router started
[INFO] [1790581439.274948781] [uav8.mavros_node]: Starting mavros uas node
[INFO] [1790581439.514498728] [uav8.mavros_router]: Requested to add endpoint: type: 0, url: udp://:14547@127.0.0.1:14587
[INFO] [1790581439.514563369] [uav8.mavros_router]: Endpoint link[1000] created
[INFO] [1790581439.514808550] [uav8.mavros_router]: link[1000] opened successfully
[INFO] [1790581439.514829242] [uav8.mavros_router]: Requested to add endpoint: type: 2, url: /uas8
[INFO] [1790581439.514843654] [uav8.mavros_router]: Endpoint link[1001] created
[INFO] [1790581439.519465445] [uav8.mavros_router]: link[1000] detected remote address 8.1
[INFO] [1790581439.530038175] [uav8.mavros]: Plugin actuator_control ignored
[INFO] [1790581439.530239894] [uav8.mavros]: Plugin altitude ignored
[INFO] [1790581439.530113972] [uav8.mavros]: UAS Executor started, threads: 4
[INFO] [1790581439.600818499] [uav8.mavros_router]: link[1001] opened successfully
[INFO] [1790581439.839623826] [uav8.mavros]: Plugin command created
[INFO] [1790581439.839696726] [uav8.mavros]: Plugin command initialized
[INFO] [1790581439.839708711] [uav8.mavros]: Plugin ftp ignored
[INFO] [1790581439.839715474] [uav8.mavros]: Plugin geofence ignored
[INFO] [1790581440.070772719] [uav8.mavros]: Plugin global_position created
[INFO] [1790581440.070839795] [uav8.mavros]: Plugin global_position initialized
[INFO] [1790581440.070851454] [uav8.mavros]: Plugin home_position ignored
[INFO] [1790581440.070857702] [uav8.mavros]: Plugin imu ignored
[INFO] [1790581440.420639107] [uav8.mavros]: Plugin local_position created
[INFO] [1790581440.420755315] [uav8.mavros]: Plugin local_position initialized
[INFO] [1790581440.420775196] [uav8.mavros]: Plugin manual_control ignored
[INFO] [1790581440.420786460] [uav8.mavros]: Plugin nav_controller_output ignored
[INFO] [1790581440.420796876] [uav8.mavros]: Plugin param ignored
[INFO] [1790581440.420807737] [uav8.mavros]: Plugin rallypoint ignored
[INFO] [1790581440.420824753] [uav8.mavros]: Plugin rc_io ignored
[INFO] [1790581440.420835178] [uav8.mavros]: Plugin setpoint_accel ignored
[INFO] [1790581440.420844460] [uav8.mavros]: Plugin setpoint_attitude ignored
[INFO] [1790581440.420854028] [uav8.mavros]: Plugin setpoint_position ignored
[INFO] [1790581440.420863784] [uav8.mavros]: Plugin setpoint_raw ignored
[INFO] [1790581440.420873006] [uav8.mavros]: Plugin setpoint_trajectory ignored
[INFO] [1790581440.733081322] [uav8.mavros]: Plugin setpoint_velocity created
[INFO] [1790581440.733153306] [uav8.mavros]: Plugin setpoint_velocity initialized
[INFO] [1790581441.068596286] [uav8.mavros]: Plugin sys_status created
[INFO] [1790581441.068668363] [uav8.mavros]: Plugin sys_status initialized
[INFO] [1790581441.183371858] [uav8.mavros.time]: TM: Timesync mode: MAVLINK
[INFO] [1790581441.211130139] [uav8.mavros]: Plugin sys_time created
[INFO] [1790581441.211446202] [uav8.mavros]: Plugin sys_time initialized
[INFO] [1790581441.211460588] [uav8.mavros]: Plugin waypoint ignored
[INFO] [1790581441.211468036] [uav8.mavros]: Plugin wind_estimation ignored
[INFO] [1790581441.348109495] [uav8.mavros]: Built-in SIMD instructions: SSE, SSE2
[INFO] [1790581441.348162665] [uav8.mavros]: Built-in MAVLink package version: 2026.8.8
[INFO] [1790581441.348198135] [uav8.mavros]: Known MAVLink dialects: common ardupilotmega ASLUAV AVSSUAS all csAirLink cubepilot development icarous loweheiser marsh paparazzi standard stemstudios storm32 uAvionix ualberta
[INFO] [1790581441.348206587] [uav8.mavros]: MAVROS UAS via /uas8 started. MY ID 8.191, TARGET ID 8.1
[INFO] [1790581441.425124993] [uav8.mavros_router]: link[1001] detected remote address 8.191
[INFO] [1790581441.738390081] [uav8.mavros]: CON: Got HEARTBEAT, connected. FCU: PX4 Autopilot
[INFO] [1790581442.770096930] [uav8.mavros.sys]: VER: 8.1: Capabilities         0x000000000000e8ff
[INFO] [1790581442.770162082] [uav8.mavros.sys]: VER: 8.1: Flight software:     011200c0 (fca3df865a000000)
[INFO] [1790581442.770169811] [uav8.mavros.sys]: VER: 8.1: Middleware software: 011200c0 (fca3df865a000000)
[INFO] [1790581442.770175198] [uav8.mavros.sys]: VER: 8.1: OS software:         070000ff (17040b9f87cb1791)
[INFO] [1790581442.770180243] [uav8.mavros.sys]: VER: 8.1: Board hardware:      00000001
[INFO] [1790581442.770185450] [uav8.mavros.sys]: VER: 8.1: VID/PID:             0000:0000
[INFO] [1790581442.770190599] [uav8.mavros.sys]: VER: 8.1: UID:                 4954414c44494e56
[WARN] [1790581442.774104666] [uav8.mavros.cmd]: CMD: Unexpected command 512, result 0
[WARN] [1790581452.577742279] [uav8.mavros.sys]: FCU: UNK(8): EVENT 11047904 with args -0-0-0-0-0-128-0-0-0-176-122-127-128-176-122-127-128-0-0-0-0-0-0-0-0-0-0-0-0-0-0-0-0-0-0-0-0-0-0-0-
[INFO] [1790581452.577906661] [uav8.mavros.sys]: FCU: EVENT 377561 with args -8-0-0-0-20-0-0-0-0-0-0-0-0-0-0-0-0-0-0-0-0-0-0-0-0-0-0-0-0-0-0-0-0-0-0-0-0-0-0-0-
[WARN] [1790581452.577954283] [uav8.mavros.sys]: FCU: EVENT 453929 with args -255-255-255-255-7-0-0-0-0-0-0-0-0-0-0-0-0-0-0-0-0-0-0-0-0-0-0-0-0-0-0-0-0-0-0-0-0-0-0-0-
[INFO] [1790581452.577986314] [uav8.mavros.sys]: FCU: EVENT 6801787 with args -255-255-255-255-12-0-0-0-0-0-0-0-0-0-0-0-0-0-0-0-0-0-0-0-0-0-0-0-0-0-0-0-0-0-0-0-0-0-0-0-
[WARN] [1790581452.578015244] [uav8.mavros.sys]: FCU: UNK(8): EVENT 1914663 with args -0-10-13-2-56-0-0-0-0-0-0-0-0-0-0-0-0-0-0-0-0-0-0-0-0-0-0-0-0-0-0-0-0-0-0-0-0-0-0-0-
[WARN] [1790581457.090136775] [uav8.mavros.cmd]: CMD: Unexpected command 176, result 0
[INFO] [1790581458.119236682] [uav8.mavros.sys]: FCU: EVENT 9489139 with args -4-0-0-0-0-0-0-0-0-0-0-0-0-0-0-0-0-0-0-0-0-0-0-0-0-0-0-0-0-0-0-0-0-0-0-0-0-0-0-0-
[INFO] [1790581459.893222253] [uav8.mavros.sys]: FCU: EVENT 4277609 with args -0-0-0-0-0-0-0-0-0-0-0-0-0-0-0-0-0-0-0-0-0-0-0-0-0-0-0-0-0-0-0-0-0-0-0-0-0-0-0-0-
[WARN] [1790581727.309565554] [uav8.mavros.cmd]: CMD: Unexpected command 176, result 0
[INFO] [1790581762.031304182] [uav8.mavros.sys]: FCU: EVENT 9844908 with args -0-0-0-0-0-0-0-0-0-0-0-0-0-0-0-0-0-0-0-0-0-0-0-0-0-0-0-0-0-0-0-0-0-0-0-0-0-0-0-0-
[INFO] [1790581764.263558705] [uav8.mavros.sys]: FCU: EVENT 16017271 with args -6-0-0-0-0-0-0-0-0-0-0-0-0-0-0-0-0-0-0-0-0-0-0-0-0-0-0-0-0-0-0-0-0-0-0-0-0-0-0-0-
[WARN] [1790581767.796803348] [uav8.mavros.sys]: FCU: UNK(8): EVENT 11047904 with args -0-0-0-0-0-128-0-0-0-176-122-127-128-176-122-127-128-0-0-0-0-0-0-0-0-0-0-0-0-0-0-0-0-0-0-0-0-0-0-0-
[INFO] [1790581767.796987527] [uav8.mavros.sys]: FCU: EVENT 377561 with args -8-0-0-0-20-0-0-0-0-0-0-0-0-0-0-0-0-0-0-0-0-0-0-0-0-0-0-0-0-0-0-0-0-0-0-0-0-0-0-0-
[WARN] [1790581767.797060884] [uav8.mavros.sys]: FCU: EVENT 453929 with args -255-255-255-255-7-0-0-0-0-0-0-0-0-0-0-0-0-0-0-0-0-0-0-0-0-0-0-0-0-0-0-0-0-0-0-0-0-0-0-0-
[INFO] [1790581767.797100267] [uav8.mavros.sys]: FCU: EVENT 6801787 with args -255-255-255-255-12-0-0-0-0-0-0-0-0-0-0-0-0-0-0-0-0-0-0-0-0-0-0-0-0-0-0-0-0-0-0-0-0-0-0-0-
[WARN] [1790581767.797134367] [uav8.mavros.sys]: FCU: UNK(8): EVENT 1914663 with args -0-10-9-2-56-0-0-0-0-0-0-0-0-0-0-0-0-0-0-0-0-0-0-0-0-0-0-0-0-0-0-0-0-0-0-0-0-0-0-0-
[INFO] [1790581770.990444293] [rclcpp]: signal_handler(SIGINT/SIGTERM)
[WARN] [1790581770.998607389] [uav8.mavros]: UAS Executor terminated
