[INFO] [1790497159.003632246] [uav4.mavros_node]: Starting mavros_node container
[INFO] [1790497159.011366024] [uav4.mavros_node]: FCU URL: udp://:14543@127.0.0.1:14583
[INFO] [1790497159.011448549] [uav4.mavros_node]: GCS URL: 
[INFO] [1790497159.011466311] [uav4.mavros_node]: UAS Prefix: /uas4
[INFO] [1790497159.011480834] [uav4.mavros_node]: Starting mavros router node
[INFO] [1790497159.204770725] [uav4.mavros_router]: Built-in SIMD instructions: SSE, SSE2
[INFO] [1790497159.204911789] [uav4.mavros_router]: Built-in MAVLink package version: 2026.8.8
[INFO] [1790497159.204951460] [uav4.mavros_router]: Known MAVLink dialects: common ardupilotmega ASLUAV AVSSUAS all csAirLink cubepilot development icarous loweheiser marsh paparazzi standard stemstudios storm32 uAvionix ualberta
[INFO] [1790497159.204993453] [uav4.mavros_router]: MAVROS Router started
[INFO] [1790497159.205628717] [uav4.mavros_node]: Starting mavros uas node
[INFO] [1790497159.940949063] [uav4.mavros_router]: Requested to add endpoint: type: 0, url: udp://:14543@127.0.0.1:14583
[INFO] [1790497159.941077632] [uav4.mavros_router]: Endpoint link[1000] created
[INFO] [1790497159.953601364] [uav4.mavros_router]: link[1000] opened successfully
[INFO] [1790497159.953712918] [uav4.mavros_router]: Requested to add endpoint: type: 2, url: /uas4
[INFO] [1790497159.953769332] [uav4.mavros_router]: Endpoint link[1001] created
[INFO] [1790497159.958594359] [uav4.mavros_router]: link[1000] detected remote address 4.1
[INFO] [1790497160.013748143] [uav4.mavros]: Plugin actuator_control ignored
[INFO] [1790497160.013850890] [uav4.mavros]: Plugin altitude ignored
[INFO] [1790497160.015450069] [uav4.mavros]: UAS Executor started, threads: 4
[INFO] [1790497160.302225360] [uav4.mavros_router]: link[1001] opened successfully
[INFO] [1790497160.511300004] [uav4.mavros]: Plugin command created
[INFO] [1790497160.511419933] [uav4.mavros]: Plugin command initialized
[INFO] [1790497160.511448911] [uav4.mavros]: Plugin ftp ignored
[INFO] [1790497160.511464325] [uav4.mavros]: Plugin geofence ignored
[INFO] [1790497161.129602131] [uav4.mavros]: Plugin global_position created
[INFO] [1790497161.140080225] [uav4.mavros]: Plugin global_position initialized
[INFO] [1790497161.142107419] [uav4.mavros]: Plugin home_position ignored
[INFO] [1790497161.143747140] [uav4.mavros]: Plugin imu ignored
[INFO] [1790497161.825777492] [uav4.mavros]: Plugin local_position created
[INFO] [1790497161.825899931] [uav4.mavros]: Plugin local_position initialized
[INFO] [1790497161.825933709] [uav4.mavros]: Plugin manual_control ignored
[INFO] [1790497161.840611103] [uav4.mavros]: Plugin nav_controller_output ignored
[INFO] [1790497161.840635756] [uav4.mavros]: Plugin param ignored
[INFO] [1790497161.840652540] [uav4.mavros]: Plugin rallypoint ignored
[INFO] [1790497161.840668524] [uav4.mavros]: Plugin rc_io ignored
[INFO] [1790497161.840685300] [uav4.mavros]: Plugin setpoint_accel ignored
[INFO] [1790497161.840701840] [uav4.mavros]: Plugin setpoint_attitude ignored
[INFO] [1790497161.840745751] [uav4.mavros]: Plugin setpoint_position ignored
[INFO] [1790497161.840763523] [uav4.mavros]: Plugin setpoint_raw ignored
[INFO] [1790497161.840779256] [uav4.mavros]: Plugin setpoint_trajectory ignored
[INFO] [1790497162.337371787] [uav4.mavros]: Plugin setpoint_velocity created
[INFO] [1790497162.337498259] [uav4.mavros]: Plugin setpoint_velocity initialized
[INFO] [1790497163.638885863] [uav4.mavros]: Plugin sys_status created
[INFO] [1790497163.654241037] [uav4.mavros]: Plugin sys_status initialized
[INFO] [1790497164.095596557] [uav4.mavros.time]: TM: Timesync mode: MAVLINK
[INFO] [1790497164.161222868] [uav4.mavros]: Plugin sys_time created
[INFO] [1790497164.161337285] [uav4.mavros]: Plugin sys_time initialized
[INFO] [1790497164.163490507] [uav4.mavros]: Plugin waypoint ignored
[INFO] [1790497164.164080683] [uav4.mavros]: Plugin wind_estimation ignored
[INFO] [1790497164.320115632] [uav4.mavros]: Built-in SIMD instructions: SSE, SSE2
[INFO] [1790497164.320195989] [uav4.mavros]: Built-in MAVLink package version: 2026.8.8
[INFO] [1790497164.320237400] [uav4.mavros]: Known MAVLink dialects: common ardupilotmega ASLUAV AVSSUAS all csAirLink cubepilot development icarous loweheiser marsh paparazzi standard stemstudios storm32 uAvionix ualberta
[INFO] [1790497164.320257926] [uav4.mavros]: MAVROS UAS via /uas4 started. MY ID 4.191, TARGET ID 4.1
[INFO] [1790497164.365686708] [uav4.mavros_router]: link[1001] detected remote address 4.191
[INFO] [1790497164.731499658] [uav4.mavros.sys]: VER: 4.1: Capabilities         0x000000000000e8ff
[INFO] [1790497164.731604774] [uav4.mavros.sys]: VER: 4.1: Flight software:     011200c0 (fca3df865a000000)
[INFO] [1790497164.731624130] [uav4.mavros.sys]: VER: 4.1: Middleware software: 011200c0 (fca3df865a000000)
[INFO] [1790497164.731637763] [uav4.mavros.sys]: VER: 4.1: OS software:         070000ff (17040b9f87cb1791)
[INFO] [1790497164.731650125] [uav4.mavros.sys]: VER: 4.1: Board hardware:      00000001
[INFO] [1790497164.731662300] [uav4.mavros.sys]: VER: 4.1: VID/PID:             0000:0000
[INFO] [1790497164.731674964] [uav4.mavros.sys]: VER: 4.1: UID:                 4954414c44494e52
[WARN] [1790497164.731752942] [uav4.mavros.cmd]: CMD: Unexpected command 512, result 0
[INFO] [1790497164.916151676] [uav4.mavros]: CON: Got HEARTBEAT, connected. FCU: PX4 Autopilot
[INFO] [1790497166.013908158] [uav4.mavros.sys]: VER: 4.1: Capabilities         0x000000000000e8ff
[INFO] [1790497166.014016063] [uav4.mavros.sys]: VER: 4.1: Flight software:     011200c0 (fca3df865a000000)
[INFO] [1790497166.014034676] [uav4.mavros.sys]: VER: 4.1: Middleware software: 011200c0 (fca3df865a000000)
[INFO] [1790497166.014054556] [uav4.mavros.sys]: VER: 4.1: OS software:         070000ff (17040b9f87cb1791)
[INFO] [1790497166.014066965] [uav4.mavros.sys]: VER: 4.1: Board hardware:      00000001
[INFO] [1790497166.014078027] [uav4.mavros.sys]: VER: 4.1: VID/PID:             0000:0000
[INFO] [1790497166.014090481] [uav4.mavros.sys]: VER: 4.1: UID:                 4954414c44494e52
[WARN] [1790497166.220690389] [uav4.mavros.sys]: VER: broadcast request timeout, retries left 4
[WARN] [1790497209.864848463] [uav4.mavros.sys]: FCU: UNK(8): EVENT 11047904 with args -0-0-0-0-0-128-0-0-0-176-122-127-128-176-122-127-128-0-0-0-0-0-0-0-0-0-0-0-0-0-0-0-0-0-0-0-0-0-0-0-
[INFO] [1790497209.872040505] [uav4.mavros.sys]: FCU: EVENT 377561 with args -8-0-0-0-20-0-0-0-0-0-0-0-0-0-0-0-0-0-0-0-0-0-0-0-0-0-0-0-0-0-0-0-0-0-0-0-0-0-0-0-
[WARN] [1790497209.879046370] [uav4.mavros.sys]: FCU: EVENT 453929 with args -255-255-255-255-7-0-0-0-0-0-0-0-0-0-0-0-0-0-0-0-0-0-0-0-0-0-0-0-0-0-0-0-0-0-0-0-0-0-0-0-
[INFO] [1790497209.886462777] [uav4.mavros.sys]: FCU: EVENT 6801787 with args -255-255-255-255-12-0-0-0-0-0-0-0-0-0-0-0-0-0-0-0-0-0-0-0-0-0-0-0-0-0-0-0-0-0-0-0-0-0-0-0-
[WARN] [1790497209.886734536] [uav4.mavros.sys]: FCU: UNK(8): EVENT 1914663 with args -0-10-13-2-56-0-0-0-0-0-0-0-0-0-0-0-0-0-0-0-0-0-0-0-0-0-0-0-0-0-0-0-0-0-0-0-0-0-0-0-
[WARN] [1790497211.621423203] [uav4.mavros.cmd]: CMD: Unexpected command 176, result 0
[INFO] [1790497212.426559917] [uav4.mavros.sys]: FCU: EVENT 9489139 with args -4-0-0-0-0-0-0-0-0-0-0-0-0-0-0-0-0-0-0-0-0-0-0-0-0-0-0-0-0-0-0-0-0-0-0-0-0-0-0-0-
[INFO] [1790497215.136160327] [uav4.mavros.sys]: FCU: EVENT 4277609 with args -0-0-0-0-0-0-0-0-0-0-0-0-0-0-0-0-0-0-0-0-0-0-0-0-0-0-0-0-0-0-0-0-0-0-0-0-0-0-0-0-
[WARN] [1790497551.647252493] [uav4.mavros.cmd]: CMD: Unexpected command 176, result 0
[INFO] [1790497594.962654623] [uav4.mavros.sys]: FCU: EVENT 9844908 with args -0-0-0-0-0-0-0-0-0-0-0-0-0-0-0-0-0-0-0-0-0-0-0-0-0-0-0-0-0-0-0-0-0-0-0-0-0-0-0-0-
[INFO] [1790497598.045641074] [uav4.mavros.sys]: FCU: EVENT 16017271 with args -6-0-0-0-0-0-0-0-0-0-0-0-0-0-0-0-0-0-0-0-0-0-0-0-0-0-0-0-0-0-0-0-0-0-0-0-0-0-0-0-
[WARN] [1790497603.888157415] [uav4.mavros.sys]: FCU: UNK(8): EVENT 11047904 with args -0-0-0-0-0-128-0-0-0-176-122-127-128-176-122-127-128-0-0-0-0-0-0-0-0-0-0-0-0-0-0-0-0-0-0-0-0-0-0-0-
[INFO] [1790497603.888800975] [uav4.mavros.sys]: FCU: EVENT 377561 with args -8-0-0-0-20-0-0-0-0-0-0-0-0-0-0-0-0-0-0-0-0-0-0-0-0-0-0-0-0-0-0-0-0-0-0-0-0-0-0-0-
[WARN] [1790497603.890725071] [uav4.mavros.sys]: FCU: EVENT 453929 with args -255-255-255-255-7-0-0-0-0-0-0-0-0-0-0-0-0-0-0-0-0-0-0-0-0-0-0-0-0-0-0-0-0-0-0-0-0-0-0-0-
[INFO] [1790497603.891370094] [uav4.mavros.sys]: FCU: EVENT 6801787 with args -255-255-255-255-12-0-0-0-0-0-0-0-0-0-0-0-0-0-0-0-0-0-0-0-0-0-0-0-0-0-0-0-0-0-0-0-0-0-0-0-
[WARN] [1790497603.891540739] [uav4.mavros.sys]: FCU: UNK(8): EVENT 1914663 with args -0-10-9-2-56-0-0-0-0-0-0-0-0-0-0-0-0-0-0-0-0-0-0-0-0-0-0-0-0-0-0-0-0-0-0-0-0-0-0-0-
[WARN] [1790497614.334980738] [uav4.mavros.sys]: FCU: UNK(8): EVENT 11047904 with args -0-0-0-16-0-128-0-0-0-176-58-127-128-176-58-127-128-0-0-0-0-0-0-0-0-0-0-0-0-0-0-0-0-0-0-0-0-0-0-0-
[ERROR] [1790497614.337761441] [uav4.mavros.sys]: FCU: EVENT 11464574 with args -0-64-0-0-20-0-0-0-0-0-0-0-0-0-0-0-0-0-0-0-0-0-0-0-0-0-0-0-0-0-0-0-0-0-0-0-0-0-0-0-
[INFO] [1790497614.338722636] [uav4.mavros.sys]: FCU: EVENT 377561 with args -8-0-0-0-20-0-0-0-0-0-0-0-0-0-0-0-0-0-0-0-0-0-0-0-0-0-0-0-0-0-0-0-0-0-0-0-0-0-0-0-
[WARN] [1790497614.338878416] [uav4.mavros.sys]: FCU: EVENT 453929 with args -255-255-255-255-7-0-0-0-0-0-0-0-0-0-0-0-0-0-0-0-0-0-0-0-0-0-0-0-0-0-0-0-0-0-0-0-0-0-0-0-
[INFO] [1790497614.338992645] [uav4.mavros.sys]: FCU: EVENT 6801787 with args -255-255-255-255-12-0-0-0-0-0-0-0-0-0-0-0-0-0-0-0-0-0-0-0-0-0-0-0-0-0-0-0-0-0-0-0-0-0-0-0-
[WARN] [1790497614.339091064] [uav4.mavros.sys]: FCU: UNK(8): EVENT 1914663 with args -0-10-9-2-56-0-0-0-0-0-0-0-0-0-0-0-0-0-0-0-0-0-0-0-0-0-0-0-0-0-0-0-0-0-0-0-0-0-0-0-
[WARN] [1790497614.363246080] [uav4.mavros.sys]: FCU: EVENT 13277401 with args -0-0-6-0-0-0-0-0-0-0-0-0-0-0-0-0-0-0-0-0-0-0-0-0-0-0-0-0-0-0-0-0-0-0-0-0-0-0-0-0-
[INFO] [1790497615.303914189] [rclcpp]: signal_handler(SIGINT/SIGTERM)
[WARN] [1790497615.308671655] [uav4.mavros]: UAS Executor terminated
