[INFO] [1790497159.184756727] [uav9.mavros_node]: Starting mavros_node container
[INFO] [1790497159.185206624] [uav9.mavros_node]: FCU URL: udp://:14548@127.0.0.1:14588
[INFO] [1790497159.185260921] [uav9.mavros_node]: GCS URL: 
[INFO] [1790497159.185290993] [uav9.mavros_node]: UAS Prefix: /uas9
[INFO] [1790497159.185318741] [uav9.mavros_node]: Starting mavros router node
[INFO] [1790497159.505097362] [uav9.mavros_router]: Built-in SIMD instructions: SSE, SSE2
[INFO] [1790497159.506085098] [uav9.mavros_router]: Built-in MAVLink package version: 2026.8.8
[INFO] [1790497159.506143069] [uav9.mavros_router]: Known MAVLink dialects: common ardupilotmega ASLUAV AVSSUAS all csAirLink cubepilot development icarous loweheiser marsh paparazzi standard stemstudios storm32 uAvionix ualberta
[INFO] [1790497159.506164510] [uav9.mavros_router]: MAVROS Router started
[INFO] [1790497159.506477416] [uav9.mavros_node]: Starting mavros uas node
[INFO] [1790497160.598809200] [uav9.mavros_router]: Requested to add endpoint: type: 0, url: udp://:14548@127.0.0.1:14588
[INFO] [1790497160.598954627] [uav9.mavros_router]: Endpoint link[1000] created
[INFO] [1790497160.601854973] [uav9.mavros]: Plugin actuator_control ignored
[INFO] [1790497160.607786342] [uav9.mavros]: Plugin altitude ignored
[INFO] [1790497160.611988883] [uav9.mavros_router]: link[1000] detected remote address 9.1
[WARN] [1790497160.612126955] [uav9.mavros_router]: Message dropped: msgid: 30, source: 9.1, target: 0.0
[INFO] [1790497160.602775550] [uav9.mavros]: UAS Executor started, threads: 4
[INFO] [1790497160.607049840] [uav9.mavros_router]: link[1000] opened successfully
[INFO] [1790497160.621561775] [uav9.mavros_router]: Requested to add endpoint: type: 2, url: /uas9
[INFO] [1790497160.621611741] [uav9.mavros_router]: Endpoint link[1001] created
[INFO] [1790497160.966491640] [uav9.mavros_router]: link[1001] opened successfully
[INFO] [1790497161.523697481] [uav9.mavros]: Plugin command created
[INFO] [1790497161.523825784] [uav9.mavros]: Plugin command initialized
[INFO] [1790497161.523854627] [uav9.mavros]: Plugin ftp ignored
[INFO] [1790497161.523888115] [uav9.mavros]: Plugin geofence ignored
[INFO] [1790497162.208443447] [uav9.mavros]: Plugin global_position created
[INFO] [1790497162.208576543] [uav9.mavros]: Plugin global_position initialized
[INFO] [1790497162.208603560] [uav9.mavros]: Plugin home_position ignored
[INFO] [1790497162.208619806] [uav9.mavros]: Plugin imu ignored
[INFO] [1790497163.005292391] [uav9.mavros]: Plugin local_position created
[INFO] [1790497163.010726319] [uav9.mavros]: Plugin local_position initialized
[INFO] [1790497163.010827077] [uav9.mavros]: Plugin manual_control ignored
[INFO] [1790497163.010846638] [uav9.mavros]: Plugin nav_controller_output ignored
[INFO] [1790497163.010871853] [uav9.mavros]: Plugin param ignored
[INFO] [1790497163.010890826] [uav9.mavros]: Plugin rallypoint ignored
[INFO] [1790497163.010903214] [uav9.mavros]: Plugin rc_io ignored
[INFO] [1790497163.010915431] [uav9.mavros]: Plugin setpoint_accel ignored
[INFO] [1790497163.010927202] [uav9.mavros]: Plugin setpoint_attitude ignored
[INFO] [1790497163.010939582] [uav9.mavros]: Plugin setpoint_position ignored
[INFO] [1790497163.010951426] [uav9.mavros]: Plugin setpoint_raw ignored
[INFO] [1790497163.010963663] [uav9.mavros]: Plugin setpoint_trajectory ignored
[INFO] [1790497163.920652141] [uav9.mavros]: Plugin setpoint_velocity created
[INFO] [1790497163.920774629] [uav9.mavros]: Plugin setpoint_velocity initialized
[INFO] [1790497165.831337666] [uav9.mavros]: Plugin sys_status created
[INFO] [1790497165.846122981] [uav9.mavros]: Plugin sys_status initialized
[INFO] [1790497166.869541043] [uav9.mavros.time]: TM: Timesync mode: MAVLINK
[INFO] [1790497167.090883966] [uav9.mavros]: Plugin sys_time created
[INFO] [1790497167.091001978] [uav9.mavros]: Plugin sys_time initialized
[INFO] [1790497167.091025918] [uav9.mavros]: Plugin waypoint ignored
[INFO] [1790497167.091041531] [uav9.mavros]: Plugin wind_estimation ignored
[INFO] [1790497167.170744322] [uav9.mavros]: Built-in SIMD instructions: SSE, SSE2
[INFO] [1790497167.170849607] [uav9.mavros]: Built-in MAVLink package version: 2026.8.8
[INFO] [1790497167.170878568] [uav9.mavros]: Known MAVLink dialects: common ardupilotmega ASLUAV AVSSUAS all csAirLink cubepilot development icarous loweheiser marsh paparazzi standard stemstudios storm32 uAvionix ualberta
[INFO] [1790497167.170901122] [uav9.mavros]: MAVROS UAS via /uas9 started. MY ID 9.191, TARGET ID 9.1
[INFO] [1790497167.278095025] [uav9.mavros_router]: link[1001] detected remote address 9.191
[WARN] [1790497168.011706956] [uav9.mavros.sys]: VER: broadcast request timeout, retries left 4
[INFO] [1790497168.065213592] [uav9.mavros]: CON: Got HEARTBEAT, connected. FCU: PX4 Autopilot
[INFO] [1790497168.115622540] [uav9.mavros.sys]: VER: 9.1: Capabilities         0x000000000000e8ff
[INFO] [1790497168.115729700] [uav9.mavros.sys]: VER: 9.1: Flight software:     011200c0 (fca3df865a000000)
[INFO] [1790497168.115760845] [uav9.mavros.sys]: VER: 9.1: Middleware software: 011200c0 (fca3df865a000000)
[INFO] [1790497168.115776465] [uav9.mavros.sys]: VER: 9.1: OS software:         070000ff (17040b9f87cb1791)
[INFO] [1790497168.115790833] [uav9.mavros.sys]: VER: 9.1: Board hardware:      00000001
[INFO] [1790497168.115804786] [uav9.mavros.sys]: VER: 9.1: VID/PID:             0000:0000
[INFO] [1790497168.115819757] [uav9.mavros.sys]: VER: 9.1: UID:                 4954414c44494e57
[WARN] [1790497168.115899460] [uav9.mavros.cmd]: CMD: Unexpected command 512, result 0
[WARN] [1790497178.388573633] [uav9.mavros.sys]: FCU: UNK(8): EVENT 11047904 with args -0-0-0-0-0-128-0-0-0-176-122-127-128-176-122-127-128-0-0-0-0-0-0-0-0-0-0-0-0-0-0-0-0-0-0-0-0-0-0-0-
[INFO] [1790497178.401712220] [uav9.mavros.sys]: FCU: EVENT 377561 with args -8-0-0-0-20-0-0-0-0-0-0-0-0-0-0-0-0-0-0-0-0-0-0-0-0-0-0-0-0-0-0-0-0-0-0-0-0-0-0-0-
[WARN] [1790497178.409492553] [uav9.mavros.sys]: FCU: EVENT 453929 with args -255-255-255-255-7-0-0-0-0-0-0-0-0-0-0-0-0-0-0-0-0-0-0-0-0-0-0-0-0-0-0-0-0-0-0-0-0-0-0-0-
[INFO] [1790497178.418234558] [uav9.mavros.sys]: FCU: EVENT 6801787 with args -255-255-255-255-12-0-0-0-0-0-0-0-0-0-0-0-0-0-0-0-0-0-0-0-0-0-0-0-0-0-0-0-0-0-0-0-0-0-0-0-
[WARN] [1790497178.423366605] [uav9.mavros.sys]: FCU: UNK(8): EVENT 1914663 with args -0-10-13-2-56-0-0-0-0-0-0-0-0-0-0-0-0-0-0-0-0-0-0-0-0-0-0-0-0-0-0-0-0-0-0-0-0-0-0-0-
[WARN] [1790497209.257733282] [uav9.mavros.cmd]: CMD: Unexpected command 176, result 0
[INFO] [1790497210.269360925] [uav9.mavros.sys]: FCU: EVENT 9489139 with args -4-0-0-0-0-0-0-0-0-0-0-0-0-0-0-0-0-0-0-0-0-0-0-0-0-0-0-0-0-0-0-0-0-0-0-0-0-0-0-0-
[INFO] [1790497213.259763267] [uav9.mavros.sys]: FCU: EVENT 4277609 with args -0-0-0-0-0-0-0-0-0-0-0-0-0-0-0-0-0-0-0-0-0-0-0-0-0-0-0-0-0-0-0-0-0-0-0-0-0-0-0-0-
[WARN] [1790497551.640257649] [uav9.mavros.cmd]: CMD: Unexpected command 176, result 0
[INFO] [1790497597.932162422] [uav9.mavros.sys]: FCU: EVENT 9844908 with args -0-0-0-0-0-0-0-0-0-0-0-0-0-0-0-0-0-0-0-0-0-0-0-0-0-0-0-0-0-0-0-0-0-0-0-0-0-0-0-0-
[INFO] [1790497601.152960132] [uav9.mavros.sys]: FCU: EVENT 16017271 with args -6-0-0-0-0-0-0-0-0-0-0-0-0-0-0-0-0-0-0-0-0-0-0-0-0-0-0-0-0-0-0-0-0-0-0-0-0-0-0-0-
[WARN] [1790497606.703301768] [uav9.mavros.sys]: FCU: UNK(8): EVENT 11047904 with args -0-0-0-0-0-128-0-0-0-176-122-127-128-176-122-127-128-0-0-0-0-0-0-0-0-0-0-0-0-0-0-0-0-0-0-0-0-0-0-0-
[INFO] [1790497606.703643519] [uav9.mavros.sys]: FCU: EVENT 377561 with args -8-0-0-0-20-0-0-0-0-0-0-0-0-0-0-0-0-0-0-0-0-0-0-0-0-0-0-0-0-0-0-0-0-0-0-0-0-0-0-0-
[WARN] [1790497606.703774648] [uav9.mavros.sys]: FCU: EVENT 453929 with args -255-255-255-255-7-0-0-0-0-0-0-0-0-0-0-0-0-0-0-0-0-0-0-0-0-0-0-0-0-0-0-0-0-0-0-0-0-0-0-0-
[INFO] [1790497606.704228597] [uav9.mavros.sys]: FCU: EVENT 6801787 with args -255-255-255-255-12-0-0-0-0-0-0-0-0-0-0-0-0-0-0-0-0-0-0-0-0-0-0-0-0-0-0-0-0-0-0-0-0-0-0-0-
[WARN] [1790497606.704453694] [uav9.mavros.sys]: FCU: UNK(8): EVENT 1914663 with args -0-10-9-2-56-0-0-0-0-0-0-0-0-0-0-0-0-0-0-0-0-0-0-0-0-0-0-0-0-0-0-0-0-0-0-0-0-0-0-0-
[WARN] [1790497614.429583699] [uav9.mavros.sys]: FCU: UNK(8): EVENT 11047904 with args -0-0-0-16-0-128-0-0-0-176-58-127-128-176-58-127-128-0-0-0-0-0-0-0-0-0-0-0-0-0-0-0-0-0-0-0-0-0-0-0-
[ERROR] [1790497614.429798031] [uav9.mavros.sys]: FCU: EVENT 11464574 with args -0-64-0-0-20-0-0-0-0-0-0-0-0-0-0-0-0-0-0-0-0-0-0-0-0-0-0-0-0-0-0-0-0-0-0-0-0-0-0-0-
[INFO] [1790497614.429989985] [uav9.mavros.sys]: FCU: EVENT 377561 with args -8-0-0-0-20-0-0-0-0-0-0-0-0-0-0-0-0-0-0-0-0-0-0-0-0-0-0-0-0-0-0-0-0-0-0-0-0-0-0-0-
[WARN] [1790497614.430108492] [uav9.mavros.sys]: FCU: EVENT 453929 with args -255-255-255-255-7-0-0-0-0-0-0-0-0-0-0-0-0-0-0-0-0-0-0-0-0-0-0-0-0-0-0-0-0-0-0-0-0-0-0-0-
[INFO] [1790497614.437206591] [uav9.mavros.sys]: FCU: EVENT 6801787 with args -255-255-255-255-12-0-0-0-0-0-0-0-0-0-0-0-0-0-0-0-0-0-0-0-0-0-0-0-0-0-0-0-0-0-0-0-0-0-0-0-
[WARN] [1790497614.437728785] [uav9.mavros.sys]: FCU: UNK(8): EVENT 1914663 with args -0-10-9-2-56-0-0-0-0-0-0-0-0-0-0-0-0-0-0-0-0-0-0-0-0-0-0-0-0-0-0-0-0-0-0-0-0-0-0-0-
[WARN] [1790497614.439983339] [uav9.mavros.sys]: FCU: EVENT 13277401 with args -0-0-6-0-0-0-0-0-0-0-0-0-0-0-0-0-0-0-0-0-0-0-0-0-0-0-0-0-0-0-0-0-0-0-0-0-0-0-0-0-
[INFO] [1790497615.304406199] [rclcpp]: signal_handler(SIGINT/SIGTERM)
[WARN] [1790497615.312226657] [uav9.mavros]: UAS Executor terminated
