[INFO] [1790403161.953313987] [uav6.mavros_node]: Starting mavros_node container
[INFO] [1790403161.953440558] [uav6.mavros_node]: FCU URL: udp://:14545@127.0.0.1:14585
[INFO] [1790403161.953452346] [uav6.mavros_node]: GCS URL: 
[INFO] [1790403161.953458343] [uav6.mavros_node]: UAS Prefix: /uas6
[INFO] [1790403161.953463455] [uav6.mavros_node]: Starting mavros router node
[INFO] [1790403162.030090031] [uav6.mavros_router]: Built-in SIMD instructions: SSE, SSE2
[INFO] [1790403162.030334425] [uav6.mavros_router]: Built-in MAVLink package version: 2026.8.8
[INFO] [1790403162.030356814] [uav6.mavros_router]: Known MAVLink dialects: common ardupilotmega ASLUAV AVSSUAS all csAirLink cubepilot development icarous loweheiser marsh paparazzi standard stemstudios storm32 uAvionix ualberta
[INFO] [1790403162.030369162] [uav6.mavros_router]: MAVROS Router started
[INFO] [1790403162.030938921] [uav6.mavros_node]: Starting mavros uas node
[INFO] [1790403162.249267338] [uav6.mavros_router]: Requested to add endpoint: type: 0, url: udp://:14545@127.0.0.1:14585
[INFO] [1790403162.249332387] [uav6.mavros_router]: Endpoint link[1000] created
[INFO] [1790403162.249567424] [uav6.mavros_router]: link[1000] opened successfully
[INFO] [1790403162.249578917] [uav6.mavros_router]: Requested to add endpoint: type: 2, url: /uas6
[INFO] [1790403162.249590201] [uav6.mavros_router]: Endpoint link[1001] created
[INFO] [1790403162.255101740] [uav6.mavros_router]: link[1000] detected remote address 6.1
[INFO] [1790403162.264854035] [uav6.mavros]: Plugin actuator_control ignored
[INFO] [1790403162.264899580] [uav6.mavros]: Plugin altitude ignored
[INFO] [1790403162.265068199] [uav6.mavros]: UAS Executor started, threads: 4
[INFO] [1790403162.350824281] [uav6.mavros_router]: link[1001] opened successfully
[INFO] [1790403162.585077591] [uav6.mavros]: Plugin command created
[INFO] [1790403162.585275673] [uav6.mavros]: Plugin command initialized
[INFO] [1790403162.585298134] [uav6.mavros]: Plugin ftp ignored
[INFO] [1790403162.585310611] [uav6.mavros]: Plugin geofence ignored
[INFO] [1790403162.605608300] [uav6.mavros]: Plugin global_position created
[INFO] [1790403162.605677311] [uav6.mavros]: Plugin global_position initialized
[INFO] [1790403162.605690481] [uav6.mavros]: Plugin home_position ignored
[INFO] [1790403162.605696363] [uav6.mavros]: Plugin imu ignored
[INFO] [1790403162.704359582] [uav6.mavros]: Plugin local_position created
[INFO] [1790403162.704421297] [uav6.mavros]: Plugin local_position initialized
[INFO] [1790403162.704433031] [uav6.mavros]: Plugin manual_control ignored
[INFO] [1790403162.704440782] [uav6.mavros]: Plugin nav_controller_output ignored
[INFO] [1790403162.704446022] [uav6.mavros]: Plugin param ignored
[INFO] [1790403162.704451341] [uav6.mavros]: Plugin rallypoint ignored
[INFO] [1790403162.704461940] [uav6.mavros]: Plugin rc_io ignored
[INFO] [1790403162.704467995] [uav6.mavros]: Plugin setpoint_accel ignored
[INFO] [1790403162.704473754] [uav6.mavros]: Plugin setpoint_attitude ignored
[INFO] [1790403162.704479786] [uav6.mavros]: Plugin setpoint_position ignored
[INFO] [1790403162.704487845] [uav6.mavros]: Plugin setpoint_raw ignored
[INFO] [1790403162.704494609] [uav6.mavros]: Plugin setpoint_trajectory ignored
[INFO] [1790403162.804735423] [uav6.mavros]: Plugin setpoint_velocity created
[INFO] [1790403162.804785995] [uav6.mavros]: Plugin setpoint_velocity initialized
[INFO] [1790403163.002831398] [uav6.mavros]: Plugin sys_status created
[INFO] [1790403163.002941754] [uav6.mavros]: Plugin sys_status initialized
[INFO] [1790403163.167515996] [uav6.mavros.time]: TM: Timesync mode: MAVLINK
[INFO] [1790403163.218392670] [uav6.mavros]: Plugin sys_time created
[INFO] [1790403163.218452129] [uav6.mavros]: Plugin sys_time initialized
[INFO] [1790403163.218462101] [uav6.mavros]: Plugin waypoint ignored
[INFO] [1790403163.218468452] [uav6.mavros]: Plugin wind_estimation ignored
[INFO] [1790403163.285687912] [uav6.mavros_router]: link[1001] detected remote address 6.191
[INFO] [1790403163.366079751] [uav6.mavros]: Built-in SIMD instructions: SSE, SSE2
[INFO] [1790403163.366139569] [uav6.mavros]: Built-in MAVLink package version: 2026.8.8
[INFO] [1790403163.366149757] [uav6.mavros]: Known MAVLink dialects: common ardupilotmega ASLUAV AVSSUAS all csAirLink cubepilot development icarous loweheiser marsh paparazzi standard stemstudios storm32 uAvionix ualberta
[INFO] [1790403163.366159970] [uav6.mavros]: MAVROS UAS via /uas6 started. MY ID 6.191, TARGET ID 6.1
[WARN] [1790403163.428739686] [uav6.mavros.sys]: FCU: UNK(8): EVENT 11047904 with args -0-0-0-0-0-128-0-0-0-176-122-127-128-176-122-127-128-0-0-0-0-0-0-0-0-0-0-0-0-0-0-0-0-0-0-0-0-0-0-0-
[INFO] [1790403163.428846259] [uav6.mavros.sys]: FCU: EVENT 377561 with args -8-0-0-0-20-0-0-0-0-0-0-0-0-0-0-0-0-0-0-0-0-0-0-0-0-0-0-0-0-0-0-0-0-0-0-0-0-0-0-0-
[WARN] [1790403163.428888032] [uav6.mavros.sys]: FCU: EVENT 453929 with args -255-255-255-255-7-0-0-0-0-0-0-0-0-0-0-0-0-0-0-0-0-0-0-0-0-0-0-0-0-0-0-0-0-0-0-0-0-0-0-0-
[INFO] [1790403163.428926098] [uav6.mavros.sys]: FCU: EVENT 6801787 with args -255-255-255-255-12-0-0-0-0-0-0-0-0-0-0-0-0-0-0-0-0-0-0-0-0-0-0-0-0-0-0-0-0-0-0-0-0-0-0-0-
[WARN] [1790403163.428961409] [uav6.mavros.sys]: FCU: UNK(8): EVENT 1914663 with args -0-10-13-2-56-0-0-0-0-0-0-0-0-0-0-0-0-0-0-0-0-0-0-0-0-0-0-0-0-0-0-0-0-0-0-0-0-0-0-0-
[INFO] [1790403164.096123916] [uav6.mavros.sys]: VER: 6.1: Capabilities         0x000000000000e8ff
[INFO] [1790403164.096194584] [uav6.mavros.sys]: VER: 6.1: Flight software:     011200c0 (fca3df865a000000)
[INFO] [1790403164.096205707] [uav6.mavros.sys]: VER: 6.1: Middleware software: 011200c0 (fca3df865a000000)
[INFO] [1790403164.096212924] [uav6.mavros.sys]: VER: 6.1: OS software:         070000ff (17040b9f87cb1791)
[INFO] [1790403164.096218518] [uav6.mavros.sys]: VER: 6.1: Board hardware:      00000001
[INFO] [1790403164.096228255] [uav6.mavros.sys]: VER: 6.1: VID/PID:             0000:0000
[INFO] [1790403164.096236431] [uav6.mavros.sys]: VER: 6.1: UID:                 4954414c44494e54
[WARN] [1790403164.096796666] [uav6.mavros.cmd]: CMD: Unexpected command 512, result 0
[INFO] [1790403164.488595337] [uav6.mavros]: CON: Got HEARTBEAT, connected. FCU: PX4 Autopilot
[INFO] [1790403165.552849708] [uav6.mavros.sys]: VER: 6.1: Capabilities         0x000000000000e8ff
[INFO] [1790403165.552918326] [uav6.mavros.sys]: VER: 6.1: Flight software:     011200c0 (fca3df865a000000)
[INFO] [1790403165.552927341] [uav6.mavros.sys]: VER: 6.1: Middleware software: 011200c0 (fca3df865a000000)
[INFO] [1790403165.552933478] [uav6.mavros.sys]: VER: 6.1: OS software:         070000ff (17040b9f87cb1791)
[INFO] [1790403165.552939312] [uav6.mavros.sys]: VER: 6.1: Board hardware:      00000001
[INFO] [1790403165.552945435] [uav6.mavros.sys]: VER: 6.1: VID/PID:             0000:0000
[INFO] [1790403165.552950700] [uav6.mavros.sys]: VER: 6.1: UID:                 4954414c44494e54
[INFO] [1790403169.843408830] [uav6.mavros.sys]: FCU: EVENT 9489139 with args -4-0-0-0-0-0-0-0-0-0-0-0-0-0-0-0-0-0-0-0-0-0-0-0-0-0-0-0-0-0-0-0-0-0-0-0-0-0-0-0-
[INFO] [1790403171.793478366] [uav6.mavros.sys]: FCU: EVENT 4277609 with args -0-0-0-0-0-0-0-0-0-0-0-0-0-0-0-0-0-0-0-0-0-0-0-0-0-0-0-0-0-0-0-0-0-0-0-0-0-0-0-0-
[WARN] [1790403211.930174990] [uav6.mavros.cmd]: CMD: Unexpected command 176, result 0
[INFO] [1790403231.652504091] [uav6.mavros.sys]: FCU: EVENT 9844908 with args -0-0-0-0-0-0-0-0-0-0-0-0-0-0-0-0-0-0-0-0-0-0-0-0-0-0-0-0-0-0-0-0-0-0-0-0-0-0-0-0-
[INFO] [1790403233.836277410] [uav6.mavros.sys]: FCU: EVENT 16017271 with args -6-0-0-0-0-0-0-0-0-0-0-0-0-0-0-0-0-0-0-0-0-0-0-0-0-0-0-0-0-0-0-0-0-0-0-0-0-0-0-0-
[INFO] [1790403236.714945482] [rclcpp]: signal_handler(SIGINT/SIGTERM)
[WARN] [1790403236.718986267] [uav6.mavros]: UAS Executor terminated
