[INFO] [1790403162.141017581] [uav7.mavros_node]: Starting mavros_node container
[INFO] [1790403162.141134122] [uav7.mavros_node]: FCU URL: udp://:14546@127.0.0.1:14586
[INFO] [1790403162.141142615] [uav7.mavros_node]: GCS URL: 
[INFO] [1790403162.141150573] [uav7.mavros_node]: UAS Prefix: /uas7
[INFO] [1790403162.141156127] [uav7.mavros_node]: Starting mavros router node
[INFO] [1790403162.225361483] [uav7.mavros_router]: Built-in SIMD instructions: SSE, SSE2
[INFO] [1790403162.227946790] [uav7.mavros_router]: Built-in MAVLink package version: 2026.8.8
[INFO] [1790403162.228381568] [uav7.mavros_router]: Known MAVLink dialects: common ardupilotmega ASLUAV AVSSUAS all csAirLink cubepilot development icarous loweheiser marsh paparazzi standard stemstudios storm32 uAvionix ualberta
[INFO] [1790403162.228429556] [uav7.mavros_router]: MAVROS Router started
[INFO] [1790403162.228787765] [uav7.mavros_node]: Starting mavros uas node
[INFO] [1790403162.424709758] [uav7.mavros_router]: Requested to add endpoint: type: 0, url: udp://:14546@127.0.0.1:14586
[INFO] [1790403162.424869538] [uav7.mavros_router]: Endpoint link[1000] created
[INFO] [1790403162.425133175] [uav7.mavros_router]: link[1000] opened successfully
[INFO] [1790403162.425161323] [uav7.mavros_router]: Requested to add endpoint: type: 2, url: /uas7
[INFO] [1790403162.425181029] [uav7.mavros_router]: Endpoint link[1001] created
[INFO] [1790403162.432550515] [uav7.mavros_router]: link[1001] opened successfully
[INFO] [1790403162.434176123] [uav7.mavros_router]: link[1000] detected remote address 7.1
[INFO] [1790403162.442562441] [uav7.mavros]: Plugin actuator_control ignored
[INFO] [1790403162.442637112] [uav7.mavros]: Plugin altitude ignored
[INFO] [1790403162.442933199] [uav7.mavros]: UAS Executor started, threads: 4
[INFO] [1790403163.119277061] [uav7.mavros]: Plugin command created
[INFO] [1790403163.119356178] [uav7.mavros]: Plugin command initialized
[INFO] [1790403163.119367592] [uav7.mavros]: Plugin ftp ignored
[INFO] [1790403163.119373579] [uav7.mavros]: Plugin geofence ignored
[INFO] [1790403163.658051743] [uav7.mavros]: Plugin global_position created
[INFO] [1790403163.658683694] [uav7.mavros]: Plugin global_position initialized
[INFO] [1790403163.658707463] [uav7.mavros]: Plugin home_position ignored
[INFO] [1790403163.658713093] [uav7.mavros]: Plugin imu ignored
[INFO] [1790403163.984301765] [uav7.mavros]: Plugin local_position created
[INFO] [1790403163.985873584] [uav7.mavros]: Plugin local_position initialized
[INFO] [1790403163.986205214] [uav7.mavros]: Plugin manual_control ignored
[INFO] [1790403163.986227764] [uav7.mavros]: Plugin nav_controller_output ignored
[INFO] [1790403163.986238370] [uav7.mavros]: Plugin param ignored
[INFO] [1790403163.986244864] [uav7.mavros]: Plugin rallypoint ignored
[INFO] [1790403163.986251428] [uav7.mavros]: Plugin rc_io ignored
[INFO] [1790403163.986257807] [uav7.mavros]: Plugin setpoint_accel ignored
[INFO] [1790403163.986270350] [uav7.mavros]: Plugin setpoint_attitude ignored
[INFO] [1790403163.986276526] [uav7.mavros]: Plugin setpoint_position ignored
[INFO] [1790403163.986282056] [uav7.mavros]: Plugin setpoint_raw ignored
[INFO] [1790403163.986287548] [uav7.mavros]: Plugin setpoint_trajectory ignored
[INFO] [1790403164.380723797] [uav7.mavros]: Plugin setpoint_velocity created
[INFO] [1790403164.380788551] [uav7.mavros]: Plugin setpoint_velocity initialized
[INFO] [1790403164.745972089] [uav7.mavros]: Plugin sys_status created
[INFO] [1790403164.746069535] [uav7.mavros]: Plugin sys_status initialized
[INFO] [1790403164.910361759] [uav7.mavros.time]: TM: Timesync mode: MAVLINK
[INFO] [1790403164.947370081] [uav7.mavros]: Plugin sys_time created
[INFO] [1790403164.947434011] [uav7.mavros]: Plugin sys_time initialized
[INFO] [1790403164.955416367] [uav7.mavros]: Plugin waypoint ignored
[INFO] [1790403164.955453466] [uav7.mavros]: Plugin wind_estimation ignored
[INFO] [1790403164.961029157] [uav7.mavros]: Built-in SIMD instructions: SSE, SSE2
[INFO] [1790403164.961078323] [uav7.mavros]: Built-in MAVLink package version: 2026.8.8
[INFO] [1790403164.961122710] [uav7.mavros]: Known MAVLink dialects: common ardupilotmega ASLUAV AVSSUAS all csAirLink cubepilot development icarous loweheiser marsh paparazzi standard stemstudios storm32 uAvionix ualberta
[INFO] [1790403164.961131609] [uav7.mavros]: MAVROS UAS via /uas7 started. MY ID 7.191, TARGET ID 7.1
[INFO] [1790403165.001109727] [uav7.mavros_router]: link[1001] detected remote address 7.191
[WARN] [1790403165.005963787] [uav7.mavros.sys]: FCU: UNK(8): EVENT 11047904 with args -0-0-0-0-0-128-0-0-0-176-122-127-128-176-122-127-128-0-0-0-0-0-0-0-0-0-0-0-0-0-0-0-0-0-0-0-0-0-0-0-
[INFO] [1790403165.006060395] [uav7.mavros.sys]: FCU: EVENT 377561 with args -8-0-0-0-20-0-0-0-0-0-0-0-0-0-0-0-0-0-0-0-0-0-0-0-0-0-0-0-0-0-0-0-0-0-0-0-0-0-0-0-
[WARN] [1790403165.006116249] [uav7.mavros.sys]: FCU: EVENT 453929 with args -255-255-255-255-7-0-0-0-0-0-0-0-0-0-0-0-0-0-0-0-0-0-0-0-0-0-0-0-0-0-0-0-0-0-0-0-0-0-0-0-
[INFO] [1790403165.006154323] [uav7.mavros.sys]: FCU: EVENT 6801787 with args -255-255-255-255-12-0-0-0-0-0-0-0-0-0-0-0-0-0-0-0-0-0-0-0-0-0-0-0-0-0-0-0-0-0-0-0-0-0-0-0-
[WARN] [1790403165.006194440] [uav7.mavros.sys]: FCU: UNK(8): EVENT 1914663 with args -0-10-13-2-56-0-0-0-0-0-0-0-0-0-0-0-0-0-0-0-0-0-0-0-0-0-0-0-0-0-0-0-0-0-0-0-0-0-0-0-
[INFO] [1790403165.562468121] [uav7.mavros]: CON: Got HEARTBEAT, connected. FCU: PX4 Autopilot
[INFO] [1790403166.636410999] [uav7.mavros.sys]: VER: 7.1: Capabilities         0x000000000000e8ff
[INFO] [1790403166.636473746] [uav7.mavros.sys]: VER: 7.1: Flight software:     011200c0 (fca3df865a000000)
[INFO] [1790403166.637032320] [uav7.mavros.sys]: VER: 7.1: Middleware software: 011200c0 (fca3df865a000000)
[INFO] [1790403166.637054279] [uav7.mavros.sys]: VER: 7.1: OS software:         070000ff (17040b9f87cb1791)
[INFO] [1790403166.637059936] [uav7.mavros.sys]: VER: 7.1: Board hardware:      00000001
[INFO] [1790403166.637065592] [uav7.mavros.sys]: VER: 7.1: VID/PID:             0000:0000
[INFO] [1790403166.637071016] [uav7.mavros.sys]: VER: 7.1: UID:                 4954414c44494e55
[WARN] [1790403166.639190765] [uav7.mavros.cmd]: CMD: Unexpected command 512, result 0
[INFO] [1790403169.841747476] [uav7.mavros.sys]: FCU: EVENT 9489139 with args -4-0-0-0-0-0-0-0-0-0-0-0-0-0-0-0-0-0-0-0-0-0-0-0-0-0-0-0-0-0-0-0-0-0-0-0-0-0-0-0-
[INFO] [1790403171.993086157] [uav7.mavros.sys]: FCU: EVENT 4277609 with args -0-0-0-0-0-0-0-0-0-0-0-0-0-0-0-0-0-0-0-0-0-0-0-0-0-0-0-0-0-0-0-0-0-0-0-0-0-0-0-0-
[WARN] [1790403211.928020179] [uav7.mavros.cmd]: CMD: Unexpected command 176, result 0
[INFO] [1790403229.827777538] [uav7.mavros.sys]: FCU: EVENT 9844908 with args -0-0-0-0-0-0-0-0-0-0-0-0-0-0-0-0-0-0-0-0-0-0-0-0-0-0-0-0-0-0-0-0-0-0-0-0-0-0-0-0-
[INFO] [1790403231.999116136] [uav7.mavros.sys]: FCU: EVENT 16017271 with args -6-0-0-0-0-0-0-0-0-0-0-0-0-0-0-0-0-0-0-0-0-0-0-0-0-0-0-0-0-0-0-0-0-0-0-0-0-0-0-0-
[WARN] [1790403235.441044677] [uav7.mavros.sys]: FCU: UNK(8): EVENT 11047904 with args -0-0-0-0-0-128-0-0-0-176-122-127-128-176-122-127-128-0-0-0-0-0-0-0-0-0-0-0-0-0-0-0-0-0-0-0-0-0-0-0-
[INFO] [1790403235.441380907] [uav7.mavros.sys]: FCU: EVENT 377561 with args -8-0-0-0-20-0-0-0-0-0-0-0-0-0-0-0-0-0-0-0-0-0-0-0-0-0-0-0-0-0-0-0-0-0-0-0-0-0-0-0-
[WARN] [1790403235.441457870] [uav7.mavros.sys]: FCU: EVENT 453929 with args -255-255-255-255-7-0-0-0-0-0-0-0-0-0-0-0-0-0-0-0-0-0-0-0-0-0-0-0-0-0-0-0-0-0-0-0-0-0-0-0-
[INFO] [1790403235.441505554] [uav7.mavros.sys]: FCU: EVENT 6801787 with args -255-255-255-255-12-0-0-0-0-0-0-0-0-0-0-0-0-0-0-0-0-0-0-0-0-0-0-0-0-0-0-0-0-0-0-0-0-0-0-0-
[WARN] [1790403235.441553225] [uav7.mavros.sys]: FCU: UNK(8): EVENT 1914663 with args -0-10-9-2-56-0-0-0-0-0-0-0-0-0-0-0-0-0-0-0-0-0-0-0-0-0-0-0-0-0-0-0-0-0-0-0-0-0-0-0-
[INFO] [1790403236.717097484] [rclcpp]: signal_handler(SIGINT/SIGTERM)
[WARN] [1790403236.718439628] [uav7.mavros]: UAS Executor terminated
