[INFO] [1790403161.917287256] [uav9.mavros_node]: Starting mavros_node container
[INFO] [1790403161.923280052] [uav9.mavros_node]: FCU URL: udp://:14548@127.0.0.1:14588
[INFO] [1790403161.923327657] [uav9.mavros_node]: GCS URL: 
[INFO] [1790403161.923334528] [uav9.mavros_node]: UAS Prefix: /uas9
[INFO] [1790403161.923340101] [uav9.mavros_node]: Starting mavros router node
[INFO] [1790403162.090488750] [uav9.mavros_router]: Built-in SIMD instructions: SSE, SSE2
[INFO] [1790403162.090539152] [uav9.mavros_router]: Built-in MAVLink package version: 2026.8.8
[INFO] [1790403162.090549937] [uav9.mavros_router]: Known MAVLink dialects: common ardupilotmega ASLUAV AVSSUAS all csAirLink cubepilot development icarous loweheiser marsh paparazzi standard stemstudios storm32 uAvionix ualberta
[INFO] [1790403162.090556501] [uav9.mavros_router]: MAVROS Router started
[INFO] [1790403162.090713072] [uav9.mavros_node]: Starting mavros uas node
[INFO] [1790403162.321542122] [uav9.mavros_router]: Requested to add endpoint: type: 0, url: udp://:14548@127.0.0.1:14588
[INFO] [1790403162.322254031] [uav9.mavros_router]: Endpoint link[1000] created
[INFO] [1790403162.326008005] [uav9.mavros_router]: link[1000] opened successfully
[INFO] [1790403162.326064577] [uav9.mavros_router]: Requested to add endpoint: type: 2, url: /uas9
[INFO] [1790403162.326089178] [uav9.mavros_router]: Endpoint link[1001] created
[INFO] [1790403162.330649952] [uav9.mavros]: UAS Executor started, threads: 4
[INFO] [1790403162.332920454] [uav9.mavros_router]: link[1000] detected remote address 9.1
[INFO] [1790403162.333900988] [uav9.mavros]: Plugin actuator_control ignored
[INFO] [1790403162.333962220] [uav9.mavros]: Plugin altitude ignored
[INFO] [1790403162.377962346] [uav9.mavros_router]: link[1001] opened successfully
[INFO] [1790403162.794418778] [uav9.mavros]: Plugin command created
[INFO] [1790403162.794977780] [uav9.mavros]: Plugin command initialized
[INFO] [1790403162.795004228] [uav9.mavros]: Plugin ftp ignored
[INFO] [1790403162.795011522] [uav9.mavros]: Plugin geofence ignored
[INFO] [1790403163.208217753] [uav9.mavros]: Plugin global_position created
[INFO] [1790403163.244101598] [uav9.mavros]: Plugin global_position initialized
[INFO] [1790403163.244177256] [uav9.mavros]: Plugin home_position ignored
[INFO] [1790403163.244187016] [uav9.mavros]: Plugin imu ignored
[INFO] [1790403163.706454237] [uav9.mavros]: Plugin local_position created
[INFO] [1790403163.706520273] [uav9.mavros]: Plugin local_position initialized
[INFO] [1790403163.706531939] [uav9.mavros]: Plugin manual_control ignored
[INFO] [1790403163.706538468] [uav9.mavros]: Plugin nav_controller_output ignored
[INFO] [1790403163.706544622] [uav9.mavros]: Plugin param ignored
[INFO] [1790403163.706550713] [uav9.mavros]: Plugin rallypoint ignored
[INFO] [1790403163.706556904] [uav9.mavros]: Plugin rc_io ignored
[INFO] [1790403163.706562810] [uav9.mavros]: Plugin setpoint_accel ignored
[INFO] [1790403163.706568821] [uav9.mavros]: Plugin setpoint_attitude ignored
[INFO] [1790403163.706574828] [uav9.mavros]: Plugin setpoint_position ignored
[INFO] [1790403163.706580738] [uav9.mavros]: Plugin setpoint_raw ignored
[INFO] [1790403163.706586856] [uav9.mavros]: Plugin setpoint_trajectory ignored
[INFO] [1790403164.046542672] [uav9.mavros]: Plugin setpoint_velocity created
[INFO] [1790403164.046606440] [uav9.mavros]: Plugin setpoint_velocity initialized
[INFO] [1790403164.560114529] [uav9.mavros]: Plugin sys_status created
[INFO] [1790403164.560206506] [uav9.mavros]: Plugin sys_status initialized
[INFO] [1790403164.765382464] [uav9.mavros.time]: TM: Timesync mode: MAVLINK
[INFO] [1790403164.808643202] [uav9.mavros]: Plugin sys_time created
[INFO] [1790403164.808707286] [uav9.mavros]: Plugin sys_time initialized
[INFO] [1790403164.808717641] [uav9.mavros]: Plugin waypoint ignored
[INFO] [1790403164.808724317] [uav9.mavros]: Plugin wind_estimation ignored
[INFO] [1790403164.813235896] [uav9.mavros]: Built-in SIMD instructions: SSE, SSE2
[INFO] [1790403164.813279136] [uav9.mavros]: Built-in MAVLink package version: 2026.8.8
[INFO] [1790403164.813308979] [uav9.mavros]: Known MAVLink dialects: common ardupilotmega ASLUAV AVSSUAS all csAirLink cubepilot development icarous loweheiser marsh paparazzi standard stemstudios storm32 uAvionix ualberta
[INFO] [1790403164.813317193] [uav9.mavros]: MAVROS UAS via /uas9 started. MY ID 9.191, TARGET ID 9.1
[INFO] [1790403164.829554076] [uav9.mavros_router]: link[1001] detected remote address 9.191
[INFO] [1790403165.513652783] [uav9.mavros]: CON: Got HEARTBEAT, connected. FCU: PX4 Autopilot
[INFO] [1790403166.556131907] [uav9.mavros.sys]: VER: 9.1: Capabilities         0x000000000000e8ff
[INFO] [1790403166.556165054] [uav9.mavros.sys]: VER: 9.1: Flight software:     011200c0 (fca3df865a000000)
[INFO] [1790403166.556174239] [uav9.mavros.sys]: VER: 9.1: Middleware software: 011200c0 (fca3df865a000000)
[INFO] [1790403166.556179401] [uav9.mavros.sys]: VER: 9.1: OS software:         070000ff (17040b9f87cb1791)
[INFO] [1790403166.556184380] [uav9.mavros.sys]: VER: 9.1: Board hardware:      00000001
[INFO] [1790403166.556189177] [uav9.mavros.sys]: VER: 9.1: VID/PID:             0000:0000
[INFO] [1790403166.556194177] [uav9.mavros.sys]: VER: 9.1: UID:                 4954414c44494e57
[WARN] [1790403166.556235486] [uav9.mavros.cmd]: CMD: Unexpected command 512, result 0
[WARN] [1790403166.664243527] [uav9.mavros.sys]: FCU: UNK(8): EVENT 11047904 with args -0-0-0-0-0-128-0-0-0-176-122-127-128-176-122-127-128-0-0-0-0-0-0-0-0-0-0-0-0-0-0-0-0-0-0-0-0-0-0-0-
[INFO] [1790403166.664348923] [uav9.mavros.sys]: FCU: EVENT 377561 with args -8-0-0-0-20-0-0-0-0-0-0-0-0-0-0-0-0-0-0-0-0-0-0-0-0-0-0-0-0-0-0-0-0-0-0-0-0-0-0-0-
[WARN] [1790403166.664384526] [uav9.mavros.sys]: FCU: EVENT 453929 with args -255-255-255-255-7-0-0-0-0-0-0-0-0-0-0-0-0-0-0-0-0-0-0-0-0-0-0-0-0-0-0-0-0-0-0-0-0-0-0-0-
[INFO] [1790403166.664416546] [uav9.mavros.sys]: FCU: EVENT 6801787 with args -255-255-255-255-12-0-0-0-0-0-0-0-0-0-0-0-0-0-0-0-0-0-0-0-0-0-0-0-0-0-0-0-0-0-0-0-0-0-0-0-
[WARN] [1790403166.664448718] [uav9.mavros.sys]: FCU: UNK(8): EVENT 1914663 with args -0-10-13-2-56-0-0-0-0-0-0-0-0-0-0-0-0-0-0-0-0-0-0-0-0-0-0-0-0-0-0-0-0-0-0-0-0-0-0-0-
[INFO] [1790403169.837617537] [uav9.mavros.sys]: FCU: EVENT 9489139 with args -4-0-0-0-0-0-0-0-0-0-0-0-0-0-0-0-0-0-0-0-0-0-0-0-0-0-0-0-0-0-0-0-0-0-0-0-0-0-0-0-
[INFO] [1790403171.941284156] [uav9.mavros.sys]: FCU: EVENT 4277609 with args -0-0-0-0-0-0-0-0-0-0-0-0-0-0-0-0-0-0-0-0-0-0-0-0-0-0-0-0-0-0-0-0-0-0-0-0-0-0-0-0-
[WARN] [1790403211.933003851] [uav9.mavros.cmd]: CMD: Unexpected command 176, result 0
[INFO] [1790403232.644526397] [uav9.mavros.sys]: FCU: EVENT 9844908 with args -0-0-0-0-0-0-0-0-0-0-0-0-0-0-0-0-0-0-0-0-0-0-0-0-0-0-0-0-0-0-0-0-0-0-0-0-0-0-0-0-
[INFO] [1790403234.834286775] [uav9.mavros.sys]: FCU: EVENT 16017271 with args -6-0-0-0-0-0-0-0-0-0-0-0-0-0-0-0-0-0-0-0-0-0-0-0-0-0-0-0-0-0-0-0-0-0-0-0-0-0-0-0-
[INFO] [1790403236.716302897] [rclcpp]: signal_handler(SIGINT/SIGTERM)
[WARN] [1790403236.720271873] [uav9.mavros]: UAS Executor terminated
