[INFO] [1790403161.786309759] [uav4.mavros_node]: Starting mavros_node container
[INFO] [1790403161.786453354] [uav4.mavros_node]: FCU URL: udp://:14543@127.0.0.1:14583
[INFO] [1790403161.786464799] [uav4.mavros_node]: GCS URL: 
[INFO] [1790403161.786470024] [uav4.mavros_node]: UAS Prefix: /uas4
[INFO] [1790403161.786474974] [uav4.mavros_node]: Starting mavros router node
[INFO] [1790403161.826136658] [uav4.mavros_router]: Built-in SIMD instructions: SSE, SSE2
[INFO] [1790403161.826248823] [uav4.mavros_router]: Built-in MAVLink package version: 2026.8.8
[INFO] [1790403161.826264649] [uav4.mavros_router]: Known MAVLink dialects: common ardupilotmega ASLUAV AVSSUAS all csAirLink cubepilot development icarous loweheiser marsh paparazzi standard stemstudios storm32 uAvionix ualberta
[INFO] [1790403161.826272326] [uav4.mavros_router]: MAVROS Router started
[INFO] [1790403161.827206691] [uav4.mavros_node]: Starting mavros uas node
[INFO] [1790403161.908137197] [uav4.mavros_router]: Requested to add endpoint: type: 0, url: udp://:14543@127.0.0.1:14583
[INFO] [1790403161.908196508] [uav4.mavros_router]: Endpoint link[1000] created
[INFO] [1790403161.908439833] [uav4.mavros_router]: link[1000] opened successfully
[INFO] [1790403161.908482409] [uav4.mavros_router]: Requested to add endpoint: type: 2, url: /uas4
[INFO] [1790403161.908525299] [uav4.mavros_router]: Endpoint link[1001] created
[INFO] [1790403161.911535942] [uav4.mavros_router]: link[1000] detected remote address 4.1
[INFO] [1790403161.912628265] [uav4.mavros_router]: link[1001] opened successfully
[INFO] [1790403161.918417418] [uav4.mavros]: Plugin actuator_control ignored
[INFO] [1790403161.919437897] [uav4.mavros]: Plugin altitude ignored
[INFO] [1790403161.921262868] [uav4.mavros]: UAS Executor started, threads: 4
[INFO] [1790403162.033687449] [uav4.mavros]: Plugin command created
[INFO] [1790403162.033755242] [uav4.mavros]: Plugin command initialized
[INFO] [1790403162.033767831] [uav4.mavros]: Plugin ftp ignored
[INFO] [1790403162.033774517] [uav4.mavros]: Plugin geofence ignored
[INFO] [1790403162.051596538] [uav4.mavros]: Plugin global_position created
[INFO] [1790403162.051655270] [uav4.mavros]: Plugin global_position initialized
[INFO] [1790403162.051666888] [uav4.mavros]: Plugin home_position ignored
[INFO] [1790403162.051673270] [uav4.mavros]: Plugin imu ignored
[INFO] [1790403162.062535652] [uav4.mavros]: Plugin local_position created
[INFO] [1790403162.062649434] [uav4.mavros]: Plugin local_position initialized
[INFO] [1790403162.062663570] [uav4.mavros]: Plugin manual_control ignored
[INFO] [1790403162.062670682] [uav4.mavros]: Plugin nav_controller_output ignored
[INFO] [1790403162.062677368] [uav4.mavros]: Plugin param ignored
[INFO] [1790403162.062724969] [uav4.mavros]: Plugin rallypoint ignored
[INFO] [1790403162.062732732] [uav4.mavros]: Plugin rc_io ignored
[INFO] [1790403162.062738997] [uav4.mavros]: Plugin setpoint_accel ignored
[INFO] [1790403162.062745503] [uav4.mavros]: Plugin setpoint_attitude ignored
[INFO] [1790403162.062751836] [uav4.mavros]: Plugin setpoint_position ignored
[INFO] [1790403162.062757982] [uav4.mavros]: Plugin setpoint_raw ignored
[INFO] [1790403162.062763733] [uav4.mavros]: Plugin setpoint_trajectory ignored
[INFO] [1790403162.084787163] [uav4.mavros]: Plugin setpoint_velocity created
[INFO] [1790403162.084861683] [uav4.mavros]: Plugin setpoint_velocity initialized
[INFO] [1790403162.107153349] [uav4.mavros]: Plugin sys_status created
[INFO] [1790403162.107266837] [uav4.mavros]: Plugin sys_status initialized
[INFO] [1790403162.149805122] [uav4.mavros.time]: TM: Timesync mode: MAVLINK
[INFO] [1790403162.152816177] [uav4.mavros]: Plugin sys_time created
[INFO] [1790403162.152898423] [uav4.mavros]: Plugin sys_time initialized
[INFO] [1790403162.152915492] [uav4.mavros]: Plugin waypoint ignored
[INFO] [1790403162.152926032] [uav4.mavros]: Plugin wind_estimation ignored
[INFO] [1790403162.155812047] [uav4.mavros]: Built-in SIMD instructions: SSE, SSE2
[INFO] [1790403162.155856400] [uav4.mavros]: Built-in MAVLink package version: 2026.8.8
[INFO] [1790403162.155887006] [uav4.mavros]: Known MAVLink dialects: common ardupilotmega ASLUAV AVSSUAS all csAirLink cubepilot development icarous loweheiser marsh paparazzi standard stemstudios storm32 uAvionix ualberta
[INFO] [1790403162.155895271] [uav4.mavros]: MAVROS UAS via /uas4 started. MY ID 4.191, TARGET ID 4.1
[INFO] [1790403162.233159821] [uav4.mavros_router]: link[1001] detected remote address 4.191
[WARN] [1790403162.672555919] [uav4.mavros.sys]: FCU: UNK(8): EVENT 11047904 with args -0-0-0-0-0-128-0-0-0-176-122-127-128-176-122-127-128-0-0-0-0-0-0-0-0-0-0-0-0-0-0-0-0-0-0-0-0-0-0-0-
[INFO] [1790403162.672683132] [uav4.mavros.sys]: FCU: EVENT 377561 with args -8-0-0-0-20-0-0-0-0-0-0-0-0-0-0-0-0-0-0-0-0-0-0-0-0-0-0-0-0-0-0-0-0-0-0-0-0-0-0-0-
[WARN] [1790403162.672747722] [uav4.mavros.sys]: FCU: EVENT 453929 with args -255-255-255-255-7-0-0-0-0-0-0-0-0-0-0-0-0-0-0-0-0-0-0-0-0-0-0-0-0-0-0-0-0-0-0-0-0-0-0-0-
[INFO] [1790403162.672791498] [uav4.mavros.sys]: FCU: EVENT 6801787 with args -255-255-255-255-12-0-0-0-0-0-0-0-0-0-0-0-0-0-0-0-0-0-0-0-0-0-0-0-0-0-0-0-0-0-0-0-0-0-0-0-
[WARN] [1790403162.672826655] [uav4.mavros.sys]: FCU: UNK(8): EVENT 1914663 with args -0-10-13-2-56-0-0-0-0-0-0-0-0-0-0-0-0-0-0-0-0-0-0-0-0-0-0-0-0-0-0-0-0-0-0-0-0-0-0-0-
[INFO] [1790403163.231973643] [uav4.mavros.sys]: VER: 4.1: Capabilities         0x000000000000e8ff
[INFO] [1790403163.232026234] [uav4.mavros.sys]: VER: 4.1: Flight software:     011200c0 (fca3df865a000000)
[INFO] [1790403163.232035106] [uav4.mavros.sys]: VER: 4.1: Middleware software: 011200c0 (fca3df865a000000)
[INFO] [1790403163.232041192] [uav4.mavros.sys]: VER: 4.1: OS software:         070000ff (17040b9f87cb1791)
[INFO] [1790403163.232046903] [uav4.mavros.sys]: VER: 4.1: Board hardware:      00000001
[INFO] [1790403163.232052329] [uav4.mavros.sys]: VER: 4.1: VID/PID:             0000:0000
[INFO] [1790403163.232057511] [uav4.mavros.sys]: VER: 4.1: UID:                 4954414c44494e52
[WARN] [1790403163.234779629] [uav4.mavros.cmd]: CMD: Unexpected command 512, result 0
[INFO] [1790403163.262937162] [uav4.mavros]: CON: Got HEARTBEAT, connected. FCU: PX4 Autopilot
[INFO] [1790403164.317127623] [uav4.mavros.sys]: VER: 4.1: Capabilities         0x000000000000e8ff
[INFO] [1790403164.317186957] [uav4.mavros.sys]: VER: 4.1: Flight software:     011200c0 (fca3df865a000000)
[INFO] [1790403164.317195286] [uav4.mavros.sys]: VER: 4.1: Middleware software: 011200c0 (fca3df865a000000)
[INFO] [1790403164.317200951] [uav4.mavros.sys]: VER: 4.1: OS software:         070000ff (17040b9f87cb1791)
[INFO] [1790403164.317206407] [uav4.mavros.sys]: VER: 4.1: Board hardware:      00000001
[INFO] [1790403164.317211140] [uav4.mavros.sys]: VER: 4.1: VID/PID:             0000:0000
[INFO] [1790403164.317216270] [uav4.mavros.sys]: VER: 4.1: UID:                 4954414c44494e52
[INFO] [1790403169.843151695] [uav4.mavros.sys]: FCU: EVENT 9489139 with args -4-0-0-0-0-0-0-0-0-0-0-0-0-0-0-0-0-0-0-0-0-0-0-0-0-0-0-0-0-0-0-0-0-0-0-0-0-0-0-0-
[INFO] [1790403171.932123655] [uav4.mavros.sys]: FCU: EVENT 4277609 with args -0-0-0-0-0-0-0-0-0-0-0-0-0-0-0-0-0-0-0-0-0-0-0-0-0-0-0-0-0-0-0-0-0-0-0-0-0-0-0-0-
[WARN] [1790403211.935262729] [uav4.mavros.cmd]: CMD: Unexpected command 176, result 0
[INFO] [1790403230.899683625] [uav4.mavros.sys]: FCU: EVENT 9844908 with args -0-0-0-0-0-0-0-0-0-0-0-0-0-0-0-0-0-0-0-0-0-0-0-0-0-0-0-0-0-0-0-0-0-0-0-0-0-0-0-0-
[INFO] [1790403233.083386256] [uav4.mavros.sys]: FCU: EVENT 16017271 with args -6-0-0-0-0-0-0-0-0-0-0-0-0-0-0-0-0-0-0-0-0-0-0-0-0-0-0-0-0-0-0-0-0-0-0-0-0-0-0-0-
[INFO] [1790403236.714012649] [rclcpp]: signal_handler(SIGINT/SIGTERM)
[WARN] [1790403236.716780926] [uav4.mavros]: UAS Executor terminated
