[INFO] [1790403161.805812859] [uav1.mavros_node]: Starting mavros_node container
[INFO] [1790403161.806094700] [uav1.mavros_node]: FCU URL: udp://:14540@127.0.0.1:14580
[INFO] [1790403161.806109758] [uav1.mavros_node]: GCS URL: 
[INFO] [1790403161.806115212] [uav1.mavros_node]: UAS Prefix: /uas1
[INFO] [1790403161.806119943] [uav1.mavros_node]: Starting mavros router node
[INFO] [1790403161.823249736] [uav1.mavros_router]: Built-in SIMD instructions: SSE, SSE2
[INFO] [1790403161.823301146] [uav1.mavros_router]: Built-in MAVLink package version: 2026.8.8
[INFO] [1790403161.823313365] [uav1.mavros_router]: Known MAVLink dialects: common ardupilotmega ASLUAV AVSSUAS all csAirLink cubepilot development icarous loweheiser marsh paparazzi standard stemstudios storm32 uAvionix ualberta
[INFO] [1790403161.824322420] [uav1.mavros_router]: MAVROS Router started
[INFO] [1790403161.824494558] [uav1.mavros_node]: Starting mavros uas node
[INFO] [1790403161.873710956] [uav1.mavros_router]: Requested to add endpoint: type: 0, url: udp://:14540@127.0.0.1:14580
[INFO] [1790403161.875676685] [uav1.mavros_router]: Endpoint link[1000] created
[INFO] [1790403161.875914108] [uav1.mavros_router]: link[1000] opened successfully
[INFO] [1790403161.875938773] [uav1.mavros_router]: Requested to add endpoint: type: 2, url: /uas1
[INFO] [1790403161.875951359] [uav1.mavros_router]: Endpoint link[1001] created
[INFO] [1790403161.877504622] [uav1.mavros_router]: link[1000] detected remote address 1.1
[INFO] [1790403161.889748342] [uav1.mavros_router]: link[1001] opened successfully
[INFO] [1790403161.891377563] [uav1.mavros]: UAS Executor started, threads: 4
[INFO] [1790403161.891398496] [uav1.mavros]: Plugin actuator_control ignored
[INFO] [1790403161.891689044] [uav1.mavros]: Plugin altitude ignored
[INFO] [1790403162.278531218] [uav1.mavros]: Plugin command created
[INFO] [1790403162.278600195] [uav1.mavros]: Plugin command initialized
[INFO] [1790403162.278612622] [uav1.mavros]: Plugin ftp ignored
[INFO] [1790403162.278619099] [uav1.mavros]: Plugin geofence ignored
[INFO] [1790403162.619052459] [uav1.mavros]: Plugin global_position created
[INFO] [1790403162.619471486] [uav1.mavros]: Plugin global_position initialized
[INFO] [1790403162.619501264] [uav1.mavros]: Plugin home_position ignored
[INFO] [1790403162.619508141] [uav1.mavros]: Plugin imu ignored
[INFO] [1790403162.698130142] [uav1.mavros]: Plugin local_position created
[INFO] [1790403162.698290669] [uav1.mavros]: Plugin local_position initialized
[INFO] [1790403162.698316328] [uav1.mavros]: Plugin manual_control ignored
[INFO] [1790403162.698329631] [uav1.mavros]: Plugin nav_controller_output ignored
[INFO] [1790403162.698341833] [uav1.mavros]: Plugin param ignored
[INFO] [1790403162.698354628] [uav1.mavros]: Plugin rallypoint ignored
[INFO] [1790403162.698367185] [uav1.mavros]: Plugin rc_io ignored
[INFO] [1790403162.698380040] [uav1.mavros]: Plugin setpoint_accel ignored
[INFO] [1790403162.698391847] [uav1.mavros]: Plugin setpoint_attitude ignored
[INFO] [1790403162.698404421] [uav1.mavros]: Plugin setpoint_position ignored
[INFO] [1790403162.698416932] [uav1.mavros]: Plugin setpoint_raw ignored
[INFO] [1790403162.698429144] [uav1.mavros]: Plugin setpoint_trajectory ignored
[INFO] [1790403162.742077254] [uav1.mavros]: Plugin setpoint_velocity created
[INFO] [1790403162.742133335] [uav1.mavros]: Plugin setpoint_velocity initialized
[INFO] [1790403163.206220299] [uav1.mavros]: Plugin sys_status created
[INFO] [1790403163.206316529] [uav1.mavros]: Plugin sys_status initialized
[INFO] [1790403163.690931585] [uav1.mavros.time]: TM: Timesync mode: MAVLINK
[INFO] [1790403163.725630134] [uav1.mavros]: Plugin sys_time created
[INFO] [1790403163.725704812] [uav1.mavros]: Plugin sys_time initialized
[INFO] [1790403163.725713078] [uav1.mavros]: Plugin waypoint ignored
[INFO] [1790403163.725719517] [uav1.mavros]: Plugin wind_estimation ignored
[INFO] [1790403163.755027597] [uav1.mavros_router]: link[1001] detected remote address 1.191
[INFO] [1790403163.767941609] [uav1.mavros]: Built-in SIMD instructions: SSE, SSE2
[INFO] [1790403163.768012185] [uav1.mavros]: Built-in MAVLink package version: 2026.8.8
[INFO] [1790403163.768020352] [uav1.mavros]: Known MAVLink dialects: common ardupilotmega ASLUAV AVSSUAS all csAirLink cubepilot development icarous loweheiser marsh paparazzi standard stemstudios storm32 uAvionix ualberta
[INFO] [1790403163.768028346] [uav1.mavros]: MAVROS UAS via /uas1 started. MY ID 1.191, TARGET ID 1.1
[WARN] [1790403163.785838321] [uav1.mavros.sys]: FCU: UNK(8): EVENT 11047904 with args -0-0-0-0-0-128-0-0-0-176-122-127-128-176-122-127-128-0-0-0-0-0-0-0-0-0-0-0-0-0-0-0-0-0-0-0-0-0-0-0-
[INFO] [1790403163.785938687] [uav1.mavros.sys]: FCU: EVENT 377561 with args -8-0-0-0-20-0-0-0-0-0-0-0-0-0-0-0-0-0-0-0-0-0-0-0-0-0-0-0-0-0-0-0-0-0-0-0-0-0-0-0-
[WARN] [1790403163.785995253] [uav1.mavros.sys]: FCU: EVENT 453929 with args -255-255-255-255-7-0-0-0-0-0-0-0-0-0-0-0-0-0-0-0-0-0-0-0-0-0-0-0-0-0-0-0-0-0-0-0-0-0-0-0-
[INFO] [1790403163.786030638] [uav1.mavros.sys]: FCU: EVENT 6801787 with args -255-255-255-255-12-0-0-0-0-0-0-0-0-0-0-0-0-0-0-0-0-0-0-0-0-0-0-0-0-0-0-0-0-0-0-0-0-0-0-0-
[WARN] [1790403163.786080418] [uav1.mavros.sys]: FCU: UNK(8): EVENT 1914663 with args -0-10-13-2-56-0-0-0-0-0-0-0-0-0-0-0-0-0-0-0-0-0-0-0-0-0-0-0-0-0-0-0-0-0-0-0-0-0-0-0-
[INFO] [1790403164.309050906] [uav1.mavros.sys]: VER: 1.1: Capabilities         0x000000000000e8ff
[INFO] [1790403164.309116202] [uav1.mavros.sys]: VER: 1.1: Flight software:     011200c0 (fca3df865a000000)
[INFO] [1790403164.309125535] [uav1.mavros.sys]: VER: 1.1: Middleware software: 011200c0 (fca3df865a000000)
[INFO] [1790403164.309131083] [uav1.mavros.sys]: VER: 1.1: OS software:         070000ff (17040b9f87cb1791)
[INFO] [1790403164.309136211] [uav1.mavros.sys]: VER: 1.1: Board hardware:      00000001
[INFO] [1790403164.309141524] [uav1.mavros.sys]: VER: 1.1: VID/PID:             0000:0000
[INFO] [1790403164.309146821] [uav1.mavros.sys]: VER: 1.1: UID:                 4954414c44494e4f
[WARN] [1790403164.309211880] [uav1.mavros.cmd]: CMD: Unexpected command 512, result 0
[INFO] [1790403164.503468326] [uav1.mavros]: CON: Got HEARTBEAT, connected. FCU: PX4 Autopilot
[INFO] [1790403165.521195985] [uav1.mavros.sys]: VER: 1.1: Capabilities         0x000000000000e8ff
[INFO] [1790403165.521302376] [uav1.mavros.sys]: VER: 1.1: Flight software:     011200c0 (fca3df865a000000)
[INFO] [1790403165.521314981] [uav1.mavros.sys]: VER: 1.1: Middleware software: 011200c0 (fca3df865a000000)
[INFO] [1790403165.521321407] [uav1.mavros.sys]: VER: 1.1: OS software:         070000ff (17040b9f87cb1791)
[INFO] [1790403165.521326673] [uav1.mavros.sys]: VER: 1.1: Board hardware:      00000001
[INFO] [1790403165.521331550] [uav1.mavros.sys]: VER: 1.1: VID/PID:             0000:0000
[INFO] [1790403165.521336487] [uav1.mavros.sys]: VER: 1.1: UID:                 4954414c44494e4f
[INFO] [1790403169.827401285] [uav1.mavros.sys]: FCU: EVENT 9489139 with args -4-0-0-0-0-0-0-0-0-0-0-0-0-0-0-0-0-0-0-0-0-0-0-0-0-0-0-0-0-0-0-0-0-0-0-0-0-0-0-0-
[INFO] [1790403171.718549499] [uav1.mavros.sys]: FCU: EVENT 4277609 with args -0-0-0-0-0-0-0-0-0-0-0-0-0-0-0-0-0-0-0-0-0-0-0-0-0-0-0-0-0-0-0-0-0-0-0-0-0-0-0-0-
[WARN] [1790403211.930782143] [uav1.mavros.cmd]: CMD: Unexpected command 176, result 0
[INFO] [1790403233.103944104] [uav1.mavros.sys]: FCU: EVENT 9844908 with args -0-0-0-0-0-0-0-0-0-0-0-0-0-0-0-0-0-0-0-0-0-0-0-0-0-0-0-0-0-0-0-0-0-0-0-0-0-0-0-0-
[INFO] [1790403235.274412888] [uav1.mavros.sys]: FCU: EVENT 16017271 with args -6-0-0-0-0-0-0-0-0-0-0-0-0-0-0-0-0-0-0-0-0-0-0-0-0-0-0-0-0-0-0-0-0-0-0-0-0-0-0-0-
[INFO] [1790403236.713987814] [rclcpp]: signal_handler(SIGINT/SIGTERM)
[WARN] [1790403236.727031070] [uav1.mavros]: UAS Executor terminated
