[INFO] [1790608459.998761259] [uav9.mavros_node]: Starting mavros_node container
[INFO] [1790608460.009738470] [uav9.mavros_node]: FCU URL: udp://:14548@127.0.0.1:14588
[INFO] [1790608460.009751080] [uav9.mavros_node]: GCS URL: 
[INFO] [1790608460.009756409] [uav9.mavros_node]: UAS Prefix: /uas9
[INFO] [1790608460.009761236] [uav9.mavros_node]: Starting mavros router node
[INFO] [1790608460.150375643] [uav9.mavros_router]: Built-in SIMD instructions: SSE, SSE2
[INFO] [1790608460.203424175] [uav9.mavros_router]: Built-in MAVLink package version: 2026.8.8
[INFO] [1790608460.203439743] [uav9.mavros_router]: Known MAVLink dialects: common ardupilotmega ASLUAV AVSSUAS all csAirLink cubepilot development icarous loweheiser marsh paparazzi standard stemstudios storm32 uAvionix ualberta
[INFO] [1790608460.203445961] [uav9.mavros_router]: MAVROS Router started
[INFO] [1790608460.204246320] [uav9.mavros_node]: Starting mavros uas node
[INFO] [1790608460.505303996] [uav9.mavros_router]: Requested to add endpoint: type: 0, url: udp://:14548@127.0.0.1:14588
[INFO] [1790608460.505359411] [uav9.mavros_router]: Endpoint link[1000] created
[INFO] [1790608460.505591103] [uav9.mavros_router]: link[1000] opened successfully
[INFO] [1790608460.505608833] [uav9.mavros_router]: Requested to add endpoint: type: 2, url: /uas9
[INFO] [1790608460.505635751] [uav9.mavros_router]: Endpoint link[1001] created
[INFO] [1790608460.513943850] [uav9.mavros_router]: link[1000] detected remote address 9.1
[INFO] [1790608460.519559857] [uav9.mavros]: Plugin actuator_control ignored
[INFO] [1790608460.519625999] [uav9.mavros]: Plugin altitude ignored
[INFO] [1790608460.519736812] [uav9.mavros]: UAS Executor started, threads: 4
[INFO] [1790608460.591670900] [uav9.mavros_router]: link[1001] opened successfully
[INFO] [1790608460.753695437] [uav9.mavros]: Plugin command created
[INFO] [1790608460.753756821] [uav9.mavros]: Plugin command initialized
[INFO] [1790608460.753766619] [uav9.mavros]: Plugin ftp ignored
[INFO] [1790608460.753772155] [uav9.mavros]: Plugin geofence ignored
[INFO] [1790608460.986326517] [uav9.mavros]: Plugin global_position created
[INFO] [1790608460.986800148] [uav9.mavros]: Plugin global_position initialized
[INFO] [1790608460.986821081] [uav9.mavros]: Plugin home_position ignored
[INFO] [1790608460.986827374] [uav9.mavros]: Plugin imu ignored
[INFO] [1790608461.176034337] [uav9.mavros]: Plugin local_position created
[INFO] [1790608461.186190929] [uav9.mavros]: Plugin local_position initialized
[INFO] [1790608461.186210254] [uav9.mavros]: Plugin manual_control ignored
[INFO] [1790608461.186216821] [uav9.mavros]: Plugin nav_controller_output ignored
[INFO] [1790608461.186223094] [uav9.mavros]: Plugin param ignored
[INFO] [1790608461.186228534] [uav9.mavros]: Plugin rallypoint ignored
[INFO] [1790608461.186233588] [uav9.mavros]: Plugin rc_io ignored
[INFO] [1790608461.186238650] [uav9.mavros]: Plugin setpoint_accel ignored
[INFO] [1790608461.186243630] [uav9.mavros]: Plugin setpoint_attitude ignored
[INFO] [1790608461.186248765] [uav9.mavros]: Plugin setpoint_position ignored
[INFO] [1790608461.186254307] [uav9.mavros]: Plugin setpoint_raw ignored
[INFO] [1790608461.186259198] [uav9.mavros]: Plugin setpoint_trajectory ignored
[INFO] [1790608461.397566761] [uav9.mavros]: Plugin setpoint_velocity created
[INFO] [1790608461.397629265] [uav9.mavros]: Plugin setpoint_velocity initialized
[INFO] [1790608461.636091476] [uav9.mavros]: Plugin sys_status created
[INFO] [1790608461.698447609] [uav9.mavros]: Plugin sys_status initialized
[INFO] [1790608461.864230011] [uav9.mavros.time]: TM: Timesync mode: MAVLINK
[INFO] [1790608461.880231871] [uav9.mavros]: Plugin sys_time created
[INFO] [1790608461.880290950] [uav9.mavros]: Plugin sys_time initialized
[INFO] [1790608461.880299045] [uav9.mavros]: Plugin waypoint ignored
[INFO] [1790608461.880304032] [uav9.mavros]: Plugin wind_estimation ignored
[INFO] [1790608461.889457187] [uav9.mavros]: Built-in SIMD instructions: SSE, SSE2
[INFO] [1790608461.938309682] [uav9.mavros]: Built-in MAVLink package version: 2026.8.8
[INFO] [1790608461.946934337] [uav9.mavros]: Known MAVLink dialects: common ardupilotmega ASLUAV AVSSUAS all csAirLink cubepilot development icarous loweheiser marsh paparazzi standard stemstudios storm32 uAvionix ualberta
[INFO] [1790608461.946947644] [uav9.mavros]: MAVROS UAS via /uas9 started. MY ID 9.191, TARGET ID 9.1
[INFO] [1790608461.947673929] [uav9.mavros_router]: link[1001] detected remote address 9.191
[INFO] [1790608462.581694912] [uav9.mavros]: CON: Got HEARTBEAT, connected. FCU: PX4 Autopilot
[WARN] [1790608462.582564579] [uav9.mavros.sys]: FCU: UNK(8): EVENT 11047904 with args -0-0-0-16-0-128-0-0-0-176-58-127-128-176-58-127-128-0-0-0-0-0-0-0-0-0-0-0-0-0-0-0-0-0-0-0-0-0-0-0-
[ERROR] [1790608462.582654277] [uav9.mavros.sys]: FCU: EVENT 11464574 with args -0-64-0-0-20-0-0-0-0-0-0-0-0-0-0-0-0-0-0-0-0-0-0-0-0-0-0-0-0-0-0-0-0-0-0-0-0-0-0-0-
[INFO] [1790608462.582701152] [uav9.mavros.sys]: FCU: EVENT 377561 with args -8-0-0-0-20-0-0-0-0-0-0-0-0-0-0-0-0-0-0-0-0-0-0-0-0-0-0-0-0-0-0-0-0-0-0-0-0-0-0-0-
[WARN] [1790608462.582759964] [uav9.mavros.sys]: FCU: EVENT 453929 with args -255-255-255-255-7-0-0-0-0-0-0-0-0-0-0-0-0-0-0-0-0-0-0-0-0-0-0-0-0-0-0-0-0-0-0-0-0-0-0-0-
[INFO] [1790608462.582780118] [uav9.mavros.sys]: FCU: EVENT 6801787 with args -255-255-255-255-12-0-0-0-0-0-0-0-0-0-0-0-0-0-0-0-0-0-0-0-0-0-0-0-0-0-0-0-0-0-0-0-0-0-0-0-
[WARN] [1790608462.582832620] [uav9.mavros.sys]: FCU: UNK(8): EVENT 1914663 with args -0-10-13-2-56-0-0-0-0-0-0-0-0-0-0-0-0-0-0-0-0-0-0-0-0-0-0-0-0-0-0-0-0-0-0-0-0-0-0-0-
[INFO] [1790608463.616837930] [uav9.mavros.sys]: VER: 9.1: Capabilities         0x000000000000e8ff
[INFO] [1790608463.616903168] [uav9.mavros.sys]: VER: 9.1: Flight software:     011200c0 (fca3df865a000000)
[INFO] [1790608463.616912169] [uav9.mavros.sys]: VER: 9.1: Middleware software: 011200c0 (fca3df865a000000)
[INFO] [1790608463.616918062] [uav9.mavros.sys]: VER: 9.1: OS software:         070000ff (17040b9f87cb1791)
[INFO] [1790608463.616923528] [uav9.mavros.sys]: VER: 9.1: Board hardware:      00000001
[INFO] [1790608463.616928540] [uav9.mavros.sys]: VER: 9.1: VID/PID:             0000:0000
[INFO] [1790608463.616933620] [uav9.mavros.sys]: VER: 9.1: UID:                 4954414c44494e57
[WARN] [1790608463.620468329] [uav9.mavros.cmd]: CMD: Unexpected command 512, result 0
[WARN] [1790608473.590913013] [uav9.mavros.sys]: FCU: UNK(8): EVENT 11047904 with args -0-0-0-0-0-128-0-0-0-176-122-127-128-176-122-127-128-0-0-0-0-0-0-0-0-0-0-0-0-0-0-0-0-0-0-0-0-0-0-0-
[INFO] [1790608473.591025525] [uav9.mavros.sys]: FCU: EVENT 377561 with args -8-0-0-0-20-0-0-0-0-0-0-0-0-0-0-0-0-0-0-0-0-0-0-0-0-0-0-0-0-0-0-0-0-0-0-0-0-0-0-0-
[WARN] [1790608473.591081972] [uav9.mavros.sys]: FCU: EVENT 453929 with args -255-255-255-255-7-0-0-0-0-0-0-0-0-0-0-0-0-0-0-0-0-0-0-0-0-0-0-0-0-0-0-0-0-0-0-0-0-0-0-0-
[INFO] [1790608473.591107076] [uav9.mavros.sys]: FCU: EVENT 6801787 with args -255-255-255-255-12-0-0-0-0-0-0-0-0-0-0-0-0-0-0-0-0-0-0-0-0-0-0-0-0-0-0-0-0-0-0-0-0-0-0-0-
[WARN] [1790608473.591130312] [uav9.mavros.sys]: FCU: UNK(8): EVENT 1914663 with args -0-10-13-2-56-0-0-0-0-0-0-0-0-0-0-0-0-0-0-0-0-0-0-0-0-0-0-0-0-0-0-0-0-0-0-0-0-0-0-0-
[WARN] [1790608477.781085736] [uav9.mavros.cmd]: CMD: Unexpected command 176, result 0
[INFO] [1790608478.822594384] [uav9.mavros.sys]: FCU: EVENT 9489139 with args -4-0-0-0-0-0-0-0-0-0-0-0-0-0-0-0-0-0-0-0-0-0-0-0-0-0-0-0-0-0-0-0-0-0-0-0-0-0-0-0-
[INFO] [1790608480.718934902] [uav9.mavros.sys]: FCU: EVENT 4277609 with args -0-0-0-0-0-0-0-0-0-0-0-0-0-0-0-0-0-0-0-0-0-0-0-0-0-0-0-0-0-0-0-0-0-0-0-0-0-0-0-0-
[WARN] [1790608731.479510390] [uav9.mavros.cmd]: CMD: Unexpected command 176, result 0
[INFO] [1790608764.594083056] [uav9.mavros.sys]: FCU: EVENT 9844908 with args -0-0-0-0-0-0-0-0-0-0-0-0-0-0-0-0-0-0-0-0-0-0-0-0-0-0-0-0-0-0-0-0-0-0-0-0-0-0-0-0-
[INFO] [1790608766.727774649] [uav9.mavros.sys]: FCU: EVENT 16017271 with args -6-0-0-0-0-0-0-0-0-0-0-0-0-0-0-0-0-0-0-0-0-0-0-0-0-0-0-0-0-0-0-0-0-0-0-0-0-0-0-0-
[WARN] [1790608770.409789983] [uav9.mavros.sys]: FCU: UNK(8): EVENT 11047904 with args -0-0-0-0-0-128-0-0-0-176-122-127-128-176-122-127-128-0-0-0-0-0-0-0-0-0-0-0-0-0-0-0-0-0-0-0-0-0-0-0-
[INFO] [1790608770.409945912] [uav9.mavros.sys]: FCU: EVENT 377561 with args -8-0-0-0-20-0-0-0-0-0-0-0-0-0-0-0-0-0-0-0-0-0-0-0-0-0-0-0-0-0-0-0-0-0-0-0-0-0-0-0-
[WARN] [1790608770.409989292] [uav9.mavros.sys]: FCU: EVENT 453929 with args -255-255-255-255-7-0-0-0-0-0-0-0-0-0-0-0-0-0-0-0-0-0-0-0-0-0-0-0-0-0-0-0-0-0-0-0-0-0-0-0-
[INFO] [1790608770.410021772] [uav9.mavros.sys]: FCU: EVENT 6801787 with args -255-255-255-255-12-0-0-0-0-0-0-0-0-0-0-0-0-0-0-0-0-0-0-0-0-0-0-0-0-0-0-0-0-0-0-0-0-0-0-0-
[WARN] [1790608770.410056358] [uav9.mavros.sys]: FCU: UNK(8): EVENT 1914663 with args -0-10-9-2-56-0-0-0-0-0-0-0-0-0-0-0-0-0-0-0-0-0-0-0-0-0-0-0-0-0-0-0-0-0-0-0-0-0-0-0-
[INFO] [1790608771.563544658] [rclcpp]: signal_handler(SIGINT/SIGTERM)
[WARN] [1790608771.566010276] [uav9.mavros]: UAS Executor terminated
