[INFO] [1790608460.107015125] [uav10.mavros_node]: Starting mavros_node container
[INFO] [1790608460.202568423] [uav10.mavros_node]: FCU URL: udp://:14549@127.0.0.1:14589
[INFO] [1790608460.202579364] [uav10.mavros_node]: GCS URL: 
[INFO] [1790608460.202584453] [uav10.mavros_node]: UAS Prefix: /uas10
[INFO] [1790608460.202589077] [uav10.mavros_node]: Starting mavros router node
[INFO] [1790608460.280596938] [uav10.mavros_router]: Built-in SIMD instructions: SSE, SSE2
[INFO] [1790608460.314528509] [uav10.mavros_router]: Built-in MAVLink package version: 2026.8.8
[INFO] [1790608460.320702163] [uav10.mavros_router]: Known MAVLink dialects: common ardupilotmega ASLUAV AVSSUAS all csAirLink cubepilot development icarous loweheiser marsh paparazzi standard stemstudios storm32 uAvionix ualberta
[INFO] [1790608460.320716837] [uav10.mavros_router]: MAVROS Router started
[INFO] [1790608460.320872764] [uav10.mavros_node]: Starting mavros uas node
[INFO] [1790608460.510819888] [uav10.mavros_router]: Requested to add endpoint: type: 0, url: udp://:14549@127.0.0.1:14589
[INFO] [1790608460.510876465] [uav10.mavros_router]: Endpoint link[1000] created
[INFO] [1790608460.516878412] [uav10.mavros_router]: link[1000] opened successfully
[INFO] [1790608460.516938248] [uav10.mavros_router]: Requested to add endpoint: type: 2, url: /uas10
[INFO] [1790608460.516959920] [uav10.mavros_router]: Endpoint link[1001] created
[INFO] [1790608460.521802775] [uav10.mavros_router]: link[1000] detected remote address 10.1
[INFO] [1790608460.533143018] [uav10.mavros]: Plugin actuator_control ignored
[INFO] [1790608460.533474529] [uav10.mavros]: Plugin altitude ignored
[INFO] [1790608460.533867591] [uav10.mavros]: UAS Executor started, threads: 4
[INFO] [1790608460.591303046] [uav10.mavros_router]: link[1001] opened successfully
[INFO] [1790608460.733449667] [uav10.mavros]: Plugin command created
[INFO] [1790608460.735592945] [uav10.mavros]: Plugin command initialized
[INFO] [1790608460.735605757] [uav10.mavros]: Plugin ftp ignored
[INFO] [1790608460.736854078] [uav10.mavros]: Plugin geofence ignored
[INFO] [1790608460.957272233] [uav10.mavros]: Plugin global_position created
[INFO] [1790608460.976202463] [uav10.mavros]: Plugin global_position initialized
[INFO] [1790608460.976223348] [uav10.mavros]: Plugin home_position ignored
[INFO] [1790608460.976229241] [uav10.mavros]: Plugin imu ignored
[INFO] [1790608461.120773699] [uav10.mavros]: Plugin local_position created
[INFO] [1790608461.128036953] [uav10.mavros]: Plugin local_position initialized
[INFO] [1790608461.128053743] [uav10.mavros]: Plugin manual_control ignored
[INFO] [1790608461.128066624] [uav10.mavros]: Plugin nav_controller_output ignored
[INFO] [1790608461.128072861] [uav10.mavros]: Plugin param ignored
[INFO] [1790608461.128078425] [uav10.mavros]: Plugin rallypoint ignored
[INFO] [1790608461.128084012] [uav10.mavros]: Plugin rc_io ignored
[INFO] [1790608461.128089450] [uav10.mavros]: Plugin setpoint_accel ignored
[INFO] [1790608461.128094840] [uav10.mavros]: Plugin setpoint_attitude ignored
[INFO] [1790608461.128100432] [uav10.mavros]: Plugin setpoint_position ignored
[INFO] [1790608461.128106028] [uav10.mavros]: Plugin setpoint_raw ignored
[INFO] [1790608461.128111272] [uav10.mavros]: Plugin setpoint_trajectory ignored
[INFO] [1790608461.287911529] [uav10.mavros]: Plugin setpoint_velocity created
[INFO] [1790608461.289564941] [uav10.mavros]: Plugin setpoint_velocity initialized
[INFO] [1790608461.487435535] [uav10.mavros]: Plugin sys_status created
[INFO] [1790608461.487503434] [uav10.mavros]: Plugin sys_status initialized
[INFO] [1790608461.604493747] [uav10.mavros.time]: TM: Timesync mode: MAVLINK
[INFO] [1790608461.627012396] [uav10.mavros]: Plugin sys_time created
[INFO] [1790608461.698642245] [uav10.mavros]: Plugin sys_time initialized
[INFO] [1790608461.709474121] [uav10.mavros]: Plugin waypoint ignored
[INFO] [1790608461.709487190] [uav10.mavros]: Plugin wind_estimation ignored
[INFO] [1790608461.736916753] [uav10.mavros]: Built-in SIMD instructions: SSE, SSE2
[INFO] [1790608461.738834076] [uav10.mavros]: Built-in MAVLink package version: 2026.8.8
[INFO] [1790608461.739475672] [uav10.mavros]: Known MAVLink dialects: common ardupilotmega ASLUAV AVSSUAS all csAirLink cubepilot development icarous loweheiser marsh paparazzi standard stemstudios storm32 uAvionix ualberta
[INFO] [1790608461.739550708] [uav10.mavros]: MAVROS UAS via /uas10 started. MY ID 10.191, TARGET ID 10.1
[INFO] [1790608461.757906413] [uav10.mavros_router]: link[1001] detected remote address 10.191
[INFO] [1790608462.080114729] [uav10.mavros]: CON: Got HEARTBEAT, connected. FCU: PX4 Autopilot
[WARN] [1790608463.041194335] [uav10.mavros.sys]: FCU: UNK(8): EVENT 11047904 with args -0-0-0-16-0-128-0-0-0-176-58-127-128-176-58-127-128-0-0-0-0-0-0-0-0-0-0-0-0-0-0-0-0-0-0-0-0-0-0-0-
[ERROR] [1790608463.203498444] [uav10.mavros.sys]: FCU: EVENT 11464574 with args -0-64-0-0-20-0-0-0-0-0-0-0-0-0-0-0-0-0-0-0-0-0-0-0-0-0-0-0-0-0-0-0-0-0-0-0-0-0-0-0-
[INFO] [1790608463.203565791] [uav10.mavros.sys]: FCU: EVENT 377561 with args -8-0-0-0-20-0-0-0-0-0-0-0-0-0-0-0-0-0-0-0-0-0-0-0-0-0-0-0-0-0-0-0-0-0-0-0-0-0-0-0-
[WARN] [1790608463.203619959] [uav10.mavros.sys]: FCU: EVENT 453929 with args -255-255-255-255-7-0-0-0-0-0-0-0-0-0-0-0-0-0-0-0-0-0-0-0-0-0-0-0-0-0-0-0-0-0-0-0-0-0-0-0-
[INFO] [1790608463.203663594] [uav10.mavros.sys]: FCU: EVENT 6801787 with args -255-255-255-255-12-0-0-0-0-0-0-0-0-0-0-0-0-0-0-0-0-0-0-0-0-0-0-0-0-0-0-0-0-0-0-0-0-0-0-0-
[WARN] [1790608463.203701561] [uav10.mavros.sys]: FCU: UNK(8): EVENT 1914663 with args -0-10-13-2-56-0-0-0-0-0-0-0-0-0-0-0-0-0-0-0-0-0-0-0-0-0-0-0-0-0-0-0-0-0-0-0-0-0-0-0-
[INFO] [1790608463.204121252] [uav10.mavros.sys]: VER: 10.1: Capabilities         0x000000000000e8ff
[INFO] [1790608463.204141790] [uav10.mavros.sys]: VER: 10.1: Flight software:     011200c0 (fca3df865a000000)
[INFO] [1790608463.204149023] [uav10.mavros.sys]: VER: 10.1: Middleware software: 011200c0 (fca3df865a000000)
[INFO] [1790608463.204154601] [uav10.mavros.sys]: VER: 10.1: OS software:         070000ff (17040b9f87cb1791)
[INFO] [1790608463.204159779] [uav10.mavros.sys]: VER: 10.1: Board hardware:      00000001
[INFO] [1790608463.204164960] [uav10.mavros.sys]: VER: 10.1: VID/PID:             0000:0000
[INFO] [1790608463.204170638] [uav10.mavros.sys]: VER: 10.1: UID:                 4954414c44494e58
[WARN] [1790608463.204211545] [uav10.mavros.cmd]: CMD: Unexpected command 512, result 0
[WARN] [1790608470.774251614] [uav10.mavros.sys]: FCU: UNK(8): EVENT 11047904 with args -0-0-0-0-0-128-0-0-0-176-122-127-128-176-122-127-128-0-0-0-0-0-0-0-0-0-0-0-0-0-0-0-0-0-0-0-0-0-0-0-
[INFO] [1790608470.774329609] [uav10.mavros.sys]: FCU: EVENT 377561 with args -8-0-0-0-20-0-0-0-0-0-0-0-0-0-0-0-0-0-0-0-0-0-0-0-0-0-0-0-0-0-0-0-0-0-0-0-0-0-0-0-
[WARN] [1790608470.774366580] [uav10.mavros.sys]: FCU: EVENT 453929 with args -255-255-255-255-7-0-0-0-0-0-0-0-0-0-0-0-0-0-0-0-0-0-0-0-0-0-0-0-0-0-0-0-0-0-0-0-0-0-0-0-
[INFO] [1790608470.774405398] [uav10.mavros.sys]: FCU: EVENT 6801787 with args -255-255-255-255-12-0-0-0-0-0-0-0-0-0-0-0-0-0-0-0-0-0-0-0-0-0-0-0-0-0-0-0-0-0-0-0-0-0-0-0-
[WARN] [1790608470.774436700] [uav10.mavros.sys]: FCU: UNK(8): EVENT 1914663 with args -0-10-13-2-56-0-0-0-0-0-0-0-0-0-0-0-0-0-0-0-0-0-0-0-0-0-0-0-0-0-0-0-0-0-0-0-0-0-0-0-
[WARN] [1790608477.826584451] [uav10.mavros.cmd]: CMD: Unexpected command 176, result 0
[INFO] [1790608478.413163098] [uav10.mavros.sys]: FCU: EVENT 9489139 with args -4-0-0-0-0-0-0-0-0-0-0-0-0-0-0-0-0-0-0-0-0-0-0-0-0-0-0-0-0-0-0-0-0-0-0-0-0-0-0-0-
[INFO] [1790608480.369258594] [uav10.mavros.sys]: FCU: EVENT 4277609 with args -0-0-0-0-0-0-0-0-0-0-0-0-0-0-0-0-0-0-0-0-0-0-0-0-0-0-0-0-0-0-0-0-0-0-0-0-0-0-0-0-
[WARN] [1790608731.515018210] [uav10.mavros.cmd]: CMD: Unexpected command 176, result 0
[INFO] [1790608765.453177905] [uav10.mavros.sys]: FCU: EVENT 9844908 with args -0-0-0-0-0-0-0-0-0-0-0-0-0-0-0-0-0-0-0-0-0-0-0-0-0-0-0-0-0-0-0-0-0-0-0-0-0-0-0-0-
[INFO] [1790608767.593572942] [uav10.mavros.sys]: FCU: EVENT 16017271 with args -6-0-0-0-0-0-0-0-0-0-0-0-0-0-0-0-0-0-0-0-0-0-0-0-0-0-0-0-0-0-0-0-0-0-0-0-0-0-0-0-
[WARN] [1790608771.512714678] [uav10.mavros.sys]: FCU: UNK(8): EVENT 11047904 with args -0-0-0-0-0-128-0-0-0-176-122-127-128-176-122-127-128-0-0-0-0-0-0-0-0-0-0-0-0-0-0-0-0-0-0-0-0-0-0-0-
[INFO] [1790608771.512806107] [uav10.mavros.sys]: FCU: EVENT 377561 with args -8-0-0-0-20-0-0-0-0-0-0-0-0-0-0-0-0-0-0-0-0-0-0-0-0-0-0-0-0-0-0-0-0-0-0-0-0-0-0-0-
[WARN] [1790608771.512870400] [uav10.mavros.sys]: FCU: EVENT 453929 with args -255-255-255-255-7-0-0-0-0-0-0-0-0-0-0-0-0-0-0-0-0-0-0-0-0-0-0-0-0-0-0-0-0-0-0-0-0-0-0-0-
[INFO] [1790608771.512898259] [uav10.mavros.sys]: FCU: EVENT 6801787 with args -255-255-255-255-12-0-0-0-0-0-0-0-0-0-0-0-0-0-0-0-0-0-0-0-0-0-0-0-0-0-0-0-0-0-0-0-0-0-0-0-
[WARN] [1790608771.512922362] [uav10.mavros.sys]: FCU: UNK(8): EVENT 1914663 with args -0-10-9-2-56-0-0-0-0-0-0-0-0-0-0-0-0-0-0-0-0-0-0-0-0-0-0-0-0-0-0-0-0-0-0-0-0-0-0-0-
[INFO] [1790608771.567686742] [rclcpp]: signal_handler(SIGINT/SIGTERM)
[WARN] [1790608771.568109777] [uav10.mavros]: UAS Executor terminated
