[INFO] [1790608460.065396784] [uav7.mavros_node]: Starting mavros_node container
[INFO] [1790608460.071782290] [uav7.mavros_node]: FCU URL: udp://:14546@127.0.0.1:14586
[INFO] [1790608460.202190144] [uav7.mavros_node]: GCS URL: 
[INFO] [1790608460.202249555] [uav7.mavros_node]: UAS Prefix: /uas7
[INFO] [1790608460.202254782] [uav7.mavros_node]: Starting mavros router node
[INFO] [1790608460.294955762] [uav7.mavros_router]: Built-in SIMD instructions: SSE, SSE2
[INFO] [1790608460.312575876] [uav7.mavros_router]: Built-in MAVLink package version: 2026.8.8
[INFO] [1790608460.312595203] [uav7.mavros_router]: Known MAVLink dialects: common ardupilotmega ASLUAV AVSSUAS all csAirLink cubepilot development icarous loweheiser marsh paparazzi standard stemstudios storm32 uAvionix ualberta
[INFO] [1790608460.312602005] [uav7.mavros_router]: MAVROS Router started
[INFO] [1790608460.312762618] [uav7.mavros_node]: Starting mavros uas node
[INFO] [1790608460.486066411] [uav7.mavros_router]: Requested to add endpoint: type: 0, url: udp://:14546@127.0.0.1:14586
[INFO] [1790608460.486725024] [uav7.mavros_router]: Endpoint link[1000] created
[INFO] [1790608460.488528751] [uav7.mavros_router]: link[1000] opened successfully
[INFO] [1790608460.488569162] [uav7.mavros_router]: Requested to add endpoint: type: 2, url: /uas7
[INFO] [1790608460.488588250] [uav7.mavros_router]: Endpoint link[1001] created
[INFO] [1790608460.491592139] [uav7.mavros_router]: link[1000] detected remote address 7.1
[INFO] [1790608460.497851513] [uav7.mavros]: UAS Executor started, threads: 4
[INFO] [1790608460.497858281] [uav7.mavros]: Plugin actuator_control ignored
[INFO] [1790608460.502886496] [uav7.mavros]: Plugin altitude ignored
[INFO] [1790608460.502953683] [uav7.mavros_router]: link[1001] opened successfully
[INFO] [1790608460.605154501] [uav7.mavros]: Plugin command created
[INFO] [1790608460.605214212] [uav7.mavros]: Plugin command initialized
[INFO] [1790608460.605223497] [uav7.mavros]: Plugin ftp ignored
[INFO] [1790608460.605229517] [uav7.mavros]: Plugin geofence ignored
[INFO] [1790608460.694592703] [uav7.mavros]: Plugin global_position created
[INFO] [1790608460.694651356] [uav7.mavros]: Plugin global_position initialized
[INFO] [1790608460.697023043] [uav7.mavros]: Plugin home_position ignored
[INFO] [1790608460.697032341] [uav7.mavros]: Plugin imu ignored
[INFO] [1790608460.773364304] [uav7.mavros]: Plugin local_position created
[INFO] [1790608460.773408892] [uav7.mavros]: Plugin local_position initialized
[INFO] [1790608460.773417455] [uav7.mavros]: Plugin manual_control ignored
[INFO] [1790608460.773423224] [uav7.mavros]: Plugin nav_controller_output ignored
[INFO] [1790608460.773429146] [uav7.mavros]: Plugin param ignored
[INFO] [1790608460.773434409] [uav7.mavros]: Plugin rallypoint ignored
[INFO] [1790608460.773439203] [uav7.mavros]: Plugin rc_io ignored
[INFO] [1790608460.773444368] [uav7.mavros]: Plugin setpoint_accel ignored
[INFO] [1790608460.773449500] [uav7.mavros]: Plugin setpoint_attitude ignored
[INFO] [1790608460.773454641] [uav7.mavros]: Plugin setpoint_position ignored
[INFO] [1790608460.773460017] [uav7.mavros]: Plugin setpoint_raw ignored
[INFO] [1790608460.773465052] [uav7.mavros]: Plugin setpoint_trajectory ignored
[INFO] [1790608460.794597612] [uav7.mavros]: Plugin setpoint_velocity created
[INFO] [1790608460.889658724] [uav7.mavros]: Plugin setpoint_velocity initialized
[INFO] [1790608461.054862358] [uav7.mavros]: Plugin sys_status created
[INFO] [1790608461.075649291] [uav7.mavros]: Plugin sys_status initialized
[INFO] [1790608461.227178212] [uav7.mavros.time]: TM: Timesync mode: MAVLINK
[INFO] [1790608461.251226980] [uav7.mavros]: Plugin sys_time created
[INFO] [1790608461.251281043] [uav7.mavros]: Plugin sys_time initialized
[INFO] [1790608461.251289931] [uav7.mavros]: Plugin waypoint ignored
[INFO] [1790608461.251294466] [uav7.mavros]: Plugin wind_estimation ignored
[INFO] [1790608461.276478817] [uav7.mavros]: Built-in SIMD instructions: SSE, SSE2
[INFO] [1790608461.276518676] [uav7.mavros]: Built-in MAVLink package version: 2026.8.8
[INFO] [1790608461.276548353] [uav7.mavros]: Known MAVLink dialects: common ardupilotmega ASLUAV AVSSUAS all csAirLink cubepilot development icarous loweheiser marsh paparazzi standard stemstudios storm32 uAvionix ualberta
[INFO] [1790608461.276555230] [uav7.mavros]: MAVROS UAS via /uas7 started. MY ID 7.191, TARGET ID 7.1
[INFO] [1790608461.337149809] [uav7.mavros_router]: link[1001] detected remote address 7.191
[INFO] [1790608461.787746722] [uav7.mavros]: CON: Got HEARTBEAT, connected. FCU: PX4 Autopilot
[INFO] [1790608462.804241476] [uav7.mavros.sys]: VER: 7.1: Capabilities         0x000000000000e8ff
[INFO] [1790608462.804314805] [uav7.mavros.sys]: VER: 7.1: Flight software:     011200c0 (fca3df865a000000)
[INFO] [1790608462.804323747] [uav7.mavros.sys]: VER: 7.1: Middleware software: 011200c0 (fca3df865a000000)
[INFO] [1790608462.804328842] [uav7.mavros.sys]: VER: 7.1: OS software:         070000ff (17040b9f87cb1791)
[INFO] [1790608462.804333286] [uav7.mavros.sys]: VER: 7.1: Board hardware:      00000001
[INFO] [1790608462.804337754] [uav7.mavros.sys]: VER: 7.1: VID/PID:             0000:0000
[INFO] [1790608462.804342130] [uav7.mavros.sys]: VER: 7.1: UID:                 4954414c44494e55
[WARN] [1790608462.806952777] [uav7.mavros.cmd]: CMD: Unexpected command 512, result 0
[WARN] [1790608472.484048378] [uav7.mavros.sys]: FCU: UNK(8): EVENT 11047904 with args -0-0-0-0-0-128-0-0-0-176-122-127-128-176-122-127-128-0-0-0-0-0-0-0-0-0-0-0-0-0-0-0-0-0-0-0-0-0-0-0-
[INFO] [1790608472.484128866] [uav7.mavros.sys]: FCU: EVENT 377561 with args -8-0-0-0-20-0-0-0-0-0-0-0-0-0-0-0-0-0-0-0-0-0-0-0-0-0-0-0-0-0-0-0-0-0-0-0-0-0-0-0-
[WARN] [1790608472.484165746] [uav7.mavros.sys]: FCU: EVENT 453929 with args -255-255-255-255-7-0-0-0-0-0-0-0-0-0-0-0-0-0-0-0-0-0-0-0-0-0-0-0-0-0-0-0-0-0-0-0-0-0-0-0-
[INFO] [1790608472.484200941] [uav7.mavros.sys]: FCU: EVENT 6801787 with args -255-255-255-255-12-0-0-0-0-0-0-0-0-0-0-0-0-0-0-0-0-0-0-0-0-0-0-0-0-0-0-0-0-0-0-0-0-0-0-0-
[WARN] [1790608472.484235604] [uav7.mavros.sys]: FCU: UNK(8): EVENT 1914663 with args -0-10-13-2-56-0-0-0-0-0-0-0-0-0-0-0-0-0-0-0-0-0-0-0-0-0-0-0-0-0-0-0-0-0-0-0-0-0-0-0-
[WARN] [1790608477.815301553] [uav7.mavros.cmd]: CMD: Unexpected command 176, result 0
[INFO] [1790608478.114689455] [uav7.mavros.sys]: FCU: EVENT 9489139 with args -4-0-0-0-0-0-0-0-0-0-0-0-0-0-0-0-0-0-0-0-0-0-0-0-0-0-0-0-0-0-0-0-0-0-0-0-0-0-0-0-
[INFO] [1790608479.937413284] [uav7.mavros.sys]: FCU: EVENT 4277609 with args -0-0-0-0-0-0-0-0-0-0-0-0-0-0-0-0-0-0-0-0-0-0-0-0-0-0-0-0-0-0-0-0-0-0-0-0-0-0-0-0-
[WARN] [1790608731.514603286] [uav7.mavros.cmd]: CMD: Unexpected command 176, result 0
[INFO] [1790608766.020806516] [uav7.mavros.sys]: FCU: EVENT 9844908 with args -0-0-0-0-0-0-0-0-0-0-0-0-0-0-0-0-0-0-0-0-0-0-0-0-0-0-0-0-0-0-0-0-0-0-0-0-0-0-0-0-
[INFO] [1790608768.144728479] [uav7.mavros.sys]: FCU: EVENT 16017271 with args -6-0-0-0-0-0-0-0-0-0-0-0-0-0-0-0-0-0-0-0-0-0-0-0-0-0-0-0-0-0-0-0-0-0-0-0-0-0-0-0-
[INFO] [1790608771.562569255] [rclcpp]: signal_handler(SIGINT/SIGTERM)
[WARN] [1790608771.571438266] [uav7.mavros]: UAS Executor terminated
