[INFO] [1790608459.291333119] [uav2.mavros_node]: Starting mavros_node container
[INFO] [1790608459.291730807] [uav2.mavros_node]: FCU URL: udp://:14541@127.0.0.1:14581
[INFO] [1790608459.291755309] [uav2.mavros_node]: GCS URL: 
[INFO] [1790608459.291760185] [uav2.mavros_node]: UAS Prefix: /uas2
[INFO] [1790608459.291764666] [uav2.mavros_node]: Starting mavros router node
[INFO] [1790608459.316617750] [uav2.mavros_router]: Built-in SIMD instructions: SSE, SSE2
[INFO] [1790608459.316684676] [uav2.mavros_router]: Built-in MAVLink package version: 2026.8.8
[INFO] [1790608459.316694053] [uav2.mavros_router]: Known MAVLink dialects: common ardupilotmega ASLUAV AVSSUAS all csAirLink cubepilot development icarous loweheiser marsh paparazzi standard stemstudios storm32 uAvionix ualberta
[INFO] [1790608459.316700510] [uav2.mavros_router]: MAVROS Router started
[INFO] [1790608459.316907158] [uav2.mavros_node]: Starting mavros uas node
[INFO] [1790608459.425659823] [uav2.mavros_router]: Requested to add endpoint: type: 0, url: udp://:14541@127.0.0.1:14581
[INFO] [1790608459.425718039] [uav2.mavros_router]: Endpoint link[1000] created
[INFO] [1790608459.426116087] [uav2.mavros_router]: link[1000] opened successfully
[INFO] [1790608459.426139137] [uav2.mavros_router]: Requested to add endpoint: type: 2, url: /uas2
[INFO] [1790608459.426152615] [uav2.mavros_router]: Endpoint link[1001] created
[INFO] [1790608459.428015569] [uav2.mavros_router]: link[1000] detected remote address 2.1
[INFO] [1790608459.432710338] [uav2.mavros_router]: link[1001] opened successfully
[INFO] [1790608459.438233546] [uav2.mavros]: Plugin actuator_control ignored
[INFO] [1790608459.438525304] [uav2.mavros]: Plugin altitude ignored
[INFO] [1790608459.438323035] [uav2.mavros]: UAS Executor started, threads: 4
[INFO] [1790608459.533180366] [uav2.mavros]: Plugin command created
[INFO] [1790608459.533317646] [uav2.mavros]: Plugin command initialized
[INFO] [1790608459.533329553] [uav2.mavros]: Plugin ftp ignored
[INFO] [1790608459.533335165] [uav2.mavros]: Plugin geofence ignored
[INFO] [1790608459.651514429] [uav2.mavros]: Plugin global_position created
[INFO] [1790608459.651571989] [uav2.mavros]: Plugin global_position initialized
[INFO] [1790608459.651581344] [uav2.mavros]: Plugin home_position ignored
[INFO] [1790608459.651587556] [uav2.mavros]: Plugin imu ignored
[INFO] [1790608459.731903636] [uav2.mavros]: Plugin local_position created
[INFO] [1790608459.731957632] [uav2.mavros]: Plugin local_position initialized
[INFO] [1790608459.731967448] [uav2.mavros]: Plugin manual_control ignored
[INFO] [1790608459.731972738] [uav2.mavros]: Plugin nav_controller_output ignored
[INFO] [1790608459.731977958] [uav2.mavros]: Plugin param ignored
[INFO] [1790608459.731983090] [uav2.mavros]: Plugin rallypoint ignored
[INFO] [1790608459.731988284] [uav2.mavros]: Plugin rc_io ignored
[INFO] [1790608459.731993919] [uav2.mavros]: Plugin setpoint_accel ignored
[INFO] [1790608459.731999535] [uav2.mavros]: Plugin setpoint_attitude ignored
[INFO] [1790608459.732004740] [uav2.mavros]: Plugin setpoint_position ignored
[INFO] [1790608459.732009663] [uav2.mavros]: Plugin setpoint_raw ignored
[INFO] [1790608459.732014575] [uav2.mavros]: Plugin setpoint_trajectory ignored
[INFO] [1790608459.805909391] [uav2.mavros]: Plugin setpoint_velocity created
[INFO] [1790608459.805957340] [uav2.mavros]: Plugin setpoint_velocity initialized
[INFO] [1790608460.028608247] [uav2.mavros]: Plugin sys_status created
[INFO] [1790608460.028685209] [uav2.mavros]: Plugin sys_status initialized
[INFO] [1790608460.161872708] [uav2.mavros.time]: TM: Timesync mode: MAVLINK
[INFO] [1790608460.251981346] [uav2.mavros]: Plugin sys_time created
[INFO] [1790608460.312638294] [uav2.mavros]: Plugin sys_time initialized
[INFO] [1790608460.312651986] [uav2.mavros]: Plugin waypoint ignored
[INFO] [1790608460.312657255] [uav2.mavros]: Plugin wind_estimation ignored
[INFO] [1790608460.335082439] [uav2.mavros]: Built-in SIMD instructions: SSE, SSE2
[INFO] [1790608460.335122873] [uav2.mavros]: Built-in MAVLink package version: 2026.8.8
[INFO] [1790608460.335151981] [uav2.mavros]: Known MAVLink dialects: common ardupilotmega ASLUAV AVSSUAS all csAirLink cubepilot development icarous loweheiser marsh paparazzi standard stemstudios storm32 uAvionix ualberta
[INFO] [1790608460.335159498] [uav2.mavros]: MAVROS UAS via /uas2 started. MY ID 2.191, TARGET ID 2.1
[INFO] [1790608460.427870884] [uav2.mavros_router]: link[1001] detected remote address 2.191
[INFO] [1790608460.537328764] [uav2.mavros]: CON: Got HEARTBEAT, connected. FCU: PX4 Autopilot
[INFO] [1790608461.562949929] [uav2.mavros.sys]: VER: 2.1: Capabilities         0x000000000000e8ff
[INFO] [1790608461.563002772] [uav2.mavros.sys]: VER: 2.1: Flight software:     011200c0 (fca3df865a000000)
[INFO] [1790608461.563008999] [uav2.mavros.sys]: VER: 2.1: Middleware software: 011200c0 (fca3df865a000000)
[INFO] [1790608461.563014152] [uav2.mavros.sys]: VER: 2.1: OS software:         070000ff (17040b9f87cb1791)
[INFO] [1790608461.563019126] [uav2.mavros.sys]: VER: 2.1: Board hardware:      00000001
[INFO] [1790608461.563024126] [uav2.mavros.sys]: VER: 2.1: VID/PID:             0000:0000
[INFO] [1790608461.563028861] [uav2.mavros.sys]: VER: 2.1: UID:                 4954414c44494e50
[WARN] [1790608461.570475317] [uav2.mavros.cmd]: CMD: Unexpected command 512, result 0
[WARN] [1790608474.033432363] [uav2.mavros.sys]: FCU: UNK(8): EVENT 11047904 with args -0-0-0-0-0-128-0-0-0-176-122-127-128-176-122-127-128-0-0-0-0-0-0-0-0-0-0-0-0-0-0-0-0-0-0-0-0-0-0-0-
[INFO] [1790608474.034812573] [uav2.mavros.sys]: FCU: EVENT 377561 with args -8-0-0-0-20-0-0-0-0-0-0-0-0-0-0-0-0-0-0-0-0-0-0-0-0-0-0-0-0-0-0-0-0-0-0-0-0-0-0-0-
[WARN] [1790608474.034847232] [uav2.mavros.sys]: FCU: EVENT 453929 with args -255-255-255-255-7-0-0-0-0-0-0-0-0-0-0-0-0-0-0-0-0-0-0-0-0-0-0-0-0-0-0-0-0-0-0-0-0-0-0-0-
[INFO] [1790608474.034886121] [uav2.mavros.sys]: FCU: EVENT 6801787 with args -255-255-255-255-12-0-0-0-0-0-0-0-0-0-0-0-0-0-0-0-0-0-0-0-0-0-0-0-0-0-0-0-0-0-0-0-0-0-0-0-
[WARN] [1790608474.034924054] [uav2.mavros.sys]: FCU: UNK(8): EVENT 1914663 with args -0-10-13-2-56-0-0-0-0-0-0-0-0-0-0-0-0-0-0-0-0-0-0-0-0-0-0-0-0-0-0-0-0-0-0-0-0-0-0-0-
[WARN] [1790608477.801646177] [uav2.mavros.cmd]: CMD: Unexpected command 176, result 0
[INFO] [1790608478.641766963] [uav2.mavros.sys]: FCU: EVENT 9489139 with args -4-0-0-0-0-0-0-0-0-0-0-0-0-0-0-0-0-0-0-0-0-0-0-0-0-0-0-0-0-0-0-0-0-0-0-0-0-0-0-0-
[INFO] [1790608480.682093369] [uav2.mavros.sys]: FCU: EVENT 4277609 with args -0-0-0-0-0-0-0-0-0-0-0-0-0-0-0-0-0-0-0-0-0-0-0-0-0-0-0-0-0-0-0-0-0-0-0-0-0-0-0-0-
[WARN] [1790608731.491699968] [uav2.mavros.cmd]: CMD: Unexpected command 176, result 0
[INFO] [1790608762.866471220] [uav2.mavros.sys]: FCU: EVENT 9844908 with args -0-0-0-0-0-0-0-0-0-0-0-0-0-0-0-0-0-0-0-0-0-0-0-0-0-0-0-0-0-0-0-0-0-0-0-0-0-0-0-0-
[INFO] [1790608764.991203534] [uav2.mavros.sys]: FCU: EVENT 16017271 with args -6-0-0-0-0-0-0-0-0-0-0-0-0-0-0-0-0-0-0-0-0-0-0-0-0-0-0-0-0-0-0-0-0-0-0-0-0-0-0-0-
[WARN] [1790608768.217794046] [uav2.mavros.sys]: FCU: UNK(8): EVENT 11047904 with args -0-0-0-0-0-128-0-0-0-176-122-127-128-176-122-127-128-0-0-0-0-0-0-0-0-0-0-0-0-0-0-0-0-0-0-0-0-0-0-0-
[INFO] [1790608768.218065285] [uav2.mavros.sys]: FCU: EVENT 377561 with args -8-0-0-0-20-0-0-0-0-0-0-0-0-0-0-0-0-0-0-0-0-0-0-0-0-0-0-0-0-0-0-0-0-0-0-0-0-0-0-0-
[WARN] [1790608768.218102880] [uav2.mavros.sys]: FCU: EVENT 453929 with args -255-255-255-255-7-0-0-0-0-0-0-0-0-0-0-0-0-0-0-0-0-0-0-0-0-0-0-0-0-0-0-0-0-0-0-0-0-0-0-0-
[INFO] [1790608768.218143317] [uav2.mavros.sys]: FCU: EVENT 6801787 with args -255-255-255-255-12-0-0-0-0-0-0-0-0-0-0-0-0-0-0-0-0-0-0-0-0-0-0-0-0-0-0-0-0-0-0-0-0-0-0-0-
[WARN] [1790608768.218179955] [uav2.mavros.sys]: FCU: UNK(8): EVENT 1914663 with args -0-10-9-2-56-0-0-0-0-0-0-0-0-0-0-0-0-0-0-0-0-0-0-0-0-0-0-0-0-0-0-0-0-0-0-0-0-0-0-0-
[INFO] [1790608771.545032910] [rclcpp]: signal_handler(SIGINT/SIGTERM)
[WARN] [1790608771.545431659] [uav2.mavros]: UAS Executor terminated
