[INFO] [1790608459.302945702] [uav3.mavros_node]: Starting mavros_node container
[INFO] [1790608459.303039005] [uav3.mavros_node]: FCU URL: udp://:14542@127.0.0.1:14582
[INFO] [1790608459.303046591] [uav3.mavros_node]: GCS URL: 
[INFO] [1790608459.303051699] [uav3.mavros_node]: UAS Prefix: /uas3
[INFO] [1790608459.303056898] [uav3.mavros_node]: Starting mavros router node
[INFO] [1790608459.326916057] [uav3.mavros_router]: Built-in SIMD instructions: SSE, SSE2
[INFO] [1790608459.326966020] [uav3.mavros_router]: Built-in MAVLink package version: 2026.8.8
[INFO] [1790608459.326975242] [uav3.mavros_router]: Known MAVLink dialects: common ardupilotmega ASLUAV AVSSUAS all csAirLink cubepilot development icarous loweheiser marsh paparazzi standard stemstudios storm32 uAvionix ualberta
[INFO] [1790608459.326981128] [uav3.mavros_router]: MAVROS Router started
[INFO] [1790608459.327513960] [uav3.mavros_node]: Starting mavros uas node
[INFO] [1790608459.409704887] [uav3.mavros_router]: Requested to add endpoint: type: 0, url: udp://:14542@127.0.0.1:14582
[INFO] [1790608459.409761528] [uav3.mavros_router]: Endpoint link[1000] created
[INFO] [1790608459.409994982] [uav3.mavros_router]: link[1000] opened successfully
[INFO] [1790608459.410009432] [uav3.mavros_router]: Requested to add endpoint: type: 2, url: /uas3
[INFO] [1790608459.410021850] [uav3.mavros_router]: Endpoint link[1001] created
[INFO] [1790608459.412698177] [uav3.mavros_router]: link[1000] detected remote address 3.1
[INFO] [1790608459.421418583] [uav3.mavros]: Plugin actuator_control ignored
[INFO] [1790608459.421647643] [uav3.mavros]: Plugin altitude ignored
[INFO] [1790608459.421469291] [uav3.mavros]: UAS Executor started, threads: 4
[INFO] [1790608459.464761737] [uav3.mavros_router]: link[1001] opened successfully
[INFO] [1790608459.590070488] [uav3.mavros]: Plugin command created
[INFO] [1790608459.590140429] [uav3.mavros]: Plugin command initialized
[INFO] [1790608459.590152501] [uav3.mavros]: Plugin ftp ignored
[INFO] [1790608459.590159416] [uav3.mavros]: Plugin geofence ignored
[INFO] [1790608459.714407753] [uav3.mavros]: Plugin global_position created
[INFO] [1790608459.714466593] [uav3.mavros]: Plugin global_position initialized
[INFO] [1790608459.717502276] [uav3.mavros]: Plugin home_position ignored
[INFO] [1790608459.717512543] [uav3.mavros]: Plugin imu ignored
[INFO] [1790608459.882901356] [uav3.mavros]: Plugin local_position created
[INFO] [1790608460.007847375] [uav3.mavros]: Plugin local_position initialized
[INFO] [1790608460.007864577] [uav3.mavros]: Plugin manual_control ignored
[INFO] [1790608460.007871107] [uav3.mavros]: Plugin nav_controller_output ignored
[INFO] [1790608460.007877146] [uav3.mavros]: Plugin param ignored
[INFO] [1790608460.007883370] [uav3.mavros]: Plugin rallypoint ignored
[INFO] [1790608460.007891592] [uav3.mavros]: Plugin rc_io ignored
[INFO] [1790608460.007897141] [uav3.mavros]: Plugin setpoint_accel ignored
[INFO] [1790608460.007901913] [uav3.mavros]: Plugin setpoint_attitude ignored
[INFO] [1790608460.007906733] [uav3.mavros]: Plugin setpoint_position ignored
[INFO] [1790608460.007911771] [uav3.mavros]: Plugin setpoint_raw ignored
[INFO] [1790608460.007916903] [uav3.mavros]: Plugin setpoint_trajectory ignored
[INFO] [1790608460.098766705] [uav3.mavros]: Plugin setpoint_velocity created
[INFO] [1790608460.201483237] [uav3.mavros]: Plugin setpoint_velocity initialized
[INFO] [1790608460.511409087] [uav3.mavros]: Plugin sys_status created
[INFO] [1790608460.511501526] [uav3.mavros]: Plugin sys_status initialized
[INFO] [1790608460.660241579] [uav3.mavros.time]: TM: Timesync mode: MAVLINK
[INFO] [1790608460.687917569] [uav3.mavros]: Plugin sys_time created
[INFO] [1790608460.687975206] [uav3.mavros]: Plugin sys_time initialized
[INFO] [1790608460.687985252] [uav3.mavros]: Plugin waypoint ignored
[INFO] [1790608460.687990783] [uav3.mavros]: Plugin wind_estimation ignored
[INFO] [1790608460.701353164] [uav3.mavros]: Built-in SIMD instructions: SSE, SSE2
[INFO] [1790608460.701388932] [uav3.mavros]: Built-in MAVLink package version: 2026.8.8
[INFO] [1790608460.701423839] [uav3.mavros]: Known MAVLink dialects: common ardupilotmega ASLUAV AVSSUAS all csAirLink cubepilot development icarous loweheiser marsh paparazzi standard stemstudios storm32 uAvionix ualberta
[INFO] [1790608460.701431013] [uav3.mavros]: MAVROS UAS via /uas3 started. MY ID 3.191, TARGET ID 3.1
[INFO] [1790608460.803126776] [uav3.mavros_router]: link[1001] detected remote address 3.191
[INFO] [1790608461.548103810] [uav3.mavros.sys]: VER: 3.1: Capabilities         0x000000000000e8ff
[INFO] [1790608461.548162632] [uav3.mavros.sys]: VER: 3.1: Flight software:     011200c0 (fca3df865a000000)
[INFO] [1790608461.548170805] [uav3.mavros.sys]: VER: 3.1: Middleware software: 011200c0 (fca3df865a000000)
[INFO] [1790608461.548176418] [uav3.mavros.sys]: VER: 3.1: OS software:         070000ff (17040b9f87cb1791)
[INFO] [1790608461.548180994] [uav3.mavros.sys]: VER: 3.1: Board hardware:      00000001
[INFO] [1790608461.548185818] [uav3.mavros.sys]: VER: 3.1: VID/PID:             0000:0000
[INFO] [1790608461.548190820] [uav3.mavros.sys]: VER: 3.1: UID:                 4954414c44494e51
[WARN] [1790608461.550697719] [uav3.mavros.cmd]: CMD: Unexpected command 512, result 0
[INFO] [1790608461.737037378] [uav3.mavros]: CON: Got HEARTBEAT, connected. FCU: PX4 Autopilot
[INFO] [1790608462.742934558] [uav3.mavros.sys]: VER: 3.1: Capabilities         0x000000000000e8ff
[INFO] [1790608462.742979361] [uav3.mavros.sys]: VER: 3.1: Flight software:     011200c0 (fca3df865a000000)
[INFO] [1790608462.742986819] [uav3.mavros.sys]: VER: 3.1: Middleware software: 011200c0 (fca3df865a000000)
[INFO] [1790608462.742992262] [uav3.mavros.sys]: VER: 3.1: OS software:         070000ff (17040b9f87cb1791)
[INFO] [1790608462.742998037] [uav3.mavros.sys]: VER: 3.1: Board hardware:      00000001
[INFO] [1790608462.743003210] [uav3.mavros.sys]: VER: 3.1: VID/PID:             0000:0000
[INFO] [1790608462.743008702] [uav3.mavros.sys]: VER: 3.1: UID:                 4954414c44494e51
[WARN] [1790608471.688136926] [uav3.mavros.sys]: FCU: UNK(8): EVENT 11047904 with args -0-0-0-0-0-128-0-0-0-176-122-127-128-176-122-127-128-0-0-0-0-0-0-0-0-0-0-0-0-0-0-0-0-0-0-0-0-0-0-0-
[INFO] [1790608471.688218750] [uav3.mavros.sys]: FCU: EVENT 377561 with args -8-0-0-0-20-0-0-0-0-0-0-0-0-0-0-0-0-0-0-0-0-0-0-0-0-0-0-0-0-0-0-0-0-0-0-0-0-0-0-0-
[WARN] [1790608471.688256780] [uav3.mavros.sys]: FCU: EVENT 453929 with args -255-255-255-255-7-0-0-0-0-0-0-0-0-0-0-0-0-0-0-0-0-0-0-0-0-0-0-0-0-0-0-0-0-0-0-0-0-0-0-0-
[INFO] [1790608471.688292654] [uav3.mavros.sys]: FCU: EVENT 6801787 with args -255-255-255-255-12-0-0-0-0-0-0-0-0-0-0-0-0-0-0-0-0-0-0-0-0-0-0-0-0-0-0-0-0-0-0-0-0-0-0-0-
[WARN] [1790608471.688328450] [uav3.mavros.sys]: FCU: UNK(8): EVENT 1914663 with args -0-10-13-2-56-0-0-0-0-0-0-0-0-0-0-0-0-0-0-0-0-0-0-0-0-0-0-0-0-0-0-0-0-0-0-0-0-0-0-0-
[WARN] [1790608477.807889751] [uav3.mavros.cmd]: CMD: Unexpected command 176, result 0
[INFO] [1790608478.757520312] [uav3.mavros.sys]: FCU: EVENT 9489139 with args -4-0-0-0-0-0-0-0-0-0-0-0-0-0-0-0-0-0-0-0-0-0-0-0-0-0-0-0-0-0-0-0-0-0-0-0-0-0-0-0-
[INFO] [1790608480.825263514] [uav3.mavros.sys]: FCU: EVENT 4277609 with args -0-0-0-0-0-0-0-0-0-0-0-0-0-0-0-0-0-0-0-0-0-0-0-0-0-0-0-0-0-0-0-0-0-0-0-0-0-0-0-0-
[WARN] [1790608731.502622095] [uav3.mavros.cmd]: CMD: Unexpected command 176, result 0
[INFO] [1790608765.439640903] [uav3.mavros.sys]: FCU: EVENT 9844908 with args -0-0-0-0-0-0-0-0-0-0-0-0-0-0-0-0-0-0-0-0-0-0-0-0-0-0-0-0-0-0-0-0-0-0-0-0-0-0-0-0-
[INFO] [1790608767.597535689] [uav3.mavros.sys]: FCU: EVENT 16017271 with args -6-0-0-0-0-0-0-0-0-0-0-0-0-0-0-0-0-0-0-0-0-0-0-0-0-0-0-0-0-0-0-0-0-0-0-0-0-0-0-0-
[INFO] [1790608771.557489019] [rclcpp]: signal_handler(SIGINT/SIGTERM)
[WARN] [1790608771.558156166] [uav3.mavros]: UAS Executor terminated
Failed to publish log message to rosout: publisher's context is invalid, at ./src/rcl/publisher.c:423
