[INFO] [1790657080.767804767] [uav8.mavros_node]: Starting mavros_node container
[INFO] [1790657080.770759227] [uav8.mavros_node]: FCU URL: udp://:14547@127.0.0.1:14587
[INFO] [1790657080.780998550] [uav8.mavros_node]: GCS URL: 
[INFO] [1790657080.781010948] [uav8.mavros_node]: UAS Prefix: /uas8
[INFO] [1790657080.781015633] [uav8.mavros_node]: Starting mavros router node
[INFO] [1790657080.881285043] [uav8.mavros_router]: Built-in SIMD instructions: SSE, SSE2
[INFO] [1790657080.881329740] [uav8.mavros_router]: Built-in MAVLink package version: 2026.8.8
[INFO] [1790657080.881338264] [uav8.mavros_router]: Known MAVLink dialects: common ardupilotmega ASLUAV AVSSUAS all csAirLink cubepilot development icarous loweheiser marsh paparazzi standard stemstudios storm32 uAvionix ualberta
[INFO] [1790657080.881344182] [uav8.mavros_router]: MAVROS Router started
[INFO] [1790657080.881487363] [uav8.mavros_node]: Starting mavros uas node
[INFO] [1790657081.054799465] [uav8.mavros_router]: Requested to add endpoint: type: 0, url: udp://:14547@127.0.0.1:14587
[INFO] [1790657081.054871484] [uav8.mavros_router]: Endpoint link[1000] created
[INFO] [1790657081.055120933] [uav8.mavros_router]: link[1000] opened successfully
[INFO] [1790657081.055139340] [uav8.mavros_router]: Requested to add endpoint: type: 2, url: /uas8
[INFO] [1790657081.055152358] [uav8.mavros_router]: Endpoint link[1001] created
[INFO] [1790657081.063116994] [uav8.mavros_router]: link[1000] detected remote address 8.1
[INFO] [1790657081.074346109] [uav8.mavros]: Plugin actuator_control ignored
[INFO] [1790657081.159390728] [uav8.mavros]: Plugin altitude ignored
[INFO] [1790657081.076408338] [uav8.mavros]: UAS Executor started, threads: 4
[INFO] [1790657081.086948132] [uav8.mavros_router]: link[1001] opened successfully
[INFO] [1790657081.703367234] [uav8.mavros]: Plugin command created
[INFO] [1790657081.703436518] [uav8.mavros]: Plugin command initialized
[INFO] [1790657081.703446153] [uav8.mavros]: Plugin ftp ignored
[INFO] [1790657081.703451189] [uav8.mavros]: Plugin geofence ignored
[INFO] [1790657082.228611998] [uav8.mavros]: Plugin global_position created
[INFO] [1790657082.228660790] [uav8.mavros]: Plugin global_position initialized
[INFO] [1790657082.228669973] [uav8.mavros]: Plugin home_position ignored
[INFO] [1790657082.228675343] [uav8.mavros]: Plugin imu ignored
[INFO] [1790657082.413908279] [uav8.mavros]: Plugin local_position created
[INFO] [1790657082.413959275] [uav8.mavros]: Plugin local_position initialized
[INFO] [1790657082.413970558] [uav8.mavros]: Plugin manual_control ignored
[INFO] [1790657082.413976590] [uav8.mavros]: Plugin nav_controller_output ignored
[INFO] [1790657082.413981888] [uav8.mavros]: Plugin param ignored
[INFO] [1790657082.413987885] [uav8.mavros]: Plugin rallypoint ignored
[INFO] [1790657082.413993006] [uav8.mavros]: Plugin rc_io ignored
[INFO] [1790657082.413998273] [uav8.mavros]: Plugin setpoint_accel ignored
[INFO] [1790657082.414003462] [uav8.mavros]: Plugin setpoint_attitude ignored
[INFO] [1790657082.414008505] [uav8.mavros]: Plugin setpoint_position ignored
[INFO] [1790657082.414013809] [uav8.mavros]: Plugin setpoint_raw ignored
[INFO] [1790657082.414019252] [uav8.mavros]: Plugin setpoint_trajectory ignored
[INFO] [1790657083.059931131] [uav8.mavros]: Plugin setpoint_velocity created
[INFO] [1790657083.059998219] [uav8.mavros]: Plugin setpoint_velocity initialized
[INFO] [1790657083.300370793] [uav8.mavros]: Plugin sys_status created
[INFO] [1790657083.300435590] [uav8.mavros]: Plugin sys_status initialized
[INFO] [1790657083.559237047] [uav8.mavros.time]: TM: Timesync mode: MAVLINK
[INFO] [1790657083.573747828] [uav8.mavros]: Plugin sys_time created
[INFO] [1790657083.573808582] [uav8.mavros]: Plugin sys_time initialized
[INFO] [1790657083.573818126] [uav8.mavros]: Plugin waypoint ignored
[INFO] [1790657083.573827360] [uav8.mavros]: Plugin wind_estimation ignored
[INFO] [1790657083.590271651] [uav8.mavros]: Built-in SIMD instructions: SSE, SSE2
[INFO] [1790657083.590714898] [uav8.mavros]: Built-in MAVLink package version: 2026.8.8
[INFO] [1790657083.590751761] [uav8.mavros]: Known MAVLink dialects: common ardupilotmega ASLUAV AVSSUAS all csAirLink cubepilot development icarous loweheiser marsh paparazzi standard stemstudios storm32 uAvionix ualberta
[INFO] [1790657083.590759317] [uav8.mavros]: MAVROS UAS via /uas8 started. MY ID 8.191, TARGET ID 8.1
[INFO] [1790657083.688623676] [uav8.mavros_router]: link[1001] detected remote address 8.191
[INFO] [1790657084.313483409] [uav8.mavros.sys]: VER: 8.1: Capabilities         0x000000000000e8ff
[INFO] [1790657084.313540081] [uav8.mavros.sys]: VER: 8.1: Flight software:     011200c0 (fca3df865a000000)
[INFO] [1790657084.313547605] [uav8.mavros.sys]: VER: 8.1: Middleware software: 011200c0 (fca3df865a000000)
[INFO] [1790657084.313552461] [uav8.mavros.sys]: VER: 8.1: OS software:         070000ff (17040b9f87cb1791)
[INFO] [1790657084.313556813] [uav8.mavros.sys]: VER: 8.1: Board hardware:      00000001
[INFO] [1790657084.313561261] [uav8.mavros.sys]: VER: 8.1: VID/PID:             0000:0000
[INFO] [1790657084.313566129] [uav8.mavros.sys]: VER: 8.1: UID:                 4954414c44494e56
[WARN] [1790657084.313624073] [uav8.mavros.cmd]: CMD: Unexpected command 512, result 0
[INFO] [1790657084.391621110] [uav8.mavros]: CON: Got HEARTBEAT, connected. FCU: PX4 Autopilot
[INFO] [1790657085.413880854] [uav8.mavros.sys]: VER: 8.1: Capabilities         0x000000000000e8ff
[INFO] [1790657085.413997145] [uav8.mavros.sys]: VER: 8.1: Flight software:     011200c0 (fca3df865a000000)
[INFO] [1790657085.414006542] [uav8.mavros.sys]: VER: 8.1: Middleware software: 011200c0 (fca3df865a000000)
[INFO] [1790657085.414011479] [uav8.mavros.sys]: VER: 8.1: OS software:         070000ff (17040b9f87cb1791)
[INFO] [1790657085.414016386] [uav8.mavros.sys]: VER: 8.1: Board hardware:      00000001
[INFO] [1790657085.414021543] [uav8.mavros.sys]: VER: 8.1: VID/PID:             0000:0000
[INFO] [1790657085.414026701] [uav8.mavros.sys]: VER: 8.1: UID:                 4954414c44494e56
[WARN] [1790657089.711571220] [uav8.mavros.sys]: FCU: UNK(8): EVENT 11047904 with args -0-0-0-0-0-128-0-0-0-176-122-127-128-176-122-127-128-0-0-0-0-0-0-0-0-0-0-0-0-0-0-0-0-0-0-0-0-0-0-0-
[INFO] [1790657089.711677571] [uav8.mavros.sys]: FCU: EVENT 377561 with args -8-0-0-0-20-0-0-0-0-0-0-0-0-0-0-0-0-0-0-0-0-0-0-0-0-0-0-0-0-0-0-0-0-0-0-0-0-0-0-0-
[WARN] [1790657089.711746702] [uav8.mavros.sys]: FCU: EVENT 453929 with args -255-255-255-255-7-0-0-0-0-0-0-0-0-0-0-0-0-0-0-0-0-0-0-0-0-0-0-0-0-0-0-0-0-0-0-0-0-0-0-0-
[INFO] [1790657089.713731368] [uav8.mavros.sys]: FCU: EVENT 6801787 with args -255-255-255-255-12-0-0-0-0-0-0-0-0-0-0-0-0-0-0-0-0-0-0-0-0-0-0-0-0-0-0-0-0-0-0-0-0-0-0-0-
[WARN] [1790657089.713801122] [uav8.mavros.sys]: FCU: UNK(8): EVENT 1914663 with args -0-10-13-2-56-0-0-0-0-0-0-0-0-0-0-0-0-0-0-0-0-0-0-0-0-0-0-0-0-0-0-0-0-0-0-0-0-0-0-0-
[WARN] [1790657098.591569209] [uav8.mavros.cmd]: CMD: Unexpected command 176, result 0
[INFO] [1790657099.483697330] [uav8.mavros.sys]: FCU: EVENT 9489139 with args -4-0-0-0-0-0-0-0-0-0-0-0-0-0-0-0-0-0-0-0-0-0-0-0-0-0-0-0-0-0-0-0-0-0-0-0-0-0-0-0-
[INFO] [1790657101.531721795] [uav8.mavros.sys]: FCU: EVENT 4277609 with args -0-0-0-0-0-0-0-0-0-0-0-0-0-0-0-0-0-0-0-0-0-0-0-0-0-0-0-0-0-0-0-0-0-0-0-0-0-0-0-0-
[WARN] [1790657358.499549568] [uav8.mavros.cmd]: CMD: Unexpected command 176, result 0
[INFO] [1790657392.520473550] [uav8.mavros.sys]: FCU: EVENT 9844908 with args -0-0-0-0-0-0-0-0-0-0-0-0-0-0-0-0-0-0-0-0-0-0-0-0-0-0-0-0-0-0-0-0-0-0-0-0-0-0-0-0-
[INFO] [1790657394.778976640] [uav8.mavros.sys]: FCU: EVENT 16017271 with args -6-0-0-0-0-0-0-0-0-0-0-0-0-0-0-0-0-0-0-0-0-0-0-0-0-0-0-0-0-0-0-0-0-0-0-0-0-0-0-0-
[WARN] [1790657399.098071539] [uav8.mavros.sys]: FCU: UNK(8): EVENT 11047904 with args -0-0-0-0-0-128-0-0-0-176-122-127-128-176-122-127-128-0-0-0-0-0-0-0-0-0-0-0-0-0-0-0-0-0-0-0-0-0-0-0-
[INFO] [1790657399.098169934] [uav8.mavros.sys]: FCU: EVENT 377561 with args -8-0-0-0-20-0-0-0-0-0-0-0-0-0-0-0-0-0-0-0-0-0-0-0-0-0-0-0-0-0-0-0-0-0-0-0-0-0-0-0-
[WARN] [1790657399.098206178] [uav8.mavros.sys]: FCU: EVENT 453929 with args -255-255-255-255-7-0-0-0-0-0-0-0-0-0-0-0-0-0-0-0-0-0-0-0-0-0-0-0-0-0-0-0-0-0-0-0-0-0-0-0-
[INFO] [1790657399.098265458] [uav8.mavros.sys]: FCU: EVENT 6801787 with args -255-255-255-255-12-0-0-0-0-0-0-0-0-0-0-0-0-0-0-0-0-0-0-0-0-0-0-0-0-0-0-0-0-0-0-0-0-0-0-0-
[WARN] [1790657399.098275925] [uav8.mavros.sys]: FCU: UNK(8): EVENT 1914663 with args -0-10-9-2-56-0-0-0-0-0-0-0-0-0-0-0-0-0-0-0-0-0-0-0-0-0-0-0-0-0-0-0-0-0-0-0-0-0-0-0-
[INFO] [1790657405.504280334] [rclcpp]: signal_handler(SIGINT/SIGTERM)
[WARN] [1790657405.518068542] [uav8.mavros]: UAS Executor terminated
