[INFO] [1790657080.581938231] [uav2.mavros_node]: Starting mavros_node container
[INFO] [1790657080.582042303] [uav2.mavros_node]: FCU URL: udp://:14541@127.0.0.1:14581
[INFO] [1790657080.582050230] [uav2.mavros_node]: GCS URL: 
[INFO] [1790657080.582055129] [uav2.mavros_node]: UAS Prefix: /uas2
[INFO] [1790657080.582059655] [uav2.mavros_node]: Starting mavros router node
[INFO] [1790657080.697862370] [uav2.mavros_router]: Built-in SIMD instructions: SSE, SSE2
[INFO] [1790657080.763805377] [uav2.mavros_router]: Built-in MAVLink package version: 2026.8.8
[INFO] [1790657080.763819958] [uav2.mavros_router]: Known MAVLink dialects: common ardupilotmega ASLUAV AVSSUAS all csAirLink cubepilot development icarous loweheiser marsh paparazzi standard stemstudios storm32 uAvionix ualberta
[INFO] [1790657080.763827209] [uav2.mavros_router]: MAVROS Router started
[INFO] [1790657080.765399728] [uav2.mavros_node]: Starting mavros uas node
[INFO] [1790657081.071660891] [uav2.mavros_router]: Requested to add endpoint: type: 0, url: udp://:14541@127.0.0.1:14581
[INFO] [1790657081.159354535] [uav2.mavros_router]: Endpoint link[1000] created
[INFO] [1790657081.159629956] [uav2.mavros_router]: link[1000] opened successfully
[INFO] [1790657081.159658525] [uav2.mavros_router]: Requested to add endpoint: type: 2, url: /uas2
[INFO] [1790657081.159676785] [uav2.mavros_router]: Endpoint link[1001] created
[INFO] [1790657081.071838546] [uav2.mavros]: Plugin actuator_control ignored
[INFO] [1790657081.162454629] [uav2.mavros]: Plugin altitude ignored
[INFO] [1790657081.071853047] [uav2.mavros]: UAS Executor started, threads: 4
[INFO] [1790657081.168657570] [uav2.mavros_router]: link[1000] detected remote address 2.1
[INFO] [1790657081.171119840] [uav2.mavros_router]: link[1001] opened successfully
[INFO] [1790657081.301437775] [uav2.mavros]: Plugin command created
[INFO] [1790657081.301507293] [uav2.mavros]: Plugin command initialized
[INFO] [1790657081.301517086] [uav2.mavros]: Plugin ftp ignored
[INFO] [1790657081.301522500] [uav2.mavros]: Plugin geofence ignored
[INFO] [1790657081.400497612] [uav2.mavros]: Plugin global_position created
[INFO] [1790657081.455431554] [uav2.mavros]: Plugin global_position initialized
[INFO] [1790657081.455448945] [uav2.mavros]: Plugin home_position ignored
[INFO] [1790657081.455455384] [uav2.mavros]: Plugin imu ignored
[INFO] [1790657081.514013614] [uav2.mavros]: Plugin local_position created
[INFO] [1790657081.526599955] [uav2.mavros]: Plugin local_position initialized
[INFO] [1790657081.526622252] [uav2.mavros]: Plugin manual_control ignored
[INFO] [1790657081.526627676] [uav2.mavros]: Plugin nav_controller_output ignored
[INFO] [1790657081.526632763] [uav2.mavros]: Plugin param ignored
[INFO] [1790657081.526637814] [uav2.mavros]: Plugin rallypoint ignored
[INFO] [1790657081.526644550] [uav2.mavros]: Plugin rc_io ignored
[INFO] [1790657081.526649529] [uav2.mavros]: Plugin setpoint_accel ignored
[INFO] [1790657081.526654573] [uav2.mavros]: Plugin setpoint_attitude ignored
[INFO] [1790657081.526659663] [uav2.mavros]: Plugin setpoint_position ignored
[INFO] [1790657081.526664773] [uav2.mavros]: Plugin setpoint_raw ignored
[INFO] [1790657081.526669935] [uav2.mavros]: Plugin setpoint_trajectory ignored
[INFO] [1790657081.851419203] [uav2.mavros]: Plugin setpoint_velocity created
[INFO] [1790657081.851490067] [uav2.mavros]: Plugin setpoint_velocity initialized
[INFO] [1790657082.169841864] [uav2.mavros]: Plugin sys_status created
[INFO] [1790657082.169907300] [uav2.mavros]: Plugin sys_status initialized
[INFO] [1790657082.316644663] [uav2.mavros.time]: TM: Timesync mode: MAVLINK
[INFO] [1790657082.319210528] [uav2.mavros]: Plugin sys_time created
[INFO] [1790657082.319265521] [uav2.mavros]: Plugin sys_time initialized
[INFO] [1790657082.319274731] [uav2.mavros]: Plugin waypoint ignored
[INFO] [1790657082.319279501] [uav2.mavros]: Plugin wind_estimation ignored
[INFO] [1790657082.321686966] [uav2.mavros]: Built-in SIMD instructions: SSE, SSE2
[INFO] [1790657082.321720814] [uav2.mavros]: Built-in MAVLink package version: 2026.8.8
[INFO] [1790657082.321750497] [uav2.mavros]: Known MAVLink dialects: common ardupilotmega ASLUAV AVSSUAS all csAirLink cubepilot development icarous loweheiser marsh paparazzi standard stemstudios storm32 uAvionix ualberta
[INFO] [1790657082.321757717] [uav2.mavros]: MAVROS UAS via /uas2 started. MY ID 2.191, TARGET ID 2.1
[INFO] [1790657082.449644775] [uav2.mavros_router]: link[1001] detected remote address 2.191
[INFO] [1790657082.974601579] [uav2.mavros]: CON: Got HEARTBEAT, connected. FCU: PX4 Autopilot
[INFO] [1790657083.992362250] [uav2.mavros.sys]: VER: 2.1: Capabilities         0x000000000000e8ff
[INFO] [1790657083.992413156] [uav2.mavros.sys]: VER: 2.1: Flight software:     011200c0 (fca3df865a000000)
[INFO] [1790657083.992440403] [uav2.mavros.sys]: VER: 2.1: Middleware software: 011200c0 (fca3df865a000000)
[INFO] [1790657083.992445265] [uav2.mavros.sys]: VER: 2.1: OS software:         070000ff (17040b9f87cb1791)
[INFO] [1790657083.992449553] [uav2.mavros.sys]: VER: 2.1: Board hardware:      00000001
[INFO] [1790657083.992454191] [uav2.mavros.sys]: VER: 2.1: VID/PID:             0000:0000
[INFO] [1790657083.992458895] [uav2.mavros.sys]: VER: 2.1: UID:                 4954414c44494e50
[WARN] [1790657083.992501728] [uav2.mavros.cmd]: CMD: Unexpected command 512, result 0
[WARN] [1790657090.830955036] [uav2.mavros.sys]: FCU: UNK(8): EVENT 11047904 with args -0-0-0-0-0-128-0-0-0-176-122-127-128-176-122-127-128-0-0-0-0-0-0-0-0-0-0-0-0-0-0-0-0-0-0-0-0-0-0-0-
[INFO] [1790657090.831036731] [uav2.mavros.sys]: FCU: EVENT 377561 with args -8-0-0-0-20-0-0-0-0-0-0-0-0-0-0-0-0-0-0-0-0-0-0-0-0-0-0-0-0-0-0-0-0-0-0-0-0-0-0-0-
[WARN] [1790657090.831070314] [uav2.mavros.sys]: FCU: EVENT 453929 with args -255-255-255-255-7-0-0-0-0-0-0-0-0-0-0-0-0-0-0-0-0-0-0-0-0-0-0-0-0-0-0-0-0-0-0-0-0-0-0-0-
[INFO] [1790657090.831100973] [uav2.mavros.sys]: FCU: EVENT 6801787 with args -255-255-255-255-12-0-0-0-0-0-0-0-0-0-0-0-0-0-0-0-0-0-0-0-0-0-0-0-0-0-0-0-0-0-0-0-0-0-0-0-
[WARN] [1790657090.833536083] [uav2.mavros.sys]: FCU: UNK(8): EVENT 1914663 with args -0-10-13-2-56-0-0-0-0-0-0-0-0-0-0-0-0-0-0-0-0-0-0-0-0-0-0-0-0-0-0-0-0-0-0-0-0-0-0-0-
[WARN] [1790657098.592435846] [uav2.mavros.cmd]: CMD: Unexpected command 176, result 0
[INFO] [1790657099.138106735] [uav2.mavros.sys]: FCU: EVENT 9489139 with args -4-0-0-0-0-0-0-0-0-0-0-0-0-0-0-0-0-0-0-0-0-0-0-0-0-0-0-0-0-0-0-0-0-0-0-0-0-0-0-0-
[INFO] [1790657101.177887686] [uav2.mavros.sys]: FCU: EVENT 4277609 with args -0-0-0-0-0-0-0-0-0-0-0-0-0-0-0-0-0-0-0-0-0-0-0-0-0-0-0-0-0-0-0-0-0-0-0-0-0-0-0-0-
[WARN] [1790657358.477041594] [uav2.mavros.cmd]: CMD: Unexpected command 176, result 0
[INFO] [1790657395.169845378] [uav2.mavros.sys]: FCU: EVENT 9844908 with args -0-0-0-0-0-0-0-0-0-0-0-0-0-0-0-0-0-0-0-0-0-0-0-0-0-0-0-0-0-0-0-0-0-0-0-0-0-0-0-0-
[INFO] [1790657397.367873188] [uav2.mavros.sys]: FCU: EVENT 16017271 with args -6-0-0-0-0-0-0-0-0-0-0-0-0-0-0-0-0-0-0-0-0-0-0-0-0-0-0-0-0-0-0-0-0-0-0-0-0-0-0-0-
[WARN] [1790657401.139735050] [uav2.mavros.sys]: FCU: UNK(8): EVENT 11047904 with args -0-0-0-0-0-128-0-0-0-176-122-127-128-176-122-127-128-0-0-0-0-0-0-0-0-0-0-0-0-0-0-0-0-0-0-0-0-0-0-0-
[INFO] [1790657401.139829829] [uav2.mavros.sys]: FCU: EVENT 377561 with args -8-0-0-0-20-0-0-0-0-0-0-0-0-0-0-0-0-0-0-0-0-0-0-0-0-0-0-0-0-0-0-0-0-0-0-0-0-0-0-0-
[WARN] [1790657401.139892048] [uav2.mavros.sys]: FCU: EVENT 453929 with args -255-255-255-255-7-0-0-0-0-0-0-0-0-0-0-0-0-0-0-0-0-0-0-0-0-0-0-0-0-0-0-0-0-0-0-0-0-0-0-0-
[INFO] [1790657401.139937687] [uav2.mavros.sys]: FCU: EVENT 6801787 with args -255-255-255-255-12-0-0-0-0-0-0-0-0-0-0-0-0-0-0-0-0-0-0-0-0-0-0-0-0-0-0-0-0-0-0-0-0-0-0-0-
[WARN] [1790657401.139975609] [uav2.mavros.sys]: FCU: UNK(8): EVENT 1914663 with args -0-10-9-2-56-0-0-0-0-0-0-0-0-0-0-0-0-0-0-0-0-0-0-0-0-0-0-0-0-0-0-0-0-0-0-0-0-0-0-0-
[INFO] [1790657405.487741656] [rclcpp]: signal_handler(SIGINT/SIGTERM)
[WARN] [1790657405.488410824] [uav2.mavros]: UAS Executor terminated
