[INFO] [1790606831.915653389] [uav9.mavros_node]: Starting mavros_node container
[INFO] [1790606831.915775152] [uav9.mavros_node]: FCU URL: udp://:14548@127.0.0.1:14588
[INFO] [1790606831.915782365] [uav9.mavros_node]: GCS URL: 
[INFO] [1790606831.915787693] [uav9.mavros_node]: UAS Prefix: /uas9
[INFO] [1790606831.915793497] [uav9.mavros_node]: Starting mavros router node
[INFO] [1790606832.000755461] [uav9.mavros_router]: Built-in SIMD instructions: SSE, SSE2
[INFO] [1790606832.000804926] [uav9.mavros_router]: Built-in MAVLink package version: 2026.8.8
[INFO] [1790606832.000818465] [uav9.mavros_router]: Known MAVLink dialects: common ardupilotmega ASLUAV AVSSUAS all csAirLink cubepilot development icarous loweheiser marsh paparazzi standard stemstudios storm32 uAvionix ualberta
[INFO] [1790606832.000827796] [uav9.mavros_router]: MAVROS Router started
[INFO] [1790606832.002758227] [uav9.mavros_node]: Starting mavros uas node
[INFO] [1790606832.124636584] [uav9.mavros_router]: Requested to add endpoint: type: 0, url: udp://:14548@127.0.0.1:14588
[INFO] [1790606832.132320511] [uav9.mavros_router]: Endpoint link[1000] created
[INFO] [1790606832.133404452] [uav9.mavros_router]: link[1000] opened successfully
[INFO] [1790606832.133440402] [uav9.mavros_router]: Requested to add endpoint: type: 2, url: /uas9
[INFO] [1790606832.133457157] [uav9.mavros_router]: Endpoint link[1001] created
[INFO] [1790606832.144246212] [uav9.mavros]: Plugin actuator_control ignored
[INFO] [1790606832.147601502] [uav9.mavros]: Plugin altitude ignored
[INFO] [1790606832.144263221] [uav9.mavros]: UAS Executor started, threads: 4
[INFO] [1790606832.184056508] [uav9.mavros_router]: link[1000] detected remote address 9.1
[INFO] [1790606832.191354163] [uav9.mavros_router]: link[1001] opened successfully
[INFO] [1790606832.377244355] [uav9.mavros]: Plugin command created
[INFO] [1790606832.377304662] [uav9.mavros]: Plugin command initialized
[INFO] [1790606832.377314183] [uav9.mavros]: Plugin ftp ignored
[INFO] [1790606832.377320003] [uav9.mavros]: Plugin geofence ignored
[INFO] [1790606832.658112578] [uav9.mavros]: Plugin global_position created
[INFO] [1790606832.696613454] [uav9.mavros]: Plugin global_position initialized
[INFO] [1790606832.696631135] [uav9.mavros]: Plugin home_position ignored
[INFO] [1790606832.696637356] [uav9.mavros]: Plugin imu ignored
[INFO] [1790606832.890711914] [uav9.mavros]: Plugin local_position created
[INFO] [1790606832.890755454] [uav9.mavros]: Plugin local_position initialized
[INFO] [1790606832.890764913] [uav9.mavros]: Plugin manual_control ignored
[INFO] [1790606832.890770942] [uav9.mavros]: Plugin nav_controller_output ignored
[INFO] [1790606832.890776377] [uav9.mavros]: Plugin param ignored
[INFO] [1790606832.890781126] [uav9.mavros]: Plugin rallypoint ignored
[INFO] [1790606832.890785861] [uav9.mavros]: Plugin rc_io ignored
[INFO] [1790606832.890790890] [uav9.mavros]: Plugin setpoint_accel ignored
[INFO] [1790606832.890795936] [uav9.mavros]: Plugin setpoint_attitude ignored
[INFO] [1790606832.890801199] [uav9.mavros]: Plugin setpoint_position ignored
[INFO] [1790606832.890805921] [uav9.mavros]: Plugin setpoint_raw ignored
[INFO] [1790606832.890810882] [uav9.mavros]: Plugin setpoint_trajectory ignored
[INFO] [1790606833.093297428] [uav9.mavros]: Plugin setpoint_velocity created
[INFO] [1790606833.093359918] [uav9.mavros]: Plugin setpoint_velocity initialized
[INFO] [1790606833.479551756] [uav9.mavros]: Plugin sys_status created
[INFO] [1790606833.479621008] [uav9.mavros]: Plugin sys_status initialized
[INFO] [1790606833.615869860] [uav9.mavros.time]: TM: Timesync mode: MAVLINK
[INFO] [1790606833.648121989] [uav9.mavros]: Plugin sys_time created
[INFO] [1790606833.648177005] [uav9.mavros]: Plugin sys_time initialized
[INFO] [1790606833.648185624] [uav9.mavros]: Plugin waypoint ignored
[INFO] [1790606833.648201194] [uav9.mavros]: Plugin wind_estimation ignored
[INFO] [1790606833.663561683] [uav9.mavros]: Built-in SIMD instructions: SSE, SSE2
[INFO] [1790606833.663602731] [uav9.mavros]: Built-in MAVLink package version: 2026.8.8
[INFO] [1790606833.663632874] [uav9.mavros]: Known MAVLink dialects: common ardupilotmega ASLUAV AVSSUAS all csAirLink cubepilot development icarous loweheiser marsh paparazzi standard stemstudios storm32 uAvionix ualberta
[INFO] [1790606833.663640828] [uav9.mavros]: MAVROS UAS via /uas9 started. MY ID 9.191, TARGET ID 9.1
[INFO] [1790606833.705967398] [uav9.mavros_router]: link[1001] detected remote address 9.191
[INFO] [1790606834.506284572] [uav9.mavros.sys]: VER: 9.1: Capabilities         0x000000000000e8ff
[INFO] [1790606834.506342322] [uav9.mavros.sys]: VER: 9.1: Flight software:     011200c0 (fca3df865a000000)
[INFO] [1790606834.506350187] [uav9.mavros.sys]: VER: 9.1: Middleware software: 011200c0 (fca3df865a000000)
[INFO] [1790606834.506355442] [uav9.mavros.sys]: VER: 9.1: OS software:         070000ff (17040b9f87cb1791)
[INFO] [1790606834.506360346] [uav9.mavros.sys]: VER: 9.1: Board hardware:      00000001
[INFO] [1790606834.506365274] [uav9.mavros.sys]: VER: 9.1: VID/PID:             0000:0000
[INFO] [1790606834.506370473] [uav9.mavros.sys]: VER: 9.1: UID:                 4954414c44494e57
[WARN] [1790606834.506447996] [uav9.mavros.cmd]: CMD: Unexpected command 512, result 0
[INFO] [1790606834.570345925] [uav9.mavros]: CON: Got HEARTBEAT, connected. FCU: PX4 Autopilot
[WARN] [1790606834.575301197] [uav9.mavros.sys]: FCU: UNK(8): EVENT 11047904 with args -0-0-0-16-0-128-0-0-0-176-58-127-128-176-58-127-128-0-0-0-0-0-0-0-0-0-0-0-0-0-0-0-0-0-0-0-0-0-0-0-
[ERROR] [1790606834.575390512] [uav9.mavros.sys]: FCU: EVENT 11464574 with args -0-64-0-0-20-0-0-0-0-0-0-0-0-0-0-0-0-0-0-0-0-0-0-0-0-0-0-0-0-0-0-0-0-0-0-0-0-0-0-0-
[INFO] [1790606834.575459185] [uav9.mavros.sys]: FCU: EVENT 377561 with args -8-0-0-0-20-0-0-0-0-0-0-0-0-0-0-0-0-0-0-0-0-0-0-0-0-0-0-0-0-0-0-0-0-0-0-0-0-0-0-0-
[WARN] [1790606834.575492305] [uav9.mavros.sys]: FCU: EVENT 453929 with args -255-255-255-255-7-0-0-0-0-0-0-0-0-0-0-0-0-0-0-0-0-0-0-0-0-0-0-0-0-0-0-0-0-0-0-0-0-0-0-0-
[INFO] [1790606834.575523569] [uav9.mavros.sys]: FCU: EVENT 6801787 with args -255-255-255-255-12-0-0-0-0-0-0-0-0-0-0-0-0-0-0-0-0-0-0-0-0-0-0-0-0-0-0-0-0-0-0-0-0-0-0-0-
[WARN] [1790606834.575557467] [uav9.mavros.sys]: FCU: UNK(8): EVENT 1914663 with args -0-10-13-2-56-0-0-0-0-0-0-0-0-0-0-0-0-0-0-0-0-0-0-0-0-0-0-0-0-0-0-0-0-0-0-0-0-0-0-0-
[INFO] [1790606835.605922420] [uav9.mavros.sys]: VER: 9.1: Capabilities         0x000000000000e8ff
[INFO] [1790606835.605977262] [uav9.mavros.sys]: VER: 9.1: Flight software:     011200c0 (fca3df865a000000)
[INFO] [1790606835.605984743] [uav9.mavros.sys]: VER: 9.1: Middleware software: 011200c0 (fca3df865a000000)
[INFO] [1790606835.605990202] [uav9.mavros.sys]: VER: 9.1: OS software:         070000ff (17040b9f87cb1791)
[INFO] [1790606835.605995112] [uav9.mavros.sys]: VER: 9.1: Board hardware:      00000001
[INFO] [1790606835.606000487] [uav9.mavros.sys]: VER: 9.1: VID/PID:             0000:0000
[INFO] [1790606835.606005677] [uav9.mavros.sys]: VER: 9.1: UID:                 4954414c44494e57
[WARN] [1790606845.709152630] [uav9.mavros.sys]: FCU: UNK(8): EVENT 11047904 with args -0-0-0-0-0-128-0-0-0-176-122-127-128-176-122-127-128-0-0-0-0-0-0-0-0-0-0-0-0-0-0-0-0-0-0-0-0-0-0-0-
[INFO] [1790606845.709247719] [uav9.mavros.sys]: FCU: EVENT 377561 with args -8-0-0-0-20-0-0-0-0-0-0-0-0-0-0-0-0-0-0-0-0-0-0-0-0-0-0-0-0-0-0-0-0-0-0-0-0-0-0-0-
[WARN] [1790606845.709288233] [uav9.mavros.sys]: FCU: EVENT 453929 with args -255-255-255-255-7-0-0-0-0-0-0-0-0-0-0-0-0-0-0-0-0-0-0-0-0-0-0-0-0-0-0-0-0-0-0-0-0-0-0-0-
[INFO] [1790606845.710156017] [uav9.mavros.sys]: FCU: EVENT 6801787 with args -255-255-255-255-12-0-0-0-0-0-0-0-0-0-0-0-0-0-0-0-0-0-0-0-0-0-0-0-0-0-0-0-0-0-0-0-0-0-0-0-
[WARN] [1790606845.710184123] [uav9.mavros.sys]: FCU: UNK(8): EVENT 1914663 with args -0-10-13-2-56-0-0-0-0-0-0-0-0-0-0-0-0-0-0-0-0-0-0-0-0-0-0-0-0-0-0-0-0-0-0-0-0-0-0-0-
[WARN] [1790606849.937708843] [uav9.mavros.cmd]: CMD: Unexpected command 176, result 0
[INFO] [1790606850.310288094] [uav9.mavros.sys]: FCU: EVENT 9489139 with args -4-0-0-0-0-0-0-0-0-0-0-0-0-0-0-0-0-0-0-0-0-0-0-0-0-0-0-0-0-0-0-0-0-0-0-0-0-0-0-0-
[INFO] [1790606852.275260052] [uav9.mavros.sys]: FCU: EVENT 4277609 with args -0-0-0-0-0-0-0-0-0-0-0-0-0-0-0-0-0-0-0-0-0-0-0-0-0-0-0-0-0-0-0-0-0-0-0-0-0-0-0-0-
[WARN] [1790607100.886546398] [uav9.mavros.cmd]: CMD: Unexpected command 176, result 0
[INFO] [1790607132.807331699] [uav9.mavros.sys]: FCU: EVENT 9844908 with args -0-0-0-0-0-0-0-0-0-0-0-0-0-0-0-0-0-0-0-0-0-0-0-0-0-0-0-0-0-0-0-0-0-0-0-0-0-0-0-0-
[INFO] [1790607134.904936327] [uav9.mavros.sys]: FCU: EVENT 16017271 with args -6-0-0-0-0-0-0-0-0-0-0-0-0-0-0-0-0-0-0-0-0-0-0-0-0-0-0-0-0-0-0-0-0-0-0-0-0-0-0-0-
[WARN] [1790607139.031217467] [uav9.mavros.sys]: FCU: UNK(8): EVENT 11047904 with args -0-0-0-0-0-128-0-0-0-176-122-127-128-176-122-127-128-0-0-0-0-0-0-0-0-0-0-0-0-0-0-0-0-0-0-0-0-0-0-0-
[INFO] [1790607139.031322487] [uav9.mavros.sys]: FCU: EVENT 377561 with args -8-0-0-0-20-0-0-0-0-0-0-0-0-0-0-0-0-0-0-0-0-0-0-0-0-0-0-0-0-0-0-0-0-0-0-0-0-0-0-0-
[WARN] [1790607139.031349259] [uav9.mavros.sys]: FCU: EVENT 453929 with args -255-255-255-255-7-0-0-0-0-0-0-0-0-0-0-0-0-0-0-0-0-0-0-0-0-0-0-0-0-0-0-0-0-0-0-0-0-0-0-0-
[INFO] [1790607139.031374834] [uav9.mavros.sys]: FCU: EVENT 6801787 with args -255-255-255-255-12-0-0-0-0-0-0-0-0-0-0-0-0-0-0-0-0-0-0-0-0-0-0-0-0-0-0-0-0-0-0-0-0-0-0-0-
[WARN] [1790607139.031400798] [uav9.mavros.sys]: FCU: UNK(8): EVENT 1914663 with args -0-10-9-2-56-0-0-0-0-0-0-0-0-0-0-0-0-0-0-0-0-0-0-0-0-0-0-0-0-0-0-0-0-0-0-0-0-0-0-0-
[INFO] [1790607139.115740232] [rclcpp]: signal_handler(SIGINT/SIGTERM)
[WARN] [1790607139.117907686] [uav9.mavros]: UAS Executor terminated
