[INFO] [1790606831.931783422] [uav3.mavros_node]: Starting mavros_node container
[INFO] [1790606831.931879323] [uav3.mavros_node]: FCU URL: udp://:14542@127.0.0.1:14582
[INFO] [1790606831.931889868] [uav3.mavros_node]: GCS URL: 
[INFO] [1790606831.931894954] [uav3.mavros_node]: UAS Prefix: /uas3
[INFO] [1790606831.941496369] [uav3.mavros_node]: Starting mavros router node
[INFO] [1790606832.044065290] [uav3.mavros_router]: Built-in SIMD instructions: SSE, SSE2
[INFO] [1790606832.086649659] [uav3.mavros_router]: Built-in MAVLink package version: 2026.8.8
[INFO] [1790606832.086662721] [uav3.mavros_router]: Known MAVLink dialects: common ardupilotmega ASLUAV AVSSUAS all csAirLink cubepilot development icarous loweheiser marsh paparazzi standard stemstudios storm32 uAvionix ualberta
[INFO] [1790606832.086669567] [uav3.mavros_router]: MAVROS Router started
[INFO] [1790606832.086799713] [uav3.mavros_node]: Starting mavros uas node
[INFO] [1790606832.411799704] [uav3.mavros_router]: Requested to add endpoint: type: 0, url: udp://:14542@127.0.0.1:14582
[INFO] [1790606832.411856096] [uav3.mavros_router]: Endpoint link[1000] created
[INFO] [1790606832.412090807] [uav3.mavros_router]: link[1000] opened successfully
[INFO] [1790606832.412109057] [uav3.mavros_router]: Requested to add endpoint: type: 2, url: /uas3
[INFO] [1790606832.412122350] [uav3.mavros_router]: Endpoint link[1001] created
[INFO] [1790606832.423050618] [uav3.mavros_router]: link[1000] detected remote address 3.1
[INFO] [1790606832.438302717] [uav3.mavros]: UAS Executor started, threads: 4
[INFO] [1790606832.438314403] [uav3.mavros]: Plugin actuator_control ignored
[INFO] [1790606832.438567123] [uav3.mavros]: Plugin altitude ignored
[INFO] [1790606832.439628472] [uav3.mavros_router]: link[1001] opened successfully
[INFO] [1790606832.698194548] [uav3.mavros]: Plugin command created
[INFO] [1790606832.698244147] [uav3.mavros]: Plugin command initialized
[INFO] [1790606832.698253091] [uav3.mavros]: Plugin ftp ignored
[INFO] [1790606832.698258318] [uav3.mavros]: Plugin geofence ignored
[INFO] [1790606832.937778012] [uav3.mavros]: Plugin global_position created
[INFO] [1790606832.937838976] [uav3.mavros]: Plugin global_position initialized
[INFO] [1790606832.937849018] [uav3.mavros]: Plugin home_position ignored
[INFO] [1790606832.937854450] [uav3.mavros]: Plugin imu ignored
[INFO] [1790606833.175620091] [uav3.mavros]: Plugin local_position created
[INFO] [1790606833.220305993] [uav3.mavros]: Plugin local_position initialized
[INFO] [1790606833.220324812] [uav3.mavros]: Plugin manual_control ignored
[INFO] [1790606833.220330088] [uav3.mavros]: Plugin nav_controller_output ignored
[INFO] [1790606833.220335414] [uav3.mavros]: Plugin param ignored
[INFO] [1790606833.220340500] [uav3.mavros]: Plugin rallypoint ignored
[INFO] [1790606833.220345154] [uav3.mavros]: Plugin rc_io ignored
[INFO] [1790606833.220350187] [uav3.mavros]: Plugin setpoint_accel ignored
[INFO] [1790606833.220354807] [uav3.mavros]: Plugin setpoint_attitude ignored
[INFO] [1790606833.220359327] [uav3.mavros]: Plugin setpoint_position ignored
[INFO] [1790606833.220363674] [uav3.mavros]: Plugin setpoint_raw ignored
[INFO] [1790606833.220372804] [uav3.mavros]: Plugin setpoint_trajectory ignored
[INFO] [1790606833.396364711] [uav3.mavros]: Plugin setpoint_velocity created
[INFO] [1790606833.396422421] [uav3.mavros]: Plugin setpoint_velocity initialized
[INFO] [1790606833.696982703] [uav3.mavros]: Plugin sys_status created
[INFO] [1790606833.786129863] [uav3.mavros]: Plugin sys_status initialized
[INFO] [1790606833.956755939] [uav3.mavros.time]: TM: Timesync mode: MAVLINK
[INFO] [1790606833.996067822] [uav3.mavros]: Plugin sys_time created
[INFO] [1790606833.996126710] [uav3.mavros]: Plugin sys_time initialized
[INFO] [1790606833.996137055] [uav3.mavros]: Plugin waypoint ignored
[INFO] [1790606833.996142577] [uav3.mavros]: Plugin wind_estimation ignored
[INFO] [1790606834.009348164] [uav3.mavros]: Built-in SIMD instructions: SSE, SSE2
[INFO] [1790606834.009390147] [uav3.mavros]: Built-in MAVLink package version: 2026.8.8
[INFO] [1790606834.009421061] [uav3.mavros]: Known MAVLink dialects: common ardupilotmega ASLUAV AVSSUAS all csAirLink cubepilot development icarous loweheiser marsh paparazzi standard stemstudios storm32 uAvionix ualberta
[INFO] [1790606834.009428066] [uav3.mavros]: MAVROS UAS via /uas3 started. MY ID 3.191, TARGET ID 3.1
[INFO] [1790606834.120628036] [uav3.mavros_router]: link[1001] detected remote address 3.191
[INFO] [1790606834.227343427] [uav3.mavros]: CON: Got HEARTBEAT, connected. FCU: PX4 Autopilot
[INFO] [1790606835.271636308] [uav3.mavros.sys]: VER: 3.1: Capabilities         0x000000000000e8ff
[INFO] [1790606835.271693991] [uav3.mavros.sys]: VER: 3.1: Flight software:     011200c0 (fca3df865a000000)
[INFO] [1790606835.271701692] [uav3.mavros.sys]: VER: 3.1: Middleware software: 011200c0 (fca3df865a000000)
[INFO] [1790606835.271706780] [uav3.mavros.sys]: VER: 3.1: OS software:         070000ff (17040b9f87cb1791)
[INFO] [1790606835.271711588] [uav3.mavros.sys]: VER: 3.1: Board hardware:      00000001
[INFO] [1790606835.271716691] [uav3.mavros.sys]: VER: 3.1: VID/PID:             0000:0000
[INFO] [1790606835.271721807] [uav3.mavros.sys]: VER: 3.1: UID:                 4954414c44494e51
[WARN] [1790606835.271756926] [uav3.mavros.cmd]: CMD: Unexpected command 512, result 0
[WARN] [1790606846.549369707] [uav3.mavros.sys]: FCU: UNK(8): EVENT 11047904 with args -0-0-0-0-0-128-0-0-0-176-122-127-128-176-122-127-128-0-0-0-0-0-0-0-0-0-0-0-0-0-0-0-0-0-0-0-0-0-0-0-
[INFO] [1790606846.549480612] [uav3.mavros.sys]: FCU: EVENT 377561 with args -8-0-0-0-20-0-0-0-0-0-0-0-0-0-0-0-0-0-0-0-0-0-0-0-0-0-0-0-0-0-0-0-0-0-0-0-0-0-0-0-
[WARN] [1790606846.549519085] [uav3.mavros.sys]: FCU: EVENT 453929 with args -255-255-255-255-7-0-0-0-0-0-0-0-0-0-0-0-0-0-0-0-0-0-0-0-0-0-0-0-0-0-0-0-0-0-0-0-0-0-0-0-
[INFO] [1790606846.549552936] [uav3.mavros.sys]: FCU: EVENT 6801787 with args -255-255-255-255-12-0-0-0-0-0-0-0-0-0-0-0-0-0-0-0-0-0-0-0-0-0-0-0-0-0-0-0-0-0-0-0-0-0-0-0-
[WARN] [1790606846.549586955] [uav3.mavros.sys]: FCU: UNK(8): EVENT 1914663 with args -0-10-13-2-56-0-0-0-0-0-0-0-0-0-0-0-0-0-0-0-0-0-0-0-0-0-0-0-0-0-0-0-0-0-0-0-0-0-0-0-
[WARN] [1790606849.967515854] [uav3.mavros.cmd]: CMD: Unexpected command 176, result 0
[INFO] [1790606850.871414246] [uav3.mavros.sys]: FCU: EVENT 9489139 with args -4-0-0-0-0-0-0-0-0-0-0-0-0-0-0-0-0-0-0-0-0-0-0-0-0-0-0-0-0-0-0-0-0-0-0-0-0-0-0-0-
[INFO] [1790606852.901852836] [uav3.mavros.sys]: FCU: EVENT 4277609 with args -0-0-0-0-0-0-0-0-0-0-0-0-0-0-0-0-0-0-0-0-0-0-0-0-0-0-0-0-0-0-0-0-0-0-0-0-0-0-0-0-
[WARN] [1790607100.862442218] [uav3.mavros.cmd]: CMD: Unexpected command 176, result 0
[INFO] [1790607132.483235734] [uav3.mavros.sys]: FCU: EVENT 9844908 with args -0-0-0-0-0-0-0-0-0-0-0-0-0-0-0-0-0-0-0-0-0-0-0-0-0-0-0-0-0-0-0-0-0-0-0-0-0-0-0-0-
[INFO] [1790607134.571698999] [uav3.mavros.sys]: FCU: EVENT 16017271 with args -6-0-0-0-0-0-0-0-0-0-0-0-0-0-0-0-0-0-0-0-0-0-0-0-0-0-0-0-0-0-0-0-0-0-0-0-0-0-0-0-
[WARN] [1790607138.545445259] [uav3.mavros.sys]: FCU: UNK(8): EVENT 11047904 with args -0-0-0-0-0-128-0-0-0-176-122-127-128-176-122-127-128-0-0-0-0-0-0-0-0-0-0-0-0-0-0-0-0-0-0-0-0-0-0-0-
[INFO] [1790607138.545560360] [uav3.mavros.sys]: FCU: EVENT 377561 with args -8-0-0-0-20-0-0-0-0-0-0-0-0-0-0-0-0-0-0-0-0-0-0-0-0-0-0-0-0-0-0-0-0-0-0-0-0-0-0-0-
[WARN] [1790607138.545609185] [uav3.mavros.sys]: FCU: EVENT 453929 with args -255-255-255-255-7-0-0-0-0-0-0-0-0-0-0-0-0-0-0-0-0-0-0-0-0-0-0-0-0-0-0-0-0-0-0-0-0-0-0-0-
[INFO] [1790607138.545643382] [uav3.mavros.sys]: FCU: EVENT 6801787 with args -255-255-255-255-12-0-0-0-0-0-0-0-0-0-0-0-0-0-0-0-0-0-0-0-0-0-0-0-0-0-0-0-0-0-0-0-0-0-0-0-
[WARN] [1790607138.545677596] [uav3.mavros.sys]: FCU: UNK(8): EVENT 1914663 with args -0-10-9-2-56-0-0-0-0-0-0-0-0-0-0-0-0-0-0-0-0-0-0-0-0-0-0-0-0-0-0-0-0-0-0-0-0-0-0-0-
[INFO] [1790607139.107295371] [rclcpp]: signal_handler(SIGINT/SIGTERM)
[WARN] [1790607139.107801881] [uav3.mavros]: UAS Executor terminated
Failed to publish log message to rosout: publisher's context is invalid, at ./src/rcl/publisher.c:423
