[INFO] [1790606831.899252122] [uav6.mavros_node]: Starting mavros_node container
[INFO] [1790606831.900635690] [uav6.mavros_node]: FCU URL: udp://:14545@127.0.0.1:14585
[INFO] [1790606831.900662280] [uav6.mavros_node]: GCS URL: 
[INFO] [1790606831.900666800] [uav6.mavros_node]: UAS Prefix: /uas6
[INFO] [1790606831.900670579] [uav6.mavros_node]: Starting mavros router node
[INFO] [1790606832.042736190] [uav6.mavros_router]: Built-in SIMD instructions: SSE, SSE2
[INFO] [1790606832.086379278] [uav6.mavros_router]: Built-in MAVLink package version: 2026.8.8
[INFO] [1790606832.086395921] [uav6.mavros_router]: Known MAVLink dialects: common ardupilotmega ASLUAV AVSSUAS all csAirLink cubepilot development icarous loweheiser marsh paparazzi standard stemstudios storm32 uAvionix ualberta
[INFO] [1790606832.086402843] [uav6.mavros_router]: MAVROS Router started
[INFO] [1790606832.086609987] [uav6.mavros_node]: Starting mavros uas node
[INFO] [1790606832.355037222] [uav6.mavros_router]: Requested to add endpoint: type: 0, url: udp://:14545@127.0.0.1:14585
[INFO] [1790606832.355115301] [uav6.mavros_router]: Endpoint link[1000] created
[INFO] [1790606832.355371249] [uav6.mavros_router]: link[1000] opened successfully
[INFO] [1790606832.355389563] [uav6.mavros_router]: Requested to add endpoint: type: 2, url: /uas6
[INFO] [1790606832.355401539] [uav6.mavros_router]: Endpoint link[1001] created
[INFO] [1790606832.367310304] [uav6.mavros_router]: link[1000] detected remote address 6.1
[INFO] [1790606832.383238002] [uav6.mavros]: Plugin actuator_control ignored
[INFO] [1790606832.383286147] [uav6.mavros]: Plugin altitude ignored
[INFO] [1790606832.383537875] [uav6.mavros]: UAS Executor started, threads: 4
[INFO] [1790606832.467457325] [uav6.mavros_router]: link[1001] opened successfully
[INFO] [1790606832.652282691] [uav6.mavros]: Plugin command created
[INFO] [1790606832.700044700] [uav6.mavros]: Plugin command initialized
[INFO] [1790606832.704695419] [uav6.mavros]: Plugin ftp ignored
[INFO] [1790606832.704712910] [uav6.mavros]: Plugin geofence ignored
[INFO] [1790606832.966335327] [uav6.mavros]: Plugin global_position created
[INFO] [1790606832.966402623] [uav6.mavros]: Plugin global_position initialized
[INFO] [1790606832.966411892] [uav6.mavros]: Plugin home_position ignored
[INFO] [1790606832.966416560] [uav6.mavros]: Plugin imu ignored
[INFO] [1790606833.222022676] [uav6.mavros]: Plugin local_position created
[INFO] [1790606833.222079290] [uav6.mavros]: Plugin local_position initialized
[INFO] [1790606833.222088400] [uav6.mavros]: Plugin manual_control ignored
[INFO] [1790606833.222093737] [uav6.mavros]: Plugin nav_controller_output ignored
[INFO] [1790606833.222099310] [uav6.mavros]: Plugin param ignored
[INFO] [1790606833.222104310] [uav6.mavros]: Plugin rallypoint ignored
[INFO] [1790606833.222109263] [uav6.mavros]: Plugin rc_io ignored
[INFO] [1790606833.222114179] [uav6.mavros]: Plugin setpoint_accel ignored
[INFO] [1790606833.222118723] [uav6.mavros]: Plugin setpoint_attitude ignored
[INFO] [1790606833.222123456] [uav6.mavros]: Plugin setpoint_position ignored
[INFO] [1790606833.222128111] [uav6.mavros]: Plugin setpoint_raw ignored
[INFO] [1790606833.222132831] [uav6.mavros]: Plugin setpoint_trajectory ignored
[INFO] [1790606833.465966295] [uav6.mavros]: Plugin setpoint_velocity created
[INFO] [1790606833.467792801] [uav6.mavros]: Plugin setpoint_velocity initialized
[INFO] [1790606833.739776363] [uav6.mavros]: Plugin sys_status created
[INFO] [1790606833.786125768] [uav6.mavros]: Plugin sys_status initialized
[INFO] [1790606833.955098215] [uav6.mavros.time]: TM: Timesync mode: MAVLINK
[INFO] [1790606833.996577810] [uav6.mavros]: Plugin sys_time created
[INFO] [1790606833.996627010] [uav6.mavros]: Plugin sys_time initialized
[INFO] [1790606833.996635307] [uav6.mavros]: Plugin waypoint ignored
[INFO] [1790606833.996640610] [uav6.mavros]: Plugin wind_estimation ignored
[INFO] [1790606834.016321556] [uav6.mavros]: Built-in SIMD instructions: SSE, SSE2
[INFO] [1790606834.016363115] [uav6.mavros]: Built-in MAVLink package version: 2026.8.8
[INFO] [1790606834.016395874] [uav6.mavros]: Known MAVLink dialects: common ardupilotmega ASLUAV AVSSUAS all csAirLink cubepilot development icarous loweheiser marsh paparazzi standard stemstudios storm32 uAvionix ualberta
[INFO] [1790606834.016409778] [uav6.mavros]: MAVROS UAS via /uas6 started. MY ID 6.191, TARGET ID 6.1
[INFO] [1790606834.030122723] [uav6.mavros_router]: link[1001] detected remote address 6.191
[INFO] [1790606834.557262513] [uav6.mavros]: CON: Got HEARTBEAT, connected. FCU: PX4 Autopilot
[INFO] [1790606835.585889999] [uav6.mavros.sys]: VER: 6.1: Capabilities         0x000000000000e8ff
[INFO] [1790606835.585948271] [uav6.mavros.sys]: VER: 6.1: Flight software:     011200c0 (fca3df865a000000)
[INFO] [1790606835.585956277] [uav6.mavros.sys]: VER: 6.1: Middleware software: 011200c0 (fca3df865a000000)
[INFO] [1790606835.585960692] [uav6.mavros.sys]: VER: 6.1: OS software:         070000ff (17040b9f87cb1791)
[INFO] [1790606835.585965228] [uav6.mavros.sys]: VER: 6.1: Board hardware:      00000001
[INFO] [1790606835.585969314] [uav6.mavros.sys]: VER: 6.1: VID/PID:             0000:0000
[INFO] [1790606835.585973744] [uav6.mavros.sys]: VER: 6.1: UID:                 4954414c44494e54
[WARN] [1790606835.589266196] [uav6.mavros.cmd]: CMD: Unexpected command 512, result 0
[WARN] [1790606844.915623554] [uav6.mavros.sys]: FCU: UNK(8): EVENT 11047904 with args -0-0-0-0-0-128-0-0-0-176-122-127-128-176-122-127-128-0-0-0-0-0-0-0-0-0-0-0-0-0-0-0-0-0-0-0-0-0-0-0-
[INFO] [1790606844.918324218] [uav6.mavros.sys]: FCU: EVENT 377561 with args -8-0-0-0-20-0-0-0-0-0-0-0-0-0-0-0-0-0-0-0-0-0-0-0-0-0-0-0-0-0-0-0-0-0-0-0-0-0-0-0-
[WARN] [1790606844.918389283] [uav6.mavros.sys]: FCU: EVENT 453929 with args -255-255-255-255-7-0-0-0-0-0-0-0-0-0-0-0-0-0-0-0-0-0-0-0-0-0-0-0-0-0-0-0-0-0-0-0-0-0-0-0-
[INFO] [1790606844.918428717] [uav6.mavros.sys]: FCU: EVENT 6801787 with args -255-255-255-255-12-0-0-0-0-0-0-0-0-0-0-0-0-0-0-0-0-0-0-0-0-0-0-0-0-0-0-0-0-0-0-0-0-0-0-0-
[WARN] [1790606844.918465036] [uav6.mavros.sys]: FCU: UNK(8): EVENT 1914663 with args -0-10-13-2-56-0-0-0-0-0-0-0-0-0-0-0-0-0-0-0-0-0-0-0-0-0-0-0-0-0-0-0-0-0-0-0-0-0-0-0-
[WARN] [1790606849.929107943] [uav6.mavros.cmd]: CMD: Unexpected command 176, result 0
[INFO] [1790606850.032344662] [uav6.mavros.sys]: FCU: EVENT 9489139 with args -4-0-0-0-0-0-0-0-0-0-0-0-0-0-0-0-0-0-0-0-0-0-0-0-0-0-0-0-0-0-0-0-0-0-0-0-0-0-0-0-
[INFO] [1790606851.818621555] [uav6.mavros.sys]: FCU: EVENT 4277609 with args -0-0-0-0-0-0-0-0-0-0-0-0-0-0-0-0-0-0-0-0-0-0-0-0-0-0-0-0-0-0-0-0-0-0-0-0-0-0-0-0-
[WARN] [1790607100.879120026] [uav6.mavros.cmd]: CMD: Unexpected command 176, result 0
[INFO] [1790607132.454827710] [uav6.mavros.sys]: FCU: EVENT 9844908 with args -0-0-0-0-0-0-0-0-0-0-0-0-0-0-0-0-0-0-0-0-0-0-0-0-0-0-0-0-0-0-0-0-0-0-0-0-0-0-0-0-
[INFO] [1790607134.534578731] [uav6.mavros.sys]: FCU: EVENT 16017271 with args -6-0-0-0-0-0-0-0-0-0-0-0-0-0-0-0-0-0-0-0-0-0-0-0-0-0-0-0-0-0-0-0-0-0-0-0-0-0-0-0-
[WARN] [1790607137.795350709] [uav6.mavros.sys]: FCU: UNK(8): EVENT 11047904 with args -0-0-0-0-0-128-0-0-0-176-122-127-128-176-122-127-128-0-0-0-0-0-0-0-0-0-0-0-0-0-0-0-0-0-0-0-0-0-0-0-
[INFO] [1790607137.795510820] [uav6.mavros.sys]: FCU: EVENT 377561 with args -8-0-0-0-20-0-0-0-0-0-0-0-0-0-0-0-0-0-0-0-0-0-0-0-0-0-0-0-0-0-0-0-0-0-0-0-0-0-0-0-
[WARN] [1790607137.795616643] [uav6.mavros.sys]: FCU: EVENT 453929 with args -255-255-255-255-7-0-0-0-0-0-0-0-0-0-0-0-0-0-0-0-0-0-0-0-0-0-0-0-0-0-0-0-0-0-0-0-0-0-0-0-
[INFO] [1790607137.795688074] [uav6.mavros.sys]: FCU: EVENT 6801787 with args -255-255-255-255-12-0-0-0-0-0-0-0-0-0-0-0-0-0-0-0-0-0-0-0-0-0-0-0-0-0-0-0-0-0-0-0-0-0-0-0-
[WARN] [1790607137.795867916] [uav6.mavros.sys]: FCU: UNK(8): EVENT 1914663 with args -0-10-9-2-56-0-0-0-0-0-0-0-0-0-0-0-0-0-0-0-0-0-0-0-0-0-0-0-0-0-0-0-0-0-0-0-0-0-0-0-
[INFO] [1790607139.109536627] [rclcpp]: signal_handler(SIGINT/SIGTERM)
[WARN] [1790607139.110345035] [uav6.mavros]: UAS Executor terminated
