[INFO] [1790606831.955333183] [uav10.mavros_node]: Starting mavros_node container
[INFO] [1790606831.955673399] [uav10.mavros_node]: FCU URL: udp://:14549@127.0.0.1:14589
[INFO] [1790606831.955690537] [uav10.mavros_node]: GCS URL: 
[INFO] [1790606831.955694889] [uav10.mavros_node]: UAS Prefix: /uas10
[INFO] [1790606831.955698863] [uav10.mavros_node]: Starting mavros router node
[INFO] [1790606832.049996060] [uav10.mavros_router]: Built-in SIMD instructions: SSE, SSE2
[INFO] [1790606832.089432414] [uav10.mavros_router]: Built-in MAVLink package version: 2026.8.8
[INFO] [1790606832.089446146] [uav10.mavros_router]: Known MAVLink dialects: common ardupilotmega ASLUAV AVSSUAS all csAirLink cubepilot development icarous loweheiser marsh paparazzi standard stemstudios storm32 uAvionix ualberta
[INFO] [1790606832.089453143] [uav10.mavros_router]: MAVROS Router started
[INFO] [1790606832.089571395] [uav10.mavros_node]: Starting mavros uas node
[INFO] [1790606832.335708203] [uav10.mavros_router]: Requested to add endpoint: type: 0, url: udp://:14549@127.0.0.1:14589
[INFO] [1790606832.335760076] [uav10.mavros_router]: Endpoint link[1000] created
[INFO] [1790606832.338939702] [uav10.mavros_router]: link[1000] opened successfully
[INFO] [1790606832.340117012] [uav10.mavros_router]: Requested to add endpoint: type: 2, url: /uas10
[INFO] [1790606832.340150324] [uav10.mavros_router]: Endpoint link[1001] created
[INFO] [1790606832.339490969] [uav10.mavros_router]: link[1000] detected remote address 10.1
[INFO] [1790606832.369825441] [uav10.mavros]: Plugin actuator_control ignored
[INFO] [1790606832.370682049] [uav10.mavros]: Plugin altitude ignored
[INFO] [1790606832.370157243] [uav10.mavros]: UAS Executor started, threads: 4
[INFO] [1790606832.486906233] [uav10.mavros_router]: link[1001] opened successfully
[INFO] [1790606832.727303146] [uav10.mavros]: Plugin command created
[INFO] [1790606832.736051092] [uav10.mavros]: Plugin command initialized
[INFO] [1790606832.736072591] [uav10.mavros]: Plugin ftp ignored
[INFO] [1790606832.736078791] [uav10.mavros]: Plugin geofence ignored
[INFO] [1790606833.018789580] [uav10.mavros]: Plugin global_position created
[INFO] [1790606833.018844811] [uav10.mavros]: Plugin global_position initialized
[INFO] [1790606833.018854820] [uav10.mavros]: Plugin home_position ignored
[INFO] [1790606833.018860476] [uav10.mavros]: Plugin imu ignored
[INFO] [1790606833.316485442] [uav10.mavros]: Plugin local_position created
[INFO] [1790606833.316534700] [uav10.mavros]: Plugin local_position initialized
[INFO] [1790606833.316544436] [uav10.mavros]: Plugin manual_control ignored
[INFO] [1790606833.316550574] [uav10.mavros]: Plugin nav_controller_output ignored
[INFO] [1790606833.316556423] [uav10.mavros]: Plugin param ignored
[INFO] [1790606833.316561804] [uav10.mavros]: Plugin rallypoint ignored
[INFO] [1790606833.316566693] [uav10.mavros]: Plugin rc_io ignored
[INFO] [1790606833.316572011] [uav10.mavros]: Plugin setpoint_accel ignored
[INFO] [1790606833.316577703] [uav10.mavros]: Plugin setpoint_attitude ignored
[INFO] [1790606833.316582984] [uav10.mavros]: Plugin setpoint_position ignored
[INFO] [1790606833.316588257] [uav10.mavros]: Plugin setpoint_raw ignored
[INFO] [1790606833.316593787] [uav10.mavros]: Plugin setpoint_trajectory ignored
[INFO] [1790606833.487877578] [uav10.mavros]: Plugin setpoint_velocity created
[INFO] [1790606833.487938559] [uav10.mavros]: Plugin setpoint_velocity initialized
[INFO] [1790606833.757283256] [uav10.mavros]: Plugin sys_status created
[INFO] [1790606833.787069823] [uav10.mavros]: Plugin sys_status initialized
[INFO] [1790606833.880212483] [uav10.mavros.time]: TM: Timesync mode: MAVLINK
[INFO] [1790606833.899022635] [uav10.mavros]: Plugin sys_time created
[INFO] [1790606833.899072242] [uav10.mavros]: Plugin sys_time initialized
[INFO] [1790606833.899082937] [uav10.mavros]: Plugin waypoint ignored
[INFO] [1790606833.899088829] [uav10.mavros]: Plugin wind_estimation ignored
[INFO] [1790606833.907951756] [uav10.mavros]: Built-in SIMD instructions: SSE, SSE2
[INFO] [1790606833.908413246] [uav10.mavros]: Built-in MAVLink package version: 2026.8.8
[INFO] [1790606833.908454174] [uav10.mavros]: Known MAVLink dialects: common ardupilotmega ASLUAV AVSSUAS all csAirLink cubepilot development icarous loweheiser marsh paparazzi standard stemstudios storm32 uAvionix ualberta
[INFO] [1790606833.908559417] [uav10.mavros]: MAVROS UAS via /uas10 started. MY ID 10.191, TARGET ID 10.1
[INFO] [1790606833.991313073] [uav10.mavros_router]: link[1001] detected remote address 10.191
[INFO] [1790606834.786314603] [uav10.mavros.sys]: VER: 10.1: Capabilities         0x000000000000e8ff
[INFO] [1790606834.786370564] [uav10.mavros.sys]: VER: 10.1: Flight software:     011200c0 (fca3df865a000000)
[INFO] [1790606834.786378287] [uav10.mavros.sys]: VER: 10.1: Middleware software: 011200c0 (fca3df865a000000)
[INFO] [1790606834.786383639] [uav10.mavros.sys]: VER: 10.1: OS software:         070000ff (17040b9f87cb1791)
[INFO] [1790606834.786388327] [uav10.mavros.sys]: VER: 10.1: Board hardware:      00000001
[INFO] [1790606834.786392972] [uav10.mavros.sys]: VER: 10.1: VID/PID:             0000:0000
[INFO] [1790606834.786397279] [uav10.mavros.sys]: VER: 10.1: UID:                 4954414c44494e58
[WARN] [1790606834.792471326] [uav10.mavros.cmd]: CMD: Unexpected command 512, result 0
[INFO] [1790606834.844209696] [uav10.mavros]: CON: Got HEARTBEAT, connected. FCU: PX4 Autopilot
[INFO] [1790606835.886271714] [uav10.mavros.sys]: VER: 10.1: Capabilities         0x000000000000e8ff
[INFO] [1790606835.886324476] [uav10.mavros.sys]: VER: 10.1: Flight software:     011200c0 (fca3df865a000000)
[INFO] [1790606835.886332632] [uav10.mavros.sys]: VER: 10.1: Middleware software: 011200c0 (fca3df865a000000)
[INFO] [1790606835.886337326] [uav10.mavros.sys]: VER: 10.1: OS software:         070000ff (17040b9f87cb1791)
[INFO] [1790606835.886342057] [uav10.mavros.sys]: VER: 10.1: Board hardware:      00000001
[INFO] [1790606835.886350498] [uav10.mavros.sys]: VER: 10.1: VID/PID:             0000:0000
[INFO] [1790606835.886354821] [uav10.mavros.sys]: VER: 10.1: UID:                 4954414c44494e58
[WARN] [1790606835.912925436] [uav10.mavros.sys]: FCU: UNK(8): EVENT 11047904 with args -0-0-0-16-0-128-0-0-0-176-58-127-128-176-58-127-128-0-0-0-0-0-0-0-0-0-0-0-0-0-0-0-0-0-0-0-0-0-0-0-
[ERROR] [1790606835.913017701] [uav10.mavros.sys]: FCU: EVENT 11464574 with args -0-64-0-0-20-0-0-0-0-0-0-0-0-0-0-0-0-0-0-0-0-0-0-0-0-0-0-0-0-0-0-0-0-0-0-0-0-0-0-0-
[INFO] [1790606835.913080797] [uav10.mavros.sys]: FCU: EVENT 377561 with args -8-0-0-0-20-0-0-0-0-0-0-0-0-0-0-0-0-0-0-0-0-0-0-0-0-0-0-0-0-0-0-0-0-0-0-0-0-0-0-0-
[WARN] [1790606835.913121121] [uav10.mavros.sys]: FCU: EVENT 453929 with args -255-255-255-255-7-0-0-0-0-0-0-0-0-0-0-0-0-0-0-0-0-0-0-0-0-0-0-0-0-0-0-0-0-0-0-0-0-0-0-0-
[INFO] [1790606835.913157300] [uav10.mavros.sys]: FCU: EVENT 6801787 with args -255-255-255-255-12-0-0-0-0-0-0-0-0-0-0-0-0-0-0-0-0-0-0-0-0-0-0-0-0-0-0-0-0-0-0-0-0-0-0-0-
[WARN] [1790606835.913199644] [uav10.mavros.sys]: FCU: UNK(8): EVENT 1914663 with args -0-10-13-2-56-0-0-0-0-0-0-0-0-0-0-0-0-0-0-0-0-0-0-0-0-0-0-0-0-0-0-0-0-0-0-0-0-0-0-0-
[WARN] [1790606843.833498917] [uav10.mavros.sys]: FCU: UNK(8): EVENT 11047904 with args -0-0-0-0-0-128-0-0-0-176-122-127-128-176-122-127-128-0-0-0-0-0-0-0-0-0-0-0-0-0-0-0-0-0-0-0-0-0-0-0-
[INFO] [1790606843.833581044] [uav10.mavros.sys]: FCU: EVENT 377561 with args -8-0-0-0-20-0-0-0-0-0-0-0-0-0-0-0-0-0-0-0-0-0-0-0-0-0-0-0-0-0-0-0-0-0-0-0-0-0-0-0-
[WARN] [1790606843.833624584] [uav10.mavros.sys]: FCU: EVENT 453929 with args -255-255-255-255-7-0-0-0-0-0-0-0-0-0-0-0-0-0-0-0-0-0-0-0-0-0-0-0-0-0-0-0-0-0-0-0-0-0-0-0-
[INFO] [1790606843.833860512] [uav10.mavros.sys]: FCU: EVENT 6801787 with args -255-255-255-255-12-0-0-0-0-0-0-0-0-0-0-0-0-0-0-0-0-0-0-0-0-0-0-0-0-0-0-0-0-0-0-0-0-0-0-0-
[WARN] [1790606843.833887344] [uav10.mavros.sys]: FCU: UNK(8): EVENT 1914663 with args -0-10-13-2-56-0-0-0-0-0-0-0-0-0-0-0-0-0-0-0-0-0-0-0-0-0-0-0-0-0-0-0-0-0-0-0-0-0-0-0-
[WARN] [1790606849.951271495] [uav10.mavros.cmd]: CMD: Unexpected command 176, result 0
[INFO] [1790606850.362142587] [uav10.mavros.sys]: FCU: EVENT 9489139 with args -4-0-0-0-0-0-0-0-0-0-0-0-0-0-0-0-0-0-0-0-0-0-0-0-0-0-0-0-0-0-0-0-0-0-0-0-0-0-0-0-
[INFO] [1790606852.419352713] [uav10.mavros.sys]: FCU: EVENT 4277609 with args -0-0-0-0-0-0-0-0-0-0-0-0-0-0-0-0-0-0-0-0-0-0-0-0-0-0-0-0-0-0-0-0-0-0-0-0-0-0-0-0-
[WARN] [1790607100.897298097] [uav10.mavros.cmd]: CMD: Unexpected command 176, result 0
[INFO] [1790607131.447949201] [uav10.mavros.sys]: FCU: EVENT 9844908 with args -0-0-0-0-0-0-0-0-0-0-0-0-0-0-0-0-0-0-0-0-0-0-0-0-0-0-0-0-0-0-0-0-0-0-0-0-0-0-0-0-
[INFO] [1790607133.540436814] [uav10.mavros.sys]: FCU: EVENT 16017271 with args -6-0-0-0-0-0-0-0-0-0-0-0-0-0-0-0-0-0-0-0-0-0-0-0-0-0-0-0-0-0-0-0-0-0-0-0-0-0-0-0-
[WARN] [1790607137.017149181] [uav10.mavros.sys]: FCU: UNK(8): EVENT 11047904 with args -0-0-0-0-0-128-0-0-0-176-122-127-128-176-122-127-128-0-0-0-0-0-0-0-0-0-0-0-0-0-0-0-0-0-0-0-0-0-0-0-
[INFO] [1790607137.017289242] [uav10.mavros.sys]: FCU: EVENT 377561 with args -8-0-0-0-20-0-0-0-0-0-0-0-0-0-0-0-0-0-0-0-0-0-0-0-0-0-0-0-0-0-0-0-0-0-0-0-0-0-0-0-
[WARN] [1790607137.017418825] [uav10.mavros.sys]: FCU: EVENT 453929 with args -255-255-255-255-7-0-0-0-0-0-0-0-0-0-0-0-0-0-0-0-0-0-0-0-0-0-0-0-0-0-0-0-0-0-0-0-0-0-0-0-
[INFO] [1790607137.017445885] [uav10.mavros.sys]: FCU: EVENT 6801787 with args -255-255-255-255-12-0-0-0-0-0-0-0-0-0-0-0-0-0-0-0-0-0-0-0-0-0-0-0-0-0-0-0-0-0-0-0-0-0-0-0-
[WARN] [1790607137.017516403] [uav10.mavros.sys]: FCU: UNK(8): EVENT 1914663 with args -0-10-9-2-56-0-0-0-0-0-0-0-0-0-0-0-0-0-0-0-0-0-0-0-0-0-0-0-0-0-0-0-0-0-0-0-0-0-0-0-
[INFO] [1790607139.111601634] [rclcpp]: signal_handler(SIGINT/SIGTERM)
[WARN] [1790607139.112988780] [uav10.mavros]: UAS Executor terminated
