[INFO] [1790607154.987570503] [uav10.mavros_node]: Starting mavros_node container
[INFO] [1790607154.987686817] [uav10.mavros_node]: FCU URL: udp://:14549@127.0.0.1:14589
[INFO] [1790607154.987695265] [uav10.mavros_node]: GCS URL: 
[INFO] [1790607154.987699864] [uav10.mavros_node]: UAS Prefix: /uas10
[INFO] [1790607154.987704351] [uav10.mavros_node]: Starting mavros router node
[INFO] [1790607155.123351155] [uav10.mavros_router]: Built-in SIMD instructions: SSE, SSE2
[INFO] [1790607155.123403695] [uav10.mavros_router]: Built-in MAVLink package version: 2026.8.8
[INFO] [1790607155.123413091] [uav10.mavros_router]: Known MAVLink dialects: common ardupilotmega ASLUAV AVSSUAS all csAirLink cubepilot development icarous loweheiser marsh paparazzi standard stemstudios storm32 uAvionix ualberta
[INFO] [1790607155.123419310] [uav10.mavros_router]: MAVROS Router started
[INFO] [1790607155.125640197] [uav10.mavros_node]: Starting mavros uas node
[INFO] [1790607155.384263981] [uav10.mavros_router]: Requested to add endpoint: type: 0, url: udp://:14549@127.0.0.1:14589
[INFO] [1790607155.384377533] [uav10.mavros_router]: Endpoint link[1000] created
[INFO] [1790607155.385707814] [uav10.mavros_router]: link[1000] opened successfully
[INFO] [1790607155.385754444] [uav10.mavros_router]: Requested to add endpoint: type: 2, url: /uas10
[INFO] [1790607155.385774141] [uav10.mavros_router]: Endpoint link[1001] created
[INFO] [1790607155.392674149] [uav10.mavros]: Plugin actuator_control ignored
[INFO] [1790607155.392710785] [uav10.mavros]: Plugin altitude ignored
[INFO] [1790607155.393220293] [uav10.mavros]: UAS Executor started, threads: 4
[INFO] [1790607155.398665286] [uav10.mavros_router]: link[1000] detected remote address 10.1
[INFO] [1790607155.420218571] [uav10.mavros_router]: link[1001] opened successfully
[INFO] [1790607155.561935859] [uav10.mavros]: Plugin command created
[INFO] [1790607155.562000725] [uav10.mavros]: Plugin command initialized
[INFO] [1790607155.562014212] [uav10.mavros]: Plugin ftp ignored
[INFO] [1790607155.562020157] [uav10.mavros]: Plugin geofence ignored
[INFO] [1790607155.847989742] [uav10.mavros]: Plugin global_position created
[INFO] [1790607155.848047637] [uav10.mavros]: Plugin global_position initialized
[INFO] [1790607155.848056753] [uav10.mavros]: Plugin home_position ignored
[INFO] [1790607155.848062570] [uav10.mavros]: Plugin imu ignored
[INFO] [1790607156.250756282] [uav10.mavros]: Plugin local_position created
[INFO] [1790607156.250807256] [uav10.mavros]: Plugin local_position initialized
[INFO] [1790607156.250815974] [uav10.mavros]: Plugin manual_control ignored
[INFO] [1790607156.250821493] [uav10.mavros]: Plugin nav_controller_output ignored
[INFO] [1790607156.250827133] [uav10.mavros]: Plugin param ignored
[INFO] [1790607156.250832557] [uav10.mavros]: Plugin rallypoint ignored
[INFO] [1790607156.250838319] [uav10.mavros]: Plugin rc_io ignored
[INFO] [1790607156.250844283] [uav10.mavros]: Plugin setpoint_accel ignored
[INFO] [1790607156.250849882] [uav10.mavros]: Plugin setpoint_attitude ignored
[INFO] [1790607156.250855465] [uav10.mavros]: Plugin setpoint_position ignored
[INFO] [1790607156.250861088] [uav10.mavros]: Plugin setpoint_raw ignored
[INFO] [1790607156.250866671] [uav10.mavros]: Plugin setpoint_trajectory ignored
[INFO] [1790607156.456534454] [uav10.mavros]: Plugin setpoint_velocity created
[INFO] [1790607156.456599355] [uav10.mavros]: Plugin setpoint_velocity initialized
[INFO] [1790607156.642251811] [uav10.mavros]: Plugin sys_status created
[INFO] [1790607156.642320709] [uav10.mavros]: Plugin sys_status initialized
[INFO] [1790607156.719814283] [uav10.mavros.time]: TM: Timesync mode: MAVLINK
[INFO] [1790607156.740141125] [uav10.mavros]: Plugin sys_time created
[INFO] [1790607156.740203845] [uav10.mavros]: Plugin sys_time initialized
[INFO] [1790607156.740216229] [uav10.mavros]: Plugin waypoint ignored
[INFO] [1790607156.740221747] [uav10.mavros]: Plugin wind_estimation ignored
[INFO] [1790607156.754702671] [uav10.mavros]: Built-in SIMD instructions: SSE, SSE2
[INFO] [1790607156.754746818] [uav10.mavros]: Built-in MAVLink package version: 2026.8.8
[INFO] [1790607156.754774049] [uav10.mavros]: Known MAVLink dialects: common ardupilotmega ASLUAV AVSSUAS all csAirLink cubepilot development icarous loweheiser marsh paparazzi standard stemstudios storm32 uAvionix ualberta
[INFO] [1790607156.754780670] [uav10.mavros]: MAVROS UAS via /uas10 started. MY ID 10.191, TARGET ID 10.1
[INFO] [1790607156.755571320] [uav10.mavros_router]: link[1001] detected remote address 10.191
[INFO] [1790607157.640482512] [uav10.mavros]: CON: Got HEARTBEAT, connected. FCU: PX4 Autopilot
[INFO] [1790607158.677527047] [uav10.mavros.sys]: VER: 10.1: Capabilities         0x000000000000e8ff
[INFO] [1790607158.677586271] [uav10.mavros.sys]: VER: 10.1: Flight software:     011200c0 (fca3df865a000000)
[INFO] [1790607158.677594212] [uav10.mavros.sys]: VER: 10.1: Middleware software: 011200c0 (fca3df865a000000)
[INFO] [1790607158.677599498] [uav10.mavros.sys]: VER: 10.1: OS software:         070000ff (17040b9f87cb1791)
[INFO] [1790607158.677604606] [uav10.mavros.sys]: VER: 10.1: Board hardware:      00000001
[INFO] [1790607158.677609392] [uav10.mavros.sys]: VER: 10.1: VID/PID:             0000:0000
[INFO] [1790607158.677614501] [uav10.mavros.sys]: VER: 10.1: UID:                 4954414c44494e58
[WARN] [1790607158.678062352] [uav10.mavros.cmd]: CMD: Unexpected command 512, result 0
[WARN] [1790607158.811248970] [uav10.mavros.sys]: FCU: UNK(8): EVENT 11047904 with args -0-0-0-16-0-128-0-0-0-176-58-127-128-176-58-127-128-0-0-0-0-0-0-0-0-0-0-0-0-0-0-0-0-0-0-0-0-0-0-0-
[ERROR] [1790607158.811362825] [uav10.mavros.sys]: FCU: EVENT 11464574 with args -0-64-0-0-20-0-0-0-0-0-0-0-0-0-0-0-0-0-0-0-0-0-0-0-0-0-0-0-0-0-0-0-0-0-0-0-0-0-0-0-
[INFO] [1790607158.811417021] [uav10.mavros.sys]: FCU: EVENT 377561 with args -8-0-0-0-20-0-0-0-0-0-0-0-0-0-0-0-0-0-0-0-0-0-0-0-0-0-0-0-0-0-0-0-0-0-0-0-0-0-0-0-
[WARN] [1790607158.811450849] [uav10.mavros.sys]: FCU: EVENT 453929 with args -255-255-255-255-7-0-0-0-0-0-0-0-0-0-0-0-0-0-0-0-0-0-0-0-0-0-0-0-0-0-0-0-0-0-0-0-0-0-0-0-
[INFO] [1790607158.811492243] [uav10.mavros.sys]: FCU: EVENT 6801787 with args -255-255-255-255-12-0-0-0-0-0-0-0-0-0-0-0-0-0-0-0-0-0-0-0-0-0-0-0-0-0-0-0-0-0-0-0-0-0-0-0-
[WARN] [1790607158.811522635] [uav10.mavros.sys]: FCU: UNK(8): EVENT 1914663 with args -0-10-13-2-56-0-0-0-0-0-0-0-0-0-0-0-0-0-0-0-0-0-0-0-0-0-0-0-0-0-0-0-0-0-0-0-0-0-0-0-
[WARN] [1790607169.395579307] [uav10.mavros.sys]: FCU: UNK(8): EVENT 11047904 with args -0-0-0-0-0-128-0-0-0-176-122-127-128-176-122-127-128-0-0-0-0-0-0-0-0-0-0-0-0-0-0-0-0-0-0-0-0-0-0-0-
[INFO] [1790607169.395661000] [uav10.mavros.sys]: FCU: EVENT 377561 with args -8-0-0-0-20-0-0-0-0-0-0-0-0-0-0-0-0-0-0-0-0-0-0-0-0-0-0-0-0-0-0-0-0-0-0-0-0-0-0-0-
[WARN] [1790607169.395696657] [uav10.mavros.sys]: FCU: EVENT 453929 with args -255-255-255-255-7-0-0-0-0-0-0-0-0-0-0-0-0-0-0-0-0-0-0-0-0-0-0-0-0-0-0-0-0-0-0-0-0-0-0-0-
[INFO] [1790607169.395731095] [uav10.mavros.sys]: FCU: EVENT 6801787 with args -255-255-255-255-12-0-0-0-0-0-0-0-0-0-0-0-0-0-0-0-0-0-0-0-0-0-0-0-0-0-0-0-0-0-0-0-0-0-0-0-
[WARN] [1790607169.395764787] [uav10.mavros.sys]: FCU: UNK(8): EVENT 1914663 with args -0-10-13-2-56-0-0-0-0-0-0-0-0-0-0-0-0-0-0-0-0-0-0-0-0-0-0-0-0-0-0-0-0-0-0-0-0-0-0-0-
[WARN] [1790607173.574296580] [uav10.mavros.cmd]: CMD: Unexpected command 176, result 0
[INFO] [1790607174.431368583] [uav10.mavros.sys]: FCU: EVENT 9489139 with args -4-0-0-0-0-0-0-0-0-0-0-0-0-0-0-0-0-0-0-0-0-0-0-0-0-0-0-0-0-0-0-0-0-0-0-0-0-0-0-0-
[INFO] [1790607176.448676505] [uav10.mavros.sys]: FCU: EVENT 4277609 with args -0-0-0-0-0-0-0-0-0-0-0-0-0-0-0-0-0-0-0-0-0-0-0-0-0-0-0-0-0-0-0-0-0-0-0-0-0-0-0-0-
[WARN] [1790607424.170576859] [uav10.mavros.cmd]: CMD: Unexpected command 176, result 0
[INFO] [1790607456.385007642] [uav10.mavros.sys]: FCU: EVENT 9844908 with args -0-0-0-0-0-0-0-0-0-0-0-0-0-0-0-0-0-0-0-0-0-0-0-0-0-0-0-0-0-0-0-0-0-0-0-0-0-0-0-0-
[INFO] [1790607458.517112709] [uav10.mavros.sys]: FCU: EVENT 16017271 with args -6-0-0-0-0-0-0-0-0-0-0-0-0-0-0-0-0-0-0-0-0-0-0-0-0-0-0-0-0-0-0-0-0-0-0-0-0-0-0-0-
[WARN] [1790607462.230178743] [uav10.mavros.sys]: FCU: UNK(8): EVENT 11047904 with args -0-0-0-0-0-128-0-0-0-176-122-127-128-176-122-127-128-0-0-0-0-0-0-0-0-0-0-0-0-0-0-0-0-0-0-0-0-0-0-0-
[INFO] [1790607462.230314385] [uav10.mavros.sys]: FCU: EVENT 377561 with args -8-0-0-0-20-0-0-0-0-0-0-0-0-0-0-0-0-0-0-0-0-0-0-0-0-0-0-0-0-0-0-0-0-0-0-0-0-0-0-0-
[WARN] [1790607462.230349087] [uav10.mavros.sys]: FCU: EVENT 453929 with args -255-255-255-255-7-0-0-0-0-0-0-0-0-0-0-0-0-0-0-0-0-0-0-0-0-0-0-0-0-0-0-0-0-0-0-0-0-0-0-0-
[INFO] [1790607462.230379151] [uav10.mavros.sys]: FCU: EVENT 6801787 with args -255-255-255-255-12-0-0-0-0-0-0-0-0-0-0-0-0-0-0-0-0-0-0-0-0-0-0-0-0-0-0-0-0-0-0-0-0-0-0-0-
[WARN] [1790607462.230409756] [uav10.mavros.sys]: FCU: UNK(8): EVENT 1914663 with args -0-10-9-2-56-0-0-0-0-0-0-0-0-0-0-0-0-0-0-0-0-0-0-0-0-0-0-0-0-0-0-0-0-0-0-0-0-0-0-0-
[INFO] [1790607462.529196301] [rclcpp]: signal_handler(SIGINT/SIGTERM)
[WARN] [1790607462.531093250] [uav10.mavros]: UAS Executor terminated
