[INFO] [1790607154.974149928] [uav9.mavros_node]: Starting mavros_node container
[INFO] [1790607154.974313021] [uav9.mavros_node]: FCU URL: udp://:14548@127.0.0.1:14588
[INFO] [1790607154.974332816] [uav9.mavros_node]: GCS URL: 
[INFO] [1790607154.974337617] [uav9.mavros_node]: UAS Prefix: /uas9
[INFO] [1790607154.974341976] [uav9.mavros_node]: Starting mavros router node
[INFO] [1790607155.014031205] [uav9.mavros_router]: Built-in SIMD instructions: SSE, SSE2
[INFO] [1790607155.014068418] [uav9.mavros_router]: Built-in MAVLink package version: 2026.8.8
[INFO] [1790607155.014076787] [uav9.mavros_router]: Known MAVLink dialects: common ardupilotmega ASLUAV AVSSUAS all csAirLink cubepilot development icarous loweheiser marsh paparazzi standard stemstudios storm32 uAvionix ualberta
[INFO] [1790607155.014082957] [uav9.mavros_router]: MAVROS Router started
[INFO] [1790607155.014241545] [uav9.mavros_node]: Starting mavros uas node
[INFO] [1790607155.239137258] [uav9.mavros_router]: Requested to add endpoint: type: 0, url: udp://:14548@127.0.0.1:14588
[INFO] [1790607155.240850722] [uav9.mavros_router]: Endpoint link[1000] created
[INFO] [1790607155.243291941] [uav9.mavros_router]: link[1000] opened successfully
[INFO] [1790607155.243346836] [uav9.mavros_router]: Requested to add endpoint: type: 2, url: /uas9
[INFO] [1790607155.243368960] [uav9.mavros_router]: Endpoint link[1001] created
[INFO] [1790607155.248340500] [uav9.mavros_router]: link[1000] detected remote address 9.1
[INFO] [1790607155.260482591] [uav9.mavros]: Plugin actuator_control ignored
[INFO] [1790607155.260643065] [uav9.mavros]: Plugin altitude ignored
[INFO] [1790607155.260535132] [uav9.mavros]: UAS Executor started, threads: 4
[INFO] [1790607155.328706735] [uav9.mavros_router]: link[1001] opened successfully
[INFO] [1790607155.465563505] [uav9.mavros]: Plugin command created
[INFO] [1790607155.497757321] [uav9.mavros]: Plugin command initialized
[INFO] [1790607155.497779531] [uav9.mavros]: Plugin ftp ignored
[INFO] [1790607155.497784880] [uav9.mavros]: Plugin geofence ignored
[INFO] [1790607155.733429446] [uav9.mavros]: Plugin global_position created
[INFO] [1790607155.733494820] [uav9.mavros]: Plugin global_position initialized
[INFO] [1790607155.733505548] [uav9.mavros]: Plugin home_position ignored
[INFO] [1790607155.733510929] [uav9.mavros]: Plugin imu ignored
[INFO] [1790607155.937557064] [uav9.mavros]: Plugin local_position created
[INFO] [1790607155.937608229] [uav9.mavros]: Plugin local_position initialized
[INFO] [1790607155.937617299] [uav9.mavros]: Plugin manual_control ignored
[INFO] [1790607155.937623042] [uav9.mavros]: Plugin nav_controller_output ignored
[INFO] [1790607155.937628846] [uav9.mavros]: Plugin param ignored
[INFO] [1790607155.946460646] [uav9.mavros]: Plugin rallypoint ignored
[INFO] [1790607155.946469941] [uav9.mavros]: Plugin rc_io ignored
[INFO] [1790607155.946475639] [uav9.mavros]: Plugin setpoint_accel ignored
[INFO] [1790607155.946481037] [uav9.mavros]: Plugin setpoint_attitude ignored
[INFO] [1790607155.946487183] [uav9.mavros]: Plugin setpoint_position ignored
[INFO] [1790607155.946492099] [uav9.mavros]: Plugin setpoint_raw ignored
[INFO] [1790607155.946497552] [uav9.mavros]: Plugin setpoint_trajectory ignored
[INFO] [1790607156.208726527] [uav9.mavros]: Plugin setpoint_velocity created
[INFO] [1790607156.208767558] [uav9.mavros]: Plugin setpoint_velocity initialized
[INFO] [1790607156.483062658] [uav9.mavros]: Plugin sys_status created
[INFO] [1790607156.483140677] [uav9.mavros]: Plugin sys_status initialized
[INFO] [1790607156.580447788] [uav9.mavros.time]: TM: Timesync mode: MAVLINK
[INFO] [1790607156.595139758] [uav9.mavros]: Plugin sys_time created
[INFO] [1790607156.595211812] [uav9.mavros]: Plugin sys_time initialized
[INFO] [1790607156.595224323] [uav9.mavros]: Plugin waypoint ignored
[INFO] [1790607156.595229482] [uav9.mavros]: Plugin wind_estimation ignored
[INFO] [1790607156.616211163] [uav9.mavros]: Built-in SIMD instructions: SSE, SSE2
[INFO] [1790607156.616252868] [uav9.mavros]: Built-in MAVLink package version: 2026.8.8
[INFO] [1790607156.616282162] [uav9.mavros]: Known MAVLink dialects: common ardupilotmega ASLUAV AVSSUAS all csAirLink cubepilot development icarous loweheiser marsh paparazzi standard stemstudios storm32 uAvionix ualberta
[INFO] [1790607156.616288896] [uav9.mavros]: MAVROS UAS via /uas9 started. MY ID 9.191, TARGET ID 9.1
[INFO] [1790607156.669532192] [uav9.mavros_router]: link[1001] detected remote address 9.191
[WARN] [1790607157.375893376] [uav9.mavros.sys]: FCU: UNK(8): EVENT 11047904 with args -0-0-0-16-0-128-0-0-0-176-58-127-128-176-58-127-128-0-0-0-0-0-0-0-0-0-0-0-0-0-0-0-0-0-0-0-0-0-0-0-
[ERROR] [1790607157.376004187] [uav9.mavros.sys]: FCU: EVENT 11464574 with args -0-64-0-0-20-0-0-0-0-0-0-0-0-0-0-0-0-0-0-0-0-0-0-0-0-0-0-0-0-0-0-0-0-0-0-0-0-0-0-0-
[INFO] [1790607157.376078411] [uav9.mavros.sys]: FCU: EVENT 377561 with args -8-0-0-0-20-0-0-0-0-0-0-0-0-0-0-0-0-0-0-0-0-0-0-0-0-0-0-0-0-0-0-0-0-0-0-0-0-0-0-0-
[WARN] [1790607157.376120265] [uav9.mavros.sys]: FCU: EVENT 453929 with args -255-255-255-255-7-0-0-0-0-0-0-0-0-0-0-0-0-0-0-0-0-0-0-0-0-0-0-0-0-0-0-0-0-0-0-0-0-0-0-0-
[INFO] [1790607157.376155857] [uav9.mavros.sys]: FCU: EVENT 6801787 with args -255-255-255-255-12-0-0-0-0-0-0-0-0-0-0-0-0-0-0-0-0-0-0-0-0-0-0-0-0-0-0-0-0-0-0-0-0-0-0-0-
[WARN] [1790607157.376195006] [uav9.mavros.sys]: FCU: UNK(8): EVENT 1914663 with args -0-10-13-2-56-0-0-0-0-0-0-0-0-0-0-0-0-0-0-0-0-0-0-0-0-0-0-0-0-0-0-0-0-0-0-0-0-0-0-0-
[INFO] [1790607157.427681775] [uav9.mavros]: CON: Got HEARTBEAT, connected. FCU: PX4 Autopilot
[INFO] [1790607158.455601724] [uav9.mavros.sys]: VER: 9.1: Capabilities         0x000000000000e8ff
[INFO] [1790607158.455636175] [uav9.mavros.sys]: VER: 9.1: Flight software:     011200c0 (fca3df865a000000)
[INFO] [1790607158.455643174] [uav9.mavros.sys]: VER: 9.1: Middleware software: 011200c0 (fca3df865a000000)
[INFO] [1790607158.455648096] [uav9.mavros.sys]: VER: 9.1: OS software:         070000ff (17040b9f87cb1791)
[INFO] [1790607158.455652513] [uav9.mavros.sys]: VER: 9.1: Board hardware:      00000001
[INFO] [1790607158.455657167] [uav9.mavros.sys]: VER: 9.1: VID/PID:             0000:0000
[INFO] [1790607158.455661954] [uav9.mavros.sys]: VER: 9.1: UID:                 4954414c44494e57
[WARN] [1790607158.458476895] [uav9.mavros.cmd]: CMD: Unexpected command 512, result 0
[WARN] [1790607166.947137530] [uav9.mavros.sys]: FCU: UNK(8): EVENT 11047904 with args -0-0-0-0-0-128-0-0-0-176-122-127-128-176-122-127-128-0-0-0-0-0-0-0-0-0-0-0-0-0-0-0-0-0-0-0-0-0-0-0-
[INFO] [1790607166.948435231] [uav9.mavros.sys]: FCU: EVENT 377561 with args -8-0-0-0-20-0-0-0-0-0-0-0-0-0-0-0-0-0-0-0-0-0-0-0-0-0-0-0-0-0-0-0-0-0-0-0-0-0-0-0-
[WARN] [1790607166.953071547] [uav9.mavros.sys]: FCU: EVENT 453929 with args -255-255-255-255-7-0-0-0-0-0-0-0-0-0-0-0-0-0-0-0-0-0-0-0-0-0-0-0-0-0-0-0-0-0-0-0-0-0-0-0-
[INFO] [1790607166.953204029] [uav9.mavros.sys]: FCU: EVENT 6801787 with args -255-255-255-255-12-0-0-0-0-0-0-0-0-0-0-0-0-0-0-0-0-0-0-0-0-0-0-0-0-0-0-0-0-0-0-0-0-0-0-0-
[WARN] [1790607166.953253934] [uav9.mavros.sys]: FCU: UNK(8): EVENT 1914663 with args -0-10-13-2-56-0-0-0-0-0-0-0-0-0-0-0-0-0-0-0-0-0-0-0-0-0-0-0-0-0-0-0-0-0-0-0-0-0-0-0-
[WARN] [1790607173.388060311] [uav9.mavros.cmd]: CMD: Unexpected command 176, result 0
[INFO] [1790607174.183293421] [uav9.mavros.sys]: FCU: EVENT 9489139 with args -4-0-0-0-0-0-0-0-0-0-0-0-0-0-0-0-0-0-0-0-0-0-0-0-0-0-0-0-0-0-0-0-0-0-0-0-0-0-0-0-
[INFO] [1790607176.028671981] [uav9.mavros.sys]: FCU: EVENT 4277609 with args -0-0-0-0-0-0-0-0-0-0-0-0-0-0-0-0-0-0-0-0-0-0-0-0-0-0-0-0-0-0-0-0-0-0-0-0-0-0-0-0-
[WARN] [1790607424.184338025] [uav9.mavros.cmd]: CMD: Unexpected command 176, result 0
[INFO] [1790607457.844850088] [uav9.mavros.sys]: FCU: EVENT 9844908 with args -0-0-0-0-0-0-0-0-0-0-0-0-0-0-0-0-0-0-0-0-0-0-0-0-0-0-0-0-0-0-0-0-0-0-0-0-0-0-0-0-
[INFO] [1790607459.949691909] [uav9.mavros.sys]: FCU: EVENT 16017271 with args -6-0-0-0-0-0-0-0-0-0-0-0-0-0-0-0-0-0-0-0-0-0-0-0-0-0-0-0-0-0-0-0-0-0-0-0-0-0-0-0-
[INFO] [1790607462.528959966] [rclcpp]: signal_handler(SIGINT/SIGTERM)
[WARN] [1790607462.529692433] [uav9.mavros]: UAS Executor terminated
