[INFO] [1790607154.890320957] [uav7.mavros_node]: Starting mavros_node container
[INFO] [1790607154.890420071] [uav7.mavros_node]: FCU URL: udp://:14546@127.0.0.1:14586
[INFO] [1790607154.890426944] [uav7.mavros_node]: GCS URL: 
[INFO] [1790607154.890431686] [uav7.mavros_node]: UAS Prefix: /uas7
[INFO] [1790607154.890436924] [uav7.mavros_node]: Starting mavros router node
[INFO] [1790607154.922716392] [uav7.mavros_router]: Built-in SIMD instructions: SSE, SSE2
[INFO] [1790607154.922765950] [uav7.mavros_router]: Built-in MAVLink package version: 2026.8.8
[INFO] [1790607154.922774996] [uav7.mavros_router]: Known MAVLink dialects: common ardupilotmega ASLUAV AVSSUAS all csAirLink cubepilot development icarous loweheiser marsh paparazzi standard stemstudios storm32 uAvionix ualberta
[INFO] [1790607154.922782051] [uav7.mavros_router]: MAVROS Router started
[INFO] [1790607154.922913774] [uav7.mavros_node]: Starting mavros uas node
[INFO] [1790607155.061711910] [uav7.mavros_router]: Requested to add endpoint: type: 0, url: udp://:14546@127.0.0.1:14586
[INFO] [1790607155.061779820] [uav7.mavros_router]: Endpoint link[1000] created
[INFO] [1790607155.062031661] [uav7.mavros_router]: link[1000] opened successfully
[INFO] [1790607155.062042419] [uav7.mavros_router]: Requested to add endpoint: type: 2, url: /uas7
[INFO] [1790607155.062052857] [uav7.mavros_router]: Endpoint link[1001] created
[INFO] [1790607155.064860122] [uav7.mavros_router]: link[1000] detected remote address 7.1
[INFO] [1790607155.074794974] [uav7.mavros]: Plugin actuator_control ignored
[INFO] [1790607155.074853838] [uav7.mavros]: Plugin altitude ignored
[INFO] [1790607155.075204333] [uav7.mavros]: UAS Executor started, threads: 4
[INFO] [1790607155.130070482] [uav7.mavros_router]: link[1001] opened successfully
[INFO] [1790607155.282356897] [uav7.mavros]: Plugin command created
[INFO] [1790607155.284176605] [uav7.mavros]: Plugin command initialized
[INFO] [1790607155.284228507] [uav7.mavros]: Plugin ftp ignored
[INFO] [1790607155.284236373] [uav7.mavros]: Plugin geofence ignored
[INFO] [1790607155.546364370] [uav7.mavros]: Plugin global_position created
[INFO] [1790607155.548604622] [uav7.mavros]: Plugin global_position initialized
[INFO] [1790607155.549618484] [uav7.mavros]: Plugin home_position ignored
[INFO] [1790607155.549626648] [uav7.mavros]: Plugin imu ignored
[INFO] [1790607155.757683588] [uav7.mavros]: Plugin local_position created
[INFO] [1790607155.757729104] [uav7.mavros]: Plugin local_position initialized
[INFO] [1790607155.757739227] [uav7.mavros]: Plugin manual_control ignored
[INFO] [1790607155.757745116] [uav7.mavros]: Plugin nav_controller_output ignored
[INFO] [1790607155.757751067] [uav7.mavros]: Plugin param ignored
[INFO] [1790607155.757757387] [uav7.mavros]: Plugin rallypoint ignored
[INFO] [1790607155.757762851] [uav7.mavros]: Plugin rc_io ignored
[INFO] [1790607155.757768053] [uav7.mavros]: Plugin setpoint_accel ignored
[INFO] [1790607155.757773171] [uav7.mavros]: Plugin setpoint_attitude ignored
[INFO] [1790607155.757778644] [uav7.mavros]: Plugin setpoint_position ignored
[INFO] [1790607155.757784594] [uav7.mavros]: Plugin setpoint_raw ignored
[INFO] [1790607155.757789820] [uav7.mavros]: Plugin setpoint_trajectory ignored
[INFO] [1790607155.967225079] [uav7.mavros]: Plugin setpoint_velocity created
[INFO] [1790607155.969307294] [uav7.mavros]: Plugin setpoint_velocity initialized
[INFO] [1790607156.285839268] [uav7.mavros]: Plugin sys_status created
[INFO] [1790607156.287048827] [uav7.mavros]: Plugin sys_status initialized
[INFO] [1790607156.477246226] [uav7.mavros.time]: TM: Timesync mode: MAVLINK
[INFO] [1790607156.516100581] [uav7.mavros]: Plugin sys_time created
[INFO] [1790607156.536793032] [uav7.mavros]: Plugin sys_time initialized
[INFO] [1790607156.536816282] [uav7.mavros]: Plugin waypoint ignored
[INFO] [1790607156.536821603] [uav7.mavros]: Plugin wind_estimation ignored
[INFO] [1790607156.541637261] [uav7.mavros]: Built-in SIMD instructions: SSE, SSE2
[INFO] [1790607156.551932773] [uav7.mavros]: Built-in MAVLink package version: 2026.8.8
[INFO] [1790607156.551977332] [uav7.mavros]: Known MAVLink dialects: common ardupilotmega ASLUAV AVSSUAS all csAirLink cubepilot development icarous loweheiser marsh paparazzi standard stemstudios storm32 uAvionix ualberta
[INFO] [1790607156.551985517] [uav7.mavros]: MAVROS UAS via /uas7 started. MY ID 7.191, TARGET ID 7.1
[INFO] [1790607156.608441518] [uav7.mavros_router]: link[1001] detected remote address 7.191
[INFO] [1790607157.333521572] [uav7.mavros.sys]: VER: 7.1: Capabilities         0x000000000000e8ff
[INFO] [1790607157.333583552] [uav7.mavros.sys]: VER: 7.1: Flight software:     011200c0 (fca3df865a000000)
[INFO] [1790607157.333592239] [uav7.mavros.sys]: VER: 7.1: Middleware software: 011200c0 (fca3df865a000000)
[INFO] [1790607157.333597163] [uav7.mavros.sys]: VER: 7.1: OS software:         070000ff (17040b9f87cb1791)
[INFO] [1790607157.333602272] [uav7.mavros.sys]: VER: 7.1: Board hardware:      00000001
[INFO] [1790607157.333607308] [uav7.mavros.sys]: VER: 7.1: VID/PID:             0000:0000
[INFO] [1790607157.333612345] [uav7.mavros.sys]: VER: 7.1: UID:                 4954414c44494e55
[WARN] [1790607157.336499977] [uav7.mavros.cmd]: CMD: Unexpected command 512, result 0
[INFO] [1790607157.373728351] [uav7.mavros]: CON: Got HEARTBEAT, connected. FCU: PX4 Autopilot
[INFO] [1790607158.425922054] [uav7.mavros.sys]: VER: 7.1: Capabilities         0x000000000000e8ff
[INFO] [1790607158.425982259] [uav7.mavros.sys]: VER: 7.1: Flight software:     011200c0 (fca3df865a000000)
[INFO] [1790607158.425991245] [uav7.mavros.sys]: VER: 7.1: Middleware software: 011200c0 (fca3df865a000000)
[INFO] [1790607158.425996828] [uav7.mavros.sys]: VER: 7.1: OS software:         070000ff (17040b9f87cb1791)
[INFO] [1790607158.426001705] [uav7.mavros.sys]: VER: 7.1: Board hardware:      00000001
[INFO] [1790607158.426006818] [uav7.mavros.sys]: VER: 7.1: VID/PID:             0000:0000
[INFO] [1790607158.426012463] [uav7.mavros.sys]: VER: 7.1: UID:                 4954414c44494e55
[WARN] [1790607168.885331650] [uav7.mavros.sys]: FCU: UNK(8): EVENT 11047904 with args -0-0-0-0-0-128-0-0-0-176-122-127-128-176-122-127-128-0-0-0-0-0-0-0-0-0-0-0-0-0-0-0-0-0-0-0-0-0-0-0-
[INFO] [1790607168.885447249] [uav7.mavros.sys]: FCU: EVENT 377561 with args -8-0-0-0-20-0-0-0-0-0-0-0-0-0-0-0-0-0-0-0-0-0-0-0-0-0-0-0-0-0-0-0-0-0-0-0-0-0-0-0-
[WARN] [1790607168.885487344] [uav7.mavros.sys]: FCU: EVENT 453929 with args -255-255-255-255-7-0-0-0-0-0-0-0-0-0-0-0-0-0-0-0-0-0-0-0-0-0-0-0-0-0-0-0-0-0-0-0-0-0-0-0-
[INFO] [1790607168.885520835] [uav7.mavros.sys]: FCU: EVENT 6801787 with args -255-255-255-255-12-0-0-0-0-0-0-0-0-0-0-0-0-0-0-0-0-0-0-0-0-0-0-0-0-0-0-0-0-0-0-0-0-0-0-0-
[WARN] [1790607168.885554134] [uav7.mavros.sys]: FCU: UNK(8): EVENT 1914663 with args -0-10-13-2-56-0-0-0-0-0-0-0-0-0-0-0-0-0-0-0-0-0-0-0-0-0-0-0-0-0-0-0-0-0-0-0-0-0-0-0-
[WARN] [1790607173.366452467] [uav7.mavros.cmd]: CMD: Unexpected command 176, result 0
[INFO] [1790607174.161816928] [uav7.mavros.sys]: FCU: EVENT 9489139 with args -4-0-0-0-0-0-0-0-0-0-0-0-0-0-0-0-0-0-0-0-0-0-0-0-0-0-0-0-0-0-0-0-0-0-0-0-0-0-0-0-
[INFO] [1790607176.003258380] [uav7.mavros.sys]: FCU: EVENT 4277609 with args -0-0-0-0-0-0-0-0-0-0-0-0-0-0-0-0-0-0-0-0-0-0-0-0-0-0-0-0-0-0-0-0-0-0-0-0-0-0-0-0-
[WARN] [1790607424.161885873] [uav7.mavros.cmd]: CMD: Unexpected command 176, result 0
[INFO] [1790607455.781109904] [uav7.mavros.sys]: FCU: EVENT 9844908 with args -0-0-0-0-0-0-0-0-0-0-0-0-0-0-0-0-0-0-0-0-0-0-0-0-0-0-0-0-0-0-0-0-0-0-0-0-0-0-0-0-
[INFO] [1790607457.900970183] [uav7.mavros.sys]: FCU: EVENT 16017271 with args -6-0-0-0-0-0-0-0-0-0-0-0-0-0-0-0-0-0-0-0-0-0-0-0-0-0-0-0-0-0-0-0-0-0-0-0-0-0-0-0-
[WARN] [1790607462.027418377] [uav7.mavros.sys]: FCU: UNK(8): EVENT 11047904 with args -0-0-0-0-0-128-0-0-0-176-122-127-128-176-122-127-128-0-0-0-0-0-0-0-0-0-0-0-0-0-0-0-0-0-0-0-0-0-0-0-
[INFO] [1790607462.027542982] [uav7.mavros.sys]: FCU: EVENT 377561 with args -8-0-0-0-20-0-0-0-0-0-0-0-0-0-0-0-0-0-0-0-0-0-0-0-0-0-0-0-0-0-0-0-0-0-0-0-0-0-0-0-
[WARN] [1790607462.027621747] [uav7.mavros.sys]: FCU: EVENT 453929 with args -255-255-255-255-7-0-0-0-0-0-0-0-0-0-0-0-0-0-0-0-0-0-0-0-0-0-0-0-0-0-0-0-0-0-0-0-0-0-0-0-
[INFO] [1790607462.027675717] [uav7.mavros.sys]: FCU: EVENT 6801787 with args -255-255-255-255-12-0-0-0-0-0-0-0-0-0-0-0-0-0-0-0-0-0-0-0-0-0-0-0-0-0-0-0-0-0-0-0-0-0-0-0-
[WARN] [1790607462.027709778] [uav7.mavros.sys]: FCU: UNK(8): EVENT 1914663 with args -0-10-9-2-56-0-0-0-0-0-0-0-0-0-0-0-0-0-0-0-0-0-0-0-0-0-0-0-0-0-0-0-0-0-0-0-0-0-0-0-
[INFO] [1790607462.513317160] [rclcpp]: signal_handler(SIGINT/SIGTERM)
[WARN] [1790607462.514299209] [uav7.mavros]: UAS Executor terminated
