[INFO] [1790607155.029208251] [uav6.mavros_node]: Starting mavros_node container
[INFO] [1790607155.030597135] [uav6.mavros_node]: FCU URL: udp://:14545@127.0.0.1:14585
[INFO] [1790607155.030628393] [uav6.mavros_node]: GCS URL: 
[INFO] [1790607155.030633999] [uav6.mavros_node]: UAS Prefix: /uas6
[INFO] [1790607155.030638867] [uav6.mavros_node]: Starting mavros router node
[INFO] [1790607155.108597273] [uav6.mavros_router]: Built-in SIMD instructions: SSE, SSE2
[INFO] [1790607155.108635296] [uav6.mavros_router]: Built-in MAVLink package version: 2026.8.8
[INFO] [1790607155.108642959] [uav6.mavros_router]: Known MAVLink dialects: common ardupilotmega ASLUAV AVSSUAS all csAirLink cubepilot development icarous loweheiser marsh paparazzi standard stemstudios storm32 uAvionix ualberta
[INFO] [1790607155.108649397] [uav6.mavros_router]: MAVROS Router started
[INFO] [1790607155.108784508] [uav6.mavros_node]: Starting mavros uas node
[INFO] [1790607155.301942133] [uav6.mavros_router]: Requested to add endpoint: type: 0, url: udp://:14545@127.0.0.1:14585
[INFO] [1790607155.303262822] [uav6.mavros_router]: Endpoint link[1000] created
[INFO] [1790607155.304393489] [uav6.mavros_router]: link[1000] opened successfully
[INFO] [1790607155.304424485] [uav6.mavros_router]: Requested to add endpoint: type: 2, url: /uas6
[INFO] [1790607155.304439150] [uav6.mavros_router]: Endpoint link[1001] created
[INFO] [1790607155.306024149] [uav6.mavros_router]: link[1000] detected remote address 6.1
[INFO] [1790607155.313940912] [uav6.mavros]: Plugin actuator_control ignored
[INFO] [1790607155.313989095] [uav6.mavros]: Plugin altitude ignored
[INFO] [1790607155.316166062] [uav6.mavros]: UAS Executor started, threads: 4
[INFO] [1790607155.352004150] [uav6.mavros_router]: link[1001] opened successfully
[INFO] [1790607155.507133550] [uav6.mavros]: Plugin command created
[INFO] [1790607155.514537204] [uav6.mavros]: Plugin command initialized
[INFO] [1790607155.514554655] [uav6.mavros]: Plugin ftp ignored
[INFO] [1790607155.514560714] [uav6.mavros]: Plugin geofence ignored
[INFO] [1790607155.755793106] [uav6.mavros]: Plugin global_position created
[INFO] [1790607155.755850161] [uav6.mavros]: Plugin global_position initialized
[INFO] [1790607155.755860383] [uav6.mavros]: Plugin home_position ignored
[INFO] [1790607155.755865466] [uav6.mavros]: Plugin imu ignored
[INFO] [1790607156.110167910] [uav6.mavros]: Plugin local_position created
[INFO] [1790607156.110265743] [uav6.mavros]: Plugin local_position initialized
[INFO] [1790607156.110277856] [uav6.mavros]: Plugin manual_control ignored
[INFO] [1790607156.110284003] [uav6.mavros]: Plugin nav_controller_output ignored
[INFO] [1790607156.110290219] [uav6.mavros]: Plugin param ignored
[INFO] [1790607156.110295927] [uav6.mavros]: Plugin rallypoint ignored
[INFO] [1790607156.110301659] [uav6.mavros]: Plugin rc_io ignored
[INFO] [1790607156.110307441] [uav6.mavros]: Plugin setpoint_accel ignored
[INFO] [1790607156.110313324] [uav6.mavros]: Plugin setpoint_attitude ignored
[INFO] [1790607156.110318953] [uav6.mavros]: Plugin setpoint_position ignored
[INFO] [1790607156.110324595] [uav6.mavros]: Plugin setpoint_raw ignored
[INFO] [1790607156.110330018] [uav6.mavros]: Plugin setpoint_trajectory ignored
[INFO] [1790607156.281567167] [uav6.mavros]: Plugin setpoint_velocity created
[INFO] [1790607156.281622813] [uav6.mavros]: Plugin setpoint_velocity initialized
[INFO] [1790607156.529788186] [uav6.mavros]: Plugin sys_status created
[INFO] [1790607156.540212963] [uav6.mavros]: Plugin sys_status initialized
[INFO] [1790607156.684565748] [uav6.mavros.time]: TM: Timesync mode: MAVLINK
[INFO] [1790607156.702049963] [uav6.mavros]: Plugin sys_time created
[INFO] [1790607156.703378197] [uav6.mavros]: Plugin sys_time initialized
[INFO] [1790607156.703389342] [uav6.mavros]: Plugin waypoint ignored
[INFO] [1790607156.703394341] [uav6.mavros]: Plugin wind_estimation ignored
[INFO] [1790607156.717740888] [uav6.mavros]: Built-in SIMD instructions: SSE, SSE2
[INFO] [1790607156.717787236] [uav6.mavros]: Built-in MAVLink package version: 2026.8.8
[INFO] [1790607156.717823483] [uav6.mavros]: Known MAVLink dialects: common ardupilotmega ASLUAV AVSSUAS all csAirLink cubepilot development icarous loweheiser marsh paparazzi standard stemstudios storm32 uAvionix ualberta
[INFO] [1790607156.717830136] [uav6.mavros]: MAVROS UAS via /uas6 started. MY ID 6.191, TARGET ID 6.1
[INFO] [1790607156.756989546] [uav6.mavros_router]: link[1001] detected remote address 6.191
[INFO] [1790607157.576088784] [uav6.mavros.sys]: VER: 6.1: Capabilities         0x000000000000e8ff
[INFO] [1790607157.576142958] [uav6.mavros.sys]: VER: 6.1: Flight software:     011200c0 (fca3df865a000000)
[INFO] [1790607157.576149538] [uav6.mavros.sys]: VER: 6.1: Middleware software: 011200c0 (fca3df865a000000)
[INFO] [1790607157.576153883] [uav6.mavros.sys]: VER: 6.1: OS software:         070000ff (17040b9f87cb1791)
[INFO] [1790607157.576158353] [uav6.mavros.sys]: VER: 6.1: Board hardware:      00000001
[INFO] [1790607157.576162710] [uav6.mavros.sys]: VER: 6.1: VID/PID:             0000:0000
[INFO] [1790607157.576167137] [uav6.mavros.sys]: VER: 6.1: UID:                 4954414c44494e54
[WARN] [1790607157.576218971] [uav6.mavros.cmd]: CMD: Unexpected command 512, result 0
[INFO] [1790607157.603995574] [uav6.mavros]: CON: Got HEARTBEAT, connected. FCU: PX4 Autopilot
[INFO] [1790607158.631232021] [uav6.mavros.sys]: VER: 6.1: Capabilities         0x000000000000e8ff
[INFO] [1790607158.631285949] [uav6.mavros.sys]: VER: 6.1: Flight software:     011200c0 (fca3df865a000000)
[INFO] [1790607158.631293289] [uav6.mavros.sys]: VER: 6.1: Middleware software: 011200c0 (fca3df865a000000)
[INFO] [1790607158.631298772] [uav6.mavros.sys]: VER: 6.1: OS software:         070000ff (17040b9f87cb1791)
[INFO] [1790607158.631304021] [uav6.mavros.sys]: VER: 6.1: Board hardware:      00000001
[INFO] [1790607158.631309218] [uav6.mavros.sys]: VER: 6.1: VID/PID:             0000:0000
[INFO] [1790607158.631314537] [uav6.mavros.sys]: VER: 6.1: UID:                 4954414c44494e54
[WARN] [1790607164.911536488] [uav6.mavros.sys]: FCU: UNK(8): EVENT 11047904 with args -0-0-0-0-0-128-0-0-0-176-122-127-128-176-122-127-128-0-0-0-0-0-0-0-0-0-0-0-0-0-0-0-0-0-0-0-0-0-0-0-
[INFO] [1790607164.914519217] [uav6.mavros.sys]: FCU: EVENT 377561 with args -8-0-0-0-20-0-0-0-0-0-0-0-0-0-0-0-0-0-0-0-0-0-0-0-0-0-0-0-0-0-0-0-0-0-0-0-0-0-0-0-
[WARN] [1790607164.914595895] [uav6.mavros.sys]: FCU: EVENT 453929 with args -255-255-255-255-7-0-0-0-0-0-0-0-0-0-0-0-0-0-0-0-0-0-0-0-0-0-0-0-0-0-0-0-0-0-0-0-0-0-0-0-
[INFO] [1790607164.914640560] [uav6.mavros.sys]: FCU: EVENT 6801787 with args -255-255-255-255-12-0-0-0-0-0-0-0-0-0-0-0-0-0-0-0-0-0-0-0-0-0-0-0-0-0-0-0-0-0-0-0-0-0-0-0-
[WARN] [1790607164.914677817] [uav6.mavros.sys]: FCU: UNK(8): EVENT 1914663 with args -0-10-13-2-56-0-0-0-0-0-0-0-0-0-0-0-0-0-0-0-0-0-0-0-0-0-0-0-0-0-0-0-0-0-0-0-0-0-0-0-
[WARN] [1790607173.561363804] [uav6.mavros.cmd]: CMD: Unexpected command 176, result 0
[INFO] [1790607174.307836446] [uav6.mavros.sys]: FCU: EVENT 9489139 with args -4-0-0-0-0-0-0-0-0-0-0-0-0-0-0-0-0-0-0-0-0-0-0-0-0-0-0-0-0-0-0-0-0-0-0-0-0-0-0-0-
[INFO] [1790607176.258300854] [uav6.mavros.sys]: FCU: EVENT 4277609 with args -0-0-0-0-0-0-0-0-0-0-0-0-0-0-0-0-0-0-0-0-0-0-0-0-0-0-0-0-0-0-0-0-0-0-0-0-0-0-0-0-
[WARN] [1790607424.149872345] [uav6.mavros.cmd]: CMD: Unexpected command 176, result 0
[INFO] [1790607455.708761308] [uav6.mavros.sys]: FCU: EVENT 9844908 with args -0-0-0-0-0-0-0-0-0-0-0-0-0-0-0-0-0-0-0-0-0-0-0-0-0-0-0-0-0-0-0-0-0-0-0-0-0-0-0-0-
[INFO] [1790607457.826858163] [uav6.mavros.sys]: FCU: EVENT 16017271 with args -6-0-0-0-0-0-0-0-0-0-0-0-0-0-0-0-0-0-0-0-0-0-0-0-0-0-0-0-0-0-0-0-0-0-0-0-0-0-0-0-
[WARN] [1790607461.153211529] [uav6.mavros.sys]: FCU: UNK(8): EVENT 11047904 with args -0-0-0-0-0-128-0-0-0-176-122-127-128-176-122-127-128-0-0-0-0-0-0-0-0-0-0-0-0-0-0-0-0-0-0-0-0-0-0-0-
[INFO] [1790607461.153295406] [uav6.mavros.sys]: FCU: EVENT 377561 with args -8-0-0-0-20-0-0-0-0-0-0-0-0-0-0-0-0-0-0-0-0-0-0-0-0-0-0-0-0-0-0-0-0-0-0-0-0-0-0-0-
[WARN] [1790607461.153335508] [uav6.mavros.sys]: FCU: EVENT 453929 with args -255-255-255-255-7-0-0-0-0-0-0-0-0-0-0-0-0-0-0-0-0-0-0-0-0-0-0-0-0-0-0-0-0-0-0-0-0-0-0-0-
[INFO] [1790607461.153435769] [uav6.mavros.sys]: FCU: EVENT 6801787 with args -255-255-255-255-12-0-0-0-0-0-0-0-0-0-0-0-0-0-0-0-0-0-0-0-0-0-0-0-0-0-0-0-0-0-0-0-0-0-0-0-
[WARN] [1790607461.153454483] [uav6.mavros.sys]: FCU: UNK(8): EVENT 1914663 with args -0-10-9-2-56-0-0-0-0-0-0-0-0-0-0-0-0-0-0-0-0-0-0-0-0-0-0-0-0-0-0-0-0-0-0-0-0-0-0-0-
[INFO] [1790607462.515426429] [rclcpp]: signal_handler(SIGINT/SIGTERM)
[WARN] [1790607462.523419606] [uav6.mavros]: UAS Executor terminated
