[INFO] [1790410573.900501859] [uav10.mavros_node]: Starting mavros_node container
[INFO] [1790410573.900620533] [uav10.mavros_node]: FCU URL: udp://:14549@127.0.0.1:14589
[INFO] [1790410573.900631335] [uav10.mavros_node]: GCS URL: 
[INFO] [1790410573.900636660] [uav10.mavros_node]: UAS Prefix: /uas10
[INFO] [1790410573.900641688] [uav10.mavros_node]: Starting mavros router node
[INFO] [1790410573.968170143] [uav10.mavros_router]: Built-in SIMD instructions: SSE, SSE2
[INFO] [1790410573.968230795] [uav10.mavros_router]: Built-in MAVLink package version: 2026.8.8
[INFO] [1790410573.968242273] [uav10.mavros_router]: Known MAVLink dialects: common ardupilotmega ASLUAV AVSSUAS all csAirLink cubepilot development icarous loweheiser marsh paparazzi standard stemstudios storm32 uAvionix ualberta
[INFO] [1790410573.968252888] [uav10.mavros_router]: MAVROS Router started
[INFO] [1790410573.968418298] [uav10.mavros_node]: Starting mavros uas node
[INFO] [1790410574.315477605] [uav10.mavros_router]: Requested to add endpoint: type: 0, url: udp://:14549@127.0.0.1:14589
[INFO] [1790410574.315567264] [uav10.mavros_router]: Endpoint link[1000] created
[INFO] [1790410574.315821660] [uav10.mavros_router]: link[1000] opened successfully
[INFO] [1790410574.315843654] [uav10.mavros_router]: Requested to add endpoint: type: 2, url: /uas10
[INFO] [1790410574.315859137] [uav10.mavros_router]: Endpoint link[1001] created
[INFO] [1790410574.320394435] [uav10.mavros_router]: link[1000] detected remote address 10.1
[INFO] [1790410574.321215097] [uav10.mavros]: Plugin actuator_control ignored
[INFO] [1790410574.322203715] [uav10.mavros]: Plugin altitude ignored
[INFO] [1790410574.321292444] [uav10.mavros]: UAS Executor started, threads: 4
[INFO] [1790410574.365568596] [uav10.mavros_router]: link[1001] opened successfully
[INFO] [1790410574.506584653] [uav10.mavros]: Plugin command created
[INFO] [1790410574.508676269] [uav10.mavros]: Plugin command initialized
[INFO] [1790410574.508717111] [uav10.mavros]: Plugin ftp ignored
[INFO] [1790410574.508725229] [uav10.mavros]: Plugin geofence ignored
[INFO] [1790410574.760641357] [uav10.mavros]: Plugin global_position created
[INFO] [1790410574.760715450] [uav10.mavros]: Plugin global_position initialized
[INFO] [1790410574.760726602] [uav10.mavros]: Plugin home_position ignored
[INFO] [1790410574.760736077] [uav10.mavros]: Plugin imu ignored
[INFO] [1790410574.980921703] [uav10.mavros]: Plugin local_position created
[INFO] [1790410574.980992315] [uav10.mavros]: Plugin local_position initialized
[INFO] [1790410574.981003406] [uav10.mavros]: Plugin manual_control ignored
[INFO] [1790410574.981009483] [uav10.mavros]: Plugin nav_controller_output ignored
[INFO] [1790410574.981015572] [uav10.mavros]: Plugin param ignored
[INFO] [1790410574.981021501] [uav10.mavros]: Plugin rallypoint ignored
[INFO] [1790410574.981026664] [uav10.mavros]: Plugin rc_io ignored
[INFO] [1790410574.981031747] [uav10.mavros]: Plugin setpoint_accel ignored
[INFO] [1790410574.981037235] [uav10.mavros]: Plugin setpoint_attitude ignored
[INFO] [1790410574.981042832] [uav10.mavros]: Plugin setpoint_position ignored
[INFO] [1790410574.981048623] [uav10.mavros]: Plugin setpoint_raw ignored
[INFO] [1790410574.981054148] [uav10.mavros]: Plugin setpoint_trajectory ignored
[INFO] [1790410575.240719138] [uav10.mavros]: Plugin setpoint_velocity created
[INFO] [1790410575.240790589] [uav10.mavros]: Plugin setpoint_velocity initialized
[INFO] [1790410575.534265587] [uav10.mavros]: Plugin sys_status created
[INFO] [1790410575.534345191] [uav10.mavros]: Plugin sys_status initialized
[INFO] [1790410575.737689125] [uav10.mavros.time]: TM: Timesync mode: MAVLINK
[INFO] [1790410575.776385152] [uav10.mavros]: Plugin sys_time created
[INFO] [1790410575.776447685] [uav10.mavros]: Plugin sys_time initialized
[INFO] [1790410575.776458753] [uav10.mavros]: Plugin waypoint ignored
[INFO] [1790410575.776468104] [uav10.mavros]: Plugin wind_estimation ignored
[INFO] [1790410575.789886806] [uav10.mavros]: Built-in SIMD instructions: SSE, SSE2
[INFO] [1790410575.789940957] [uav10.mavros]: Built-in MAVLink package version: 2026.8.8
[INFO] [1790410575.789975336] [uav10.mavros]: Known MAVLink dialects: common ardupilotmega ASLUAV AVSSUAS all csAirLink cubepilot development icarous loweheiser marsh paparazzi standard stemstudios storm32 uAvionix ualberta
[INFO] [1790410575.789983011] [uav10.mavros]: MAVROS UAS via /uas10 started. MY ID 10.191, TARGET ID 10.1
[INFO] [1790410575.890855066] [uav10.mavros_router]: link[1001] detected remote address 10.191
[INFO] [1790410576.110554202] [uav10.mavros]: CON: Got HEARTBEAT, connected. FCU: PX4 Autopilot
[INFO] [1790410577.171082886] [uav10.mavros.sys]: VER: 10.1: Capabilities         0x000000000000e8ff
[INFO] [1790410577.171141956] [uav10.mavros.sys]: VER: 10.1: Flight software:     011200c0 (fca3df865a000000)
[INFO] [1790410577.171151923] [uav10.mavros.sys]: VER: 10.1: Middleware software: 011200c0 (fca3df865a000000)
[INFO] [1790410577.171157623] [uav10.mavros.sys]: VER: 10.1: OS software:         070000ff (17040b9f87cb1791)
[INFO] [1790410577.171163249] [uav10.mavros.sys]: VER: 10.1: Board hardware:      00000001
[INFO] [1790410577.171168685] [uav10.mavros.sys]: VER: 10.1: VID/PID:             0000:0000
[INFO] [1790410577.171174059] [uav10.mavros.sys]: VER: 10.1: UID:                 4954414c44494e58
[WARN] [1790410577.171230210] [uav10.mavros.cmd]: CMD: Unexpected command 512, result 0
[WARN] [1790410577.367427108] [uav10.mavros.sys]: FCU: UNK(8): EVENT 11047904 with args -0-0-0-16-0-128-0-0-0-176-58-127-128-176-58-127-128-0-0-0-0-0-0-0-0-0-0-0-0-0-0-0-0-0-0-0-0-0-0-0-
[ERROR] [1790410577.367531686] [uav10.mavros.sys]: FCU: EVENT 11464574 with args -0-64-0-0-20-0-0-0-0-0-0-0-0-0-0-0-0-0-0-0-0-0-0-0-0-0-0-0-0-0-0-0-0-0-0-0-0-0-0-0-
[INFO] [1790410577.367585621] [uav10.mavros.sys]: FCU: EVENT 377561 with args -8-0-0-0-20-0-0-0-0-0-0-0-0-0-0-0-0-0-0-0-0-0-0-0-0-0-0-0-0-0-0-0-0-0-0-0-0-0-0-0-
[WARN] [1790410577.367620623] [uav10.mavros.sys]: FCU: EVENT 453929 with args -255-255-255-255-7-0-0-0-0-0-0-0-0-0-0-0-0-0-0-0-0-0-0-0-0-0-0-0-0-0-0-0-0-0-0-0-0-0-0-0-
[INFO] [1790410577.367655640] [uav10.mavros.sys]: FCU: EVENT 6801787 with args -255-255-255-255-12-0-0-0-0-0-0-0-0-0-0-0-0-0-0-0-0-0-0-0-0-0-0-0-0-0-0-0-0-0-0-0-0-0-0-0-
[WARN] [1790410577.367690256] [uav10.mavros.sys]: FCU: UNK(8): EVENT 1914663 with args -0-10-13-2-56-0-0-0-0-0-0-0-0-0-0-0-0-0-0-0-0-0-0-0-0-0-0-0-0-0-0-0-0-0-0-0-0-0-0-0-
[WARN] [1790410585.751020838] [uav10.mavros.sys]: FCU: UNK(8): EVENT 11047904 with args -0-0-0-0-0-128-0-0-0-176-122-127-128-176-122-127-128-0-0-0-0-0-0-0-0-0-0-0-0-0-0-0-0-0-0-0-0-0-0-0-
[INFO] [1790410585.751129860] [uav10.mavros.sys]: FCU: EVENT 377561 with args -8-0-0-0-20-0-0-0-0-0-0-0-0-0-0-0-0-0-0-0-0-0-0-0-0-0-0-0-0-0-0-0-0-0-0-0-0-0-0-0-
[WARN] [1790410585.751194934] [uav10.mavros.sys]: FCU: EVENT 453929 with args -255-255-255-255-7-0-0-0-0-0-0-0-0-0-0-0-0-0-0-0-0-0-0-0-0-0-0-0-0-0-0-0-0-0-0-0-0-0-0-0-
[INFO] [1790410585.751671735] [uav10.mavros.sys]: FCU: EVENT 6801787 with args -255-255-255-255-12-0-0-0-0-0-0-0-0-0-0-0-0-0-0-0-0-0-0-0-0-0-0-0-0-0-0-0-0-0-0-0-0-0-0-0-
[WARN] [1790410585.753760255] [uav10.mavros.sys]: FCU: UNK(8): EVENT 1914663 with args -0-10-13-2-56-0-0-0-0-0-0-0-0-0-0-0-0-0-0-0-0-0-0-0-0-0-0-0-0-0-0-0-0-0-0-0-0-0-0-0-
[WARN] [1790410589.449169120] [uav10.mavros.cmd]: CMD: Unexpected command 176, result 0
[INFO] [1790410589.778479911] [uav10.mavros.sys]: FCU: EVENT 9489139 with args -4-0-0-0-0-0-0-0-0-0-0-0-0-0-0-0-0-0-0-0-0-0-0-0-0-0-0-0-0-0-0-0-0-0-0-0-0-0-0-0-
[INFO] [1790410591.567671621] [uav10.mavros.sys]: FCU: EVENT 4277609 with args -0-0-0-0-0-0-0-0-0-0-0-0-0-0-0-0-0-0-0-0-0-0-0-0-0-0-0-0-0-0-0-0-0-0-0-0-0-0-0-0-
[WARN] [1790410840.729559071] [uav10.mavros.cmd]: CMD: Unexpected command 176, result 0
[INFO] [1790410873.525600271] [uav10.mavros.sys]: FCU: EVENT 9844908 with args -0-0-0-0-0-0-0-0-0-0-0-0-0-0-0-0-0-0-0-0-0-0-0-0-0-0-0-0-0-0-0-0-0-0-0-0-0-0-0-0-
[INFO] [1790410875.632938008] [uav10.mavros.sys]: FCU: EVENT 16017271 with args -6-0-0-0-0-0-0-0-0-0-0-0-0-0-0-0-0-0-0-0-0-0-0-0-0-0-0-0-0-0-0-0-0-0-0-0-0-0-0-0-
[WARN] [1790410879.725654759] [uav10.mavros.sys]: FCU: UNK(8): EVENT 11047904 with args -0-0-0-0-0-128-0-0-0-176-122-127-128-176-122-127-128-0-0-0-0-0-0-0-0-0-0-0-0-0-0-0-0-0-0-0-0-0-0-0-
[INFO] [1790410879.725787571] [uav10.mavros.sys]: FCU: EVENT 377561 with args -8-0-0-0-20-0-0-0-0-0-0-0-0-0-0-0-0-0-0-0-0-0-0-0-0-0-0-0-0-0-0-0-0-0-0-0-0-0-0-0-
[WARN] [1790410879.725858662] [uav10.mavros.sys]: FCU: EVENT 453929 with args -255-255-255-255-7-0-0-0-0-0-0-0-0-0-0-0-0-0-0-0-0-0-0-0-0-0-0-0-0-0-0-0-0-0-0-0-0-0-0-0-
[INFO] [1790410879.726439215] [uav10.mavros.sys]: FCU: EVENT 6801787 with args -255-255-255-255-12-0-0-0-0-0-0-0-0-0-0-0-0-0-0-0-0-0-0-0-0-0-0-0-0-0-0-0-0-0-0-0-0-0-0-0-
[WARN] [1790410879.726489128] [uav10.mavros.sys]: FCU: UNK(8): EVENT 1914663 with args -0-10-9-2-56-0-0-0-0-0-0-0-0-0-0-0-0-0-0-0-0-0-0-0-0-0-0-0-0-0-0-0-0-0-0-0-0-0-0-0-
[INFO] [1790411179.761701053] [rclcpp]: signal_handler(SIGINT/SIGTERM)
[WARN] [1790411179.762995456] [uav10.mavros]: UAS Executor terminated
