[INFO] [1790410573.792188157] [uav1.mavros_node]: Starting mavros_node container
[INFO] [1790410573.793673074] [uav1.mavros_node]: FCU URL: udp://:14540@127.0.0.1:14580
[INFO] [1790410573.793691516] [uav1.mavros_node]: GCS URL: 
[INFO] [1790410573.793696974] [uav1.mavros_node]: UAS Prefix: /uas1
[INFO] [1790410573.793702641] [uav1.mavros_node]: Starting mavros router node
[INFO] [1790410573.940513436] [uav1.mavros_router]: Built-in SIMD instructions: SSE, SSE2
[INFO] [1790410573.940571840] [uav1.mavros_router]: Built-in MAVLink package version: 2026.8.8
[INFO] [1790410573.940586470] [uav1.mavros_router]: Known MAVLink dialects: common ardupilotmega ASLUAV AVSSUAS all csAirLink cubepilot development icarous loweheiser marsh paparazzi standard stemstudios storm32 uAvionix ualberta
[INFO] [1790410573.940596244] [uav1.mavros_router]: MAVROS Router started
[INFO] [1790410573.940758443] [uav1.mavros_node]: Starting mavros uas node
[INFO] [1790410574.466165918] [uav1.mavros_router]: Requested to add endpoint: type: 0, url: udp://:14540@127.0.0.1:14580
[INFO] [1790410574.467286130] [uav1.mavros_router]: Endpoint link[1000] created
[INFO] [1790410574.469043556] [uav1.mavros_router]: link[1000] opened successfully
[INFO] [1790410574.469507412] [uav1.mavros_router]: Requested to add endpoint: type: 2, url: /uas1
[INFO] [1790410574.469561039] [uav1.mavros_router]: Endpoint link[1001] created
[INFO] [1790410574.474409764] [uav1.mavros_router]: link[1000] detected remote address 1.1
[INFO] [1790410574.484838658] [uav1.mavros]: Plugin actuator_control ignored
[INFO] [1790410574.484896128] [uav1.mavros]: Plugin altitude ignored
[INFO] [1790410574.486250743] [uav1.mavros]: UAS Executor started, threads: 4
[INFO] [1790410574.539479193] [uav1.mavros_router]: link[1001] opened successfully
[INFO] [1790410574.673698627] [uav1.mavros]: Plugin command created
[INFO] [1790410574.673907608] [uav1.mavros]: Plugin command initialized
[INFO] [1790410574.673924576] [uav1.mavros]: Plugin ftp ignored
[INFO] [1790410574.673931753] [uav1.mavros]: Plugin geofence ignored
[INFO] [1790410574.908449048] [uav1.mavros]: Plugin global_position created
[INFO] [1790410574.908637744] [uav1.mavros]: Plugin global_position initialized
[INFO] [1790410574.908661451] [uav1.mavros]: Plugin home_position ignored
[INFO] [1790410574.908670491] [uav1.mavros]: Plugin imu ignored
[INFO] [1790410575.144522664] [uav1.mavros]: Plugin local_position created
[INFO] [1790410575.144583490] [uav1.mavros]: Plugin local_position initialized
[INFO] [1790410575.144595886] [uav1.mavros]: Plugin manual_control ignored
[INFO] [1790410575.144605935] [uav1.mavros]: Plugin nav_controller_output ignored
[INFO] [1790410575.144612584] [uav1.mavros]: Plugin param ignored
[INFO] [1790410575.144622111] [uav1.mavros]: Plugin rallypoint ignored
[INFO] [1790410575.144628107] [uav1.mavros]: Plugin rc_io ignored
[INFO] [1790410575.144636089] [uav1.mavros]: Plugin setpoint_accel ignored
[INFO] [1790410575.144644634] [uav1.mavros]: Plugin setpoint_attitude ignored
[INFO] [1790410575.144653653] [uav1.mavros]: Plugin setpoint_position ignored
[INFO] [1790410575.144663330] [uav1.mavros]: Plugin setpoint_raw ignored
[INFO] [1790410575.144669342] [uav1.mavros]: Plugin setpoint_trajectory ignored
[INFO] [1790410575.387553710] [uav1.mavros]: Plugin setpoint_velocity created
[INFO] [1790410575.387615279] [uav1.mavros]: Plugin setpoint_velocity initialized
[INFO] [1790410575.534900839] [uav1.mavros]: Plugin sys_status created
[INFO] [1790410575.534963272] [uav1.mavros]: Plugin sys_status initialized
[INFO] [1790410575.650677530] [uav1.mavros.time]: TM: Timesync mode: MAVLINK
[INFO] [1790410575.677333639] [uav1.mavros]: Plugin sys_time created
[INFO] [1790410575.678373892] [uav1.mavros]: Plugin sys_time initialized
[INFO] [1790410575.678427321] [uav1.mavros]: Plugin waypoint ignored
[INFO] [1790410575.678438696] [uav1.mavros]: Plugin wind_estimation ignored
[INFO] [1790410575.691503400] [uav1.mavros]: Built-in SIMD instructions: SSE, SSE2
[INFO] [1790410575.691553772] [uav1.mavros]: Built-in MAVLink package version: 2026.8.8
[INFO] [1790410575.691586758] [uav1.mavros]: Known MAVLink dialects: common ardupilotmega ASLUAV AVSSUAS all csAirLink cubepilot development icarous loweheiser marsh paparazzi standard stemstudios storm32 uAvionix ualberta
[INFO] [1790410575.691594230] [uav1.mavros]: MAVROS UAS via /uas1 started. MY ID 1.191, TARGET ID 1.1
[INFO] [1790410575.726983608] [uav1.mavros_router]: link[1001] detected remote address 1.191
[INFO] [1790410576.275510252] [uav1.mavros]: CON: Got HEARTBEAT, connected. FCU: PX4 Autopilot
[INFO] [1790410577.343802051] [uav1.mavros.sys]: VER: 1.1: Capabilities         0x000000000000e8ff
[INFO] [1790410577.343871850] [uav1.mavros.sys]: VER: 1.1: Flight software:     011200c0 (fca3df865a000000)
[INFO] [1790410577.343881123] [uav1.mavros.sys]: VER: 1.1: Middleware software: 011200c0 (fca3df865a000000)
[INFO] [1790410577.343886646] [uav1.mavros.sys]: VER: 1.1: OS software:         070000ff (17040b9f87cb1791)
[INFO] [1790410577.343892012] [uav1.mavros.sys]: VER: 1.1: Board hardware:      00000001
[INFO] [1790410577.343897549] [uav1.mavros.sys]: VER: 1.1: VID/PID:             0000:0000
[INFO] [1790410577.343903476] [uav1.mavros.sys]: VER: 1.1: UID:                 4954414c44494e4f
[WARN] [1790410577.349477231] [uav1.mavros.cmd]: CMD: Unexpected command 512, result 0
[WARN] [1790410586.218859307] [uav1.mavros.sys]: FCU: UNK(8): EVENT 11047904 with args -0-0-0-0-0-128-0-0-0-176-122-127-128-176-122-127-128-0-0-0-0-0-0-0-0-0-0-0-0-0-0-0-0-0-0-0-0-0-0-0-
[INFO] [1790410586.218969583] [uav1.mavros.sys]: FCU: EVENT 377561 with args -8-0-0-0-20-0-0-0-0-0-0-0-0-0-0-0-0-0-0-0-0-0-0-0-0-0-0-0-0-0-0-0-0-0-0-0-0-0-0-0-
[WARN] [1790410586.219026919] [uav1.mavros.sys]: FCU: EVENT 453929 with args -255-255-255-255-7-0-0-0-0-0-0-0-0-0-0-0-0-0-0-0-0-0-0-0-0-0-0-0-0-0-0-0-0-0-0-0-0-0-0-0-
[INFO] [1790410586.219063088] [uav1.mavros.sys]: FCU: EVENT 6801787 with args -255-255-255-255-12-0-0-0-0-0-0-0-0-0-0-0-0-0-0-0-0-0-0-0-0-0-0-0-0-0-0-0-0-0-0-0-0-0-0-0-
[WARN] [1790410586.219096853] [uav1.mavros.sys]: FCU: UNK(8): EVENT 1914663 with args -0-10-13-2-56-0-0-0-0-0-0-0-0-0-0-0-0-0-0-0-0-0-0-0-0-0-0-0-0-0-0-0-0-0-0-0-0-0-0-0-
[WARN] [1790410589.412276375] [uav1.mavros.cmd]: CMD: Unexpected command 176, result 0
[INFO] [1790410589.681824032] [uav1.mavros.sys]: FCU: EVENT 9489139 with args -4-0-0-0-0-0-0-0-0-0-0-0-0-0-0-0-0-0-0-0-0-0-0-0-0-0-0-0-0-0-0-0-0-0-0-0-0-0-0-0-
[INFO] [1790410591.605667986] [uav1.mavros.sys]: FCU: EVENT 4277609 with args -0-0-0-0-0-0-0-0-0-0-0-0-0-0-0-0-0-0-0-0-0-0-0-0-0-0-0-0-0-0-0-0-0-0-0-0-0-0-0-0-
[WARN] [1790410840.628324318] [uav1.mavros.cmd]: CMD: Unexpected command 176, result 0
[INFO] [1790410872.091244423] [uav1.mavros.sys]: FCU: EVENT 9844908 with args -0-0-0-0-0-0-0-0-0-0-0-0-0-0-0-0-0-0-0-0-0-0-0-0-0-0-0-0-0-0-0-0-0-0-0-0-0-0-0-0-
[INFO] [1790410874.194882831] [uav1.mavros.sys]: FCU: EVENT 16017271 with args -6-0-0-0-0-0-0-0-0-0-0-0-0-0-0-0-0-0-0-0-0-0-0-0-0-0-0-0-0-0-0-0-0-0-0-0-0-0-0-0-
[WARN] [1790410878.284806375] [uav1.mavros.sys]: FCU: UNK(8): EVENT 11047904 with args -0-0-0-0-0-128-0-0-0-176-122-127-128-176-122-127-128-0-0-0-0-0-0-0-0-0-0-0-0-0-0-0-0-0-0-0-0-0-0-0-
[INFO] [1790410878.284905360] [uav1.mavros.sys]: FCU: EVENT 377561 with args -8-0-0-0-20-0-0-0-0-0-0-0-0-0-0-0-0-0-0-0-0-0-0-0-0-0-0-0-0-0-0-0-0-0-0-0-0-0-0-0-
[WARN] [1790410878.285014261] [uav1.mavros.sys]: FCU: EVENT 453929 with args -255-255-255-255-7-0-0-0-0-0-0-0-0-0-0-0-0-0-0-0-0-0-0-0-0-0-0-0-0-0-0-0-0-0-0-0-0-0-0-0-
[INFO] [1790410878.285093569] [uav1.mavros.sys]: FCU: EVENT 6801787 with args -255-255-255-255-12-0-0-0-0-0-0-0-0-0-0-0-0-0-0-0-0-0-0-0-0-0-0-0-0-0-0-0-0-0-0-0-0-0-0-0-
[WARN] [1790410878.285195496] [uav1.mavros.sys]: FCU: UNK(8): EVENT 1914663 with args -0-10-9-2-56-0-0-0-0-0-0-0-0-0-0-0-0-0-0-0-0-0-0-0-0-0-0-0-0-0-0-0-0-0-0-0-0-0-0-0-
[INFO] [1790411179.764638897] [rclcpp]: signal_handler(SIGINT/SIGTERM)
[WARN] [1790411179.767011785] [uav1.mavros]: UAS Executor terminated
