[INFO] [1790607807.141897496] [uav2.mavros_node]: Starting mavros_node container
[INFO] [1790607807.141993444] [uav2.mavros_node]: FCU URL: udp://:14541@127.0.0.1:14581
[INFO] [1790607807.142001772] [uav2.mavros_node]: GCS URL: 
[INFO] [1790607807.142006800] [uav2.mavros_node]: UAS Prefix: /uas2
[INFO] [1790607807.142011596] [uav2.mavros_node]: Starting mavros router node
[INFO] [1790607807.201075424] [uav2.mavros_router]: Built-in SIMD instructions: SSE, SSE2
[INFO] [1790607807.204242951] [uav2.mavros_router]: Built-in MAVLink package version: 2026.8.8
[INFO] [1790607807.204263235] [uav2.mavros_router]: Known MAVLink dialects: common ardupilotmega ASLUAV AVSSUAS all csAirLink cubepilot development icarous loweheiser marsh paparazzi standard stemstudios storm32 uAvionix ualberta
[INFO] [1790607807.204273375] [uav2.mavros_router]: MAVROS Router started
[INFO] [1790607807.204732442] [uav2.mavros_node]: Starting mavros uas node
[INFO] [1790607807.411713231] [uav2.mavros_router]: Requested to add endpoint: type: 0, url: udp://:14541@127.0.0.1:14581
[INFO] [1790607807.411760040] [uav2.mavros_router]: Endpoint link[1000] created
[INFO] [1790607807.412007523] [uav2.mavros_router]: link[1000] opened successfully
[INFO] [1790607807.412029259] [uav2.mavros_router]: Requested to add endpoint: type: 2, url: /uas2
[INFO] [1790607807.412043736] [uav2.mavros_router]: Endpoint link[1001] created
[INFO] [1790607807.419040495] [uav2.mavros_router]: link[1000] detected remote address 2.1
[INFO] [1790607807.435000826] [uav2.mavros]: UAS Executor started, threads: 4
[INFO] [1790607807.435207239] [uav2.mavros]: Plugin actuator_control ignored
[INFO] [1790607807.436356167] [uav2.mavros]: Plugin altitude ignored
[INFO] [1790607807.503052254] [uav2.mavros_router]: link[1001] opened successfully
[INFO] [1790607807.612817777] [uav2.mavros]: Plugin command created
[INFO] [1790607807.641326465] [uav2.mavros]: Plugin command initialized
[INFO] [1790607807.641343801] [uav2.mavros]: Plugin ftp ignored
[INFO] [1790607807.641348779] [uav2.mavros]: Plugin geofence ignored
[INFO] [1790607807.787774702] [uav2.mavros]: Plugin global_position created
[INFO] [1790607807.788536265] [uav2.mavros]: Plugin global_position initialized
[INFO] [1790607807.788550223] [uav2.mavros]: Plugin home_position ignored
[INFO] [1790607807.788555779] [uav2.mavros]: Plugin imu ignored
[INFO] [1790607807.962554184] [uav2.mavros]: Plugin local_position created
[INFO] [1790607807.962618046] [uav2.mavros]: Plugin local_position initialized
[INFO] [1790607807.962629079] [uav2.mavros]: Plugin manual_control ignored
[INFO] [1790607807.962634116] [uav2.mavros]: Plugin nav_controller_output ignored
[INFO] [1790607807.962638985] [uav2.mavros]: Plugin param ignored
[INFO] [1790607807.962643649] [uav2.mavros]: Plugin rallypoint ignored
[INFO] [1790607807.962648475] [uav2.mavros]: Plugin rc_io ignored
[INFO] [1790607807.962653540] [uav2.mavros]: Plugin setpoint_accel ignored
[INFO] [1790607807.962658597] [uav2.mavros]: Plugin setpoint_attitude ignored
[INFO] [1790607807.962663731] [uav2.mavros]: Plugin setpoint_position ignored
[INFO] [1790607807.962668622] [uav2.mavros]: Plugin setpoint_raw ignored
[INFO] [1790607807.962673862] [uav2.mavros]: Plugin setpoint_trajectory ignored
[INFO] [1790607808.185679100] [uav2.mavros]: Plugin setpoint_velocity created
[INFO] [1790607808.333101307] [uav2.mavros]: Plugin setpoint_velocity initialized
[INFO] [1790607808.728900468] [uav2.mavros]: Plugin sys_status created
[INFO] [1790607808.728990937] [uav2.mavros]: Plugin sys_status initialized
[INFO] [1790607808.861193873] [uav2.mavros.time]: TM: Timesync mode: MAVLINK
[INFO] [1790607808.900944501] [uav2.mavros]: Plugin sys_time created
[INFO] [1790607808.901007027] [uav2.mavros]: Plugin sys_time initialized
[INFO] [1790607808.901016109] [uav2.mavros]: Plugin waypoint ignored
[INFO] [1790607808.901021537] [uav2.mavros]: Plugin wind_estimation ignored
[INFO] [1790607808.905587502] [uav2.mavros]: Built-in SIMD instructions: SSE, SSE2
[INFO] [1790607809.132356173] [uav2.mavros]: Built-in MAVLink package version: 2026.8.8
[INFO] [1790607809.132390184] [uav2.mavros]: Known MAVLink dialects: common ardupilotmega ASLUAV AVSSUAS all csAirLink cubepilot development icarous loweheiser marsh paparazzi standard stemstudios storm32 uAvionix ualberta
[INFO] [1790607809.132397965] [uav2.mavros]: MAVROS UAS via /uas2 started. MY ID 2.191, TARGET ID 2.1
[INFO] [1790607809.144750581] [uav2.mavros_router]: link[1001] detected remote address 2.191
[INFO] [1790607809.720468821] [uav2.mavros]: CON: Got HEARTBEAT, connected. FCU: PX4 Autopilot
[INFO] [1790607810.763389149] [uav2.mavros.sys]: VER: 2.1: Capabilities         0x000000000000e8ff
[INFO] [1790607810.828678160] [uav2.mavros.sys]: VER: 2.1: Flight software:     011200c0 (fca3df865a000000)
[INFO] [1790607810.828688482] [uav2.mavros.sys]: VER: 2.1: Middleware software: 011200c0 (fca3df865a000000)
[INFO] [1790607810.828693947] [uav2.mavros.sys]: VER: 2.1: OS software:         070000ff (17040b9f87cb1791)
[INFO] [1790607810.828699002] [uav2.mavros.sys]: VER: 2.1: Board hardware:      00000001
[INFO] [1790607810.828703680] [uav2.mavros.sys]: VER: 2.1: VID/PID:             0000:0000
[INFO] [1790607810.828708779] [uav2.mavros.sys]: VER: 2.1: UID:                 4954414c44494e50
[WARN] [1790607810.829090043] [uav2.mavros.cmd]: CMD: Unexpected command 512, result 0
[WARN] [1790607821.125018816] [uav2.mavros.sys]: FCU: UNK(8): EVENT 11047904 with args -0-0-0-0-0-128-0-0-0-176-122-127-128-176-122-127-128-0-0-0-0-0-0-0-0-0-0-0-0-0-0-0-0-0-0-0-0-0-0-0-
[INFO] [1790607821.129582207] [uav2.mavros.sys]: FCU: EVENT 377561 with args -8-0-0-0-20-0-0-0-0-0-0-0-0-0-0-0-0-0-0-0-0-0-0-0-0-0-0-0-0-0-0-0-0-0-0-0-0-0-0-0-
[WARN] [1790607821.129669061] [uav2.mavros.sys]: FCU: EVENT 453929 with args -255-255-255-255-7-0-0-0-0-0-0-0-0-0-0-0-0-0-0-0-0-0-0-0-0-0-0-0-0-0-0-0-0-0-0-0-0-0-0-0-
[INFO] [1790607821.129715845] [uav2.mavros.sys]: FCU: EVENT 6801787 with args -255-255-255-255-12-0-0-0-0-0-0-0-0-0-0-0-0-0-0-0-0-0-0-0-0-0-0-0-0-0-0-0-0-0-0-0-0-0-0-0-
[WARN] [1790607821.129752643] [uav2.mavros.sys]: FCU: UNK(8): EVENT 1914663 with args -0-10-13-2-56-0-0-0-0-0-0-0-0-0-0-0-0-0-0-0-0-0-0-0-0-0-0-0-0-0-0-0-0-0-0-0-0-0-0-0-
[WARN] [1790607824.524512997] [uav2.mavros.cmd]: CMD: Unexpected command 176, result 0
[INFO] [1790607825.235790023] [uav2.mavros.sys]: FCU: EVENT 9489139 with args -4-0-0-0-0-0-0-0-0-0-0-0-0-0-0-0-0-0-0-0-0-0-0-0-0-0-0-0-0-0-0-0-0-0-0-0-0-0-0-0-
[INFO] [1790607827.408595430] [uav2.mavros.sys]: FCU: EVENT 4277609 with args -0-0-0-0-0-0-0-0-0-0-0-0-0-0-0-0-0-0-0-0-0-0-0-0-0-0-0-0-0-0-0-0-0-0-0-0-0-0-0-0-
[WARN] [1790608076.829507907] [uav2.mavros.cmd]: CMD: Unexpected command 176, result 0
[INFO] [1790608109.502836072] [uav2.mavros.sys]: FCU: EVENT 9844908 with args -0-0-0-0-0-0-0-0-0-0-0-0-0-0-0-0-0-0-0-0-0-0-0-0-0-0-0-0-0-0-0-0-0-0-0-0-0-0-0-0-
[INFO] [1790608111.606793812] [uav2.mavros.sys]: FCU: EVENT 16017271 with args -6-0-0-0-0-0-0-0-0-0-0-0-0-0-0-0-0-0-0-0-0-0-0-0-0-0-0-0-0-0-0-0-0-0-0-0-0-0-0-0-
[WARN] [1790608115.716068556] [uav2.mavros.sys]: FCU: UNK(8): EVENT 11047904 with args -0-0-0-0-0-128-0-0-0-176-122-127-128-176-122-127-128-0-0-0-0-0-0-0-0-0-0-0-0-0-0-0-0-0-0-0-0-0-0-0-
[INFO] [1790608115.716190984] [uav2.mavros.sys]: FCU: EVENT 377561 with args -8-0-0-0-20-0-0-0-0-0-0-0-0-0-0-0-0-0-0-0-0-0-0-0-0-0-0-0-0-0-0-0-0-0-0-0-0-0-0-0-
[WARN] [1790608115.716712253] [uav2.mavros.sys]: FCU: EVENT 453929 with args -255-255-255-255-7-0-0-0-0-0-0-0-0-0-0-0-0-0-0-0-0-0-0-0-0-0-0-0-0-0-0-0-0-0-0-0-0-0-0-0-
[INFO] [1790608115.717370867] [uav2.mavros.sys]: FCU: EVENT 6801787 with args -255-255-255-255-12-0-0-0-0-0-0-0-0-0-0-0-0-0-0-0-0-0-0-0-0-0-0-0-0-0-0-0-0-0-0-0-0-0-0-0-
[WARN] [1790608115.717428368] [uav2.mavros.sys]: FCU: UNK(8): EVENT 1914663 with args -0-10-9-2-56-0-0-0-0-0-0-0-0-0-0-0-0-0-0-0-0-0-0-0-0-0-0-0-0-0-0-0-0-0-0-0-0-0-0-0-
[INFO] [1790608116.161908898] [rclcpp]: signal_handler(SIGINT/SIGTERM)
[WARN] [1790608116.170306137] [uav2.mavros]: UAS Executor terminated
