[INFO] [1790607807.177025748] [uav7.mavros_node]: Starting mavros_node container
[INFO] [1790607807.182139183] [uav7.mavros_node]: FCU URL: udp://:14546@127.0.0.1:14586
[INFO] [1790607807.182154429] [uav7.mavros_node]: GCS URL: 
[INFO] [1790607807.182159542] [uav7.mavros_node]: UAS Prefix: /uas7
[INFO] [1790607807.182165090] [uav7.mavros_node]: Starting mavros router node
[INFO] [1790607807.299528285] [uav7.mavros_router]: Built-in SIMD instructions: SSE, SSE2
[INFO] [1790607807.304046039] [uav7.mavros_router]: Built-in MAVLink package version: 2026.8.8
[INFO] [1790607807.314986674] [uav7.mavros_router]: Known MAVLink dialects: common ardupilotmega ASLUAV AVSSUAS all csAirLink cubepilot development icarous loweheiser marsh paparazzi standard stemstudios storm32 uAvionix ualberta
[INFO] [1790607807.315002546] [uav7.mavros_router]: MAVROS Router started
[INFO] [1790607807.315408257] [uav7.mavros_node]: Starting mavros uas node
[INFO] [1790607807.495765171] [uav7.mavros_router]: Requested to add endpoint: type: 0, url: udp://:14546@127.0.0.1:14586
[INFO] [1790607807.495821351] [uav7.mavros_router]: Endpoint link[1000] created
[INFO] [1790607807.499834249] [uav7.mavros_router]: link[1000] opened successfully
[INFO] [1790607807.499882942] [uav7.mavros_router]: Requested to add endpoint: type: 2, url: /uas7
[INFO] [1790607807.499905408] [uav7.mavros_router]: Endpoint link[1001] created
[INFO] [1790607807.501827114] [uav7.mavros_router]: link[1000] detected remote address 7.1
[INFO] [1790607807.515513653] [uav7.mavros]: Plugin actuator_control ignored
[INFO] [1790607807.515559501] [uav7.mavros]: Plugin altitude ignored
[INFO] [1790607807.516280766] [uav7.mavros]: UAS Executor started, threads: 4
[INFO] [1790607807.594991785] [uav7.mavros_router]: link[1001] opened successfully
[INFO] [1790607807.773442544] [uav7.mavros]: Plugin command created
[INFO] [1790607807.773507053] [uav7.mavros]: Plugin command initialized
[INFO] [1790607807.773517095] [uav7.mavros]: Plugin ftp ignored
[INFO] [1790607807.773523094] [uav7.mavros]: Plugin geofence ignored
[INFO] [1790607807.948801174] [uav7.mavros]: Plugin global_position created
[INFO] [1790607807.948865785] [uav7.mavros]: Plugin global_position initialized
[INFO] [1790607807.948876575] [uav7.mavros]: Plugin home_position ignored
[INFO] [1790607807.948881308] [uav7.mavros]: Plugin imu ignored
[INFO] [1790607808.275681223] [uav7.mavros]: Plugin local_position created
[INFO] [1790607808.339234752] [uav7.mavros]: Plugin local_position initialized
[INFO] [1790607808.339253308] [uav7.mavros]: Plugin manual_control ignored
[INFO] [1790607808.339259255] [uav7.mavros]: Plugin nav_controller_output ignored
[INFO] [1790607808.339264788] [uav7.mavros]: Plugin param ignored
[INFO] [1790607808.339279768] [uav7.mavros]: Plugin rallypoint ignored
[INFO] [1790607808.339285784] [uav7.mavros]: Plugin rc_io ignored
[INFO] [1790607808.339291190] [uav7.mavros]: Plugin setpoint_accel ignored
[INFO] [1790607808.339296509] [uav7.mavros]: Plugin setpoint_attitude ignored
[INFO] [1790607808.339301862] [uav7.mavros]: Plugin setpoint_position ignored
[INFO] [1790607808.339307475] [uav7.mavros]: Plugin setpoint_raw ignored
[INFO] [1790607808.339312850] [uav7.mavros]: Plugin setpoint_trajectory ignored
[INFO] [1790607808.480445320] [uav7.mavros]: Plugin setpoint_velocity created
[INFO] [1790607808.480499889] [uav7.mavros]: Plugin setpoint_velocity initialized
[INFO] [1790607808.682056872] [uav7.mavros]: Plugin sys_status created
[INFO] [1790607808.682125210] [uav7.mavros]: Plugin sys_status initialized
[INFO] [1790607808.821576201] [uav7.mavros.time]: TM: Timesync mode: MAVLINK
[INFO] [1790607808.839098736] [uav7.mavros]: Plugin sys_time created
[INFO] [1790607808.839140467] [uav7.mavros]: Plugin sys_time initialized
[INFO] [1790607808.839150518] [uav7.mavros]: Plugin waypoint ignored
[INFO] [1790607808.839155848] [uav7.mavros]: Plugin wind_estimation ignored
[INFO] [1790607808.862371599] [uav7.mavros]: Built-in SIMD instructions: SSE, SSE2
[INFO] [1790607808.862414309] [uav7.mavros]: Built-in MAVLink package version: 2026.8.8
[INFO] [1790607808.862448321] [uav7.mavros]: Known MAVLink dialects: common ardupilotmega ASLUAV AVSSUAS all csAirLink cubepilot development icarous loweheiser marsh paparazzi standard stemstudios storm32 uAvionix ualberta
[INFO] [1790607808.862456584] [uav7.mavros]: MAVROS UAS via /uas7 started. MY ID 7.191, TARGET ID 7.1
[INFO] [1790607808.878659201] [uav7.mavros_router]: link[1001] detected remote address 7.191
[INFO] [1790607808.993498932] [uav7.mavros]: CON: Got HEARTBEAT, connected. FCU: PX4 Autopilot
[INFO] [1790607810.216675501] [uav7.mavros.sys]: VER: 7.1: Capabilities         0x000000000000e8ff
[INFO] [1790607810.216741275] [uav7.mavros.sys]: VER: 7.1: Flight software:     011200c0 (fca3df865a000000)
[INFO] [1790607810.216749517] [uav7.mavros.sys]: VER: 7.1: Middleware software: 011200c0 (fca3df865a000000)
[INFO] [1790607810.216754632] [uav7.mavros.sys]: VER: 7.1: OS software:         070000ff (17040b9f87cb1791)
[INFO] [1790607810.216759874] [uav7.mavros.sys]: VER: 7.1: Board hardware:      00000001
[INFO] [1790607810.216764908] [uav7.mavros.sys]: VER: 7.1: VID/PID:             0000:0000
[INFO] [1790607810.216770186] [uav7.mavros.sys]: VER: 7.1: UID:                 4954414c44494e55
[WARN] [1790607810.219565114] [uav7.mavros.cmd]: CMD: Unexpected command 512, result 0
[WARN] [1790607821.393822791] [uav7.mavros.sys]: FCU: UNK(8): EVENT 11047904 with args -0-0-0-0-0-128-0-0-0-176-122-127-128-176-122-127-128-0-0-0-0-0-0-0-0-0-0-0-0-0-0-0-0-0-0-0-0-0-0-0-
[INFO] [1790607821.393906134] [uav7.mavros.sys]: FCU: EVENT 377561 with args -8-0-0-0-20-0-0-0-0-0-0-0-0-0-0-0-0-0-0-0-0-0-0-0-0-0-0-0-0-0-0-0-0-0-0-0-0-0-0-0-
[WARN] [1790607821.393944298] [uav7.mavros.sys]: FCU: EVENT 453929 with args -255-255-255-255-7-0-0-0-0-0-0-0-0-0-0-0-0-0-0-0-0-0-0-0-0-0-0-0-0-0-0-0-0-0-0-0-0-0-0-0-
[INFO] [1790607821.393983023] [uav7.mavros.sys]: FCU: EVENT 6801787 with args -255-255-255-255-12-0-0-0-0-0-0-0-0-0-0-0-0-0-0-0-0-0-0-0-0-0-0-0-0-0-0-0-0-0-0-0-0-0-0-0-
[WARN] [1790607821.394021100] [uav7.mavros.sys]: FCU: UNK(8): EVENT 1914663 with args -0-10-13-2-56-0-0-0-0-0-0-0-0-0-0-0-0-0-0-0-0-0-0-0-0-0-0-0-0-0-0-0-0-0-0-0-0-0-0-0-
[WARN] [1790607824.316061931] [uav7.mavros.cmd]: CMD: Unexpected command 176, result 0
[INFO] [1790607824.575248274] [uav7.mavros.sys]: FCU: EVENT 9489139 with args -4-0-0-0-0-0-0-0-0-0-0-0-0-0-0-0-0-0-0-0-0-0-0-0-0-0-0-0-0-0-0-0-0-0-0-0-0-0-0-0-
[INFO] [1790607826.437392171] [uav7.mavros.sys]: FCU: EVENT 4277609 with args -0-0-0-0-0-0-0-0-0-0-0-0-0-0-0-0-0-0-0-0-0-0-0-0-0-0-0-0-0-0-0-0-0-0-0-0-0-0-0-0-
[WARN] [1790608077.017925900] [uav7.mavros.cmd]: CMD: Unexpected command 176, result 0
[INFO] [1790608108.933775899] [uav7.mavros.sys]: FCU: EVENT 9844908 with args -0-0-0-0-0-0-0-0-0-0-0-0-0-0-0-0-0-0-0-0-0-0-0-0-0-0-0-0-0-0-0-0-0-0-0-0-0-0-0-0-
[INFO] [1790608111.030974083] [uav7.mavros.sys]: FCU: EVENT 16017271 with args -6-0-0-0-0-0-0-0-0-0-0-0-0-0-0-0-0-0-0-0-0-0-0-0-0-0-0-0-0-0-0-0-0-0-0-0-0-0-0-0-
[WARN] [1790608115.126584557] [uav7.mavros.sys]: FCU: UNK(8): EVENT 11047904 with args -0-0-0-0-0-128-0-0-0-176-122-127-128-176-122-127-128-0-0-0-0-0-0-0-0-0-0-0-0-0-0-0-0-0-0-0-0-0-0-0-
[INFO] [1790608115.129688652] [uav7.mavros.sys]: FCU: EVENT 377561 with args -8-0-0-0-20-0-0-0-0-0-0-0-0-0-0-0-0-0-0-0-0-0-0-0-0-0-0-0-0-0-0-0-0-0-0-0-0-0-0-0-
[WARN] [1790608115.129849582] [uav7.mavros.sys]: FCU: EVENT 453929 with args -255-255-255-255-7-0-0-0-0-0-0-0-0-0-0-0-0-0-0-0-0-0-0-0-0-0-0-0-0-0-0-0-0-0-0-0-0-0-0-0-
[INFO] [1790608115.130151195] [uav7.mavros.sys]: FCU: EVENT 6801787 with args -255-255-255-255-12-0-0-0-0-0-0-0-0-0-0-0-0-0-0-0-0-0-0-0-0-0-0-0-0-0-0-0-0-0-0-0-0-0-0-0-
[WARN] [1790608115.130196314] [uav7.mavros.sys]: FCU: UNK(8): EVENT 1914663 with args -0-10-9-2-56-0-0-0-0-0-0-0-0-0-0-0-0-0-0-0-0-0-0-0-0-0-0-0-0-0-0-0-0-0-0-0-0-0-0-0-
[INFO] [1790608116.165080768] [rclcpp]: signal_handler(SIGINT/SIGTERM)
[WARN] [1790608116.167817191] [uav7.mavros]: UAS Executor terminated
