[INFO] [1790607807.232207096] [uav6.mavros_node]: Starting mavros_node container
[INFO] [1790607807.233361450] [uav6.mavros_node]: FCU URL: udp://:14545@127.0.0.1:14585
[INFO] [1790607807.233372901] [uav6.mavros_node]: GCS URL: 
[INFO] [1790607807.233378280] [uav6.mavros_node]: UAS Prefix: /uas6
[INFO] [1790607807.233383050] [uav6.mavros_node]: Starting mavros router node
[INFO] [1790607807.328533945] [uav6.mavros_router]: Built-in SIMD instructions: SSE, SSE2
[INFO] [1790607807.337457217] [uav6.mavros_router]: Built-in MAVLink package version: 2026.8.8
[INFO] [1790607807.337476804] [uav6.mavros_router]: Known MAVLink dialects: common ardupilotmega ASLUAV AVSSUAS all csAirLink cubepilot development icarous loweheiser marsh paparazzi standard stemstudios storm32 uAvionix ualberta
[INFO] [1790607807.337483805] [uav6.mavros_router]: MAVROS Router started
[INFO] [1790607807.337697664] [uav6.mavros_node]: Starting mavros uas node
[INFO] [1790607807.573632623] [uav6.mavros_router]: Requested to add endpoint: type: 0, url: udp://:14545@127.0.0.1:14585
[INFO] [1790607807.636273665] [uav6.mavros_router]: Endpoint link[1000] created
[INFO] [1790607807.636744424] [uav6.mavros_router]: link[1000] opened successfully
[INFO] [1790607807.636777883] [uav6.mavros_router]: Requested to add endpoint: type: 2, url: /uas6
[INFO] [1790607807.583923789] [uav6.mavros]: Plugin actuator_control ignored
[INFO] [1790607807.638964306] [uav6.mavros]: Plugin altitude ignored
[INFO] [1790607807.639965649] [uav6.mavros_router]: Endpoint link[1001] created
[INFO] [1790607807.583778133] [uav6.mavros]: UAS Executor started, threads: 4
[INFO] [1790607807.637955198] [uav6.mavros_router]: link[1000] detected remote address 6.1
[INFO] [1790607807.704786342] [uav6.mavros_router]: link[1001] opened successfully
[INFO] [1790607808.001286576] [uav6.mavros]: Plugin command created
[INFO] [1790607808.009054293] [uav6.mavros]: Plugin command initialized
[INFO] [1790607808.009070182] [uav6.mavros]: Plugin ftp ignored
[INFO] [1790607808.009076210] [uav6.mavros]: Plugin geofence ignored
[INFO] [1790607808.313855646] [uav6.mavros]: Plugin global_position created
[INFO] [1790607808.330710209] [uav6.mavros]: Plugin global_position initialized
[INFO] [1790607808.330726841] [uav6.mavros]: Plugin home_position ignored
[INFO] [1790607808.330732660] [uav6.mavros]: Plugin imu ignored
[INFO] [1790607808.525201065] [uav6.mavros]: Plugin local_position created
[INFO] [1790607808.525263102] [uav6.mavros]: Plugin local_position initialized
[INFO] [1790607808.525274114] [uav6.mavros]: Plugin manual_control ignored
[INFO] [1790607808.525279738] [uav6.mavros]: Plugin nav_controller_output ignored
[INFO] [1790607808.525284988] [uav6.mavros]: Plugin param ignored
[INFO] [1790607808.525290059] [uav6.mavros]: Plugin rallypoint ignored
[INFO] [1790607808.525295505] [uav6.mavros]: Plugin rc_io ignored
[INFO] [1790607808.525300914] [uav6.mavros]: Plugin setpoint_accel ignored
[INFO] [1790607808.525305664] [uav6.mavros]: Plugin setpoint_attitude ignored
[INFO] [1790607808.525310559] [uav6.mavros]: Plugin setpoint_position ignored
[INFO] [1790607808.525315294] [uav6.mavros]: Plugin setpoint_raw ignored
[INFO] [1790607808.525319932] [uav6.mavros]: Plugin setpoint_trajectory ignored
[INFO] [1790607808.747747747] [uav6.mavros]: Plugin setpoint_velocity created
[INFO] [1790607808.747803449] [uav6.mavros]: Plugin setpoint_velocity initialized
[INFO] [1790607809.044638059] [uav6.mavros]: Plugin sys_status created
[INFO] [1790607809.141582900] [uav6.mavros]: Plugin sys_status initialized
[INFO] [1790607809.303623067] [uav6.mavros.time]: TM: Timesync mode: MAVLINK
[INFO] [1790607809.347836382] [uav6.mavros]: Plugin sys_time created
[INFO] [1790607809.347893580] [uav6.mavros]: Plugin sys_time initialized
[INFO] [1790607809.347903767] [uav6.mavros]: Plugin waypoint ignored
[INFO] [1790607809.347909637] [uav6.mavros]: Plugin wind_estimation ignored
[INFO] [1790607809.366805946] [uav6.mavros]: Built-in SIMD instructions: SSE, SSE2
[INFO] [1790607809.377797519] [uav6.mavros]: Built-in MAVLink package version: 2026.8.8
[INFO] [1790607809.388346283] [uav6.mavros]: Known MAVLink dialects: common ardupilotmega ASLUAV AVSSUAS all csAirLink cubepilot development icarous loweheiser marsh paparazzi standard stemstudios storm32 uAvionix ualberta
[INFO] [1790607809.388361598] [uav6.mavros]: MAVROS UAS via /uas6 started. MY ID 6.191, TARGET ID 6.1
[INFO] [1790607809.419181734] [uav6.mavros_router]: link[1001] detected remote address 6.191
[INFO] [1790607809.740919170] [uav6.mavros]: CON: Got HEARTBEAT, connected. FCU: PX4 Autopilot
[INFO] [1790607810.769375614] [uav6.mavros.sys]: VER: 6.1: Capabilities         0x000000000000e8ff
[INFO] [1790607810.833474269] [uav6.mavros.sys]: VER: 6.1: Flight software:     011200c0 (fca3df865a000000)
[INFO] [1790607810.847252393] [uav6.mavros.sys]: VER: 6.1: Middleware software: 011200c0 (fca3df865a000000)
[INFO] [1790607810.847261954] [uav6.mavros.sys]: VER: 6.1: OS software:         070000ff (17040b9f87cb1791)
[INFO] [1790607810.847267717] [uav6.mavros.sys]: VER: 6.1: Board hardware:      00000001
[INFO] [1790607810.847273353] [uav6.mavros.sys]: VER: 6.1: VID/PID:             0000:0000
[INFO] [1790607810.847278460] [uav6.mavros.sys]: VER: 6.1: UID:                 4954414c44494e54
[WARN] [1790607810.849647780] [uav6.mavros.cmd]: CMD: Unexpected command 512, result 0
[WARN] [1790607817.052262424] [uav6.mavros.sys]: FCU: UNK(8): EVENT 11047904 with args -0-0-0-0-0-128-0-0-0-176-122-127-128-176-122-127-128-0-0-0-0-0-0-0-0-0-0-0-0-0-0-0-0-0-0-0-0-0-0-0-
[INFO] [1790607817.052379965] [uav6.mavros.sys]: FCU: EVENT 377561 with args -8-0-0-0-20-0-0-0-0-0-0-0-0-0-0-0-0-0-0-0-0-0-0-0-0-0-0-0-0-0-0-0-0-0-0-0-0-0-0-0-
[WARN] [1790607817.052416757] [uav6.mavros.sys]: FCU: EVENT 453929 with args -255-255-255-255-7-0-0-0-0-0-0-0-0-0-0-0-0-0-0-0-0-0-0-0-0-0-0-0-0-0-0-0-0-0-0-0-0-0-0-0-
[INFO] [1790607817.052450205] [uav6.mavros.sys]: FCU: EVENT 6801787 with args -255-255-255-255-12-0-0-0-0-0-0-0-0-0-0-0-0-0-0-0-0-0-0-0-0-0-0-0-0-0-0-0-0-0-0-0-0-0-0-0-
[WARN] [1790607817.052482103] [uav6.mavros.sys]: FCU: UNK(8): EVENT 1914663 with args -0-10-13-2-56-0-0-0-0-0-0-0-0-0-0-0-0-0-0-0-0-0-0-0-0-0-0-0-0-0-0-0-0-0-0-0-0-0-0-0-
[WARN] [1790607824.323863435] [uav6.mavros.cmd]: CMD: Unexpected command 176, result 0
[INFO] [1790607825.135332124] [uav6.mavros.sys]: FCU: EVENT 9489139 with args -4-0-0-0-0-0-0-0-0-0-0-0-0-0-0-0-0-0-0-0-0-0-0-0-0-0-0-0-0-0-0-0-0-0-0-0-0-0-0-0-
[INFO] [1790607827.048344004] [uav6.mavros.sys]: FCU: EVENT 4277609 with args -0-0-0-0-0-0-0-0-0-0-0-0-0-0-0-0-0-0-0-0-0-0-0-0-0-0-0-0-0-0-0-0-0-0-0-0-0-0-0-0-
[WARN] [1790608076.568894854] [uav6.mavros.cmd]: CMD: Unexpected command 176, result 0
[INFO] [1790608110.733183399] [uav6.mavros.sys]: FCU: EVENT 9844908 with args -0-0-0-0-0-0-0-0-0-0-0-0-0-0-0-0-0-0-0-0-0-0-0-0-0-0-0-0-0-0-0-0-0-0-0-0-0-0-0-0-
[INFO] [1790608112.833239045] [uav6.mavros.sys]: FCU: EVENT 16017271 with args -6-0-0-0-0-0-0-0-0-0-0-0-0-0-0-0-0-0-0-0-0-0-0-0-0-0-0-0-0-0-0-0-0-0-0-0-0-0-0-0-
[INFO] [1790608116.162399753] [rclcpp]: signal_handler(SIGINT/SIGTERM)
[WARN] [1790608116.184129857] [uav6.mavros]: UAS Executor terminated
