[INFO] [1790654742.098945682] [uav7.mavros_node]: Starting mavros_node container
[INFO] [1790654742.099887730] [uav7.mavros_node]: FCU URL: udp://:14546@127.0.0.1:14586
[INFO] [1790654742.099911459] [uav7.mavros_node]: GCS URL: 
[INFO] [1790654742.099916357] [uav7.mavros_node]: UAS Prefix: /uas7
[INFO] [1790654742.099920949] [uav7.mavros_node]: Starting mavros router node
[INFO] [1790654742.149859782] [uav7.mavros_router]: Built-in SIMD instructions: SSE, SSE2
[INFO] [1790654742.149907152] [uav7.mavros_router]: Built-in MAVLink package version: 2026.8.8
[INFO] [1790654742.149916891] [uav7.mavros_router]: Known MAVLink dialects: common ardupilotmega ASLUAV AVSSUAS all csAirLink cubepilot development icarous loweheiser marsh paparazzi standard stemstudios storm32 uAvionix ualberta
[INFO] [1790654742.149924003] [uav7.mavros_router]: MAVROS Router started
[INFO] [1790654742.150921032] [uav7.mavros_node]: Starting mavros uas node
[INFO] [1790654742.389311332] [uav7.mavros_router]: Requested to add endpoint: type: 0, url: udp://:14546@127.0.0.1:14586
[INFO] [1790654742.389372897] [uav7.mavros_router]: Endpoint link[1000] created
[INFO] [1790654742.389617323] [uav7.mavros_router]: link[1000] opened successfully
[INFO] [1790654742.389633840] [uav7.mavros_router]: Requested to add endpoint: type: 2, url: /uas7
[INFO] [1790654742.389646327] [uav7.mavros_router]: Endpoint link[1001] created
[INFO] [1790654742.396168336] [uav7.mavros_router]: link[1000] detected remote address 7.1
[INFO] [1790654742.409481311] [uav7.mavros]: Plugin actuator_control ignored
[INFO] [1790654742.409542720] [uav7.mavros]: Plugin altitude ignored
[INFO] [1790654742.409732334] [uav7.mavros]: UAS Executor started, threads: 4
[INFO] [1790654742.486094678] [uav7.mavros_router]: link[1001] opened successfully
[INFO] [1790654742.640188967] [uav7.mavros]: Plugin command created
[INFO] [1790654742.640251224] [uav7.mavros]: Plugin command initialized
[INFO] [1790654742.640260002] [uav7.mavros]: Plugin ftp ignored
[INFO] [1790654742.640265040] [uav7.mavros]: Plugin geofence ignored
[INFO] [1790654742.879207855] [uav7.mavros]: Plugin global_position created
[INFO] [1790654742.879262921] [uav7.mavros]: Plugin global_position initialized
[INFO] [1790654742.879271895] [uav7.mavros]: Plugin home_position ignored
[INFO] [1790654742.879277869] [uav7.mavros]: Plugin imu ignored
[INFO] [1790654743.182430848] [uav7.mavros]: Plugin local_position created
[INFO] [1790654743.203482341] [uav7.mavros]: Plugin local_position initialized
[INFO] [1790654743.203529639] [uav7.mavros]: Plugin manual_control ignored
[INFO] [1790654743.203537487] [uav7.mavros]: Plugin nav_controller_output ignored
[INFO] [1790654743.203543447] [uav7.mavros]: Plugin param ignored
[INFO] [1790654743.203549441] [uav7.mavros]: Plugin rallypoint ignored
[INFO] [1790654743.203555210] [uav7.mavros]: Plugin rc_io ignored
[INFO] [1790654743.203561067] [uav7.mavros]: Plugin setpoint_accel ignored
[INFO] [1790654743.203566785] [uav7.mavros]: Plugin setpoint_attitude ignored
[INFO] [1790654743.203572631] [uav7.mavros]: Plugin setpoint_position ignored
[INFO] [1790654743.203578281] [uav7.mavros]: Plugin setpoint_raw ignored
[INFO] [1790654743.203583827] [uav7.mavros]: Plugin setpoint_trajectory ignored
[INFO] [1790654743.404800460] [uav7.mavros]: Plugin setpoint_velocity created
[INFO] [1790654743.438323800] [uav7.mavros]: Plugin setpoint_velocity initialized
[INFO] [1790654743.809238303] [uav7.mavros]: Plugin sys_status created
[INFO] [1790654743.809301239] [uav7.mavros]: Plugin sys_status initialized
[INFO] [1790654743.901568864] [uav7.mavros.time]: TM: Timesync mode: MAVLINK
[INFO] [1790654743.921957063] [uav7.mavros]: Plugin sys_time created
[INFO] [1790654743.922005781] [uav7.mavros]: Plugin sys_time initialized
[INFO] [1790654743.922014985] [uav7.mavros]: Plugin waypoint ignored
[INFO] [1790654743.922020429] [uav7.mavros]: Plugin wind_estimation ignored
[INFO] [1790654743.935098138] [uav7.mavros]: Built-in SIMD instructions: SSE, SSE2
[INFO] [1790654743.935136650] [uav7.mavros]: Built-in MAVLink package version: 2026.8.8
[INFO] [1790654743.935165266] [uav7.mavros]: Known MAVLink dialects: common ardupilotmega ASLUAV AVSSUAS all csAirLink cubepilot development icarous loweheiser marsh paparazzi standard stemstudios storm32 uAvionix ualberta
[INFO] [1790654743.935173730] [uav7.mavros]: MAVROS UAS via /uas7 started. MY ID 7.191, TARGET ID 7.1
[INFO] [1790654744.040947396] [uav7.mavros_router]: link[1001] detected remote address 7.191
[INFO] [1790654744.251317164] [uav7.mavros]: CON: Got HEARTBEAT, connected. FCU: PX4 Autopilot
[WARN] [1790654744.280223505] [uav7.mavros.sys]: FCU: UNK(8): EVENT 11047904 with args -0-0-0-16-0-128-0-0-0-176-58-127-128-176-58-127-128-0-0-0-0-0-0-0-0-0-0-0-0-0-0-0-0-0-0-0-0-0-0-0-
[ERROR] [1790654744.280311520] [uav7.mavros.sys]: FCU: EVENT 11464574 with args -0-64-0-0-20-0-0-0-0-0-0-0-0-0-0-0-0-0-0-0-0-0-0-0-0-0-0-0-0-0-0-0-0-0-0-0-0-0-0-0-
[INFO] [1790654744.280391435] [uav7.mavros.sys]: FCU: EVENT 377561 with args -8-0-0-0-20-0-0-0-0-0-0-0-0-0-0-0-0-0-0-0-0-0-0-0-0-0-0-0-0-0-0-0-0-0-0-0-0-0-0-0-
[WARN] [1790654744.280431277] [uav7.mavros.sys]: FCU: EVENT 453929 with args -255-255-255-255-7-0-0-0-0-0-0-0-0-0-0-0-0-0-0-0-0-0-0-0-0-0-0-0-0-0-0-0-0-0-0-0-0-0-0-0-
[INFO] [1790654744.280469570] [uav7.mavros.sys]: FCU: EVENT 6801787 with args -255-255-255-255-12-0-0-0-0-0-0-0-0-0-0-0-0-0-0-0-0-0-0-0-0-0-0-0-0-0-0-0-0-0-0-0-0-0-0-0-
[WARN] [1790654744.280509394] [uav7.mavros.sys]: FCU: UNK(8): EVENT 1914663 with args -0-10-13-2-56-0-0-0-0-0-0-0-0-0-0-0-0-0-0-0-0-0-0-0-0-0-0-0-0-0-0-0-0-0-0-0-0-0-0-0-
[INFO] [1790654745.295936833] [uav7.mavros.sys]: VER: 7.1: Capabilities         0x000000000000e8ff
[INFO] [1790654745.296002462] [uav7.mavros.sys]: VER: 7.1: Flight software:     011200c0 (fca3df865a000000)
[INFO] [1790654745.296008524] [uav7.mavros.sys]: VER: 7.1: Middleware software: 011200c0 (fca3df865a000000)
[INFO] [1790654745.296013136] [uav7.mavros.sys]: VER: 7.1: OS software:         070000ff (17040b9f87cb1791)
[INFO] [1790654745.296017356] [uav7.mavros.sys]: VER: 7.1: Board hardware:      00000001
[INFO] [1790654745.296021567] [uav7.mavros.sys]: VER: 7.1: VID/PID:             0000:0000
[INFO] [1790654745.296026403] [uav7.mavros.sys]: VER: 7.1: UID:                 4954414c44494e55
[WARN] [1790654745.296062701] [uav7.mavros.cmd]: CMD: Unexpected command 512, result 0
[WARN] [1790654754.176547306] [uav7.mavros.sys]: FCU: UNK(8): EVENT 11047904 with args -0-0-0-0-0-128-0-0-0-176-122-127-128-176-122-127-128-0-0-0-0-0-0-0-0-0-0-0-0-0-0-0-0-0-0-0-0-0-0-0-
[INFO] [1790654754.176646265] [uav7.mavros.sys]: FCU: EVENT 377561 with args -8-0-0-0-20-0-0-0-0-0-0-0-0-0-0-0-0-0-0-0-0-0-0-0-0-0-0-0-0-0-0-0-0-0-0-0-0-0-0-0-
[WARN] [1790654754.176686085] [uav7.mavros.sys]: FCU: EVENT 453929 with args -255-255-255-255-7-0-0-0-0-0-0-0-0-0-0-0-0-0-0-0-0-0-0-0-0-0-0-0-0-0-0-0-0-0-0-0-0-0-0-0-
[INFO] [1790654754.176724069] [uav7.mavros.sys]: FCU: EVENT 6801787 with args -255-255-255-255-12-0-0-0-0-0-0-0-0-0-0-0-0-0-0-0-0-0-0-0-0-0-0-0-0-0-0-0-0-0-0-0-0-0-0-0-
[WARN] [1790654754.176759375] [uav7.mavros.sys]: FCU: UNK(8): EVENT 1914663 with args -0-10-13-2-56-0-0-0-0-0-0-0-0-0-0-0-0-0-0-0-0-0-0-0-0-0-0-0-0-0-0-0-0-0-0-0-0-0-0-0-
[WARN] [1790654758.542768675] [uav7.mavros.cmd]: CMD: Unexpected command 176, result 0
[INFO] [1790654758.828135870] [uav7.mavros.sys]: FCU: EVENT 9489139 with args -4-0-0-0-0-0-0-0-0-0-0-0-0-0-0-0-0-0-0-0-0-0-0-0-0-0-0-0-0-0-0-0-0-0-0-0-0-0-0-0-
[INFO] [1790654760.733772130] [uav7.mavros.sys]: FCU: EVENT 4277609 with args -0-0-0-0-0-0-0-0-0-0-0-0-0-0-0-0-0-0-0-0-0-0-0-0-0-0-0-0-0-0-0-0-0-0-0-0-0-0-0-0-
[WARN] [1790655012.679008755] [uav7.mavros.cmd]: CMD: Unexpected command 176, result 0
[INFO] [1790655044.503182853] [uav7.mavros.sys]: FCU: EVENT 9844908 with args -0-0-0-0-0-0-0-0-0-0-0-0-0-0-0-0-0-0-0-0-0-0-0-0-0-0-0-0-0-0-0-0-0-0-0-0-0-0-0-0-
[INFO] [1790655046.629808475] [uav7.mavros.sys]: FCU: EVENT 16017271 with args -6-0-0-0-0-0-0-0-0-0-0-0-0-0-0-0-0-0-0-0-0-0-0-0-0-0-0-0-0-0-0-0-0-0-0-0-0-0-0-0-
[WARN] [1790655050.347903603] [uav7.mavros.sys]: FCU: UNK(8): EVENT 11047904 with args -0-0-0-0-0-128-0-0-0-176-122-127-128-176-122-127-128-0-0-0-0-0-0-0-0-0-0-0-0-0-0-0-0-0-0-0-0-0-0-0-
[INFO] [1790655050.348069267] [uav7.mavros.sys]: FCU: EVENT 377561 with args -8-0-0-0-20-0-0-0-0-0-0-0-0-0-0-0-0-0-0-0-0-0-0-0-0-0-0-0-0-0-0-0-0-0-0-0-0-0-0-0-
[WARN] [1790655050.348102277] [uav7.mavros.sys]: FCU: EVENT 453929 with args -255-255-255-255-7-0-0-0-0-0-0-0-0-0-0-0-0-0-0-0-0-0-0-0-0-0-0-0-0-0-0-0-0-0-0-0-0-0-0-0-
[INFO] [1790655050.348167834] [uav7.mavros.sys]: FCU: EVENT 6801787 with args -255-255-255-255-12-0-0-0-0-0-0-0-0-0-0-0-0-0-0-0-0-0-0-0-0-0-0-0-0-0-0-0-0-0-0-0-0-0-0-0-
[WARN] [1790655050.348190239] [uav7.mavros.sys]: FCU: UNK(8): EVENT 1914663 with args -0-10-9-2-56-0-0-0-0-0-0-0-0-0-0-0-0-0-0-0-0-0-0-0-0-0-0-0-0-0-0-0-0-0-0-0-0-0-0-0-
[INFO] [1790655057.281070266] [rclcpp]: signal_handler(SIGINT/SIGTERM)
[WARN] [1790655057.284761199] [uav7.mavros]: UAS Executor terminated
