[INFO] [1790654742.101422783] [uav2.mavros_node]: Starting mavros_node container
[INFO] [1790654742.108174150] [uav2.mavros_node]: FCU URL: udp://:14541@127.0.0.1:14581
[INFO] [1790654742.108196464] [uav2.mavros_node]: GCS URL: 
[INFO] [1790654742.108205367] [uav2.mavros_node]: UAS Prefix: /uas2
[INFO] [1790654742.108210392] [uav2.mavros_node]: Starting mavros router node
[INFO] [1790654742.165181321] [uav2.mavros_router]: Built-in SIMD instructions: SSE, SSE2
[INFO] [1790654742.165555501] [uav2.mavros_router]: Built-in MAVLink package version: 2026.8.8
[INFO] [1790654742.165578069] [uav2.mavros_router]: Known MAVLink dialects: common ardupilotmega ASLUAV AVSSUAS all csAirLink cubepilot development icarous loweheiser marsh paparazzi standard stemstudios storm32 uAvionix ualberta
[INFO] [1790654742.165585057] [uav2.mavros_router]: MAVROS Router started
[INFO] [1790654742.166184153] [uav2.mavros_node]: Starting mavros uas node
[INFO] [1790654742.451326374] [uav2.mavros_router]: Requested to add endpoint: type: 0, url: udp://:14541@127.0.0.1:14581
[INFO] [1790654742.451379733] [uav2.mavros_router]: Endpoint link[1000] created
[INFO] [1790654742.451621710] [uav2.mavros_router]: link[1000] opened successfully
[INFO] [1790654742.451639725] [uav2.mavros_router]: Requested to add endpoint: type: 2, url: /uas2
[INFO] [1790654742.451652012] [uav2.mavros_router]: Endpoint link[1001] created
[INFO] [1790654742.459401421] [uav2.mavros_router]: link[1000] detected remote address 2.1
[INFO] [1790654742.472792087] [uav2.mavros]: Plugin actuator_control ignored
[INFO] [1790654742.472860309] [uav2.mavros]: Plugin altitude ignored
[INFO] [1790654742.472801229] [uav2.mavros]: UAS Executor started, threads: 4
[INFO] [1790654742.519882182] [uav2.mavros_router]: link[1001] opened successfully
[INFO] [1790654742.678871247] [uav2.mavros]: Plugin command created
[INFO] [1790654742.678926382] [uav2.mavros]: Plugin command initialized
[INFO] [1790654742.678935674] [uav2.mavros]: Plugin ftp ignored
[INFO] [1790654742.678941508] [uav2.mavros]: Plugin geofence ignored
[INFO] [1790654742.970344256] [uav2.mavros]: Plugin global_position created
[INFO] [1790654742.970411877] [uav2.mavros]: Plugin global_position initialized
[INFO] [1790654742.970420640] [uav2.mavros]: Plugin home_position ignored
[INFO] [1790654742.970426052] [uav2.mavros]: Plugin imu ignored
[INFO] [1790654743.258273407] [uav2.mavros]: Plugin local_position created
[INFO] [1790654743.266610177] [uav2.mavros]: Plugin local_position initialized
[INFO] [1790654743.266625967] [uav2.mavros]: Plugin manual_control ignored
[INFO] [1790654743.266631926] [uav2.mavros]: Plugin nav_controller_output ignored
[INFO] [1790654743.266637558] [uav2.mavros]: Plugin param ignored
[INFO] [1790654743.266643376] [uav2.mavros]: Plugin rallypoint ignored
[INFO] [1790654743.266648520] [uav2.mavros]: Plugin rc_io ignored
[INFO] [1790654743.266654026] [uav2.mavros]: Plugin setpoint_accel ignored
[INFO] [1790654743.266659331] [uav2.mavros]: Plugin setpoint_attitude ignored
[INFO] [1790654743.266671894] [uav2.mavros]: Plugin setpoint_position ignored
[INFO] [1790654743.266677062] [uav2.mavros]: Plugin setpoint_raw ignored
[INFO] [1790654743.266681820] [uav2.mavros]: Plugin setpoint_trajectory ignored
[INFO] [1790654743.426061065] [uav2.mavros]: Plugin setpoint_velocity created
[INFO] [1790654743.440605023] [uav2.mavros]: Plugin setpoint_velocity initialized
[INFO] [1790654743.820812499] [uav2.mavros]: Plugin sys_status created
[INFO] [1790654743.820875218] [uav2.mavros]: Plugin sys_status initialized
[INFO] [1790654743.922640924] [uav2.mavros.time]: TM: Timesync mode: MAVLINK
[INFO] [1790654743.954559118] [uav2.mavros]: Plugin sys_time created
[INFO] [1790654743.954637162] [uav2.mavros]: Plugin sys_time initialized
[INFO] [1790654743.954647762] [uav2.mavros]: Plugin waypoint ignored
[INFO] [1790654743.954653367] [uav2.mavros]: Plugin wind_estimation ignored
[INFO] [1790654743.974689359] [uav2.mavros]: Built-in SIMD instructions: SSE, SSE2
[INFO] [1790654743.974730831] [uav2.mavros]: Built-in MAVLink package version: 2026.8.8
[INFO] [1790654743.974758397] [uav2.mavros]: Known MAVLink dialects: common ardupilotmega ASLUAV AVSSUAS all csAirLink cubepilot development icarous loweheiser marsh paparazzi standard stemstudios storm32 uAvionix ualberta
[INFO] [1790654743.974765933] [uav2.mavros]: MAVROS UAS via /uas2 started. MY ID 2.191, TARGET ID 2.1
[INFO] [1790654743.986610506] [uav2.mavros_router]: link[1001] detected remote address 2.191
[INFO] [1790654744.330039981] [uav2.mavros]: CON: Got HEARTBEAT, connected. FCU: PX4 Autopilot
[INFO] [1790654745.373498502] [uav2.mavros.sys]: VER: 2.1: Capabilities         0x000000000000e8ff
[INFO] [1790654745.373539228] [uav2.mavros.sys]: VER: 2.1: Flight software:     011200c0 (fca3df865a000000)
[INFO] [1790654745.373548147] [uav2.mavros.sys]: VER: 2.1: Middleware software: 011200c0 (fca3df865a000000)
[INFO] [1790654745.373552993] [uav2.mavros.sys]: VER: 2.1: OS software:         070000ff (17040b9f87cb1791)
[INFO] [1790654745.373557439] [uav2.mavros.sys]: VER: 2.1: Board hardware:      00000001
[INFO] [1790654745.373562194] [uav2.mavros.sys]: VER: 2.1: VID/PID:             0000:0000
[INFO] [1790654745.373567792] [uav2.mavros.sys]: VER: 2.1: UID:                 4954414c44494e50
[WARN] [1790654745.373606604] [uav2.mavros.cmd]: CMD: Unexpected command 512, result 0
[WARN] [1790654752.969893048] [uav2.mavros.sys]: FCU: UNK(8): EVENT 11047904 with args -0-0-0-0-0-128-0-0-0-176-122-127-128-176-122-127-128-0-0-0-0-0-0-0-0-0-0-0-0-0-0-0-0-0-0-0-0-0-0-0-
[INFO] [1790654752.970004501] [uav2.mavros.sys]: FCU: EVENT 377561 with args -8-0-0-0-20-0-0-0-0-0-0-0-0-0-0-0-0-0-0-0-0-0-0-0-0-0-0-0-0-0-0-0-0-0-0-0-0-0-0-0-
[WARN] [1790654752.970040539] [uav2.mavros.sys]: FCU: EVENT 453929 with args -255-255-255-255-7-0-0-0-0-0-0-0-0-0-0-0-0-0-0-0-0-0-0-0-0-0-0-0-0-0-0-0-0-0-0-0-0-0-0-0-
[INFO] [1790654752.970075515] [uav2.mavros.sys]: FCU: EVENT 6801787 with args -255-255-255-255-12-0-0-0-0-0-0-0-0-0-0-0-0-0-0-0-0-0-0-0-0-0-0-0-0-0-0-0-0-0-0-0-0-0-0-0-
[WARN] [1790654752.970110204] [uav2.mavros.sys]: FCU: UNK(8): EVENT 1914663 with args -0-10-13-2-56-0-0-0-0-0-0-0-0-0-0-0-0-0-0-0-0-0-0-0-0-0-0-0-0-0-0-0-0-0-0-0-0-0-0-0-
[WARN] [1790654758.563621088] [uav2.mavros.cmd]: CMD: Unexpected command 176, result 0
[INFO] [1790654759.082884099] [uav2.mavros.sys]: FCU: EVENT 9489139 with args -4-0-0-0-0-0-0-0-0-0-0-0-0-0-0-0-0-0-0-0-0-0-0-0-0-0-0-0-0-0-0-0-0-0-0-0-0-0-0-0-
[INFO] [1790654760.955544527] [uav2.mavros.sys]: FCU: EVENT 4277609 with args -0-0-0-0-0-0-0-0-0-0-0-0-0-0-0-0-0-0-0-0-0-0-0-0-0-0-0-0-0-0-0-0-0-0-0-0-0-0-0-0-
[WARN] [1790655012.491012390] [uav2.mavros.cmd]: CMD: Unexpected command 176, result 0
[INFO] [1790655047.275753251] [uav2.mavros.sys]: FCU: EVENT 9844908 with args -0-0-0-0-0-0-0-0-0-0-0-0-0-0-0-0-0-0-0-0-0-0-0-0-0-0-0-0-0-0-0-0-0-0-0-0-0-0-0-0-
[INFO] [1790655049.412333452] [uav2.mavros.sys]: FCU: EVENT 16017271 with args -6-0-0-0-0-0-0-0-0-0-0-0-0-0-0-0-0-0-0-0-0-0-0-0-0-0-0-0-0-0-0-0-0-0-0-0-0-0-0-0-
[WARN] [1790655052.769253201] [uav2.mavros.sys]: FCU: UNK(8): EVENT 11047904 with args -0-0-0-0-0-128-0-0-0-176-122-127-128-176-122-127-128-0-0-0-0-0-0-0-0-0-0-0-0-0-0-0-0-0-0-0-0-0-0-0-
[INFO] [1790655052.769339354] [uav2.mavros.sys]: FCU: EVENT 377561 with args -8-0-0-0-20-0-0-0-0-0-0-0-0-0-0-0-0-0-0-0-0-0-0-0-0-0-0-0-0-0-0-0-0-0-0-0-0-0-0-0-
[WARN] [1790655052.769471406] [uav2.mavros.sys]: FCU: EVENT 453929 with args -255-255-255-255-7-0-0-0-0-0-0-0-0-0-0-0-0-0-0-0-0-0-0-0-0-0-0-0-0-0-0-0-0-0-0-0-0-0-0-0-
[INFO] [1790655052.769530335] [uav2.mavros.sys]: FCU: EVENT 6801787 with args -255-255-255-255-12-0-0-0-0-0-0-0-0-0-0-0-0-0-0-0-0-0-0-0-0-0-0-0-0-0-0-0-0-0-0-0-0-0-0-0-
[WARN] [1790655052.769576005] [uav2.mavros.sys]: FCU: UNK(8): EVENT 1914663 with args -0-10-9-2-56-0-0-0-0-0-0-0-0-0-0-0-0-0-0-0-0-0-0-0-0-0-0-0-0-0-0-0-0-0-0-0-0-0-0-0-
[INFO] [1790655057.279102787] [rclcpp]: signal_handler(SIGINT/SIGTERM)
[WARN] [1790655057.300831421] [uav2.mavros]: UAS Executor terminated
