[INFO] [1790654742.097068658] [uav3.mavros_node]: Starting mavros_node container
[INFO] [1790654742.097815520] [uav3.mavros_node]: FCU URL: udp://:14542@127.0.0.1:14582
[INFO] [1790654742.097831053] [uav3.mavros_node]: GCS URL: 
[INFO] [1790654742.097836219] [uav3.mavros_node]: UAS Prefix: /uas3
[INFO] [1790654742.097840836] [uav3.mavros_node]: Starting mavros router node
[INFO] [1790654742.154331432] [uav3.mavros_router]: Built-in SIMD instructions: SSE, SSE2
[INFO] [1790654742.154691955] [uav3.mavros_router]: Built-in MAVLink package version: 2026.8.8
[INFO] [1790654742.154705895] [uav3.mavros_router]: Known MAVLink dialects: common ardupilotmega ASLUAV AVSSUAS all csAirLink cubepilot development icarous loweheiser marsh paparazzi standard stemstudios storm32 uAvionix ualberta
[INFO] [1790654742.154712492] [uav3.mavros_router]: MAVROS Router started
[INFO] [1790654742.154854935] [uav3.mavros_node]: Starting mavros uas node
[INFO] [1790654742.358911327] [uav3.mavros_router]: Requested to add endpoint: type: 0, url: udp://:14542@127.0.0.1:14582
[INFO] [1790654742.358966200] [uav3.mavros_router]: Endpoint link[1000] created
[INFO] [1790654742.359212549] [uav3.mavros_router]: link[1000] opened successfully
[INFO] [1790654742.359228413] [uav3.mavros_router]: Requested to add endpoint: type: 2, url: /uas3
[INFO] [1790654742.359240780] [uav3.mavros_router]: Endpoint link[1001] created
[INFO] [1790654742.366343959] [uav3.mavros_router]: link[1000] detected remote address 3.1
[INFO] [1790654742.376613722] [uav3.mavros_router]: link[1001] opened successfully
[INFO] [1790654742.376920472] [uav3.mavros]: Plugin actuator_control ignored
[INFO] [1790654742.376954039] [uav3.mavros]: Plugin altitude ignored
[INFO] [1790654742.379340169] [uav3.mavros]: UAS Executor started, threads: 4
[INFO] [1790654742.550622532] [uav3.mavros]: Plugin command created
[INFO] [1790654742.550689399] [uav3.mavros]: Plugin command initialized
[INFO] [1790654742.550700548] [uav3.mavros]: Plugin ftp ignored
[INFO] [1790654742.550706566] [uav3.mavros]: Plugin geofence ignored
[INFO] [1790654742.712936919] [uav3.mavros]: Plugin global_position created
[INFO] [1790654742.721286562] [uav3.mavros]: Plugin global_position initialized
[INFO] [1790654742.721314959] [uav3.mavros]: Plugin home_position ignored
[INFO] [1790654742.721321044] [uav3.mavros]: Plugin imu ignored
[INFO] [1790654742.865309264] [uav3.mavros]: Plugin local_position created
[INFO] [1790654742.865365915] [uav3.mavros]: Plugin local_position initialized
[INFO] [1790654742.865375854] [uav3.mavros]: Plugin manual_control ignored
[INFO] [1790654742.865381417] [uav3.mavros]: Plugin nav_controller_output ignored
[INFO] [1790654742.865386365] [uav3.mavros]: Plugin param ignored
[INFO] [1790654742.865391222] [uav3.mavros]: Plugin rallypoint ignored
[INFO] [1790654742.865396321] [uav3.mavros]: Plugin rc_io ignored
[INFO] [1790654742.865401484] [uav3.mavros]: Plugin setpoint_accel ignored
[INFO] [1790654742.865406191] [uav3.mavros]: Plugin setpoint_attitude ignored
[INFO] [1790654742.865411063] [uav3.mavros]: Plugin setpoint_position ignored
[INFO] [1790654742.865415805] [uav3.mavros]: Plugin setpoint_raw ignored
[INFO] [1790654742.865420538] [uav3.mavros]: Plugin setpoint_trajectory ignored
[INFO] [1790654742.974919763] [uav3.mavros]: Plugin setpoint_velocity created
[INFO] [1790654742.984686742] [uav3.mavros]: Plugin setpoint_velocity initialized
[INFO] [1790654743.165925849] [uav3.mavros]: Plugin sys_status created
[INFO] [1790654743.165990077] [uav3.mavros]: Plugin sys_status initialized
[INFO] [1790654743.247456553] [uav3.mavros.time]: TM: Timesync mode: MAVLINK
[INFO] [1790654743.307081904] [uav3.mavros]: Plugin sys_time created
[INFO] [1790654743.307131806] [uav3.mavros]: Plugin sys_time initialized
[INFO] [1790654743.307141403] [uav3.mavros]: Plugin waypoint ignored
[INFO] [1790654743.307147294] [uav3.mavros]: Plugin wind_estimation ignored
[INFO] [1790654743.334028899] [uav3.mavros]: Built-in SIMD instructions: SSE, SSE2
[INFO] [1790654743.334072197] [uav3.mavros]: Built-in MAVLink package version: 2026.8.8
[INFO] [1790654743.334108623] [uav3.mavros]: Known MAVLink dialects: common ardupilotmega ASLUAV AVSSUAS all csAirLink cubepilot development icarous loweheiser marsh paparazzi standard stemstudios storm32 uAvionix ualberta
[INFO] [1790654743.334116844] [uav3.mavros]: MAVROS UAS via /uas3 started. MY ID 3.191, TARGET ID 3.1
[INFO] [1790654743.358984430] [uav3.mavros_router]: link[1001] detected remote address 3.191
[INFO] [1790654744.186254230] [uav3.mavros.sys]: VER: 3.1: Capabilities         0x000000000000e8ff
[INFO] [1790654744.193534335] [uav3.mavros.sys]: VER: 3.1: Flight software:     011200c0 (fca3df865a000000)
[INFO] [1790654744.193575885] [uav3.mavros.sys]: VER: 3.1: Middleware software: 011200c0 (fca3df865a000000)
[INFO] [1790654744.193580851] [uav3.mavros.sys]: VER: 3.1: OS software:         070000ff (17040b9f87cb1791)
[INFO] [1790654744.193585075] [uav3.mavros.sys]: VER: 3.1: Board hardware:      00000001
[INFO] [1790654744.193589530] [uav3.mavros.sys]: VER: 3.1: VID/PID:             0000:0000
[INFO] [1790654744.193594531] [uav3.mavros.sys]: VER: 3.1: UID:                 4954414c44494e51
[WARN] [1790654744.193745702] [uav3.mavros.cmd]: CMD: Unexpected command 512, result 0
[INFO] [1790654744.393573076] [uav3.mavros]: CON: Got HEARTBEAT, connected. FCU: PX4 Autopilot
[INFO] [1790654745.447170987] [uav3.mavros.sys]: VER: 3.1: Capabilities         0x000000000000e8ff
[INFO] [1790654745.447218822] [uav3.mavros.sys]: VER: 3.1: Flight software:     011200c0 (fca3df865a000000)
[INFO] [1790654745.447225651] [uav3.mavros.sys]: VER: 3.1: Middleware software: 011200c0 (fca3df865a000000)
[INFO] [1790654745.447230084] [uav3.mavros.sys]: VER: 3.1: OS software:         070000ff (17040b9f87cb1791)
[INFO] [1790654745.447234931] [uav3.mavros.sys]: VER: 3.1: Board hardware:      00000001
[INFO] [1790654745.447239477] [uav3.mavros.sys]: VER: 3.1: VID/PID:             0000:0000
[INFO] [1790654745.447243696] [uav3.mavros.sys]: VER: 3.1: UID:                 4954414c44494e51
[WARN] [1790654752.702923563] [uav3.mavros.sys]: FCU: UNK(8): EVENT 11047904 with args -0-0-0-0-0-128-0-0-0-176-122-127-128-176-122-127-128-0-0-0-0-0-0-0-0-0-0-0-0-0-0-0-0-0-0-0-0-0-0-0-
[INFO] [1790654752.703001964] [uav3.mavros.sys]: FCU: EVENT 377561 with args -8-0-0-0-20-0-0-0-0-0-0-0-0-0-0-0-0-0-0-0-0-0-0-0-0-0-0-0-0-0-0-0-0-0-0-0-0-0-0-0-
[WARN] [1790654752.703039737] [uav3.mavros.sys]: FCU: EVENT 453929 with args -255-255-255-255-7-0-0-0-0-0-0-0-0-0-0-0-0-0-0-0-0-0-0-0-0-0-0-0-0-0-0-0-0-0-0-0-0-0-0-0-
[INFO] [1790654752.703075625] [uav3.mavros.sys]: FCU: EVENT 6801787 with args -255-255-255-255-12-0-0-0-0-0-0-0-0-0-0-0-0-0-0-0-0-0-0-0-0-0-0-0-0-0-0-0-0-0-0-0-0-0-0-0-
[WARN] [1790654752.703112031] [uav3.mavros.sys]: FCU: UNK(8): EVENT 1914663 with args -0-10-13-2-56-0-0-0-0-0-0-0-0-0-0-0-0-0-0-0-0-0-0-0-0-0-0-0-0-0-0-0-0-0-0-0-0-0-0-0-
[WARN] [1790654758.533705327] [uav3.mavros.cmd]: CMD: Unexpected command 176, result 0
[INFO] [1790654758.931309959] [uav3.mavros.sys]: FCU: EVENT 9489139 with args -4-0-0-0-0-0-0-0-0-0-0-0-0-0-0-0-0-0-0-0-0-0-0-0-0-0-0-0-0-0-0-0-0-0-0-0-0-0-0-0-
[INFO] [1790654760.885384728] [uav3.mavros.sys]: FCU: EVENT 4277609 with args -0-0-0-0-0-0-0-0-0-0-0-0-0-0-0-0-0-0-0-0-0-0-0-0-0-0-0-0-0-0-0-0-0-0-0-0-0-0-0-0-
[WARN] [1790655012.687890858] [uav3.mavros.cmd]: CMD: Unexpected command 176, result 0
[INFO] [1790655046.614222604] [uav3.mavros.sys]: FCU: EVENT 9844908 with args -0-0-0-0-0-0-0-0-0-0-0-0-0-0-0-0-0-0-0-0-0-0-0-0-0-0-0-0-0-0-0-0-0-0-0-0-0-0-0-0-
[INFO] [1790655048.736696272] [uav3.mavros.sys]: FCU: EVENT 16017271 with args -6-0-0-0-0-0-0-0-0-0-0-0-0-0-0-0-0-0-0-0-0-0-0-0-0-0-0-0-0-0-0-0-0-0-0-0-0-0-0-0-
[WARN] [1790655053.056092705] [uav3.mavros.sys]: FCU: UNK(8): EVENT 11047904 with args -0-0-0-0-0-128-0-0-0-176-122-127-128-176-122-127-128-0-0-0-0-0-0-0-0-0-0-0-0-0-0-0-0-0-0-0-0-0-0-0-
[INFO] [1790655053.056210092] [uav3.mavros.sys]: FCU: EVENT 377561 with args -8-0-0-0-20-0-0-0-0-0-0-0-0-0-0-0-0-0-0-0-0-0-0-0-0-0-0-0-0-0-0-0-0-0-0-0-0-0-0-0-
[WARN] [1790655053.056299756] [uav3.mavros.sys]: FCU: EVENT 453929 with args -255-255-255-255-7-0-0-0-0-0-0-0-0-0-0-0-0-0-0-0-0-0-0-0-0-0-0-0-0-0-0-0-0-0-0-0-0-0-0-0-
[INFO] [1790655053.056380815] [uav3.mavros.sys]: FCU: EVENT 6801787 with args -255-255-255-255-12-0-0-0-0-0-0-0-0-0-0-0-0-0-0-0-0-0-0-0-0-0-0-0-0-0-0-0-0-0-0-0-0-0-0-0-
[WARN] [1790655053.056558322] [uav3.mavros.sys]: FCU: UNK(8): EVENT 1914663 with args -0-10-9-2-56-0-0-0-0-0-0-0-0-0-0-0-0-0-0-0-0-0-0-0-0-0-0-0-0-0-0-0-0-0-0-0-0-0-0-0-
[INFO] [1790655057.279228928] [rclcpp]: signal_handler(SIGINT/SIGTERM)
[WARN] [1790655057.301727040] [uav3.mavros]: UAS Executor terminated
