[INFO] [1790654742.209367053] [uav1.mavros_node]: Starting mavros_node container
[INFO] [1790654742.211625962] [uav1.mavros_node]: FCU URL: udp://:15540@127.0.0.1:15580
[INFO] [1790654742.211663728] [uav1.mavros_node]: GCS URL: 
[INFO] [1790654742.211669625] [uav1.mavros_node]: UAS Prefix: /uas1
[INFO] [1790654742.211674606] [uav1.mavros_node]: Starting mavros router node
[INFO] [1790654742.327588819] [uav1.mavros_router]: Built-in SIMD instructions: SSE, SSE2
[INFO] [1790654742.327634794] [uav1.mavros_router]: Built-in MAVLink package version: 2026.8.8
[INFO] [1790654742.327644026] [uav1.mavros_router]: Known MAVLink dialects: common ardupilotmega ASLUAV AVSSUAS all csAirLink cubepilot development icarous loweheiser marsh paparazzi standard stemstudios storm32 uAvionix ualberta
[INFO] [1790654742.327650942] [uav1.mavros_router]: MAVROS Router started
[INFO] [1790654742.327804883] [uav1.mavros_node]: Starting mavros uas node
[INFO] [1790654742.524991470] [uav1.mavros_router]: Requested to add endpoint: type: 0, url: udp://:15540@127.0.0.1:15580
[INFO] [1790654742.525051538] [uav1.mavros_router]: Endpoint link[1000] created
[INFO] [1790654742.525284076] [uav1.mavros_router]: link[1000] opened successfully
[INFO] [1790654742.525313695] [uav1.mavros_router]: Requested to add endpoint: type: 2, url: /uas1
[INFO] [1790654742.525328716] [uav1.mavros_router]: Endpoint link[1001] created
[INFO] [1790654742.544568909] [uav1.mavros]: Plugin actuator_control ignored
[INFO] [1790654742.544620081] [uav1.mavros]: Plugin altitude ignored
[INFO] [1790654742.544990339] [uav1.mavros]: UAS Executor started, threads: 4
[INFO] [1790654742.561238231] [uav1.mavros_router]: link[1000] detected remote address 1.1
[INFO] [1790654742.614793051] [uav1.mavros_router]: link[1001] opened successfully
[INFO] [1790654742.824422144] [uav1.mavros]: Plugin command created
[INFO] [1790654742.824487660] [uav1.mavros]: Plugin command initialized
[INFO] [1790654742.824498198] [uav1.mavros]: Plugin ftp ignored
[INFO] [1790654742.824504068] [uav1.mavros]: Plugin geofence ignored
[INFO] [1790654743.106313123] [uav1.mavros]: Plugin global_position created
[INFO] [1790654743.106377644] [uav1.mavros]: Plugin global_position initialized
[INFO] [1790654743.106387924] [uav1.mavros]: Plugin home_position ignored
[INFO] [1790654743.106398011] [uav1.mavros]: Plugin imu ignored
[INFO] [1790654743.430603970] [uav1.mavros]: Plugin local_position created
[INFO] [1790654743.437946714] [uav1.mavros]: Plugin local_position initialized
[INFO] [1790654743.437963965] [uav1.mavros]: Plugin manual_control ignored
[INFO] [1790654743.437969729] [uav1.mavros]: Plugin nav_controller_output ignored
[INFO] [1790654743.437975313] [uav1.mavros]: Plugin param ignored
[INFO] [1790654743.437980039] [uav1.mavros]: Plugin rallypoint ignored
[INFO] [1790654743.437984835] [uav1.mavros]: Plugin rc_io ignored
[INFO] [1790654743.437989746] [uav1.mavros]: Plugin setpoint_accel ignored
[INFO] [1790654743.437994491] [uav1.mavros]: Plugin setpoint_attitude ignored
[INFO] [1790654743.437998754] [uav1.mavros]: Plugin setpoint_position ignored
[INFO] [1790654743.438003534] [uav1.mavros]: Plugin setpoint_raw ignored
[INFO] [1790654743.438008183] [uav1.mavros]: Plugin setpoint_trajectory ignored
[INFO] [1790654743.632593502] [uav1.mavros]: Plugin setpoint_velocity created
[INFO] [1790654743.632653724] [uav1.mavros]: Plugin setpoint_velocity initialized
[INFO] [1790654743.981104457] [uav1.mavros]: Plugin sys_status created
[INFO] [1790654743.981175825] [uav1.mavros]: Plugin sys_status initialized
[INFO] [1790654744.141967845] [uav1.mavros.time]: TM: Timesync mode: MAVLINK
[INFO] [1790654744.187049634] [uav1.mavros]: Plugin sys_time created
[INFO] [1790654744.187096984] [uav1.mavros]: Plugin sys_time initialized
[INFO] [1790654744.187106497] [uav1.mavros]: Plugin waypoint ignored
[INFO] [1790654744.187112697] [uav1.mavros]: Plugin wind_estimation ignored
[INFO] [1790654744.215384850] [uav1.mavros]: Built-in SIMD instructions: SSE, SSE2
[INFO] [1790654744.215423437] [uav1.mavros]: Built-in MAVLink package version: 2026.8.8
[INFO] [1790654744.215451848] [uav1.mavros]: Known MAVLink dialects: common ardupilotmega ASLUAV AVSSUAS all csAirLink cubepilot development icarous loweheiser marsh paparazzi standard stemstudios storm32 uAvionix ualberta
[INFO] [1790654744.215466379] [uav1.mavros]: MAVROS UAS via /uas1 started. MY ID 1.191, TARGET ID 1.1
[INFO] [1790654744.837312416] [uav1.mavros_router]: link[1001] detected remote address 1.191
[INFO] [1790654745.182737613] [uav1.mavros.sys]: VER: 1.1: Capabilities         0x000000000000e8ff
[INFO] [1790654745.182792534] [uav1.mavros.sys]: VER: 1.1: Flight software:     011200c0 (fca3df865a000000)
[INFO] [1790654745.182800080] [uav1.mavros.sys]: VER: 1.1: Middleware software: 011200c0 (fca3df865a000000)
[INFO] [1790654745.182804972] [uav1.mavros.sys]: VER: 1.1: OS software:         070000ff (17040b9f87cb1791)
[INFO] [1790654745.182809620] [uav1.mavros.sys]: VER: 1.1: Board hardware:      00000001
[INFO] [1790654745.182814285] [uav1.mavros.sys]: VER: 1.1: VID/PID:             0000:0000
[INFO] [1790654745.182819139] [uav1.mavros.sys]: VER: 1.1: UID:                 4954414c44494e4f
[WARN] [1790654745.188637968] [uav1.mavros.cmd]: CMD: Unexpected command 512, result 0
[INFO] [1790654745.192254824] [uav1.mavros]: CON: Got HEARTBEAT, connected. FCU: PX4 Autopilot
[INFO] [1790654746.369824662] [uav1.mavros.sys]: VER: 1.1: Capabilities         0x000000000000e8ff
[INFO] [1790654746.369875399] [uav1.mavros.sys]: VER: 1.1: Flight software:     011200c0 (fca3df865a000000)
[INFO] [1790654746.369883326] [uav1.mavros.sys]: VER: 1.1: Middleware software: 011200c0 (fca3df865a000000)
[INFO] [1790654746.369888561] [uav1.mavros.sys]: VER: 1.1: OS software:         070000ff (17040b9f87cb1791)
[INFO] [1790654746.369893701] [uav1.mavros.sys]: VER: 1.1: Board hardware:      00000001
[INFO] [1790654746.369898662] [uav1.mavros.sys]: VER: 1.1: VID/PID:             0000:0000
[INFO] [1790654746.369903821] [uav1.mavros.sys]: VER: 1.1: UID:                 4954414c44494e4f
[WARN] [1790654755.501779112] [uav1.mavros.sys]: FCU: UNK(8): EVENT 1914663 with args -0-10-13-2-56-0-0-0-0-0-0-0-0-0-0-0-0-0-0-0-0-0-0-0-0-0-0-0-0-0-0-0-0-0-0-0-0-0-0-0-
[WARN] [1790654758.611473958] [uav1.mavros.cmd]: CMD: Unexpected command 176, result 0
[INFO] [1790654758.984031362] [uav1.mavros.sys]: FCU: EVENT 9489139 with args -4-0-0-0-0-0-0-0-0-0-0-0-0-0-0-0-0-0-0-0-0-0-0-0-0-0-0-0-0-0-0-0-0-0-0-0-0-0-0-0-
[INFO] [1790654760.992592654] [uav1.mavros.sys]: FCU: EVENT 4277609 with args -0-0-0-0-0-0-0-0-0-0-0-0-0-0-0-0-0-0-0-0-0-0-0-0-0-0-0-0-0-0-0-0-0-0-0-0-0-0-0-0-
[WARN] [1790654764.857049567] [uav1.mavros.cmd]: CMD: Command 400 -- ack timeout
[WARN] [1790655012.764602362] [uav1.mavros.cmd]: CMD: Unexpected command 176, result 0
[INFO] [1790655052.240044742] [uav1.mavros.sys]: FCU: EVENT 9844908 with args -0-0-0-0-0-0-0-0-0-0-0-0-0-0-0-0-0-0-0-0-0-0-0-0-0-0-0-0-0-0-0-0-0-0-0-0-0-0-0-0-
[INFO] [1790655054.309190191] [uav1.mavros.sys]: FCU: EVENT 16017271 with args -6-0-0-0-0-0-0-0-0-0-0-0-0-0-0-0-0-0-0-0-0-0-0-0-0-0-0-0-0-0-0-0-0-0-0-0-0-0-0-0-
[INFO] [1790655057.268348171] [rclcpp]: signal_handler(SIGINT/SIGTERM)
[WARN] [1790655057.270793380] [uav1.mavros]: UAS Executor terminated
