[INFO] [1790654742.213141953] [uav6.mavros_node]: Starting mavros_node container
[INFO] [1790654742.214745900] [uav6.mavros_node]: FCU URL: udp://:14545@127.0.0.1:14585
[INFO] [1790654742.215219128] [uav6.mavros_node]: GCS URL: 
[INFO] [1790654742.215226105] [uav6.mavros_node]: UAS Prefix: /uas6
[INFO] [1790654742.215231120] [uav6.mavros_node]: Starting mavros router node
[INFO] [1790654742.306131680] [uav6.mavros_router]: Built-in SIMD instructions: SSE, SSE2
[INFO] [1790654742.306298645] [uav6.mavros_router]: Built-in MAVLink package version: 2026.8.8
[INFO] [1790654742.306319111] [uav6.mavros_router]: Known MAVLink dialects: common ardupilotmega ASLUAV AVSSUAS all csAirLink cubepilot development icarous loweheiser marsh paparazzi standard stemstudios storm32 uAvionix ualberta
[INFO] [1790654742.306325681] [uav6.mavros_router]: MAVROS Router started
[INFO] [1790654742.306498067] [uav6.mavros_node]: Starting mavros uas node
[INFO] [1790654742.562879554] [uav6.mavros_router]: Requested to add endpoint: type: 0, url: udp://:14545@127.0.0.1:14585
[INFO] [1790654742.563185158] [uav6.mavros_router]: Endpoint link[1000] created
[INFO] [1790654742.567145693] [uav6.mavros_router]: link[1000] opened successfully
[INFO] [1790654742.567198457] [uav6.mavros_router]: Requested to add endpoint: type: 2, url: /uas6
[INFO] [1790654742.567220999] [uav6.mavros_router]: Endpoint link[1001] created
[INFO] [1790654742.570002629] [uav6.mavros_router]: link[1000] detected remote address 6.1
[INFO] [1790654742.581438650] [uav6.mavros]: Plugin actuator_control ignored
[INFO] [1790654742.585267554] [uav6.mavros]: Plugin altitude ignored
[INFO] [1790654742.582878641] [uav6.mavros]: UAS Executor started, threads: 4
[INFO] [1790654742.670320978] [uav6.mavros_router]: link[1001] opened successfully
[INFO] [1790654742.892310097] [uav6.mavros]: Plugin command created
[INFO] [1790654742.892375571] [uav6.mavros]: Plugin command initialized
[INFO] [1790654742.892385277] [uav6.mavros]: Plugin ftp ignored
[INFO] [1790654742.892390758] [uav6.mavros]: Plugin geofence ignored
[INFO] [1790654743.338841151] [uav6.mavros]: Plugin global_position created
[INFO] [1790654743.338896396] [uav6.mavros]: Plugin global_position initialized
[INFO] [1790654743.338906998] [uav6.mavros]: Plugin home_position ignored
[INFO] [1790654743.338913155] [uav6.mavros]: Plugin imu ignored
[INFO] [1790654743.607856810] [uav6.mavros]: Plugin local_position created
[INFO] [1790654743.607920522] [uav6.mavros]: Plugin local_position initialized
[INFO] [1790654743.607930293] [uav6.mavros]: Plugin manual_control ignored
[INFO] [1790654743.607935796] [uav6.mavros]: Plugin nav_controller_output ignored
[INFO] [1790654743.607940738] [uav6.mavros]: Plugin param ignored
[INFO] [1790654743.607945670] [uav6.mavros]: Plugin rallypoint ignored
[INFO] [1790654743.607950279] [uav6.mavros]: Plugin rc_io ignored
[INFO] [1790654743.607954998] [uav6.mavros]: Plugin setpoint_accel ignored
[INFO] [1790654743.607959750] [uav6.mavros]: Plugin setpoint_attitude ignored
[INFO] [1790654743.607964608] [uav6.mavros]: Plugin setpoint_position ignored
[INFO] [1790654743.607969212] [uav6.mavros]: Plugin setpoint_raw ignored
[INFO] [1790654743.607974200] [uav6.mavros]: Plugin setpoint_trajectory ignored
[INFO] [1790654743.734961571] [uav6.mavros]: Plugin setpoint_velocity created
[INFO] [1790654743.735028620] [uav6.mavros]: Plugin setpoint_velocity initialized
[INFO] [1790654743.913969910] [uav6.mavros]: Plugin sys_status created
[INFO] [1790654743.914038300] [uav6.mavros]: Plugin sys_status initialized
[INFO] [1790654744.016697154] [uav6.mavros.time]: TM: Timesync mode: MAVLINK
[INFO] [1790654744.042345381] [uav6.mavros]: Plugin sys_time created
[INFO] [1790654744.042406169] [uav6.mavros]: Plugin sys_time initialized
[INFO] [1790654744.042415248] [uav6.mavros]: Plugin waypoint ignored
[INFO] [1790654744.042420773] [uav6.mavros]: Plugin wind_estimation ignored
[INFO] [1790654744.070059877] [uav6.mavros]: Built-in SIMD instructions: SSE, SSE2
[INFO] [1790654744.070094763] [uav6.mavros]: Built-in MAVLink package version: 2026.8.8
[INFO] [1790654744.070121451] [uav6.mavros]: Known MAVLink dialects: common ardupilotmega ASLUAV AVSSUAS all csAirLink cubepilot development icarous loweheiser marsh paparazzi standard stemstudios storm32 uAvionix ualberta
[INFO] [1790654744.070128296] [uav6.mavros]: MAVROS UAS via /uas6 started. MY ID 6.191, TARGET ID 6.1
[INFO] [1790654744.191384636] [uav6.mavros_router]: link[1001] detected remote address 6.191
[INFO] [1790654744.314937211] [uav6.mavros]: CON: Got HEARTBEAT, connected. FCU: PX4 Autopilot
[INFO] [1790654745.372891244] [uav6.mavros.sys]: VER: 6.1: Capabilities         0x000000000000e8ff
[INFO] [1790654745.372940337] [uav6.mavros.sys]: VER: 6.1: Flight software:     011200c0 (fca3df865a000000)
[INFO] [1790654745.372948336] [uav6.mavros.sys]: VER: 6.1: Middleware software: 011200c0 (fca3df865a000000)
[INFO] [1790654745.372953578] [uav6.mavros.sys]: VER: 6.1: OS software:         070000ff (17040b9f87cb1791)
[INFO] [1790654745.372958736] [uav6.mavros.sys]: VER: 6.1: Board hardware:      00000001
[INFO] [1790654745.372964791] [uav6.mavros.sys]: VER: 6.1: VID/PID:             0000:0000
[INFO] [1790654745.372970223] [uav6.mavros.sys]: VER: 6.1: UID:                 4954414c44494e54
[WARN] [1790654745.373003468] [uav6.mavros.cmd]: CMD: Unexpected command 512, result 0
[WARN] [1790654756.172466051] [uav6.mavros.sys]: FCU: UNK(8): EVENT 11047904 with args -0-0-0-0-0-128-0-0-0-176-122-127-128-176-122-127-128-0-0-0-0-0-0-0-0-0-0-0-0-0-0-0-0-0-0-0-0-0-0-0-
[INFO] [1790654756.172559560] [uav6.mavros.sys]: FCU: EVENT 377561 with args -8-0-0-0-20-0-0-0-0-0-0-0-0-0-0-0-0-0-0-0-0-0-0-0-0-0-0-0-0-0-0-0-0-0-0-0-0-0-0-0-
[WARN] [1790654756.172594227] [uav6.mavros.sys]: FCU: EVENT 453929 with args -255-255-255-255-7-0-0-0-0-0-0-0-0-0-0-0-0-0-0-0-0-0-0-0-0-0-0-0-0-0-0-0-0-0-0-0-0-0-0-0-
[INFO] [1790654756.172625706] [uav6.mavros.sys]: FCU: EVENT 6801787 with args -255-255-255-255-12-0-0-0-0-0-0-0-0-0-0-0-0-0-0-0-0-0-0-0-0-0-0-0-0-0-0-0-0-0-0-0-0-0-0-0-
[WARN] [1790654756.172660163] [uav6.mavros.sys]: FCU: UNK(8): EVENT 1914663 with args -0-10-13-2-56-0-0-0-0-0-0-0-0-0-0-0-0-0-0-0-0-0-0-0-0-0-0-0-0-0-0-0-0-0-0-0-0-0-0-0-
[WARN] [1790654758.554847890] [uav6.mavros.cmd]: CMD: Unexpected command 176, result 0
[INFO] [1790654758.917334220] [uav6.mavros.sys]: FCU: EVENT 9489139 with args -4-0-0-0-0-0-0-0-0-0-0-0-0-0-0-0-0-0-0-0-0-0-0-0-0-0-0-0-0-0-0-0-0-0-0-0-0-0-0-0-
[INFO] [1790654760.748330946] [uav6.mavros.sys]: FCU: EVENT 4277609 with args -0-0-0-0-0-0-0-0-0-0-0-0-0-0-0-0-0-0-0-0-0-0-0-0-0-0-0-0-0-0-0-0-0-0-0-0-0-0-0-0-
[WARN] [1790655012.684641206] [uav6.mavros.cmd]: CMD: Unexpected command 176, result 0
[INFO] [1790655044.067941970] [uav6.mavros.sys]: FCU: EVENT 9844908 with args -0-0-0-0-0-0-0-0-0-0-0-0-0-0-0-0-0-0-0-0-0-0-0-0-0-0-0-0-0-0-0-0-0-0-0-0-0-0-0-0-
[INFO] [1790655046.198171900] [uav6.mavros.sys]: FCU: EVENT 16017271 with args -6-0-0-0-0-0-0-0-0-0-0-0-0-0-0-0-0-0-0-0-0-0-0-0-0-0-0-0-0-0-0-0-0-0-0-0-0-0-0-0-
[WARN] [1790655050.491799002] [uav6.mavros.sys]: FCU: UNK(8): EVENT 11047904 with args -0-0-0-0-0-128-0-0-0-176-122-127-128-176-122-127-128-0-0-0-0-0-0-0-0-0-0-0-0-0-0-0-0-0-0-0-0-0-0-0-
[INFO] [1790655050.491883161] [uav6.mavros.sys]: FCU: EVENT 377561 with args -8-0-0-0-20-0-0-0-0-0-0-0-0-0-0-0-0-0-0-0-0-0-0-0-0-0-0-0-0-0-0-0-0-0-0-0-0-0-0-0-
[WARN] [1790655050.492048114] [uav6.mavros.sys]: FCU: EVENT 453929 with args -255-255-255-255-7-0-0-0-0-0-0-0-0-0-0-0-0-0-0-0-0-0-0-0-0-0-0-0-0-0-0-0-0-0-0-0-0-0-0-0-
[INFO] [1790655050.492079446] [uav6.mavros.sys]: FCU: EVENT 6801787 with args -255-255-255-255-12-0-0-0-0-0-0-0-0-0-0-0-0-0-0-0-0-0-0-0-0-0-0-0-0-0-0-0-0-0-0-0-0-0-0-0-
[WARN] [1790655050.492195198] [uav6.mavros.sys]: FCU: UNK(8): EVENT 1914663 with args -0-10-9-2-56-0-0-0-0-0-0-0-0-0-0-0-0-0-0-0-0-0-0-0-0-0-0-0-0-0-0-0-0-0-0-0-0-0-0-0-
[INFO] [1790655057.286938325] [rclcpp]: signal_handler(SIGINT/SIGTERM)
[WARN] [1790655057.287624120] [uav6.mavros]: UAS Executor terminated
