[INFO] [1790580064.948225780] [uav3.mavros_node]: Starting mavros_node container
[INFO] [1790580064.948344383] [uav3.mavros_node]: FCU URL: udp://:14542@127.0.0.1:14582
[INFO] [1790580064.948355101] [uav3.mavros_node]: GCS URL: 
[INFO] [1790580064.948360041] [uav3.mavros_node]: UAS Prefix: /uas3
[INFO] [1790580064.948364805] [uav3.mavros_node]: Starting mavros router node
[INFO] [1790580064.997720153] [uav3.mavros_router]: Built-in SIMD instructions: SSE, SSE2
[INFO] [1790580064.997799729] [uav3.mavros_router]: Built-in MAVLink package version: 2026.8.8
[INFO] [1790580064.997811188] [uav3.mavros_router]: Known MAVLink dialects: common ardupilotmega ASLUAV AVSSUAS all csAirLink cubepilot development icarous loweheiser marsh paparazzi standard stemstudios storm32 uAvionix ualberta
[INFO] [1790580064.997818734] [uav3.mavros_router]: MAVROS Router started
[INFO] [1790580064.998035246] [uav3.mavros_node]: Starting mavros uas node
[INFO] [1790580065.097113807] [uav3.mavros_router]: Requested to add endpoint: type: 0, url: udp://:14542@127.0.0.1:14582
[INFO] [1790580065.099581544] [uav3.mavros_router]: Endpoint link[1000] created
[INFO] [1790580065.099871837] [uav3.mavros_router]: link[1000] opened successfully
[INFO] [1790580065.099899140] [uav3.mavros_router]: Requested to add endpoint: type: 2, url: /uas3
[INFO] [1790580065.099913880] [uav3.mavros_router]: Endpoint link[1001] created
[INFO] [1790580065.100621045] [uav3.mavros_router]: link[1000] detected remote address 3.1
[INFO] [1790580065.112442317] [uav3.mavros]: Plugin actuator_control ignored
[INFO] [1790580065.112947420] [uav3.mavros]: Plugin altitude ignored
[INFO] [1790580065.112620232] [uav3.mavros]: UAS Executor started, threads: 4
[INFO] [1790580065.185580319] [uav3.mavros_router]: link[1001] opened successfully
[INFO] [1790580065.216160473] [uav3.mavros]: Plugin command created
[INFO] [1790580065.216230688] [uav3.mavros]: Plugin command initialized
[INFO] [1790580065.216242555] [uav3.mavros]: Plugin ftp ignored
[INFO] [1790580065.216248630] [uav3.mavros]: Plugin geofence ignored
[INFO] [1790580065.237737319] [uav3.mavros]: Plugin global_position created
[INFO] [1790580065.237794525] [uav3.mavros]: Plugin global_position initialized
[INFO] [1790580065.237804058] [uav3.mavros]: Plugin home_position ignored
[INFO] [1790580065.237809923] [uav3.mavros]: Plugin imu ignored
[INFO] [1790580065.266280566] [uav3.mavros]: Plugin local_position created
[INFO] [1790580065.266344639] [uav3.mavros]: Plugin local_position initialized
[INFO] [1790580065.266356300] [uav3.mavros]: Plugin manual_control ignored
[INFO] [1790580065.266363766] [uav3.mavros]: Plugin nav_controller_output ignored
[INFO] [1790580065.266371285] [uav3.mavros]: Plugin param ignored
[INFO] [1790580065.266376888] [uav3.mavros]: Plugin rallypoint ignored
[INFO] [1790580065.266454491] [uav3.mavros]: Plugin rc_io ignored
[INFO] [1790580065.266647971] [uav3.mavros]: Plugin setpoint_accel ignored
[INFO] [1790580065.266661410] [uav3.mavros]: Plugin setpoint_attitude ignored
[INFO] [1790580065.266668258] [uav3.mavros]: Plugin setpoint_position ignored
[INFO] [1790580065.266674181] [uav3.mavros]: Plugin setpoint_raw ignored
[INFO] [1790580065.266680095] [uav3.mavros]: Plugin setpoint_trajectory ignored
[INFO] [1790580065.277165310] [uav3.mavros]: Plugin setpoint_velocity created
[INFO] [1790580065.277311842] [uav3.mavros]: Plugin setpoint_velocity initialized
[INFO] [1790580065.307219740] [uav3.mavros]: Plugin sys_status created
[INFO] [1790580065.307291760] [uav3.mavros]: Plugin sys_status initialized
[INFO] [1790580065.334554305] [uav3.mavros.time]: TM: Timesync mode: MAVLINK
[INFO] [1790580065.337060381] [uav3.mavros]: Plugin sys_time created
[INFO] [1790580065.337121133] [uav3.mavros]: Plugin sys_time initialized
[INFO] [1790580065.337133127] [uav3.mavros]: Plugin waypoint ignored
[INFO] [1790580065.337139099] [uav3.mavros]: Plugin wind_estimation ignored
[INFO] [1790580065.341739303] [uav3.mavros]: Built-in SIMD instructions: SSE, SSE2
[INFO] [1790580065.341787482] [uav3.mavros]: Built-in MAVLink package version: 2026.8.8
[INFO] [1790580065.341824262] [uav3.mavros]: Known MAVLink dialects: common ardupilotmega ASLUAV AVSSUAS all csAirLink cubepilot development icarous loweheiser marsh paparazzi standard stemstudios storm32 uAvionix ualberta
[INFO] [1790580065.341832937] [uav3.mavros]: MAVROS UAS via /uas3 started. MY ID 3.191, TARGET ID 3.1
[INFO] [1790580065.394204998] [uav3.mavros_router]: link[1001] detected remote address 3.191
[INFO] [1790580066.343084720] [uav3.mavros.sys]: VER: 3.1: Capabilities         0x000000000000e8ff
[INFO] [1790580066.345584963] [uav3.mavros.sys]: VER: 3.1: Flight software:     011200c0 (fca3df865a000000)
[INFO] [1790580066.346679431] [uav3.mavros.sys]: VER: 3.1: Middleware software: 011200c0 (fca3df865a000000)
[INFO] [1790580066.346710612] [uav3.mavros.sys]: VER: 3.1: OS software:         070000ff (17040b9f87cb1791)
[INFO] [1790580066.346717888] [uav3.mavros.sys]: VER: 3.1: Board hardware:      00000001
[INFO] [1790580066.346723664] [uav3.mavros.sys]: VER: 3.1: VID/PID:             0000:0000
[INFO] [1790580066.346728821] [uav3.mavros.sys]: VER: 3.1: UID:                 4954414c44494e51
[WARN] [1790580066.346969945] [uav3.mavros.cmd]: CMD: Unexpected command 512, result 0
[INFO] [1790580066.347175088] [uav3.mavros]: CON: Got HEARTBEAT, connected. FCU: PX4 Autopilot
[INFO] [1790580067.454494527] [uav3.mavros.sys]: VER: 3.1: Capabilities         0x000000000000e8ff
[INFO] [1790580067.454548909] [uav3.mavros.sys]: VER: 3.1: Flight software:     011200c0 (fca3df865a000000)
[INFO] [1790580067.454558860] [uav3.mavros.sys]: VER: 3.1: Middleware software: 011200c0 (fca3df865a000000)
[INFO] [1790580067.454564915] [uav3.mavros.sys]: VER: 3.1: OS software:         070000ff (17040b9f87cb1791)
[INFO] [1790580067.454570301] [uav3.mavros.sys]: VER: 3.1: Board hardware:      00000001
[INFO] [1790580067.454575923] [uav3.mavros.sys]: VER: 3.1: VID/PID:             0000:0000
[INFO] [1790580067.454581337] [uav3.mavros.sys]: VER: 3.1: UID:                 4954414c44494e51
[WARN] [1790580067.471081818] [uav3.mavros.sys]: VER: broadcast request timeout, retries left 4
[WARN] [1790580076.233615602] [uav3.mavros.sys]: FCU: UNK(8): EVENT 11047904 with args -0-0-0-0-0-128-0-0-0-176-122-127-128-176-122-127-128-0-0-0-0-0-0-0-0-0-0-0-0-0-0-0-0-0-0-0-0-0-0-0-
[INFO] [1790580076.233729583] [uav3.mavros.sys]: FCU: EVENT 377561 with args -8-0-0-0-20-0-0-0-0-0-0-0-0-0-0-0-0-0-0-0-0-0-0-0-0-0-0-0-0-0-0-0-0-0-0-0-0-0-0-0-
[WARN] [1790580076.233778664] [uav3.mavros.sys]: FCU: EVENT 453929 with args -255-255-255-255-7-0-0-0-0-0-0-0-0-0-0-0-0-0-0-0-0-0-0-0-0-0-0-0-0-0-0-0-0-0-0-0-0-0-0-0-
[INFO] [1790580076.233818544] [uav3.mavros.sys]: FCU: EVENT 6801787 with args -255-255-255-255-12-0-0-0-0-0-0-0-0-0-0-0-0-0-0-0-0-0-0-0-0-0-0-0-0-0-0-0-0-0-0-0-0-0-0-0-
[WARN] [1790580076.233858040] [uav3.mavros.sys]: FCU: UNK(8): EVENT 1914663 with args -0-10-13-2-56-0-0-0-0-0-0-0-0-0-0-0-0-0-0-0-0-0-0-0-0-0-0-0-0-0-0-0-0-0-0-0-0-0-0-0-
[WARN] [1790580081.506591803] [uav3.mavros.cmd]: CMD: Unexpected command 176, result 0
[INFO] [1790580081.949403023] [uav3.mavros.sys]: FCU: EVENT 9489139 with args -4-0-0-0-0-0-0-0-0-0-0-0-0-0-0-0-0-0-0-0-0-0-0-0-0-0-0-0-0-0-0-0-0-0-0-0-0-0-0-0-
[INFO] [1790580084.153749780] [uav3.mavros.sys]: FCU: EVENT 4277609 with args -0-0-0-0-0-0-0-0-0-0-0-0-0-0-0-0-0-0-0-0-0-0-0-0-0-0-0-0-0-0-0-0-0-0-0-0-0-0-0-0-
[WARN] [1790580352.692223669] [uav3.mavros.cmd]: CMD: Unexpected command 176, result 0
[INFO] [1790580390.031638077] [uav3.mavros.sys]: FCU: EVENT 9844908 with args -0-0-0-0-0-0-0-0-0-0-0-0-0-0-0-0-0-0-0-0-0-0-0-0-0-0-0-0-0-0-0-0-0-0-0-0-0-0-0-0-
[INFO] [1790580392.259250531] [uav3.mavros.sys]: FCU: EVENT 16017271 with args -6-0-0-0-0-0-0-0-0-0-0-0-0-0-0-0-0-0-0-0-0-0-0-0-0-0-0-0-0-0-0-0-0-0-0-0-0-0-0-0-
[WARN] [1790580396.723179398] [uav3.mavros.sys]: FCU: UNK(8): EVENT 11047904 with args -0-0-0-0-0-128-0-0-0-176-122-127-128-176-122-127-128-0-0-0-0-0-0-0-0-0-0-0-0-0-0-0-0-0-0-0-0-0-0-0-
[INFO] [1790580396.725671006] [uav3.mavros.sys]: FCU: EVENT 377561 with args -8-0-0-0-20-0-0-0-0-0-0-0-0-0-0-0-0-0-0-0-0-0-0-0-0-0-0-0-0-0-0-0-0-0-0-0-0-0-0-0-
[WARN] [1790580396.729124512] [uav3.mavros.sys]: FCU: EVENT 453929 with args -255-255-255-255-7-0-0-0-0-0-0-0-0-0-0-0-0-0-0-0-0-0-0-0-0-0-0-0-0-0-0-0-0-0-0-0-0-0-0-0-
[INFO] [1790580396.729245207] [uav3.mavros.sys]: FCU: EVENT 6801787 with args -255-255-255-255-12-0-0-0-0-0-0-0-0-0-0-0-0-0-0-0-0-0-0-0-0-0-0-0-0-0-0-0-0-0-0-0-0-0-0-0-
[WARN] [1790580396.729342901] [uav3.mavros.sys]: FCU: UNK(8): EVENT 1914663 with args -0-10-9-2-56-0-0-0-0-0-0-0-0-0-0-0-0-0-0-0-0-0-0-0-0-0-0-0-0-0-0-0-0-0-0-0-0-0-0-0-
[WARN] [1790580398.514747283] [uav3.mavros.sys]: FCU: UNK(8): EVENT 11047904 with args -0-0-0-16-0-128-0-0-0-176-58-127-128-176-58-127-128-0-0-0-0-0-0-0-0-0-0-0-0-0-0-0-0-0-0-0-0-0-0-0-
[ERROR] [1790580398.515057939] [uav3.mavros.sys]: FCU: EVENT 11464574 with args -0-64-0-0-20-0-0-0-0-0-0-0-0-0-0-0-0-0-0-0-0-0-0-0-0-0-0-0-0-0-0-0-0-0-0-0-0-0-0-0-
[INFO] [1790580398.515159076] [uav3.mavros.sys]: FCU: EVENT 377561 with args -8-0-0-0-20-0-0-0-0-0-0-0-0-0-0-0-0-0-0-0-0-0-0-0-0-0-0-0-0-0-0-0-0-0-0-0-0-0-0-0-
[WARN] [1790580398.515217962] [uav3.mavros.sys]: FCU: EVENT 453929 with args -255-255-255-255-7-0-0-0-0-0-0-0-0-0-0-0-0-0-0-0-0-0-0-0-0-0-0-0-0-0-0-0-0-0-0-0-0-0-0-0-
[INFO] [1790580398.515252451] [uav3.mavros.sys]: FCU: EVENT 6801787 with args -255-255-255-255-12-0-0-0-0-0-0-0-0-0-0-0-0-0-0-0-0-0-0-0-0-0-0-0-0-0-0-0-0-0-0-0-0-0-0-0-
[WARN] [1790580398.515290491] [uav3.mavros.sys]: FCU: UNK(8): EVENT 1914663 with args -0-10-9-2-56-0-0-0-0-0-0-0-0-0-0-0-0-0-0-0-0-0-0-0-0-0-0-0-0-0-0-0-0-0-0-0-0-0-0-0-
[WARN] [1790580398.515490035] [uav3.mavros.sys]: FCU: EVENT 13277401 with args -0-0-6-0-0-0-0-0-0-0-0-0-0-0-0-0-0-0-0-0-0-0-0-0-0-0-0-0-0-0-0-0-0-0-0-0-0-0-0-0-
[INFO] [1790580398.642246588] [rclcpp]: signal_handler(SIGINT/SIGTERM)
[WARN] [1790580398.647795018] [uav3.mavros]: UAS Executor terminated
