[INFO] [1790580065.262120228] [uav7.mavros_node]: Starting mavros_node container
[INFO] [1790580065.264001194] [uav7.mavros_node]: FCU URL: udp://:14546@127.0.0.1:14586
[INFO] [1790580065.264932513] [uav7.mavros_node]: GCS URL: 
[INFO] [1790580065.264962269] [uav7.mavros_node]: UAS Prefix: /uas7
[INFO] [1790580065.264969130] [uav7.mavros_node]: Starting mavros router node
[INFO] [1790580065.368504277] [uav7.mavros_router]: Built-in SIMD instructions: SSE, SSE2
[INFO] [1790580065.368552677] [uav7.mavros_router]: Built-in MAVLink package version: 2026.8.8
[INFO] [1790580065.368562548] [uav7.mavros_router]: Known MAVLink dialects: common ardupilotmega ASLUAV AVSSUAS all csAirLink cubepilot development icarous loweheiser marsh paparazzi standard stemstudios storm32 uAvionix ualberta
[INFO] [1790580065.368569193] [uav7.mavros_router]: MAVROS Router started
[INFO] [1790580065.368824445] [uav7.mavros_node]: Starting mavros uas node
[INFO] [1790580065.467054721] [uav7.mavros_router]: Requested to add endpoint: type: 0, url: udp://:14546@127.0.0.1:14586
[INFO] [1790580065.469652541] [uav7.mavros_router]: Endpoint link[1000] created
[INFO] [1790580065.471106498] [uav7.mavros_router]: link[1000] opened successfully
[INFO] [1790580065.471258586] [uav7.mavros_router]: Requested to add endpoint: type: 2, url: /uas7
[INFO] [1790580065.471585682] [uav7.mavros_router]: Endpoint link[1001] created
[INFO] [1790580065.477574948] [uav7.mavros_router]: link[1000] detected remote address 7.1
[INFO] [1790580065.486308793] [uav7.mavros]: UAS Executor started, threads: 4
[INFO] [1790580065.487005495] [uav7.mavros]: Plugin actuator_control ignored
[INFO] [1790580065.494342428] [uav7.mavros]: Plugin altitude ignored
[INFO] [1790580065.527637912] [uav7.mavros_router]: link[1001] opened successfully
[INFO] [1790580065.600365603] [uav7.mavros]: Plugin command created
[INFO] [1790580065.600441299] [uav7.mavros]: Plugin command initialized
[INFO] [1790580065.600452734] [uav7.mavros]: Plugin ftp ignored
[INFO] [1790580065.600458726] [uav7.mavros]: Plugin geofence ignored
[INFO] [1790580065.845761618] [uav7.mavros]: Plugin global_position created
[INFO] [1790580065.848592024] [uav7.mavros]: Plugin global_position initialized
[INFO] [1790580065.849049240] [uav7.mavros]: Plugin home_position ignored
[INFO] [1790580065.849066140] [uav7.mavros]: Plugin imu ignored
[INFO] [1790580066.081533289] [uav7.mavros]: Plugin local_position created
[INFO] [1790580066.081578639] [uav7.mavros]: Plugin local_position initialized
[INFO] [1790580066.081588688] [uav7.mavros]: Plugin manual_control ignored
[INFO] [1790580066.081596062] [uav7.mavros]: Plugin nav_controller_output ignored
[INFO] [1790580066.081602617] [uav7.mavros]: Plugin param ignored
[INFO] [1790580066.081608937] [uav7.mavros]: Plugin rallypoint ignored
[INFO] [1790580066.081614993] [uav7.mavros]: Plugin rc_io ignored
[INFO] [1790580066.086431352] [uav7.mavros]: Plugin setpoint_accel ignored
[INFO] [1790580066.086465452] [uav7.mavros]: Plugin setpoint_attitude ignored
[INFO] [1790580066.086473676] [uav7.mavros]: Plugin setpoint_position ignored
[INFO] [1790580066.086480321] [uav7.mavros]: Plugin setpoint_raw ignored
[INFO] [1790580066.086487134] [uav7.mavros]: Plugin setpoint_trajectory ignored
[INFO] [1790580066.297741044] [uav7.mavros]: Plugin setpoint_velocity created
[INFO] [1790580066.297813857] [uav7.mavros]: Plugin setpoint_velocity initialized
[INFO] [1790580066.841691348] [uav7.mavros]: Plugin sys_status created
[INFO] [1790580066.841792841] [uav7.mavros]: Plugin sys_status initialized
[INFO] [1790580066.973484450] [uav7.mavros.time]: TM: Timesync mode: MAVLINK
[INFO] [1790580066.976982728] [uav7.mavros]: Plugin sys_time created
[INFO] [1790580066.977042845] [uav7.mavros]: Plugin sys_time initialized
[INFO] [1790580066.977054720] [uav7.mavros]: Plugin waypoint ignored
[INFO] [1790580066.977060722] [uav7.mavros]: Plugin wind_estimation ignored
[INFO] [1790580066.979555833] [uav7.mavros]: Built-in SIMD instructions: SSE, SSE2
[INFO] [1790580066.979604383] [uav7.mavros]: Built-in MAVLink package version: 2026.8.8
[INFO] [1790580066.979641207] [uav7.mavros]: Known MAVLink dialects: common ardupilotmega ASLUAV AVSSUAS all csAirLink cubepilot development icarous loweheiser marsh paparazzi standard stemstudios storm32 uAvionix ualberta
[INFO] [1790580066.979649253] [uav7.mavros]: MAVROS UAS via /uas7 started. MY ID 7.191, TARGET ID 7.1
[INFO] [1790580067.033391507] [uav7.mavros_router]: link[1001] detected remote address 7.191
[INFO] [1790580067.372570881] [uav7.mavros]: CON: Got HEARTBEAT, connected. FCU: PX4 Autopilot
[INFO] [1790580068.387039403] [uav7.mavros.sys]: VER: 7.1: Capabilities         0x000000000000e8ff
[INFO] [1790580068.387107029] [uav7.mavros.sys]: VER: 7.1: Flight software:     011200c0 (fca3df865a000000)
[INFO] [1790580068.387117171] [uav7.mavros.sys]: VER: 7.1: Middleware software: 011200c0 (fca3df865a000000)
[INFO] [1790580068.387122060] [uav7.mavros.sys]: VER: 7.1: OS software:         070000ff (17040b9f87cb1791)
[INFO] [1790580068.387127249] [uav7.mavros.sys]: VER: 7.1: Board hardware:      00000001
[INFO] [1790580068.387132349] [uav7.mavros.sys]: VER: 7.1: VID/PID:             0000:0000
[INFO] [1790580068.387137280] [uav7.mavros.sys]: VER: 7.1: UID:                 4954414c44494e55
[WARN] [1790580068.390262234] [uav7.mavros.cmd]: CMD: Unexpected command 512, result 0
[WARN] [1790580079.709562522] [uav7.mavros.sys]: FCU: UNK(8): EVENT 11047904 with args -0-0-0-0-0-128-0-0-0-176-122-127-128-176-122-127-128-0-0-0-0-0-0-0-0-0-0-0-0-0-0-0-0-0-0-0-0-0-0-0-
[INFO] [1790580079.711015392] [uav7.mavros.sys]: FCU: EVENT 377561 with args -8-0-0-0-20-0-0-0-0-0-0-0-0-0-0-0-0-0-0-0-0-0-0-0-0-0-0-0-0-0-0-0-0-0-0-0-0-0-0-0-
[WARN] [1790580079.712016022] [uav7.mavros.sys]: FCU: EVENT 453929 with args -255-255-255-255-7-0-0-0-0-0-0-0-0-0-0-0-0-0-0-0-0-0-0-0-0-0-0-0-0-0-0-0-0-0-0-0-0-0-0-0-
[INFO] [1790580079.712080988] [uav7.mavros.sys]: FCU: EVENT 6801787 with args -255-255-255-255-12-0-0-0-0-0-0-0-0-0-0-0-0-0-0-0-0-0-0-0-0-0-0-0-0-0-0-0-0-0-0-0-0-0-0-0-
[WARN] [1790580079.712120934] [uav7.mavros.sys]: FCU: UNK(8): EVENT 1914663 with args -0-10-13-2-56-0-0-0-0-0-0-0-0-0-0-0-0-0-0-0-0-0-0-0-0-0-0-0-0-0-0-0-0-0-0-0-0-0-0-0-
[WARN] [1790580081.516522114] [uav7.mavros.cmd]: CMD: Unexpected command 176, result 0
[INFO] [1790580082.497984460] [uav7.mavros.sys]: FCU: EVENT 9489139 with args -4-0-0-0-0-0-0-0-0-0-0-0-0-0-0-0-0-0-0-0-0-0-0-0-0-0-0-0-0-0-0-0-0-0-0-0-0-0-0-0-
[INFO] [1790580084.494244723] [uav7.mavros.sys]: FCU: EVENT 4277609 with args -0-0-0-0-0-0-0-0-0-0-0-0-0-0-0-0-0-0-0-0-0-0-0-0-0-0-0-0-0-0-0-0-0-0-0-0-0-0-0-0-
[WARN] [1790580352.690094651] [uav7.mavros.cmd]: CMD: Unexpected command 176, result 0
[INFO] [1790580388.188026699] [uav7.mavros.sys]: FCU: EVENT 9844908 with args -0-0-0-0-0-0-0-0-0-0-0-0-0-0-0-0-0-0-0-0-0-0-0-0-0-0-0-0-0-0-0-0-0-0-0-0-0-0-0-0-
[INFO] [1790580390.395596060] [uav7.mavros.sys]: FCU: EVENT 16017271 with args -6-0-0-0-0-0-0-0-0-0-0-0-0-0-0-0-0-0-0-0-0-0-0-0-0-0-0-0-0-0-0-0-0-0-0-0-0-0-0-0-
[WARN] [1790580393.798392594] [uav7.mavros.sys]: FCU: UNK(8): EVENT 11047904 with args -0-0-0-0-0-128-0-0-0-176-122-127-128-176-122-127-128-0-0-0-0-0-0-0-0-0-0-0-0-0-0-0-0-0-0-0-0-0-0-0-
[INFO] [1790580393.799151747] [uav7.mavros.sys]: FCU: EVENT 377561 with args -8-0-0-0-20-0-0-0-0-0-0-0-0-0-0-0-0-0-0-0-0-0-0-0-0-0-0-0-0-0-0-0-0-0-0-0-0-0-0-0-
[WARN] [1790580393.799249900] [uav7.mavros.sys]: FCU: EVENT 453929 with args -255-255-255-255-7-0-0-0-0-0-0-0-0-0-0-0-0-0-0-0-0-0-0-0-0-0-0-0-0-0-0-0-0-0-0-0-0-0-0-0-
[INFO] [1790580393.802739964] [uav7.mavros.sys]: FCU: EVENT 6801787 with args -255-255-255-255-12-0-0-0-0-0-0-0-0-0-0-0-0-0-0-0-0-0-0-0-0-0-0-0-0-0-0-0-0-0-0-0-0-0-0-0-
[WARN] [1790580393.802827766] [uav7.mavros.sys]: FCU: UNK(8): EVENT 1914663 with args -0-10-9-2-56-0-0-0-0-0-0-0-0-0-0-0-0-0-0-0-0-0-0-0-0-0-0-0-0-0-0-0-0-0-0-0-0-0-0-0-
[WARN] [1790580398.517142349] [uav7.mavros.sys]: FCU: UNK(8): EVENT 11047904 with args -0-0-0-16-0-128-0-0-0-176-58-127-128-176-58-127-128-0-0-0-0-0-0-0-0-0-0-0-0-0-0-0-0-0-0-0-0-0-0-0-
[ERROR] [1790580398.518154568] [uav7.mavros.sys]: FCU: EVENT 11464574 with args -0-64-0-0-20-0-0-0-0-0-0-0-0-0-0-0-0-0-0-0-0-0-0-0-0-0-0-0-0-0-0-0-0-0-0-0-0-0-0-0-
[INFO] [1790580398.521361396] [uav7.mavros.sys]: FCU: EVENT 377561 with args -8-0-0-0-20-0-0-0-0-0-0-0-0-0-0-0-0-0-0-0-0-0-0-0-0-0-0-0-0-0-0-0-0-0-0-0-0-0-0-0-
[WARN] [1790580398.521618010] [uav7.mavros.sys]: FCU: EVENT 453929 with args -255-255-255-255-7-0-0-0-0-0-0-0-0-0-0-0-0-0-0-0-0-0-0-0-0-0-0-0-0-0-0-0-0-0-0-0-0-0-0-0-
[INFO] [1790580398.521687484] [uav7.mavros.sys]: FCU: EVENT 6801787 with args -255-255-255-255-12-0-0-0-0-0-0-0-0-0-0-0-0-0-0-0-0-0-0-0-0-0-0-0-0-0-0-0-0-0-0-0-0-0-0-0-
[WARN] [1790580398.521725422] [uav7.mavros.sys]: FCU: UNK(8): EVENT 1914663 with args -0-10-9-2-56-0-0-0-0-0-0-0-0-0-0-0-0-0-0-0-0-0-0-0-0-0-0-0-0-0-0-0-0-0-0-0-0-0-0-0-
[WARN] [1790580398.528242513] [uav7.mavros.sys]: FCU: EVENT 13277401 with args -0-0-6-0-0-0-0-0-0-0-0-0-0-0-0-0-0-0-0-0-0-0-0-0-0-0-0-0-0-0-0-0-0-0-0-0-0-0-0-0-
[INFO] [1790580398.664823109] [rclcpp]: signal_handler(SIGINT/SIGTERM)
[WARN] [1790580398.668433832] [uav7.mavros]: UAS Executor terminated
