INFO  [px4] instance: 1

______  __   __    ___ 
| ___ \ \ \ / /   /   |
| |_/ /  \ V /   / /| |
|  __/   /   \  / /_| |
| |     / /^\ \ \___  |
\_|     \/   \/     |_/

px4 starting.

INFO  [px4] startup script: /bin/sh etc/init.d-posix/rcS 1
INFO  [init] found model autostart file as SYS_AUTOSTART=10040
INFO  [param] selected parameter default file parameters.bson
INFO  [param] selected parameter backup file parameters_backup.bson
  SYS_AUTOCONFIG: curr: 0 -> new: 1
  MAV_SYS_ID: curr: 1 -> new: 2
  UXRCE_DDS_KEY: curr: 1 -> new: 2
  SYS_AUTOSTART: curr: 0 -> new: 10040
  CAL_ACC0_ID: curr: 0 -> new: 1310988
  CAL_GYRO0_ID: curr: 0 -> new: 1310988
  CAL_ACC1_ID: curr: 0 -> new: 1310996
  CAL_GYRO1_ID: curr: 0 -> new: 1310996
  CAL_ACC2_ID: curr: 0 -> new: 1311004
  CAL_GYRO2_ID: curr: 0 -> new: 1311004
  CAL_MAG0_ID: curr: 0 -> new: 197388
  CAL_MAG0_PRIO: curr: -1 -> new: 50
  CAL_MAG1_ID: curr: 0 -> new: 197644
  CAL_MAG1_PRIO: curr: -1 -> new: 50
  SENS_BOARD_X_OFF: curr: 0.0000 -> new: 0.0000
  SENS_DPRES_OFF: curr: 0.0000 -> new: 0.0010
INFO  [dataman] data manager file './dataman' size is 1208528 bytes
INFO  [init] SIH simulator
  SIH_LOC_LAT0: curr: 47.3977 -> new: 47.3977
  SIH_LOC_LON0: curr: 8.5456 -> new: 8.5455
  SIH_LOC_H0: curr: 489.4000 -> new: 488.0000
INFO  [simulator_sih] Simulation loop with 250 Hz (4000 us sim time interval)
INFO  [simulator_sih] Simulation with 1.0x speedup. Loop with (4000 us wall time interval)
INFO  [lockstep_scheduler] setting initial absolute time to 4000 us
INFO  [commander] LED: open /dev/led0 failed (22)
INFO  [vision_target_estimator] VTE for static target init
INFO  [tone_alarm] home set
INFO  [uxrce_dds_client] init UDP agent IP:127.0.0.1, port:8888
INFO  [mavlink] mode: Normal, data rate: 4000000 B/s on udp port 18571 remote port 14550
INFO  [mavlink] mode: Onboard, data rate: 4000000 B/s on udp port 14581 remote port 14541
INFO  [mavlink] mode: Onboard, data rate: 4000 B/s on udp port 14281 remote port 14031
INFO  [mavlink] mode: Gimbal, data rate: 400000 B/s on udp port 13031 remote port 13281
INFO  [mavlink] mode: Custom, data rate: 400000 B/s on udp port 19451 remote port 19411
INFO  [logger] logger started (mode=all)
INFO  [logger] Max log file size: 1024 MiB
INFO  [logger] Start file log (type: full)
INFO  [logger] [logger] ./log/2026-09-28/07_20_55.ulg	
INFO  [logger] Opened full log file: ./log/2026-09-28/07_20_55.ulg
INFO  [mavlink] MAVLink only on localhost (set param MAV_{i}_BROADCAST = 1 to enable network)
INFO  [mavlink] MAVLink only on localhost (set param MAV_{i}_BROADCAST = 1 to enable network)
INFO  [mavlink] MAVLink only on localhost (set param MAV_{i}_BROADCAST = 1 to enable network)
INFO  [px4] Startup script returned successfully
WARN  [health_and_arming_checks] Preflight Fail: no heading reference
INFO  [commander] [32mReady for takeoff![0m
INFO  [mavlink] partner IP: 127.0.0.1
INFO  [commander] Armed by external command	
INFO  [tone_alarm] arming warning
INFO  [commander] Takeoff detected	
INFO  [commander] Landing detected	
INFO  [commander] Disarmed by landing	
INFO  [tone_alarm] notify neutral
INFO  [logger] closed logfile, bytes written: 67872553

PX4 Exiting...
Exiting NOW.
