[INFO] [1790598626.665809326] [uav4.mavros_node]: Starting mavros_node container
[INFO] [1790598626.665999952] [uav4.mavros_node]: FCU URL: udp://:14543@127.0.0.1:14583
[INFO] [1790598626.666026642] [uav4.mavros_node]: GCS URL: 
[INFO] [1790598626.666038463] [uav4.mavros_node]: UAS Prefix: /uas4
[INFO] [1790598626.666048897] [uav4.mavros_node]: Starting mavros router node
[INFO] [1790598626.703309642] [uav4.mavros_router]: Built-in SIMD instructions: SSE, SSE2
[INFO] [1790598626.703351400] [uav4.mavros_router]: Built-in MAVLink package version: 2026.8.8
[INFO] [1790598626.703360675] [uav4.mavros_router]: Known MAVLink dialects: common ardupilotmega ASLUAV AVSSUAS all csAirLink cubepilot development icarous loweheiser marsh paparazzi standard stemstudios storm32 uAvionix ualberta
[INFO] [1790598626.703368314] [uav4.mavros_router]: MAVROS Router started
[INFO] [1790598626.703518672] [uav4.mavros_node]: Starting mavros uas node
[INFO] [1790598626.733271611] [uav4.mavros_router]: Requested to add endpoint: type: 0, url: udp://:14543@127.0.0.1:14583
[INFO] [1790598626.733307239] [uav4.mavros_router]: Endpoint link[1000] created
[INFO] [1790598626.733608986] [uav4.mavros_router]: link[1000] opened successfully
[INFO] [1790598626.733631403] [uav4.mavros_router]: Requested to add endpoint: type: 2, url: /uas4
[INFO] [1790598626.733645933] [uav4.mavros_router]: Endpoint link[1001] created
[INFO] [1790598626.734861552] [uav4.mavros_router]: link[1000] detected remote address 4.1
[INFO] [1790598626.737232539] [uav4.mavros_router]: link[1001] opened successfully
[INFO] [1790598626.743387020] [uav4.mavros]: UAS Executor started, threads: 4
[INFO] [1790598626.743403741] [uav4.mavros]: Plugin actuator_control ignored
[INFO] [1790598626.743482192] [uav4.mavros]: Plugin altitude ignored
[INFO] [1790598626.769154890] [uav4.mavros]: Plugin command created
[INFO] [1790598626.769307758] [uav4.mavros]: Plugin command initialized
[INFO] [1790598626.769325342] [uav4.mavros]: Plugin ftp ignored
[INFO] [1790598626.769332780] [uav4.mavros]: Plugin geofence ignored
[INFO] [1790598626.784157181] [uav4.mavros]: Plugin global_position created
[INFO] [1790598626.786803173] [uav4.mavros]: Plugin global_position initialized
[INFO] [1790598626.786823485] [uav4.mavros]: Plugin home_position ignored
[INFO] [1790598626.786945437] [uav4.mavros]: Plugin imu ignored
[INFO] [1790598626.810096965] [uav4.mavros]: Plugin local_position created
[INFO] [1790598626.810324915] [uav4.mavros]: Plugin local_position initialized
[INFO] [1790598626.810519404] [uav4.mavros]: Plugin manual_control ignored
[INFO] [1790598626.810535343] [uav4.mavros]: Plugin nav_controller_output ignored
[INFO] [1790598626.810542435] [uav4.mavros]: Plugin param ignored
[INFO] [1790598626.810548249] [uav4.mavros]: Plugin rallypoint ignored
[INFO] [1790598626.810553380] [uav4.mavros]: Plugin rc_io ignored
[INFO] [1790598626.810558970] [uav4.mavros]: Plugin setpoint_accel ignored
[INFO] [1790598626.810564408] [uav4.mavros]: Plugin setpoint_attitude ignored
[INFO] [1790598626.810570194] [uav4.mavros]: Plugin setpoint_position ignored
[INFO] [1790598626.810576265] [uav4.mavros]: Plugin setpoint_raw ignored
[INFO] [1790598626.810588050] [uav4.mavros]: Plugin setpoint_trajectory ignored
[INFO] [1790598626.824194571] [uav4.mavros]: Plugin setpoint_velocity created
[INFO] [1790598626.872686134] [uav4.mavros]: Plugin setpoint_velocity initialized
[INFO] [1790598626.910780525] [uav4.mavros]: Plugin sys_status created
[INFO] [1790598626.910854435] [uav4.mavros]: Plugin sys_status initialized
[INFO] [1790598626.921307025] [uav4.mavros.time]: TM: Timesync mode: MAVLINK
[INFO] [1790598626.923504735] [uav4.mavros]: Plugin sys_time created
[INFO] [1790598626.923564441] [uav4.mavros]: Plugin sys_time initialized
[INFO] [1790598626.923684531] [uav4.mavros]: Plugin waypoint ignored
[INFO] [1790598626.923692395] [uav4.mavros]: Plugin wind_estimation ignored
[INFO] [1790598626.925082301] [uav4.mavros]: Built-in SIMD instructions: SSE, SSE2
[INFO] [1790598626.925124741] [uav4.mavros]: Built-in MAVLink package version: 2026.8.8
[INFO] [1790598626.925159213] [uav4.mavros]: Known MAVLink dialects: common ardupilotmega ASLUAV AVSSUAS all csAirLink cubepilot development icarous loweheiser marsh paparazzi standard stemstudios storm32 uAvionix ualberta
[INFO] [1790598626.925166815] [uav4.mavros]: MAVROS UAS via /uas4 started. MY ID 4.191, TARGET ID 4.1
[INFO] [1790598627.024851978] [uav4.mavros_router]: link[1001] detected remote address 4.191
[INFO] [1790598628.035084373] [uav4.mavros.sys]: VER: 4.1: Capabilities         0x000000000000e8ff
[INFO] [1790598628.035132633] [uav4.mavros.sys]: VER: 4.1: Flight software:     011200c0 (fca3df865a000000)
[INFO] [1790598628.035139656] [uav4.mavros.sys]: VER: 4.1: Middleware software: 011200c0 (fca3df865a000000)
[INFO] [1790598628.035153430] [uav4.mavros.sys]: VER: 4.1: OS software:         070000ff (17040b9f87cb1791)
[INFO] [1790598628.035158203] [uav4.mavros.sys]: VER: 4.1: Board hardware:      00000001
[INFO] [1790598628.035162626] [uav4.mavros.sys]: VER: 4.1: VID/PID:             0000:0000
[INFO] [1790598628.035167080] [uav4.mavros.sys]: VER: 4.1: UID:                 4954414c44494e52
[WARN] [1790598628.036571993] [uav4.mavros.cmd]: CMD: Unexpected command 512, result 0
[INFO] [1790598628.041133369] [uav4.mavros]: CON: Got HEARTBEAT, connected. FCU: PX4 Autopilot
[INFO] [1790598629.225435719] [uav4.mavros.sys]: VER: 4.1: Capabilities         0x000000000000e8ff
[INFO] [1790598629.225491591] [uav4.mavros.sys]: VER: 4.1: Flight software:     011200c0 (fca3df865a000000)
[INFO] [1790598629.225501020] [uav4.mavros.sys]: VER: 4.1: Middleware software: 011200c0 (fca3df865a000000)
[INFO] [1790598629.225507189] [uav4.mavros.sys]: VER: 4.1: OS software:         070000ff (17040b9f87cb1791)
[INFO] [1790598629.225512803] [uav4.mavros.sys]: VER: 4.1: Board hardware:      00000001
[INFO] [1790598629.225518306] [uav4.mavros.sys]: VER: 4.1: VID/PID:             0000:0000
[INFO] [1790598629.225524357] [uav4.mavros.sys]: VER: 4.1: UID:                 4954414c44494e52
[WARN] [1790598629.242091357] [uav4.mavros.sys]: VER: broadcast request timeout, retries left 4
[WARN] [1790598639.599787137] [uav4.mavros.sys]: FCU: UNK(8): EVENT 11047904 with args -0-0-0-0-0-128-0-0-0-176-122-127-128-176-122-127-128-0-0-0-0-0-0-0-0-0-0-0-0-0-0-0-0-0-0-0-0-0-0-0-
[INFO] [1790598639.599901427] [uav4.mavros.sys]: FCU: EVENT 377561 with args -8-0-0-0-20-0-0-0-0-0-0-0-0-0-0-0-0-0-0-0-0-0-0-0-0-0-0-0-0-0-0-0-0-0-0-0-0-0-0-0-
[WARN] [1790598639.599975812] [uav4.mavros.sys]: FCU: EVENT 453929 with args -255-255-255-255-7-0-0-0-0-0-0-0-0-0-0-0-0-0-0-0-0-0-0-0-0-0-0-0-0-0-0-0-0-0-0-0-0-0-0-0-
[INFO] [1790598639.600021367] [uav4.mavros.sys]: FCU: EVENT 6801787 with args -255-255-255-255-12-0-0-0-0-0-0-0-0-0-0-0-0-0-0-0-0-0-0-0-0-0-0-0-0-0-0-0-0-0-0-0-0-0-0-0-
[WARN] [1790598639.600060234] [uav4.mavros.sys]: FCU: UNK(8): EVENT 1914663 with args -0-10-13-2-56-0-0-0-0-0-0-0-0-0-0-0-0-0-0-0-0-0-0-0-0-0-0-0-0-0-0-0-0-0-0-0-0-0-0-0-
[WARN] [1790598644.378634641] [uav4.mavros.cmd]: CMD: Unexpected command 176, result 0
[INFO] [1790598644.630156014] [uav4.mavros.sys]: FCU: EVENT 9489139 with args -4-0-0-0-0-0-0-0-0-0-0-0-0-0-0-0-0-0-0-0-0-0-0-0-0-0-0-0-0-0-0-0-0-0-0-0-0-0-0-0-
[INFO] [1790598646.529159841] [uav4.mavros.sys]: FCU: EVENT 4277609 with args -0-0-0-0-0-0-0-0-0-0-0-0-0-0-0-0-0-0-0-0-0-0-0-0-0-0-0-0-0-0-0-0-0-0-0-0-0-0-0-0-
[WARN] [1790598896.432037101] [uav4.mavros.cmd]: CMD: Unexpected command 176, result 0
[INFO] [1790598927.737855830] [uav4.mavros.sys]: FCU: EVENT 9844908 with args -0-0-0-0-0-0-0-0-0-0-0-0-0-0-0-0-0-0-0-0-0-0-0-0-0-0-0-0-0-0-0-0-0-0-0-0-0-0-0-0-
[INFO] [1790598929.845685312] [uav4.mavros.sys]: FCU: EVENT 16017271 with args -6-0-0-0-0-0-0-0-0-0-0-0-0-0-0-0-0-0-0-0-0-0-0-0-0-0-0-0-0-0-0-0-0-0-0-0-0-0-0-0-
[WARN] [1790598933.987716387] [uav4.mavros.sys]: FCU: UNK(8): EVENT 11047904 with args -0-0-0-0-0-128-0-0-0-176-122-127-128-176-122-127-128-0-0-0-0-0-0-0-0-0-0-0-0-0-0-0-0-0-0-0-0-0-0-0-
[INFO] [1790598933.987785068] [uav4.mavros.sys]: FCU: EVENT 377561 with args -8-0-0-0-20-0-0-0-0-0-0-0-0-0-0-0-0-0-0-0-0-0-0-0-0-0-0-0-0-0-0-0-0-0-0-0-0-0-0-0-
[WARN] [1790598933.988829662] [uav4.mavros.sys]: FCU: EVENT 453929 with args -255-255-255-255-7-0-0-0-0-0-0-0-0-0-0-0-0-0-0-0-0-0-0-0-0-0-0-0-0-0-0-0-0-0-0-0-0-0-0-0-
[INFO] [1790598933.988879478] [uav4.mavros.sys]: FCU: EVENT 6801787 with args -255-255-255-255-12-0-0-0-0-0-0-0-0-0-0-0-0-0-0-0-0-0-0-0-0-0-0-0-0-0-0-0-0-0-0-0-0-0-0-0-
[WARN] [1790598933.988935022] [uav4.mavros.sys]: FCU: UNK(8): EVENT 1914663 with args -0-10-9-2-56-0-0-0-0-0-0-0-0-0-0-0-0-0-0-0-0-0-0-0-0-0-0-0-0-0-0-0-0-0-0-0-0-0-0-0-
[INFO] [1790598935.149263713] [rclcpp]: signal_handler(SIGINT/SIGTERM)
[WARN] [1790598935.160738912] [uav4.mavros]: UAS Executor terminated
