[INFO] [1790598626.699070776] [uav5.mavros_node]: Starting mavros_node container
[INFO] [1790598626.699163907] [uav5.mavros_node]: FCU URL: udp://:14544@127.0.0.1:14584
[INFO] [1790598626.699171104] [uav5.mavros_node]: GCS URL: 
[INFO] [1790598626.699177043] [uav5.mavros_node]: UAS Prefix: /uas5
[INFO] [1790598626.699183177] [uav5.mavros_node]: Starting mavros router node
[INFO] [1790598626.707046937] [uav5.mavros_router]: Built-in SIMD instructions: SSE, SSE2
[INFO] [1790598626.707088587] [uav5.mavros_router]: Built-in MAVLink package version: 2026.8.8
[INFO] [1790598626.707100745] [uav5.mavros_router]: Known MAVLink dialects: common ardupilotmega ASLUAV AVSSUAS all csAirLink cubepilot development icarous loweheiser marsh paparazzi standard stemstudios storm32 uAvionix ualberta
[INFO] [1790598626.707109180] [uav5.mavros_router]: MAVROS Router started
[INFO] [1790598626.707233889] [uav5.mavros_node]: Starting mavros uas node
[INFO] [1790598626.732283553] [uav5.mavros_router]: Requested to add endpoint: type: 0, url: udp://:14544@127.0.0.1:14584
[INFO] [1790598626.732341546] [uav5.mavros_router]: Endpoint link[1000] created
[INFO] [1790598626.732680604] [uav5.mavros_router]: link[1000] opened successfully
[INFO] [1790598626.732711235] [uav5.mavros_router]: Requested to add endpoint: type: 2, url: /uas5
[INFO] [1790598626.732733507] [uav5.mavros_router]: Endpoint link[1001] created
[INFO] [1790598626.734530002] [uav5.mavros_router]: link[1000] detected remote address 5.1
[INFO] [1790598626.736369711] [uav5.mavros_router]: link[1001] opened successfully
[INFO] [1790598626.742349370] [uav5.mavros]: UAS Executor started, threads: 4
[INFO] [1790598626.742385267] [uav5.mavros]: Plugin actuator_control ignored
[INFO] [1790598626.742545553] [uav5.mavros]: Plugin altitude ignored
[INFO] [1790598626.763972732] [uav5.mavros]: Plugin command created
[INFO] [1790598626.766648148] [uav5.mavros]: Plugin command initialized
[INFO] [1790598626.766666157] [uav5.mavros]: Plugin ftp ignored
[INFO] [1790598626.766673553] [uav5.mavros]: Plugin geofence ignored
[INFO] [1790598626.780033125] [uav5.mavros]: Plugin global_position created
[INFO] [1790598626.786811280] [uav5.mavros]: Plugin global_position initialized
[INFO] [1790598626.786833664] [uav5.mavros]: Plugin home_position ignored
[INFO] [1790598626.786841022] [uav5.mavros]: Plugin imu ignored
[INFO] [1790598626.795665433] [uav5.mavros]: Plugin local_position created
[INFO] [1790598626.795725330] [uav5.mavros]: Plugin local_position initialized
[INFO] [1790598626.795736605] [uav5.mavros]: Plugin manual_control ignored
[INFO] [1790598626.795743718] [uav5.mavros]: Plugin nav_controller_output ignored
[INFO] [1790598626.795749398] [uav5.mavros]: Plugin param ignored
[INFO] [1790598626.795755027] [uav5.mavros]: Plugin rallypoint ignored
[INFO] [1790598626.795760590] [uav5.mavros]: Plugin rc_io ignored
[INFO] [1790598626.795766761] [uav5.mavros]: Plugin setpoint_accel ignored
[INFO] [1790598626.795772634] [uav5.mavros]: Plugin setpoint_attitude ignored
[INFO] [1790598626.795778430] [uav5.mavros]: Plugin setpoint_position ignored
[INFO] [1790598626.795783828] [uav5.mavros]: Plugin setpoint_raw ignored
[INFO] [1790598626.795790069] [uav5.mavros]: Plugin setpoint_trajectory ignored
[INFO] [1790598626.804419589] [uav5.mavros]: Plugin setpoint_velocity created
[INFO] [1790598626.804482083] [uav5.mavros]: Plugin setpoint_velocity initialized
[INFO] [1790598626.821368833] [uav5.mavros]: Plugin sys_status created
[INFO] [1790598626.872477911] [uav5.mavros]: Plugin sys_status initialized
[INFO] [1790598626.902439065] [uav5.mavros.time]: TM: Timesync mode: MAVLINK
[INFO] [1790598626.905161541] [uav5.mavros]: Plugin sys_time created
[INFO] [1790598626.905378852] [uav5.mavros]: Plugin sys_time initialized
[INFO] [1790598626.905394770] [uav5.mavros]: Plugin waypoint ignored
[INFO] [1790598626.905400537] [uav5.mavros]: Plugin wind_estimation ignored
[INFO] [1790598626.906892257] [uav5.mavros]: Built-in SIMD instructions: SSE, SSE2
[INFO] [1790598626.906943420] [uav5.mavros]: Built-in MAVLink package version: 2026.8.8
[INFO] [1790598626.907414794] [uav5.mavros]: Known MAVLink dialects: common ardupilotmega ASLUAV AVSSUAS all csAirLink cubepilot development icarous loweheiser marsh paparazzi standard stemstudios storm32 uAvionix ualberta
[INFO] [1790598626.907440158] [uav5.mavros]: MAVROS UAS via /uas5 started. MY ID 5.191, TARGET ID 5.1
[WARN] [1790598626.946994989] [uav5.mavros.sys]: FCU: UNK(8): EVENT 11047904 with args -0-0-0-16-0-128-0-0-0-176-58-127-128-176-58-127-128-0-0-0-0-0-0-0-0-0-0-0-0-0-0-0-0-0-0-0-0-0-0-0-
[ERROR] [1790598626.947160658] [uav5.mavros.sys]: FCU: EVENT 11464574 with args -0-64-0-0-20-0-0-0-0-0-0-0-0-0-0-0-0-0-0-0-0-0-0-0-0-0-0-0-0-0-0-0-0-0-0-0-0-0-0-0-
[INFO] [1790598626.947216460] [uav5.mavros.sys]: FCU: EVENT 377561 with args -8-0-0-0-20-0-0-0-0-0-0-0-0-0-0-0-0-0-0-0-0-0-0-0-0-0-0-0-0-0-0-0-0-0-0-0-0-0-0-0-
[WARN] [1790598626.947287747] [uav5.mavros.sys]: FCU: EVENT 453929 with args -255-255-255-255-7-0-0-0-0-0-0-0-0-0-0-0-0-0-0-0-0-0-0-0-0-0-0-0-0-0-0-0-0-0-0-0-0-0-0-0-
[INFO] [1790598626.947302343] [uav5.mavros.sys]: FCU: EVENT 6801787 with args -255-255-255-255-12-0-0-0-0-0-0-0-0-0-0-0-0-0-0-0-0-0-0-0-0-0-0-0-0-0-0-0-0-0-0-0-0-0-0-0-
[WARN] [1790598626.947332810] [uav5.mavros.sys]: FCU: UNK(8): EVENT 1914663 with args -0-10-13-2-56-0-0-0-0-0-0-0-0-0-0-0-0-0-0-0-0-0-0-0-0-0-0-0-0-0-0-0-0-0-0-0-0-0-0-0-
[INFO] [1790598626.983443778] [uav5.mavros_router]: link[1001] detected remote address 5.191
[INFO] [1790598627.942451596] [uav5.mavros.sys]: VER: 5.1: Capabilities         0x000000000000e8ff
[INFO] [1790598627.942501850] [uav5.mavros.sys]: VER: 5.1: Flight software:     011200c0 (fca3df865a000000)
[INFO] [1790598627.942510283] [uav5.mavros.sys]: VER: 5.1: Middleware software: 011200c0 (fca3df865a000000)
[INFO] [1790598627.942516227] [uav5.mavros.sys]: VER: 5.1: OS software:         070000ff (17040b9f87cb1791)
[INFO] [1790598627.942522278] [uav5.mavros.sys]: VER: 5.1: Board hardware:      00000001
[INFO] [1790598627.942527416] [uav5.mavros.sys]: VER: 5.1: VID/PID:             0000:0000
[INFO] [1790598627.942536622] [uav5.mavros.sys]: VER: 5.1: UID:                 4954414c44494e53
[WARN] [1790598627.948692872] [uav5.mavros.cmd]: CMD: Unexpected command 512, result 0
[INFO] [1790598628.034554615] [uav5.mavros]: CON: Got HEARTBEAT, connected. FCU: PX4 Autopilot
[INFO] [1790598629.053495743] [uav5.mavros.sys]: VER: 5.1: Capabilities         0x000000000000e8ff
[INFO] [1790598629.053551652] [uav5.mavros.sys]: VER: 5.1: Flight software:     011200c0 (fca3df865a000000)
[INFO] [1790598629.053559684] [uav5.mavros.sys]: VER: 5.1: Middleware software: 011200c0 (fca3df865a000000)
[INFO] [1790598629.053565119] [uav5.mavros.sys]: VER: 5.1: OS software:         070000ff (17040b9f87cb1791)
[INFO] [1790598629.053569943] [uav5.mavros.sys]: VER: 5.1: Board hardware:      00000001
[INFO] [1790598629.053588228] [uav5.mavros.sys]: VER: 5.1: VID/PID:             0000:0000
[INFO] [1790598629.053595553] [uav5.mavros.sys]: VER: 5.1: UID:                 4954414c44494e53
[WARN] [1790598637.481429116] [uav5.mavros.sys]: FCU: UNK(8): EVENT 11047904 with args -0-0-0-0-0-128-0-0-0-176-122-127-128-176-122-127-128-0-0-0-0-0-0-0-0-0-0-0-0-0-0-0-0-0-0-0-0-0-0-0-
[INFO] [1790598637.481528779] [uav5.mavros.sys]: FCU: EVENT 377561 with args -8-0-0-0-20-0-0-0-0-0-0-0-0-0-0-0-0-0-0-0-0-0-0-0-0-0-0-0-0-0-0-0-0-0-0-0-0-0-0-0-
[WARN] [1790598637.481564260] [uav5.mavros.sys]: FCU: EVENT 453929 with args -255-255-255-255-7-0-0-0-0-0-0-0-0-0-0-0-0-0-0-0-0-0-0-0-0-0-0-0-0-0-0-0-0-0-0-0-0-0-0-0-
[INFO] [1790598637.481605718] [uav5.mavros.sys]: FCU: EVENT 6801787 with args -255-255-255-255-12-0-0-0-0-0-0-0-0-0-0-0-0-0-0-0-0-0-0-0-0-0-0-0-0-0-0-0-0-0-0-0-0-0-0-0-
[WARN] [1790598637.481641347] [uav5.mavros.sys]: FCU: UNK(8): EVENT 1914663 with args -0-10-13-2-56-0-0-0-0-0-0-0-0-0-0-0-0-0-0-0-0-0-0-0-0-0-0-0-0-0-0-0-0-0-0-0-0-0-0-0-
[WARN] [1790598644.378878976] [uav5.mavros.cmd]: CMD: Unexpected command 176, result 0
[INFO] [1790598644.674681446] [uav5.mavros.sys]: FCU: EVENT 9489139 with args -4-0-0-0-0-0-0-0-0-0-0-0-0-0-0-0-0-0-0-0-0-0-0-0-0-0-0-0-0-0-0-0-0-0-0-0-0-0-0-0-
[INFO] [1790598646.544980693] [uav5.mavros.sys]: FCU: EVENT 4277609 with args -0-0-0-0-0-0-0-0-0-0-0-0-0-0-0-0-0-0-0-0-0-0-0-0-0-0-0-0-0-0-0-0-0-0-0-0-0-0-0-0-
[WARN] [1790598896.424817747] [uav5.mavros.cmd]: CMD: Unexpected command 176, result 0
[INFO] [1790598928.999561194] [uav5.mavros.sys]: FCU: EVENT 9844908 with args -0-0-0-0-0-0-0-0-0-0-0-0-0-0-0-0-0-0-0-0-0-0-0-0-0-0-0-0-0-0-0-0-0-0-0-0-0-0-0-0-
[INFO] [1790598931.109245420] [uav5.mavros.sys]: FCU: EVENT 16017271 with args -6-0-0-0-0-0-0-0-0-0-0-0-0-0-0-0-0-0-0-0-0-0-0-0-0-0-0-0-0-0-0-0-0-0-0-0-0-0-0-0-
[WARN] [1790598935.118351076] [uav5.mavros.sys]: FCU: UNK(8): EVENT 11047904 with args -0-0-0-0-0-128-0-0-0-176-122-127-128-176-122-127-128-0-0-0-0-0-0-0-0-0-0-0-0-0-0-0-0-0-0-0-0-0-0-0-
[INFO] [1790598935.118433217] [uav5.mavros.sys]: FCU: EVENT 377561 with args -8-0-0-0-20-0-0-0-0-0-0-0-0-0-0-0-0-0-0-0-0-0-0-0-0-0-0-0-0-0-0-0-0-0-0-0-0-0-0-0-
[WARN] [1790598935.118538680] [uav5.mavros.sys]: FCU: EVENT 453929 with args -255-255-255-255-7-0-0-0-0-0-0-0-0-0-0-0-0-0-0-0-0-0-0-0-0-0-0-0-0-0-0-0-0-0-0-0-0-0-0-0-
[INFO] [1790598935.118559754] [uav5.mavros.sys]: FCU: EVENT 6801787 with args -255-255-255-255-12-0-0-0-0-0-0-0-0-0-0-0-0-0-0-0-0-0-0-0-0-0-0-0-0-0-0-0-0-0-0-0-0-0-0-0-
[WARN] [1790598935.118600094] [uav5.mavros.sys]: FCU: UNK(8): EVENT 1914663 with args -0-10-9-2-56-0-0-0-0-0-0-0-0-0-0-0-0-0-0-0-0-0-0-0-0-0-0-0-0-0-0-0-0-0-0-0-0-0-0-0-
[INFO] [1790598935.149200443] [rclcpp]: signal_handler(SIGINT/SIGTERM)
[WARN] [1790598935.149614556] [uav5.mavros]: UAS Executor terminated
