[INFO] [1790600255.829994181] [uav6.mavros_node]: Starting mavros_node container
[INFO] [1790600255.830856754] [uav6.mavros_node]: FCU URL: udp://:14545@127.0.0.1:14585
[INFO] [1790600255.830881370] [uav6.mavros_node]: GCS URL: 
[INFO] [1790600255.830887460] [uav6.mavros_node]: UAS Prefix: /uas6
[INFO] [1790600255.830892435] [uav6.mavros_node]: Starting mavros router node
[INFO] [1790600255.882364266] [uav6.mavros_router]: Built-in SIMD instructions: SSE, SSE2
[INFO] [1790600255.912381714] [uav6.mavros_router]: Built-in MAVLink package version: 2026.8.8
[INFO] [1790600255.912396849] [uav6.mavros_router]: Known MAVLink dialects: common ardupilotmega ASLUAV AVSSUAS all csAirLink cubepilot development icarous loweheiser marsh paparazzi standard stemstudios storm32 uAvionix ualberta
[INFO] [1790600255.912404374] [uav6.mavros_router]: MAVROS Router started
[INFO] [1790600255.912561033] [uav6.mavros_node]: Starting mavros uas node
[INFO] [1790600256.218920574] [uav6.mavros_router]: Requested to add endpoint: type: 0, url: udp://:14545@127.0.0.1:14585
[INFO] [1790600256.235673204] [uav6.mavros_router]: Endpoint link[1000] created
[INFO] [1790600256.244038312] [uav6.mavros_router]: link[1000] opened successfully
[INFO] [1790600256.244071921] [uav6.mavros_router]: Requested to add endpoint: type: 2, url: /uas6
[INFO] [1790600256.229086993] [uav6.mavros]: Plugin actuator_control ignored
[INFO] [1790600256.244941275] [uav6.mavros]: Plugin altitude ignored
[INFO] [1790600256.244956630] [uav6.mavros_router]: Endpoint link[1001] created
[INFO] [1790600256.229069799] [uav6.mavros]: UAS Executor started, threads: 4
[INFO] [1790600256.246349250] [uav6.mavros_router]: link[1000] detected remote address 6.1
[INFO] [1790600256.337250285] [uav6.mavros_router]: link[1001] opened successfully
[INFO] [1790600256.517482179] [uav6.mavros]: Plugin command created
[INFO] [1790600256.520217530] [uav6.mavros]: Plugin command initialized
[INFO] [1790600256.530883843] [uav6.mavros]: Plugin ftp ignored
[INFO] [1790600256.530898427] [uav6.mavros]: Plugin geofence ignored
[INFO] [1790600256.727454483] [uav6.mavros]: Plugin global_position created
[INFO] [1790600256.729923238] [uav6.mavros]: Plugin global_position initialized
[INFO] [1790600256.729937401] [uav6.mavros]: Plugin home_position ignored
[INFO] [1790600256.729943270] [uav6.mavros]: Plugin imu ignored
[INFO] [1790600256.868077955] [uav6.mavros]: Plugin local_position created
[INFO] [1790600256.868139307] [uav6.mavros]: Plugin local_position initialized
[INFO] [1790600256.868149214] [uav6.mavros]: Plugin manual_control ignored
[INFO] [1790600256.868155193] [uav6.mavros]: Plugin nav_controller_output ignored
[INFO] [1790600256.868160723] [uav6.mavros]: Plugin param ignored
[INFO] [1790600256.868166686] [uav6.mavros]: Plugin rallypoint ignored
[INFO] [1790600256.868171640] [uav6.mavros]: Plugin rc_io ignored
[INFO] [1790600256.868177070] [uav6.mavros]: Plugin setpoint_accel ignored
[INFO] [1790600256.868184914] [uav6.mavros]: Plugin setpoint_attitude ignored
[INFO] [1790600256.868190060] [uav6.mavros]: Plugin setpoint_position ignored
[INFO] [1790600256.868195229] [uav6.mavros]: Plugin setpoint_raw ignored
[INFO] [1790600256.868199791] [uav6.mavros]: Plugin setpoint_trajectory ignored
[INFO] [1790600257.195912911] [uav6.mavros]: Plugin setpoint_velocity created
[INFO] [1790600257.199739634] [uav6.mavros]: Plugin setpoint_velocity initialized
[INFO] [1790600257.446231894] [uav6.mavros]: Plugin sys_status created
[INFO] [1790600257.446291792] [uav6.mavros]: Plugin sys_status initialized
[INFO] [1790600257.490345256] [uav6.mavros.time]: TM: Timesync mode: MAVLINK
[INFO] [1790600257.524362012] [uav6.mavros]: Plugin sys_time created
[INFO] [1790600257.570602817] [uav6.mavros]: Plugin sys_time initialized
[INFO] [1790600257.570621059] [uav6.mavros]: Plugin waypoint ignored
[INFO] [1790600257.570626180] [uav6.mavros]: Plugin wind_estimation ignored
[INFO] [1790600257.577488157] [uav6.mavros]: Built-in SIMD instructions: SSE, SSE2
[INFO] [1790600257.577528516] [uav6.mavros]: Built-in MAVLink package version: 2026.8.8
[INFO] [1790600257.593570881] [uav6.mavros]: Known MAVLink dialects: common ardupilotmega ASLUAV AVSSUAS all csAirLink cubepilot development icarous loweheiser marsh paparazzi standard stemstudios storm32 uAvionix ualberta
[INFO] [1790600257.593614535] [uav6.mavros]: MAVROS UAS via /uas6 started. MY ID 6.191, TARGET ID 6.1
[INFO] [1790600257.646093470] [uav6.mavros_router]: link[1001] detected remote address 6.191
[INFO] [1790600258.331848300] [uav6.mavros]: CON: Got HEARTBEAT, connected. FCU: PX4 Autopilot
[INFO] [1790600259.385165073] [uav6.mavros.sys]: VER: 6.1: Capabilities         0x000000000000e8ff
[INFO] [1790600259.385222252] [uav6.mavros.sys]: VER: 6.1: Flight software:     011200c0 (fca3df865a000000)
[INFO] [1790600259.385230575] [uav6.mavros.sys]: VER: 6.1: Middleware software: 011200c0 (fca3df865a000000)
[INFO] [1790600259.385235545] [uav6.mavros.sys]: VER: 6.1: OS software:         070000ff (17040b9f87cb1791)
[INFO] [1790600259.385240647] [uav6.mavros.sys]: VER: 6.1: Board hardware:      00000001
[INFO] [1790600259.385245748] [uav6.mavros.sys]: VER: 6.1: VID/PID:             0000:0000
[INFO] [1790600259.385251059] [uav6.mavros.sys]: VER: 6.1: UID:                 4954414c44494e54
[WARN] [1790600259.385348862] [uav6.mavros.cmd]: CMD: Unexpected command 512, result 0
[WARN] [1790600269.671108634] [uav6.mavros.sys]: FCU: UNK(8): EVENT 11047904 with args -0-0-0-0-0-128-0-0-0-176-122-127-128-176-122-127-128-0-0-0-0-0-0-0-0-0-0-0-0-0-0-0-0-0-0-0-0-0-0-0-
[INFO] [1790600269.671188379] [uav6.mavros.sys]: FCU: EVENT 377561 with args -8-0-0-0-20-0-0-0-0-0-0-0-0-0-0-0-0-0-0-0-0-0-0-0-0-0-0-0-0-0-0-0-0-0-0-0-0-0-0-0-
[WARN] [1790600269.671233378] [uav6.mavros.sys]: FCU: EVENT 453929 with args -255-255-255-255-7-0-0-0-0-0-0-0-0-0-0-0-0-0-0-0-0-0-0-0-0-0-0-0-0-0-0-0-0-0-0-0-0-0-0-0-
[INFO] [1790600269.671269422] [uav6.mavros.sys]: FCU: EVENT 6801787 with args -255-255-255-255-12-0-0-0-0-0-0-0-0-0-0-0-0-0-0-0-0-0-0-0-0-0-0-0-0-0-0-0-0-0-0-0-0-0-0-0-
[WARN] [1790600269.671301965] [uav6.mavros.sys]: FCU: UNK(8): EVENT 1914663 with args -0-10-13-2-56-0-0-0-0-0-0-0-0-0-0-0-0-0-0-0-0-0-0-0-0-0-0-0-0-0-0-0-0-0-0-0-0-0-0-0-
[WARN] [1790600271.490345687] [uav6.mavros.cmd]: CMD: Unexpected command 176, result 0
[INFO] [1790600271.749738894] [uav6.mavros.sys]: FCU: EVENT 9489139 with args -4-0-0-0-0-0-0-0-0-0-0-0-0-0-0-0-0-0-0-0-0-0-0-0-0-0-0-0-0-0-0-0-0-0-0-0-0-0-0-0-
[INFO] [1790600273.749268308] [uav6.mavros.sys]: FCU: EVENT 4277609 with args -0-0-0-0-0-0-0-0-0-0-0-0-0-0-0-0-0-0-0-0-0-0-0-0-0-0-0-0-0-0-0-0-0-0-0-0-0-0-0-0-
[WARN] [1790600275.020048755] [uav6.mavros.sys]: FCU: UNK(8): EVENT 11047904 with args -0-0-0-16-0-128-0-0-0-176-58-127-128-176-58-127-128-0-0-0-0-0-0-0-0-0-0-0-0-0-0-0-0-0-0-0-0-0-0-0-
[ERROR] [1790600275.020116217] [uav6.mavros.sys]: FCU: EVENT 11464574 with args -0-64-0-0-20-0-0-0-0-0-0-0-0-0-0-0-0-0-0-0-0-0-0-0-0-0-0-0-0-0-0-0-0-0-0-0-0-0-0-0-
[INFO] [1790600275.020162761] [uav6.mavros.sys]: FCU: EVENT 377561 with args -8-0-0-0-20-0-0-0-0-0-0-0-0-0-0-0-0-0-0-0-0-0-0-0-0-0-0-0-0-0-0-0-0-0-0-0-0-0-0-0-
[WARN] [1790600275.020187126] [uav6.mavros.sys]: FCU: EVENT 453929 with args -255-255-255-255-7-0-0-0-0-0-0-0-0-0-0-0-0-0-0-0-0-0-0-0-0-0-0-0-0-0-0-0-0-0-0-0-0-0-0-0-
[INFO] [1790600275.020209200] [uav6.mavros.sys]: FCU: EVENT 6801787 with args -255-255-255-255-12-0-0-0-0-0-0-0-0-0-0-0-0-0-0-0-0-0-0-0-0-0-0-0-0-0-0-0-0-0-0-0-0-0-0-0-
[WARN] [1790600275.020231976] [uav6.mavros.sys]: FCU: UNK(8): EVENT 1914663 with args -0-10-13-2-56-0-0-0-0-0-0-0-0-0-0-0-0-0-0-0-0-0-0-0-0-0-0-0-0-0-0-0-0-0-0-0-0-0-0-0-
[ERROR] [1790600275.040646316] [uav6.mavros.sys]: FCU: EVENT 14605264 with args -0-0-6-0-6-0-0-0-0-0-0-0-0-0-0-0-0-0-0-0-0-0-0-0-0-0-0-0-0-0-0-0-0-0-0-0-0-0-0-0-
[INFO] [1790600275.040708563] [uav6.mavros.sys]: FCU: EVENT 5383828 with args -233-1-0-0-1-0-0-0-0-0-0-0-0-0-0-0-0-0-0-0-0-0-0-0-0-0-0-0-0-0-0-0-0-0-0-0-0-0-0-0-
[INFO] [1790600275.202325024] [uav6.mavros.sys]: FCU: EVENT 185258 with args -0-0-0-0-0-0-0-0-0-0-0-0-0-0-0-0-0-0-0-0-0-0-0-0-0-0-0-0-0-0-0-0-0-0-0-0-0-0-0-0-
[INFO] [1790600284.638848326] [uav6.mavros.sys]: FCU: EVENT 9844908 with args -0-0-0-0-0-0-0-0-0-0-0-0-0-0-0-0-0-0-0-0-0-0-0-0-0-0-0-0-0-0-0-0-0-0-0-0-0-0-0-0-
[INFO] [1790600285.816821394] [rclcpp]: signal_handler(SIGINT/SIGTERM)
[WARN] [1790600285.817385651] [uav6.mavros]: UAS Executor terminated
