[INFO] [1790609444.979255664] [uav6.mavros_node]: Starting mavros_node container
[INFO] [1790609444.979364402] [uav6.mavros_node]: FCU URL: udp://:14545@127.0.0.1:14585
[INFO] [1790609444.979372585] [uav6.mavros_node]: GCS URL: 
[INFO] [1790609444.979377478] [uav6.mavros_node]: UAS Prefix: /uas6
[INFO] [1790609444.979382236] [uav6.mavros_node]: Starting mavros router node
[INFO] [1790609445.083999275] [uav6.mavros_router]: Built-in SIMD instructions: SSE, SSE2
[INFO] [1790609445.084048563] [uav6.mavros_router]: Built-in MAVLink package version: 2026.8.8
[INFO] [1790609445.084057848] [uav6.mavros_router]: Known MAVLink dialects: common ardupilotmega ASLUAV AVSSUAS all csAirLink cubepilot development icarous loweheiser marsh paparazzi standard stemstudios storm32 uAvionix ualberta
[INFO] [1790609445.084064178] [uav6.mavros_router]: MAVROS Router started
[INFO] [1790609445.084520724] [uav6.mavros_node]: Starting mavros uas node
[INFO] [1790609445.286936575] [uav6.mavros_router]: Requested to add endpoint: type: 0, url: udp://:14545@127.0.0.1:14585
[INFO] [1790609445.291906295] [uav6.mavros_router]: Endpoint link[1000] created
[INFO] [1790609445.294816597] [uav6.mavros_router]: link[1000] opened successfully
[INFO] [1790609445.294906579] [uav6.mavros_router]: Requested to add endpoint: type: 2, url: /uas6
[INFO] [1790609445.294930505] [uav6.mavros_router]: Endpoint link[1001] created
[INFO] [1790609445.302842957] [uav6.mavros_router]: link[1000] detected remote address 6.1
[INFO] [1790609445.308368912] [uav6.mavros]: UAS Executor started, threads: 4
[INFO] [1790609445.309394345] [uav6.mavros]: Plugin actuator_control ignored
[INFO] [1790609445.310075280] [uav6.mavros]: Plugin altitude ignored
[INFO] [1790609445.381565051] [uav6.mavros_router]: link[1001] opened successfully
[INFO] [1790609445.557723203] [uav6.mavros]: Plugin command created
[INFO] [1790609445.557789505] [uav6.mavros]: Plugin command initialized
[INFO] [1790609445.557798771] [uav6.mavros]: Plugin ftp ignored
[INFO] [1790609445.557804125] [uav6.mavros]: Plugin geofence ignored
[INFO] [1790609445.924522017] [uav6.mavros]: Plugin global_position created
[INFO] [1790609445.924578678] [uav6.mavros]: Plugin global_position initialized
[INFO] [1790609445.924588120] [uav6.mavros]: Plugin home_position ignored
[INFO] [1790609445.924593988] [uav6.mavros]: Plugin imu ignored
[INFO] [1790609446.196958138] [uav6.mavros]: Plugin local_position created
[INFO] [1790609446.197017677] [uav6.mavros]: Plugin local_position initialized
[INFO] [1790609446.197782452] [uav6.mavros]: Plugin manual_control ignored
[INFO] [1790609446.197791216] [uav6.mavros]: Plugin nav_controller_output ignored
[INFO] [1790609446.197797118] [uav6.mavros]: Plugin param ignored
[INFO] [1790609446.197802436] [uav6.mavros]: Plugin rallypoint ignored
[INFO] [1790609446.197807985] [uav6.mavros]: Plugin rc_io ignored
[INFO] [1790609446.197813563] [uav6.mavros]: Plugin setpoint_accel ignored
[INFO] [1790609446.197818983] [uav6.mavros]: Plugin setpoint_attitude ignored
[INFO] [1790609446.197824557] [uav6.mavros]: Plugin setpoint_position ignored
[INFO] [1790609446.197830106] [uav6.mavros]: Plugin setpoint_raw ignored
[INFO] [1790609446.197835623] [uav6.mavros]: Plugin setpoint_trajectory ignored
[INFO] [1790609446.390542471] [uav6.mavros]: Plugin setpoint_velocity created
[INFO] [1790609446.390582844] [uav6.mavros]: Plugin setpoint_velocity initialized
[INFO] [1790609446.607289505] [uav6.mavros]: Plugin sys_status created
[INFO] [1790609446.607364777] [uav6.mavros]: Plugin sys_status initialized
[INFO] [1790609446.685472794] [uav6.mavros.time]: TM: Timesync mode: MAVLINK
[INFO] [1790609446.713137553] [uav6.mavros]: Plugin sys_time created
[INFO] [1790609446.713187731] [uav6.mavros]: Plugin sys_time initialized
[INFO] [1790609446.713197506] [uav6.mavros]: Plugin waypoint ignored
[INFO] [1790609446.713202437] [uav6.mavros]: Plugin wind_estimation ignored
[INFO] [1790609446.732777788] [uav6.mavros]: Built-in SIMD instructions: SSE, SSE2
[INFO] [1790609446.732822005] [uav6.mavros]: Built-in MAVLink package version: 2026.8.8
[INFO] [1790609446.732855290] [uav6.mavros]: Known MAVLink dialects: common ardupilotmega ASLUAV AVSSUAS all csAirLink cubepilot development icarous loweheiser marsh paparazzi standard stemstudios storm32 uAvionix ualberta
[INFO] [1790609446.732863163] [uav6.mavros]: MAVROS UAS via /uas6 started. MY ID 6.191, TARGET ID 6.1
[INFO] [1790609446.788909349] [uav6.mavros_router]: link[1001] detected remote address 6.191
[INFO] [1790609447.424700923] [uav6.mavros]: CON: Got HEARTBEAT, connected. FCU: PX4 Autopilot
[INFO] [1790609448.441967630] [uav6.mavros.sys]: VER: 6.1: Capabilities         0x000000000000e8ff
[INFO] [1790609448.442014808] [uav6.mavros.sys]: VER: 6.1: Flight software:     011200c0 (fca3df865a000000)
[INFO] [1790609448.442021546] [uav6.mavros.sys]: VER: 6.1: Middleware software: 011200c0 (fca3df865a000000)
[INFO] [1790609448.442025867] [uav6.mavros.sys]: VER: 6.1: OS software:         070000ff (17040b9f87cb1791)
[INFO] [1790609448.442030247] [uav6.mavros.sys]: VER: 6.1: Board hardware:      00000001
[INFO] [1790609448.442035267] [uav6.mavros.sys]: VER: 6.1: VID/PID:             0000:0000
[INFO] [1790609448.442040282] [uav6.mavros.sys]: VER: 6.1: UID:                 4954414c44494e54
[WARN] [1790609448.447982222] [uav6.mavros.cmd]: CMD: Unexpected command 512, result 0
[WARN] [1790609458.160179424] [uav6.mavros.sys]: FCU: UNK(8): EVENT 11047904 with args -0-0-0-0-0-128-0-0-0-176-122-127-128-176-122-127-128-0-0-0-0-0-0-0-0-0-0-0-0-0-0-0-0-0-0-0-0-0-0-0-
[INFO] [1790609458.160263623] [uav6.mavros.sys]: FCU: EVENT 377561 with args -8-0-0-0-20-0-0-0-0-0-0-0-0-0-0-0-0-0-0-0-0-0-0-0-0-0-0-0-0-0-0-0-0-0-0-0-0-0-0-0-
[WARN] [1790609458.160322847] [uav6.mavros.sys]: FCU: EVENT 453929 with args -255-255-255-255-7-0-0-0-0-0-0-0-0-0-0-0-0-0-0-0-0-0-0-0-0-0-0-0-0-0-0-0-0-0-0-0-0-0-0-0-
[INFO] [1790609458.160357014] [uav6.mavros.sys]: FCU: EVENT 6801787 with args -255-255-255-255-12-0-0-0-0-0-0-0-0-0-0-0-0-0-0-0-0-0-0-0-0-0-0-0-0-0-0-0-0-0-0-0-0-0-0-0-
[WARN] [1790609458.160387457] [uav6.mavros.sys]: FCU: UNK(8): EVENT 1914663 with args -0-10-13-2-56-0-0-0-0-0-0-0-0-0-0-0-0-0-0-0-0-0-0-0-0-0-0-0-0-0-0-0-0-0-0-0-0-0-0-0-
[WARN] [1790609463.142352077] [uav6.mavros.cmd]: CMD: Unexpected command 176, result 0
[INFO] [1790609463.299837441] [uav6.mavros.sys]: FCU: EVENT 9489139 with args -4-0-0-0-0-0-0-0-0-0-0-0-0-0-0-0-0-0-0-0-0-0-0-0-0-0-0-0-0-0-0-0-0-0-0-0-0-0-0-0-
[INFO] [1790609465.213498857] [uav6.mavros.sys]: FCU: EVENT 4277609 with args -0-0-0-0-0-0-0-0-0-0-0-0-0-0-0-0-0-0-0-0-0-0-0-0-0-0-0-0-0-0-0-0-0-0-0-0-0-0-0-0-
[WARN] [1790609717.098338155] [uav6.mavros.cmd]: CMD: Unexpected command 176, result 0
[INFO] [1790609752.182434879] [uav6.mavros.sys]: FCU: EVENT 9844908 with args -0-0-0-0-0-0-0-0-0-0-0-0-0-0-0-0-0-0-0-0-0-0-0-0-0-0-0-0-0-0-0-0-0-0-0-0-0-0-0-0-
[INFO] [1790609754.310255344] [uav6.mavros.sys]: FCU: EVENT 16017271 with args -6-0-0-0-0-0-0-0-0-0-0-0-0-0-0-0-0-0-0-0-0-0-0-0-0-0-0-0-0-0-0-0-0-0-0-0-0-0-0-0-
[INFO] [1790609757.076584730] [rclcpp]: signal_handler(SIGINT/SIGTERM)
[WARN] [1790609757.077752174] [uav6.mavros]: UAS Executor terminated
