[INFO] [1790609444.970084998] [uav7.mavros_node]: Starting mavros_node container
[INFO] [1790609444.973758666] [uav7.mavros_node]: FCU URL: udp://:14546@127.0.0.1:14586
[INFO] [1790609444.973782518] [uav7.mavros_node]: GCS URL: 
[INFO] [1790609444.973787221] [uav7.mavros_node]: UAS Prefix: /uas7
[INFO] [1790609444.973791495] [uav7.mavros_node]: Starting mavros router node
[INFO] [1790609445.086827378] [uav7.mavros_router]: Built-in SIMD instructions: SSE, SSE2
[INFO] [1790609445.086867032] [uav7.mavros_router]: Built-in MAVLink package version: 2026.8.8
[INFO] [1790609445.086875688] [uav7.mavros_router]: Known MAVLink dialects: common ardupilotmega ASLUAV AVSSUAS all csAirLink cubepilot development icarous loweheiser marsh paparazzi standard stemstudios storm32 uAvionix ualberta
[INFO] [1790609445.086881524] [uav7.mavros_router]: MAVROS Router started
[INFO] [1790609445.087032133] [uav7.mavros_node]: Starting mavros uas node
[INFO] [1790609445.298118886] [uav7.mavros_router]: Requested to add endpoint: type: 0, url: udp://:14546@127.0.0.1:14586
[INFO] [1790609445.298182455] [uav7.mavros_router]: Endpoint link[1000] created
[INFO] [1790609445.298911581] [uav7.mavros_router]: link[1000] opened successfully
[INFO] [1790609445.298956465] [uav7.mavros_router]: Requested to add endpoint: type: 2, url: /uas7
[INFO] [1790609445.298975033] [uav7.mavros_router]: Endpoint link[1001] created
[INFO] [1790609445.305217282] [uav7.mavros_router]: link[1000] detected remote address 7.1
[INFO] [1790609445.306845421] [uav7.mavros]: Plugin actuator_control ignored
[INFO] [1790609445.306940625] [uav7.mavros]: Plugin altitude ignored
[INFO] [1790609445.306900144] [uav7.mavros]: UAS Executor started, threads: 4
[INFO] [1790609445.339684429] [uav7.mavros_router]: link[1001] opened successfully
[INFO] [1790609445.471083888] [uav7.mavros]: Plugin command created
[INFO] [1790609445.472360043] [uav7.mavros]: Plugin command initialized
[INFO] [1790609445.472384244] [uav7.mavros]: Plugin ftp ignored
[INFO] [1790609445.472730885] [uav7.mavros]: Plugin geofence ignored
[INFO] [1790609445.655284307] [uav7.mavros]: Plugin global_position created
[INFO] [1790609445.655349340] [uav7.mavros]: Plugin global_position initialized
[INFO] [1790609445.655359139] [uav7.mavros]: Plugin home_position ignored
[INFO] [1790609445.655364346] [uav7.mavros]: Plugin imu ignored
[INFO] [1790609445.854063355] [uav7.mavros]: Plugin local_position created
[INFO] [1790609445.854130868] [uav7.mavros]: Plugin local_position initialized
[INFO] [1790609445.854139996] [uav7.mavros]: Plugin manual_control ignored
[INFO] [1790609445.854146061] [uav7.mavros]: Plugin nav_controller_output ignored
[INFO] [1790609445.854472822] [uav7.mavros]: Plugin param ignored
[INFO] [1790609445.854480579] [uav7.mavros]: Plugin rallypoint ignored
[INFO] [1790609445.854486250] [uav7.mavros]: Plugin rc_io ignored
[INFO] [1790609445.854491229] [uav7.mavros]: Plugin setpoint_accel ignored
[INFO] [1790609445.854496366] [uav7.mavros]: Plugin setpoint_attitude ignored
[INFO] [1790609445.854501553] [uav7.mavros]: Plugin setpoint_position ignored
[INFO] [1790609445.854506971] [uav7.mavros]: Plugin setpoint_raw ignored
[INFO] [1790609445.854512958] [uav7.mavros]: Plugin setpoint_trajectory ignored
[INFO] [1790609446.108293804] [uav7.mavros]: Plugin setpoint_velocity created
[INFO] [1790609446.108346561] [uav7.mavros]: Plugin setpoint_velocity initialized
[INFO] [1790609446.412349254] [uav7.mavros]: Plugin sys_status created
[INFO] [1790609446.412428041] [uav7.mavros]: Plugin sys_status initialized
[INFO] [1790609446.513136052] [uav7.mavros.time]: TM: Timesync mode: MAVLINK
[INFO] [1790609446.537690586] [uav7.mavros]: Plugin sys_time created
[INFO] [1790609446.537744718] [uav7.mavros]: Plugin sys_time initialized
[INFO] [1790609446.537754601] [uav7.mavros]: Plugin waypoint ignored
[INFO] [1790609446.537759859] [uav7.mavros]: Plugin wind_estimation ignored
[INFO] [1790609446.549620003] [uav7.mavros]: Built-in SIMD instructions: SSE, SSE2
[INFO] [1790609446.549663968] [uav7.mavros]: Built-in MAVLink package version: 2026.8.8
[INFO] [1790609446.549697094] [uav7.mavros]: Known MAVLink dialects: common ardupilotmega ASLUAV AVSSUAS all csAirLink cubepilot development icarous loweheiser marsh paparazzi standard stemstudios storm32 uAvionix ualberta
[INFO] [1790609446.549703776] [uav7.mavros]: MAVROS UAS via /uas7 started. MY ID 7.191, TARGET ID 7.1
[INFO] [1790609446.632769400] [uav7.mavros_router]: link[1001] detected remote address 7.191
[INFO] [1790609447.464309261] [uav7.mavros.sys]: VER: 7.1: Capabilities         0x000000000000e8ff
[INFO] [1790609447.464376734] [uav7.mavros.sys]: VER: 7.1: Flight software:     011200c0 (fca3df865a000000)
[INFO] [1790609447.464385570] [uav7.mavros.sys]: VER: 7.1: Middleware software: 011200c0 (fca3df865a000000)
[INFO] [1790609447.464390939] [uav7.mavros.sys]: VER: 7.1: OS software:         070000ff (17040b9f87cb1791)
[INFO] [1790609447.464395963] [uav7.mavros.sys]: VER: 7.1: Board hardware:      00000001
[INFO] [1790609447.464403771] [uav7.mavros.sys]: VER: 7.1: VID/PID:             0000:0000
[INFO] [1790609447.464408926] [uav7.mavros.sys]: VER: 7.1: UID:                 4954414c44494e55
[WARN] [1790609447.470263557] [uav7.mavros.cmd]: CMD: Unexpected command 512, result 0
[INFO] [1790609447.506038790] [uav7.mavros]: CON: Got HEARTBEAT, connected. FCU: PX4 Autopilot
[INFO] [1790609448.531129214] [uav7.mavros.sys]: VER: 7.1: Capabilities         0x000000000000e8ff
[INFO] [1790609448.531172274] [uav7.mavros.sys]: VER: 7.1: Flight software:     011200c0 (fca3df865a000000)
[INFO] [1790609448.531180240] [uav7.mavros.sys]: VER: 7.1: Middleware software: 011200c0 (fca3df865a000000)
[INFO] [1790609448.531185830] [uav7.mavros.sys]: VER: 7.1: OS software:         070000ff (17040b9f87cb1791)
[INFO] [1790609448.531190848] [uav7.mavros.sys]: VER: 7.1: Board hardware:      00000001
[INFO] [1790609448.531195205] [uav7.mavros.sys]: VER: 7.1: VID/PID:             0000:0000
[INFO] [1790609448.531200293] [uav7.mavros.sys]: VER: 7.1: UID:                 4954414c44494e55
[WARN] [1790609448.537554291] [uav7.mavros.sys]: VER: broadcast request timeout, retries left 4
[WARN] [1790609458.301756821] [uav7.mavros.sys]: FCU: UNK(8): EVENT 11047904 with args -0-0-0-0-0-128-0-0-0-176-122-127-128-176-122-127-128-0-0-0-0-0-0-0-0-0-0-0-0-0-0-0-0-0-0-0-0-0-0-0-
[INFO] [1790609458.301847713] [uav7.mavros.sys]: FCU: EVENT 377561 with args -8-0-0-0-20-0-0-0-0-0-0-0-0-0-0-0-0-0-0-0-0-0-0-0-0-0-0-0-0-0-0-0-0-0-0-0-0-0-0-0-
[WARN] [1790609458.301889868] [uav7.mavros.sys]: FCU: EVENT 453929 with args -255-255-255-255-7-0-0-0-0-0-0-0-0-0-0-0-0-0-0-0-0-0-0-0-0-0-0-0-0-0-0-0-0-0-0-0-0-0-0-0-
[INFO] [1790609458.303278040] [uav7.mavros.sys]: FCU: EVENT 6801787 with args -255-255-255-255-12-0-0-0-0-0-0-0-0-0-0-0-0-0-0-0-0-0-0-0-0-0-0-0-0-0-0-0-0-0-0-0-0-0-0-0-
[WARN] [1790609458.303342852] [uav7.mavros.sys]: FCU: UNK(8): EVENT 1914663 with args -0-10-13-2-56-0-0-0-0-0-0-0-0-0-0-0-0-0-0-0-0-0-0-0-0-0-0-0-0-0-0-0-0-0-0-0-0-0-0-0-
[WARN] [1790609463.429586281] [uav7.mavros.cmd]: CMD: Unexpected command 176, result 0
[INFO] [1790609464.279280485] [uav7.mavros.sys]: FCU: EVENT 9489139 with args -4-0-0-0-0-0-0-0-0-0-0-0-0-0-0-0-0-0-0-0-0-0-0-0-0-0-0-0-0-0-0-0-0-0-0-0-0-0-0-0-
[INFO] [1790609466.053818536] [uav7.mavros.sys]: FCU: EVENT 4277609 with args -0-0-0-0-0-0-0-0-0-0-0-0-0-0-0-0-0-0-0-0-0-0-0-0-0-0-0-0-0-0-0-0-0-0-0-0-0-0-0-0-
[WARN] [1790609717.574747785] [uav7.mavros.cmd]: CMD: Unexpected command 176, result 0
[INFO] [1790609749.625839615] [uav7.mavros.sys]: FCU: EVENT 9844908 with args -0-0-0-0-0-0-0-0-0-0-0-0-0-0-0-0-0-0-0-0-0-0-0-0-0-0-0-0-0-0-0-0-0-0-0-0-0-0-0-0-
[INFO] [1790609751.744646496] [uav7.mavros.sys]: FCU: EVENT 16017271 with args -6-0-0-0-0-0-0-0-0-0-0-0-0-0-0-0-0-0-0-0-0-0-0-0-0-0-0-0-0-0-0-0-0-0-0-0-0-0-0-0-
[WARN] [1790609755.631377990] [uav7.mavros.sys]: FCU: UNK(8): EVENT 11047904 with args -0-0-0-0-0-128-0-0-0-176-122-127-128-176-122-127-128-0-0-0-0-0-0-0-0-0-0-0-0-0-0-0-0-0-0-0-0-0-0-0-
[INFO] [1790609755.631530041] [uav7.mavros.sys]: FCU: EVENT 377561 with args -8-0-0-0-20-0-0-0-0-0-0-0-0-0-0-0-0-0-0-0-0-0-0-0-0-0-0-0-0-0-0-0-0-0-0-0-0-0-0-0-
[WARN] [1790609755.631592895] [uav7.mavros.sys]: FCU: EVENT 453929 with args -255-255-255-255-7-0-0-0-0-0-0-0-0-0-0-0-0-0-0-0-0-0-0-0-0-0-0-0-0-0-0-0-0-0-0-0-0-0-0-0-
[INFO] [1790609755.631731032] [uav7.mavros.sys]: FCU: EVENT 6801787 with args -255-255-255-255-12-0-0-0-0-0-0-0-0-0-0-0-0-0-0-0-0-0-0-0-0-0-0-0-0-0-0-0-0-0-0-0-0-0-0-0-
[WARN] [1790609755.631802389] [uav7.mavros.sys]: FCU: UNK(8): EVENT 1914663 with args -0-10-9-2-56-0-0-0-0-0-0-0-0-0-0-0-0-0-0-0-0-0-0-0-0-0-0-0-0-0-0-0-0-0-0-0-0-0-0-0-
[INFO] [1790609757.074048069] [rclcpp]: signal_handler(SIGINT/SIGTERM)
[WARN] [1790609757.077459466] [uav7.mavros]: UAS Executor terminated
