[INFO] [1790609445.020123697] [uav9.mavros_node]: Starting mavros_node container
[INFO] [1790609445.020229292] [uav9.mavros_node]: FCU URL: udp://:14548@127.0.0.1:14588
[INFO] [1790609445.020350746] [uav9.mavros_node]: GCS URL: 
[INFO] [1790609445.020357051] [uav9.mavros_node]: UAS Prefix: /uas9
[INFO] [1790609445.020361622] [uav9.mavros_node]: Starting mavros router node
[INFO] [1790609445.146026823] [uav9.mavros_router]: Built-in SIMD instructions: SSE, SSE2
[INFO] [1790609445.146722993] [uav9.mavros_router]: Built-in MAVLink package version: 2026.8.8
[INFO] [1790609445.146741859] [uav9.mavros_router]: Known MAVLink dialects: common ardupilotmega ASLUAV AVSSUAS all csAirLink cubepilot development icarous loweheiser marsh paparazzi standard stemstudios storm32 uAvionix ualberta
[INFO] [1790609445.146748050] [uav9.mavros_router]: MAVROS Router started
[INFO] [1790609445.147800422] [uav9.mavros_node]: Starting mavros uas node
[INFO] [1790609445.346190215] [uav9.mavros_router]: Requested to add endpoint: type: 0, url: udp://:14548@127.0.0.1:14588
[INFO] [1790609445.346260583] [uav9.mavros_router]: Endpoint link[1000] created
[INFO] [1790609445.347944826] [uav9.mavros_router]: link[1000] opened successfully
[INFO] [1790609445.347971300] [uav9.mavros_router]: Requested to add endpoint: type: 2, url: /uas9
[INFO] [1790609445.347993687] [uav9.mavros_router]: Endpoint link[1001] created
[INFO] [1790609445.346425443] [uav9.mavros]: UAS Executor started, threads: 4
[INFO] [1790609445.346413179] [uav9.mavros]: Plugin actuator_control ignored
[INFO] [1790609445.355142179] [uav9.mavros]: Plugin altitude ignored
[INFO] [1790609445.350942501] [uav9.mavros_router]: link[1000] detected remote address 9.1
[INFO] [1790609445.457230536] [uav9.mavros_router]: link[1001] opened successfully
[INFO] [1790609445.700269858] [uav9.mavros]: Plugin command created
[INFO] [1790609445.700826544] [uav9.mavros]: Plugin command initialized
[INFO] [1790609445.700863273] [uav9.mavros]: Plugin ftp ignored
[INFO] [1790609445.700869697] [uav9.mavros]: Plugin geofence ignored
[INFO] [1790609446.031423573] [uav9.mavros]: Plugin global_position created
[INFO] [1790609446.031486485] [uav9.mavros]: Plugin global_position initialized
[INFO] [1790609446.031717690] [uav9.mavros]: Plugin home_position ignored
[INFO] [1790609446.031724553] [uav9.mavros]: Plugin imu ignored
[INFO] [1790609446.289566228] [uav9.mavros]: Plugin local_position created
[INFO] [1790609446.289626308] [uav9.mavros]: Plugin local_position initialized
[INFO] [1790609446.289637034] [uav9.mavros]: Plugin manual_control ignored
[INFO] [1790609446.289643100] [uav9.mavros]: Plugin nav_controller_output ignored
[INFO] [1790609446.289648954] [uav9.mavros]: Plugin param ignored
[INFO] [1790609446.289654501] [uav9.mavros]: Plugin rallypoint ignored
[INFO] [1790609446.289660108] [uav9.mavros]: Plugin rc_io ignored
[INFO] [1790609446.289665776] [uav9.mavros]: Plugin setpoint_accel ignored
[INFO] [1790609446.289671401] [uav9.mavros]: Plugin setpoint_attitude ignored
[INFO] [1790609446.289681589] [uav9.mavros]: Plugin setpoint_position ignored
[INFO] [1790609446.289687483] [uav9.mavros]: Plugin setpoint_raw ignored
[INFO] [1790609446.289693184] [uav9.mavros]: Plugin setpoint_trajectory ignored
[INFO] [1790609446.380565138] [uav9.mavros]: Plugin setpoint_velocity created
[INFO] [1790609446.392387462] [uav9.mavros]: Plugin setpoint_velocity initialized
[INFO] [1790609446.747635012] [uav9.mavros]: Plugin sys_status created
[INFO] [1790609446.747703594] [uav9.mavros]: Plugin sys_status initialized
[INFO] [1790609446.874523961] [uav9.mavros.time]: TM: Timesync mode: MAVLINK
[INFO] [1790609446.903668276] [uav9.mavros]: Plugin sys_time created
[INFO] [1790609446.920829599] [uav9.mavros]: Plugin sys_time initialized
[INFO] [1790609446.920850651] [uav9.mavros]: Plugin waypoint ignored
[INFO] [1790609446.920856169] [uav9.mavros]: Plugin wind_estimation ignored
[INFO] [1790609446.943744627] [uav9.mavros]: Built-in SIMD instructions: SSE, SSE2
[INFO] [1790609446.943786744] [uav9.mavros]: Built-in MAVLink package version: 2026.8.8
[INFO] [1790609446.943820246] [uav9.mavros]: Known MAVLink dialects: common ardupilotmega ASLUAV AVSSUAS all csAirLink cubepilot development icarous loweheiser marsh paparazzi standard stemstudios storm32 uAvionix ualberta
[INFO] [1790609446.943827508] [uav9.mavros]: MAVROS UAS via /uas9 started. MY ID 9.191, TARGET ID 9.1
[INFO] [1790609446.944180309] [uav9.mavros_router]: link[1001] detected remote address 9.191
[INFO] [1790609447.465857619] [uav9.mavros]: CON: Got HEARTBEAT, connected. FCU: PX4 Autopilot
[WARN] [1790609447.471066204] [uav9.mavros.sys]: FCU: UNK(8): EVENT 11047904 with args -0-0-0-16-0-128-0-0-0-176-58-127-128-176-58-127-128-0-0-0-0-0-0-0-0-0-0-0-0-0-0-0-0-0-0-0-0-0-0-0-
[ERROR] [1790609447.474100648] [uav9.mavros.sys]: FCU: EVENT 11464574 with args -0-64-0-0-20-0-0-0-0-0-0-0-0-0-0-0-0-0-0-0-0-0-0-0-0-0-0-0-0-0-0-0-0-0-0-0-0-0-0-0-
[INFO] [1790609447.474145567] [uav9.mavros.sys]: FCU: EVENT 377561 with args -8-0-0-0-20-0-0-0-0-0-0-0-0-0-0-0-0-0-0-0-0-0-0-0-0-0-0-0-0-0-0-0-0-0-0-0-0-0-0-0-
[WARN] [1790609447.474185613] [uav9.mavros.sys]: FCU: EVENT 453929 with args -255-255-255-255-7-0-0-0-0-0-0-0-0-0-0-0-0-0-0-0-0-0-0-0-0-0-0-0-0-0-0-0-0-0-0-0-0-0-0-0-
[INFO] [1790609447.474222089] [uav9.mavros.sys]: FCU: EVENT 6801787 with args -255-255-255-255-12-0-0-0-0-0-0-0-0-0-0-0-0-0-0-0-0-0-0-0-0-0-0-0-0-0-0-0-0-0-0-0-0-0-0-0-
[WARN] [1790609447.474272210] [uav9.mavros.sys]: FCU: UNK(8): EVENT 1914663 with args -0-10-13-2-56-0-0-0-0-0-0-0-0-0-0-0-0-0-0-0-0-0-0-0-0-0-0-0-0-0-0-0-0-0-0-0-0-0-0-0-
[INFO] [1790609448.478134270] [uav9.mavros.sys]: VER: 9.1: Capabilities         0x000000000000e8ff
[INFO] [1790609448.478176548] [uav9.mavros.sys]: VER: 9.1: Flight software:     011200c0 (fca3df865a000000)
[INFO] [1790609448.478185459] [uav9.mavros.sys]: VER: 9.1: Middleware software: 011200c0 (fca3df865a000000)
[INFO] [1790609448.478190479] [uav9.mavros.sys]: VER: 9.1: OS software:         070000ff (17040b9f87cb1791)
[INFO] [1790609448.478195100] [uav9.mavros.sys]: VER: 9.1: Board hardware:      00000001
[INFO] [1790609448.478201142] [uav9.mavros.sys]: VER: 9.1: VID/PID:             0000:0000
[INFO] [1790609448.478206593] [uav9.mavros.sys]: VER: 9.1: UID:                 4954414c44494e57
[WARN] [1790609448.481956124] [uav9.mavros.cmd]: CMD: Unexpected command 512, result 0
[WARN] [1790609461.450627812] [uav9.mavros.sys]: FCU: UNK(8): EVENT 11047904 with args -0-0-0-0-0-128-0-0-0-176-122-127-128-176-122-127-128-0-0-0-0-0-0-0-0-0-0-0-0-0-0-0-0-0-0-0-0-0-0-0-
[INFO] [1790609461.450731293] [uav9.mavros.sys]: FCU: EVENT 377561 with args -8-0-0-0-20-0-0-0-0-0-0-0-0-0-0-0-0-0-0-0-0-0-0-0-0-0-0-0-0-0-0-0-0-0-0-0-0-0-0-0-
[WARN] [1790609461.450791374] [uav9.mavros.sys]: FCU: EVENT 453929 with args -255-255-255-255-7-0-0-0-0-0-0-0-0-0-0-0-0-0-0-0-0-0-0-0-0-0-0-0-0-0-0-0-0-0-0-0-0-0-0-0-
[INFO] [1790609461.450882320] [uav9.mavros.sys]: FCU: EVENT 6801787 with args -255-255-255-255-12-0-0-0-0-0-0-0-0-0-0-0-0-0-0-0-0-0-0-0-0-0-0-0-0-0-0-0-0-0-0-0-0-0-0-0-
[WARN] [1790609461.450917238] [uav9.mavros.sys]: FCU: UNK(8): EVENT 1914663 with args -0-10-13-2-56-0-0-0-0-0-0-0-0-0-0-0-0-0-0-0-0-0-0-0-0-0-0-0-0-0-0-0-0-0-0-0-0-0-0-0-
[WARN] [1790609463.403806662] [uav9.mavros.cmd]: CMD: Unexpected command 176, result 0
[INFO] [1790609464.399255348] [uav9.mavros.sys]: FCU: EVENT 9489139 with args -4-0-0-0-0-0-0-0-0-0-0-0-0-0-0-0-0-0-0-0-0-0-0-0-0-0-0-0-0-0-0-0-0-0-0-0-0-0-0-0-
[INFO] [1790609466.271112713] [uav9.mavros.sys]: FCU: EVENT 4277609 with args -0-0-0-0-0-0-0-0-0-0-0-0-0-0-0-0-0-0-0-0-0-0-0-0-0-0-0-0-0-0-0-0-0-0-0-0-0-0-0-0-
[WARN] [1790609717.095098561] [uav9.mavros.cmd]: CMD: Unexpected command 176, result 0
[INFO] [1790609748.530157352] [uav9.mavros.sys]: FCU: EVENT 9844908 with args -0-0-0-0-0-0-0-0-0-0-0-0-0-0-0-0-0-0-0-0-0-0-0-0-0-0-0-0-0-0-0-0-0-0-0-0-0-0-0-0-
[INFO] [1790609750.645929597] [uav9.mavros.sys]: FCU: EVENT 16017271 with args -6-0-0-0-0-0-0-0-0-0-0-0-0-0-0-0-0-0-0-0-0-0-0-0-0-0-0-0-0-0-0-0-0-0-0-0-0-0-0-0-
[WARN] [1790609754.815108710] [uav9.mavros.sys]: FCU: UNK(8): EVENT 11047904 with args -0-0-0-0-0-128-0-0-0-176-122-127-128-176-122-127-128-0-0-0-0-0-0-0-0-0-0-0-0-0-0-0-0-0-0-0-0-0-0-0-
[INFO] [1790609754.815218962] [uav9.mavros.sys]: FCU: EVENT 377561 with args -8-0-0-0-20-0-0-0-0-0-0-0-0-0-0-0-0-0-0-0-0-0-0-0-0-0-0-0-0-0-0-0-0-0-0-0-0-0-0-0-
[WARN] [1790609754.815312782] [uav9.mavros.sys]: FCU: EVENT 453929 with args -255-255-255-255-7-0-0-0-0-0-0-0-0-0-0-0-0-0-0-0-0-0-0-0-0-0-0-0-0-0-0-0-0-0-0-0-0-0-0-0-
[INFO] [1790609754.815425012] [uav9.mavros.sys]: FCU: EVENT 6801787 with args -255-255-255-255-12-0-0-0-0-0-0-0-0-0-0-0-0-0-0-0-0-0-0-0-0-0-0-0-0-0-0-0-0-0-0-0-0-0-0-0-
[WARN] [1790609754.815459419] [uav9.mavros.sys]: FCU: UNK(8): EVENT 1914663 with args -0-10-9-2-56-0-0-0-0-0-0-0-0-0-0-0-0-0-0-0-0-0-0-0-0-0-0-0-0-0-0-0-0-0-0-0-0-0-0-0-
[INFO] [1790609757.082415021] [rclcpp]: signal_handler(SIGINT/SIGTERM)
[WARN] [1790609757.092750622] [uav9.mavros]: UAS Executor terminated
