[INFO] [1790609444.952340804] [uav3.mavros_node]: Starting mavros_node container
[INFO] [1790609444.954499560] [uav3.mavros_node]: FCU URL: udp://:14542@127.0.0.1:14582
[INFO] [1790609444.954538839] [uav3.mavros_node]: GCS URL: 
[INFO] [1790609444.954544660] [uav3.mavros_node]: UAS Prefix: /uas3
[INFO] [1790609444.954549717] [uav3.mavros_node]: Starting mavros router node
[INFO] [1790609445.029452581] [uav3.mavros_router]: Built-in SIMD instructions: SSE, SSE2
[INFO] [1790609445.029806211] [uav3.mavros_router]: Built-in MAVLink package version: 2026.8.8
[INFO] [1790609445.029829606] [uav3.mavros_router]: Known MAVLink dialects: common ardupilotmega ASLUAV AVSSUAS all csAirLink cubepilot development icarous loweheiser marsh paparazzi standard stemstudios storm32 uAvionix ualberta
[INFO] [1790609445.029836368] [uav3.mavros_router]: MAVROS Router started
[INFO] [1790609445.030062011] [uav3.mavros_node]: Starting mavros uas node
[INFO] [1790609445.224390640] [uav3.mavros_router]: Requested to add endpoint: type: 0, url: udp://:14542@127.0.0.1:14582
[INFO] [1790609445.224451240] [uav3.mavros_router]: Endpoint link[1000] created
[INFO] [1790609445.229947609] [uav3.mavros_router]: link[1000] opened successfully
[INFO] [1790609445.230006767] [uav3.mavros_router]: Requested to add endpoint: type: 2, url: /uas3
[INFO] [1790609445.230028025] [uav3.mavros_router]: Endpoint link[1001] created
[INFO] [1790609445.231675022] [uav3.mavros_router]: link[1000] detected remote address 3.1
[INFO] [1790609445.242058649] [uav3.mavros]: Plugin actuator_control ignored
[INFO] [1790609445.242130289] [uav3.mavros]: Plugin altitude ignored
[INFO] [1790609445.242510801] [uav3.mavros]: UAS Executor started, threads: 4
[INFO] [1790609445.317390387] [uav3.mavros_router]: link[1001] opened successfully
[INFO] [1790609445.420984244] [uav3.mavros]: Plugin command created
[INFO] [1790609445.421051354] [uav3.mavros]: Plugin command initialized
[INFO] [1790609445.421063662] [uav3.mavros]: Plugin ftp ignored
[INFO] [1790609445.421069691] [uav3.mavros]: Plugin geofence ignored
[INFO] [1790609445.603951907] [uav3.mavros]: Plugin global_position created
[INFO] [1790609445.604005461] [uav3.mavros]: Plugin global_position initialized
[INFO] [1790609445.604016319] [uav3.mavros]: Plugin home_position ignored
[INFO] [1790609445.604022193] [uav3.mavros]: Plugin imu ignored
[INFO] [1790609445.759323710] [uav3.mavros]: Plugin local_position created
[INFO] [1790609445.760048225] [uav3.mavros]: Plugin local_position initialized
[INFO] [1790609445.760095627] [uav3.mavros]: Plugin manual_control ignored
[INFO] [1790609445.760102757] [uav3.mavros]: Plugin nav_controller_output ignored
[INFO] [1790609445.760107927] [uav3.mavros]: Plugin param ignored
[INFO] [1790609445.760113967] [uav3.mavros]: Plugin rallypoint ignored
[INFO] [1790609445.760118862] [uav3.mavros]: Plugin rc_io ignored
[INFO] [1790609445.760124142] [uav3.mavros]: Plugin setpoint_accel ignored
[INFO] [1790609445.760129097] [uav3.mavros]: Plugin setpoint_attitude ignored
[INFO] [1790609445.760133763] [uav3.mavros]: Plugin setpoint_position ignored
[INFO] [1790609445.760139053] [uav3.mavros]: Plugin setpoint_raw ignored
[INFO] [1790609445.761559023] [uav3.mavros]: Plugin setpoint_trajectory ignored
[INFO] [1790609445.931883709] [uav3.mavros]: Plugin setpoint_velocity created
[INFO] [1790609445.931942208] [uav3.mavros]: Plugin setpoint_velocity initialized
[INFO] [1790609446.394200369] [uav3.mavros]: Plugin sys_status created
[INFO] [1790609446.394268709] [uav3.mavros]: Plugin sys_status initialized
[INFO] [1790609446.508111400] [uav3.mavros.time]: TM: Timesync mode: MAVLINK
[INFO] [1790609446.529530555] [uav3.mavros]: Plugin sys_time created
[INFO] [1790609446.529589859] [uav3.mavros]: Plugin sys_time initialized
[INFO] [1790609446.529599192] [uav3.mavros]: Plugin waypoint ignored
[INFO] [1790609446.529604514] [uav3.mavros]: Plugin wind_estimation ignored
[INFO] [1790609446.567272965] [uav3.mavros]: Built-in SIMD instructions: SSE, SSE2
[INFO] [1790609446.567318137] [uav3.mavros]: Built-in MAVLink package version: 2026.8.8
[INFO] [1790609446.567352034] [uav3.mavros]: Known MAVLink dialects: common ardupilotmega ASLUAV AVSSUAS all csAirLink cubepilot development icarous loweheiser marsh paparazzi standard stemstudios storm32 uAvionix ualberta
[INFO] [1790609446.567365281] [uav3.mavros]: MAVROS UAS via /uas3 started. MY ID 3.191, TARGET ID 3.1
[INFO] [1790609446.590975843] [uav3.mavros]: CON: Got HEARTBEAT, connected. FCU: PX4 Autopilot
[INFO] [1790609446.591180493] [uav3.mavros_router]: link[1001] detected remote address 3.191
[INFO] [1790609447.603605884] [uav3.mavros.sys]: VER: 3.1: Capabilities         0x000000000000e8ff
[INFO] [1790609447.603666803] [uav3.mavros.sys]: VER: 3.1: Flight software:     011200c0 (fca3df865a000000)
[INFO] [1790609447.603675681] [uav3.mavros.sys]: VER: 3.1: Middleware software: 011200c0 (fca3df865a000000)
[INFO] [1790609447.603680925] [uav3.mavros.sys]: VER: 3.1: OS software:         070000ff (17040b9f87cb1791)
[INFO] [1790609447.603685713] [uav3.mavros.sys]: VER: 3.1: Board hardware:      00000001
[INFO] [1790609447.603691657] [uav3.mavros.sys]: VER: 3.1: VID/PID:             0000:0000
[INFO] [1790609447.603696811] [uav3.mavros.sys]: VER: 3.1: UID:                 4954414c44494e51
[WARN] [1790609447.603777464] [uav3.mavros.cmd]: CMD: Unexpected command 512, result 0
[WARN] [1790609458.108660095] [uav3.mavros.sys]: FCU: UNK(8): EVENT 11047904 with args -0-0-0-0-0-128-0-0-0-176-122-127-128-176-122-127-128-0-0-0-0-0-0-0-0-0-0-0-0-0-0-0-0-0-0-0-0-0-0-0-
[INFO] [1790609458.113013946] [uav3.mavros.sys]: FCU: EVENT 377561 with args -8-0-0-0-20-0-0-0-0-0-0-0-0-0-0-0-0-0-0-0-0-0-0-0-0-0-0-0-0-0-0-0-0-0-0-0-0-0-0-0-
[WARN] [1790609458.114602423] [uav3.mavros.sys]: FCU: EVENT 453929 with args -255-255-255-255-7-0-0-0-0-0-0-0-0-0-0-0-0-0-0-0-0-0-0-0-0-0-0-0-0-0-0-0-0-0-0-0-0-0-0-0-
[INFO] [1790609458.114673892] [uav3.mavros.sys]: FCU: EVENT 6801787 with args -255-255-255-255-12-0-0-0-0-0-0-0-0-0-0-0-0-0-0-0-0-0-0-0-0-0-0-0-0-0-0-0-0-0-0-0-0-0-0-0-
[WARN] [1790609458.119097525] [uav3.mavros.sys]: FCU: UNK(8): EVENT 1914663 with args -0-10-13-2-56-0-0-0-0-0-0-0-0-0-0-0-0-0-0-0-0-0-0-0-0-0-0-0-0-0-0-0-0-0-0-0-0-0-0-0-
[WARN] [1790609463.180188178] [uav3.mavros.cmd]: CMD: Unexpected command 176, result 0
[INFO] [1790609463.438445117] [uav3.mavros.sys]: FCU: EVENT 9489139 with args -4-0-0-0-0-0-0-0-0-0-0-0-0-0-0-0-0-0-0-0-0-0-0-0-0-0-0-0-0-0-0-0-0-0-0-0-0-0-0-0-
[INFO] [1790609465.451732027] [uav3.mavros.sys]: FCU: EVENT 4277609 with args -0-0-0-0-0-0-0-0-0-0-0-0-0-0-0-0-0-0-0-0-0-0-0-0-0-0-0-0-0-0-0-0-0-0-0-0-0-0-0-0-
[WARN] [1790609717.074458077] [uav3.mavros.cmd]: CMD: Unexpected command 176, result 0
[INFO] [1790609749.735761575] [uav3.mavros.sys]: FCU: EVENT 9844908 with args -0-0-0-0-0-0-0-0-0-0-0-0-0-0-0-0-0-0-0-0-0-0-0-0-0-0-0-0-0-0-0-0-0-0-0-0-0-0-0-0-
[INFO] [1790609751.853910823] [uav3.mavros.sys]: FCU: EVENT 16017271 with args -6-0-0-0-0-0-0-0-0-0-0-0-0-0-0-0-0-0-0-0-0-0-0-0-0-0-0-0-0-0-0-0-0-0-0-0-0-0-0-0-
[WARN] [1790609755.858139862] [uav3.mavros.sys]: FCU: UNK(8): EVENT 11047904 with args -0-0-0-0-0-128-0-0-0-176-122-127-128-176-122-127-128-0-0-0-0-0-0-0-0-0-0-0-0-0-0-0-0-0-0-0-0-0-0-0-
[INFO] [1790609755.858264035] [uav3.mavros.sys]: FCU: EVENT 377561 with args -8-0-0-0-20-0-0-0-0-0-0-0-0-0-0-0-0-0-0-0-0-0-0-0-0-0-0-0-0-0-0-0-0-0-0-0-0-0-0-0-
[WARN] [1790609755.858312165] [uav3.mavros.sys]: FCU: EVENT 453929 with args -255-255-255-255-7-0-0-0-0-0-0-0-0-0-0-0-0-0-0-0-0-0-0-0-0-0-0-0-0-0-0-0-0-0-0-0-0-0-0-0-
[INFO] [1790609755.858352760] [uav3.mavros.sys]: FCU: EVENT 6801787 with args -255-255-255-255-12-0-0-0-0-0-0-0-0-0-0-0-0-0-0-0-0-0-0-0-0-0-0-0-0-0-0-0-0-0-0-0-0-0-0-0-
[WARN] [1790609755.858392226] [uav3.mavros.sys]: FCU: UNK(8): EVENT 1914663 with args -0-10-9-2-56-0-0-0-0-0-0-0-0-0-0-0-0-0-0-0-0-0-0-0-0-0-0-0-0-0-0-0-0-0-0-0-0-0-0-0-
[INFO] [1790609757.071826085] [rclcpp]: signal_handler(SIGINT/SIGTERM)
[WARN] [1790609757.073602704] [uav3.mavros]: UAS Executor terminated
