[INFO] [1790596971.161777688] [uav5.mavros_node]: Starting mavros_node container
[INFO] [1790596971.175104912] [uav5.mavros_node]: FCU URL: udp://:14544@127.0.0.1:14584
[INFO] [1790596971.175121996] [uav5.mavros_node]: GCS URL: 
[INFO] [1790596971.175127140] [uav5.mavros_node]: UAS Prefix: /uas5
[INFO] [1790596971.175132118] [uav5.mavros_node]: Starting mavros router node
[INFO] [1790596971.284120575] [uav5.mavros_router]: Built-in SIMD instructions: SSE, SSE2
[INFO] [1790596971.284174829] [uav5.mavros_router]: Built-in MAVLink package version: 2026.8.8
[INFO] [1790596971.284191006] [uav5.mavros_router]: Known MAVLink dialects: common ardupilotmega ASLUAV AVSSUAS all csAirLink cubepilot development icarous loweheiser marsh paparazzi standard stemstudios storm32 uAvionix ualberta
[INFO] [1790596971.284199023] [uav5.mavros_router]: MAVROS Router started
[INFO] [1790596971.284353498] [uav5.mavros_node]: Starting mavros uas node
[INFO] [1790596971.512086325] [uav5.mavros_router]: Requested to add endpoint: type: 0, url: udp://:14544@127.0.0.1:14584
[INFO] [1790596971.517824610] [uav5.mavros_router]: Endpoint link[1000] created
[INFO] [1790596971.518079468] [uav5.mavros_router]: link[1000] opened successfully
[INFO] [1790596971.518103624] [uav5.mavros_router]: Requested to add endpoint: type: 2, url: /uas5
[INFO] [1790596971.518120645] [uav5.mavros_router]: Endpoint link[1001] created
[INFO] [1790596971.529207229] [uav5.mavros_router]: link[1000] detected remote address 5.1
[INFO] [1790596971.539226108] [uav5.mavros]: Plugin actuator_control ignored
[INFO] [1790596971.539291934] [uav5.mavros]: Plugin altitude ignored
[INFO] [1790596971.539526526] [uav5.mavros]: UAS Executor started, threads: 4
[INFO] [1790596971.549440186] [uav5.mavros_router]: link[1001] opened successfully
[INFO] [1790596971.821878117] [uav5.mavros]: Plugin command created
[INFO] [1790596971.821948012] [uav5.mavros]: Plugin command initialized
[INFO] [1790596971.821959713] [uav5.mavros]: Plugin ftp ignored
[INFO] [1790596971.821966520] [uav5.mavros]: Plugin geofence ignored
[INFO] [1790596972.124010955] [uav5.mavros]: Plugin global_position created
[INFO] [1790596972.124080469] [uav5.mavros]: Plugin global_position initialized
[INFO] [1790596972.124093191] [uav5.mavros]: Plugin home_position ignored
[INFO] [1790596972.124100795] [uav5.mavros]: Plugin imu ignored
[INFO] [1790596972.340297949] [uav5.mavros]: Plugin local_position created
[INFO] [1790596972.340362635] [uav5.mavros]: Plugin local_position initialized
[INFO] [1790596972.340375258] [uav5.mavros]: Plugin manual_control ignored
[INFO] [1790596972.340381688] [uav5.mavros]: Plugin nav_controller_output ignored
[INFO] [1790596972.340387725] [uav5.mavros]: Plugin param ignored
[INFO] [1790596972.340393403] [uav5.mavros]: Plugin rallypoint ignored
[INFO] [1790596972.340398888] [uav5.mavros]: Plugin rc_io ignored
[INFO] [1790596972.340404775] [uav5.mavros]: Plugin setpoint_accel ignored
[INFO] [1790596972.340410164] [uav5.mavros]: Plugin setpoint_attitude ignored
[INFO] [1790596972.340415795] [uav5.mavros]: Plugin setpoint_position ignored
[INFO] [1790596972.340421136] [uav5.mavros]: Plugin setpoint_raw ignored
[INFO] [1790596972.340426778] [uav5.mavros]: Plugin setpoint_trajectory ignored
[INFO] [1790596972.535814341] [uav5.mavros]: Plugin setpoint_velocity created
[INFO] [1790596972.535882737] [uav5.mavros]: Plugin setpoint_velocity initialized
[INFO] [1790596972.961925024] [uav5.mavros]: Plugin sys_status created
[INFO] [1790596972.977375037] [uav5.mavros]: Plugin sys_status initialized
[INFO] [1790596973.167089814] [uav5.mavros.time]: TM: Timesync mode: MAVLINK
[INFO] [1790596973.187972997] [uav5.mavros]: Plugin sys_time created
[INFO] [1790596973.188036275] [uav5.mavros]: Plugin sys_time initialized
[INFO] [1790596973.188048679] [uav5.mavros]: Plugin waypoint ignored
[INFO] [1790596973.188054657] [uav5.mavros]: Plugin wind_estimation ignored
[INFO] [1790596973.196319688] [uav5.mavros]: Built-in SIMD instructions: SSE, SSE2
[INFO] [1790596973.196375058] [uav5.mavros]: Built-in MAVLink package version: 2026.8.8
[INFO] [1790596973.196410979] [uav5.mavros]: Known MAVLink dialects: common ardupilotmega ASLUAV AVSSUAS all csAirLink cubepilot development icarous loweheiser marsh paparazzi standard stemstudios storm32 uAvionix ualberta
[INFO] [1790596973.196422742] [uav5.mavros]: MAVROS UAS via /uas5 started. MY ID 5.191, TARGET ID 5.1
[INFO] [1790596973.224824582] [uav5.mavros_router]: link[1001] detected remote address 5.191
[INFO] [1790596973.640306315] [uav5.mavros]: CON: Got HEARTBEAT, connected. FCU: PX4 Autopilot
[INFO] [1790596974.672285307] [uav5.mavros.sys]: VER: 5.1: Capabilities         0x000000000000e8ff
[INFO] [1790596974.693045066] [uav5.mavros.sys]: VER: 5.1: Flight software:     011200c0 (fca3df865a000000)
[INFO] [1790596974.693065451] [uav5.mavros.sys]: VER: 5.1: Middleware software: 011200c0 (fca3df865a000000)
[INFO] [1790596974.693075116] [uav5.mavros.sys]: VER: 5.1: OS software:         070000ff (17040b9f87cb1791)
[INFO] [1790596974.693082372] [uav5.mavros.sys]: VER: 5.1: Board hardware:      00000001
[INFO] [1790596974.693088376] [uav5.mavros.sys]: VER: 5.1: VID/PID:             0000:0000
[INFO] [1790596974.693094280] [uav5.mavros.sys]: VER: 5.1: UID:                 4954414c44494e53
[WARN] [1790596974.700936375] [uav5.mavros.cmd]: CMD: Unexpected command 512, result 0
[WARN] [1790596984.923392910] [uav5.mavros.sys]: FCU: UNK(8): EVENT 11047904 with args -0-0-0-0-0-128-0-0-0-176-122-127-128-176-122-127-128-0-0-0-0-0-0-0-0-0-0-0-0-0-0-0-0-0-0-0-0-0-0-0-
[INFO] [1790596984.923497436] [uav5.mavros.sys]: FCU: EVENT 377561 with args -8-0-0-0-20-0-0-0-0-0-0-0-0-0-0-0-0-0-0-0-0-0-0-0-0-0-0-0-0-0-0-0-0-0-0-0-0-0-0-0-
[WARN] [1790596984.923538233] [uav5.mavros.sys]: FCU: EVENT 453929 with args -255-255-255-255-7-0-0-0-0-0-0-0-0-0-0-0-0-0-0-0-0-0-0-0-0-0-0-0-0-0-0-0-0-0-0-0-0-0-0-0-
[INFO] [1790596984.923575949] [uav5.mavros.sys]: FCU: EVENT 6801787 with args -255-255-255-255-12-0-0-0-0-0-0-0-0-0-0-0-0-0-0-0-0-0-0-0-0-0-0-0-0-0-0-0-0-0-0-0-0-0-0-0-
[WARN] [1790596984.923617552] [uav5.mavros.sys]: FCU: UNK(8): EVENT 1914663 with args -0-10-13-2-56-0-0-0-0-0-0-0-0-0-0-0-0-0-0-0-0-0-0-0-0-0-0-0-0-0-0-0-0-0-0-0-0-0-0-0-
[WARN] [1790596989.351250808] [uav5.mavros.cmd]: CMD: Unexpected command 176, result 0
[INFO] [1790596989.441219104] [uav5.mavros.sys]: FCU: EVENT 9489139 with args -4-0-0-0-0-0-0-0-0-0-0-0-0-0-0-0-0-0-0-0-0-0-0-0-0-0-0-0-0-0-0-0-0-0-0-0-0-0-0-0-
[INFO] [1790596991.332682916] [uav5.mavros.sys]: FCU: EVENT 4277609 with args -0-0-0-0-0-0-0-0-0-0-0-0-0-0-0-0-0-0-0-0-0-0-0-0-0-0-0-0-0-0-0-0-0-0-0-0-0-0-0-0-
[WARN] [1790597239.232078295] [uav5.mavros.cmd]: CMD: Unexpected command 176, result 0
[INFO] [1790597273.405860831] [uav5.mavros.sys]: FCU: EVENT 9844908 with args -0-0-0-0-0-0-0-0-0-0-0-0-0-0-0-0-0-0-0-0-0-0-0-0-0-0-0-0-0-0-0-0-0-0-0-0-0-0-0-0-
[INFO] [1790597275.490860792] [uav5.mavros.sys]: FCU: EVENT 16017271 with args -6-0-0-0-0-0-0-0-0-0-0-0-0-0-0-0-0-0-0-0-0-0-0-0-0-0-0-0-0-0-0-0-0-0-0-0-0-0-0-0-
[INFO] [1790597278.617852203] [rclcpp]: signal_handler(SIGINT/SIGTERM)
[WARN] [1790597278.623147151] [uav5.mavros]: UAS Executor terminated
