[INFO] [1790596971.226293075] [uav8.mavros_node]: Starting mavros_node container
[INFO] [1790596971.230634516] [uav8.mavros_node]: FCU URL: udp://:14547@127.0.0.1:14587
[INFO] [1790596971.231192110] [uav8.mavros_node]: GCS URL: 
[INFO] [1790596971.231203333] [uav8.mavros_node]: UAS Prefix: /uas8
[INFO] [1790596971.231208608] [uav8.mavros_node]: Starting mavros router node
[INFO] [1790596971.340960742] [uav8.mavros_router]: Built-in SIMD instructions: SSE, SSE2
[INFO] [1790596971.341008909] [uav8.mavros_router]: Built-in MAVLink package version: 2026.8.8
[INFO] [1790596971.341019318] [uav8.mavros_router]: Known MAVLink dialects: common ardupilotmega ASLUAV AVSSUAS all csAirLink cubepilot development icarous loweheiser marsh paparazzi standard stemstudios storm32 uAvionix ualberta
[INFO] [1790596971.341027194] [uav8.mavros_router]: MAVROS Router started
[INFO] [1790596971.344329251] [uav8.mavros_node]: Starting mavros uas node
[INFO] [1790596971.557538869] [uav8.mavros_router]: Requested to add endpoint: type: 0, url: udp://:14547@127.0.0.1:14587
[INFO] [1790596971.560834698] [uav8.mavros_router]: Endpoint link[1000] created
[INFO] [1790596971.564547109] [uav8.mavros_router]: link[1000] opened successfully
[INFO] [1790596971.564593198] [uav8.mavros_router]: Requested to add endpoint: type: 2, url: /uas8
[INFO] [1790596971.564618046] [uav8.mavros_router]: Endpoint link[1001] created
[INFO] [1790596971.568557856] [uav8.mavros_router]: link[1000] detected remote address 8.1
[INFO] [1790596971.580613946] [uav8.mavros]: Plugin actuator_control ignored
[INFO] [1790596971.580679908] [uav8.mavros]: Plugin altitude ignored
[INFO] [1790596971.580660721] [uav8.mavros]: UAS Executor started, threads: 4
[INFO] [1790596971.649100009] [uav8.mavros_router]: link[1001] opened successfully
[INFO] [1790596971.848710301] [uav8.mavros]: Plugin command created
[INFO] [1790596971.854530520] [uav8.mavros]: Plugin command initialized
[INFO] [1790596971.854550905] [uav8.mavros]: Plugin ftp ignored
[INFO] [1790596971.854558858] [uav8.mavros]: Plugin geofence ignored
[INFO] [1790596972.133530719] [uav8.mavros]: Plugin global_position created
[INFO] [1790596972.157570299] [uav8.mavros]: Plugin global_position initialized
[INFO] [1790596972.157595936] [uav8.mavros]: Plugin home_position ignored
[INFO] [1790596972.157604226] [uav8.mavros]: Plugin imu ignored
[INFO] [1790596972.466421625] [uav8.mavros]: Plugin local_position created
[INFO] [1790596972.466490784] [uav8.mavros]: Plugin local_position initialized
[INFO] [1790596972.466502434] [uav8.mavros]: Plugin manual_control ignored
[INFO] [1790596972.466508288] [uav8.mavros]: Plugin nav_controller_output ignored
[INFO] [1790596972.466514105] [uav8.mavros]: Plugin param ignored
[INFO] [1790596972.466519611] [uav8.mavros]: Plugin rallypoint ignored
[INFO] [1790596972.466524681] [uav8.mavros]: Plugin rc_io ignored
[INFO] [1790596972.466530508] [uav8.mavros]: Plugin setpoint_accel ignored
[INFO] [1790596972.466535865] [uav8.mavros]: Plugin setpoint_attitude ignored
[INFO] [1790596972.466541737] [uav8.mavros]: Plugin setpoint_position ignored
[INFO] [1790596972.466547060] [uav8.mavros]: Plugin setpoint_raw ignored
[INFO] [1790596972.466552309] [uav8.mavros]: Plugin setpoint_trajectory ignored
[INFO] [1790596972.663008309] [uav8.mavros]: Plugin setpoint_velocity created
[INFO] [1790596972.663086689] [uav8.mavros]: Plugin setpoint_velocity initialized
[INFO] [1790596972.937304942] [uav8.mavros]: Plugin sys_status created
[INFO] [1790596972.937458516] [uav8.mavros]: Plugin sys_status initialized
[INFO] [1790596973.030920660] [uav8.mavros.time]: TM: Timesync mode: MAVLINK
[INFO] [1790596973.042330323] [uav8.mavros]: Plugin sys_time created
[INFO] [1790596973.042392957] [uav8.mavros]: Plugin sys_time initialized
[INFO] [1790596973.042403935] [uav8.mavros]: Plugin waypoint ignored
[INFO] [1790596973.042409434] [uav8.mavros]: Plugin wind_estimation ignored
[INFO] [1790596973.071961504] [uav8.mavros]: Built-in SIMD instructions: SSE, SSE2
[INFO] [1790596973.075780886] [uav8.mavros]: Built-in MAVLink package version: 2026.8.8
[INFO] [1790596973.075819834] [uav8.mavros]: Known MAVLink dialects: common ardupilotmega ASLUAV AVSSUAS all csAirLink cubepilot development icarous loweheiser marsh paparazzi standard stemstudios storm32 uAvionix ualberta
[INFO] [1790596973.075829482] [uav8.mavros]: MAVROS UAS via /uas8 started. MY ID 8.191, TARGET ID 8.1
[INFO] [1790596973.185186522] [uav8.mavros_router]: link[1001] detected remote address 8.191
[INFO] [1790596973.499605801] [uav8.mavros]: CON: Got HEARTBEAT, connected. FCU: PX4 Autopilot
[INFO] [1790596974.551903506] [uav8.mavros.sys]: VER: 8.1: Capabilities         0x000000000000e8ff
[INFO] [1790596974.551970093] [uav8.mavros.sys]: VER: 8.1: Flight software:     011200c0 (fca3df865a000000)
[INFO] [1790596974.551978359] [uav8.mavros.sys]: VER: 8.1: Middleware software: 011200c0 (fca3df865a000000)
[INFO] [1790596974.551984452] [uav8.mavros.sys]: VER: 8.1: OS software:         070000ff (17040b9f87cb1791)
[INFO] [1790596974.551990075] [uav8.mavros.sys]: VER: 8.1: Board hardware:      00000001
[INFO] [1790596974.551995261] [uav8.mavros.sys]: VER: 8.1: VID/PID:             0000:0000
[INFO] [1790596974.552000977] [uav8.mavros.sys]: VER: 8.1: UID:                 4954414c44494e56
[WARN] [1790596974.552043597] [uav8.mavros.cmd]: CMD: Unexpected command 512, result 0
[WARN] [1790596985.814717095] [uav8.mavros.sys]: FCU: UNK(8): EVENT 11047904 with args -0-0-0-0-0-128-0-0-0-176-122-127-128-176-122-127-128-0-0-0-0-0-0-0-0-0-0-0-0-0-0-0-0-0-0-0-0-0-0-0-
[INFO] [1790596985.814816340] [uav8.mavros.sys]: FCU: EVENT 377561 with args -8-0-0-0-20-0-0-0-0-0-0-0-0-0-0-0-0-0-0-0-0-0-0-0-0-0-0-0-0-0-0-0-0-0-0-0-0-0-0-0-
[WARN] [1790596985.814855107] [uav8.mavros.sys]: FCU: EVENT 453929 with args -255-255-255-255-7-0-0-0-0-0-0-0-0-0-0-0-0-0-0-0-0-0-0-0-0-0-0-0-0-0-0-0-0-0-0-0-0-0-0-0-
[INFO] [1790596985.814892393] [uav8.mavros.sys]: FCU: EVENT 6801787 with args -255-255-255-255-12-0-0-0-0-0-0-0-0-0-0-0-0-0-0-0-0-0-0-0-0-0-0-0-0-0-0-0-0-0-0-0-0-0-0-0-
[WARN] [1790596985.814927197] [uav8.mavros.sys]: FCU: UNK(8): EVENT 1914663 with args -0-10-13-2-56-0-0-0-0-0-0-0-0-0-0-0-0-0-0-0-0-0-0-0-0-0-0-0-0-0-0-0-0-0-0-0-0-0-0-0-
[WARN] [1790596986.038256272] [uav8.mavros.sys.rclcpp]: failed to send response to /uav8/mavros/set_message_interval (timeout): client will not receive response, at ./src/rmw_response.cpp:153, at ./src/rcl/service.c:400
[WARN] [1790596986.309040828] [uav8.mavros.sys.rclcpp]: failed to send response to /uav8/mavros/set_message_interval (timeout): client will not receive response, at ./src/rmw_response.cpp:153, at ./src/rcl/service.c:400
[WARN] [1790596986.532344696] [uav8.mavros.sys.rclcpp]: failed to send response to /uav8/mavros/set_message_interval (timeout): client will not receive response, at ./src/rmw_response.cpp:153, at ./src/rcl/service.c:400
[WARN] [1790596986.702417175] [uav8.mavros.sys.rclcpp]: failed to send response to /uav8/mavros/set_message_interval (timeout): client will not receive response, at ./src/rmw_response.cpp:153, at ./src/rcl/service.c:400
[WARN] [1790596986.854403679] [uav8.mavros.sys.rclcpp]: failed to send response to /uav8/mavros/set_message_interval (timeout): client will not receive response, at ./src/rmw_response.cpp:153, at ./src/rcl/service.c:400
[WARN] [1790596987.037623097] [uav8.mavros.sys.rclcpp]: failed to send response to /uav8/mavros/set_message_interval (timeout): client will not receive response, at ./src/rmw_response.cpp:153, at ./src/rcl/service.c:400
[WARN] [1790596989.334807390] [uav8.mavros.cmd]: CMD: Unexpected command 176, result 0
[INFO] [1790596990.032608475] [uav8.mavros.sys]: FCU: EVENT 9489139 with args -4-0-0-0-0-0-0-0-0-0-0-0-0-0-0-0-0-0-0-0-0-0-0-0-0-0-0-0-0-0-0-0-0-0-0-0-0-0-0-0-
[INFO] [1790596991.828370766] [uav8.mavros.sys]: FCU: EVENT 4277609 with args -0-0-0-0-0-0-0-0-0-0-0-0-0-0-0-0-0-0-0-0-0-0-0-0-0-0-0-0-0-0-0-0-0-0-0-0-0-0-0-0-
[WARN] [1790597239.216196379] [uav8.mavros.cmd]: CMD: Unexpected command 176, result 0
[INFO] [1790597271.922717844] [uav8.mavros.sys]: FCU: EVENT 9844908 with args -0-0-0-0-0-0-0-0-0-0-0-0-0-0-0-0-0-0-0-0-0-0-0-0-0-0-0-0-0-0-0-0-0-0-0-0-0-0-0-0-
[INFO] [1790597274.013940870] [uav8.mavros.sys]: FCU: EVENT 16017271 with args -6-0-0-0-0-0-0-0-0-0-0-0-0-0-0-0-0-0-0-0-0-0-0-0-0-0-0-0-0-0-0-0-0-0-0-0-0-0-0-0-
[WARN] [1790597278.232574298] [uav8.mavros.sys]: FCU: UNK(8): EVENT 11047904 with args -0-0-0-0-0-128-0-0-0-176-122-127-128-176-122-127-128-0-0-0-0-0-0-0-0-0-0-0-0-0-0-0-0-0-0-0-0-0-0-0-
[INFO] [1790597278.232699826] [uav8.mavros.sys]: FCU: EVENT 377561 with args -8-0-0-0-20-0-0-0-0-0-0-0-0-0-0-0-0-0-0-0-0-0-0-0-0-0-0-0-0-0-0-0-0-0-0-0-0-0-0-0-
[WARN] [1790597278.232972827] [uav8.mavros.sys]: FCU: EVENT 453929 with args -255-255-255-255-7-0-0-0-0-0-0-0-0-0-0-0-0-0-0-0-0-0-0-0-0-0-0-0-0-0-0-0-0-0-0-0-0-0-0-0-
[INFO] [1790597278.233293384] [uav8.mavros.sys]: FCU: EVENT 6801787 with args -255-255-255-255-12-0-0-0-0-0-0-0-0-0-0-0-0-0-0-0-0-0-0-0-0-0-0-0-0-0-0-0-0-0-0-0-0-0-0-0-
[WARN] [1790597278.233381375] [uav8.mavros.sys]: FCU: UNK(8): EVENT 1914663 with args -0-10-9-2-56-0-0-0-0-0-0-0-0-0-0-0-0-0-0-0-0-0-0-0-0-0-0-0-0-0-0-0-0-0-0-0-0-0-0-0-
[INFO] [1790597278.620421241] [rclcpp]: signal_handler(SIGINT/SIGTERM)
[WARN] [1790597278.623314739] [uav8.mavros]: UAS Executor terminated
