[INFO] [1790582137.551793044] [uav3.mavros_node]: Starting mavros_node container
[INFO] [1790582137.551911335] [uav3.mavros_node]: FCU URL: udp://:14542@127.0.0.1:14582
[INFO] [1790582137.551922956] [uav3.mavros_node]: GCS URL: 
[INFO] [1790582137.551929055] [uav3.mavros_node]: UAS Prefix: /uas3
[INFO] [1790582137.551943251] [uav3.mavros_node]: Starting mavros router node
[INFO] [1790582137.574397734] [uav3.mavros_router]: Built-in SIMD instructions: SSE, SSE2
[INFO] [1790582137.574452817] [uav3.mavros_router]: Built-in MAVLink package version: 2026.8.8
[INFO] [1790582137.574463794] [uav3.mavros_router]: Known MAVLink dialects: common ardupilotmega ASLUAV AVSSUAS all csAirLink cubepilot development icarous loweheiser marsh paparazzi standard stemstudios storm32 uAvionix ualberta
[INFO] [1790582137.574471658] [uav3.mavros_router]: MAVROS Router started
[INFO] [1790582137.574619430] [uav3.mavros_node]: Starting mavros uas node
[INFO] [1790582137.635994141] [uav3.mavros_router]: Requested to add endpoint: type: 0, url: udp://:14542@127.0.0.1:14582
[INFO] [1790582137.636059200] [uav3.mavros_router]: Endpoint link[1000] created
[INFO] [1790582137.637178835] [uav3.mavros_router]: link[1000] opened successfully
[INFO] [1790582137.637232249] [uav3.mavros_router]: Requested to add endpoint: type: 2, url: /uas3
[INFO] [1790582137.637253549] [uav3.mavros_router]: Endpoint link[1001] created
[INFO] [1790582137.639514034] [uav3.mavros_router]: link[1000] detected remote address 3.1
[INFO] [1790582137.641567580] [uav3.mavros_router]: link[1001] opened successfully
[INFO] [1790582137.648131058] [uav3.mavros]: UAS Executor started, threads: 4
[INFO] [1790582137.648148924] [uav3.mavros]: Plugin actuator_control ignored
[INFO] [1790582137.655845439] [uav3.mavros]: Plugin altitude ignored
[INFO] [1790582137.774045828] [uav3.mavros]: Plugin command created
[INFO] [1790582137.774172028] [uav3.mavros]: Plugin command initialized
[INFO] [1790582137.774191074] [uav3.mavros]: Plugin ftp ignored
[INFO] [1790582137.774202032] [uav3.mavros]: Plugin geofence ignored
[INFO] [1790582137.823386920] [uav3.mavros]: Plugin global_position created
[INFO] [1790582137.823456220] [uav3.mavros]: Plugin global_position initialized
[INFO] [1790582137.823718791] [uav3.mavros]: Plugin home_position ignored
[INFO] [1790582137.823729570] [uav3.mavros]: Plugin imu ignored
[INFO] [1790582138.007451539] [uav3.mavros]: Plugin local_position created
[INFO] [1790582138.007518740] [uav3.mavros]: Plugin local_position initialized
[INFO] [1790582138.007532664] [uav3.mavros]: Plugin manual_control ignored
[INFO] [1790582138.007539629] [uav3.mavros]: Plugin nav_controller_output ignored
[INFO] [1790582138.007551400] [uav3.mavros]: Plugin param ignored
[INFO] [1790582138.007559679] [uav3.mavros]: Plugin rallypoint ignored
[INFO] [1790582138.007565031] [uav3.mavros]: Plugin rc_io ignored
[INFO] [1790582138.007572984] [uav3.mavros]: Plugin setpoint_accel ignored
[INFO] [1790582138.007582730] [uav3.mavros]: Plugin setpoint_attitude ignored
[INFO] [1790582138.007588990] [uav3.mavros]: Plugin setpoint_position ignored
[INFO] [1790582138.007594058] [uav3.mavros]: Plugin setpoint_raw ignored
[INFO] [1790582138.007601150] [uav3.mavros]: Plugin setpoint_trajectory ignored
[INFO] [1790582138.300099393] [uav3.mavros]: Plugin setpoint_velocity created
[INFO] [1790582138.305926262] [uav3.mavros]: Plugin setpoint_velocity initialized
[INFO] [1790582138.512475353] [uav3.mavros]: Plugin sys_status created
[INFO] [1790582138.512567841] [uav3.mavros]: Plugin sys_status initialized
[INFO] [1790582138.588494831] [uav3.mavros.time]: TM: Timesync mode: MAVLINK
[INFO] [1790582138.601253967] [uav3.mavros]: Plugin sys_time created
[INFO] [1790582138.601344461] [uav3.mavros]: Plugin sys_time initialized
[INFO] [1790582138.601489542] [uav3.mavros]: Plugin waypoint ignored
[INFO] [1790582138.601512277] [uav3.mavros]: Plugin wind_estimation ignored
[INFO] [1790582138.609528874] [uav3.mavros]: Built-in SIMD instructions: SSE, SSE2
[INFO] [1790582138.609662491] [uav3.mavros]: Built-in MAVLink package version: 2026.8.8
[INFO] [1790582138.609709117] [uav3.mavros]: Known MAVLink dialects: common ardupilotmega ASLUAV AVSSUAS all csAirLink cubepilot development icarous loweheiser marsh paparazzi standard stemstudios storm32 uAvionix ualberta
[INFO] [1790582138.609727168] [uav3.mavros]: MAVROS UAS via /uas3 started. MY ID 3.191, TARGET ID 3.1
[INFO] [1790582138.711540196] [uav3.mavros_router]: link[1001] detected remote address 3.191
[INFO] [1790582138.832411647] [uav3.mavros]: CON: Got HEARTBEAT, connected. FCU: PX4 Autopilot
[INFO] [1790582139.864951063] [uav3.mavros.sys]: VER: 3.1: Capabilities         0x000000000000e8ff
[INFO] [1790582139.865014361] [uav3.mavros.sys]: VER: 3.1: Flight software:     011200c0 (fca3df865a000000)
[INFO] [1790582139.865023192] [uav3.mavros.sys]: VER: 3.1: Middleware software: 011200c0 (fca3df865a000000)
[INFO] [1790582139.865028304] [uav3.mavros.sys]: VER: 3.1: OS software:         070000ff (17040b9f87cb1791)
[INFO] [1790582139.865033330] [uav3.mavros.sys]: VER: 3.1: Board hardware:      00000001
[INFO] [1790582139.865038580] [uav3.mavros.sys]: VER: 3.1: VID/PID:             0000:0000
[INFO] [1790582139.865043795] [uav3.mavros.sys]: VER: 3.1: UID:                 4954414c44494e51
[WARN] [1790582139.870810093] [uav3.mavros.cmd]: CMD: Unexpected command 512, result 0
[WARN] [1790582151.901264829] [uav3.mavros.sys]: FCU: UNK(8): EVENT 11047904 with args -0-0-0-0-0-128-0-0-0-176-122-127-128-176-122-127-128-0-0-0-0-0-0-0-0-0-0-0-0-0-0-0-0-0-0-0-0-0-0-0-
[INFO] [1790582151.907177681] [uav3.mavros.sys]: FCU: EVENT 377561 with args -8-0-0-0-20-0-0-0-0-0-0-0-0-0-0-0-0-0-0-0-0-0-0-0-0-0-0-0-0-0-0-0-0-0-0-0-0-0-0-0-
[WARN] [1790582151.907267576] [uav3.mavros.sys]: FCU: EVENT 453929 with args -255-255-255-255-7-0-0-0-0-0-0-0-0-0-0-0-0-0-0-0-0-0-0-0-0-0-0-0-0-0-0-0-0-0-0-0-0-0-0-0-
[INFO] [1790582151.907315558] [uav3.mavros.sys]: FCU: EVENT 6801787 with args -255-255-255-255-12-0-0-0-0-0-0-0-0-0-0-0-0-0-0-0-0-0-0-0-0-0-0-0-0-0-0-0-0-0-0-0-0-0-0-0-
[WARN] [1790582151.907351162] [uav3.mavros.sys]: FCU: UNK(8): EVENT 1914663 with args -0-10-13-2-56-0-0-0-0-0-0-0-0-0-0-0-0-0-0-0-0-0-0-0-0-0-0-0-0-0-0-0-0-0-0-0-0-0-0-0-
[WARN] [1790582155.904021349] [uav3.mavros.cmd]: CMD: Unexpected command 176, result 0
[INFO] [1790582156.288674295] [uav3.mavros.sys]: FCU: EVENT 9489139 with args -4-0-0-0-0-0-0-0-0-0-0-0-0-0-0-0-0-0-0-0-0-0-0-0-0-0-0-0-0-0-0-0-0-0-0-0-0-0-0-0-
[INFO] [1790582158.451243780] [uav3.mavros.sys]: FCU: EVENT 4277609 with args -0-0-0-0-0-0-0-0-0-0-0-0-0-0-0-0-0-0-0-0-0-0-0-0-0-0-0-0-0-0-0-0-0-0-0-0-0-0-0-0-
[WARN] [1790582422.279284365] [uav3.mavros.cmd]: CMD: Unexpected command 176, result 0
[INFO] [1790582453.455214405] [uav3.mavros.sys]: FCU: EVENT 9844908 with args -0-0-0-0-0-0-0-0-0-0-0-0-0-0-0-0-0-0-0-0-0-0-0-0-0-0-0-0-0-0-0-0-0-0-0-0-0-0-0-0-
[INFO] [1790582455.573231884] [uav3.mavros.sys]: FCU: EVENT 16017271 with args -6-0-0-0-0-0-0-0-0-0-0-0-0-0-0-0-0-0-0-0-0-0-0-0-0-0-0-0-0-0-0-0-0-0-0-0-0-0-0-0-
[WARN] [1790582458.986874223] [uav3.mavros.sys]: FCU: UNK(8): EVENT 11047904 with args -0-0-0-0-0-128-0-0-0-176-122-127-128-176-122-127-128-0-0-0-0-0-0-0-0-0-0-0-0-0-0-0-0-0-0-0-0-0-0-0-
[INFO] [1790582458.986951272] [uav3.mavros.sys]: FCU: EVENT 377561 with args -8-0-0-0-20-0-0-0-0-0-0-0-0-0-0-0-0-0-0-0-0-0-0-0-0-0-0-0-0-0-0-0-0-0-0-0-0-0-0-0-
[WARN] [1790582458.987038683] [uav3.mavros.sys]: FCU: EVENT 453929 with args -255-255-255-255-7-0-0-0-0-0-0-0-0-0-0-0-0-0-0-0-0-0-0-0-0-0-0-0-0-0-0-0-0-0-0-0-0-0-0-0-
[INFO] [1790582458.987059780] [uav3.mavros.sys]: FCU: EVENT 6801787 with args -255-255-255-255-12-0-0-0-0-0-0-0-0-0-0-0-0-0-0-0-0-0-0-0-0-0-0-0-0-0-0-0-0-0-0-0-0-0-0-0-
[WARN] [1790582458.987133003] [uav3.mavros.sys]: FCU: UNK(8): EVENT 1914663 with args -0-10-9-2-56-0-0-0-0-0-0-0-0-0-0-0-0-0-0-0-0-0-0-0-0-0-0-0-0-0-0-0-0-0-0-0-0-0-0-0-
[INFO] [1790582464.358750466] [rclcpp]: signal_handler(SIGINT/SIGTERM)
[WARN] [1790582464.359995404] [uav3.mavros]: UAS Executor terminated
