[INFO] [1790582137.688081097] [uav6.mavros_node]: Starting mavros_node container
[INFO] [1790582137.688218931] [uav6.mavros_node]: FCU URL: udp://:14545@127.0.0.1:14585
[INFO] [1790582137.688231658] [uav6.mavros_node]: GCS URL: 
[INFO] [1790582137.688237820] [uav6.mavros_node]: UAS Prefix: /uas6
[INFO] [1790582137.688244979] [uav6.mavros_node]: Starting mavros router node
[INFO] [1790582138.079164255] [uav6.mavros_router]: Built-in SIMD instructions: SSE, SSE2
[INFO] [1790582138.079227407] [uav6.mavros_router]: Built-in MAVLink package version: 2026.8.8
[INFO] [1790582138.079236989] [uav6.mavros_router]: Known MAVLink dialects: common ardupilotmega ASLUAV AVSSUAS all csAirLink cubepilot development icarous loweheiser marsh paparazzi standard stemstudios storm32 uAvionix ualberta
[INFO] [1790582138.079244184] [uav6.mavros_router]: MAVROS Router started
[INFO] [1790582138.079398661] [uav6.mavros_node]: Starting mavros uas node
[INFO] [1790582138.422000284] [uav6.mavros_router]: Requested to add endpoint: type: 0, url: udp://:14545@127.0.0.1:14585
[INFO] [1790582138.422067623] [uav6.mavros_router]: Endpoint link[1000] created
[INFO] [1790582138.422355262] [uav6.mavros_router]: link[1000] opened successfully
[INFO] [1790582138.422378356] [uav6.mavros_router]: Requested to add endpoint: type: 2, url: /uas6
[INFO] [1790582138.422393416] [uav6.mavros_router]: Endpoint link[1001] created
[INFO] [1790582138.429557158] [uav6.mavros_router]: link[1001] opened successfully
[INFO] [1790582138.438134143] [uav6.mavros_router]: link[1000] detected remote address 6.1
[INFO] [1790582138.441913706] [uav6.mavros]: UAS Executor started, threads: 4
[INFO] [1790582138.443379785] [uav6.mavros]: Plugin actuator_control ignored
[INFO] [1790582138.443429646] [uav6.mavros]: Plugin altitude ignored
[INFO] [1790582138.933877146] [uav6.mavros]: Plugin command created
[INFO] [1790582138.936125914] [uav6.mavros]: Plugin command initialized
[INFO] [1790582138.936168924] [uav6.mavros]: Plugin ftp ignored
[INFO] [1790582138.936176523] [uav6.mavros]: Plugin geofence ignored
[INFO] [1790582139.506391951] [uav6.mavros]: Plugin global_position created
[INFO] [1790582139.506458122] [uav6.mavros]: Plugin global_position initialized
[INFO] [1790582139.506480706] [uav6.mavros]: Plugin home_position ignored
[INFO] [1790582139.506487884] [uav6.mavros]: Plugin imu ignored
[INFO] [1790582139.583716605] [uav6.mavros]: Plugin local_position created
[INFO] [1790582139.583770716] [uav6.mavros]: Plugin local_position initialized
[INFO] [1790582139.583779999] [uav6.mavros]: Plugin manual_control ignored
[INFO] [1790582139.583786041] [uav6.mavros]: Plugin nav_controller_output ignored
[INFO] [1790582139.583791624] [uav6.mavros]: Plugin param ignored
[INFO] [1790582139.583797079] [uav6.mavros]: Plugin rallypoint ignored
[INFO] [1790582139.583802561] [uav6.mavros]: Plugin rc_io ignored
[INFO] [1790582139.583808066] [uav6.mavros]: Plugin setpoint_accel ignored
[INFO] [1790582139.583813556] [uav6.mavros]: Plugin setpoint_attitude ignored
[INFO] [1790582139.583818995] [uav6.mavros]: Plugin setpoint_position ignored
[INFO] [1790582139.583824388] [uav6.mavros]: Plugin setpoint_raw ignored
[INFO] [1790582139.583829768] [uav6.mavros]: Plugin setpoint_trajectory ignored
[INFO] [1790582139.997789652] [uav6.mavros]: Plugin setpoint_velocity created
[INFO] [1790582139.997854742] [uav6.mavros]: Plugin setpoint_velocity initialized
[INFO] [1790582140.327510243] [uav6.mavros]: Plugin sys_status created
[INFO] [1790582140.327583587] [uav6.mavros]: Plugin sys_status initialized
[INFO] [1790582140.630260775] [uav6.mavros.time]: TM: Timesync mode: MAVLINK
[INFO] [1790582140.704258618] [uav6.mavros]: Plugin sys_time created
[INFO] [1790582140.704320531] [uav6.mavros]: Plugin sys_time initialized
[INFO] [1790582140.708687782] [uav6.mavros]: Plugin waypoint ignored
[INFO] [1790582140.708721762] [uav6.mavros]: Plugin wind_estimation ignored
[INFO] [1790582140.767715381] [uav6.mavros]: Built-in SIMD instructions: SSE, SSE2
[INFO] [1790582140.767760519] [uav6.mavros]: Built-in MAVLink package version: 2026.8.8
[INFO] [1790582140.767790254] [uav6.mavros]: Known MAVLink dialects: common ardupilotmega ASLUAV AVSSUAS all csAirLink cubepilot development icarous loweheiser marsh paparazzi standard stemstudios storm32 uAvionix ualberta
[INFO] [1790582140.767798983] [uav6.mavros]: MAVROS UAS via /uas6 started. MY ID 6.191, TARGET ID 6.1
[INFO] [1790582140.893578891] [uav6.mavros_router]: link[1001] detected remote address 6.191
[INFO] [1790582141.120856029] [uav6.mavros]: CON: Got HEARTBEAT, connected. FCU: PX4 Autopilot
[INFO] [1790582142.139356915] [uav6.mavros.sys]: VER: 6.1: Capabilities         0x000000000000e8ff
[INFO] [1790582142.139642270] [uav6.mavros.sys]: VER: 6.1: Flight software:     011200c0 (fca3df865a000000)
[INFO] [1790582142.139665167] [uav6.mavros.sys]: VER: 6.1: Middleware software: 011200c0 (fca3df865a000000)
[INFO] [1790582142.139671722] [uav6.mavros.sys]: VER: 6.1: OS software:         070000ff (17040b9f87cb1791)
[INFO] [1790582142.139677142] [uav6.mavros.sys]: VER: 6.1: Board hardware:      00000001
[INFO] [1790582142.139682663] [uav6.mavros.sys]: VER: 6.1: VID/PID:             0000:0000
[INFO] [1790582142.139688716] [uav6.mavros.sys]: VER: 6.1: UID:                 4954414c44494e54
[WARN] [1790582142.141200520] [uav6.mavros.cmd]: CMD: Unexpected command 512, result 0
[WARN] [1790582148.517849993] [uav6.mavros.sys]: FCU: UNK(8): EVENT 11047904 with args -0-0-0-0-0-128-0-0-0-176-122-127-128-176-122-127-128-0-0-0-0-0-0-0-0-0-0-0-0-0-0-0-0-0-0-0-0-0-0-0-
[INFO] [1790582148.518264668] [uav6.mavros.sys]: FCU: EVENT 377561 with args -8-0-0-0-20-0-0-0-0-0-0-0-0-0-0-0-0-0-0-0-0-0-0-0-0-0-0-0-0-0-0-0-0-0-0-0-0-0-0-0-
[WARN] [1790582148.518821859] [uav6.mavros.sys]: FCU: EVENT 453929 with args -255-255-255-255-7-0-0-0-0-0-0-0-0-0-0-0-0-0-0-0-0-0-0-0-0-0-0-0-0-0-0-0-0-0-0-0-0-0-0-0-
[INFO] [1790582148.518852938] [uav6.mavros.sys]: FCU: EVENT 6801787 with args -255-255-255-255-12-0-0-0-0-0-0-0-0-0-0-0-0-0-0-0-0-0-0-0-0-0-0-0-0-0-0-0-0-0-0-0-0-0-0-0-
[WARN] [1790582148.518896761] [uav6.mavros.sys]: FCU: UNK(8): EVENT 1914663 with args -0-10-13-2-56-0-0-0-0-0-0-0-0-0-0-0-0-0-0-0-0-0-0-0-0-0-0-0-0-0-0-0-0-0-0-0-0-0-0-0-
[WARN] [1790582155.905442697] [uav6.mavros.cmd]: CMD: Unexpected command 176, result 0
[INFO] [1790582156.460862964] [uav6.mavros.sys]: FCU: EVENT 9489139 with args -4-0-0-0-0-0-0-0-0-0-0-0-0-0-0-0-0-0-0-0-0-0-0-0-0-0-0-0-0-0-0-0-0-0-0-0-0-0-0-0-
[INFO] [1790582158.412956557] [uav6.mavros.sys]: FCU: EVENT 4277609 with args -0-0-0-0-0-0-0-0-0-0-0-0-0-0-0-0-0-0-0-0-0-0-0-0-0-0-0-0-0-0-0-0-0-0-0-0-0-0-0-0-
[WARN] [1790582422.314201579] [uav6.mavros.cmd]: CMD: Unexpected command 176, result 0
[INFO] [1790582459.502045557] [uav6.mavros.sys]: FCU: EVENT 9844908 with args -0-0-0-0-0-0-0-0-0-0-0-0-0-0-0-0-0-0-0-0-0-0-0-0-0-0-0-0-0-0-0-0-0-0-0-0-0-0-0-0-
[INFO] [1790582461.591971883] [uav6.mavros.sys]: FCU: EVENT 16017271 with args -6-0-0-0-0-0-0-0-0-0-0-0-0-0-0-0-0-0-0-0-0-0-0-0-0-0-0-0-0-0-0-0-0-0-0-0-0-0-0-0-
[INFO] [1790582464.360289795] [rclcpp]: signal_handler(SIGINT/SIGTERM)
[WARN] [1790582464.364182671] [uav6.mavros]: UAS Executor terminated
