[INFO] [1790402985.739268003] [uav2.mavros_node]: Starting mavros_node container
[INFO] [1790402985.739398337] [uav2.mavros_node]: FCU URL: udp://:14541@127.0.0.1:14581
[INFO] [1790402985.739409584] [uav2.mavros_node]: GCS URL: 
[INFO] [1790402985.739416383] [uav2.mavros_node]: UAS Prefix: /uas2
[INFO] [1790402985.739421845] [uav2.mavros_node]: Starting mavros router node
[INFO] [1790402985.753794597] [uav2.mavros_router]: Built-in SIMD instructions: SSE, SSE2
[INFO] [1790402985.753874698] [uav2.mavros_router]: Built-in MAVLink package version: 2026.8.8
[INFO] [1790402985.753891204] [uav2.mavros_router]: Known MAVLink dialects: common ardupilotmega ASLUAV AVSSUAS all csAirLink cubepilot development icarous loweheiser marsh paparazzi standard stemstudios storm32 uAvionix ualberta
[INFO] [1790402985.753899039] [uav2.mavros_router]: MAVROS Router started
[INFO] [1790402985.754071277] [uav2.mavros_node]: Starting mavros uas node
[INFO] [1790402985.787250865] [uav2.mavros_router]: Requested to add endpoint: type: 0, url: udp://:14541@127.0.0.1:14581
[INFO] [1790402985.787306457] [uav2.mavros_router]: Endpoint link[1000] created
[INFO] [1790402985.787551637] [uav2.mavros_router]: link[1000] opened successfully
[INFO] [1790402985.787570818] [uav2.mavros_router]: Requested to add endpoint: type: 2, url: /uas2
[INFO] [1790402985.787584449] [uav2.mavros_router]: Endpoint link[1001] created
[INFO] [1790402985.791677395] [uav2.mavros_router]: link[1001] opened successfully
[INFO] [1790402985.797316076] [uav2.mavros]: UAS Executor started, threads: 4
[INFO] [1790402985.797325316] [uav2.mavros]: Plugin actuator_control ignored
[INFO] [1790402985.797779340] [uav2.mavros]: Plugin altitude ignored
[INFO] [1790402985.803263166] [uav2.mavros_router]: link[1000] detected remote address 2.1
[INFO] [1790402985.828841215] [uav2.mavros]: Plugin command created
[INFO] [1790402985.829054923] [uav2.mavros]: Plugin command initialized
[INFO] [1790402985.829068173] [uav2.mavros]: Plugin ftp ignored
[INFO] [1790402985.829075181] [uav2.mavros]: Plugin geofence ignored
[INFO] [1790402985.886821690] [uav2.mavros]: Plugin global_position created
[INFO] [1790402985.886871016] [uav2.mavros]: Plugin global_position initialized
[INFO] [1790402985.886882019] [uav2.mavros]: Plugin home_position ignored
[INFO] [1790402985.886888194] [uav2.mavros]: Plugin imu ignored
[INFO] [1790402985.915814889] [uav2.mavros]: Plugin local_position created
[INFO] [1790402985.915903362] [uav2.mavros]: Plugin local_position initialized
[INFO] [1790402985.915923082] [uav2.mavros]: Plugin manual_control ignored
[INFO] [1790402985.915952639] [uav2.mavros]: Plugin nav_controller_output ignored
[INFO] [1790402985.915965770] [uav2.mavros]: Plugin param ignored
[INFO] [1790402985.915975935] [uav2.mavros]: Plugin rallypoint ignored
[INFO] [1790402985.915985947] [uav2.mavros]: Plugin rc_io ignored
[INFO] [1790402985.915996048] [uav2.mavros]: Plugin setpoint_accel ignored
[INFO] [1790402985.916006646] [uav2.mavros]: Plugin setpoint_attitude ignored
[INFO] [1790402985.916017482] [uav2.mavros]: Plugin setpoint_position ignored
[INFO] [1790402985.916027852] [uav2.mavros]: Plugin setpoint_raw ignored
[INFO] [1790402985.916038385] [uav2.mavros]: Plugin setpoint_trajectory ignored
[INFO] [1790402985.955125727] [uav2.mavros]: Plugin setpoint_velocity created
[INFO] [1790402985.955174917] [uav2.mavros]: Plugin setpoint_velocity initialized
[INFO] [1790402985.978409783] [uav2.mavros]: Plugin sys_status created
[INFO] [1790402985.979247604] [uav2.mavros]: Plugin sys_status initialized
[INFO] [1790402985.989541964] [uav2.mavros.time]: TM: Timesync mode: MAVLINK
[INFO] [1790402985.992178853] [uav2.mavros]: Plugin sys_time created
[INFO] [1790402985.992249656] [uav2.mavros]: Plugin sys_time initialized
[INFO] [1790402985.992261186] [uav2.mavros]: Plugin waypoint ignored
[INFO] [1790402985.992267206] [uav2.mavros]: Plugin wind_estimation ignored
[INFO] [1790402985.994312594] [uav2.mavros]: Built-in SIMD instructions: SSE, SSE2
[INFO] [1790402985.994361225] [uav2.mavros]: Built-in MAVLink package version: 2026.8.8
[INFO] [1790402985.994595530] [uav2.mavros]: Known MAVLink dialects: common ardupilotmega ASLUAV AVSSUAS all csAirLink cubepilot development icarous loweheiser marsh paparazzi standard stemstudios storm32 uAvionix ualberta
[INFO] [1790402985.994612318] [uav2.mavros]: MAVROS UAS via /uas2 started. MY ID 2.191, TARGET ID 2.1
[INFO] [1790402985.995102624] [uav2.mavros_router]: link[1001] detected remote address 2.191
[INFO] [1790402986.984437452] [uav2.mavros]: CON: Got HEARTBEAT, connected. FCU: PX4 Autopilot
[INFO] [1790402986.985168331] [uav2.mavros.sys]: VER: 2.1: Capabilities         0x000000000000e8ff
[INFO] [1790402986.985195777] [uav2.mavros.sys]: VER: 2.1: Flight software:     011200c0 (fca3df865a000000)
[INFO] [1790402986.985207504] [uav2.mavros.sys]: VER: 2.1: Middleware software: 011200c0 (fca3df865a000000)
[INFO] [1790402986.985214293] [uav2.mavros.sys]: VER: 2.1: OS software:         070000ff (17040b9f87cb1791)
[INFO] [1790402986.985219340] [uav2.mavros.sys]: VER: 2.1: Board hardware:      00000001
[INFO] [1790402986.985230470] [uav2.mavros.sys]: VER: 2.1: VID/PID:             0000:0000
[INFO] [1790402986.985240295] [uav2.mavros.sys]: VER: 2.1: UID:                 4954414c44494e50
[WARN] [1790402986.988369041] [uav2.mavros.cmd]: CMD: Unexpected command 512, result 0
[WARN] [1790402987.998441303] [uav2.mavros.sys]: FCU: UNK(8): EVENT 11047904 with args -0-0-0-18-1-128-0-0-0-0-58-1-128-0-58-1-128-0-0-0-0-0-0-0-0-0-0-0-0-0-0-0-0-0-0-0-0-0-0-0-
[ERROR] [1790402987.998572385] [uav2.mavros.sys]: FCU: EVENT 12712246 with args -0-64-0-0-20-0-0-0-0-0-0-0-0-0-0-0-0-0-0-0-0-0-0-0-0-0-0-0-0-0-0-0-0-0-0-0-0-0-0-0-
[ERROR] [1790402987.998616385] [uav2.mavros.sys]: FCU: EVENT 13835193 with args -252-0-126-0-17-0-0-0-0-0-0-0-0-0-0-0-0-0-0-0-0-0-0-0-0-0-0-0-0-0-0-0-0-0-0-0-0-0-0-0-
[ERROR] [1790402987.998677523] [uav2.mavros.sys]: FCU: EVENT 10011251 with args -56-0-0-0-24-0-0-0-0-0-0-0-0-0-0-0-0-0-0-0-0-0-0-0-0-0-0-0-0-0-0-0-0-0-0-0-0-0-0-0-
[INFO] [1790402987.998699320] [uav2.mavros.sys]: FCU: EVENT 377561 with args -8-0-0-0-20-0-0-0-0-0-0-0-0-0-0-0-0-0-0-0-0-0-0-0-0-0-0-0-0-0-0-0-0-0-0-0-0-0-0-0-
[WARN] [1790402987.998771929] [uav2.mavros.sys]: FCU: EVENT 453929 with args -255-255-255-255-7-0-0-0-0-0-0-0-0-0-0-0-0-0-0-0-0-0-0-0-0-0-0-0-0-0-0-0-0-0-0-0-0-0-0-0-
[INFO] [1790402987.998793338] [uav2.mavros.sys]: FCU: EVENT 6801787 with args -255-255-255-255-12-0-0-0-0-0-0-0-0-0-0-0-0-0-0-0-0-0-0-0-0-0-0-0-0-0-0-0-0-0-0-0-0-0-0-0-
[WARN] [1790402987.998850889] [uav2.mavros.sys]: FCU: UNK(8): EVENT 1914663 with args -0-10-13-2-56-0-0-0-0-0-0-0-0-0-0-0-0-0-0-0-0-0-0-0-0-0-0-0-0-0-0-0-0-0-0-0-0-0-0-0-
[WARN] [1790402990.135521779] [uav2.mavros.sys]: FCU: UNK(8): EVENT 11047904 with args -0-0-0-0-0-128-0-0-0-176-122-127-128-176-122-127-128-0-0-0-0-0-0-0-0-0-0-0-0-0-0-0-0-0-0-0-0-0-0-0-
[INFO] [1790402990.135729081] [uav2.mavros.sys]: FCU: EVENT 377561 with args -8-0-0-0-20-0-0-0-0-0-0-0-0-0-0-0-0-0-0-0-0-0-0-0-0-0-0-0-0-0-0-0-0-0-0-0-0-0-0-0-
[WARN] [1790402990.135776081] [uav2.mavros.sys]: FCU: EVENT 453929 with args -255-255-255-255-7-0-0-0-0-0-0-0-0-0-0-0-0-0-0-0-0-0-0-0-0-0-0-0-0-0-0-0-0-0-0-0-0-0-0-0-
[INFO] [1790402990.135855117] [uav2.mavros.sys]: FCU: EVENT 6801787 with args -255-255-255-255-12-0-0-0-0-0-0-0-0-0-0-0-0-0-0-0-0-0-0-0-0-0-0-0-0-0-0-0-0-0-0-0-0-0-0-0-
[WARN] [1790402990.135875619] [uav2.mavros.sys]: FCU: UNK(8): EVENT 1914663 with args -0-10-13-2-56-0-0-0-0-0-0-0-0-0-0-0-0-0-0-0-0-0-0-0-0-0-0-0-0-0-0-0-0-0-0-0-0-0-0-0-
[INFO] [1790402991.629550062] [uav2.mavros.sys]: FCU: EVENT 9489139 with args -4-0-0-0-0-0-0-0-0-0-0-0-0-0-0-0-0-0-0-0-0-0-0-0-0-0-0-0-0-0-0-0-0-0-0-0-0-0-0-0-
[INFO] [1790402993.429476631] [uav2.mavros.sys]: FCU: EVENT 4277609 with args -0-0-0-0-0-0-0-0-0-0-0-0-0-0-0-0-0-0-0-0-0-0-0-0-0-0-0-0-0-0-0-0-0-0-0-0-0-0-0-0-
[WARN] [1790403032.916865616] [uav2.mavros.cmd]: CMD: Unexpected command 176, result 0
[INFO] [1790403052.512589128] [uav2.mavros.sys]: FCU: EVENT 9844908 with args -0-0-0-0-0-0-0-0-0-0-0-0-0-0-0-0-0-0-0-0-0-0-0-0-0-0-0-0-0-0-0-0-0-0-0-0-0-0-0-0-
[INFO] [1790403054.552032431] [uav2.mavros.sys]: FCU: EVENT 16017271 with args -6-0-0-0-0-0-0-0-0-0-0-0-0-0-0-0-0-0-0-0-0-0-0-0-0-0-0-0-0-0-0-0-0-0-0-0-0-0-0-0-
[INFO] [1790403056.358644192] [rclcpp]: signal_handler(SIGINT/SIGTERM)
[WARN] [1790403056.362453044] [uav2.mavros]: UAS Executor terminated
