N=3: available memory before launch 3926 MB
{
 "n": 3,
 "ids": [
  1,
  2,
  3
 ],
 "available_mb_before": 3926,
 "px4_work_dir": "/tmp/swarm_sim/20260926-111420",
 "criteria": {
  "all_armed_took_off_to_10m": true,
  "hover_30s": true,
  "all_landed_disarmed": true,
  "no_process_crash": true,
  "distinct_spawn_positions": true
 },
 "t_all_connected_s": 2.0,
 "spawn_max_error_m": 0.11,
 "spawn_min_pair_distance_m": 10.08,
 "t_arm_to_all_at_alt_s": 12.2,
 "hover_actual_s": 30.0,
 "hover_min_pair_distance_m": 9.13,
 "t_land_to_all_disarmed_s": 20.3,
 "landed_state_final": {
  "1": 1,
  "2": 1,
  "3": 1
 },
 "processes_dead_before_stop": [],
 "peak_rss_vmhwm_mb": {
  "px4": 30.6,
  "mavros": 257.0,
  "total": 287.6,
  "per_drone": 95.9
 },
 "min_available_mb": 3766,
 "cpu_hover": {
  "cpu_system_pct": {
   "mean": 24.9,
   "max": 26.3
  },
  "cpu_px4_pct_core": {
   "mean": 24.2,
   "max": 26.2
  },
  "cpu_mavros_pct_core": {
   "mean": 22.8,
   "max": 25.4
  },
  "cpu_harness_pct_core": {
   "mean": 28.0,
   "max": 30.0
  },
  "load1": {
   "mean": 11.8,
   "max": 14.2
  }
 },
 "cpu_whole_run": {
  "cpu_system_pct": {
   "mean": 25.3,
   "max": 41.4
  },
  "load1": {
   "mean": 11.6,
   "max": 17.9
  }
 },
 "result": "PASS"
}
