N=10: available memory before launch 3942 MB
{
 "n": 10,
 "ids": [
  1,
  2,
  3,
  4,
  5,
  6,
  7,
  8,
  9,
  10
 ],
 "available_mb_before": 3942,
 "px4_work_dir": "/tmp/swarm_sim/20260926-111650",
 "criteria": {
  "all_armed_took_off_to_10m": true,
  "hover_30s": true,
  "all_landed_disarmed": true,
  "no_process_crash": true,
  "distinct_spawn_positions": true
 },
 "t_all_connected_s": 3.8,
 "spawn_max_error_m": 0.16,
 "spawn_min_pair_distance_m": 9.76,
 "t_arm_to_all_at_alt_s": 13.2,
 "hover_actual_s": 30.0,
 "hover_min_pair_distance_m": 9.05,
 "t_land_to_all_disarmed_s": 25.0,
 "landed_state_final": {
  "1": 1,
  "2": 1,
  "3": 1,
  "4": 1,
  "5": 1,
  "6": 1,
  "7": 1,
  "8": 1,
  "9": 1,
  "10": 1
 },
 "processes_dead_before_stop": [],
 "peak_rss_vmhwm_mb": {
  "px4": 102.8,
  "mavros": 971.4,
  "total": 1074.2,
  "per_drone": 107.4
 },
 "min_available_mb": 3477,
 "cpu_hover": {
  "cpu_system_pct": {
   "mean": 76.5,
   "max": 77.4
  },
  "cpu_px4_pct_core": {
   "mean": 71.4,
   "max": 72.8
  },
  "cpu_mavros_pct_core": {
   "mean": 121.8,
   "max": 127.6
  },
  "cpu_harness_pct_core": {
   "mean": 78.7,
   "max": 80.3
  },
  "load1": {
   "mean": 9.3,
   "max": 10.3
  }
 },
 "cpu_whole_run": {
  "cpu_system_pct": {
   "mean": 77.5,
   "max": 99.7
  },
  "load1": {
   "mean": 9.5,
   "max": 11.7
  }
 },
 "result": "PASS"
}
