[INFO] [1790604885.270781722] [uav9.mavros_node]: Starting mavros_node container
[INFO] [1790604885.273163524] [uav9.mavros_node]: FCU URL: udp://:14548@127.0.0.1:14588
[INFO] [1790604885.274467017] [uav9.mavros_node]: GCS URL: 
[INFO] [1790604885.274484004] [uav9.mavros_node]: UAS Prefix: /uas9
[INFO] [1790604885.274489341] [uav9.mavros_node]: Starting mavros router node
[INFO] [1790604885.407974128] [uav9.mavros_router]: Built-in SIMD instructions: SSE, SSE2
[INFO] [1790604885.449037578] [uav9.mavros_router]: Built-in MAVLink package version: 2026.8.8
[INFO] [1790604885.449057737] [uav9.mavros_router]: Known MAVLink dialects: common ardupilotmega ASLUAV AVSSUAS all csAirLink cubepilot development icarous loweheiser marsh paparazzi standard stemstudios storm32 uAvionix ualberta
[INFO] [1790604885.449064426] [uav9.mavros_router]: MAVROS Router started
[INFO] [1790604885.449231296] [uav9.mavros_node]: Starting mavros uas node
[INFO] [1790604885.622887654] [uav9.mavros_router]: Requested to add endpoint: type: 0, url: udp://:14548@127.0.0.1:14588
[INFO] [1790604885.622945392] [uav9.mavros_router]: Endpoint link[1000] created
[INFO] [1790604885.623217875] [uav9.mavros_router]: link[1000] opened successfully
[INFO] [1790604885.623235956] [uav9.mavros_router]: Requested to add endpoint: type: 2, url: /uas9
[INFO] [1790604885.623249451] [uav9.mavros_router]: Endpoint link[1001] created
[INFO] [1790604885.628891865] [uav9.mavros_router]: link[1000] detected remote address 9.1
[INFO] [1790604885.631382069] [uav9.mavros_router]: link[1001] opened successfully
[INFO] [1790604885.631905286] [uav9.mavros]: Plugin actuator_control ignored
[INFO] [1790604885.635094663] [uav9.mavros]: Plugin altitude ignored
[INFO] [1790604885.632734170] [uav9.mavros]: UAS Executor started, threads: 4
[INFO] [1790604886.000105066] [uav9.mavros]: Plugin command created
[INFO] [1790604886.000180386] [uav9.mavros]: Plugin command initialized
[INFO] [1790604886.002270622] [uav9.mavros]: Plugin ftp ignored
[INFO] [1790604886.002488532] [uav9.mavros]: Plugin geofence ignored
[INFO] [1790604886.455335079] [uav9.mavros]: Plugin global_position created
[INFO] [1790604886.455399237] [uav9.mavros]: Plugin global_position initialized
[INFO] [1790604886.455408542] [uav9.mavros]: Plugin home_position ignored
[INFO] [1790604886.455414223] [uav9.mavros]: Plugin imu ignored
[INFO] [1790604886.706660561] [uav9.mavros]: Plugin local_position created
[INFO] [1790604886.706713527] [uav9.mavros]: Plugin local_position initialized
[INFO] [1790604886.706723816] [uav9.mavros]: Plugin manual_control ignored
[INFO] [1790604886.706729314] [uav9.mavros]: Plugin nav_controller_output ignored
[INFO] [1790604886.706733981] [uav9.mavros]: Plugin param ignored
[INFO] [1790604886.706738926] [uav9.mavros]: Plugin rallypoint ignored
[INFO] [1790604886.706748606] [uav9.mavros]: Plugin rc_io ignored
[INFO] [1790604886.706754019] [uav9.mavros]: Plugin setpoint_accel ignored
[INFO] [1790604886.706759265] [uav9.mavros]: Plugin setpoint_attitude ignored
[INFO] [1790604886.706764097] [uav9.mavros]: Plugin setpoint_position ignored
[INFO] [1790604886.706768893] [uav9.mavros]: Plugin setpoint_raw ignored
[INFO] [1790604886.706773765] [uav9.mavros]: Plugin setpoint_trajectory ignored
[INFO] [1790604886.872074707] [uav9.mavros]: Plugin setpoint_velocity created
[INFO] [1790604886.872140259] [uav9.mavros]: Plugin setpoint_velocity initialized
[INFO] [1790604887.179798271] [uav9.mavros]: Plugin sys_status created
[INFO] [1790604887.191282136] [uav9.mavros]: Plugin sys_status initialized
[INFO] [1790604887.444246072] [uav9.mavros.time]: TM: Timesync mode: MAVLINK
[INFO] [1790604887.508305218] [uav9.mavros]: Plugin sys_time created
[INFO] [1790604887.508370613] [uav9.mavros]: Plugin sys_time initialized
[INFO] [1790604887.508380274] [uav9.mavros]: Plugin waypoint ignored
[INFO] [1790604887.508386139] [uav9.mavros]: Plugin wind_estimation ignored
[INFO] [1790604887.620834320] [uav9.mavros]: Built-in SIMD instructions: SSE, SSE2
[INFO] [1790604887.663381850] [uav9.mavros]: Built-in MAVLink package version: 2026.8.8
[INFO] [1790604887.663412341] [uav9.mavros]: Known MAVLink dialects: common ardupilotmega ASLUAV AVSSUAS all csAirLink cubepilot development icarous loweheiser marsh paparazzi standard stemstudios storm32 uAvionix ualberta
[INFO] [1790604887.663419769] [uav9.mavros]: MAVROS UAS via /uas9 started. MY ID 9.191, TARGET ID 9.1
[INFO] [1790604887.707712016] [uav9.mavros_router]: link[1001] detected remote address 9.191
[WARN] [1790604888.052401005] [uav9.mavros.sys]: FCU: UNK(8): EVENT 11047904 with args -0-0-0-16-0-128-0-0-0-176-58-127-128-176-58-127-128-0-0-0-0-0-0-0-0-0-0-0-0-0-0-0-0-0-0-0-0-0-0-0-
[ERROR] [1790604888.091716697] [uav9.mavros.sys]: FCU: EVENT 11464574 with args -0-64-0-0-20-0-0-0-0-0-0-0-0-0-0-0-0-0-0-0-0-0-0-0-0-0-0-0-0-0-0-0-0-0-0-0-0-0-0-0-
[INFO] [1790604888.091799789] [uav9.mavros.sys]: FCU: EVENT 377561 with args -8-0-0-0-20-0-0-0-0-0-0-0-0-0-0-0-0-0-0-0-0-0-0-0-0-0-0-0-0-0-0-0-0-0-0-0-0-0-0-0-
[WARN] [1790604888.091841832] [uav9.mavros.sys]: FCU: EVENT 453929 with args -255-255-255-255-7-0-0-0-0-0-0-0-0-0-0-0-0-0-0-0-0-0-0-0-0-0-0-0-0-0-0-0-0-0-0-0-0-0-0-0-
[INFO] [1790604888.091875983] [uav9.mavros.sys]: FCU: EVENT 6801787 with args -255-255-255-255-12-0-0-0-0-0-0-0-0-0-0-0-0-0-0-0-0-0-0-0-0-0-0-0-0-0-0-0-0-0-0-0-0-0-0-0-
[WARN] [1790604888.091915766] [uav9.mavros.sys]: FCU: UNK(8): EVENT 1914663 with args -0-10-13-2-56-0-0-0-0-0-0-0-0-0-0-0-0-0-0-0-0-0-0-0-0-0-0-0-0-0-0-0-0-0-0-0-0-0-0-0-
[INFO] [1790604888.111564241] [uav9.mavros]: CON: Got HEARTBEAT, connected. FCU: PX4 Autopilot
[INFO] [1790604889.127922024] [uav9.mavros.sys]: VER: 9.1: Capabilities         0x000000000000e8ff
[INFO] [1790604889.162780535] [uav9.mavros.sys]: VER: 9.1: Flight software:     011200c0 (fca3df865a000000)
[INFO] [1790604889.162798404] [uav9.mavros.sys]: VER: 9.1: Middleware software: 011200c0 (fca3df865a000000)
[INFO] [1790604889.162803775] [uav9.mavros.sys]: VER: 9.1: OS software:         070000ff (17040b9f87cb1791)
[INFO] [1790604889.162808555] [uav9.mavros.sys]: VER: 9.1: Board hardware:      00000001
[INFO] [1790604889.162813425] [uav9.mavros.sys]: VER: 9.1: VID/PID:             0000:0000
[INFO] [1790604889.162819211] [uav9.mavros.sys]: VER: 9.1: UID:                 4954414c44494e57
[WARN] [1790604889.164114593] [uav9.mavros.cmd]: CMD: Unexpected command 512, result 0
[WARN] [1790604898.530278692] [uav9.mavros.sys]: FCU: UNK(8): EVENT 11047904 with args -0-0-0-0-0-128-0-0-0-176-122-127-128-176-122-127-128-0-0-0-0-0-0-0-0-0-0-0-0-0-0-0-0-0-0-0-0-0-0-0-
[INFO] [1790604898.530374432] [uav9.mavros.sys]: FCU: EVENT 377561 with args -8-0-0-0-20-0-0-0-0-0-0-0-0-0-0-0-0-0-0-0-0-0-0-0-0-0-0-0-0-0-0-0-0-0-0-0-0-0-0-0-
[WARN] [1790604898.530437658] [uav9.mavros.sys]: FCU: EVENT 453929 with args -255-255-255-255-7-0-0-0-0-0-0-0-0-0-0-0-0-0-0-0-0-0-0-0-0-0-0-0-0-0-0-0-0-0-0-0-0-0-0-0-
[INFO] [1790604898.530479067] [uav9.mavros.sys]: FCU: EVENT 6801787 with args -255-255-255-255-12-0-0-0-0-0-0-0-0-0-0-0-0-0-0-0-0-0-0-0-0-0-0-0-0-0-0-0-0-0-0-0-0-0-0-0-
[WARN] [1790604898.530517703] [uav9.mavros.sys]: FCU: UNK(8): EVENT 1914663 with args -0-10-13-2-56-0-0-0-0-0-0-0-0-0-0-0-0-0-0-0-0-0-0-0-0-0-0-0-0-0-0-0-0-0-0-0-0-0-0-0-
[WARN] [1790604903.977661298] [uav9.mavros.cmd]: CMD: Unexpected command 176, result 0
[INFO] [1790604904.791579424] [uav9.mavros.sys]: FCU: EVENT 9489139 with args -4-0-0-0-0-0-0-0-0-0-0-0-0-0-0-0-0-0-0-0-0-0-0-0-0-0-0-0-0-0-0-0-0-0-0-0-0-0-0-0-
[INFO] [1790604906.949042439] [uav9.mavros.sys]: FCU: EVENT 4277609 with args -0-0-0-0-0-0-0-0-0-0-0-0-0-0-0-0-0-0-0-0-0-0-0-0-0-0-0-0-0-0-0-0-0-0-0-0-0-0-0-0-
[WARN] [1790605156.322446624] [uav9.mavros.cmd]: CMD: Unexpected command 176, result 0
[INFO] [1790605188.993768708] [uav9.mavros.sys]: FCU: EVENT 9844908 with args -0-0-0-0-0-0-0-0-0-0-0-0-0-0-0-0-0-0-0-0-0-0-0-0-0-0-0-0-0-0-0-0-0-0-0-0-0-0-0-0-
[INFO] [1790605191.077339074] [uav9.mavros.sys]: FCU: EVENT 16017271 with args -6-0-0-0-0-0-0-0-0-0-0-0-0-0-0-0-0-0-0-0-0-0-0-0-0-0-0-0-0-0-0-0-0-0-0-0-0-0-0-0-
[WARN] [1790605195.021936907] [uav9.mavros.sys]: FCU: UNK(8): EVENT 11047904 with args -0-0-0-0-0-128-0-0-0-176-122-127-128-176-122-127-128-0-0-0-0-0-0-0-0-0-0-0-0-0-0-0-0-0-0-0-0-0-0-0-
[INFO] [1790605195.022020574] [uav9.mavros.sys]: FCU: EVENT 377561 with args -8-0-0-0-20-0-0-0-0-0-0-0-0-0-0-0-0-0-0-0-0-0-0-0-0-0-0-0-0-0-0-0-0-0-0-0-0-0-0-0-
[WARN] [1790605195.022099258] [uav9.mavros.sys]: FCU: EVENT 453929 with args -255-255-255-255-7-0-0-0-0-0-0-0-0-0-0-0-0-0-0-0-0-0-0-0-0-0-0-0-0-0-0-0-0-0-0-0-0-0-0-0-
[INFO] [1790605195.022112633] [uav9.mavros.sys]: FCU: EVENT 6801787 with args -255-255-255-255-12-0-0-0-0-0-0-0-0-0-0-0-0-0-0-0-0-0-0-0-0-0-0-0-0-0-0-0-0-0-0-0-0-0-0-0-
[WARN] [1790605195.022124047] [uav9.mavros.sys]: FCU: UNK(8): EVENT 1914663 with args -0-10-9-2-56-0-0-0-0-0-0-0-0-0-0-0-0-0-0-0-0-0-0-0-0-0-0-0-0-0-0-0-0-0-0-0-0-0-0-0-
[INFO] [1790605198.894767874] [rclcpp]: signal_handler(SIGINT/SIGTERM)
[WARN] [1790605198.895532119] [uav9.mavros]: UAS Executor terminated
