[INFO] [1790604884.972445056] [uav1.mavros_node]: Starting mavros_node container
[INFO] [1790604884.972582668] [uav1.mavros_node]: FCU URL: udp://:14540@127.0.0.1:14580
[INFO] [1790604884.972592320] [uav1.mavros_node]: GCS URL: 
[INFO] [1790604884.972599063] [uav1.mavros_node]: UAS Prefix: /uas1
[INFO] [1790604884.972604294] [uav1.mavros_node]: Starting mavros router node
[INFO] [1790604884.983356672] [uav1.mavros_router]: Built-in SIMD instructions: SSE, SSE2
[INFO] [1790604884.983409297] [uav1.mavros_router]: Built-in MAVLink package version: 2026.8.8
[INFO] [1790604884.983419649] [uav1.mavros_router]: Known MAVLink dialects: common ardupilotmega ASLUAV AVSSUAS all csAirLink cubepilot development icarous loweheiser marsh paparazzi standard stemstudios storm32 uAvionix ualberta
[INFO] [1790604884.983426471] [uav1.mavros_router]: MAVROS Router started
[INFO] [1790604884.983612289] [uav1.mavros_node]: Starting mavros uas node
[INFO] [1790604885.020266712] [uav1.mavros_router]: Requested to add endpoint: type: 0, url: udp://:14540@127.0.0.1:14580
[INFO] [1790604885.025744115] [uav1.mavros_router]: Endpoint link[1000] created
[INFO] [1790604885.026019891] [uav1.mavros_router]: link[1000] opened successfully
[INFO] [1790604885.026046373] [uav1.mavros_router]: Requested to add endpoint: type: 2, url: /uas1
[INFO] [1790604885.026060364] [uav1.mavros_router]: Endpoint link[1001] created
[INFO] [1790604885.028365952] [uav1.mavros_router]: link[1000] detected remote address 1.1
[INFO] [1790604885.038102204] [uav1.mavros]: Plugin actuator_control ignored
[INFO] [1790604885.039735961] [uav1.mavros]: Plugin altitude ignored
[INFO] [1790604885.038257087] [uav1.mavros]: UAS Executor started, threads: 4
[INFO] [1790604885.045303199] [uav1.mavros_router]: link[1001] opened successfully
[INFO] [1790604885.313749188] [uav1.mavros]: Plugin command created
[INFO] [1790604885.341657844] [uav1.mavros]: Plugin command initialized
[INFO] [1790604885.341670987] [uav1.mavros]: Plugin ftp ignored
[INFO] [1790604885.341676425] [uav1.mavros]: Plugin geofence ignored
[INFO] [1790604885.437517151] [uav1.mavros]: Plugin global_position created
[INFO] [1790604885.448714403] [uav1.mavros]: Plugin global_position initialized
[INFO] [1790604885.448727366] [uav1.mavros]: Plugin home_position ignored
[INFO] [1790604885.448732499] [uav1.mavros]: Plugin imu ignored
[INFO] [1790604885.622171369] [uav1.mavros]: Plugin local_position created
[INFO] [1790604885.625354033] [uav1.mavros]: Plugin local_position initialized
[INFO] [1790604885.625416558] [uav1.mavros]: Plugin manual_control ignored
[INFO] [1790604885.625423793] [uav1.mavros]: Plugin nav_controller_output ignored
[INFO] [1790604885.625430029] [uav1.mavros]: Plugin param ignored
[INFO] [1790604885.625435833] [uav1.mavros]: Plugin rallypoint ignored
[INFO] [1790604885.625441392] [uav1.mavros]: Plugin rc_io ignored
[INFO] [1790604885.625446888] [uav1.mavros]: Plugin setpoint_accel ignored
[INFO] [1790604885.625452471] [uav1.mavros]: Plugin setpoint_attitude ignored
[INFO] [1790604885.625458370] [uav1.mavros]: Plugin setpoint_position ignored
[INFO] [1790604885.625463715] [uav1.mavros]: Plugin setpoint_raw ignored
[INFO] [1790604885.625469367] [uav1.mavros]: Plugin setpoint_trajectory ignored
[INFO] [1790604885.711409670] [uav1.mavros]: Plugin setpoint_velocity created
[INFO] [1790604885.711474645] [uav1.mavros]: Plugin setpoint_velocity initialized
[INFO] [1790604885.735347532] [uav1.mavros]: Plugin sys_status created
[INFO] [1790604885.735417275] [uav1.mavros]: Plugin sys_status initialized
[INFO] [1790604885.849303672] [uav1.mavros.time]: TM: Timesync mode: MAVLINK
[INFO] [1790604885.853544234] [uav1.mavros]: Plugin sys_time created
[INFO] [1790604885.853597628] [uav1.mavros]: Plugin sys_time initialized
[INFO] [1790604885.853607638] [uav1.mavros]: Plugin waypoint ignored
[INFO] [1790604885.853612745] [uav1.mavros]: Plugin wind_estimation ignored
[INFO] [1790604885.857388514] [uav1.mavros]: Built-in SIMD instructions: SSE, SSE2
[INFO] [1790604885.857425606] [uav1.mavros]: Built-in MAVLink package version: 2026.8.8
[INFO] [1790604885.857461761] [uav1.mavros]: Known MAVLink dialects: common ardupilotmega ASLUAV AVSSUAS all csAirLink cubepilot development icarous loweheiser marsh paparazzi standard stemstudios storm32 uAvionix ualberta
[INFO] [1790604885.857469186] [uav1.mavros]: MAVROS UAS via /uas1 started. MY ID 1.191, TARGET ID 1.1
[INFO] [1790604885.880073693] [uav1.mavros_router]: link[1001] detected remote address 1.191
[INFO] [1790604886.649303445] [uav1.mavros]: CON: Got HEARTBEAT, connected. FCU: PX4 Autopilot
[INFO] [1790604887.786318831] [uav1.mavros.sys]: VER: 1.1: Capabilities         0x000000000000e8ff
[INFO] [1790604887.793719291] [uav1.mavros.sys]: VER: 1.1: Flight software:     011200c0 (fca3df865a000000)
[INFO] [1790604887.801512912] [uav1.mavros.sys]: VER: 1.1: Middleware software: 011200c0 (fca3df865a000000)
[INFO] [1790604887.801528169] [uav1.mavros.sys]: VER: 1.1: OS software:         070000ff (17040b9f87cb1791)
[INFO] [1790604887.801532889] [uav1.mavros.sys]: VER: 1.1: Board hardware:      00000001
[INFO] [1790604887.801538584] [uav1.mavros.sys]: VER: 1.1: VID/PID:             0000:0000
[INFO] [1790604887.801544168] [uav1.mavros.sys]: VER: 1.1: UID:                 4954414c44494e4f
[WARN] [1790604887.802561807] [uav1.mavros.cmd]: CMD: Unexpected command 512, result 0
[WARN] [1790604899.196008189] [uav1.mavros.sys]: FCU: UNK(8): EVENT 11047904 with args -0-0-0-0-0-128-0-0-0-176-122-127-128-176-122-127-128-0-0-0-0-0-0-0-0-0-0-0-0-0-0-0-0-0-0-0-0-0-0-0-
[INFO] [1790604899.196109210] [uav1.mavros.sys]: FCU: EVENT 377561 with args -8-0-0-0-20-0-0-0-0-0-0-0-0-0-0-0-0-0-0-0-0-0-0-0-0-0-0-0-0-0-0-0-0-0-0-0-0-0-0-0-
[WARN] [1790604899.196147104] [uav1.mavros.sys]: FCU: EVENT 453929 with args -255-255-255-255-7-0-0-0-0-0-0-0-0-0-0-0-0-0-0-0-0-0-0-0-0-0-0-0-0-0-0-0-0-0-0-0-0-0-0-0-
[INFO] [1790604899.196182605] [uav1.mavros.sys]: FCU: EVENT 6801787 with args -255-255-255-255-12-0-0-0-0-0-0-0-0-0-0-0-0-0-0-0-0-0-0-0-0-0-0-0-0-0-0-0-0-0-0-0-0-0-0-0-
[WARN] [1790604899.202551499] [uav1.mavros.sys]: FCU: UNK(8): EVENT 1914663 with args -0-10-13-2-56-0-0-0-0-0-0-0-0-0-0-0-0-0-0-0-0-0-0-0-0-0-0-0-0-0-0-0-0-0-0-0-0-0-0-0-
[WARN] [1790604903.923564957] [uav1.mavros.cmd]: CMD: Unexpected command 176, result 0
[INFO] [1790604904.286030399] [uav1.mavros.sys]: FCU: EVENT 9489139 with args -4-0-0-0-0-0-0-0-0-0-0-0-0-0-0-0-0-0-0-0-0-0-0-0-0-0-0-0-0-0-0-0-0-0-0-0-0-0-0-0-
[INFO] [1790604906.422908065] [uav1.mavros.sys]: FCU: EVENT 4277609 with args -0-0-0-0-0-0-0-0-0-0-0-0-0-0-0-0-0-0-0-0-0-0-0-0-0-0-0-0-0-0-0-0-0-0-0-0-0-0-0-0-
