[INFO] [1790604885.195739872] [uav6.mavros_node]: Starting mavros_node container
[INFO] [1790604885.195845834] [uav6.mavros_node]: FCU URL: udp://:14545@127.0.0.1:14585
[INFO] [1790604885.195854349] [uav6.mavros_node]: GCS URL: 
[INFO] [1790604885.195859369] [uav6.mavros_node]: UAS Prefix: /uas6
[INFO] [1790604885.195864113] [uav6.mavros_node]: Starting mavros router node
[INFO] [1790604885.365939971] [uav6.mavros_router]: Built-in SIMD instructions: SSE, SSE2
[INFO] [1790604885.448838591] [uav6.mavros_router]: Built-in MAVLink package version: 2026.8.8
[INFO] [1790604885.448852177] [uav6.mavros_router]: Known MAVLink dialects: common ardupilotmega ASLUAV AVSSUAS all csAirLink cubepilot development icarous loweheiser marsh paparazzi standard stemstudios storm32 uAvionix ualberta
[INFO] [1790604885.448858867] [uav6.mavros_router]: MAVROS Router started
[INFO] [1790604885.451178086] [uav6.mavros_node]: Starting mavros uas node
[INFO] [1790604885.881406669] [uav6.mavros_router]: Requested to add endpoint: type: 0, url: udp://:14545@127.0.0.1:14585
[INFO] [1790604885.881459139] [uav6.mavros_router]: Endpoint link[1000] created
[INFO] [1790604885.881828524] [uav6.mavros_router]: link[1000] opened successfully
[INFO] [1790604885.881853028] [uav6.mavros_router]: Requested to add endpoint: type: 2, url: /uas6
[INFO] [1790604885.881867477] [uav6.mavros_router]: Endpoint link[1001] created
[INFO] [1790604885.886961527] [uav6.mavros_router]: link[1001] opened successfully
[INFO] [1790604885.887147847] [uav6.mavros_router]: link[1000] detected remote address 6.1
[INFO] [1790604885.892425887] [uav6.mavros]: Plugin actuator_control ignored
[INFO] [1790604885.903105876] [uav6.mavros]: Plugin altitude ignored
[INFO] [1790604885.892547377] [uav6.mavros]: UAS Executor started, threads: 4
[INFO] [1790604886.149402112] [uav6.mavros]: Plugin command created
[INFO] [1790604886.162365753] [uav6.mavros]: Plugin command initialized
[INFO] [1790604886.162422835] [uav6.mavros]: Plugin ftp ignored
[INFO] [1790604886.162428947] [uav6.mavros]: Plugin geofence ignored
[INFO] [1790604886.847633123] [uav6.mavros]: Plugin global_position created
[INFO] [1790604886.847694298] [uav6.mavros]: Plugin global_position initialized
[INFO] [1790604886.847703890] [uav6.mavros]: Plugin home_position ignored
[INFO] [1790604886.847709316] [uav6.mavros]: Plugin imu ignored
[INFO] [1790604886.984215312] [uav6.mavros]: Plugin local_position created
[INFO] [1790604886.984268895] [uav6.mavros]: Plugin local_position initialized
[INFO] [1790604886.984279947] [uav6.mavros]: Plugin manual_control ignored
[INFO] [1790604886.984285765] [uav6.mavros]: Plugin nav_controller_output ignored
[INFO] [1790604886.984291925] [uav6.mavros]: Plugin param ignored
[INFO] [1790604886.984297605] [uav6.mavros]: Plugin rallypoint ignored
[INFO] [1790604886.984302874] [uav6.mavros]: Plugin rc_io ignored
[INFO] [1790604886.984308278] [uav6.mavros]: Plugin setpoint_accel ignored
[INFO] [1790604886.984313641] [uav6.mavros]: Plugin setpoint_attitude ignored
[INFO] [1790604886.984319230] [uav6.mavros]: Plugin setpoint_position ignored
[INFO] [1790604886.984324872] [uav6.mavros]: Plugin setpoint_raw ignored
[INFO] [1790604886.984330274] [uav6.mavros]: Plugin setpoint_trajectory ignored
[INFO] [1790604887.090447978] [uav6.mavros]: Plugin setpoint_velocity created
[INFO] [1790604887.103740814] [uav6.mavros]: Plugin setpoint_velocity initialized
[INFO] [1790604887.733974553] [uav6.mavros]: Plugin sys_status created
[INFO] [1790604887.769455995] [uav6.mavros]: Plugin sys_status initialized
[INFO] [1790604888.084249080] [uav6.mavros.time]: TM: Timesync mode: MAVLINK
[INFO] [1790604888.105734741] [uav6.mavros]: Plugin sys_time created
[INFO] [1790604888.105791690] [uav6.mavros]: Plugin sys_time initialized
[INFO] [1790604888.105801454] [uav6.mavros]: Plugin waypoint ignored
[INFO] [1790604888.105806804] [uav6.mavros]: Plugin wind_estimation ignored
[INFO] [1790604888.149680599] [uav6.mavros]: Built-in SIMD instructions: SSE, SSE2
[INFO] [1790604888.149722702] [uav6.mavros]: Built-in MAVLink package version: 2026.8.8
[INFO] [1790604888.149755725] [uav6.mavros]: Known MAVLink dialects: common ardupilotmega ASLUAV AVSSUAS all csAirLink cubepilot development icarous loweheiser marsh paparazzi standard stemstudios storm32 uAvionix ualberta
[INFO] [1790604888.149762882] [uav6.mavros]: MAVROS UAS via /uas6 started. MY ID 6.191, TARGET ID 6.1
[INFO] [1790604888.178661168] [uav6.mavros_router]: link[1001] detected remote address 6.191
[INFO] [1790604888.761515617] [uav6.mavros.sys]: VER: 6.1: Capabilities         0x000000000000e8ff
[INFO] [1790604888.771662686] [uav6.mavros.sys]: VER: 6.1: Flight software:     011200c0 (fca3df865a000000)
[INFO] [1790604888.771679574] [uav6.mavros.sys]: VER: 6.1: Middleware software: 011200c0 (fca3df865a000000)
[INFO] [1790604888.771684904] [uav6.mavros.sys]: VER: 6.1: OS software:         070000ff (17040b9f87cb1791)
[INFO] [1790604888.771689073] [uav6.mavros.sys]: VER: 6.1: Board hardware:      00000001
[INFO] [1790604888.771693415] [uav6.mavros.sys]: VER: 6.1: VID/PID:             0000:0000
[INFO] [1790604888.771698015] [uav6.mavros.sys]: VER: 6.1: UID:                 4954414c44494e54
[WARN] [1790604888.772057753] [uav6.mavros.cmd]: CMD: Unexpected command 512, result 0
[INFO] [1790604889.089171913] [uav6.mavros]: CON: Got HEARTBEAT, connected. FCU: PX4 Autopilot
[INFO] [1790604890.204623450] [uav6.mavros.sys]: VER: 6.1: Capabilities         0x000000000000e8ff
[INFO] [1790604890.204675991] [uav6.mavros.sys]: VER: 6.1: Flight software:     011200c0 (fca3df865a000000)
[INFO] [1790604890.204683194] [uav6.mavros.sys]: VER: 6.1: Middleware software: 011200c0 (fca3df865a000000)
[INFO] [1790604890.204688553] [uav6.mavros.sys]: VER: 6.1: OS software:         070000ff (17040b9f87cb1791)
[INFO] [1790604890.204693550] [uav6.mavros.sys]: VER: 6.1: Board hardware:      00000001
[INFO] [1790604890.204698531] [uav6.mavros.sys]: VER: 6.1: VID/PID:             0000:0000
[INFO] [1790604890.204703799] [uav6.mavros.sys]: VER: 6.1: UID:                 4954414c44494e54
[WARN] [1790604899.317670326] [uav6.mavros.sys]: FCU: UNK(8): EVENT 11047904 with args -0-0-0-0-0-128-0-0-0-176-122-127-128-176-122-127-128-0-0-0-0-0-0-0-0-0-0-0-0-0-0-0-0-0-0-0-0-0-0-0-
[INFO] [1790604899.317752518] [uav6.mavros.sys]: FCU: EVENT 377561 with args -8-0-0-0-20-0-0-0-0-0-0-0-0-0-0-0-0-0-0-0-0-0-0-0-0-0-0-0-0-0-0-0-0-0-0-0-0-0-0-0-
[WARN] [1790604899.317808142] [uav6.mavros.sys]: FCU: EVENT 453929 with args -255-255-255-255-7-0-0-0-0-0-0-0-0-0-0-0-0-0-0-0-0-0-0-0-0-0-0-0-0-0-0-0-0-0-0-0-0-0-0-0-
[INFO] [1790604899.317845458] [uav6.mavros.sys]: FCU: EVENT 6801787 with args -255-255-255-255-12-0-0-0-0-0-0-0-0-0-0-0-0-0-0-0-0-0-0-0-0-0-0-0-0-0-0-0-0-0-0-0-0-0-0-0-
[WARN] [1790604899.317880327] [uav6.mavros.sys]: FCU: UNK(8): EVENT 1914663 with args -0-10-13-2-56-0-0-0-0-0-0-0-0-0-0-0-0-0-0-0-0-0-0-0-0-0-0-0-0-0-0-0-0-0-0-0-0-0-0-0-
[WARN] [1790604904.015422497] [uav6.mavros.cmd]: CMD: Unexpected command 176, result 0
[INFO] [1790604904.221367146] [uav6.mavros.sys]: FCU: EVENT 9489139 with args -4-0-0-0-0-0-0-0-0-0-0-0-0-0-0-0-0-0-0-0-0-0-0-0-0-0-0-0-0-0-0-0-0-0-0-0-0-0-0-0-
[INFO] [1790604906.179163399] [uav6.mavros.sys]: FCU: EVENT 4277609 with args -0-0-0-0-0-0-0-0-0-0-0-0-0-0-0-0-0-0-0-0-0-0-0-0-0-0-0-0-0-0-0-0-0-0-0-0-0-0-0-0-
[WARN] [1790605156.346491986] [uav6.mavros.cmd]: CMD: Unexpected command 176, result 0
[INFO] [1790605187.667534877] [uav6.mavros.sys]: FCU: EVENT 9844908 with args -0-0-0-0-0-0-0-0-0-0-0-0-0-0-0-0-0-0-0-0-0-0-0-0-0-0-0-0-0-0-0-0-0-0-0-0-0-0-0-0-
[INFO] [1790605189.769258879] [uav6.mavros.sys]: FCU: EVENT 16017271 with args -6-0-0-0-0-0-0-0-0-0-0-0-0-0-0-0-0-0-0-0-0-0-0-0-0-0-0-0-0-0-0-0-0-0-0-0-0-0-0-0-
[WARN] [1790605193.652604648] [uav6.mavros.sys]: FCU: UNK(8): EVENT 11047904 with args -0-0-0-0-0-128-0-0-0-176-122-127-128-176-122-127-128-0-0-0-0-0-0-0-0-0-0-0-0-0-0-0-0-0-0-0-0-0-0-0-
[INFO] [1790605193.652670593] [uav6.mavros.sys]: FCU: EVENT 377561 with args -8-0-0-0-20-0-0-0-0-0-0-0-0-0-0-0-0-0-0-0-0-0-0-0-0-0-0-0-0-0-0-0-0-0-0-0-0-0-0-0-
[WARN] [1790605193.652755655] [uav6.mavros.sys]: FCU: EVENT 453929 with args -255-255-255-255-7-0-0-0-0-0-0-0-0-0-0-0-0-0-0-0-0-0-0-0-0-0-0-0-0-0-0-0-0-0-0-0-0-0-0-0-
[INFO] [1790605193.652794770] [uav6.mavros.sys]: FCU: EVENT 6801787 with args -255-255-255-255-12-0-0-0-0-0-0-0-0-0-0-0-0-0-0-0-0-0-0-0-0-0-0-0-0-0-0-0-0-0-0-0-0-0-0-0-
[WARN] [1790605193.652822304] [uav6.mavros.sys]: FCU: UNK(8): EVENT 1914663 with args -0-10-9-2-56-0-0-0-0-0-0-0-0-0-0-0-0-0-0-0-0-0-0-0-0-0-0-0-0-0-0-0-0-0-0-0-0-0-0-0-
[INFO] [1790605198.888746859] [rclcpp]: signal_handler(SIGINT/SIGTERM)
[WARN] [1790605198.889754649] [uav6.mavros]: UAS Executor terminated
