[INFO] [1790604885.204955888] [uav4.mavros_node]: Starting mavros_node container
[INFO] [1790604885.205059494] [uav4.mavros_node]: FCU URL: udp://:14543@127.0.0.1:14583
[INFO] [1790604885.205068702] [uav4.mavros_node]: GCS URL: 
[INFO] [1790604885.205073144] [uav4.mavros_node]: UAS Prefix: /uas4
[INFO] [1790604885.205077934] [uav4.mavros_node]: Starting mavros router node
[INFO] [1790604885.320893377] [uav4.mavros_router]: Built-in SIMD instructions: SSE, SSE2
[INFO] [1790604885.340757991] [uav4.mavros_router]: Built-in MAVLink package version: 2026.8.8
[INFO] [1790604885.340770800] [uav4.mavros_router]: Known MAVLink dialects: common ardupilotmega ASLUAV AVSSUAS all csAirLink cubepilot development icarous loweheiser marsh paparazzi standard stemstudios storm32 uAvionix ualberta
[INFO] [1790604885.340777636] [uav4.mavros_router]: MAVROS Router started
[INFO] [1790604885.341018955] [uav4.mavros_node]: Starting mavros uas node
[INFO] [1790604885.670252259] [uav4.mavros_router]: Requested to add endpoint: type: 0, url: udp://:14543@127.0.0.1:14583
[INFO] [1790604885.676173409] [uav4.mavros_router]: Endpoint link[1000] created
[INFO] [1790604885.676659580] [uav4.mavros_router]: link[1000] opened successfully
[INFO] [1790604885.676694598] [uav4.mavros_router]: Requested to add endpoint: type: 2, url: /uas4
[INFO] [1790604885.676711063] [uav4.mavros_router]: Endpoint link[1001] created
[INFO] [1790604885.683264336] [uav4.mavros_router]: link[1000] detected remote address 4.1
[INFO] [1790604885.683386420] [uav4.mavros]: UAS Executor started, threads: 4
[INFO] [1790604885.684071294] [uav4.mavros]: Plugin actuator_control ignored
[INFO] [1790604885.692270136] [uav4.mavros]: Plugin altitude ignored
[INFO] [1790604885.686297150] [uav4.mavros_router]: link[1001] opened successfully
[INFO] [1790604885.944755172] [uav4.mavros]: Plugin command created
[INFO] [1790604885.944831883] [uav4.mavros]: Plugin command initialized
[INFO] [1790604885.944844527] [uav4.mavros]: Plugin ftp ignored
[INFO] [1790604885.944851099] [uav4.mavros]: Plugin geofence ignored
[INFO] [1790604886.405402124] [uav4.mavros]: Plugin global_position created
[INFO] [1790604886.405764454] [uav4.mavros]: Plugin global_position initialized
[INFO] [1790604886.405810559] [uav4.mavros]: Plugin home_position ignored
[INFO] [1790604886.405816783] [uav4.mavros]: Plugin imu ignored
[INFO] [1790604886.804400335] [uav4.mavros]: Plugin local_position created
[INFO] [1790604886.804455496] [uav4.mavros]: Plugin local_position initialized
[INFO] [1790604886.804464874] [uav4.mavros]: Plugin manual_control ignored
[INFO] [1790604886.804470115] [uav4.mavros]: Plugin nav_controller_output ignored
[INFO] [1790604886.804475158] [uav4.mavros]: Plugin param ignored
[INFO] [1790604886.804480047] [uav4.mavros]: Plugin rallypoint ignored
[INFO] [1790604886.804485158] [uav4.mavros]: Plugin rc_io ignored
[INFO] [1790604886.804490200] [uav4.mavros]: Plugin setpoint_accel ignored
[INFO] [1790604886.804494740] [uav4.mavros]: Plugin setpoint_attitude ignored
[INFO] [1790604886.804499399] [uav4.mavros]: Plugin setpoint_position ignored
[INFO] [1790604886.804504367] [uav4.mavros]: Plugin setpoint_raw ignored
[INFO] [1790604886.804509672] [uav4.mavros]: Plugin setpoint_trajectory ignored
[INFO] [1790604887.039929662] [uav4.mavros]: Plugin setpoint_velocity created
[INFO] [1790604887.104123077] [uav4.mavros]: Plugin setpoint_velocity initialized
[INFO] [1790604887.496662889] [uav4.mavros]: Plugin sys_status created
[INFO] [1790604887.496746699] [uav4.mavros]: Plugin sys_status initialized
[INFO] [1790604887.578849246] [uav4.mavros.time]: TM: Timesync mode: MAVLINK
[INFO] [1790604887.607914739] [uav4.mavros]: Plugin sys_time created
[INFO] [1790604887.608484109] [uav4.mavros]: Plugin sys_time initialized
[INFO] [1790604887.608500238] [uav4.mavros]: Plugin waypoint ignored
[INFO] [1790604887.608511475] [uav4.mavros]: Plugin wind_estimation ignored
[INFO] [1790604887.641560501] [uav4.mavros]: Built-in SIMD instructions: SSE, SSE2
[INFO] [1790604887.670900620] [uav4.mavros]: Built-in MAVLink package version: 2026.8.8
[INFO] [1790604887.670940343] [uav4.mavros]: Known MAVLink dialects: common ardupilotmega ASLUAV AVSSUAS all csAirLink cubepilot development icarous loweheiser marsh paparazzi standard stemstudios storm32 uAvionix ualberta
[INFO] [1790604887.670948920] [uav4.mavros]: MAVROS UAS via /uas4 started. MY ID 4.191, TARGET ID 4.1
[INFO] [1790604887.675715999] [uav4.mavros]: CON: Got HEARTBEAT, connected. FCU: PX4 Autopilot
[INFO] [1790604887.676020953] [uav4.mavros_router]: link[1001] detected remote address 4.191
[INFO] [1790604888.735536189] [uav4.mavros.sys]: VER: 4.1: Capabilities         0x000000000000e8ff
[INFO] [1790604888.735616588] [uav4.mavros.sys]: VER: 4.1: Flight software:     011200c0 (fca3df865a000000)
[INFO] [1790604888.735624448] [uav4.mavros.sys]: VER: 4.1: Middleware software: 011200c0 (fca3df865a000000)
[INFO] [1790604888.735629879] [uav4.mavros.sys]: VER: 4.1: OS software:         070000ff (17040b9f87cb1791)
[INFO] [1790604888.735635182] [uav4.mavros.sys]: VER: 4.1: Board hardware:      00000001
[INFO] [1790604888.735640498] [uav4.mavros.sys]: VER: 4.1: VID/PID:             0000:0000
[INFO] [1790604888.735645491] [uav4.mavros.sys]: VER: 4.1: UID:                 4954414c44494e52
[WARN] [1790604888.735691495] [uav4.mavros.cmd]: CMD: Unexpected command 512, result 0
[WARN] [1790604898.818359455] [uav4.mavros.sys]: FCU: UNK(8): EVENT 11047904 with args -0-0-0-0-0-128-0-0-0-176-122-127-128-176-122-127-128-0-0-0-0-0-0-0-0-0-0-0-0-0-0-0-0-0-0-0-0-0-0-0-
[INFO] [1790604898.818444764] [uav4.mavros.sys]: FCU: EVENT 377561 with args -8-0-0-0-20-0-0-0-0-0-0-0-0-0-0-0-0-0-0-0-0-0-0-0-0-0-0-0-0-0-0-0-0-0-0-0-0-0-0-0-
[WARN] [1790604898.818715231] [uav4.mavros.sys]: FCU: EVENT 453929 with args -255-255-255-255-7-0-0-0-0-0-0-0-0-0-0-0-0-0-0-0-0-0-0-0-0-0-0-0-0-0-0-0-0-0-0-0-0-0-0-0-
[INFO] [1790604898.818745545] [uav4.mavros.sys]: FCU: EVENT 6801787 with args -255-255-255-255-12-0-0-0-0-0-0-0-0-0-0-0-0-0-0-0-0-0-0-0-0-0-0-0-0-0-0-0-0-0-0-0-0-0-0-0-
[WARN] [1790604898.818771011] [uav4.mavros.sys]: FCU: UNK(8): EVENT 1914663 with args -0-10-13-2-56-0-0-0-0-0-0-0-0-0-0-0-0-0-0-0-0-0-0-0-0-0-0-0-0-0-0-0-0-0-0-0-0-0-0-0-
[WARN] [1790604903.977101581] [uav4.mavros.cmd]: CMD: Unexpected command 176, result 0
[INFO] [1790604904.153281095] [uav4.mavros.sys]: FCU: EVENT 9489139 with args -4-0-0-0-0-0-0-0-0-0-0-0-0-0-0-0-0-0-0-0-0-0-0-0-0-0-0-0-0-0-0-0-0-0-0-0-0-0-0-0-
[INFO] [1790604906.340814652] [uav4.mavros.sys]: FCU: EVENT 4277609 with args -0-0-0-0-0-0-0-0-0-0-0-0-0-0-0-0-0-0-0-0-0-0-0-0-0-0-0-0-0-0-0-0-0-0-0-0-0-0-0-0-
[WARN] [1790605156.316481682] [uav4.mavros.cmd]: CMD: Unexpected command 176, result 0
[INFO] [1790605194.072075148] [uav4.mavros.sys]: FCU: EVENT 9844908 with args -0-0-0-0-0-0-0-0-0-0-0-0-0-0-0-0-0-0-0-0-0-0-0-0-0-0-0-0-0-0-0-0-0-0-0-0-0-0-0-0-
[INFO] [1790605196.168667524] [uav4.mavros.sys]: FCU: EVENT 16017271 with args -6-0-0-0-0-0-0-0-0-0-0-0-0-0-0-0-0-0-0-0-0-0-0-0-0-0-0-0-0-0-0-0-0-0-0-0-0-0-0-0-
[INFO] [1790605198.887288338] [rclcpp]: signal_handler(SIGINT/SIGTERM)
[WARN] [1790605198.891206459] [uav4.mavros]: UAS Executor terminated
