[INFO] [1790502732.692161632] [uav3.mavros_node]: Starting mavros_node container
[INFO] [1790502732.692274628] [uav3.mavros_node]: FCU URL: udp://:14542@127.0.0.1:14582
[INFO] [1790502732.692284870] [uav3.mavros_node]: GCS URL: 
[INFO] [1790502732.692291003] [uav3.mavros_node]: UAS Prefix: /uas3
[INFO] [1790502732.692296818] [uav3.mavros_node]: Starting mavros router node
[INFO] [1790502732.704355399] [uav3.mavros_router]: Built-in SIMD instructions: SSE, SSE2
[INFO] [1790502732.704381307] [uav3.mavros_router]: Built-in MAVLink package version: 2026.8.8
[INFO] [1790502732.704391995] [uav3.mavros_router]: Known MAVLink dialects: common ardupilotmega ASLUAV AVSSUAS all csAirLink cubepilot development icarous loweheiser marsh paparazzi standard stemstudios storm32 uAvionix ualberta
[INFO] [1790502732.704399990] [uav3.mavros_router]: MAVROS Router started
[INFO] [1790502732.704564383] [uav3.mavros_node]: Starting mavros uas node
[INFO] [1790502732.743612426] [uav3.mavros_router]: Requested to add endpoint: type: 0, url: udp://:14542@127.0.0.1:14582
[INFO] [1790502732.743681199] [uav3.mavros_router]: Endpoint link[1000] created
[INFO] [1790502732.743918354] [uav3.mavros_router]: link[1000] opened successfully
[INFO] [1790502732.743946514] [uav3.mavros_router]: Requested to add endpoint: type: 2, url: /uas3
[INFO] [1790502732.743963430] [uav3.mavros_router]: Endpoint link[1001] created
[INFO] [1790502732.746854485] [uav3.mavros_router]: link[1000] detected remote address 3.1
[INFO] [1790502732.749829718] [uav3.mavros_router]: link[1001] opened successfully
[INFO] [1790502732.757527675] [uav3.mavros]: Plugin actuator_control ignored
[INFO] [1790502732.757591603] [uav3.mavros]: Plugin altitude ignored
[INFO] [1790502732.757912237] [uav3.mavros]: UAS Executor started, threads: 4
[INFO] [1790502733.163903723] [uav3.mavros]: Plugin command created
[INFO] [1790502733.163967700] [uav3.mavros]: Plugin command initialized
[INFO] [1790502733.163980250] [uav3.mavros]: Plugin ftp ignored
[INFO] [1790502733.163986396] [uav3.mavros]: Plugin geofence ignored
[INFO] [1790502733.192909336] [uav3.mavros]: Plugin global_position created
[INFO] [1790502733.192957239] [uav3.mavros]: Plugin global_position initialized
[INFO] [1790502733.192969092] [uav3.mavros]: Plugin home_position ignored
[INFO] [1790502733.192975488] [uav3.mavros]: Plugin imu ignored
[INFO] [1790502733.225855822] [uav3.mavros]: Plugin local_position created
[INFO] [1790502733.225964413] [uav3.mavros]: Plugin local_position initialized
[INFO] [1790502733.225976934] [uav3.mavros]: Plugin manual_control ignored
[INFO] [1790502733.225983667] [uav3.mavros]: Plugin nav_controller_output ignored
[INFO] [1790502733.225989006] [uav3.mavros]: Plugin param ignored
[INFO] [1790502733.225994821] [uav3.mavros]: Plugin rallypoint ignored
[INFO] [1790502733.226000254] [uav3.mavros]: Plugin rc_io ignored
[INFO] [1790502733.226005880] [uav3.mavros]: Plugin setpoint_accel ignored
[INFO] [1790502733.226015715] [uav3.mavros]: Plugin setpoint_attitude ignored
[INFO] [1790502733.226021398] [uav3.mavros]: Plugin setpoint_position ignored
[INFO] [1790502733.226027456] [uav3.mavros]: Plugin setpoint_raw ignored
[INFO] [1790502733.226032888] [uav3.mavros]: Plugin setpoint_trajectory ignored
[INFO] [1790502733.238518103] [uav3.mavros]: Plugin setpoint_velocity created
[INFO] [1790502733.238579393] [uav3.mavros]: Plugin setpoint_velocity initialized
[INFO] [1790502733.333111515] [uav3.mavros]: Plugin sys_status created
[INFO] [1790502733.333195072] [uav3.mavros]: Plugin sys_status initialized
[INFO] [1790502733.343160314] [uav3.mavros.time]: TM: Timesync mode: MAVLINK
[INFO] [1790502733.358563802] [uav3.mavros]: Plugin sys_time created
[INFO] [1790502733.358663092] [uav3.mavros]: Plugin sys_time initialized
[INFO] [1790502733.358726630] [uav3.mavros]: Plugin waypoint ignored
[INFO] [1790502733.358737778] [uav3.mavros]: Plugin wind_estimation ignored
[INFO] [1790502733.381795334] [uav3.mavros]: Built-in SIMD instructions: SSE, SSE2
[INFO] [1790502733.381845124] [uav3.mavros]: Built-in MAVLink package version: 2026.8.8
[INFO] [1790502733.381877047] [uav3.mavros]: Known MAVLink dialects: common ardupilotmega ASLUAV AVSSUAS all csAirLink cubepilot development icarous loweheiser marsh paparazzi standard stemstudios storm32 uAvionix ualberta
[INFO] [1790502733.381889430] [uav3.mavros]: MAVROS UAS via /uas3 started. MY ID 3.191, TARGET ID 3.1
[INFO] [1790502733.429403749] [uav3.mavros_router]: link[1001] detected remote address 3.191
[INFO] [1790502734.103242217] [uav3.mavros]: CON: Got HEARTBEAT, connected. FCU: PX4 Autopilot
[INFO] [1790502735.201084020] [uav3.mavros.sys]: VER: 3.1: Capabilities         0x000000000000e8ff
[INFO] [1790502735.201137495] [uav3.mavros.sys]: VER: 3.1: Flight software:     011200c0 (fca3df865a000000)
[INFO] [1790502735.201150449] [uav3.mavros.sys]: VER: 3.1: Middleware software: 011200c0 (fca3df865a000000)
[INFO] [1790502735.201164738] [uav3.mavros.sys]: VER: 3.1: OS software:         070000ff (17040b9f87cb1791)
[INFO] [1790502735.201188697] [uav3.mavros.sys]: VER: 3.1: Board hardware:      00000001
[INFO] [1790502735.201198510] [uav3.mavros.sys]: VER: 3.1: VID/PID:             0000:0000
[INFO] [1790502735.201203930] [uav3.mavros.sys]: VER: 3.1: UID:                 4954414c44494e51
[WARN] [1790502735.203151207] [uav3.mavros.cmd]: CMD: Unexpected command 512, result 0
[WARN] [1790502744.975559765] [uav3.mavros.sys]: FCU: UNK(8): EVENT 11047904 with args -0-0-0-0-0-128-0-0-0-176-122-127-128-176-122-127-128-0-0-0-0-0-0-0-0-0-0-0-0-0-0-0-0-0-0-0-0-0-0-0-
[INFO] [1790502744.975681888] [uav3.mavros.sys]: FCU: EVENT 377561 with args -8-0-0-0-20-0-0-0-0-0-0-0-0-0-0-0-0-0-0-0-0-0-0-0-0-0-0-0-0-0-0-0-0-0-0-0-0-0-0-0-
[WARN] [1790502744.975724590] [uav3.mavros.sys]: FCU: EVENT 453929 with args -255-255-255-255-7-0-0-0-0-0-0-0-0-0-0-0-0-0-0-0-0-0-0-0-0-0-0-0-0-0-0-0-0-0-0-0-0-0-0-0-
[INFO] [1790502744.975762513] [uav3.mavros.sys]: FCU: EVENT 6801787 with args -255-255-255-255-12-0-0-0-0-0-0-0-0-0-0-0-0-0-0-0-0-0-0-0-0-0-0-0-0-0-0-0-0-0-0-0-0-0-0-0-
[WARN] [1790502744.976025278] [uav3.mavros.sys]: FCU: UNK(8): EVENT 1914663 with args -0-10-13-2-56-0-0-0-0-0-0-0-0-0-0-0-0-0-0-0-0-0-0-0-0-0-0-0-0-0-0-0-0-0-0-0-0-0-0-0-
[WARN] [1790502750.644679410] [uav3.mavros.cmd]: CMD: Unexpected command 176, result 0
[INFO] [1790502751.075094276] [uav3.mavros.sys]: FCU: EVENT 9489139 with args -4-0-0-0-0-0-0-0-0-0-0-0-0-0-0-0-0-0-0-0-0-0-0-0-0-0-0-0-0-0-0-0-0-0-0-0-0-0-0-0-
[INFO] [1790502753.011416507] [uav3.mavros.sys]: FCU: EVENT 4277609 with args -0-0-0-0-0-0-0-0-0-0-0-0-0-0-0-0-0-0-0-0-0-0-0-0-0-0-0-0-0-0-0-0-0-0-0-0-0-0-0-0-
[INFO] [1790503050.593911877] [rclcpp]: signal_handler(SIGINT/SIGTERM)
[WARN] [1790503050.652452703] [uav3.mavros]: UAS Executor terminated
