[INFO] [1790502733.292153989] [uav2.mavros_node]: Starting mavros_node container
[INFO] [1790502733.295786729] [uav2.mavros_node]: FCU URL: udp://:14541@127.0.0.1:14581
[INFO] [1790502733.295822008] [uav2.mavros_node]: GCS URL: 
[INFO] [1790502733.295828293] [uav2.mavros_node]: UAS Prefix: /uas2
[INFO] [1790502733.295834356] [uav2.mavros_node]: Starting mavros router node
[INFO] [1790502733.491869712] [uav2.mavros_router]: Built-in SIMD instructions: SSE, SSE2
[INFO] [1790502733.492621044] [uav2.mavros_router]: Built-in MAVLink package version: 2026.8.8
[INFO] [1790502733.492933015] [uav2.mavros_router]: Known MAVLink dialects: common ardupilotmega ASLUAV AVSSUAS all csAirLink cubepilot development icarous loweheiser marsh paparazzi standard stemstudios storm32 uAvionix ualberta
[INFO] [1790502733.493770135] [uav2.mavros_router]: MAVROS Router started
[INFO] [1790502733.497122660] [uav2.mavros_node]: Starting mavros uas node
[INFO] [1790502733.629871683] [uav2.mavros_router]: Requested to add endpoint: type: 0, url: udp://:14541@127.0.0.1:14581
[INFO] [1790502733.629993334] [uav2.mavros_router]: Endpoint link[1000] created
[INFO] [1790502733.630244934] [uav2.mavros_router]: link[1000] opened successfully
[INFO] [1790502733.630272824] [uav2.mavros_router]: Requested to add endpoint: type: 2, url: /uas2
[INFO] [1790502733.630288113] [uav2.mavros_router]: Endpoint link[1001] created
[INFO] [1790502733.631478667] [uav2.mavros_router]: link[1000] detected remote address 2.1
[INFO] [1790502733.635799503] [uav2.mavros_router]: link[1001] opened successfully
[INFO] [1790502733.640036608] [uav2.mavros]: UAS Executor started, threads: 4
[INFO] [1790502733.640048018] [uav2.mavros]: Plugin actuator_control ignored
[INFO] [1790502733.643875147] [uav2.mavros]: Plugin altitude ignored
[INFO] [1790502734.015927754] [uav2.mavros]: Plugin command created
[INFO] [1790502734.015997592] [uav2.mavros]: Plugin command initialized
[INFO] [1790502734.016008449] [uav2.mavros]: Plugin ftp ignored
[INFO] [1790502734.016015254] [uav2.mavros]: Plugin geofence ignored
[INFO] [1790502734.137622001] [uav2.mavros]: Plugin global_position created
[INFO] [1790502734.137693017] [uav2.mavros]: Plugin global_position initialized
[INFO] [1790502734.137707448] [uav2.mavros]: Plugin home_position ignored
[INFO] [1790502734.137715114] [uav2.mavros]: Plugin imu ignored
[INFO] [1790502734.403309318] [uav2.mavros]: Plugin local_position created
[INFO] [1790502734.403385973] [uav2.mavros]: Plugin local_position initialized
[INFO] [1790502734.403398311] [uav2.mavros]: Plugin manual_control ignored
[INFO] [1790502734.403405062] [uav2.mavros]: Plugin nav_controller_output ignored
[INFO] [1790502734.403411512] [uav2.mavros]: Plugin param ignored
[INFO] [1790502734.403417534] [uav2.mavros]: Plugin rallypoint ignored
[INFO] [1790502734.403423135] [uav2.mavros]: Plugin rc_io ignored
[INFO] [1790502734.403428139] [uav2.mavros]: Plugin setpoint_accel ignored
[INFO] [1790502734.403432997] [uav2.mavros]: Plugin setpoint_attitude ignored
[INFO] [1790502734.403438222] [uav2.mavros]: Plugin setpoint_position ignored
[INFO] [1790502734.403443273] [uav2.mavros]: Plugin setpoint_raw ignored
[INFO] [1790502734.403448410] [uav2.mavros]: Plugin setpoint_trajectory ignored
[INFO] [1790502734.599439778] [uav2.mavros]: Plugin setpoint_velocity created
[INFO] [1790502734.599509919] [uav2.mavros]: Plugin setpoint_velocity initialized
[INFO] [1790502735.220905809] [uav2.mavros]: Plugin sys_status created
[INFO] [1790502735.220981360] [uav2.mavros]: Plugin sys_status initialized
[INFO] [1790502735.378645983] [uav2.mavros.time]: TM: Timesync mode: MAVLINK
[INFO] [1790502735.395720277] [uav2.mavros]: Plugin sys_time created
[INFO] [1790502735.395791388] [uav2.mavros]: Plugin sys_time initialized
[INFO] [1790502735.395802480] [uav2.mavros]: Plugin waypoint ignored
[INFO] [1790502735.395807536] [uav2.mavros]: Plugin wind_estimation ignored
[INFO] [1790502735.405644722] [uav2.mavros]: Built-in SIMD instructions: SSE, SSE2
[INFO] [1790502735.405694412] [uav2.mavros]: Built-in MAVLink package version: 2026.8.8
[INFO] [1790502735.405728164] [uav2.mavros]: Known MAVLink dialects: common ardupilotmega ASLUAV AVSSUAS all csAirLink cubepilot development icarous loweheiser marsh paparazzi standard stemstudios storm32 uAvionix ualberta
[INFO] [1790502735.405735771] [uav2.mavros]: MAVROS UAS via /uas2 started. MY ID 2.191, TARGET ID 2.1
[INFO] [1790502735.493315336] [uav2.mavros_router]: link[1001] detected remote address 2.191
[INFO] [1790502736.305040686] [uav2.mavros.sys]: VER: 2.1: Capabilities         0x000000000000e8ff
[INFO] [1790502736.305107576] [uav2.mavros.sys]: VER: 2.1: Flight software:     011200c0 (fca3df865a000000)
[INFO] [1790502736.305116853] [uav2.mavros.sys]: VER: 2.1: Middleware software: 011200c0 (fca3df865a000000)
[INFO] [1790502736.305122063] [uav2.mavros.sys]: VER: 2.1: OS software:         070000ff (17040b9f87cb1791)
[INFO] [1790502736.305127097] [uav2.mavros.sys]: VER: 2.1: Board hardware:      00000001
[INFO] [1790502736.305132507] [uav2.mavros.sys]: VER: 2.1: VID/PID:             0000:0000
[INFO] [1790502736.305137527] [uav2.mavros.sys]: VER: 2.1: UID:                 4954414c44494e50
[WARN] [1790502736.305208229] [uav2.mavros.cmd]: CMD: Unexpected command 512, result 0
[INFO] [1790502736.367056547] [uav2.mavros]: CON: Got HEARTBEAT, connected. FCU: PX4 Autopilot
[INFO] [1790502737.372061396] [uav2.mavros.sys]: VER: 2.1: Capabilities         0x000000000000e8ff
[INFO] [1790502737.372123979] [uav2.mavros.sys]: VER: 2.1: Flight software:     011200c0 (fca3df865a000000)
[INFO] [1790502737.372292962] [uav2.mavros.sys]: VER: 2.1: Middleware software: 011200c0 (fca3df865a000000)
[INFO] [1790502737.372307243] [uav2.mavros.sys]: VER: 2.1: OS software:         070000ff (17040b9f87cb1791)
[INFO] [1790502737.372312815] [uav2.mavros.sys]: VER: 2.1: Board hardware:      00000001
[INFO] [1790502737.372318467] [uav2.mavros.sys]: VER: 2.1: VID/PID:             0000:0000
[INFO] [1790502737.372323635] [uav2.mavros.sys]: VER: 2.1: UID:                 4954414c44494e50
[WARN] [1790502746.342644013] [uav2.mavros.sys]: FCU: UNK(8): EVENT 11047904 with args -0-0-0-0-0-128-0-0-0-176-122-127-128-176-122-127-128-0-0-0-0-0-0-0-0-0-0-0-0-0-0-0-0-0-0-0-0-0-0-0-
[INFO] [1790502746.342723199] [uav2.mavros.sys]: FCU: EVENT 377561 with args -8-0-0-0-20-0-0-0-0-0-0-0-0-0-0-0-0-0-0-0-0-0-0-0-0-0-0-0-0-0-0-0-0-0-0-0-0-0-0-0-
[WARN] [1790502746.343022625] [uav2.mavros.sys]: FCU: EVENT 453929 with args -255-255-255-255-7-0-0-0-0-0-0-0-0-0-0-0-0-0-0-0-0-0-0-0-0-0-0-0-0-0-0-0-0-0-0-0-0-0-0-0-
[INFO] [1790502746.343060765] [uav2.mavros.sys]: FCU: EVENT 6801787 with args -255-255-255-255-12-0-0-0-0-0-0-0-0-0-0-0-0-0-0-0-0-0-0-0-0-0-0-0-0-0-0-0-0-0-0-0-0-0-0-0-
[WARN] [1790502746.343095113] [uav2.mavros.sys]: FCU: UNK(8): EVENT 1914663 with args -0-10-13-2-56-0-0-0-0-0-0-0-0-0-0-0-0-0-0-0-0-0-0-0-0-0-0-0-0-0-0-0-0-0-0-0-0-0-0-0-
[WARN] [1790502750.652363196] [uav2.mavros.cmd]: CMD: Unexpected command 176, result 0
[INFO] [1790502751.352578287] [uav2.mavros.sys]: FCU: EVENT 9489139 with args -4-0-0-0-0-0-0-0-0-0-0-0-0-0-0-0-0-0-0-0-0-0-0-0-0-0-0-0-0-0-0-0-0-0-0-0-0-0-0-0-
[INFO] [1790502753.233956407] [uav2.mavros.sys]: FCU: EVENT 4277609 with args -0-0-0-0-0-0-0-0-0-0-0-0-0-0-0-0-0-0-0-0-0-0-0-0-0-0-0-0-0-0-0-0-0-0-0-0-0-0-0-0-
[INFO] [1790503050.566506484] [rclcpp]: signal_handler(SIGINT/SIGTERM)
[WARN] [1790503050.597078291] [uav2.mavros]: UAS Executor terminated
