[INFO] [1790653408.177195541] [uav7.mavros_node]: Starting mavros_node container
[INFO] [1790653408.177498531] [uav7.mavros_node]: FCU URL: udp://:14546@127.0.0.1:14586
[INFO] [1790653408.177515138] [uav7.mavros_node]: GCS URL: 
[INFO] [1790653408.177520382] [uav7.mavros_node]: UAS Prefix: /uas7
[INFO] [1790653408.177525167] [uav7.mavros_node]: Starting mavros router node
[INFO] [1790653408.238278846] [uav7.mavros_router]: Built-in SIMD instructions: SSE, SSE2
[INFO] [1790653408.238317292] [uav7.mavros_router]: Built-in MAVLink package version: 2026.8.8
[INFO] [1790653408.238327161] [uav7.mavros_router]: Known MAVLink dialects: common ardupilotmega ASLUAV AVSSUAS all csAirLink cubepilot development icarous loweheiser marsh paparazzi standard stemstudios storm32 uAvionix ualberta
[INFO] [1790653408.238333562] [uav7.mavros_router]: MAVROS Router started
[INFO] [1790653408.238477365] [uav7.mavros_node]: Starting mavros uas node
[INFO] [1790653408.442488741] [uav7.mavros_router]: Requested to add endpoint: type: 0, url: udp://:14546@127.0.0.1:14586
[INFO] [1790653408.442543816] [uav7.mavros_router]: Endpoint link[1000] created
[INFO] [1790653408.442783234] [uav7.mavros_router]: link[1000] opened successfully
[INFO] [1790653408.442804763] [uav7.mavros_router]: Requested to add endpoint: type: 2, url: /uas7
[INFO] [1790653408.442818725] [uav7.mavros_router]: Endpoint link[1001] created
[INFO] [1790653408.448698955] [uav7.mavros_router]: link[1000] detected remote address 7.1
[INFO] [1790653408.468240707] [uav7.mavros]: Plugin actuator_control ignored
[INFO] [1790653408.468304241] [uav7.mavros]: Plugin altitude ignored
[INFO] [1790653408.468408688] [uav7.mavros]: UAS Executor started, threads: 4
[INFO] [1790653408.543486935] [uav7.mavros_router]: link[1001] opened successfully
[INFO] [1790653408.722709778] [uav7.mavros]: Plugin command created
[INFO] [1790653408.722778192] [uav7.mavros]: Plugin command initialized
[INFO] [1790653408.722788170] [uav7.mavros]: Plugin ftp ignored
[INFO] [1790653408.722793312] [uav7.mavros]: Plugin geofence ignored
[INFO] [1790653409.003468562] [uav7.mavros]: Plugin global_position created
[INFO] [1790653409.003785538] [uav7.mavros]: Plugin global_position initialized
[INFO] [1790653409.003810895] [uav7.mavros]: Plugin home_position ignored
[INFO] [1790653409.003816987] [uav7.mavros]: Plugin imu ignored
[INFO] [1790653409.352086364] [uav7.mavros]: Plugin local_position created
[INFO] [1790653409.352147395] [uav7.mavros]: Plugin local_position initialized
[INFO] [1790653409.352157343] [uav7.mavros]: Plugin manual_control ignored
[INFO] [1790653409.352162857] [uav7.mavros]: Plugin nav_controller_output ignored
[INFO] [1790653409.352168171] [uav7.mavros]: Plugin param ignored
[INFO] [1790653409.352179248] [uav7.mavros]: Plugin rallypoint ignored
[INFO] [1790653409.352184100] [uav7.mavros]: Plugin rc_io ignored
[INFO] [1790653409.352188795] [uav7.mavros]: Plugin setpoint_accel ignored
[INFO] [1790653409.352193925] [uav7.mavros]: Plugin setpoint_attitude ignored
[INFO] [1790653409.352199235] [uav7.mavros]: Plugin setpoint_position ignored
[INFO] [1790653409.352204813] [uav7.mavros]: Plugin setpoint_raw ignored
[INFO] [1790653409.352210210] [uav7.mavros]: Plugin setpoint_trajectory ignored
[INFO] [1790653409.573461938] [uav7.mavros]: Plugin setpoint_velocity created
[INFO] [1790653409.573522331] [uav7.mavros]: Plugin setpoint_velocity initialized
[INFO] [1790653409.857340136] [uav7.mavros]: Plugin sys_status created
[INFO] [1790653409.857406508] [uav7.mavros]: Plugin sys_status initialized
[INFO] [1790653409.968440317] [uav7.mavros.time]: TM: Timesync mode: MAVLINK
[INFO] [1790653410.024906027] [uav7.mavros]: Plugin sys_time created
[INFO] [1790653410.024958964] [uav7.mavros]: Plugin sys_time initialized
[INFO] [1790653410.024968357] [uav7.mavros]: Plugin waypoint ignored
[INFO] [1790653410.024974307] [uav7.mavros]: Plugin wind_estimation ignored
[INFO] [1790653410.058921871] [uav7.mavros]: Built-in SIMD instructions: SSE, SSE2
[INFO] [1790653410.058965191] [uav7.mavros]: Built-in MAVLink package version: 2026.8.8
[INFO] [1790653410.058995116] [uav7.mavros]: Known MAVLink dialects: common ardupilotmega ASLUAV AVSSUAS all csAirLink cubepilot development icarous loweheiser marsh paparazzi standard stemstudios storm32 uAvionix ualberta
[INFO] [1790653410.059002454] [uav7.mavros]: MAVROS UAS via /uas7 started. MY ID 7.191, TARGET ID 7.1
[INFO] [1790653410.119403504] [uav7.mavros_router]: link[1001] detected remote address 7.191
[INFO] [1790653410.329228978] [uav7.mavros]: CON: Got HEARTBEAT, connected. FCU: PX4 Autopilot
[INFO] [1790653411.368919295] [uav7.mavros.sys]: VER: 7.1: Capabilities         0x000000000000e8ff
[INFO] [1790653411.368954453] [uav7.mavros.sys]: VER: 7.1: Flight software:     011200c0 (fca3df865a000000)
[INFO] [1790653411.368961224] [uav7.mavros.sys]: VER: 7.1: Middleware software: 011200c0 (fca3df865a000000)
[INFO] [1790653411.368966088] [uav7.mavros.sys]: VER: 7.1: OS software:         070000ff (17040b9f87cb1791)
[INFO] [1790653411.368970596] [uav7.mavros.sys]: VER: 7.1: Board hardware:      00000001
[INFO] [1790653411.368975060] [uav7.mavros.sys]: VER: 7.1: VID/PID:             0000:0000
[INFO] [1790653411.368979622] [uav7.mavros.sys]: VER: 7.1: UID:                 4954414c44494e55
[WARN] [1790653411.369401342] [uav7.mavros.cmd]: CMD: Unexpected command 512, result 0
[WARN] [1790653421.756073633] [uav7.mavros.sys]: FCU: UNK(8): EVENT 11047904 with args -0-0-0-0-0-128-0-0-0-176-122-127-128-176-122-127-128-0-0-0-0-0-0-0-0-0-0-0-0-0-0-0-0-0-0-0-0-0-0-0-
[INFO] [1790653421.756169481] [uav7.mavros.sys]: FCU: EVENT 377561 with args -8-0-0-0-20-0-0-0-0-0-0-0-0-0-0-0-0-0-0-0-0-0-0-0-0-0-0-0-0-0-0-0-0-0-0-0-0-0-0-0-
[WARN] [1790653421.756206129] [uav7.mavros.sys]: FCU: EVENT 453929 with args -255-255-255-255-7-0-0-0-0-0-0-0-0-0-0-0-0-0-0-0-0-0-0-0-0-0-0-0-0-0-0-0-0-0-0-0-0-0-0-0-
[INFO] [1790653421.756240756] [uav7.mavros.sys]: FCU: EVENT 6801787 with args -255-255-255-255-12-0-0-0-0-0-0-0-0-0-0-0-0-0-0-0-0-0-0-0-0-0-0-0-0-0-0-0-0-0-0-0-0-0-0-0-
[WARN] [1790653421.756274471] [uav7.mavros.sys]: FCU: UNK(8): EVENT 1914663 with args -0-10-13-2-56-0-0-0-0-0-0-0-0-0-0-0-0-0-0-0-0-0-0-0-0-0-0-0-0-0-0-0-0-0-0-0-0-0-0-0-
[WARN] [1790653423.608836905] [uav7.mavros.cmd]: CMD: Unexpected command 176, result 0
[INFO] [1790653424.633744285] [uav7.mavros.sys]: FCU: EVENT 9489139 with args -4-0-0-0-0-0-0-0-0-0-0-0-0-0-0-0-0-0-0-0-0-0-0-0-0-0-0-0-0-0-0-0-0-0-0-0-0-0-0-0-
[INFO] [1790653426.543887678] [uav7.mavros.sys]: FCU: EVENT 4277609 with args -0-0-0-0-0-0-0-0-0-0-0-0-0-0-0-0-0-0-0-0-0-0-0-0-0-0-0-0-0-0-0-0-0-0-0-0-0-0-0-0-
[WARN] [1790653681.178485068] [uav7.mavros.cmd]: CMD: Unexpected command 176, result 0
[INFO] [1790653716.336584860] [uav7.mavros.sys]: FCU: EVENT 9844908 with args -0-0-0-0-0-0-0-0-0-0-0-0-0-0-0-0-0-0-0-0-0-0-0-0-0-0-0-0-0-0-0-0-0-0-0-0-0-0-0-0-
[INFO] [1790653718.512806915] [uav7.mavros.sys]: FCU: EVENT 16017271 with args -6-0-0-0-0-0-0-0-0-0-0-0-0-0-0-0-0-0-0-0-0-0-0-0-0-0-0-0-0-0-0-0-0-0-0-0-0-0-0-0-
[WARN] [1790653722.343317643] [uav7.mavros.sys]: FCU: UNK(8): EVENT 11047904 with args -0-0-0-0-0-128-0-0-0-176-122-127-128-176-122-127-128-0-0-0-0-0-0-0-0-0-0-0-0-0-0-0-0-0-0-0-0-0-0-0-
[INFO] [1790653722.343395038] [uav7.mavros.sys]: FCU: EVENT 377561 with args -8-0-0-0-20-0-0-0-0-0-0-0-0-0-0-0-0-0-0-0-0-0-0-0-0-0-0-0-0-0-0-0-0-0-0-0-0-0-0-0-
[WARN] [1790653722.343505177] [uav7.mavros.sys]: FCU: EVENT 453929 with args -255-255-255-255-7-0-0-0-0-0-0-0-0-0-0-0-0-0-0-0-0-0-0-0-0-0-0-0-0-0-0-0-0-0-0-0-0-0-0-0-
[INFO] [1790653722.343529931] [uav7.mavros.sys]: FCU: EVENT 6801787 with args -255-255-255-255-12-0-0-0-0-0-0-0-0-0-0-0-0-0-0-0-0-0-0-0-0-0-0-0-0-0-0-0-0-0-0-0-0-0-0-0-
[WARN] [1790653722.343643383] [uav7.mavros.sys]: FCU: UNK(8): EVENT 1914663 with args -0-10-9-2-56-0-0-0-0-0-0-0-0-0-0-0-0-0-0-0-0-0-0-0-0-0-0-0-0-0-0-0-0-0-0-0-0-0-0-0-
[INFO] [1790653725.210738893] [rclcpp]: signal_handler(SIGINT/SIGTERM)
[WARN] [1790653725.211286864] [uav7.mavros]: UAS Executor terminated
