[INFO] [1790653408.175965866] [uav5.mavros_node]: Starting mavros_node container
[INFO] [1790653408.176111432] [uav5.mavros_node]: FCU URL: udp://:14544@127.0.0.1:14584
[INFO] [1790653408.176121696] [uav5.mavros_node]: GCS URL: 
[INFO] [1790653408.176126722] [uav5.mavros_node]: UAS Prefix: /uas5
[INFO] [1790653408.176131607] [uav5.mavros_node]: Starting mavros router node
[INFO] [1790653408.259314330] [uav5.mavros_router]: Built-in SIMD instructions: SSE, SSE2
[INFO] [1790653408.259362711] [uav5.mavros_router]: Built-in MAVLink package version: 2026.8.8
[INFO] [1790653408.259371327] [uav5.mavros_router]: Known MAVLink dialects: common ardupilotmega ASLUAV AVSSUAS all csAirLink cubepilot development icarous loweheiser marsh paparazzi standard stemstudios storm32 uAvionix ualberta
[INFO] [1790653408.259377418] [uav5.mavros_router]: MAVROS Router started
[INFO] [1790653408.259530912] [uav5.mavros_node]: Starting mavros uas node
[INFO] [1790653408.516377516] [uav5.mavros_router]: Requested to add endpoint: type: 0, url: udp://:14544@127.0.0.1:14584
[INFO] [1790653408.520680130] [uav5.mavros_router]: Endpoint link[1000] created
[INFO] [1790653408.522254811] [uav5.mavros_router]: link[1000] opened successfully
[INFO] [1790653408.522285873] [uav5.mavros_router]: Requested to add endpoint: type: 2, url: /uas5
[INFO] [1790653408.522378088] [uav5.mavros_router]: Endpoint link[1001] created
[INFO] [1790653408.526086886] [uav5.mavros_router]: link[1000] detected remote address 5.1
[INFO] [1790653408.531975122] [uav5.mavros]: Plugin actuator_control ignored
[INFO] [1790653408.532017752] [uav5.mavros]: Plugin altitude ignored
[INFO] [1790653408.533149509] [uav5.mavros]: UAS Executor started, threads: 4
[INFO] [1790653408.607697079] [uav5.mavros_router]: link[1001] opened successfully
[INFO] [1790653408.751432052] [uav5.mavros]: Plugin command created
[INFO] [1790653408.751496772] [uav5.mavros]: Plugin command initialized
[INFO] [1790653408.751506516] [uav5.mavros]: Plugin ftp ignored
[INFO] [1790653408.751512396] [uav5.mavros]: Plugin geofence ignored
[INFO] [1790653408.981192434] [uav5.mavros]: Plugin global_position created
[INFO] [1790653408.981252418] [uav5.mavros]: Plugin global_position initialized
[INFO] [1790653408.981261939] [uav5.mavros]: Plugin home_position ignored
[INFO] [1790653408.981267795] [uav5.mavros]: Plugin imu ignored
[INFO] [1790653409.196780747] [uav5.mavros]: Plugin local_position created
[INFO] [1790653409.196838507] [uav5.mavros]: Plugin local_position initialized
[INFO] [1790653409.196847040] [uav5.mavros]: Plugin manual_control ignored
[INFO] [1790653409.196852252] [uav5.mavros]: Plugin nav_controller_output ignored
[INFO] [1790653409.196857344] [uav5.mavros]: Plugin param ignored
[INFO] [1790653409.196862230] [uav5.mavros]: Plugin rallypoint ignored
[INFO] [1790653409.196867277] [uav5.mavros]: Plugin rc_io ignored
[INFO] [1790653409.196871990] [uav5.mavros]: Plugin setpoint_accel ignored
[INFO] [1790653409.196876550] [uav5.mavros]: Plugin setpoint_attitude ignored
[INFO] [1790653409.196880778] [uav5.mavros]: Plugin setpoint_position ignored
[INFO] [1790653409.196885171] [uav5.mavros]: Plugin setpoint_raw ignored
[INFO] [1790653409.196889535] [uav5.mavros]: Plugin setpoint_trajectory ignored
[INFO] [1790653409.371282379] [uav5.mavros]: Plugin setpoint_velocity created
[INFO] [1790653409.371340351] [uav5.mavros]: Plugin setpoint_velocity initialized
[INFO] [1790653409.715728678] [uav5.mavros]: Plugin sys_status created
[INFO] [1790653409.722166058] [uav5.mavros]: Plugin sys_status initialized
[INFO] [1790653409.900099984] [uav5.mavros.time]: TM: Timesync mode: MAVLINK
[INFO] [1790653409.964820085] [uav5.mavros]: Plugin sys_time created
[INFO] [1790653409.964877763] [uav5.mavros]: Plugin sys_time initialized
[INFO] [1790653409.964886571] [uav5.mavros]: Plugin waypoint ignored
[INFO] [1790653409.964892340] [uav5.mavros]: Plugin wind_estimation ignored
[INFO] [1790653409.981308380] [uav5.mavros]: Built-in SIMD instructions: SSE, SSE2
[INFO] [1790653409.981351499] [uav5.mavros]: Built-in MAVLink package version: 2026.8.8
[INFO] [1790653409.981385624] [uav5.mavros]: Known MAVLink dialects: common ardupilotmega ASLUAV AVSSUAS all csAirLink cubepilot development icarous loweheiser marsh paparazzi standard stemstudios storm32 uAvionix ualberta
[INFO] [1790653409.981393462] [uav5.mavros]: MAVROS UAS via /uas5 started. MY ID 5.191, TARGET ID 5.1
[INFO] [1790653410.007159321] [uav5.mavros_router]: link[1001] detected remote address 5.191
[INFO] [1790653410.329200590] [uav5.mavros]: CON: Got HEARTBEAT, connected. FCU: PX4 Autopilot
[INFO] [1790653411.368439944] [uav5.mavros.sys]: VER: 5.1: Capabilities         0x000000000000e8ff
[INFO] [1790653411.368482379] [uav5.mavros.sys]: VER: 5.1: Flight software:     011200c0 (fca3df865a000000)
[INFO] [1790653411.368488579] [uav5.mavros.sys]: VER: 5.1: Middleware software: 011200c0 (fca3df865a000000)
[INFO] [1790653411.368493633] [uav5.mavros.sys]: VER: 5.1: OS software:         070000ff (17040b9f87cb1791)
[INFO] [1790653411.368498808] [uav5.mavros.sys]: VER: 5.1: Board hardware:      00000001
[INFO] [1790653411.368503640] [uav5.mavros.sys]: VER: 5.1: VID/PID:             0000:0000
[INFO] [1790653411.368508888] [uav5.mavros.sys]: VER: 5.1: UID:                 4954414c44494e53
[WARN] [1790653411.368547367] [uav5.mavros.cmd]: CMD: Unexpected command 512, result 0
[WARN] [1790653422.082318878] [uav5.mavros.sys]: FCU: UNK(8): EVENT 11047904 with args -0-0-0-0-0-128-0-0-0-176-122-127-128-176-122-127-128-0-0-0-0-0-0-0-0-0-0-0-0-0-0-0-0-0-0-0-0-0-0-0-
[INFO] [1790653422.082393238] [uav5.mavros.sys]: FCU: EVENT 377561 with args -8-0-0-0-20-0-0-0-0-0-0-0-0-0-0-0-0-0-0-0-0-0-0-0-0-0-0-0-0-0-0-0-0-0-0-0-0-0-0-0-
[WARN] [1790653422.082431088] [uav5.mavros.sys]: FCU: EVENT 453929 with args -255-255-255-255-7-0-0-0-0-0-0-0-0-0-0-0-0-0-0-0-0-0-0-0-0-0-0-0-0-0-0-0-0-0-0-0-0-0-0-0-
[INFO] [1790653422.082466651] [uav5.mavros.sys]: FCU: EVENT 6801787 with args -255-255-255-255-12-0-0-0-0-0-0-0-0-0-0-0-0-0-0-0-0-0-0-0-0-0-0-0-0-0-0-0-0-0-0-0-0-0-0-0-
[WARN] [1790653422.082501354] [uav5.mavros.sys]: FCU: UNK(8): EVENT 1914663 with args -0-10-13-2-56-0-0-0-0-0-0-0-0-0-0-0-0-0-0-0-0-0-0-0-0-0-0-0-0-0-0-0-0-0-0-0-0-0-0-0-
[WARN] [1790653423.634664931] [uav5.mavros.cmd]: CMD: Unexpected command 176, result 0
[INFO] [1790653424.652915332] [uav5.mavros.sys]: FCU: EVENT 9489139 with args -4-0-0-0-0-0-0-0-0-0-0-0-0-0-0-0-0-0-0-0-0-0-0-0-0-0-0-0-0-0-0-0-0-0-0-0-0-0-0-0-
[INFO] [1790653426.584884045] [uav5.mavros.sys]: FCU: EVENT 4277609 with args -0-0-0-0-0-0-0-0-0-0-0-0-0-0-0-0-0-0-0-0-0-0-0-0-0-0-0-0-0-0-0-0-0-0-0-0-0-0-0-0-
[WARN] [1790653681.194148551] [uav5.mavros.cmd]: CMD: Unexpected command 176, result 0
[INFO] [1790653715.535464425] [uav5.mavros.sys]: FCU: EVENT 9844908 with args -0-0-0-0-0-0-0-0-0-0-0-0-0-0-0-0-0-0-0-0-0-0-0-0-0-0-0-0-0-0-0-0-0-0-0-0-0-0-0-0-
[INFO] [1790653717.694617750] [uav5.mavros.sys]: FCU: EVENT 16017271 with args -6-0-0-0-0-0-0-0-0-0-0-0-0-0-0-0-0-0-0-0-0-0-0-0-0-0-0-0-0-0-0-0-0-0-0-0-0-0-0-0-
[WARN] [1790653721.324278360] [uav5.mavros.sys]: FCU: UNK(8): EVENT 11047904 with args -0-0-0-0-0-128-0-0-0-176-122-127-128-176-122-127-128-0-0-0-0-0-0-0-0-0-0-0-0-0-0-0-0-0-0-0-0-0-0-0-
[INFO] [1790653721.324453507] [uav5.mavros.sys]: FCU: EVENT 377561 with args -8-0-0-0-20-0-0-0-0-0-0-0-0-0-0-0-0-0-0-0-0-0-0-0-0-0-0-0-0-0-0-0-0-0-0-0-0-0-0-0-
[WARN] [1790653721.324499208] [uav5.mavros.sys]: FCU: EVENT 453929 with args -255-255-255-255-7-0-0-0-0-0-0-0-0-0-0-0-0-0-0-0-0-0-0-0-0-0-0-0-0-0-0-0-0-0-0-0-0-0-0-0-
[INFO] [1790653721.324532539] [uav5.mavros.sys]: FCU: EVENT 6801787 with args -255-255-255-255-12-0-0-0-0-0-0-0-0-0-0-0-0-0-0-0-0-0-0-0-0-0-0-0-0-0-0-0-0-0-0-0-0-0-0-0-
[WARN] [1790653721.324561160] [uav5.mavros.sys]: FCU: UNK(8): EVENT 1914663 with args -0-10-9-2-56-0-0-0-0-0-0-0-0-0-0-0-0-0-0-0-0-0-0-0-0-0-0-0-0-0-0-0-0-0-0-0-0-0-0-0-
[INFO] [1790653725.198674195] [rclcpp]: signal_handler(SIGINT/SIGTERM)
[WARN] [1790653725.199797253] [uav5.mavros]: UAS Executor terminated
