[INFO] [1790653408.213554804] [uav9.mavros_node]: Starting mavros_node container
[INFO] [1790653408.213782151] [uav9.mavros_node]: FCU URL: udp://:14548@127.0.0.1:14588
[INFO] [1790653408.213792042] [uav9.mavros_node]: GCS URL: 
[INFO] [1790653408.213797229] [uav9.mavros_node]: UAS Prefix: /uas9
[INFO] [1790653408.213802149] [uav9.mavros_node]: Starting mavros router node
[INFO] [1790653408.291574439] [uav9.mavros_router]: Built-in SIMD instructions: SSE, SSE2
[INFO] [1790653408.291625225] [uav9.mavros_router]: Built-in MAVLink package version: 2026.8.8
[INFO] [1790653408.291633988] [uav9.mavros_router]: Known MAVLink dialects: common ardupilotmega ASLUAV AVSSUAS all csAirLink cubepilot development icarous loweheiser marsh paparazzi standard stemstudios storm32 uAvionix ualberta
[INFO] [1790653408.291639968] [uav9.mavros_router]: MAVROS Router started
[INFO] [1790653408.291807759] [uav9.mavros_node]: Starting mavros uas node
[INFO] [1790653408.468673024] [uav9.mavros_router]: Requested to add endpoint: type: 0, url: udp://:14548@127.0.0.1:14588
[INFO] [1790653408.468717603] [uav9.mavros_router]: Endpoint link[1000] created
[INFO] [1790653408.468951151] [uav9.mavros_router]: link[1000] opened successfully
[INFO] [1790653408.468973251] [uav9.mavros_router]: Requested to add endpoint: type: 2, url: /uas9
[INFO] [1790653408.468987188] [uav9.mavros_router]: Endpoint link[1001] created
[INFO] [1790653408.473679084] [uav9.mavros_router]: link[1000] detected remote address 9.1
[INFO] [1790653408.476995476] [uav9.mavros]: UAS Executor started, threads: 4
[INFO] [1790653408.477211947] [uav9.mavros]: Plugin actuator_control ignored
[INFO] [1790653408.477252179] [uav9.mavros]: Plugin altitude ignored
[INFO] [1790653408.494920843] [uav9.mavros_router]: link[1001] opened successfully
[INFO] [1790653408.676197074] [uav9.mavros]: Plugin command created
[INFO] [1790653408.677285331] [uav9.mavros]: Plugin command initialized
[INFO] [1790653408.677344996] [uav9.mavros]: Plugin ftp ignored
[INFO] [1790653408.677352022] [uav9.mavros]: Plugin geofence ignored
[INFO] [1790653408.834042962] [uav9.mavros]: Plugin global_position created
[INFO] [1790653408.834712615] [uav9.mavros]: Plugin global_position initialized
[INFO] [1790653408.835001684] [uav9.mavros]: Plugin home_position ignored
[INFO] [1790653408.835008708] [uav9.mavros]: Plugin imu ignored
[INFO] [1790653409.112782844] [uav9.mavros]: Plugin local_position created
[INFO] [1790653409.112838355] [uav9.mavros]: Plugin local_position initialized
[INFO] [1790653409.112846696] [uav9.mavros]: Plugin manual_control ignored
[INFO] [1790653409.112852392] [uav9.mavros]: Plugin nav_controller_output ignored
[INFO] [1790653409.112858026] [uav9.mavros]: Plugin param ignored
[INFO] [1790653409.112863544] [uav9.mavros]: Plugin rallypoint ignored
[INFO] [1790653409.112868816] [uav9.mavros]: Plugin rc_io ignored
[INFO] [1790653409.112875095] [uav9.mavros]: Plugin setpoint_accel ignored
[INFO] [1790653409.112880381] [uav9.mavros]: Plugin setpoint_attitude ignored
[INFO] [1790653409.112885656] [uav9.mavros]: Plugin setpoint_position ignored
[INFO] [1790653409.112891083] [uav9.mavros]: Plugin setpoint_raw ignored
[INFO] [1790653409.112896214] [uav9.mavros]: Plugin setpoint_trajectory ignored
[INFO] [1790653409.315355589] [uav9.mavros]: Plugin setpoint_velocity created
[INFO] [1790653409.315413650] [uav9.mavros]: Plugin setpoint_velocity initialized
[INFO] [1790653409.648830208] [uav9.mavros]: Plugin sys_status created
[INFO] [1790653409.656402796] [uav9.mavros]: Plugin sys_status initialized
[INFO] [1790653409.782802926] [uav9.mavros.time]: TM: Timesync mode: MAVLINK
[INFO] [1790653409.811262396] [uav9.mavros]: Plugin sys_time created
[INFO] [1790653409.811331584] [uav9.mavros]: Plugin sys_time initialized
[INFO] [1790653409.811342111] [uav9.mavros]: Plugin waypoint ignored
[INFO] [1790653409.811347247] [uav9.mavros]: Plugin wind_estimation ignored
[INFO] [1790653409.831758721] [uav9.mavros]: Built-in SIMD instructions: SSE, SSE2
[INFO] [1790653409.838857187] [uav9.mavros]: Built-in MAVLink package version: 2026.8.8
[INFO] [1790653409.841417202] [uav9.mavros]: Known MAVLink dialects: common ardupilotmega ASLUAV AVSSUAS all csAirLink cubepilot development icarous loweheiser marsh paparazzi standard stemstudios storm32 uAvionix ualberta
[INFO] [1790653409.841429020] [uav9.mavros]: MAVROS UAS via /uas9 started. MY ID 9.191, TARGET ID 9.1
[INFO] [1790653409.928614366] [uav9.mavros_router]: link[1001] detected remote address 9.191
[WARN] [1790653410.359850204] [uav9.mavros.sys]: FCU: UNK(8): EVENT 11047904 with args -0-0-0-16-0-128-0-0-0-176-58-127-128-176-58-127-128-0-0-0-0-0-0-0-0-0-0-0-0-0-0-0-0-0-0-0-0-0-0-0-
[ERROR] [1790653410.359979521] [uav9.mavros.sys]: FCU: EVENT 11464574 with args -0-64-0-0-20-0-0-0-0-0-0-0-0-0-0-0-0-0-0-0-0-0-0-0-0-0-0-0-0-0-0-0-0-0-0-0-0-0-0-0-
[INFO] [1790653410.360038523] [uav9.mavros.sys]: FCU: EVENT 377561 with args -8-0-0-0-20-0-0-0-0-0-0-0-0-0-0-0-0-0-0-0-0-0-0-0-0-0-0-0-0-0-0-0-0-0-0-0-0-0-0-0-
[WARN] [1790653410.360074291] [uav9.mavros.sys]: FCU: EVENT 453929 with args -255-255-255-255-7-0-0-0-0-0-0-0-0-0-0-0-0-0-0-0-0-0-0-0-0-0-0-0-0-0-0-0-0-0-0-0-0-0-0-0-
[INFO] [1790653410.360114238] [uav9.mavros.sys]: FCU: EVENT 6801787 with args -255-255-255-255-12-0-0-0-0-0-0-0-0-0-0-0-0-0-0-0-0-0-0-0-0-0-0-0-0-0-0-0-0-0-0-0-0-0-0-0-
[WARN] [1790653410.360148494] [uav9.mavros.sys]: FCU: UNK(8): EVENT 1914663 with args -0-10-13-2-56-0-0-0-0-0-0-0-0-0-0-0-0-0-0-0-0-0-0-0-0-0-0-0-0-0-0-0-0-0-0-0-0-0-0-0-
[INFO] [1790653410.373133952] [uav9.mavros]: CON: Got HEARTBEAT, connected. FCU: PX4 Autopilot
[INFO] [1790653411.399658558] [uav9.mavros.sys]: VER: 9.1: Capabilities         0x000000000000e8ff
[INFO] [1790653411.399714343] [uav9.mavros.sys]: VER: 9.1: Flight software:     011200c0 (fca3df865a000000)
[INFO] [1790653411.399722445] [uav9.mavros.sys]: VER: 9.1: Middleware software: 011200c0 (fca3df865a000000)
[INFO] [1790653411.399727974] [uav9.mavros.sys]: VER: 9.1: OS software:         070000ff (17040b9f87cb1791)
[INFO] [1790653411.399733342] [uav9.mavros.sys]: VER: 9.1: Board hardware:      00000001
[INFO] [1790653411.399738511] [uav9.mavros.sys]: VER: 9.1: VID/PID:             0000:0000
[INFO] [1790653411.399744232] [uav9.mavros.sys]: VER: 9.1: UID:                 4954414c44494e57
[WARN] [1790653411.399782198] [uav9.mavros.cmd]: CMD: Unexpected command 512, result 0
[WARN] [1790653421.907393620] [uav9.mavros.sys]: FCU: UNK(8): EVENT 11047904 with args -0-0-0-0-0-128-0-0-0-176-122-127-128-176-122-127-128-0-0-0-0-0-0-0-0-0-0-0-0-0-0-0-0-0-0-0-0-0-0-0-
[INFO] [1790653421.911115422] [uav9.mavros.sys]: FCU: EVENT 377561 with args -8-0-0-0-20-0-0-0-0-0-0-0-0-0-0-0-0-0-0-0-0-0-0-0-0-0-0-0-0-0-0-0-0-0-0-0-0-0-0-0-
[WARN] [1790653421.911190539] [uav9.mavros.sys]: FCU: EVENT 453929 with args -255-255-255-255-7-0-0-0-0-0-0-0-0-0-0-0-0-0-0-0-0-0-0-0-0-0-0-0-0-0-0-0-0-0-0-0-0-0-0-0-
[INFO] [1790653421.911226486] [uav9.mavros.sys]: FCU: EVENT 6801787 with args -255-255-255-255-12-0-0-0-0-0-0-0-0-0-0-0-0-0-0-0-0-0-0-0-0-0-0-0-0-0-0-0-0-0-0-0-0-0-0-0-
[WARN] [1790653421.911261059] [uav9.mavros.sys]: FCU: UNK(8): EVENT 1914663 with args -0-10-13-2-56-0-0-0-0-0-0-0-0-0-0-0-0-0-0-0-0-0-0-0-0-0-0-0-0-0-0-0-0-0-0-0-0-0-0-0-
[WARN] [1790653423.626545436] [uav9.mavros.cmd]: CMD: Unexpected command 176, result 0
[INFO] [1790653424.637280160] [uav9.mavros.sys]: FCU: EVENT 9489139 with args -4-0-0-0-0-0-0-0-0-0-0-0-0-0-0-0-0-0-0-0-0-0-0-0-0-0-0-0-0-0-0-0-0-0-0-0-0-0-0-0-
[INFO] [1790653426.747854194] [uav9.mavros.sys]: FCU: EVENT 4277609 with args -0-0-0-0-0-0-0-0-0-0-0-0-0-0-0-0-0-0-0-0-0-0-0-0-0-0-0-0-0-0-0-0-0-0-0-0-0-0-0-0-
[WARN] [1790653681.182848361] [uav9.mavros.cmd]: CMD: Unexpected command 176, result 0
[INFO] [1790653714.998502653] [uav9.mavros.sys]: FCU: EVENT 9844908 with args -0-0-0-0-0-0-0-0-0-0-0-0-0-0-0-0-0-0-0-0-0-0-0-0-0-0-0-0-0-0-0-0-0-0-0-0-0-0-0-0-
[INFO] [1790653717.156703576] [uav9.mavros.sys]: FCU: EVENT 16017271 with args -6-0-0-0-0-0-0-0-0-0-0-0-0-0-0-0-0-0-0-0-0-0-0-0-0-0-0-0-0-0-0-0-0-0-0-0-0-0-0-0-
[WARN] [1790653721.470723717] [uav9.mavros.sys]: FCU: UNK(8): EVENT 11047904 with args -0-0-0-0-0-128-0-0-0-176-122-127-128-176-122-127-128-0-0-0-0-0-0-0-0-0-0-0-0-0-0-0-0-0-0-0-0-0-0-0-
[INFO] [1790653721.470861692] [uav9.mavros.sys]: FCU: EVENT 377561 with args -8-0-0-0-20-0-0-0-0-0-0-0-0-0-0-0-0-0-0-0-0-0-0-0-0-0-0-0-0-0-0-0-0-0-0-0-0-0-0-0-
[WARN] [1790653721.470940329] [uav9.mavros.sys]: FCU: EVENT 453929 with args -255-255-255-255-7-0-0-0-0-0-0-0-0-0-0-0-0-0-0-0-0-0-0-0-0-0-0-0-0-0-0-0-0-0-0-0-0-0-0-0-
[INFO] [1790653721.470998961] [uav9.mavros.sys]: FCU: EVENT 6801787 with args -255-255-255-255-12-0-0-0-0-0-0-0-0-0-0-0-0-0-0-0-0-0-0-0-0-0-0-0-0-0-0-0-0-0-0-0-0-0-0-0-
[WARN] [1790653721.471347947] [uav9.mavros.sys]: FCU: UNK(8): EVENT 1914663 with args -0-10-9-2-56-0-0-0-0-0-0-0-0-0-0-0-0-0-0-0-0-0-0-0-0-0-0-0-0-0-0-0-0-0-0-0-0-0-0-0-
[INFO] [1790653725.211603235] [rclcpp]: signal_handler(SIGINT/SIGTERM)
[WARN] [1790653725.213442770] [uav9.mavros]: UAS Executor terminated
