[INFO] [1790653408.153354573] [uav2.mavros_node]: Starting mavros_node container
[INFO] [1790653408.156856443] [uav2.mavros_node]: FCU URL: udp://:14541@127.0.0.1:14581
[INFO] [1790653408.157701494] [uav2.mavros_node]: GCS URL: 
[INFO] [1790653408.157710646] [uav2.mavros_node]: UAS Prefix: /uas2
[INFO] [1790653408.157715123] [uav2.mavros_node]: Starting mavros router node
[INFO] [1790653408.238188459] [uav2.mavros_router]: Built-in SIMD instructions: SSE, SSE2
[INFO] [1790653408.238520077] [uav2.mavros_router]: Built-in MAVLink package version: 2026.8.8
[INFO] [1790653408.238546913] [uav2.mavros_router]: Known MAVLink dialects: common ardupilotmega ASLUAV AVSSUAS all csAirLink cubepilot development icarous loweheiser marsh paparazzi standard stemstudios storm32 uAvionix ualberta
[INFO] [1790653408.238554784] [uav2.mavros_router]: MAVROS Router started
[INFO] [1790653408.239066284] [uav2.mavros_node]: Starting mavros uas node
[INFO] [1790653408.466642190] [uav2.mavros_router]: Requested to add endpoint: type: 0, url: udp://:14541@127.0.0.1:14581
[INFO] [1790653408.466710828] [uav2.mavros_router]: Endpoint link[1000] created
[INFO] [1790653408.466969368] [uav2.mavros_router]: link[1000] opened successfully
[INFO] [1790653408.466997062] [uav2.mavros_router]: Requested to add endpoint: type: 2, url: /uas2
[INFO] [1790653408.467012562] [uav2.mavros_router]: Endpoint link[1001] created
[INFO] [1790653408.476470769] [uav2.mavros_router]: link[1000] detected remote address 2.1
[INFO] [1790653408.489239806] [uav2.mavros]: Plugin actuator_control ignored
[INFO] [1790653408.493872377] [uav2.mavros]: Plugin altitude ignored
[INFO] [1790653408.489280513] [uav2.mavros]: UAS Executor started, threads: 4
[INFO] [1790653408.582441404] [uav2.mavros_router]: link[1001] opened successfully
[INFO] [1790653408.757144138] [uav2.mavros]: Plugin command created
[INFO] [1790653408.757203037] [uav2.mavros]: Plugin command initialized
[INFO] [1790653408.757212393] [uav2.mavros]: Plugin ftp ignored
[INFO] [1790653408.757218883] [uav2.mavros]: Plugin geofence ignored
[INFO] [1790653409.007438016] [uav2.mavros]: Plugin global_position created
[INFO] [1790653409.007497699] [uav2.mavros]: Plugin global_position initialized
[INFO] [1790653409.007507702] [uav2.mavros]: Plugin home_position ignored
[INFO] [1790653409.007513450] [uav2.mavros]: Plugin imu ignored
[INFO] [1790653409.465792649] [uav2.mavros]: Plugin local_position created
[INFO] [1790653409.465854055] [uav2.mavros]: Plugin local_position initialized
[INFO] [1790653409.465863019] [uav2.mavros]: Plugin manual_control ignored
[INFO] [1790653409.465867906] [uav2.mavros]: Plugin nav_controller_output ignored
[INFO] [1790653409.465872937] [uav2.mavros]: Plugin param ignored
[INFO] [1790653409.465877855] [uav2.mavros]: Plugin rallypoint ignored
[INFO] [1790653409.465882530] [uav2.mavros]: Plugin rc_io ignored
[INFO] [1790653409.465887719] [uav2.mavros]: Plugin setpoint_accel ignored
[INFO] [1790653409.465892485] [uav2.mavros]: Plugin setpoint_attitude ignored
[INFO] [1790653409.465897726] [uav2.mavros]: Plugin setpoint_position ignored
[INFO] [1790653409.465902831] [uav2.mavros]: Plugin setpoint_raw ignored
[INFO] [1790653409.465908216] [uav2.mavros]: Plugin setpoint_trajectory ignored
[INFO] [1790653409.641343399] [uav2.mavros]: Plugin setpoint_velocity created
[INFO] [1790653409.641397755] [uav2.mavros]: Plugin setpoint_velocity initialized
[INFO] [1790653409.941413229] [uav2.mavros]: Plugin sys_status created
[INFO] [1790653409.941487350] [uav2.mavros]: Plugin sys_status initialized
[INFO] [1790653410.019488389] [uav2.mavros.time]: TM: Timesync mode: MAVLINK
[INFO] [1790653410.032653065] [uav2.mavros]: Plugin sys_time created
[INFO] [1790653410.032714871] [uav2.mavros]: Plugin sys_time initialized
[INFO] [1790653410.032724939] [uav2.mavros]: Plugin waypoint ignored
[INFO] [1790653410.032731360] [uav2.mavros]: Plugin wind_estimation ignored
[INFO] [1790653410.039914414] [uav2.mavros]: Built-in SIMD instructions: SSE, SSE2
[INFO] [1790653410.039960952] [uav2.mavros]: Built-in MAVLink package version: 2026.8.8
[INFO] [1790653410.039995187] [uav2.mavros]: Known MAVLink dialects: common ardupilotmega ASLUAV AVSSUAS all csAirLink cubepilot development icarous loweheiser marsh paparazzi standard stemstudios storm32 uAvionix ualberta
[INFO] [1790653410.040002980] [uav2.mavros]: MAVROS UAS via /uas2 started. MY ID 2.191, TARGET ID 2.1
[INFO] [1790653410.103731225] [uav2.mavros_router]: link[1001] detected remote address 2.191
[INFO] [1790653410.315466226] [uav2.mavros]: CON: Got HEARTBEAT, connected. FCU: PX4 Autopilot
[INFO] [1790653411.342899038] [uav2.mavros.sys]: VER: 2.1: Capabilities         0x000000000000e8ff
[INFO] [1790653411.342959457] [uav2.mavros.sys]: VER: 2.1: Flight software:     011200c0 (fca3df865a000000)
[INFO] [1790653411.342967144] [uav2.mavros.sys]: VER: 2.1: Middleware software: 011200c0 (fca3df865a000000)
[INFO] [1790653411.342971977] [uav2.mavros.sys]: VER: 2.1: OS software:         070000ff (17040b9f87cb1791)
[INFO] [1790653411.342976973] [uav2.mavros.sys]: VER: 2.1: Board hardware:      00000001
[INFO] [1790653411.342981686] [uav2.mavros.sys]: VER: 2.1: VID/PID:             0000:0000
[INFO] [1790653411.342986666] [uav2.mavros.sys]: VER: 2.1: UID:                 4954414c44494e50
[WARN] [1790653411.343028946] [uav2.mavros.cmd]: CMD: Unexpected command 512, result 0
[WARN] [1790653422.787740393] [uav2.mavros.sys]: FCU: UNK(8): EVENT 11047904 with args -0-0-0-0-0-128-0-0-0-176-122-127-128-176-122-127-128-0-0-0-0-0-0-0-0-0-0-0-0-0-0-0-0-0-0-0-0-0-0-0-
[INFO] [1790653422.789172590] [uav2.mavros.sys]: FCU: EVENT 377561 with args -8-0-0-0-20-0-0-0-0-0-0-0-0-0-0-0-0-0-0-0-0-0-0-0-0-0-0-0-0-0-0-0-0-0-0-0-0-0-0-0-
[WARN] [1790653422.789224817] [uav2.mavros.sys]: FCU: EVENT 453929 with args -255-255-255-255-7-0-0-0-0-0-0-0-0-0-0-0-0-0-0-0-0-0-0-0-0-0-0-0-0-0-0-0-0-0-0-0-0-0-0-0-
[INFO] [1790653422.789256171] [uav2.mavros.sys]: FCU: EVENT 6801787 with args -255-255-255-255-12-0-0-0-0-0-0-0-0-0-0-0-0-0-0-0-0-0-0-0-0-0-0-0-0-0-0-0-0-0-0-0-0-0-0-0-
[WARN] [1790653422.792866937] [uav2.mavros.sys]: FCU: UNK(8): EVENT 1914663 with args -0-10-13-2-56-0-0-0-0-0-0-0-0-0-0-0-0-0-0-0-0-0-0-0-0-0-0-0-0-0-0-0-0-0-0-0-0-0-0-0-
[WARN] [1790653423.699273575] [uav2.mavros.cmd]: CMD: Unexpected command 176, result 0
[INFO] [1790653424.580454532] [uav2.mavros.sys]: FCU: EVENT 9489139 with args -4-0-0-0-0-0-0-0-0-0-0-0-0-0-0-0-0-0-0-0-0-0-0-0-0-0-0-0-0-0-0-0-0-0-0-0-0-0-0-0-
[INFO] [1790653426.626829390] [uav2.mavros.sys]: FCU: EVENT 4277609 with args -0-0-0-0-0-0-0-0-0-0-0-0-0-0-0-0-0-0-0-0-0-0-0-0-0-0-0-0-0-0-0-0-0-0-0-0-0-0-0-0-
[WARN] [1790653681.012328800] [uav2.mavros.cmd]: CMD: Unexpected command 176, result 0
[INFO] [1790653715.712401546] [uav2.mavros.sys]: FCU: EVENT 9844908 with args -0-0-0-0-0-0-0-0-0-0-0-0-0-0-0-0-0-0-0-0-0-0-0-0-0-0-0-0-0-0-0-0-0-0-0-0-0-0-0-0-
[INFO] [1790653717.858646143] [uav2.mavros.sys]: FCU: EVENT 16017271 with args -6-0-0-0-0-0-0-0-0-0-0-0-0-0-0-0-0-0-0-0-0-0-0-0-0-0-0-0-0-0-0-0-0-0-0-0-0-0-0-0-
[WARN] [1790653721.356193456] [uav2.mavros.sys]: FCU: UNK(8): EVENT 11047904 with args -0-0-0-0-0-128-0-0-0-176-122-127-128-176-122-127-128-0-0-0-0-0-0-0-0-0-0-0-0-0-0-0-0-0-0-0-0-0-0-0-
[INFO] [1790653721.356341398] [uav2.mavros.sys]: FCU: EVENT 377561 with args -8-0-0-0-20-0-0-0-0-0-0-0-0-0-0-0-0-0-0-0-0-0-0-0-0-0-0-0-0-0-0-0-0-0-0-0-0-0-0-0-
[WARN] [1790653721.356427622] [uav2.mavros.sys]: FCU: EVENT 453929 with args -255-255-255-255-7-0-0-0-0-0-0-0-0-0-0-0-0-0-0-0-0-0-0-0-0-0-0-0-0-0-0-0-0-0-0-0-0-0-0-0-
[INFO] [1790653721.356474344] [uav2.mavros.sys]: FCU: EVENT 6801787 with args -255-255-255-255-12-0-0-0-0-0-0-0-0-0-0-0-0-0-0-0-0-0-0-0-0-0-0-0-0-0-0-0-0-0-0-0-0-0-0-0-
[WARN] [1790653721.356525310] [uav2.mavros.sys]: FCU: UNK(8): EVENT 1914663 with args -0-10-9-2-56-0-0-0-0-0-0-0-0-0-0-0-0-0-0-0-0-0-0-0-0-0-0-0-0-0-0-0-0-0-0-0-0-0-0-0-
[INFO] [1790653725.197003443] [rclcpp]: signal_handler(SIGINT/SIGTERM)
[WARN] [1790653725.198328810] [uav2.mavros]: UAS Executor terminated
