[INFO] [1790653408.150053387] [uav3.mavros_node]: Starting mavros_node container
[INFO] [1790653408.151596798] [uav3.mavros_node]: FCU URL: udp://:14542@127.0.0.1:14582
[INFO] [1790653408.151640391] [uav3.mavros_node]: GCS URL: 
[INFO] [1790653408.151645875] [uav3.mavros_node]: UAS Prefix: /uas3
[INFO] [1790653408.151650544] [uav3.mavros_node]: Starting mavros router node
[INFO] [1790653408.241431023] [uav3.mavros_router]: Built-in SIMD instructions: SSE, SSE2
[INFO] [1790653408.241531205] [uav3.mavros_router]: Built-in MAVLink package version: 2026.8.8
[INFO] [1790653408.241600301] [uav3.mavros_router]: Known MAVLink dialects: common ardupilotmega ASLUAV AVSSUAS all csAirLink cubepilot development icarous loweheiser marsh paparazzi standard stemstudios storm32 uAvionix ualberta
[INFO] [1790653408.241606621] [uav3.mavros_router]: MAVROS Router started
[INFO] [1790653408.243022947] [uav3.mavros_node]: Starting mavros uas node
[INFO] [1790653408.448485621] [uav3.mavros_router]: Requested to add endpoint: type: 0, url: udp://:14542@127.0.0.1:14582
[INFO] [1790653408.448554025] [uav3.mavros_router]: Endpoint link[1000] created
[INFO] [1790653408.448795990] [uav3.mavros_router]: link[1000] opened successfully
[INFO] [1790653408.448807846] [uav3.mavros_router]: Requested to add endpoint: type: 2, url: /uas3
[INFO] [1790653408.448819460] [uav3.mavros_router]: Endpoint link[1001] created
[INFO] [1790653408.451028549] [uav3.mavros]: Plugin actuator_control ignored
[INFO] [1790653408.451074540] [uav3.mavros]: Plugin altitude ignored
[INFO] [1790653408.452025844] [uav3.mavros]: UAS Executor started, threads: 4
[INFO] [1790653408.459383482] [uav3.mavros_router]: link[1000] detected remote address 3.1
[INFO] [1790653408.554018984] [uav3.mavros_router]: link[1001] opened successfully
[INFO] [1790653408.715162168] [uav3.mavros]: Plugin command created
[INFO] [1790653408.716501458] [uav3.mavros]: Plugin command initialized
[INFO] [1790653408.716549439] [uav3.mavros]: Plugin ftp ignored
[INFO] [1790653408.716556565] [uav3.mavros]: Plugin geofence ignored
[INFO] [1790653408.985971638] [uav3.mavros]: Plugin global_position created
[INFO] [1790653408.986034469] [uav3.mavros]: Plugin global_position initialized
[INFO] [1790653408.986043953] [uav3.mavros]: Plugin home_position ignored
[INFO] [1790653408.986049900] [uav3.mavros]: Plugin imu ignored
[INFO] [1790653409.115452130] [uav3.mavros]: Plugin local_position created
[INFO] [1790653409.115505418] [uav3.mavros]: Plugin local_position initialized
[INFO] [1790653409.115514540] [uav3.mavros]: Plugin manual_control ignored
[INFO] [1790653409.115519895] [uav3.mavros]: Plugin nav_controller_output ignored
[INFO] [1790653409.115525328] [uav3.mavros]: Plugin param ignored
[INFO] [1790653409.115530551] [uav3.mavros]: Plugin rallypoint ignored
[INFO] [1790653409.115535695] [uav3.mavros]: Plugin rc_io ignored
[INFO] [1790653409.115540982] [uav3.mavros]: Plugin setpoint_accel ignored
[INFO] [1790653409.115545968] [uav3.mavros]: Plugin setpoint_attitude ignored
[INFO] [1790653409.115551196] [uav3.mavros]: Plugin setpoint_position ignored
[INFO] [1790653409.115556235] [uav3.mavros]: Plugin setpoint_raw ignored
[INFO] [1790653409.115561515] [uav3.mavros]: Plugin setpoint_trajectory ignored
[INFO] [1790653409.387814377] [uav3.mavros]: Plugin setpoint_velocity created
[INFO] [1790653409.387865627] [uav3.mavros]: Plugin setpoint_velocity initialized
[INFO] [1790653409.753520921] [uav3.mavros]: Plugin sys_status created
[INFO] [1790653409.753592238] [uav3.mavros]: Plugin sys_status initialized
[INFO] [1790653409.870317353] [uav3.mavros.time]: TM: Timesync mode: MAVLINK
[INFO] [1790653409.900236309] [uav3.mavros]: Plugin sys_time created
[INFO] [1790653409.900280281] [uav3.mavros]: Plugin sys_time initialized
[INFO] [1790653409.900296924] [uav3.mavros]: Plugin waypoint ignored
[INFO] [1790653409.900309249] [uav3.mavros]: Plugin wind_estimation ignored
[INFO] [1790653409.921824176] [uav3.mavros]: Built-in SIMD instructions: SSE, SSE2
[INFO] [1790653409.921868042] [uav3.mavros]: Built-in MAVLink package version: 2026.8.8
[INFO] [1790653409.921901065] [uav3.mavros]: Known MAVLink dialects: common ardupilotmega ASLUAV AVSSUAS all csAirLink cubepilot development icarous loweheiser marsh paparazzi standard stemstudios storm32 uAvionix ualberta
[INFO] [1790653409.921907852] [uav3.mavros]: MAVROS UAS via /uas3 started. MY ID 3.191, TARGET ID 3.1
[INFO] [1790653410.037550443] [uav3.mavros_router]: link[1001] detected remote address 3.191
[INFO] [1790653410.360818410] [uav3.mavros]: CON: Got HEARTBEAT, connected. FCU: PX4 Autopilot
[INFO] [1790653411.402621651] [uav3.mavros.sys]: VER: 3.1: Capabilities         0x000000000000e8ff
[INFO] [1790653411.402680696] [uav3.mavros.sys]: VER: 3.1: Flight software:     011200c0 (fca3df865a000000)
[INFO] [1790653411.402688180] [uav3.mavros.sys]: VER: 3.1: Middleware software: 011200c0 (fca3df865a000000)
[INFO] [1790653411.402693607] [uav3.mavros.sys]: VER: 3.1: OS software:         070000ff (17040b9f87cb1791)
[INFO] [1790653411.402698450] [uav3.mavros.sys]: VER: 3.1: Board hardware:      00000001
[INFO] [1790653411.402703191] [uav3.mavros.sys]: VER: 3.1: VID/PID:             0000:0000
[INFO] [1790653411.402708255] [uav3.mavros.sys]: VER: 3.1: UID:                 4954414c44494e51
[WARN] [1790653411.405627245] [uav3.mavros.cmd]: CMD: Unexpected command 512, result 0
[WARN] [1790653422.703358933] [uav3.mavros.sys]: FCU: UNK(8): EVENT 11047904 with args -0-0-0-0-0-128-0-0-0-176-122-127-128-176-122-127-128-0-0-0-0-0-0-0-0-0-0-0-0-0-0-0-0-0-0-0-0-0-0-0-
[INFO] [1790653422.703453201] [uav3.mavros.sys]: FCU: EVENT 377561 with args -8-0-0-0-20-0-0-0-0-0-0-0-0-0-0-0-0-0-0-0-0-0-0-0-0-0-0-0-0-0-0-0-0-0-0-0-0-0-0-0-
[WARN] [1790653422.703508333] [uav3.mavros.sys]: FCU: EVENT 453929 with args -255-255-255-255-7-0-0-0-0-0-0-0-0-0-0-0-0-0-0-0-0-0-0-0-0-0-0-0-0-0-0-0-0-0-0-0-0-0-0-0-
[INFO] [1790653422.703543776] [uav3.mavros.sys]: FCU: EVENT 6801787 with args -255-255-255-255-12-0-0-0-0-0-0-0-0-0-0-0-0-0-0-0-0-0-0-0-0-0-0-0-0-0-0-0-0-0-0-0-0-0-0-0-
[WARN] [1790653422.703576011] [uav3.mavros.sys]: FCU: UNK(8): EVENT 1914663 with args -0-10-13-2-56-0-0-0-0-0-0-0-0-0-0-0-0-0-0-0-0-0-0-0-0-0-0-0-0-0-0-0-0-0-0-0-0-0-0-0-
[WARN] [1790653424.716906065] [uav3.mavros.cmd]: CMD: Unexpected command 176, result 0
[INFO] [1790653424.800488105] [uav3.mavros.sys]: FCU: EVENT 9489139 with args -4-0-0-0-0-0-0-0-0-0-0-0-0-0-0-0-0-0-0-0-0-0-0-0-0-0-0-0-0-0-0-0-0-0-0-0-0-0-0-0-
[INFO] [1790653426.820078312] [uav3.mavros.sys]: FCU: EVENT 4277609 with args -0-0-0-0-0-0-0-0-0-0-0-0-0-0-0-0-0-0-0-0-0-0-0-0-0-0-0-0-0-0-0-0-0-0-0-0-0-0-0-0-
[WARN] [1790653681.195514407] [uav3.mavros.cmd]: CMD: Unexpected command 176, result 0
[INFO] [1790653717.374744456] [uav3.mavros.sys]: FCU: EVENT 9844908 with args -0-0-0-0-0-0-0-0-0-0-0-0-0-0-0-0-0-0-0-0-0-0-0-0-0-0-0-0-0-0-0-0-0-0-0-0-0-0-0-0-
[INFO] [1790653719.533477302] [uav3.mavros.sys]: FCU: EVENT 16017271 with args -6-0-0-0-0-0-0-0-0-0-0-0-0-0-0-0-0-0-0-0-0-0-0-0-0-0-0-0-0-0-0-0-0-0-0-0-0-0-0-0-
[WARN] [1790653722.903573905] [uav3.mavros.sys]: FCU: UNK(8): EVENT 11047904 with args -0-0-0-0-0-128-0-0-0-176-122-127-128-176-122-127-128-0-0-0-0-0-0-0-0-0-0-0-0-0-0-0-0-0-0-0-0-0-0-0-
[INFO] [1790653722.903676682] [uav3.mavros.sys]: FCU: EVENT 377561 with args -8-0-0-0-20-0-0-0-0-0-0-0-0-0-0-0-0-0-0-0-0-0-0-0-0-0-0-0-0-0-0-0-0-0-0-0-0-0-0-0-
[WARN] [1790653722.903708542] [uav3.mavros.sys]: FCU: EVENT 453929 with args -255-255-255-255-7-0-0-0-0-0-0-0-0-0-0-0-0-0-0-0-0-0-0-0-0-0-0-0-0-0-0-0-0-0-0-0-0-0-0-0-
[INFO] [1790653722.903721808] [uav3.mavros.sys]: FCU: EVENT 6801787 with args -255-255-255-255-12-0-0-0-0-0-0-0-0-0-0-0-0-0-0-0-0-0-0-0-0-0-0-0-0-0-0-0-0-0-0-0-0-0-0-0-
[WARN] [1790653722.903781555] [uav3.mavros.sys]: FCU: UNK(8): EVENT 1914663 with args -0-10-9-2-56-0-0-0-0-0-0-0-0-0-0-0-0-0-0-0-0-0-0-0-0-0-0-0-0-0-0-0-0-0-0-0-0-0-0-0-
[INFO] [1790653725.198767849] [rclcpp]: signal_handler(SIGINT/SIGTERM)
[WARN] [1790653725.210269700] [uav3.mavros]: UAS Executor terminated
