[INFO] [1790604549.764532800] [uav6.mavros_node]: Starting mavros_node container
[INFO] [1790604549.765229854] [uav6.mavros_node]: FCU URL: udp://:14545@127.0.0.1:14585
[INFO] [1790604549.765245385] [uav6.mavros_node]: GCS URL: 
[INFO] [1790604549.765250667] [uav6.mavros_node]: UAS Prefix: /uas6
[INFO] [1790604549.765255502] [uav6.mavros_node]: Starting mavros router node
[INFO] [1790604549.812636623] [uav6.mavros_router]: Built-in SIMD instructions: SSE, SSE2
[INFO] [1790604549.824926649] [uav6.mavros_router]: Built-in MAVLink package version: 2026.8.8
[INFO] [1790604549.824943791] [uav6.mavros_router]: Known MAVLink dialects: common ardupilotmega ASLUAV AVSSUAS all csAirLink cubepilot development icarous loweheiser marsh paparazzi standard stemstudios storm32 uAvionix ualberta
[INFO] [1790604549.824950529] [uav6.mavros_router]: MAVROS Router started
[INFO] [1790604549.827079005] [uav6.mavros_node]: Starting mavros uas node
[INFO] [1790604550.213520613] [uav6.mavros_router]: Requested to add endpoint: type: 0, url: udp://:14545@127.0.0.1:14585
[INFO] [1790604550.213568714] [uav6.mavros_router]: Endpoint link[1000] created
[INFO] [1790604550.213748699] [uav6.mavros_router]: link[1000] opened successfully
[INFO] [1790604550.213758565] [uav6.mavros_router]: Requested to add endpoint: type: 2, url: /uas6
[INFO] [1790604550.213771043] [uav6.mavros_router]: Endpoint link[1001] created
[INFO] [1790604550.216992257] [uav6.mavros_router]: link[1001] opened successfully
[INFO] [1790604550.219656723] [uav6.mavros_router]: link[1000] detected remote address 6.1
[INFO] [1790604550.223605683] [uav6.mavros]: Plugin actuator_control ignored
[INFO] [1790604550.223659358] [uav6.mavros]: Plugin altitude ignored
[INFO] [1790604550.224411604] [uav6.mavros]: UAS Executor started, threads: 4
[INFO] [1790604550.600903251] [uav6.mavros]: Plugin command created
[INFO] [1790604550.600976615] [uav6.mavros]: Plugin command initialized
[INFO] [1790604550.601779318] [uav6.mavros]: Plugin ftp ignored
[INFO] [1790604550.601838605] [uav6.mavros]: Plugin geofence ignored
[INFO] [1790604550.879501305] [uav6.mavros]: Plugin global_position created
[INFO] [1790604550.879550734] [uav6.mavros]: Plugin global_position initialized
[INFO] [1790604550.879561743] [uav6.mavros]: Plugin home_position ignored
[INFO] [1790604550.879568555] [uav6.mavros]: Plugin imu ignored
[INFO] [1790604552.328502088] [uav6.mavros]: Plugin local_position created
[INFO] [1790604552.328553338] [uav6.mavros]: Plugin local_position initialized
[INFO] [1790604552.328564302] [uav6.mavros]: Plugin manual_control ignored
[INFO] [1790604552.328570355] [uav6.mavros]: Plugin nav_controller_output ignored
[INFO] [1790604552.328575862] [uav6.mavros]: Plugin param ignored
[INFO] [1790604552.328580976] [uav6.mavros]: Plugin rallypoint ignored
[INFO] [1790604552.328586126] [uav6.mavros]: Plugin rc_io ignored
[INFO] [1790604552.328591277] [uav6.mavros]: Plugin setpoint_accel ignored
[INFO] [1790604552.328596530] [uav6.mavros]: Plugin setpoint_attitude ignored
[INFO] [1790604552.328601526] [uav6.mavros]: Plugin setpoint_position ignored
[INFO] [1790604552.328606661] [uav6.mavros]: Plugin setpoint_raw ignored
[INFO] [1790604552.328611565] [uav6.mavros]: Plugin setpoint_trajectory ignored
[INFO] [1790604552.613644641] [uav6.mavros]: Plugin setpoint_velocity created
[INFO] [1790604552.613694092] [uav6.mavros]: Plugin setpoint_velocity initialized
[INFO] [1790604553.509611726] [uav6.mavros]: Plugin sys_status created
[INFO] [1790604553.509683496] [uav6.mavros]: Plugin sys_status initialized
[INFO] [1790604553.724943517] [uav6.mavros.time]: TM: Timesync mode: MAVLINK
[INFO] [1790604553.775440521] [uav6.mavros]: Plugin sys_time created
[INFO] [1790604553.775502381] [uav6.mavros]: Plugin sys_time initialized
[INFO] [1790604553.775512728] [uav6.mavros]: Plugin waypoint ignored
[INFO] [1790604553.775518016] [uav6.mavros]: Plugin wind_estimation ignored
[INFO] [1790604553.792611034] [uav6.mavros]: Built-in SIMD instructions: SSE, SSE2
[INFO] [1790604553.792631766] [uav6.mavros]: Built-in MAVLink package version: 2026.8.8
[INFO] [1790604553.792652047] [uav6.mavros]: Known MAVLink dialects: common ardupilotmega ASLUAV AVSSUAS all csAirLink cubepilot development icarous loweheiser marsh paparazzi standard stemstudios storm32 uAvionix ualberta
[INFO] [1790604553.792659485] [uav6.mavros]: MAVROS UAS via /uas6 started. MY ID 6.191, TARGET ID 6.1
[INFO] [1790604553.793240711] [uav6.mavros_router]: link[1001] detected remote address 6.191
[INFO] [1790604554.360029509] [uav6.mavros]: CON: Got HEARTBEAT, connected. FCU: PX4 Autopilot
[INFO] [1790604555.395492176] [uav6.mavros.sys]: VER: 6.1: Capabilities         0x000000000000e8ff
[INFO] [1790604555.395542872] [uav6.mavros.sys]: VER: 6.1: Flight software:     011200c0 (fca3df865a000000)
[INFO] [1790604555.395555120] [uav6.mavros.sys]: VER: 6.1: Middleware software: 011200c0 (fca3df865a000000)
[INFO] [1790604555.395560862] [uav6.mavros.sys]: VER: 6.1: OS software:         070000ff (17040b9f87cb1791)
[INFO] [1790604555.395566374] [uav6.mavros.sys]: VER: 6.1: Board hardware:      00000001
[INFO] [1790604555.395571039] [uav6.mavros.sys]: VER: 6.1: VID/PID:             0000:0000
[INFO] [1790604555.395575225] [uav6.mavros.sys]: VER: 6.1: UID:                 4954414c44494e54
[WARN] [1790604555.404219108] [uav6.mavros.cmd]: CMD: Unexpected command 512, result 0
[WARN] [1790604567.657030360] [uav6.mavros.sys]: FCU: UNK(8): EVENT 11047904 with args -0-0-0-0-0-128-0-0-0-176-122-127-128-176-122-127-128-0-0-0-0-0-0-0-0-0-0-0-0-0-0-0-0-0-0-0-0-0-0-0-
[INFO] [1790604567.657333067] [uav6.mavros.sys]: FCU: EVENT 377561 with args -8-0-0-0-20-0-0-0-0-0-0-0-0-0-0-0-0-0-0-0-0-0-0-0-0-0-0-0-0-0-0-0-0-0-0-0-0-0-0-0-
[WARN] [1790604567.657423594] [uav6.mavros.sys]: FCU: EVENT 453929 with args -255-255-255-255-7-0-0-0-0-0-0-0-0-0-0-0-0-0-0-0-0-0-0-0-0-0-0-0-0-0-0-0-0-0-0-0-0-0-0-0-
[INFO] [1790604567.657460514] [uav6.mavros.sys]: FCU: EVENT 6801787 with args -255-255-255-255-12-0-0-0-0-0-0-0-0-0-0-0-0-0-0-0-0-0-0-0-0-0-0-0-0-0-0-0-0-0-0-0-0-0-0-0-
[WARN] [1790604567.657492931] [uav6.mavros.sys]: FCU: UNK(8): EVENT 1914663 with args -0-10-13-2-56-0-0-0-0-0-0-0-0-0-0-0-0-0-0-0-0-0-0-0-0-0-0-0-0-0-0-0-0-0-0-0-0-0-0-0-
[WARN] [1790604569.306763889] [uav6.mavros.cmd]: CMD: Unexpected command 176, result 0
[INFO] [1790604569.376493403] [uav6.mavros.sys]: FCU: EVENT 9489139 with args -4-0-0-0-0-0-0-0-0-0-0-0-0-0-0-0-0-0-0-0-0-0-0-0-0-0-0-0-0-0-0-0-0-0-0-0-0-0-0-0-
[INFO] [1790604571.299325149] [uav6.mavros.sys]: FCU: EVENT 4277609 with args -0-0-0-0-0-0-0-0-0-0-0-0-0-0-0-0-0-0-0-0-0-0-0-0-0-0-0-0-0-0-0-0-0-0-0-0-0-0-0-0-
[WARN] [1790604829.673202035] [uav6.mavros.cmd]: CMD: Unexpected command 176, result 0
[INFO] [1790604862.121915582] [uav6.mavros.sys]: FCU: EVENT 9844908 with args -0-0-0-0-0-0-0-0-0-0-0-0-0-0-0-0-0-0-0-0-0-0-0-0-0-0-0-0-0-0-0-0-0-0-0-0-0-0-0-0-
[INFO] [1790604864.297319836] [uav6.mavros.sys]: FCU: EVENT 16017271 with args -6-0-0-0-0-0-0-0-0-0-0-0-0-0-0-0-0-0-0-0-0-0-0-0-0-0-0-0-0-0-0-0-0-0-0-0-0-0-0-0-
[WARN] [1790604868.235540078] [uav6.mavros.sys]: FCU: UNK(8): EVENT 11047904 with args -0-0-0-0-0-128-0-0-0-176-122-127-128-176-122-127-128-0-0-0-0-0-0-0-0-0-0-0-0-0-0-0-0-0-0-0-0-0-0-0-
[INFO] [1790604868.235721946] [uav6.mavros.sys]: FCU: EVENT 377561 with args -8-0-0-0-20-0-0-0-0-0-0-0-0-0-0-0-0-0-0-0-0-0-0-0-0-0-0-0-0-0-0-0-0-0-0-0-0-0-0-0-
[WARN] [1790604868.235759935] [uav6.mavros.sys]: FCU: EVENT 453929 with args -255-255-255-255-7-0-0-0-0-0-0-0-0-0-0-0-0-0-0-0-0-0-0-0-0-0-0-0-0-0-0-0-0-0-0-0-0-0-0-0-
[INFO] [1790604868.235796734] [uav6.mavros.sys]: FCU: EVENT 6801787 with args -255-255-255-255-12-0-0-0-0-0-0-0-0-0-0-0-0-0-0-0-0-0-0-0-0-0-0-0-0-0-0-0-0-0-0-0-0-0-0-0-
[WARN] [1790604868.235822390] [uav6.mavros.sys]: FCU: UNK(8): EVENT 1914663 with args -0-10-9-2-56-0-0-0-0-0-0-0-0-0-0-0-0-0-0-0-0-0-0-0-0-0-0-0-0-0-0-0-0-0-0-0-0-0-0-0-
[INFO] [1790604869.400104317] [rclcpp]: signal_handler(SIGINT/SIGTERM)
[WARN] [1790604869.407580339] [uav6.mavros]: UAS Executor terminated
