[INFO] [1790604549.786934753] [uav8.mavros_node]: Starting mavros_node container
[INFO] [1790604549.787059565] [uav8.mavros_node]: FCU URL: udp://:14547@127.0.0.1:14587
[INFO] [1790604549.787529390] [uav8.mavros_node]: GCS URL: 
[INFO] [1790604549.787552643] [uav8.mavros_node]: UAS Prefix: /uas8
[INFO] [1790604549.787557478] [uav8.mavros_node]: Starting mavros router node
[INFO] [1790604549.873894702] [uav8.mavros_router]: Built-in SIMD instructions: SSE, SSE2
[INFO] [1790604549.873927616] [uav8.mavros_router]: Built-in MAVLink package version: 2026.8.8
[INFO] [1790604549.873935722] [uav8.mavros_router]: Known MAVLink dialects: common ardupilotmega ASLUAV AVSSUAS all csAirLink cubepilot development icarous loweheiser marsh paparazzi standard stemstudios storm32 uAvionix ualberta
[INFO] [1790604549.873941881] [uav8.mavros_router]: MAVROS Router started
[INFO] [1790604549.874085422] [uav8.mavros_node]: Starting mavros uas node
[INFO] [1790604550.237116219] [uav8.mavros_router]: Requested to add endpoint: type: 0, url: udp://:14547@127.0.0.1:14587
[INFO] [1790604550.237176389] [uav8.mavros_router]: Endpoint link[1000] created
[INFO] [1790604550.237418100] [uav8.mavros_router]: link[1000] opened successfully
[INFO] [1790604550.237440939] [uav8.mavros_router]: Requested to add endpoint: type: 2, url: /uas8
[INFO] [1790604550.237454439] [uav8.mavros_router]: Endpoint link[1001] created
[INFO] [1790604550.242696434] [uav8.mavros_router]: link[1000] detected remote address 8.1
[INFO] [1790604550.247669771] [uav8.mavros_router]: link[1001] opened successfully
[INFO] [1790604550.248128684] [uav8.mavros]: Plugin actuator_control ignored
[INFO] [1790604550.248164722] [uav8.mavros]: Plugin altitude ignored
[INFO] [1790604550.248214430] [uav8.mavros]: UAS Executor started, threads: 4
[INFO] [1790604550.639668222] [uav8.mavros]: Plugin command created
[INFO] [1790604550.639740540] [uav8.mavros]: Plugin command initialized
[INFO] [1790604550.639752524] [uav8.mavros]: Plugin ftp ignored
[INFO] [1790604550.639758442] [uav8.mavros]: Plugin geofence ignored
[INFO] [1790604550.868846309] [uav8.mavros]: Plugin global_position created
[INFO] [1790604550.869017567] [uav8.mavros]: Plugin global_position initialized
[INFO] [1790604550.869035608] [uav8.mavros]: Plugin home_position ignored
[INFO] [1790604550.869041819] [uav8.mavros]: Plugin imu ignored
[INFO] [1790604552.057074865] [uav8.mavros]: Plugin local_position created
[INFO] [1790604552.057201525] [uav8.mavros]: Plugin local_position initialized
[INFO] [1790604552.057216916] [uav8.mavros]: Plugin manual_control ignored
[INFO] [1790604552.057223127] [uav8.mavros]: Plugin nav_controller_output ignored
[INFO] [1790604552.057228510] [uav8.mavros]: Plugin param ignored
[INFO] [1790604552.057233909] [uav8.mavros]: Plugin rallypoint ignored
[INFO] [1790604552.057239074] [uav8.mavros]: Plugin rc_io ignored
[INFO] [1790604552.057276177] [uav8.mavros]: Plugin setpoint_accel ignored
[INFO] [1790604552.057282263] [uav8.mavros]: Plugin setpoint_attitude ignored
[INFO] [1790604552.057287491] [uav8.mavros]: Plugin setpoint_position ignored
[INFO] [1790604552.057292681] [uav8.mavros]: Plugin setpoint_raw ignored
[INFO] [1790604552.057297787] [uav8.mavros]: Plugin setpoint_trajectory ignored
[INFO] [1790604552.553339686] [uav8.mavros]: Plugin setpoint_velocity created
[INFO] [1790604552.553402459] [uav8.mavros]: Plugin setpoint_velocity initialized
[INFO] [1790604553.322834855] [uav8.mavros]: Plugin sys_status created
[INFO] [1790604553.326236914] [uav8.mavros]: Plugin sys_status initialized
[INFO] [1790604553.743392078] [uav8.mavros.time]: TM: Timesync mode: MAVLINK
[INFO] [1790604553.819426683] [uav8.mavros]: Plugin sys_time created
[INFO] [1790604553.819480390] [uav8.mavros]: Plugin sys_time initialized
[INFO] [1790604553.821454258] [uav8.mavros]: Plugin waypoint ignored
[INFO] [1790604553.821461849] [uav8.mavros]: Plugin wind_estimation ignored
[INFO] [1790604553.885309024] [uav8.mavros]: Built-in SIMD instructions: SSE, SSE2
[INFO] [1790604553.885351117] [uav8.mavros]: Built-in MAVLink package version: 2026.8.8
[INFO] [1790604553.885385840] [uav8.mavros]: Known MAVLink dialects: common ardupilotmega ASLUAV AVSSUAS all csAirLink cubepilot development icarous loweheiser marsh paparazzi standard stemstudios storm32 uAvionix ualberta
[INFO] [1790604553.885392592] [uav8.mavros]: MAVROS UAS via /uas8 started. MY ID 8.191, TARGET ID 8.1
[INFO] [1790604553.950221903] [uav8.mavros_router]: link[1001] detected remote address 8.191
[INFO] [1790604554.266923158] [uav8.mavros]: CON: Got HEARTBEAT, connected. FCU: PX4 Autopilot
[INFO] [1790604555.287834403] [uav8.mavros.sys]: VER: 8.1: Capabilities         0x000000000000e8ff
[INFO] [1790604555.287884970] [uav8.mavros.sys]: VER: 8.1: Flight software:     011200c0 (fca3df865a000000)
[INFO] [1790604555.287892641] [uav8.mavros.sys]: VER: 8.1: Middleware software: 011200c0 (fca3df865a000000)
[INFO] [1790604555.287897598] [uav8.mavros.sys]: VER: 8.1: OS software:         070000ff (17040b9f87cb1791)
[INFO] [1790604555.287902417] [uav8.mavros.sys]: VER: 8.1: Board hardware:      00000001
[INFO] [1790604555.287907359] [uav8.mavros.sys]: VER: 8.1: VID/PID:             0000:0000
[INFO] [1790604555.287912457] [uav8.mavros.sys]: VER: 8.1: UID:                 4954414c44494e56
[WARN] [1790604555.289781616] [uav8.mavros.cmd]: CMD: Unexpected command 512, result 0
[WARN] [1790604567.011004011] [uav8.mavros.sys]: FCU: UNK(8): EVENT 11047904 with args -0-0-0-0-0-128-0-0-0-176-122-127-128-176-122-127-128-0-0-0-0-0-0-0-0-0-0-0-0-0-0-0-0-0-0-0-0-0-0-0-
[INFO] [1790604567.011090947] [uav8.mavros.sys]: FCU: EVENT 377561 with args -8-0-0-0-20-0-0-0-0-0-0-0-0-0-0-0-0-0-0-0-0-0-0-0-0-0-0-0-0-0-0-0-0-0-0-0-0-0-0-0-
[WARN] [1790604567.011147926] [uav8.mavros.sys]: FCU: EVENT 453929 with args -255-255-255-255-7-0-0-0-0-0-0-0-0-0-0-0-0-0-0-0-0-0-0-0-0-0-0-0-0-0-0-0-0-0-0-0-0-0-0-0-
[INFO] [1790604567.011183911] [uav8.mavros.sys]: FCU: EVENT 6801787 with args -255-255-255-255-12-0-0-0-0-0-0-0-0-0-0-0-0-0-0-0-0-0-0-0-0-0-0-0-0-0-0-0-0-0-0-0-0-0-0-0-
[WARN] [1790604567.011230368] [uav8.mavros.sys]: FCU: UNK(8): EVENT 1914663 with args -0-10-13-2-56-0-0-0-0-0-0-0-0-0-0-0-0-0-0-0-0-0-0-0-0-0-0-0-0-0-0-0-0-0-0-0-0-0-0-0-
[WARN] [1790604568.656419833] [uav8.mavros.cmd]: CMD: Unexpected command 176, result 0
[INFO] [1790604569.179557522] [uav8.mavros.sys]: FCU: EVENT 9489139 with args -4-0-0-0-0-0-0-0-0-0-0-0-0-0-0-0-0-0-0-0-0-0-0-0-0-0-0-0-0-0-0-0-0-0-0-0-0-0-0-0-
[INFO] [1790604571.167998955] [uav8.mavros.sys]: FCU: EVENT 4277609 with args -0-0-0-0-0-0-0-0-0-0-0-0-0-0-0-0-0-0-0-0-0-0-0-0-0-0-0-0-0-0-0-0-0-0-0-0-0-0-0-0-
[WARN] [1790604829.730554073] [uav8.mavros.cmd]: CMD: Unexpected command 176, result 0
[INFO] [1790604862.182619733] [uav8.mavros.sys]: FCU: EVENT 9844908 with args -0-0-0-0-0-0-0-0-0-0-0-0-0-0-0-0-0-0-0-0-0-0-0-0-0-0-0-0-0-0-0-0-0-0-0-0-0-0-0-0-
[INFO] [1790604864.347025314] [uav8.mavros.sys]: FCU: EVENT 16017271 with args -6-0-0-0-0-0-0-0-0-0-0-0-0-0-0-0-0-0-0-0-0-0-0-0-0-0-0-0-0-0-0-0-0-0-0-0-0-0-0-0-
[WARN] [1790604867.920545312] [uav8.mavros.sys]: FCU: UNK(8): EVENT 11047904 with args -0-0-0-0-0-128-0-0-0-176-122-127-128-176-122-127-128-0-0-0-0-0-0-0-0-0-0-0-0-0-0-0-0-0-0-0-0-0-0-0-
[INFO] [1790604867.920615586] [uav8.mavros.sys]: FCU: EVENT 377561 with args -8-0-0-0-20-0-0-0-0-0-0-0-0-0-0-0-0-0-0-0-0-0-0-0-0-0-0-0-0-0-0-0-0-0-0-0-0-0-0-0-
[WARN] [1790604867.920926190] [uav8.mavros.sys]: FCU: EVENT 453929 with args -255-255-255-255-7-0-0-0-0-0-0-0-0-0-0-0-0-0-0-0-0-0-0-0-0-0-0-0-0-0-0-0-0-0-0-0-0-0-0-0-
[INFO] [1790604867.921045902] [uav8.mavros.sys]: FCU: EVENT 6801787 with args -255-255-255-255-12-0-0-0-0-0-0-0-0-0-0-0-0-0-0-0-0-0-0-0-0-0-0-0-0-0-0-0-0-0-0-0-0-0-0-0-
[WARN] [1790604867.921075349] [uav8.mavros.sys]: FCU: UNK(8): EVENT 1914663 with args -0-10-9-2-56-0-0-0-0-0-0-0-0-0-0-0-0-0-0-0-0-0-0-0-0-0-0-0-0-0-0-0-0-0-0-0-0-0-0-0-
[WARN] [1790604869.357596189] [uav8.mavros.sys]: FCU: UNK(8): EVENT 11047904 with args -0-0-0-16-0-128-0-0-0-176-58-127-128-176-58-127-128-0-0-0-0-0-0-0-0-0-0-0-0-0-0-0-0-0-0-0-0-0-0-0-
[ERROR] [1790604869.357744186] [uav8.mavros.sys]: FCU: EVENT 11464574 with args -0-64-0-0-20-0-0-0-0-0-0-0-0-0-0-0-0-0-0-0-0-0-0-0-0-0-0-0-0-0-0-0-0-0-0-0-0-0-0-0-
[INFO] [1790604869.357810098] [uav8.mavros.sys]: FCU: EVENT 377561 with args -8-0-0-0-20-0-0-0-0-0-0-0-0-0-0-0-0-0-0-0-0-0-0-0-0-0-0-0-0-0-0-0-0-0-0-0-0-0-0-0-
[WARN] [1790604869.357895441] [uav8.mavros.sys]: FCU: EVENT 453929 with args -255-255-255-255-7-0-0-0-0-0-0-0-0-0-0-0-0-0-0-0-0-0-0-0-0-0-0-0-0-0-0-0-0-0-0-0-0-0-0-0-
[INFO] [1790604869.357966874] [uav8.mavros.sys]: FCU: EVENT 6801787 with args -255-255-255-255-12-0-0-0-0-0-0-0-0-0-0-0-0-0-0-0-0-0-0-0-0-0-0-0-0-0-0-0-0-0-0-0-0-0-0-0-
[WARN] [1790604869.358037119] [uav8.mavros.sys]: FCU: UNK(8): EVENT 1914663 with args -0-10-9-2-56-0-0-0-0-0-0-0-0-0-0-0-0-0-0-0-0-0-0-0-0-0-0-0-0-0-0-0-0-0-0-0-0-0-0-0-
[WARN] [1790604869.358062636] [uav8.mavros.sys]: FCU: EVENT 13277401 with args -0-0-6-0-0-0-0-0-0-0-0-0-0-0-0-0-0-0-0-0-0-0-0-0-0-0-0-0-0-0-0-0-0-0-0-0-0-0-0-0-
[INFO] [1790604869.416118229] [rclcpp]: signal_handler(SIGINT/SIGTERM)
[WARN] [1790604869.418812199] [uav8.mavros]: UAS Executor terminated
