[INFO] [1790604549.726776162] [uav3.mavros_node]: Starting mavros_node container
[INFO] [1790604549.726884646] [uav3.mavros_node]: FCU URL: udp://:14542@127.0.0.1:14582
[INFO] [1790604549.726894029] [uav3.mavros_node]: GCS URL: 
[INFO] [1790604549.726898931] [uav3.mavros_node]: UAS Prefix: /uas3
[INFO] [1790604549.726903231] [uav3.mavros_node]: Starting mavros router node
[INFO] [1790604549.758520923] [uav3.mavros_router]: Built-in SIMD instructions: SSE, SSE2
[INFO] [1790604549.758609318] [uav3.mavros_router]: Built-in MAVLink package version: 2026.8.8
[INFO] [1790604549.758791021] [uav3.mavros_router]: Known MAVLink dialects: common ardupilotmega ASLUAV AVSSUAS all csAirLink cubepilot development icarous loweheiser marsh paparazzi standard stemstudios storm32 uAvionix ualberta
[INFO] [1790604549.758809375] [uav3.mavros_router]: MAVROS Router started
[INFO] [1790604549.758975720] [uav3.mavros_node]: Starting mavros uas node
[INFO] [1790604549.904002874] [uav3.mavros_router]: Requested to add endpoint: type: 0, url: udp://:14542@127.0.0.1:14582
[INFO] [1790604549.904065736] [uav3.mavros_router]: Endpoint link[1000] created
[INFO] [1790604549.904321260] [uav3.mavros_router]: link[1000] opened successfully
[INFO] [1790604549.904342327] [uav3.mavros_router]: Requested to add endpoint: type: 2, url: /uas3
[INFO] [1790604549.904355630] [uav3.mavros_router]: Endpoint link[1001] created
[INFO] [1790604549.907393652] [uav3.mavros_router]: link[1000] detected remote address 3.1
[INFO] [1790604549.918953794] [uav3.mavros]: Plugin actuator_control ignored
[INFO] [1790604549.919144031] [uav3.mavros]: Plugin altitude ignored
[INFO] [1790604549.919473596] [uav3.mavros]: UAS Executor started, threads: 4
[INFO] [1790604549.988232481] [uav3.mavros_router]: link[1001] opened successfully
[INFO] [1790604550.461357615] [uav3.mavros]: Plugin command created
[INFO] [1790604550.461532634] [uav3.mavros]: Plugin command initialized
[INFO] [1790604550.461549647] [uav3.mavros]: Plugin ftp ignored
[INFO] [1790604550.461555002] [uav3.mavros]: Plugin geofence ignored
[INFO] [1790604550.767370992] [uav3.mavros]: Plugin global_position created
[INFO] [1790604550.767423657] [uav3.mavros]: Plugin global_position initialized
[INFO] [1790604550.767434356] [uav3.mavros]: Plugin home_position ignored
[INFO] [1790604550.767439993] [uav3.mavros]: Plugin imu ignored
[INFO] [1790604552.083490834] [uav3.mavros]: Plugin local_position created
[INFO] [1790604552.137452632] [uav3.mavros]: Plugin local_position initialized
[INFO] [1790604552.137475934] [uav3.mavros]: Plugin manual_control ignored
[INFO] [1790604552.137482180] [uav3.mavros]: Plugin nav_controller_output ignored
[INFO] [1790604552.137487600] [uav3.mavros]: Plugin param ignored
[INFO] [1790604552.137493279] [uav3.mavros]: Plugin rallypoint ignored
[INFO] [1790604552.137498361] [uav3.mavros]: Plugin rc_io ignored
[INFO] [1790604552.137503692] [uav3.mavros]: Plugin setpoint_accel ignored
[INFO] [1790604552.137508779] [uav3.mavros]: Plugin setpoint_attitude ignored
[INFO] [1790604552.137513875] [uav3.mavros]: Plugin setpoint_position ignored
[INFO] [1790604552.137519164] [uav3.mavros]: Plugin setpoint_raw ignored
[INFO] [1790604552.137524435] [uav3.mavros]: Plugin setpoint_trajectory ignored
[INFO] [1790604552.446993856] [uav3.mavros]: Plugin setpoint_velocity created
[INFO] [1790604552.447047446] [uav3.mavros]: Plugin setpoint_velocity initialized
[INFO] [1790604553.134092876] [uav3.mavros]: Plugin sys_status created
[INFO] [1790604553.134184226] [uav3.mavros]: Plugin sys_status initialized
[INFO] [1790604553.445173890] [uav3.mavros.time]: TM: Timesync mode: MAVLINK
[INFO] [1790604553.501295172] [uav3.mavros]: Plugin sys_time created
[INFO] [1790604553.503619004] [uav3.mavros]: Plugin sys_time initialized
[INFO] [1790604553.503643625] [uav3.mavros]: Plugin waypoint ignored
[INFO] [1790604553.503650101] [uav3.mavros]: Plugin wind_estimation ignored
[INFO] [1790604553.579879549] [uav3.mavros]: Built-in SIMD instructions: SSE, SSE2
[INFO] [1790604553.579929677] [uav3.mavros]: Built-in MAVLink package version: 2026.8.8
[INFO] [1790604553.579963090] [uav3.mavros]: Known MAVLink dialects: common ardupilotmega ASLUAV AVSSUAS all csAirLink cubepilot development icarous loweheiser marsh paparazzi standard stemstudios storm32 uAvionix ualberta
[INFO] [1790604553.579969947] [uav3.mavros]: MAVROS UAS via /uas3 started. MY ID 3.191, TARGET ID 3.1
[INFO] [1790604553.618459971] [uav3.mavros_router]: link[1001] detected remote address 3.191
[INFO] [1790604554.180537253] [uav3.mavros.sys]: VER: 3.1: Capabilities         0x000000000000e8ff
[INFO] [1790604554.180591951] [uav3.mavros.sys]: VER: 3.1: Flight software:     011200c0 (fca3df865a000000)
[INFO] [1790604554.180599116] [uav3.mavros.sys]: VER: 3.1: Middleware software: 011200c0 (fca3df865a000000)
[INFO] [1790604554.180603896] [uav3.mavros.sys]: VER: 3.1: OS software:         070000ff (17040b9f87cb1791)
[INFO] [1790604554.180608612] [uav3.mavros.sys]: VER: 3.1: Board hardware:      00000001
[INFO] [1790604554.180613305] [uav3.mavros.sys]: VER: 3.1: VID/PID:             0000:0000
[INFO] [1790604554.180617769] [uav3.mavros.sys]: VER: 3.1: UID:                 4954414c44494e51
[WARN] [1790604554.184618531] [uav3.mavros.cmd]: CMD: Unexpected command 512, result 0
[INFO] [1790604554.387232013] [uav3.mavros]: CON: Got HEARTBEAT, connected. FCU: PX4 Autopilot
[INFO] [1790604555.417198651] [uav3.mavros.sys]: VER: 3.1: Capabilities         0x000000000000e8ff
[INFO] [1790604555.417252195] [uav3.mavros.sys]: VER: 3.1: Flight software:     011200c0 (fca3df865a000000)
[INFO] [1790604555.417259460] [uav3.mavros.sys]: VER: 3.1: Middleware software: 011200c0 (fca3df865a000000)
[INFO] [1790604555.417264407] [uav3.mavros.sys]: VER: 3.1: OS software:         070000ff (17040b9f87cb1791)
[INFO] [1790604555.417269121] [uav3.mavros.sys]: VER: 3.1: Board hardware:      00000001
[INFO] [1790604555.417273983] [uav3.mavros.sys]: VER: 3.1: VID/PID:             0000:0000
[INFO] [1790604555.417279306] [uav3.mavros.sys]: VER: 3.1: UID:                 4954414c44494e51
[WARN] [1790604567.374399955] [uav3.mavros.sys]: FCU: UNK(8): EVENT 11047904 with args -0-0-0-0-0-128-0-0-0-176-122-127-128-176-122-127-128-0-0-0-0-0-0-0-0-0-0-0-0-0-0-0-0-0-0-0-0-0-0-0-
[INFO] [1790604567.389507115] [uav3.mavros.sys]: FCU: EVENT 377561 with args -8-0-0-0-20-0-0-0-0-0-0-0-0-0-0-0-0-0-0-0-0-0-0-0-0-0-0-0-0-0-0-0-0-0-0-0-0-0-0-0-
[WARN] [1790604567.389549296] [uav3.mavros.sys]: FCU: EVENT 453929 with args -255-255-255-255-7-0-0-0-0-0-0-0-0-0-0-0-0-0-0-0-0-0-0-0-0-0-0-0-0-0-0-0-0-0-0-0-0-0-0-0-
[INFO] [1790604567.389588248] [uav3.mavros.sys]: FCU: EVENT 6801787 with args -255-255-255-255-12-0-0-0-0-0-0-0-0-0-0-0-0-0-0-0-0-0-0-0-0-0-0-0-0-0-0-0-0-0-0-0-0-0-0-0-
[WARN] [1790604567.389627359] [uav3.mavros.sys]: FCU: UNK(8): EVENT 1914663 with args -0-10-13-2-56-0-0-0-0-0-0-0-0-0-0-0-0-0-0-0-0-0-0-0-0-0-0-0-0-0-0-0-0-0-0-0-0-0-0-0-
[WARN] [1790604568.600280855] [uav3.mavros.cmd]: CMD: Unexpected command 176, result 0
[INFO] [1790604569.216468731] [uav3.mavros.sys]: FCU: EVENT 9489139 with args -4-0-0-0-0-0-0-0-0-0-0-0-0-0-0-0-0-0-0-0-0-0-0-0-0-0-0-0-0-0-0-0-0-0-0-0-0-0-0-0-
[INFO] [1790604571.096103958] [uav3.mavros.sys]: FCU: EVENT 4277609 with args -0-0-0-0-0-0-0-0-0-0-0-0-0-0-0-0-0-0-0-0-0-0-0-0-0-0-0-0-0-0-0-0-0-0-0-0-0-0-0-0-
[WARN] [1790604829.726793508] [uav3.mavros.cmd]: CMD: Unexpected command 176, result 0
[INFO] [1790604862.321348180] [uav3.mavros.sys]: FCU: EVENT 9844908 with args -0-0-0-0-0-0-0-0-0-0-0-0-0-0-0-0-0-0-0-0-0-0-0-0-0-0-0-0-0-0-0-0-0-0-0-0-0-0-0-0-
[INFO] [1790604864.477300152] [uav3.mavros.sys]: FCU: EVENT 16017271 with args -6-0-0-0-0-0-0-0-0-0-0-0-0-0-0-0-0-0-0-0-0-0-0-0-0-0-0-0-0-0-0-0-0-0-0-0-0-0-0-0-
[WARN] [1790604868.014727230] [uav3.mavros.sys]: FCU: UNK(8): EVENT 11047904 with args -0-0-0-0-0-128-0-0-0-176-122-127-128-176-122-127-128-0-0-0-0-0-0-0-0-0-0-0-0-0-0-0-0-0-0-0-0-0-0-0-
[INFO] [1790604868.014862885] [uav3.mavros.sys]: FCU: EVENT 377561 with args -8-0-0-0-20-0-0-0-0-0-0-0-0-0-0-0-0-0-0-0-0-0-0-0-0-0-0-0-0-0-0-0-0-0-0-0-0-0-0-0-
[WARN] [1790604868.014896345] [uav3.mavros.sys]: FCU: EVENT 453929 with args -255-255-255-255-7-0-0-0-0-0-0-0-0-0-0-0-0-0-0-0-0-0-0-0-0-0-0-0-0-0-0-0-0-0-0-0-0-0-0-0-
[INFO] [1790604868.014952075] [uav3.mavros.sys]: FCU: EVENT 6801787 with args -255-255-255-255-12-0-0-0-0-0-0-0-0-0-0-0-0-0-0-0-0-0-0-0-0-0-0-0-0-0-0-0-0-0-0-0-0-0-0-0-
[WARN] [1790604868.014985483] [uav3.mavros.sys]: FCU: UNK(8): EVENT 1914663 with args -0-10-9-2-56-0-0-0-0-0-0-0-0-0-0-0-0-0-0-0-0-0-0-0-0-0-0-0-0-0-0-0-0-0-0-0-0-0-0-0-
[INFO] [1790604869.398531389] [rclcpp]: signal_handler(SIGINT/SIGTERM)
[WARN] [1790604869.400245926] [uav3.mavros]: UAS Executor terminated
