[INFO] [1790494307.774754830] [uav3.mavros_node]: Starting mavros_node container
[INFO] [1790494307.776630431] [uav3.mavros_node]: FCU URL: udp://:14542@127.0.0.1:14582
[INFO] [1790494307.776688915] [uav3.mavros_node]: GCS URL: 
[INFO] [1790494307.776706229] [uav3.mavros_node]: UAS Prefix: /uas3
[INFO] [1790494307.776720550] [uav3.mavros_node]: Starting mavros router node
[INFO] [1790494308.196471388] [uav3.mavros_router]: Built-in SIMD instructions: SSE, SSE2
[INFO] [1790494308.197185382] [uav3.mavros_router]: Built-in MAVLink package version: 2026.8.8
[INFO] [1790494308.197248756] [uav3.mavros_router]: Known MAVLink dialects: common ardupilotmega ASLUAV AVSSUAS all csAirLink cubepilot development icarous loweheiser marsh paparazzi standard stemstudios storm32 uAvionix ualberta
[INFO] [1790494308.197293017] [uav3.mavros_router]: MAVROS Router started
[INFO] [1790494308.197616034] [uav3.mavros_node]: Starting mavros uas node
[INFO] [1790494308.590179145] [uav3.mavros_router]: Requested to add endpoint: type: 0, url: udp://:14542@127.0.0.1:14582
[INFO] [1790494308.590312188] [uav3.mavros_router]: Endpoint link[1000] created
[INFO] [1790494308.591675926] [uav3.mavros_router]: link[1000] opened successfully
[INFO] [1790494308.591734871] [uav3.mavros_router]: Requested to add endpoint: type: 2, url: /uas3
[INFO] [1790494308.591776420] [uav3.mavros_router]: Endpoint link[1001] created
[INFO] [1790494308.597158775] [uav3.mavros_router]: link[1000] detected remote address 3.1
[INFO] [1790494308.609132708] [uav3.mavros]: Plugin actuator_control ignored
[INFO] [1790494308.609233921] [uav3.mavros]: Plugin altitude ignored
[INFO] [1790494308.609364628] [uav3.mavros]: UAS Executor started, threads: 4
[INFO] [1790494308.945409540] [uav3.mavros_router]: link[1001] opened successfully
[INFO] [1790494309.997050890] [uav3.mavros]: Plugin command created
[INFO] [1790494310.007063286] [uav3.mavros]: Plugin command initialized
[INFO] [1790494310.007160144] [uav3.mavros]: Plugin ftp ignored
[INFO] [1790494310.007183919] [uav3.mavros]: Plugin geofence ignored
[INFO] [1790494311.284767881] [uav3.mavros]: Plugin global_position created
[INFO] [1790494311.284888221] [uav3.mavros]: Plugin global_position initialized
[INFO] [1790494311.306872891] [uav3.mavros]: Plugin home_position ignored
[INFO] [1790494311.306900139] [uav3.mavros]: Plugin imu ignored
[INFO] [1790494312.051414232] [uav3.mavros]: Plugin local_position created
[INFO] [1790494312.051535501] [uav3.mavros]: Plugin local_position initialized
[INFO] [1790494312.051560426] [uav3.mavros]: Plugin manual_control ignored
[INFO] [1790494312.051573605] [uav3.mavros]: Plugin nav_controller_output ignored
[INFO] [1790494312.051586351] [uav3.mavros]: Plugin param ignored
[INFO] [1790494312.051598893] [uav3.mavros]: Plugin rallypoint ignored
[INFO] [1790494312.051611133] [uav3.mavros]: Plugin rc_io ignored
[INFO] [1790494312.051623841] [uav3.mavros]: Plugin setpoint_accel ignored
[INFO] [1790494312.051636917] [uav3.mavros]: Plugin setpoint_attitude ignored
[INFO] [1790494312.051649531] [uav3.mavros]: Plugin setpoint_position ignored
[INFO] [1790494312.051660891] [uav3.mavros]: Plugin setpoint_raw ignored
[INFO] [1790494312.051674031] [uav3.mavros]: Plugin setpoint_trajectory ignored
[INFO] [1790494313.221957399] [uav3.mavros]: Plugin setpoint_velocity created
[INFO] [1790494313.222065140] [uav3.mavros]: Plugin setpoint_velocity initialized
[INFO] [1790494315.159662579] [uav3.mavros]: Plugin sys_status created
[INFO] [1790494315.159892879] [uav3.mavros]: Plugin sys_status initialized
[INFO] [1790494316.329023425] [uav3.mavros.time]: TM: Timesync mode: MAVLINK
[INFO] [1790494316.365542479] [uav3.mavros]: Plugin sys_time created
[INFO] [1790494316.365662519] [uav3.mavros]: Plugin sys_time initialized
[INFO] [1790494316.365689865] [uav3.mavros]: Plugin waypoint ignored
[INFO] [1790494316.365706288] [uav3.mavros]: Plugin wind_estimation ignored
[INFO] [1790494316.453153479] [uav3.mavros]: Built-in SIMD instructions: SSE, SSE2
[INFO] [1790494316.453263913] [uav3.mavros]: Built-in MAVLink package version: 2026.8.8
[INFO] [1790494316.453311720] [uav3.mavros]: Known MAVLink dialects: common ardupilotmega ASLUAV AVSSUAS all csAirLink cubepilot development icarous loweheiser marsh paparazzi standard stemstudios storm32 uAvionix ualberta
[INFO] [1790494316.453332106] [uav3.mavros]: MAVROS UAS via /uas3 started. MY ID 3.191, TARGET ID 3.1
[INFO] [1790494316.647537301] [uav3.mavros_router]: link[1001] detected remote address 3.191
[INFO] [1790494316.906633351] [uav3.mavros]: CON: Got HEARTBEAT, connected. FCU: PX4 Autopilot
[INFO] [1790494317.995744087] [uav3.mavros.sys]: VER: 3.1: Capabilities         0x000000000000e8ff
[INFO] [1790494317.996807071] [uav3.mavros.sys]: VER: 3.1: Flight software:     011200c0 (fca3df865a000000)
[INFO] [1790494317.997577555] [uav3.mavros.sys]: VER: 3.1: Middleware software: 011200c0 (fca3df865a000000)
[INFO] [1790494317.997635302] [uav3.mavros.sys]: VER: 3.1: OS software:         070000ff (17040b9f87cb1791)
[INFO] [1790494317.997651248] [uav3.mavros.sys]: VER: 3.1: Board hardware:      00000001
[INFO] [1790494317.997671431] [uav3.mavros.sys]: VER: 3.1: VID/PID:             0000:0000
[INFO] [1790494317.997686266] [uav3.mavros.sys]: VER: 3.1: UID:                 4954414c44494e51
[WARN] [1790494318.000711364] [uav3.mavros.cmd]: CMD: Unexpected command 512, result 0
[WARN] [1790494337.188794631] [uav3.mavros.sys]: FCU: UNK(8): EVENT 11047904 with args -0-0-0-0-0-128-0-0-0-176-122-127-128-176-122-127-128-0-0-0-0-0-0-0-0-0-0-0-0-0-0-0-0-0-0-0-0-0-0-0-
[INFO] [1790494337.189067276] [uav3.mavros.sys]: FCU: EVENT 377561 with args -8-0-0-0-20-0-0-0-0-0-0-0-0-0-0-0-0-0-0-0-0-0-0-0-0-0-0-0-0-0-0-0-0-0-0-0-0-0-0-0-
[WARN] [1790494337.198969353] [uav3.mavros.sys]: FCU: EVENT 453929 with args -255-255-255-255-7-0-0-0-0-0-0-0-0-0-0-0-0-0-0-0-0-0-0-0-0-0-0-0-0-0-0-0-0-0-0-0-0-0-0-0-
[INFO] [1790494337.210416232] [uav3.mavros.sys]: FCU: EVENT 6801787 with args -255-255-255-255-12-0-0-0-0-0-0-0-0-0-0-0-0-0-0-0-0-0-0-0-0-0-0-0-0-0-0-0-0-0-0-0-0-0-0-0-
[WARN] [1790494337.213934175] [uav3.mavros.sys]: FCU: UNK(8): EVENT 1914663 with args -0-10-13-2-56-0-0-0-0-0-0-0-0-0-0-0-0-0-0-0-0-0-0-0-0-0-0-0-0-0-0-0-0-0-0-0-0-0-0-0-
[WARN] [1790494363.215337820] [uav3.mavros.cmd]: CMD: Unexpected command 176, result 0
[INFO] [1790494364.055166486] [uav3.mavros.sys]: FCU: EVENT 9489139 with args -4-0-0-0-0-0-0-0-0-0-0-0-0-0-0-0-0-0-0-0-0-0-0-0-0-0-0-0-0-0-0-0-0-0-0-0-0-0-0-0-
[INFO] [1790494367.087816948] [uav3.mavros.sys]: FCU: EVENT 4277609 with args -0-0-0-0-0-0-0-0-0-0-0-0-0-0-0-0-0-0-0-0-0-0-0-0-0-0-0-0-0-0-0-0-0-0-0-0-0-0-0-0-
[WARN] [1790494698.621132542] [uav3.mavros.cmd]: CMD: Unexpected command 176, result 0
[INFO] [1790494742.899418868] [uav3.mavros.sys]: FCU: EVENT 9844908 with args -0-0-0-0-0-0-0-0-0-0-0-0-0-0-0-0-0-0-0-0-0-0-0-0-0-0-0-0-0-0-0-0-0-0-0-0-0-0-0-0-
[INFO] [1790494745.781672249] [uav3.mavros.sys]: FCU: EVENT 16017271 with args -6-0-0-0-0-0-0-0-0-0-0-0-0-0-0-0-0-0-0-0-0-0-0-0-0-0-0-0-0-0-0-0-0-0-0-0-0-0-0-0-
[WARN] [1790494750.613564209] [uav3.mavros.sys]: FCU: UNK(8): EVENT 11047904 with args -0-0-0-0-0-128-0-0-0-176-122-127-128-176-122-127-128-0-0-0-0-0-0-0-0-0-0-0-0-0-0-0-0-0-0-0-0-0-0-0-
[INFO] [1790494750.613768591] [uav3.mavros.sys]: FCU: EVENT 377561 with args -8-0-0-0-20-0-0-0-0-0-0-0-0-0-0-0-0-0-0-0-0-0-0-0-0-0-0-0-0-0-0-0-0-0-0-0-0-0-0-0-
[WARN] [1790494750.613871106] [uav3.mavros.sys]: FCU: EVENT 453929 with args -255-255-255-255-7-0-0-0-0-0-0-0-0-0-0-0-0-0-0-0-0-0-0-0-0-0-0-0-0-0-0-0-0-0-0-0-0-0-0-0-
[INFO] [1790494750.613966474] [uav3.mavros.sys]: FCU: EVENT 6801787 with args -255-255-255-255-12-0-0-0-0-0-0-0-0-0-0-0-0-0-0-0-0-0-0-0-0-0-0-0-0-0-0-0-0-0-0-0-0-0-0-0-
[WARN] [1790494750.625323875] [uav3.mavros.sys]: FCU: UNK(8): EVENT 1914663 with args -0-10-9-2-56-0-0-0-0-0-0-0-0-0-0-0-0-0-0-0-0-0-0-0-0-0-0-0-0-0-0-0-0-0-0-0-0-0-0-0-
[WARN] [1790494757.346692762] [uav3.mavros.sys]: FCU: UNK(8): EVENT 11047904 with args -0-0-0-16-0-128-0-0-0-176-58-127-128-176-58-127-128-0-0-0-0-0-0-0-0-0-0-0-0-0-0-0-0-0-0-0-0-0-0-0-
[ERROR] [1790494757.349185703] [uav3.mavros.sys]: FCU: EVENT 11464574 with args -0-64-0-0-20-0-0-0-0-0-0-0-0-0-0-0-0-0-0-0-0-0-0-0-0-0-0-0-0-0-0-0-0-0-0-0-0-0-0-0-
[INFO] [1790494757.361298891] [uav3.mavros.sys]: FCU: EVENT 377561 with args -8-0-0-0-20-0-0-0-0-0-0-0-0-0-0-0-0-0-0-0-0-0-0-0-0-0-0-0-0-0-0-0-0-0-0-0-0-0-0-0-
[WARN] [1790494757.362635077] [uav3.mavros.sys]: FCU: EVENT 453929 with args -255-255-255-255-7-0-0-0-0-0-0-0-0-0-0-0-0-0-0-0-0-0-0-0-0-0-0-0-0-0-0-0-0-0-0-0-0-0-0-0-
[INFO] [1790494757.362794494] [uav3.mavros.sys]: FCU: EVENT 6801787 with args -255-255-255-255-12-0-0-0-0-0-0-0-0-0-0-0-0-0-0-0-0-0-0-0-0-0-0-0-0-0-0-0-0-0-0-0-0-0-0-0-
[WARN] [1790494757.374042982] [uav3.mavros.sys]: FCU: UNK(8): EVENT 1914663 with args -0-10-9-2-56-0-0-0-0-0-0-0-0-0-0-0-0-0-0-0-0-0-0-0-0-0-0-0-0-0-0-0-0-0-0-0-0-0-0-0-
[WARN] [1790494757.374661546] [uav3.mavros.sys]: FCU: EVENT 13277401 with args -0-0-6-0-0-0-0-0-0-0-0-0-0-0-0-0-0-0-0-0-0-0-0-0-0-0-0-0-0-0-0-0-0-0-0-0-0-0-0-0-
[INFO] [1790494758.045632298] [rclcpp]: signal_handler(SIGINT/SIGTERM)
[WARN] [1790494758.082089094] [uav3.mavros]: UAS Executor terminated
