[INFO] [1790494307.547885772] [uav2.mavros_node]: Starting mavros_node container
[INFO] [1790494307.549709157] [uav2.mavros_node]: FCU URL: udp://:14541@127.0.0.1:14581
[INFO] [1790494307.549766380] [uav2.mavros_node]: GCS URL: 
[INFO] [1790494307.549780584] [uav2.mavros_node]: UAS Prefix: /uas2
[INFO] [1790494307.549792583] [uav2.mavros_node]: Starting mavros router node
[INFO] [1790494307.790475545] [uav2.mavros_router]: Built-in SIMD instructions: SSE, SSE2
[INFO] [1790494307.791071733] [uav2.mavros_router]: Built-in MAVLink package version: 2026.8.8
[INFO] [1790494307.792753153] [uav2.mavros_router]: Known MAVLink dialects: common ardupilotmega ASLUAV AVSSUAS all csAirLink cubepilot development icarous loweheiser marsh paparazzi standard stemstudios storm32 uAvionix ualberta
[INFO] [1790494307.795083405] [uav2.mavros_router]: MAVROS Router started
[INFO] [1790494307.798940685] [uav2.mavros_node]: Starting mavros uas node
[INFO] [1790494308.707935202] [uav2.mavros_router]: Requested to add endpoint: type: 0, url: udp://:14541@127.0.0.1:14581
[INFO] [1790494308.711655344] [uav2.mavros_router]: Endpoint link[1000] created
[INFO] [1790494308.714763503] [uav2.mavros_router]: link[1000] opened successfully
[INFO] [1790494308.714823749] [uav2.mavros_router]: Requested to add endpoint: type: 2, url: /uas2
[INFO] [1790494308.714879161] [uav2.mavros_router]: Endpoint link[1001] created
[INFO] [1790494308.711484672] [uav2.mavros]: UAS Executor started, threads: 4
[INFO] [1790494308.718657877] [uav2.mavros_router]: link[1000] detected remote address 2.1
[INFO] [1790494308.711430974] [uav2.mavros]: Plugin actuator_control ignored
[INFO] [1790494308.722726053] [uav2.mavros]: Plugin altitude ignored
[INFO] [1790494308.945815505] [uav2.mavros_router]: link[1001] opened successfully
[INFO] [1790494309.811931918] [uav2.mavros]: Plugin command created
[INFO] [1790494309.812530564] [uav2.mavros]: Plugin command initialized
[INFO] [1790494309.812583252] [uav2.mavros]: Plugin ftp ignored
[INFO] [1790494309.812602416] [uav2.mavros]: Plugin geofence ignored
[INFO] [1790494310.688816981] [uav2.mavros]: Plugin global_position created
[INFO] [1790494310.688956976] [uav2.mavros]: Plugin global_position initialized
[INFO] [1790494310.688995317] [uav2.mavros]: Plugin home_position ignored
[INFO] [1790494310.689011742] [uav2.mavros]: Plugin imu ignored
[INFO] [1790494311.479823985] [uav2.mavros]: Plugin local_position created
[INFO] [1790494311.479979595] [uav2.mavros]: Plugin local_position initialized
[INFO] [1790494311.480022887] [uav2.mavros]: Plugin manual_control ignored
[INFO] [1790494311.480054717] [uav2.mavros]: Plugin nav_controller_output ignored
[INFO] [1790494311.480071060] [uav2.mavros]: Plugin param ignored
[INFO] [1790494311.480092682] [uav2.mavros]: Plugin rallypoint ignored
[INFO] [1790494311.480108241] [uav2.mavros]: Plugin rc_io ignored
[INFO] [1790494311.480132215] [uav2.mavros]: Plugin setpoint_accel ignored
[INFO] [1790494311.480147818] [uav2.mavros]: Plugin setpoint_attitude ignored
[INFO] [1790494311.480166434] [uav2.mavros]: Plugin setpoint_position ignored
[INFO] [1790494311.480181808] [uav2.mavros]: Plugin setpoint_raw ignored
[INFO] [1790494311.480196779] [uav2.mavros]: Plugin setpoint_trajectory ignored
[INFO] [1790494312.169985956] [uav2.mavros]: Plugin setpoint_velocity created
[INFO] [1790494312.170090594] [uav2.mavros]: Plugin setpoint_velocity initialized
[INFO] [1790494313.785179230] [uav2.mavros]: Plugin sys_status created
[INFO] [1790494313.787108287] [uav2.mavros]: Plugin sys_status initialized
[INFO] [1790494314.487948834] [uav2.mavros.time]: TM: Timesync mode: MAVLINK
[INFO] [1790494314.634301036] [uav2.mavros]: Plugin sys_time created
[INFO] [1790494314.634423113] [uav2.mavros]: Plugin sys_time initialized
[INFO] [1790494314.634449392] [uav2.mavros]: Plugin waypoint ignored
[INFO] [1790494314.634465299] [uav2.mavros]: Plugin wind_estimation ignored
[INFO] [1790494314.699243723] [uav2.mavros]: Built-in SIMD instructions: SSE, SSE2
[INFO] [1790494314.701102470] [uav2.mavros]: Built-in MAVLink package version: 2026.8.8
[INFO] [1790494314.701182615] [uav2.mavros]: Known MAVLink dialects: common ardupilotmega ASLUAV AVSSUAS all csAirLink cubepilot development icarous loweheiser marsh paparazzi standard stemstudios storm32 uAvionix ualberta
[INFO] [1790494314.701206616] [uav2.mavros]: MAVROS UAS via /uas2 started. MY ID 2.191, TARGET ID 2.1
[INFO] [1790494314.769503545] [uav2.mavros_router]: link[1001] detected remote address 2.191
[INFO] [1790494314.941102646] [uav2.mavros.sys]: VER: 2.1: Capabilities         0x000000000000e8ff
[INFO] [1790494314.941218109] [uav2.mavros.sys]: VER: 2.1: Flight software:     011200c0 (fca3df865a000000)
[INFO] [1790494314.941243190] [uav2.mavros.sys]: VER: 2.1: Middleware software: 011200c0 (fca3df865a000000)
[INFO] [1790494314.941263276] [uav2.mavros.sys]: VER: 2.1: OS software:         070000ff (17040b9f87cb1791)
[INFO] [1790494314.941279862] [uav2.mavros.sys]: VER: 2.1: Board hardware:      00000001
[INFO] [1790494314.941294183] [uav2.mavros.sys]: VER: 2.1: VID/PID:             0000:0000
[INFO] [1790494314.941315651] [uav2.mavros.sys]: VER: 2.1: UID:                 4954414c44494e50
[WARN] [1790494314.941475955] [uav2.mavros.cmd]: CMD: Unexpected command 512, result 0
[INFO] [1790494315.170168397] [uav2.mavros]: CON: Got HEARTBEAT, connected. FCU: PX4 Autopilot
[INFO] [1790494316.326198837] [uav2.mavros.sys]: VER: 2.1: Capabilities         0x000000000000e8ff
[INFO] [1790494316.326305760] [uav2.mavros.sys]: VER: 2.1: Flight software:     011200c0 (fca3df865a000000)
[INFO] [1790494316.326325935] [uav2.mavros.sys]: VER: 2.1: Middleware software: 011200c0 (fca3df865a000000)
[INFO] [1790494316.326339934] [uav2.mavros.sys]: VER: 2.1: OS software:         070000ff (17040b9f87cb1791)
[INFO] [1790494316.326354017] [uav2.mavros.sys]: VER: 2.1: Board hardware:      00000001
[INFO] [1790494316.326369787] [uav2.mavros.sys]: VER: 2.1: VID/PID:             0000:0000
[INFO] [1790494316.326386967] [uav2.mavros.sys]: VER: 2.1: UID:                 4954414c44494e50
[WARN] [1790494362.236247038] [uav2.mavros.sys]: FCU: UNK(8): EVENT 11047904 with args -0-0-0-0-0-128-0-0-0-176-122-127-128-176-122-127-128-0-0-0-0-0-0-0-0-0-0-0-0-0-0-0-0-0-0-0-0-0-0-0-
[INFO] [1790494362.262485239] [uav2.mavros.sys]: FCU: EVENT 377561 with args -8-0-0-0-20-0-0-0-0-0-0-0-0-0-0-0-0-0-0-0-0-0-0-0-0-0-0-0-0-0-0-0-0-0-0-0-0-0-0-0-
[WARN] [1790494362.265042150] [uav2.mavros.sys]: FCU: EVENT 453929 with args -255-255-255-255-7-0-0-0-0-0-0-0-0-0-0-0-0-0-0-0-0-0-0-0-0-0-0-0-0-0-0-0-0-0-0-0-0-0-0-0-
[INFO] [1790494362.280876643] [uav2.mavros.sys]: FCU: EVENT 6801787 with args -255-255-255-255-12-0-0-0-0-0-0-0-0-0-0-0-0-0-0-0-0-0-0-0-0-0-0-0-0-0-0-0-0-0-0-0-0-0-0-0-
[WARN] [1790494362.287724535] [uav2.mavros.sys]: FCU: UNK(8): EVENT 1914663 with args -0-10-13-2-56-0-0-0-0-0-0-0-0-0-0-0-0-0-0-0-0-0-0-0-0-0-0-0-0-0-0-0-0-0-0-0-0-0-0-0-
[WARN] [1790494364.295314426] [uav2.mavros.cmd]: CMD: Unexpected command 176, result 0
[INFO] [1790494365.629571952] [uav2.mavros.sys]: FCU: EVENT 9489139 with args -4-0-0-0-0-0-0-0-0-0-0-0-0-0-0-0-0-0-0-0-0-0-0-0-0-0-0-0-0-0-0-0-0-0-0-0-0-0-0-0-
[INFO] [1790494368.440261950] [uav2.mavros.sys]: FCU: EVENT 4277609 with args -0-0-0-0-0-0-0-0-0-0-0-0-0-0-0-0-0-0-0-0-0-0-0-0-0-0-0-0-0-0-0-0-0-0-0-0-0-0-0-0-
[WARN] [1790494698.377595764] [uav2.mavros.cmd]: CMD: Unexpected command 176, result 0
[INFO] [1790494740.747294036] [uav2.mavros.sys]: FCU: EVENT 9844908 with args -0-0-0-0-0-0-0-0-0-0-0-0-0-0-0-0-0-0-0-0-0-0-0-0-0-0-0-0-0-0-0-0-0-0-0-0-0-0-0-0-
[INFO] [1790494743.507842976] [uav2.mavros.sys]: FCU: EVENT 16017271 with args -6-0-0-0-0-0-0-0-0-0-0-0-0-0-0-0-0-0-0-0-0-0-0-0-0-0-0-0-0-0-0-0-0-0-0-0-0-0-0-0-
[WARN] [1790494748.522425206] [uav2.mavros.sys]: FCU: UNK(8): EVENT 11047904 with args -0-0-0-0-0-128-0-0-0-176-122-127-128-176-122-127-128-0-0-0-0-0-0-0-0-0-0-0-0-0-0-0-0-0-0-0-0-0-0-0-
[INFO] [1790494748.522653747] [uav2.mavros.sys]: FCU: EVENT 377561 with args -8-0-0-0-20-0-0-0-0-0-0-0-0-0-0-0-0-0-0-0-0-0-0-0-0-0-0-0-0-0-0-0-0-0-0-0-0-0-0-0-
[WARN] [1790494748.522758340] [uav2.mavros.sys]: FCU: EVENT 453929 with args -255-255-255-255-7-0-0-0-0-0-0-0-0-0-0-0-0-0-0-0-0-0-0-0-0-0-0-0-0-0-0-0-0-0-0-0-0-0-0-0-
[INFO] [1790494748.522898951] [uav2.mavros.sys]: FCU: EVENT 6801787 with args -255-255-255-255-12-0-0-0-0-0-0-0-0-0-0-0-0-0-0-0-0-0-0-0-0-0-0-0-0-0-0-0-0-0-0-0-0-0-0-0-
[WARN] [1790494748.522992661] [uav2.mavros.sys]: FCU: UNK(8): EVENT 1914663 with args -0-10-9-2-56-0-0-0-0-0-0-0-0-0-0-0-0-0-0-0-0-0-0-0-0-0-0-0-0-0-0-0-0-0-0-0-0-0-0-0-
[WARN] [1790494757.285762471] [uav2.mavros.sys]: FCU: UNK(8): EVENT 11047904 with args -0-0-0-16-0-128-0-0-0-176-58-127-128-176-58-127-128-0-0-0-0-0-0-0-0-0-0-0-0-0-0-0-0-0-0-0-0-0-0-0-
[ERROR] [1790494757.285979686] [uav2.mavros.sys]: FCU: EVENT 11464574 with args -0-64-0-0-20-0-0-0-0-0-0-0-0-0-0-0-0-0-0-0-0-0-0-0-0-0-0-0-0-0-0-0-0-0-0-0-0-0-0-0-
[INFO] [1790494757.286177664] [uav2.mavros.sys]: FCU: EVENT 377561 with args -8-0-0-0-20-0-0-0-0-0-0-0-0-0-0-0-0-0-0-0-0-0-0-0-0-0-0-0-0-0-0-0-0-0-0-0-0-0-0-0-
[WARN] [1790494757.300591397] [uav2.mavros.sys]: FCU: EVENT 453929 with args -255-255-255-255-7-0-0-0-0-0-0-0-0-0-0-0-0-0-0-0-0-0-0-0-0-0-0-0-0-0-0-0-0-0-0-0-0-0-0-0-
[INFO] [1790494757.313713484] [uav2.mavros.sys]: FCU: EVENT 6801787 with args -255-255-255-255-12-0-0-0-0-0-0-0-0-0-0-0-0-0-0-0-0-0-0-0-0-0-0-0-0-0-0-0-0-0-0-0-0-0-0-0-
[WARN] [1790494757.315059296] [uav2.mavros.sys]: FCU: UNK(8): EVENT 1914663 with args -0-10-9-2-56-0-0-0-0-0-0-0-0-0-0-0-0-0-0-0-0-0-0-0-0-0-0-0-0-0-0-0-0-0-0-0-0-0-0-0-
[WARN] [1790494757.315344475] [uav2.mavros.sys]: FCU: EVENT 13277401 with args -0-0-6-0-0-0-0-0-0-0-0-0-0-0-0-0-0-0-0-0-0-0-0-0-0-0-0-0-0-0-0-0-0-0-0-0-0-0-0-0-
[INFO] [1790494758.014982585] [rclcpp]: signal_handler(SIGINT/SIGTERM)
[WARN] [1790494758.031330288] [uav2.mavros]: UAS Executor terminated
