[INFO] [1790494307.392636586] [uav8.mavros_node]: Starting mavros_node container
[INFO] [1790494307.394408203] [uav8.mavros_node]: FCU URL: udp://:14547@127.0.0.1:14587
[INFO] [1790494307.394459581] [uav8.mavros_node]: GCS URL: 
[INFO] [1790494307.394476361] [uav8.mavros_node]: UAS Prefix: /uas8
[INFO] [1790494307.394488937] [uav8.mavros_node]: Starting mavros router node
[INFO] [1790494307.903435890] [uav8.mavros_router]: Built-in SIMD instructions: SSE, SSE2
[INFO] [1790494307.903523106] [uav8.mavros_router]: Built-in MAVLink package version: 2026.8.8
[INFO] [1790494307.903562104] [uav8.mavros_router]: Known MAVLink dialects: common ardupilotmega ASLUAV AVSSUAS all csAirLink cubepilot development icarous loweheiser marsh paparazzi standard stemstudios storm32 uAvionix ualberta
[INFO] [1790494307.903587721] [uav8.mavros_router]: MAVROS Router started
[INFO] [1790494307.903902832] [uav8.mavros_node]: Starting mavros uas node
[INFO] [1790494308.683317310] [uav8.mavros_router]: Requested to add endpoint: type: 0, url: udp://:14547@127.0.0.1:14587
[INFO] [1790494308.686318234] [uav8.mavros_router]: Endpoint link[1000] created
[INFO] [1790494308.687456765] [uav8.mavros]: UAS Executor started, threads: 4
[INFO] [1790494308.688124162] [uav8.mavros]: Plugin actuator_control ignored
[INFO] [1790494308.695395087] [uav8.mavros]: Plugin altitude ignored
[INFO] [1790494308.695897140] [uav8.mavros_router]: link[1000] opened successfully
[INFO] [1790494308.695953409] [uav8.mavros_router]: Requested to add endpoint: type: 2, url: /uas8
[INFO] [1790494308.701561996] [uav8.mavros_router]: Endpoint link[1001] created
[INFO] [1790494308.698477400] [uav8.mavros_router]: link[1000] detected remote address 8.1
[INFO] [1790494308.906359623] [uav8.mavros_router]: link[1001] opened successfully
[INFO] [1790494309.904371907] [uav8.mavros]: Plugin command created
[INFO] [1790494309.906208889] [uav8.mavros]: Plugin command initialized
[INFO] [1790494309.906287363] [uav8.mavros]: Plugin ftp ignored
[INFO] [1790494309.906307643] [uav8.mavros]: Plugin geofence ignored
[INFO] [1790494310.733143583] [uav8.mavros]: Plugin global_position created
[INFO] [1790494310.733252076] [uav8.mavros]: Plugin global_position initialized
[INFO] [1790494310.733275805] [uav8.mavros]: Plugin home_position ignored
[INFO] [1790494310.733289622] [uav8.mavros]: Plugin imu ignored
[INFO] [1790494311.682645331] [uav8.mavros]: Plugin local_position created
[INFO] [1790494311.682764512] [uav8.mavros]: Plugin local_position initialized
[INFO] [1790494311.682788113] [uav8.mavros]: Plugin manual_control ignored
[INFO] [1790494311.682802744] [uav8.mavros]: Plugin nav_controller_output ignored
[INFO] [1790494311.682817580] [uav8.mavros]: Plugin param ignored
[INFO] [1790494311.682842932] [uav8.mavros]: Plugin rallypoint ignored
[INFO] [1790494311.682858334] [uav8.mavros]: Plugin rc_io ignored
[INFO] [1790494311.682901659] [uav8.mavros]: Plugin setpoint_accel ignored
[INFO] [1790494311.682920424] [uav8.mavros]: Plugin setpoint_attitude ignored
[INFO] [1790494311.682934630] [uav8.mavros]: Plugin setpoint_position ignored
[INFO] [1790494311.682949703] [uav8.mavros]: Plugin setpoint_raw ignored
[INFO] [1790494311.682964748] [uav8.mavros]: Plugin setpoint_trajectory ignored
[INFO] [1790494312.451106626] [uav8.mavros]: Plugin setpoint_velocity created
[INFO] [1790494312.451223680] [uav8.mavros]: Plugin setpoint_velocity initialized
[INFO] [1790494314.025780741] [uav8.mavros]: Plugin sys_status created
[INFO] [1790494314.025960523] [uav8.mavros]: Plugin sys_status initialized
[INFO] [1790494315.069623164] [uav8.mavros.time]: TM: Timesync mode: MAVLINK
[INFO] [1790494315.337367498] [uav8.mavros]: Plugin sys_time created
[INFO] [1790494315.337492986] [uav8.mavros]: Plugin sys_time initialized
[INFO] [1790494315.337526053] [uav8.mavros]: Plugin waypoint ignored
[INFO] [1790494315.337541969] [uav8.mavros]: Plugin wind_estimation ignored
[INFO] [1790494315.418304698] [uav8.mavros]: Built-in SIMD instructions: SSE, SSE2
[INFO] [1790494315.418378412] [uav8.mavros]: Built-in MAVLink package version: 2026.8.8
[INFO] [1790494315.418415806] [uav8.mavros]: Known MAVLink dialects: common ardupilotmega ASLUAV AVSSUAS all csAirLink cubepilot development icarous loweheiser marsh paparazzi standard stemstudios storm32 uAvionix ualberta
[INFO] [1790494315.418437359] [uav8.mavros]: MAVROS UAS via /uas8 started. MY ID 8.191, TARGET ID 8.1
[INFO] [1790494315.479988244] [uav8.mavros_router]: link[1001] detected remote address 8.191
[INFO] [1790494316.207037935] [uav8.mavros.sys]: VER: 8.1: Capabilities         0x000000000000e8ff
[INFO] [1790494316.210207478] [uav8.mavros.sys]: VER: 8.1: Flight software:     011200c0 (fca3df865a000000)
[INFO] [1790494316.212207935] [uav8.mavros.sys]: VER: 8.1: Middleware software: 011200c0 (fca3df865a000000)
[INFO] [1790494316.212270437] [uav8.mavros.sys]: VER: 8.1: OS software:         070000ff (17040b9f87cb1791)
[INFO] [1790494316.212288393] [uav8.mavros.sys]: VER: 8.1: Board hardware:      00000001
[INFO] [1790494316.212303501] [uav8.mavros.sys]: VER: 8.1: VID/PID:             0000:0000
[INFO] [1790494316.212319267] [uav8.mavros.sys]: VER: 8.1: UID:                 4954414c44494e56
[WARN] [1790494316.212655732] [uav8.mavros.cmd]: CMD: Unexpected command 512, result 0
[WARN] [1790494316.269625088] [uav8.mavros.sys]: VER: broadcast request timeout, retries left 4
[INFO] [1790494316.471971805] [uav8.mavros]: CON: Got HEARTBEAT, connected. FCU: PX4 Autopilot
[INFO] [1790494317.563938991] [uav8.mavros.sys]: VER: 8.1: Capabilities         0x000000000000e8ff
[INFO] [1790494317.564040416] [uav8.mavros.sys]: VER: 8.1: Flight software:     011200c0 (fca3df865a000000)
[INFO] [1790494317.566292073] [uav8.mavros.sys]: VER: 8.1: Middleware software: 011200c0 (fca3df865a000000)
[INFO] [1790494317.566451408] [uav8.mavros.sys]: VER: 8.1: OS software:         070000ff (17040b9f87cb1791)
[INFO] [1790494317.566622076] [uav8.mavros.sys]: VER: 8.1: Board hardware:      00000001
[INFO] [1790494317.566655572] [uav8.mavros.sys]: VER: 8.1: VID/PID:             0000:0000
[INFO] [1790494317.566687704] [uav8.mavros.sys]: VER: 8.1: UID:                 4954414c44494e56
[WARN] [1790494351.587046593] [uav8.mavros.sys]: FCU: UNK(8): EVENT 11047904 with args -0-0-0-0-0-128-0-0-0-176-122-127-128-176-122-127-128-0-0-0-0-0-0-0-0-0-0-0-0-0-0-0-0-0-0-0-0-0-0-0-
[INFO] [1790494351.587490942] [uav8.mavros.sys]: FCU: EVENT 377561 with args -8-0-0-0-20-0-0-0-0-0-0-0-0-0-0-0-0-0-0-0-0-0-0-0-0-0-0-0-0-0-0-0-0-0-0-0-0-0-0-0-
[WARN] [1790494351.587577671] [uav8.mavros.sys]: FCU: EVENT 453929 with args -255-255-255-255-7-0-0-0-0-0-0-0-0-0-0-0-0-0-0-0-0-0-0-0-0-0-0-0-0-0-0-0-0-0-0-0-0-0-0-0-
[INFO] [1790494351.587675331] [uav8.mavros.sys]: FCU: EVENT 6801787 with args -255-255-255-255-12-0-0-0-0-0-0-0-0-0-0-0-0-0-0-0-0-0-0-0-0-0-0-0-0-0-0-0-0-0-0-0-0-0-0-0-
[WARN] [1790494351.587768868] [uav8.mavros.sys]: FCU: UNK(8): EVENT 1914663 with args -0-10-13-2-56-0-0-0-0-0-0-0-0-0-0-0-0-0-0-0-0-0-0-0-0-0-0-0-0-0-0-0-0-0-0-0-0-0-0-0-
[WARN] [1790494363.106292304] [uav8.mavros.cmd]: CMD: Unexpected command 176, result 0
[INFO] [1790494364.351073809] [uav8.mavros.sys]: FCU: EVENT 9489139 with args -4-0-0-0-0-0-0-0-0-0-0-0-0-0-0-0-0-0-0-0-0-0-0-0-0-0-0-0-0-0-0-0-0-0-0-0-0-0-0-0-
[INFO] [1790494366.744811981] [uav8.mavros.sys]: FCU: EVENT 4277609 with args -0-0-0-0-0-0-0-0-0-0-0-0-0-0-0-0-0-0-0-0-0-0-0-0-0-0-0-0-0-0-0-0-0-0-0-0-0-0-0-0-
[WARN] [1790494698.618670451] [uav8.mavros.cmd]: CMD: Unexpected command 176, result 0
[INFO] [1790494740.076601253] [uav8.mavros.sys]: FCU: EVENT 9844908 with args -0-0-0-0-0-0-0-0-0-0-0-0-0-0-0-0-0-0-0-0-0-0-0-0-0-0-0-0-0-0-0-0-0-0-0-0-0-0-0-0-
[INFO] [1790494742.725599352] [uav8.mavros.sys]: FCU: EVENT 16017271 with args -6-0-0-0-0-0-0-0-0-0-0-0-0-0-0-0-0-0-0-0-0-0-0-0-0-0-0-0-0-0-0-0-0-0-0-0-0-0-0-0-
[WARN] [1790494747.859085522] [uav8.mavros.sys]: FCU: UNK(8): EVENT 11047904 with args -0-0-0-0-0-128-0-0-0-176-122-127-128-176-122-127-128-0-0-0-0-0-0-0-0-0-0-0-0-0-0-0-0-0-0-0-0-0-0-0-
[INFO] [1790494747.865923459] [uav8.mavros.sys]: FCU: EVENT 377561 with args -8-0-0-0-20-0-0-0-0-0-0-0-0-0-0-0-0-0-0-0-0-0-0-0-0-0-0-0-0-0-0-0-0-0-0-0-0-0-0-0-
[WARN] [1790494747.869315698] [uav8.mavros.sys]: FCU: EVENT 453929 with args -255-255-255-255-7-0-0-0-0-0-0-0-0-0-0-0-0-0-0-0-0-0-0-0-0-0-0-0-0-0-0-0-0-0-0-0-0-0-0-0-
[INFO] [1790494747.870177659] [uav8.mavros.sys]: FCU: EVENT 6801787 with args -255-255-255-255-12-0-0-0-0-0-0-0-0-0-0-0-0-0-0-0-0-0-0-0-0-0-0-0-0-0-0-0-0-0-0-0-0-0-0-0-
[WARN] [1790494747.870320166] [uav8.mavros.sys]: FCU: UNK(8): EVENT 1914663 with args -0-10-9-2-56-0-0-0-0-0-0-0-0-0-0-0-0-0-0-0-0-0-0-0-0-0-0-0-0-0-0-0-0-0-0-0-0-0-0-0-
[WARN] [1790494757.442055593] [uav8.mavros.sys]: FCU: UNK(8): EVENT 11047904 with args -0-0-0-16-0-128-0-0-0-176-58-127-128-176-58-127-128-0-0-0-0-0-0-0-0-0-0-0-0-0-0-0-0-0-0-0-0-0-0-0-
[ERROR] [1790494757.442310867] [uav8.mavros.sys]: FCU: EVENT 11464574 with args -0-64-0-0-20-0-0-0-0-0-0-0-0-0-0-0-0-0-0-0-0-0-0-0-0-0-0-0-0-0-0-0-0-0-0-0-0-0-0-0-
[INFO] [1790494757.442423357] [uav8.mavros.sys]: FCU: EVENT 377561 with args -8-0-0-0-20-0-0-0-0-0-0-0-0-0-0-0-0-0-0-0-0-0-0-0-0-0-0-0-0-0-0-0-0-0-0-0-0-0-0-0-
[WARN] [1790494757.442516278] [uav8.mavros.sys]: FCU: EVENT 453929 with args -255-255-255-255-7-0-0-0-0-0-0-0-0-0-0-0-0-0-0-0-0-0-0-0-0-0-0-0-0-0-0-0-0-0-0-0-0-0-0-0-
[INFO] [1790494757.442607460] [uav8.mavros.sys]: FCU: EVENT 6801787 with args -255-255-255-255-12-0-0-0-0-0-0-0-0-0-0-0-0-0-0-0-0-0-0-0-0-0-0-0-0-0-0-0-0-0-0-0-0-0-0-0-
[WARN] [1790494757.442698426] [uav8.mavros.sys]: FCU: UNK(8): EVENT 1914663 with args -0-10-9-2-56-0-0-0-0-0-0-0-0-0-0-0-0-0-0-0-0-0-0-0-0-0-0-0-0-0-0-0-0-0-0-0-0-0-0-0-
[WARN] [1790494757.451286133] [uav8.mavros.sys]: FCU: EVENT 13277401 with args -0-0-6-0-0-0-0-0-0-0-0-0-0-0-0-0-0-0-0-0-0-0-0-0-0-0-0-0-0-0-0-0-0-0-0-0-0-0-0-0-
[INFO] [1790494758.017372579] [rclcpp]: signal_handler(SIGINT/SIGTERM)
[WARN] [1790494758.029253390] [uav8.mavros]: UAS Executor terminated
