[INFO] [1790612617.244499727] [uav4.mavros_node]: Starting mavros_node container
[INFO] [1790612617.244591839] [uav4.mavros_node]: FCU URL: udp://:14543@127.0.0.1:14583
[INFO] [1790612617.244599650] [uav4.mavros_node]: GCS URL: 
[INFO] [1790612617.244604226] [uav4.mavros_node]: UAS Prefix: /uas4
[INFO] [1790612617.244608533] [uav4.mavros_node]: Starting mavros router node
[INFO] [1790612617.339656748] [uav4.mavros_router]: Built-in SIMD instructions: SSE, SSE2
[INFO] [1790612617.339698839] [uav4.mavros_router]: Built-in MAVLink package version: 2026.8.8
[INFO] [1790612617.339707504] [uav4.mavros_router]: Known MAVLink dialects: common ardupilotmega ASLUAV AVSSUAS all csAirLink cubepilot development icarous loweheiser marsh paparazzi standard stemstudios storm32 uAvionix ualberta
[INFO] [1790612617.339713842] [uav4.mavros_router]: MAVROS Router started
[INFO] [1790612617.339860950] [uav4.mavros_node]: Starting mavros uas node
[INFO] [1790612617.579353477] [uav4.mavros_router]: Requested to add endpoint: type: 0, url: udp://:14543@127.0.0.1:14583
[INFO] [1790612617.579393155] [uav4.mavros_router]: Endpoint link[1000] created
[INFO] [1790612617.583672328] [uav4.mavros_router]: link[1000] opened successfully
[INFO] [1790612617.583709181] [uav4.mavros_router]: Requested to add endpoint: type: 2, url: /uas4
[INFO] [1790612617.583726658] [uav4.mavros_router]: Endpoint link[1001] created
[INFO] [1790612617.586922214] [uav4.mavros_router]: link[1000] detected remote address 4.1
[INFO] [1790612617.594019915] [uav4.mavros]: UAS Executor started, threads: 4
[INFO] [1790612617.594038851] [uav4.mavros]: Plugin actuator_control ignored
[INFO] [1790612617.595036969] [uav4.mavros]: Plugin altitude ignored
[INFO] [1790612617.651887066] [uav4.mavros_router]: link[1001] opened successfully
[INFO] [1790612617.862892257] [uav4.mavros]: Plugin command created
[INFO] [1790612617.869322944] [uav4.mavros]: Plugin command initialized
[INFO] [1790612617.869378842] [uav4.mavros]: Plugin ftp ignored
[INFO] [1790612617.869385893] [uav4.mavros]: Plugin geofence ignored
[INFO] [1790612618.092635957] [uav4.mavros]: Plugin global_position created
[INFO] [1790612618.092698753] [uav4.mavros]: Plugin global_position initialized
[INFO] [1790612618.092708699] [uav4.mavros]: Plugin home_position ignored
[INFO] [1790612618.092714953] [uav4.mavros]: Plugin imu ignored
[INFO] [1790612618.360471066] [uav4.mavros]: Plugin local_position created
[INFO] [1790612618.360548303] [uav4.mavros]: Plugin local_position initialized
[INFO] [1790612618.360558398] [uav4.mavros]: Plugin manual_control ignored
[INFO] [1790612618.360563544] [uav4.mavros]: Plugin nav_controller_output ignored
[INFO] [1790612618.360568474] [uav4.mavros]: Plugin param ignored
[INFO] [1790612618.360578113] [uav4.mavros]: Plugin rallypoint ignored
[INFO] [1790612618.360583104] [uav4.mavros]: Plugin rc_io ignored
[INFO] [1790612618.360587878] [uav4.mavros]: Plugin setpoint_accel ignored
[INFO] [1790612618.360592368] [uav4.mavros]: Plugin setpoint_attitude ignored
[INFO] [1790612618.360596950] [uav4.mavros]: Plugin setpoint_position ignored
[INFO] [1790612618.360601565] [uav4.mavros]: Plugin setpoint_raw ignored
[INFO] [1790612618.360606257] [uav4.mavros]: Plugin setpoint_trajectory ignored
[INFO] [1790612618.702664835] [uav4.mavros]: Plugin setpoint_velocity created
[INFO] [1790612618.702715711] [uav4.mavros]: Plugin setpoint_velocity initialized
[INFO] [1790612618.950930405] [uav4.mavros]: Plugin sys_status created
[INFO] [1790612618.951014682] [uav4.mavros]: Plugin sys_status initialized
[INFO] [1790612619.109612841] [uav4.mavros.time]: TM: Timesync mode: MAVLINK
[INFO] [1790612619.125516547] [uav4.mavros]: Plugin sys_time created
[INFO] [1790612619.125577686] [uav4.mavros]: Plugin sys_time initialized
[INFO] [1790612619.125587646] [uav4.mavros]: Plugin waypoint ignored
[INFO] [1790612619.125593908] [uav4.mavros]: Plugin wind_estimation ignored
[INFO] [1790612619.160233028] [uav4.mavros]: Built-in SIMD instructions: SSE, SSE2
[INFO] [1790612619.160271921] [uav4.mavros]: Built-in MAVLink package version: 2026.8.8
[INFO] [1790612619.160305713] [uav4.mavros]: Known MAVLink dialects: common ardupilotmega ASLUAV AVSSUAS all csAirLink cubepilot development icarous loweheiser marsh paparazzi standard stemstudios storm32 uAvionix ualberta
[INFO] [1790612619.160311909] [uav4.mavros]: MAVROS UAS via /uas4 started. MY ID 4.191, TARGET ID 4.1
[INFO] [1790612619.254947711] [uav4.mavros_router]: link[1001] detected remote address 4.191
[INFO] [1790612619.372335607] [uav4.mavros]: CON: Got HEARTBEAT, connected. FCU: PX4 Autopilot
[INFO] [1790612620.393934385] [uav4.mavros.sys]: VER: 4.1: Capabilities         0x000000000000e8ff
[INFO] [1790612620.393987321] [uav4.mavros.sys]: VER: 4.1: Flight software:     011200c0 (fca3df865a000000)
[INFO] [1790612620.393994395] [uav4.mavros.sys]: VER: 4.1: Middleware software: 011200c0 (fca3df865a000000)
[INFO] [1790612620.393999327] [uav4.mavros.sys]: VER: 4.1: OS software:         070000ff (17040b9f87cb1791)
[INFO] [1790612620.394003953] [uav4.mavros.sys]: VER: 4.1: Board hardware:      00000001
[INFO] [1790612620.394008241] [uav4.mavros.sys]: VER: 4.1: VID/PID:             0000:0000
[INFO] [1790612620.394013254] [uav4.mavros.sys]: VER: 4.1: UID:                 4954414c44494e52
[WARN] [1790612620.399689438] [uav4.mavros.cmd]: CMD: Unexpected command 512, result 0
[WARN] [1790612630.899851499] [uav4.mavros.sys]: FCU: UNK(8): EVENT 11047904 with args -0-0-0-0-0-128-0-0-0-176-122-127-128-176-122-127-128-0-0-0-0-0-0-0-0-0-0-0-0-0-0-0-0-0-0-0-0-0-0-0-
[INFO] [1790612630.900265507] [uav4.mavros.sys]: FCU: EVENT 377561 with args -8-0-0-0-20-0-0-0-0-0-0-0-0-0-0-0-0-0-0-0-0-0-0-0-0-0-0-0-0-0-0-0-0-0-0-0-0-0-0-0-
[WARN] [1790612630.900458951] [uav4.mavros.sys]: FCU: EVENT 453929 with args -255-255-255-255-7-0-0-0-0-0-0-0-0-0-0-0-0-0-0-0-0-0-0-0-0-0-0-0-0-0-0-0-0-0-0-0-0-0-0-0-
[INFO] [1790612630.900502879] [uav4.mavros.sys]: FCU: EVENT 6801787 with args -255-255-255-255-12-0-0-0-0-0-0-0-0-0-0-0-0-0-0-0-0-0-0-0-0-0-0-0-0-0-0-0-0-0-0-0-0-0-0-0-
[WARN] [1790612630.905017877] [uav4.mavros.sys]: FCU: UNK(8): EVENT 1914663 with args -0-10-13-2-56-0-0-0-0-0-0-0-0-0-0-0-0-0-0-0-0-0-0-0-0-0-0-0-0-0-0-0-0-0-0-0-0-0-0-0-
[WARN] [1790612638.176557473] [uav4.mavros.cmd]: CMD: Unexpected command 176, result 0
[INFO] [1790612638.280913804] [uav4.mavros.sys]: FCU: EVENT 9489139 with args -4-0-0-0-0-0-0-0-0-0-0-0-0-0-0-0-0-0-0-0-0-0-0-0-0-0-0-0-0-0-0-0-0-0-0-0-0-0-0-0-
[INFO] [1790612640.344120747] [uav4.mavros.sys]: FCU: EVENT 4277609 with args -0-0-0-0-0-0-0-0-0-0-0-0-0-0-0-0-0-0-0-0-0-0-0-0-0-0-0-0-0-0-0-0-0-0-0-0-0-0-0-0-
[INFO] [1790612723.367483020] [uav4.mavros.sys]: FCU: EVENT 9844908 with args -0-0-0-0-0-0-0-0-0-0-0-0-0-0-0-0-0-0-0-0-0-0-0-0-0-0-0-0-0-0-0-0-0-0-0-0-0-0-0-0-
[INFO] [1790612725.512476209] [uav4.mavros.sys]: FCU: EVENT 16017271 with args -6-0-0-0-0-0-0-0-0-0-0-0-0-0-0-0-0-0-0-0-0-0-0-0-0-0-0-0-0-0-0-0-0-0-0-0-0-0-0-0-
[INFO] [1790612726.138799754] [uav4.mavros.sys]: FCU: EVENT 9489139 with args -4-0-0-0-0-0-0-0-0-0-0-0-0-0-0-0-0-0-0-0-0-0-0-0-0-0-0-0-0-0-0-0-0-0-0-0-0-0-0-0-
[INFO] [1790612726.142798420] [uav4.mavros.sys]: FCU: EVENT 1203183 with args -234-7-9-28-16-25-26-0-0-0-0-0-0-0-0-0-0-0-0-0-0-0-0-0-0-0-0-0-0-0-0-0-0-0-0-0-0-0-0-0-
[INFO] [1790612737.916114857] [uav4.mavros.sys]: FCU: EVENT 16017271 with args -7-0-0-0-0-0-0-0-0-0-0-0-0-0-0-0-0-0-0-0-0-0-0-0-0-0-0-0-0-0-0-0-0-0-0-0-0-0-0-0-
[INFO] [1790612738.999140815] [uav4.mavros.sys]: FCU: EVENT 9489139 with args -4-0-0-0-0-0-0-0-0-0-0-0-0-0-0-0-0-0-0-0-0-0-0-0-0-0-0-0-0-0-0-0-0-0-0-0-0-0-0-0-
[INFO] [1790612738.999249497] [uav4.mavros.sys]: FCU: EVENT 1203183 with args -234-7-9-28-16-25-38-0-0-0-0-0-0-0-0-0-0-0-0-0-0-0-0-0-0-0-0-0-0-0-0-0-0-0-0-0-0-0-0-0-
[INFO] [1790612750.813740875] [uav4.mavros.sys]: FCU: EVENT 16017271 with args -7-0-0-0-0-0-0-0-0-0-0-0-0-0-0-0-0-0-0-0-0-0-0-0-0-0-0-0-0-0-0-0-0-0-0-0-0-0-0-0-
[INFO] [1790612751.890061106] [uav4.mavros.sys]: FCU: EVENT 9489139 with args -4-0-0-0-0-0-0-0-0-0-0-0-0-0-0-0-0-0-0-0-0-0-0-0-0-0-0-0-0-0-0-0-0-0-0-0-0-0-0-0-
[INFO] [1790612751.890167275] [uav4.mavros.sys]: FCU: EVENT 1203183 with args -234-7-9-28-16-25-51-0-0-0-0-0-0-0-0-0-0-0-0-0-0-0-0-0-0-0-0-0-0-0-0-0-0-0-0-0-0-0-0-0-
[INFO] [1790612755.975330990] [uav4.mavros.sys]: FCU: EVENT 4277609 with args -0-0-0-0-0-0-0-0-0-0-0-0-0-0-0-0-0-0-0-0-0-0-0-0-0-0-0-0-0-0-0-0-0-0-0-0-0-0-0-0-
[INFO] [1790612757.205144417] [uav4.mavros.sys]: FCU: EVENT 9844908 with args -0-0-0-0-0-0-0-0-0-0-0-0-0-0-0-0-0-0-0-0-0-0-0-0-0-0-0-0-0-0-0-0-0-0-0-0-0-0-0-0-
[INFO] [1790612759.351553151] [uav4.mavros.sys]: FCU: EVENT 16017271 with args -6-0-0-0-0-0-0-0-0-0-0-0-0-0-0-0-0-0-0-0-0-0-0-0-0-0-0-0-0-0-0-0-0-0-0-0-0-0-0-0-
[INFO] [1790612760.440541855] [uav4.mavros.sys]: FCU: EVENT 9489139 with args -4-0-0-0-0-0-0-0-0-0-0-0-0-0-0-0-0-0-0-0-0-0-0-0-0-0-0-0-0-0-0-0-0-0-0-0-0-0-0-0-
[INFO] [1790612760.440804494] [uav4.mavros.sys]: FCU: EVENT 1203183 with args -234-7-9-28-16-26-0-0-0-0-0-0-0-0-0-0-0-0-0-0-0-0-0-0-0-0-0-0-0-0-0-0-0-0-0-0-0-0-0-0-
[INFO] [1790612772.144217508] [uav4.mavros.sys]: FCU: EVENT 16017271 with args -7-0-0-0-0-0-0-0-0-0-0-0-0-0-0-0-0-0-0-0-0-0-0-0-0-0-0-0-0-0-0-0-0-0-0-0-0-0-0-0-
[INFO] [1790612773.181673630] [uav4.mavros.sys]: FCU: EVENT 9489139 with args -4-0-0-0-0-0-0-0-0-0-0-0-0-0-0-0-0-0-0-0-0-0-0-0-0-0-0-0-0-0-0-0-0-0-0-0-0-0-0-0-
[INFO] [1790612773.181778152] [uav4.mavros.sys]: FCU: EVENT 1203183 with args -234-7-9-28-16-26-13-0-0-0-0-0-0-0-0-0-0-0-0-0-0-0-0-0-0-0-0-0-0-0-0-0-0-0-0-0-0-0-0-0-
[INFO] [1790612774.943915119] [uav4.mavros.sys]: FCU: EVENT 4277609 with args -0-0-0-0-0-0-0-0-0-0-0-0-0-0-0-0-0-0-0-0-0-0-0-0-0-0-0-0-0-0-0-0-0-0-0-0-0-0-0-0-
[INFO] [1790612842.338331556] [uav4.mavros.sys]: FCU: EVENT 9844908 with args -0-0-0-0-0-0-0-0-0-0-0-0-0-0-0-0-0-0-0-0-0-0-0-0-0-0-0-0-0-0-0-0-0-0-0-0-0-0-0-0-
[INFO] [1790612844.551116575] [uav4.mavros.sys]: FCU: EVENT 16017271 with args -6-0-0-0-0-0-0-0-0-0-0-0-0-0-0-0-0-0-0-0-0-0-0-0-0-0-0-0-0-0-0-0-0-0-0-0-0-0-0-0-
[INFO] [1790612845.508698038] [uav4.mavros.sys]: FCU: EVENT 9489139 with args -4-0-0-0-0-0-0-0-0-0-0-0-0-0-0-0-0-0-0-0-0-0-0-0-0-0-0-0-0-0-0-0-0-0-0-0-0-0-0-0-
[INFO] [1790612845.508822974] [uav4.mavros.sys]: FCU: EVENT 1203183 with args -234-7-9-28-16-27-25-0-0-0-0-0-0-0-0-0-0-0-0-0-0-0-0-0-0-0-0-0-0-0-0-0-0-0-0-0-0-0-0-0-
[INFO] [1790612857.277578887] [uav4.mavros.sys]: FCU: EVENT 16017271 with args -7-0-0-0-0-0-0-0-0-0-0-0-0-0-0-0-0-0-0-0-0-0-0-0-0-0-0-0-0-0-0-0-0-0-0-0-0-0-0-0-
[INFO] [1790612858.328240848] [uav4.mavros.sys]: FCU: EVENT 9489139 with args -4-0-0-0-0-0-0-0-0-0-0-0-0-0-0-0-0-0-0-0-0-0-0-0-0-0-0-0-0-0-0-0-0-0-0-0-0-0-0-0-
[INFO] [1790612858.372494774] [uav4.mavros.sys]: FCU: EVENT 1203183 with args -234-7-9-28-16-27-38-0-0-0-0-0-0-0-0-0-0-0-0-0-0-0-0-0-0-0-0-0-0-0-0-0-0-0-0-0-0-0-0-0-
[INFO] [1790612870.143059743] [uav4.mavros.sys]: FCU: EVENT 16017271 with args -7-0-0-0-0-0-0-0-0-0-0-0-0-0-0-0-0-0-0-0-0-0-0-0-0-0-0-0-0-0-0-0-0-0-0-0-0-0-0-0-
[INFO] [1790612871.292610333] [uav4.mavros.sys]: FCU: EVENT 9489139 with args -4-0-0-0-0-0-0-0-0-0-0-0-0-0-0-0-0-0-0-0-0-0-0-0-0-0-0-0-0-0-0-0-0-0-0-0-0-0-0-0-
[INFO] [1790612871.296715125] [uav4.mavros.sys]: FCU: EVENT 1203183 with args -234-7-9-28-16-27-51-0-0-0-0-0-0-0-0-0-0-0-0-0-0-0-0-0-0-0-0-0-0-0-0-0-0-0-0-0-0-0-0-0-
[INFO] [1790612883.212673228] [uav4.mavros.sys]: FCU: EVENT 16017271 with args -7-0-0-0-0-0-0-0-0-0-0-0-0-0-0-0-0-0-0-0-0-0-0-0-0-0-0-0-0-0-0-0-0-0-0-0-0-0-0-0-
[INFO] [1790612884.286799908] [uav4.mavros.sys]: FCU: EVENT 9489139 with args -4-0-0-0-0-0-0-0-0-0-0-0-0-0-0-0-0-0-0-0-0-0-0-0-0-0-0-0-0-0-0-0-0-0-0-0-0-0-0-0-
[INFO] [1790612884.325900483] [uav4.mavros.sys]: FCU: EVENT 1203183 with args -234-7-9-28-16-28-4-0-0-0-0-0-0-0-0-0-0-0-0-0-0-0-0-0-0-0-0-0-0-0-0-0-0-0-0-0-0-0-0-0-
[INFO] [1790612896.279909268] [uav4.mavros.sys]: FCU: EVENT 16017271 with args -7-0-0-0-0-0-0-0-0-0-0-0-0-0-0-0-0-0-0-0-0-0-0-0-0-0-0-0-0-0-0-0-0-0-0-0-0-0-0-0-
[INFO] [1790612897.414071508] [uav4.mavros.sys]: FCU: EVENT 9489139 with args -4-0-0-0-0-0-0-0-0-0-0-0-0-0-0-0-0-0-0-0-0-0-0-0-0-0-0-0-0-0-0-0-0-0-0-0-0-0-0-0-
[INFO] [1790612897.414214514] [uav4.mavros.sys]: FCU: EVENT 1203183 with args -234-7-9-28-16-28-17-0-0-0-0-0-0-0-0-0-0-0-0-0-0-0-0-0-0-0-0-0-0-0-0-0-0-0-0-0-0-0-0-0-
[INFO] [1790612909.869781557] [uav4.mavros.sys]: FCU: EVENT 16017271 with args -7-0-0-0-0-0-0-0-0-0-0-0-0-0-0-0-0-0-0-0-0-0-0-0-0-0-0-0-0-0-0-0-0-0-0-0-0-0-0-0-
[INFO] [1790612910.938752559] [uav4.mavros.sys]: FCU: EVENT 9489139 with args -4-0-0-0-0-0-0-0-0-0-0-0-0-0-0-0-0-0-0-0-0-0-0-0-0-0-0-0-0-0-0-0-0-0-0-0-0-0-0-0-
[INFO] [1790612910.953682655] [uav4.mavros.sys]: FCU: EVENT 1203183 with args -234-7-9-28-16-28-30-0-0-0-0-0-0-0-0-0-0-0-0-0-0-0-0-0-0-0-0-0-0-0-0-0-0-0-0-0-0-0-0-0-
[INFO] [1790612923.593900511] [uav4.mavros.sys]: FCU: EVENT 16017271 with args -7-0-0-0-0-0-0-0-0-0-0-0-0-0-0-0-0-0-0-0-0-0-0-0-0-0-0-0-0-0-0-0-0-0-0-0-0-0-0-0-
[INFO] [1790612924.841671642] [uav4.mavros.sys]: FCU: EVENT 9489139 with args -4-0-0-0-0-0-0-0-0-0-0-0-0-0-0-0-0-0-0-0-0-0-0-0-0-0-0-0-0-0-0-0-0-0-0-0-0-0-0-0-
[INFO] [1790612924.841792322] [uav4.mavros.sys]: FCU: EVENT 1203183 with args -234-7-9-28-16-28-44-0-0-0-0-0-0-0-0-0-0-0-0-0-0-0-0-0-0-0-0-0-0-0-0-0-0-0-0-0-0-0-0-0-
[INFO] [1790612938.186758262] [uav4.mavros.sys]: FCU: EVENT 16017271 with args -7-0-0-0-0-0-0-0-0-0-0-0-0-0-0-0-0-0-0-0-0-0-0-0-0-0-0-0-0-0-0-0-0-0-0-0-0-0-0-0-
[INFO] [1790612939.446931817] [uav4.mavros.sys]: FCU: EVENT 9489139 with args -4-0-0-0-0-0-0-0-0-0-0-0-0-0-0-0-0-0-0-0-0-0-0-0-0-0-0-0-0-0-0-0-0-0-0-0-0-0-0-0-
[INFO] [1790612939.451558830] [uav4.mavros.sys]: FCU: EVENT 1203183 with args -234-7-9-28-16-28-59-0-0-0-0-0-0-0-0-0-0-0-0-0-0-0-0-0-0-0-0-0-0-0-0-0-0-0-0-0-0-0-0-0-
[INFO] [1790612952.957346783] [uav4.mavros.sys]: FCU: EVENT 16017271 with args -7-0-0-0-0-0-0-0-0-0-0-0-0-0-0-0-0-0-0-0-0-0-0-0-0-0-0-0-0-0-0-0-0-0-0-0-0-0-0-0-
[INFO] [1790612954.307696303] [uav4.mavros.sys]: FCU: EVENT 9489139 with args -4-0-0-0-0-0-0-0-0-0-0-0-0-0-0-0-0-0-0-0-0-0-0-0-0-0-0-0-0-0-0-0-0-0-0-0-0-0-0-0-
[INFO] [1790612954.308219978] [uav4.mavros.sys]: FCU: EVENT 1203183 with args -234-7-9-28-16-29-14-0-0-0-0-0-0-0-0-0-0-0-0-0-0-0-0-0-0-0-0-0-0-0-0-0-0-0-0-0-0-0-0-0-
[INFO] [1790612968.797122545] [uav4.mavros.sys]: FCU: EVENT 16017271 with args -7-0-0-0-0-0-0-0-0-0-0-0-0-0-0-0-0-0-0-0-0-0-0-0-0-0-0-0-0-0-0-0-0-0-0-0-0-0-0-0-
[INFO] [1790612970.170435354] [uav4.mavros.sys]: FCU: EVENT 9489139 with args -4-0-0-0-0-0-0-0-0-0-0-0-0-0-0-0-0-0-0-0-0-0-0-0-0-0-0-0-0-0-0-0-0-0-0-0-0-0-0-0-
[INFO] [1790612970.170597979] [uav4.mavros.sys]: FCU: EVENT 1203183 with args -234-7-9-28-16-29-30-0-0-0-0-0-0-0-0-0-0-0-0-0-0-0-0-0-0-0-0-0-0-0-0-0-0-0-0-0-0-0-0-0-
[INFO] [1790612984.157966994] [uav4.mavros.sys]: FCU: EVENT 16017271 with args -7-0-0-0-0-0-0-0-0-0-0-0-0-0-0-0-0-0-0-0-0-0-0-0-0-0-0-0-0-0-0-0-0-0-0-0-0-0-0-0-
[INFO] [1790612985.432208836] [uav4.mavros.sys]: FCU: EVENT 9489139 with args -4-0-0-0-0-0-0-0-0-0-0-0-0-0-0-0-0-0-0-0-0-0-0-0-0-0-0-0-0-0-0-0-0-0-0-0-0-0-0-0-
[INFO] [1790612985.471375530] [uav4.mavros.sys]: FCU: EVENT 1203183 with args -234-7-9-28-16-29-45-0-0-0-0-0-0-0-0-0-0-0-0-0-0-0-0-0-0-0-0-0-0-0-0-0-0-0-0-0-0-0-0-0-
[INFO] [1790612995.766102265] [uav4.mavros.sys]: FCU: EVENT 4277609 with args -0-0-0-0-0-0-0-0-0-0-0-0-0-0-0-0-0-0-0-0-0-0-0-0-0-0-0-0-0-0-0-0-0-0-0-0-0-0-0-0-
[INFO] [1790613109.471518552] [uav4.mavros.sys]: FCU: EVENT 9844908 with args -0-0-0-0-0-0-0-0-0-0-0-0-0-0-0-0-0-0-0-0-0-0-0-0-0-0-0-0-0-0-0-0-0-0-0-0-0-0-0-0-
[INFO] [1790613111.699115738] [uav4.mavros.sys]: FCU: EVENT 16017271 with args -6-0-0-0-0-0-0-0-0-0-0-0-0-0-0-0-0-0-0-0-0-0-0-0-0-0-0-0-0-0-0-0-0-0-0-0-0-0-0-0-
[INFO] [1790613112.501777921] [uav4.mavros.sys]: FCU: EVENT 9489139 with args -4-0-0-0-0-0-0-0-0-0-0-0-0-0-0-0-0-0-0-0-0-0-0-0-0-0-0-0-0-0-0-0-0-0-0-0-0-0-0-0-
[INFO] [1790613112.501891009] [uav4.mavros.sys]: FCU: EVENT 1203183 with args -234-7-9-28-16-31-52-0-0-0-0-0-0-0-0-0-0-0-0-0-0-0-0-0-0-0-0-0-0-0-0-0-0-0-0-0-0-0-0-0-
[INFO] [1790613125.262618014] [uav4.mavros.sys]: FCU: EVENT 16017271 with args -7-0-0-0-0-0-0-0-0-0-0-0-0-0-0-0-0-0-0-0-0-0-0-0-0-0-0-0-0-0-0-0-0-0-0-0-0-0-0-0-
[INFO] [1790613126.364578918] [uav4.mavros.sys]: FCU: EVENT 9489139 with args -4-0-0-0-0-0-0-0-0-0-0-0-0-0-0-0-0-0-0-0-0-0-0-0-0-0-0-0-0-0-0-0-0-0-0-0-0-0-0-0-
[INFO] [1790613126.392934547] [uav4.mavros.sys]: FCU: EVENT 1203183 with args -234-7-9-28-16-32-6-0-0-0-0-0-0-0-0-0-0-0-0-0-0-0-0-0-0-0-0-0-0-0-0-0-0-0-0-0-0-0-0-0-
[INFO] [1790613138.698572342] [uav4.mavros.sys]: FCU: EVENT 16017271 with args -7-0-0-0-0-0-0-0-0-0-0-0-0-0-0-0-0-0-0-0-0-0-0-0-0-0-0-0-0-0-0-0-0-0-0-0-0-0-0-0-
[INFO] [1790613139.799427204] [uav4.mavros.sys]: FCU: EVENT 9489139 with args -4-0-0-0-0-0-0-0-0-0-0-0-0-0-0-0-0-0-0-0-0-0-0-0-0-0-0-0-0-0-0-0-0-0-0-0-0-0-0-0-
[INFO] [1790613139.833478855] [uav4.mavros.sys]: FCU: EVENT 1203183 with args -234-7-9-28-16-32-19-0-0-0-0-0-0-0-0-0-0-0-0-0-0-0-0-0-0-0-0-0-0-0-0-0-0-0-0-0-0-0-0-0-
[INFO] [1790613152.136441665] [uav4.mavros.sys]: FCU: EVENT 16017271 with args -7-0-0-0-0-0-0-0-0-0-0-0-0-0-0-0-0-0-0-0-0-0-0-0-0-0-0-0-0-0-0-0-0-0-0-0-0-0-0-0-
[INFO] [1790613153.236209133] [uav4.mavros.sys]: FCU: EVENT 9489139 with args -4-0-0-0-0-0-0-0-0-0-0-0-0-0-0-0-0-0-0-0-0-0-0-0-0-0-0-0-0-0-0-0-0-0-0-0-0-0-0-0-
[INFO] [1790613153.261243022] [uav4.mavros.sys]: FCU: EVENT 1203183 with args -234-7-9-28-16-32-33-0-0-0-0-0-0-0-0-0-0-0-0-0-0-0-0-0-0-0-0-0-0-0-0-0-0-0-0-0-0-0-0-0-
[INFO] [1790613165.559524135] [uav4.mavros.sys]: FCU: EVENT 16017271 with args -7-0-0-0-0-0-0-0-0-0-0-0-0-0-0-0-0-0-0-0-0-0-0-0-0-0-0-0-0-0-0-0-0-0-0-0-0-0-0-0-
[INFO] [1790613166.788789652] [uav4.mavros.sys]: FCU: EVENT 9489139 with args -4-0-0-0-0-0-0-0-0-0-0-0-0-0-0-0-0-0-0-0-0-0-0-0-0-0-0-0-0-0-0-0-0-0-0-0-0-0-0-0-
[INFO] [1790613166.818475287] [uav4.mavros.sys]: FCU: EVENT 1203183 with args -234-7-9-28-16-32-46-0-0-0-0-0-0-0-0-0-0-0-0-0-0-0-0-0-0-0-0-0-0-0-0-0-0-0-0-0-0-0-0-0-
[INFO] [1790613179.135739404] [uav4.mavros.sys]: FCU: EVENT 16017271 with args -7-0-0-0-0-0-0-0-0-0-0-0-0-0-0-0-0-0-0-0-0-0-0-0-0-0-0-0-0-0-0-0-0-0-0-0-0-0-0-0-
[INFO] [1790613180.285525589] [uav4.mavros.sys]: FCU: EVENT 9489139 with args -4-0-0-0-0-0-0-0-0-0-0-0-0-0-0-0-0-0-0-0-0-0-0-0-0-0-0-0-0-0-0-0-0-0-0-0-0-0-0-0-
[INFO] [1790613180.309787209] [uav4.mavros.sys]: FCU: EVENT 1203183 with args -234-7-9-28-16-33-0-0-0-0-0-0-0-0-0-0-0-0-0-0-0-0-0-0-0-0-0-0-0-0-0-0-0-0-0-0-0-0-0-0-
[INFO] [1790613188.379914242] [uav4.mavros.sys]: FCU: EVENT 4277609 with args -0-0-0-0-0-0-0-0-0-0-0-0-0-0-0-0-0-0-0-0-0-0-0-0-0-0-0-0-0-0-0-0-0-0-0-0-0-0-0-0-
[WARN] [1790613224.010637485] [uav4.mavros.sys]: FCU: UNK(8): EVENT 11047904 with args -0-0-0-16-0-128-0-0-0-176-58-127-128-176-58-127-128-0-0-0-0-0-0-0-0-0-0-0-0-0-0-0-0-0-0-0-0-0-0-0-
[ERROR] [1790613224.010772992] [uav4.mavros.sys]: FCU: EVENT 11464574 with args -0-64-0-0-20-0-0-0-0-0-0-0-0-0-0-0-0-0-0-0-0-0-0-0-0-0-0-0-0-0-0-0-0-0-0-0-0-0-0-0-
[INFO] [1790613224.010870499] [uav4.mavros.sys]: FCU: EVENT 377561 with args -8-0-0-0-20-0-0-0-0-0-0-0-0-0-0-0-0-0-0-0-0-0-0-0-0-0-0-0-0-0-0-0-0-0-0-0-0-0-0-0-
[WARN] [1790613224.010915905] [uav4.mavros.sys]: FCU: EVENT 453929 with args -255-255-255-255-7-0-0-0-0-0-0-0-0-0-0-0-0-0-0-0-0-0-0-0-0-0-0-0-0-0-0-0-0-0-0-0-0-0-0-0-
[INFO] [1790613224.010965576] [uav4.mavros.sys]: FCU: EVENT 6801787 with args -255-255-255-255-12-0-0-0-0-0-0-0-0-0-0-0-0-0-0-0-0-0-0-0-0-0-0-0-0-0-0-0-0-0-0-0-0-0-0-0-
[WARN] [1790613224.011007577] [uav4.mavros.sys]: FCU: UNK(8): EVENT 1914663 with args -0-10-13-2-56-0-0-0-0-0-0-0-0-0-0-0-0-0-0-0-0-0-0-0-0-0-0-0-0-0-0-0-0-0-0-0-0-0-0-0-
[ERROR] [1790613224.015134370] [uav4.mavros.sys]: FCU: EVENT 14605264 with args -0-0-6-0-6-0-0-0-0-0-0-0-0-0-0-0-0-0-0-0-0-0-0-0-0-0-0-0-0-0-0-0-0-0-0-0-0-0-0-0-
[INFO] [1790613224.015307162] [uav4.mavros.sys]: FCU: EVENT 5383828 with args -7-2-0-0-31-0-0-0-0-0-0-0-0-0-0-0-0-0-0-0-0-0-0-0-0-0-0-0-0-0-0-0-0-0-0-0-0-0-0-0-
[INFO] [1790613224.116526361] [rclcpp]: signal_handler(SIGINT/SIGTERM)
[WARN] [1790613224.119497771] [uav4.mavros]: UAS Executor terminated
