INFO  [px4] instance: 8

______  __   __    ___ 
| ___ \ \ \ / /   /   |
| |_/ /  \ V /   / /| |
|  __/   /   \  / /_| |
| |     / /^\ \ \___  |
\_|     \/   \/     |_/

px4 starting.

INFO  [px4] startup script: /bin/sh etc/init.d-posix/rcS 8
INFO  [init] found model autostart file as SYS_AUTOSTART=10040
INFO  [param] selected parameter default file parameters.bson
INFO  [param] selected parameter backup file parameters_backup.bson
  SYS_AUTOCONFIG: curr: 0 -> new: 1
  MAV_SYS_ID: curr: 1 -> new: 9
  UXRCE_DDS_KEY: curr: 1 -> new: 9
  SYS_AUTOSTART: curr: 0 -> new: 10040
  CAL_ACC0_ID: curr: 0 -> new: 1310988
  CAL_GYRO0_ID: curr: 0 -> new: 1310988
  CAL_ACC1_ID: curr: 0 -> new: 1310996
  CAL_GYRO1_ID: curr: 0 -> new: 1310996
  CAL_ACC2_ID: curr: 0 -> new: 1311004
  CAL_GYRO2_ID: curr: 0 -> new: 1311004
  CAL_MAG0_ID: curr: 0 -> new: 197388
  CAL_MAG0_PRIO: curr: -1 -> new: 50
  CAL_MAG1_ID: curr: 0 -> new: 197644
  CAL_MAG1_PRIO: curr: -1 -> new: 50
  SENS_BOARD_X_OFF: curr: 0.0000 -> new: 0.0000
  SENS_DPRES_OFF: curr: 0.0000 -> new: 0.0010
INFO  [dataman] data manager file './dataman' size is 1208528 bytes
INFO  [init] SIH simulator
  SIH_LOC_LAT0: curr: 47.3977 -> new: 47.3975
  SIH_LOC_LON0: curr: 8.5456 -> new: 8.5460
  SIH_LOC_H0: curr: 489.4000 -> new: 488.0000
INFO  [simulator_sih] Simulation loop with 250 Hz (4000 us sim time interval)
INFO  [simulator_sih] Simulation with 1.0x speedup. Loop with (4000 us wall time interval)
INFO  [lockstep_scheduler] setting initial absolute time to 4000 us
INFO  [commander] LED: open /dev/led0 failed (22)
INFO  [vision_target_estimator] VTE for static target init
INFO  [uxrce_dds_client] init UDP agent IP:127.0.0.1, port:8888
INFO  [mavlink] mode: Normal, data rate: 4000000 B/s on udp port 18578 remote port 14550
INFO  [tone_alarm] home set
INFO  [mavlink] mode: Onboard, data rate: 4000000 B/s on udp port 14588 remote port 14548
INFO  [mavlink] mode: Onboard, data rate: 4000 B/s on udp port 14288 remote port 14038
INFO  [mavlink] mode: Gimbal, data rate: 400000 B/s on udp port 13038 remote port 13288
INFO  [mavlink] mode: Custom, data rate: 400000 B/s on udp port 19458 remote port 19418
INFO  [logger] logger started (mode=all)
INFO  [logger] Max log file size: 1024 MiB
INFO  [logger] Start file log (type: full)
INFO  [mavlink] MAVLink only on localhost (set param MAV_{i}_BROADCAST = 1 to enable network)
INFO  [mavlink] MAVLink only on localhost (set param MAV_{i}_BROADCAST = 1 to enable network)
INFO  [mavlink] MAVLink only on localhost (set param MAV_{i}_BROADCAST = 1 to enable network)
INFO  [logger] [logger] ./log/2026-09-28/16_23_35.ulg	
INFO  [logger] Opened full log file: ./log/2026-09-28/16_23_35.ulg
INFO  [px4] Startup script returned successfully
WARN  [health_and_arming_checks] Preflight Fail: no heading reference
INFO  [commander] [32mReady for takeoff![0m
INFO  [mavlink] partner IP: 127.0.0.1
INFO  [commander] Armed by external command	
INFO  [tone_alarm] arming warning
INFO  [commander] Takeoff detected	
INFO  [commander] Landing detected	
INFO  [commander] Disarmed by landing	
INFO  [tone_alarm] notify neutral
INFO  [commander] Armed by external command	
INFO  [tone_alarm] arming warning
INFO  [logger] Max log file size: 1024 MiB
INFO  [logger] Start file log (type: full)
INFO  [logger] [logger] ./log/2026-09-28/16_25_47.ulg	
INFO  [logger] closed logfile, bytes written: 28300602
INFO  [logger] Opened full log file: ./log/2026-09-28/16_25_47.ulg
INFO  [commander] Takeoff detected	
INFO  [commander] Landing detected	
INFO  [commander] Disarmed by landing	
INFO  [tone_alarm] notify neutral
INFO  [commander] Armed by external command	
INFO  [tone_alarm] arming warning
INFO  [logger] Max log file size: 1024 MiB
INFO  [logger] Start file log (type: full)
INFO  [logger] [logger] ./log/2026-09-28/16_25_58.ulg	
INFO  [logger] closed logfile, bytes written: 2428552
INFO  [logger] Opened full log file: ./log/2026-09-28/16_25_58.ulg
INFO  [commander] Disarmed by auto preflight disarming	
INFO  [tone_alarm] notify neutral
INFO  [commander] Armed by external command	
INFO  [tone_alarm] arming warning
INFO  [logger] Max log file size: 1024 MiB
INFO  [logger] Start file log (type: full)
INFO  [logger] [logger] ./log/2026-09-28/16_26_11.ulg	
INFO  [logger] closed logfile, bytes written: 2894874
INFO  [logger] Opened full log file: ./log/2026-09-28/16_26_11.ulg
INFO  [commander] Takeoff detected	
INFO  [commander] Landing detected	
INFO  [commander] Disarmed by landing	
INFO  [tone_alarm] notify neutral
INFO  [commander] Armed by external command	
INFO  [tone_alarm] arming warning
INFO  [logger] Max log file size: 1024 MiB
INFO  [logger] Start file log (type: full)
INFO  [logger] [logger] ./log/2026-09-28/16_27_23.ulg	
INFO  [logger] closed logfile, bytes written: 15624680
INFO  [logger] Opened full log file: ./log/2026-09-28/16_27_23.ulg
INFO  [commander] Disarmed by auto preflight disarming	
INFO  [tone_alarm] notify neutral
INFO  [commander] Armed by external command	
INFO  [tone_alarm] arming warning
INFO  [logger] Max log file size: 1024 MiB
INFO  [logger] Start file log (type: full)
INFO  [logger] [logger] ./log/2026-09-28/16_27_36.ulg	
INFO  [logger] closed logfile, bytes written: 2891317
INFO  [logger] Opened full log file: ./log/2026-09-28/16_27_36.ulg
INFO  [commander] Disarmed by auto preflight disarming	
INFO  [tone_alarm] notify neutral
INFO  [commander] Armed by external command	
INFO  [tone_alarm] arming warning
INFO  [logger] Max log file size: 1024 MiB
INFO  [logger] Start file log (type: full)
INFO  [logger] [logger] ./log/2026-09-28/16_27_49.ulg	
INFO  [logger] closed logfile, bytes written: 2888663
INFO  [logger] Opened full log file: ./log/2026-09-28/16_27_49.ulg
INFO  [commander] Disarmed by auto preflight disarming	
INFO  [tone_alarm] notify neutral
INFO  [commander] Armed by external command	
INFO  [tone_alarm] arming warning
INFO  [logger] Max log file size: 1024 MiB
INFO  [logger] Start file log (type: full)
INFO  [logger] [logger] ./log/2026-09-28/16_28_02.ulg	
INFO  [logger] closed logfile, bytes written: 2890084
INFO  [logger] Opened full log file: ./log/2026-09-28/16_28_02.ulg
INFO  [commander] Disarmed by auto preflight disarming	
INFO  [tone_alarm] notify neutral
INFO  [logger] closed logfile, bytes written: 2894791
INFO  [commander] Armed by external command	
INFO  [tone_alarm] arming warning
INFO  [logger] Max log file size: 1024 MiB
INFO  [logger] Start file log (type: full)
INFO  [logger] [logger] ./log/2026-09-28/16_28_15.ulg	
INFO  [logger] Opened full log file: ./log/2026-09-28/16_28_15.ulg
INFO  [commander] Disarmed by auto preflight disarming	
INFO  [tone_alarm] notify neutral
INFO  [commander] Armed by external command	
INFO  [tone_alarm] arming warning
INFO  [logger] Max log file size: 1024 MiB
INFO  [logger] Start file log (type: full)
INFO  [logger] [logger] ./log/2026-09-28/16_28_29.ulg	
INFO  [logger] closed logfile, bytes written: 2890873
INFO  [logger] Opened full log file: ./log/2026-09-28/16_28_29.ulg
INFO  [commander] Disarmed by auto preflight disarming	
INFO  [tone_alarm] notify neutral
INFO  [commander] Armed by external command	
INFO  [tone_alarm] arming warning
INFO  [logger] Max log file size: 1024 MiB
INFO  [logger] Start file log (type: full)
INFO  [logger] [logger] ./log/2026-09-28/16_28_43.ulg	
INFO  [logger] closed logfile, bytes written: 2895653
INFO  [logger] Opened full log file: ./log/2026-09-28/16_28_43.ulg
INFO  [commander] Disarmed by auto preflight disarming	
INFO  [tone_alarm] notify neutral
INFO  [commander] Armed by external command	
INFO  [tone_alarm] arming warning
INFO  [logger] Max log file size: 1024 MiB
INFO  [logger] Start file log (type: full)
INFO  [logger] [logger] ./log/2026-09-28/16_28_57.ulg	
INFO  [logger] closed logfile, bytes written: 2888171
INFO  [logger] Opened full log file: ./log/2026-09-28/16_28_57.ulg
INFO  [commander] Disarmed by auto preflight disarming	
INFO  [tone_alarm] notify neutral
INFO  [commander] Armed by external command	
INFO  [tone_alarm] arming warning
INFO  [logger] Max log file size: 1024 MiB
INFO  [logger] Start file log (type: full)
INFO  [logger] [logger] ./log/2026-09-28/16_29_12.ulg	
INFO  [logger] closed logfile, bytes written: 2894885
INFO  [logger] Opened full log file: ./log/2026-09-28/16_29_12.ulg
INFO  [commander] Disarmed by auto preflight disarming	
INFO  [tone_alarm] notify neutral
INFO  [logger] closed logfile, bytes written: 2891796
INFO  [commander] Armed by external command	
INFO  [tone_alarm] arming warning
INFO  [logger] Max log file size: 1024 MiB
INFO  [logger] Start file log (type: full)
INFO  [logger] [logger] ./log/2026-09-28/16_29_28.ulg	
INFO  [logger] Opened full log file: ./log/2026-09-28/16_29_28.ulg
INFO  [commander] Disarmed by auto preflight disarming	
INFO  [tone_alarm] notify neutral
INFO  [commander] Armed by external command	
INFO  [tone_alarm] arming warning
INFO  [logger] Max log file size: 1024 MiB
INFO  [logger] Start file log (type: full)
INFO  [logger] [logger] ./log/2026-09-28/16_29_44.ulg	
INFO  [logger] closed logfile, bytes written: 2884686
INFO  [logger] Opened full log file: ./log/2026-09-28/16_29_44.ulg
INFO  [commander] Takeoff detected	
INFO  [commander] Landing detected	
INFO  [commander] Disarmed by landing	
INFO  [tone_alarm] notify neutral
INFO  [commander] Armed by external command	
INFO  [tone_alarm] arming warning
INFO  [logger] closed logfile, bytes written: 26220627
INFO  [logger] Max log file size: 1024 MiB
INFO  [logger] Start file log (type: full)
INFO  [logger] [logger] ./log/2026-09-28/16_31_53.ulg	
INFO  [logger] Opened full log file: ./log/2026-09-28/16_31_53.ulg
INFO  [commander] Disarmed by auto preflight disarming	
INFO  [tone_alarm] notify neutral
INFO  [commander] Armed by external command	
INFO  [tone_alarm] arming warning
INFO  [logger] closed logfile, bytes written: 2863143
INFO  [logger] Max log file size: 1024 MiB
INFO  [logger] Start file log (type: full)
INFO  [logger] [logger] ./log/2026-09-28/16_32_07.ulg	
INFO  [logger] Opened full log file: ./log/2026-09-28/16_32_07.ulg
INFO  [commander] Disarmed by auto preflight disarming	
INFO  [tone_alarm] notify neutral
INFO  [commander] Armed by external command	
INFO  [tone_alarm] arming warning
INFO  [logger] Max log file size: 1024 MiB
INFO  [logger] Start file log (type: full)
INFO  [logger] [logger] ./log/2026-09-28/16_32_20.ulg	
INFO  [logger] closed logfile, bytes written: 2883432
INFO  [logger] Opened full log file: ./log/2026-09-28/16_32_20.ulg
INFO  [commander] Disarmed by auto preflight disarming	
INFO  [tone_alarm] notify neutral
INFO  [commander] Armed by external command	
INFO  [tone_alarm] arming warning
INFO  [logger] Max log file size: 1024 MiB
INFO  [logger] Start file log (type: full)
INFO  [logger] [logger] ./log/2026-09-28/16_32_34.ulg	
INFO  [logger] closed logfile, bytes written: 2895112
INFO  [logger] Opened full log file: ./log/2026-09-28/16_32_34.ulg
INFO  [commander] Disarmed by auto preflight disarming	
INFO  [tone_alarm] notify neutral
INFO  [commander] Armed by external command	
INFO  [tone_alarm] arming warning
INFO  [logger] Max log file size: 1024 MiB
INFO  [logger] Start file log (type: full)
INFO  [logger] [logger] ./log/2026-09-28/16_32_47.ulg	
INFO  [logger] closed logfile, bytes written: 2880460
INFO  [logger] Opened full log file: ./log/2026-09-28/16_32_47.ulg
INFO  [commander] Disarmed by auto preflight disarming	
INFO  [tone_alarm] notify neutral
INFO  [logger] closed logfile, bytes written: 2892132
INFO  [commander] Armed by external command	
INFO  [tone_alarm] arming warning
INFO  [logger] Max log file size: 1024 MiB
INFO  [logger] Start file log (type: full)
INFO  [logger] [logger] ./log/2026-09-28/16_33_01.ulg	
INFO  [logger] Opened full log file: ./log/2026-09-28/16_33_01.ulg
INFO  [commander] Takeoff detected	
WARN  [failsafe] Failsafe activated	
INFO  [tone_alarm] battery warning (fast)
INFO  [navigator] RTL: start return at 519 m (30 m above destination)	

PX4 Exiting...
Exiting NOW.
