[INFO] [1790656731.152703534] [uav6.mavros_node]: Starting mavros_node container
[INFO] [1790656731.152810470] [uav6.mavros_node]: FCU URL: udp://:14545@127.0.0.1:14585
[INFO] [1790656731.152818797] [uav6.mavros_node]: GCS URL: 
[INFO] [1790656731.152823711] [uav6.mavros_node]: UAS Prefix: /uas6
[INFO] [1790656731.152828331] [uav6.mavros_node]: Starting mavros router node
[INFO] [1790656731.182531493] [uav6.mavros_router]: Built-in SIMD instructions: SSE, SSE2
[INFO] [1790656731.197279673] [uav6.mavros_router]: Built-in MAVLink package version: 2026.8.8
[INFO] [1790656731.197304227] [uav6.mavros_router]: Known MAVLink dialects: common ardupilotmega ASLUAV AVSSUAS all csAirLink cubepilot development icarous loweheiser marsh paparazzi standard stemstudios storm32 uAvionix ualberta
[INFO] [1790656731.197311468] [uav6.mavros_router]: MAVROS Router started
[INFO] [1790656731.197468598] [uav6.mavros_node]: Starting mavros uas node
[INFO] [1790656731.375207152] [uav6.mavros_router]: Requested to add endpoint: type: 0, url: udp://:14545@127.0.0.1:14585
[INFO] [1790656731.377132908] [uav6.mavros_router]: Endpoint link[1000] created
[INFO] [1790656731.378956497] [uav6.mavros_router]: link[1000] opened successfully
[INFO] [1790656731.379728212] [uav6.mavros_router]: Requested to add endpoint: type: 2, url: /uas6
[INFO] [1790656731.379758267] [uav6.mavros_router]: Endpoint link[1001] created
[INFO] [1790656731.380826805] [uav6.mavros_router]: link[1000] detected remote address 6.1
[INFO] [1790656731.401603610] [uav6.mavros]: UAS Executor started, threads: 4
[INFO] [1790656731.401612591] [uav6.mavros]: Plugin actuator_control ignored
[INFO] [1790656731.402822030] [uav6.mavros]: Plugin altitude ignored
[INFO] [1790656731.529218575] [uav6.mavros_router]: link[1001] opened successfully
[INFO] [1790656731.673997765] [uav6.mavros]: Plugin command created
[INFO] [1790656731.674151720] [uav6.mavros]: Plugin command initialized
[INFO] [1790656731.674161315] [uav6.mavros]: Plugin ftp ignored
[INFO] [1790656731.674166255] [uav6.mavros]: Plugin geofence ignored
[INFO] [1790656731.779628189] [uav6.mavros]: Plugin global_position created
[INFO] [1790656731.795364877] [uav6.mavros]: Plugin global_position initialized
[INFO] [1790656731.795376412] [uav6.mavros]: Plugin home_position ignored
[INFO] [1790656731.795381735] [uav6.mavros]: Plugin imu ignored
[INFO] [1790656732.089165678] [uav6.mavros]: Plugin local_position created
[INFO] [1790656732.089214717] [uav6.mavros]: Plugin local_position initialized
[INFO] [1790656732.089224473] [uav6.mavros]: Plugin manual_control ignored
[INFO] [1790656732.089230562] [uav6.mavros]: Plugin nav_controller_output ignored
[INFO] [1790656732.089236419] [uav6.mavros]: Plugin param ignored
[INFO] [1790656732.089242436] [uav6.mavros]: Plugin rallypoint ignored
[INFO] [1790656732.089248174] [uav6.mavros]: Plugin rc_io ignored
[INFO] [1790656732.089254049] [uav6.mavros]: Plugin setpoint_accel ignored
[INFO] [1790656732.089265184] [uav6.mavros]: Plugin setpoint_attitude ignored
[INFO] [1790656732.089271160] [uav6.mavros]: Plugin setpoint_position ignored
[INFO] [1790656732.089276838] [uav6.mavros]: Plugin setpoint_raw ignored
[INFO] [1790656732.089282691] [uav6.mavros]: Plugin setpoint_trajectory ignored
[INFO] [1790656732.446449857] [uav6.mavros]: Plugin setpoint_velocity created
[INFO] [1790656732.532842572] [uav6.mavros]: Plugin setpoint_velocity initialized
[INFO] [1790656732.984598473] [uav6.mavros]: Plugin sys_status created
[INFO] [1790656732.984703474] [uav6.mavros]: Plugin sys_status initialized
[INFO] [1790656733.011512006] [uav6.mavros.time]: TM: Timesync mode: MAVLINK
[INFO] [1790656733.071882682] [uav6.mavros]: Plugin sys_time created
[INFO] [1790656733.072273779] [uav6.mavros]: Plugin sys_time initialized
[INFO] [1790656733.072282977] [uav6.mavros]: Plugin waypoint ignored
[INFO] [1790656733.072288588] [uav6.mavros]: Plugin wind_estimation ignored
[INFO] [1790656733.100674382] [uav6.mavros]: Built-in SIMD instructions: SSE, SSE2
[INFO] [1790656733.102830298] [uav6.mavros]: Built-in MAVLink package version: 2026.8.8
[INFO] [1790656733.102867153] [uav6.mavros]: Known MAVLink dialects: common ardupilotmega ASLUAV AVSSUAS all csAirLink cubepilot development icarous loweheiser marsh paparazzi standard stemstudios storm32 uAvionix ualberta
[INFO] [1790656733.102874441] [uav6.mavros]: MAVROS UAS via /uas6 started. MY ID 6.191, TARGET ID 6.1
[INFO] [1790656733.109139229] [uav6.mavros_router]: link[1001] detected remote address 6.191
[INFO] [1790656733.489493456] [uav6.mavros]: CON: Got HEARTBEAT, connected. FCU: PX4 Autopilot
[INFO] [1790656734.509105600] [uav6.mavros.sys]: VER: 6.1: Capabilities         0x000000000000e8ff
[INFO] [1790656734.509158454] [uav6.mavros.sys]: VER: 6.1: Flight software:     011200c0 (fca3df865a000000)
[INFO] [1790656734.509165952] [uav6.mavros.sys]: VER: 6.1: Middleware software: 011200c0 (fca3df865a000000)
[INFO] [1790656734.509171697] [uav6.mavros.sys]: VER: 6.1: OS software:         070000ff (17040b9f87cb1791)
[INFO] [1790656734.509176922] [uav6.mavros.sys]: VER: 6.1: Board hardware:      00000001
[INFO] [1790656734.509182036] [uav6.mavros.sys]: VER: 6.1: VID/PID:             0000:0000
[INFO] [1790656734.509187283] [uav6.mavros.sys]: VER: 6.1: UID:                 4954414c44494e54
[WARN] [1790656734.510828127] [uav6.mavros.cmd]: CMD: Unexpected command 512, result 0
[WARN] [1790656745.133973191] [uav6.mavros.sys]: FCU: UNK(8): EVENT 11047904 with args -0-0-0-0-0-128-0-0-0-176-122-127-128-176-122-127-128-0-0-0-0-0-0-0-0-0-0-0-0-0-0-0-0-0-0-0-0-0-0-0-
[INFO] [1790656745.134063232] [uav6.mavros.sys]: FCU: EVENT 377561 with args -8-0-0-0-20-0-0-0-0-0-0-0-0-0-0-0-0-0-0-0-0-0-0-0-0-0-0-0-0-0-0-0-0-0-0-0-0-0-0-0-
[WARN] [1790656745.134096293] [uav6.mavros.sys]: FCU: EVENT 453929 with args -255-255-255-255-7-0-0-0-0-0-0-0-0-0-0-0-0-0-0-0-0-0-0-0-0-0-0-0-0-0-0-0-0-0-0-0-0-0-0-0-
[INFO] [1790656745.134126145] [uav6.mavros.sys]: FCU: EVENT 6801787 with args -255-255-255-255-12-0-0-0-0-0-0-0-0-0-0-0-0-0-0-0-0-0-0-0-0-0-0-0-0-0-0-0-0-0-0-0-0-0-0-0-
[WARN] [1790656745.134158200] [uav6.mavros.sys]: FCU: UNK(8): EVENT 1914663 with args -0-10-13-2-56-0-0-0-0-0-0-0-0-0-0-0-0-0-0-0-0-0-0-0-0-0-0-0-0-0-0-0-0-0-0-0-0-0-0-0-
[WARN] [1790656746.806831897] [uav6.mavros.cmd]: CMD: Unexpected command 176, result 0
[INFO] [1790656747.483740105] [uav6.mavros.sys]: FCU: EVENT 9489139 with args -4-0-0-0-0-0-0-0-0-0-0-0-0-0-0-0-0-0-0-0-0-0-0-0-0-0-0-0-0-0-0-0-0-0-0-0-0-0-0-0-
[INFO] [1790656749.614271241] [uav6.mavros.sys]: FCU: EVENT 4277609 with args -0-0-0-0-0-0-0-0-0-0-0-0-0-0-0-0-0-0-0-0-0-0-0-0-0-0-0-0-0-0-0-0-0-0-0-0-0-0-0-0-
[WARN] [1790657016.070490794] [uav6.mavros.cmd]: CMD: Unexpected command 176, result 0
[INFO] [1790657051.902095292] [uav6.mavros.sys]: FCU: EVENT 9844908 with args -0-0-0-0-0-0-0-0-0-0-0-0-0-0-0-0-0-0-0-0-0-0-0-0-0-0-0-0-0-0-0-0-0-0-0-0-0-0-0-0-
[INFO] [1790657054.124435508] [uav6.mavros.sys]: FCU: EVENT 16017271 with args -6-0-0-0-0-0-0-0-0-0-0-0-0-0-0-0-0-0-0-0-0-0-0-0-0-0-0-0-0-0-0-0-0-0-0-0-0-0-0-0-
[WARN] [1790657058.390860388] [uav6.mavros.sys]: FCU: UNK(8): EVENT 11047904 with args -0-0-0-0-0-128-0-0-0-176-122-127-128-176-122-127-128-0-0-0-0-0-0-0-0-0-0-0-0-0-0-0-0-0-0-0-0-0-0-0-
[INFO] [1790657058.391091836] [uav6.mavros.sys]: FCU: EVENT 377561 with args -8-0-0-0-20-0-0-0-0-0-0-0-0-0-0-0-0-0-0-0-0-0-0-0-0-0-0-0-0-0-0-0-0-0-0-0-0-0-0-0-
[WARN] [1790657058.391153316] [uav6.mavros.sys]: FCU: EVENT 453929 with args -255-255-255-255-7-0-0-0-0-0-0-0-0-0-0-0-0-0-0-0-0-0-0-0-0-0-0-0-0-0-0-0-0-0-0-0-0-0-0-0-
[INFO] [1790657058.391192356] [uav6.mavros.sys]: FCU: EVENT 6801787 with args -255-255-255-255-12-0-0-0-0-0-0-0-0-0-0-0-0-0-0-0-0-0-0-0-0-0-0-0-0-0-0-0-0-0-0-0-0-0-0-0-
[WARN] [1790657058.391226692] [uav6.mavros.sys]: FCU: UNK(8): EVENT 1914663 with args -0-10-9-2-56-0-0-0-0-0-0-0-0-0-0-0-0-0-0-0-0-0-0-0-0-0-0-0-0-0-0-0-0-0-0-0-0-0-0-0-
[INFO] [1790657063.576022631] [rclcpp]: signal_handler(SIGINT/SIGTERM)
[WARN] [1790657063.577039912] [uav6.mavros]: UAS Executor terminated
