[INFO] [1790656731.081358179] [uav5.mavros_node]: Starting mavros_node container
[INFO] [1790656731.088250446] [uav5.mavros_node]: FCU URL: udp://:14544@127.0.0.1:14584
[INFO] [1790656731.088261572] [uav5.mavros_node]: GCS URL: 
[INFO] [1790656731.088266134] [uav5.mavros_node]: UAS Prefix: /uas5
[INFO] [1790656731.088270402] [uav5.mavros_node]: Starting mavros router node
[INFO] [1790656731.281108874] [uav5.mavros_router]: Built-in SIMD instructions: SSE, SSE2
[INFO] [1790656731.281147439] [uav5.mavros_router]: Built-in MAVLink package version: 2026.8.8
[INFO] [1790656731.281154758] [uav5.mavros_router]: Known MAVLink dialects: common ardupilotmega ASLUAV AVSSUAS all csAirLink cubepilot development icarous loweheiser marsh paparazzi standard stemstudios storm32 uAvionix ualberta
[INFO] [1790656731.281159956] [uav5.mavros_router]: MAVROS Router started
[INFO] [1790656731.281341863] [uav5.mavros_node]: Starting mavros uas node
[INFO] [1790656731.457237690] [uav5.mavros_router]: Requested to add endpoint: type: 0, url: udp://:14544@127.0.0.1:14584
[INFO] [1790656731.469495881] [uav5.mavros_router]: Endpoint link[1000] created
[INFO] [1790656731.469748625] [uav5.mavros_router]: link[1000] opened successfully
[INFO] [1790656731.469766199] [uav5.mavros_router]: Requested to add endpoint: type: 2, url: /uas5
[INFO] [1790656731.469777900] [uav5.mavros_router]: Endpoint link[1001] created
[INFO] [1790656731.471825350] [uav5.mavros_router]: link[1000] detected remote address 5.1
[INFO] [1790656731.457383361] [uav5.mavros]: Plugin actuator_control ignored
[INFO] [1790656731.474217180] [uav5.mavros]: Plugin altitude ignored
[INFO] [1790656731.457399911] [uav5.mavros]: UAS Executor started, threads: 4
[INFO] [1790656731.542591583] [uav5.mavros_router]: link[1001] opened successfully
[INFO] [1790656731.919934948] [uav5.mavros]: Plugin command created
[INFO] [1790656731.920016454] [uav5.mavros]: Plugin command initialized
[INFO] [1790656731.920026233] [uav5.mavros]: Plugin ftp ignored
[INFO] [1790656731.920031956] [uav5.mavros]: Plugin geofence ignored
[INFO] [1790656732.370570103] [uav5.mavros]: Plugin global_position created
[INFO] [1790656732.370634151] [uav5.mavros]: Plugin global_position initialized
[INFO] [1790656732.370644867] [uav5.mavros]: Plugin home_position ignored
[INFO] [1790656732.370650112] [uav5.mavros]: Plugin imu ignored
[INFO] [1790656732.693889126] [uav5.mavros]: Plugin local_position created
[INFO] [1790656732.721770677] [uav5.mavros]: Plugin local_position initialized
[INFO] [1790656732.721788978] [uav5.mavros]: Plugin manual_control ignored
[INFO] [1790656732.721794960] [uav5.mavros]: Plugin nav_controller_output ignored
[INFO] [1790656732.721800322] [uav5.mavros]: Plugin param ignored
[INFO] [1790656732.721805761] [uav5.mavros]: Plugin rallypoint ignored
[INFO] [1790656732.721810311] [uav5.mavros]: Plugin rc_io ignored
[INFO] [1790656732.721815108] [uav5.mavros]: Plugin setpoint_accel ignored
[INFO] [1790656732.721820268] [uav5.mavros]: Plugin setpoint_attitude ignored
[INFO] [1790656732.721825199] [uav5.mavros]: Plugin setpoint_position ignored
[INFO] [1790656732.721830327] [uav5.mavros]: Plugin setpoint_raw ignored
[INFO] [1790656732.721835545] [uav5.mavros]: Plugin setpoint_trajectory ignored
[INFO] [1790656732.916923829] [uav5.mavros]: Plugin setpoint_velocity created
[INFO] [1790656732.916979639] [uav5.mavros]: Plugin setpoint_velocity initialized
[INFO] [1790656733.148901215] [uav5.mavros]: Plugin sys_status created
[INFO] [1790656733.148964434] [uav5.mavros]: Plugin sys_status initialized
[INFO] [1790656733.208300079] [uav5.mavros.time]: TM: Timesync mode: MAVLINK
[INFO] [1790656733.271905357] [uav5.mavros]: Plugin sys_time created
[INFO] [1790656733.271972667] [uav5.mavros]: Plugin sys_time initialized
[INFO] [1790656733.271982195] [uav5.mavros]: Plugin waypoint ignored
[INFO] [1790656733.271987635] [uav5.mavros]: Plugin wind_estimation ignored
[INFO] [1790656733.327993916] [uav5.mavros]: Built-in SIMD instructions: SSE, SSE2
[INFO] [1790656733.461924267] [uav5.mavros]: Built-in MAVLink package version: 2026.8.8
[INFO] [1790656733.500775466] [uav5.mavros]: Known MAVLink dialects: common ardupilotmega ASLUAV AVSSUAS all csAirLink cubepilot development icarous loweheiser marsh paparazzi standard stemstudios storm32 uAvionix ualberta
[INFO] [1790656733.500785173] [uav5.mavros]: MAVROS UAS via /uas5 started. MY ID 5.191, TARGET ID 5.1
[INFO] [1790656733.515901567] [uav5.mavros_router]: link[1001] detected remote address 5.191
[INFO] [1790656733.669725960] [uav5.mavros]: CON: Got HEARTBEAT, connected. FCU: PX4 Autopilot
[INFO] [1790656734.706882363] [uav5.mavros.sys]: VER: 5.1: Capabilities         0x000000000000e8ff
[INFO] [1790656734.706936885] [uav5.mavros.sys]: VER: 5.1: Flight software:     011200c0 (fca3df865a000000)
[INFO] [1790656734.706944172] [uav5.mavros.sys]: VER: 5.1: Middleware software: 011200c0 (fca3df865a000000)
[INFO] [1790656734.706948877] [uav5.mavros.sys]: VER: 5.1: OS software:         070000ff (17040b9f87cb1791)
[INFO] [1790656734.706953592] [uav5.mavros.sys]: VER: 5.1: Board hardware:      00000001
[INFO] [1790656734.706959093] [uav5.mavros.sys]: VER: 5.1: VID/PID:             0000:0000
[INFO] [1790656734.706963520] [uav5.mavros.sys]: VER: 5.1: UID:                 4954414c44494e53
[WARN] [1790656734.706987243] [uav5.mavros.cmd]: CMD: Unexpected command 512, result 0
[WARN] [1790656741.942177310] [uav5.mavros.sys]: FCU: UNK(8): EVENT 11047904 with args -0-0-0-0-0-128-0-0-0-176-122-127-128-176-122-127-128-0-0-0-0-0-0-0-0-0-0-0-0-0-0-0-0-0-0-0-0-0-0-0-
[INFO] [1790656741.942260580] [uav5.mavros.sys]: FCU: EVENT 377561 with args -8-0-0-0-20-0-0-0-0-0-0-0-0-0-0-0-0-0-0-0-0-0-0-0-0-0-0-0-0-0-0-0-0-0-0-0-0-0-0-0-
[WARN] [1790656741.942301042] [uav5.mavros.sys]: FCU: EVENT 453929 with args -255-255-255-255-7-0-0-0-0-0-0-0-0-0-0-0-0-0-0-0-0-0-0-0-0-0-0-0-0-0-0-0-0-0-0-0-0-0-0-0-
[INFO] [1790656741.942338937] [uav5.mavros.sys]: FCU: EVENT 6801787 with args -255-255-255-255-12-0-0-0-0-0-0-0-0-0-0-0-0-0-0-0-0-0-0-0-0-0-0-0-0-0-0-0-0-0-0-0-0-0-0-0-
[WARN] [1790656741.942374513] [uav5.mavros.sys]: FCU: UNK(8): EVENT 1914663 with args -0-10-13-2-56-0-0-0-0-0-0-0-0-0-0-0-0-0-0-0-0-0-0-0-0-0-0-0-0-0-0-0-0-0-0-0-0-0-0-0-
[WARN] [1790656746.826418856] [uav5.mavros.cmd]: CMD: Unexpected command 176, result 0
[INFO] [1790656747.068302874] [uav5.mavros.sys]: FCU: EVENT 9489139 with args -4-0-0-0-0-0-0-0-0-0-0-0-0-0-0-0-0-0-0-0-0-0-0-0-0-0-0-0-0-0-0-0-0-0-0-0-0-0-0-0-
[INFO] [1790656749.065964060] [uav5.mavros.sys]: FCU: EVENT 4277609 with args -0-0-0-0-0-0-0-0-0-0-0-0-0-0-0-0-0-0-0-0-0-0-0-0-0-0-0-0-0-0-0-0-0-0-0-0-0-0-0-0-
[WARN] [1790657016.068781088] [uav5.mavros.cmd]: CMD: Unexpected command 176, result 0
[INFO] [1790657049.993833939] [uav5.mavros.sys]: FCU: EVENT 9844908 with args -0-0-0-0-0-0-0-0-0-0-0-0-0-0-0-0-0-0-0-0-0-0-0-0-0-0-0-0-0-0-0-0-0-0-0-0-0-0-0-0-
[INFO] [1790657052.236242167] [uav5.mavros.sys]: FCU: EVENT 16017271 with args -6-0-0-0-0-0-0-0-0-0-0-0-0-0-0-0-0-0-0-0-0-0-0-0-0-0-0-0-0-0-0-0-0-0-0-0-0-0-0-0-
[WARN] [1790657056.161722180] [uav5.mavros.sys]: FCU: UNK(8): EVENT 11047904 with args -0-0-0-0-0-128-0-0-0-176-122-127-128-176-122-127-128-0-0-0-0-0-0-0-0-0-0-0-0-0-0-0-0-0-0-0-0-0-0-0-
[INFO] [1790657056.161821028] [uav5.mavros.sys]: FCU: EVENT 377561 with args -8-0-0-0-20-0-0-0-0-0-0-0-0-0-0-0-0-0-0-0-0-0-0-0-0-0-0-0-0-0-0-0-0-0-0-0-0-0-0-0-
[WARN] [1790657056.161880929] [uav5.mavros.sys]: FCU: EVENT 453929 with args -255-255-255-255-7-0-0-0-0-0-0-0-0-0-0-0-0-0-0-0-0-0-0-0-0-0-0-0-0-0-0-0-0-0-0-0-0-0-0-0-
[INFO] [1790657056.161919089] [uav5.mavros.sys]: FCU: EVENT 6801787 with args -255-255-255-255-12-0-0-0-0-0-0-0-0-0-0-0-0-0-0-0-0-0-0-0-0-0-0-0-0-0-0-0-0-0-0-0-0-0-0-0-
[WARN] [1790657056.161955917] [uav5.mavros.sys]: FCU: UNK(8): EVENT 1914663 with args -0-10-9-2-56-0-0-0-0-0-0-0-0-0-0-0-0-0-0-0-0-0-0-0-0-0-0-0-0-0-0-0-0-0-0-0-0-0-0-0-
[INFO] [1790657063.584738267] [rclcpp]: signal_handler(SIGINT/SIGTERM)
[WARN] [1790657063.596887484] [uav5.mavros]: UAS Executor terminated
