[INFO] [1790656731.045219949] [uav8.mavros_node]: Starting mavros_node container
[INFO] [1790656731.088594215] [uav8.mavros_node]: FCU URL: udp://:14547@127.0.0.1:14587
[INFO] [1790656731.088604666] [uav8.mavros_node]: GCS URL: 
[INFO] [1790656731.088609405] [uav8.mavros_node]: UAS Prefix: /uas8
[INFO] [1790656731.088614123] [uav8.mavros_node]: Starting mavros router node
[INFO] [1790656731.168862491] [uav8.mavros_router]: Built-in SIMD instructions: SSE, SSE2
[INFO] [1790656731.182548879] [uav8.mavros_router]: Built-in MAVLink package version: 2026.8.8
[INFO] [1790656731.195720438] [uav8.mavros_router]: Known MAVLink dialects: common ardupilotmega ASLUAV AVSSUAS all csAirLink cubepilot development icarous loweheiser marsh paparazzi standard stemstudios storm32 uAvionix ualberta
[INFO] [1790656731.195753354] [uav8.mavros_router]: MAVROS Router started
[INFO] [1790656731.195914775] [uav8.mavros_node]: Starting mavros uas node
[INFO] [1790656731.369855559] [uav8.mavros_router]: Requested to add endpoint: type: 0, url: udp://:14547@127.0.0.1:14587
[INFO] [1790656731.377482118] [uav8.mavros_router]: Endpoint link[1000] created
[INFO] [1790656731.377664198] [uav8.mavros_router]: link[1000] opened successfully
[INFO] [1790656731.377674621] [uav8.mavros_router]: Requested to add endpoint: type: 2, url: /uas8
[INFO] [1790656731.377682487] [uav8.mavros_router]: Endpoint link[1001] created
[INFO] [1790656731.379131811] [uav8.mavros_router]: link[1000] detected remote address 8.1
[INFO] [1790656731.402543965] [uav8.mavros]: Plugin actuator_control ignored
[INFO] [1790656731.402596100] [uav8.mavros]: Plugin altitude ignored
[INFO] [1790656731.402554581] [uav8.mavros]: UAS Executor started, threads: 4
[INFO] [1790656731.437710017] [uav8.mavros_router]: link[1001] opened successfully
[INFO] [1790656731.480042032] [uav8.mavros]: Plugin command created
[INFO] [1790656731.483320359] [uav8.mavros]: Plugin command initialized
[INFO] [1790656731.483422555] [uav8.mavros]: Plugin ftp ignored
[INFO] [1790656731.483433092] [uav8.mavros]: Plugin geofence ignored
[INFO] [1790656731.749172507] [uav8.mavros]: Plugin global_position created
[INFO] [1790656731.794957507] [uav8.mavros]: Plugin global_position initialized
[INFO] [1790656731.794978307] [uav8.mavros]: Plugin home_position ignored
[INFO] [1790656731.794983665] [uav8.mavros]: Plugin imu ignored
[INFO] [1790656732.264901405] [uav8.mavros]: Plugin local_position created
[INFO] [1790656732.287132008] [uav8.mavros]: Plugin local_position initialized
[INFO] [1790656732.287157105] [uav8.mavros]: Plugin manual_control ignored
[INFO] [1790656732.287163265] [uav8.mavros]: Plugin nav_controller_output ignored
[INFO] [1790656732.287168800] [uav8.mavros]: Plugin param ignored
[INFO] [1790656732.287174071] [uav8.mavros]: Plugin rallypoint ignored
[INFO] [1790656732.287179599] [uav8.mavros]: Plugin rc_io ignored
[INFO] [1790656732.287185283] [uav8.mavros]: Plugin setpoint_accel ignored
[INFO] [1790656732.287190582] [uav8.mavros]: Plugin setpoint_attitude ignored
[INFO] [1790656732.287195851] [uav8.mavros]: Plugin setpoint_position ignored
[INFO] [1790656732.287201399] [uav8.mavros]: Plugin setpoint_raw ignored
[INFO] [1790656732.287206694] [uav8.mavros]: Plugin setpoint_trajectory ignored
[INFO] [1790656732.553741089] [uav8.mavros]: Plugin setpoint_velocity created
[INFO] [1790656732.570263523] [uav8.mavros]: Plugin setpoint_velocity initialized
[INFO] [1790656733.178587583] [uav8.mavros]: Plugin sys_status created
[INFO] [1790656733.178652091] [uav8.mavros]: Plugin sys_status initialized
[INFO] [1790656733.210534413] [uav8.mavros.time]: TM: Timesync mode: MAVLINK
[INFO] [1790656733.312412863] [uav8.mavros]: Plugin sys_time created
[INFO] [1790656733.312493740] [uav8.mavros]: Plugin sys_time initialized
[INFO] [1790656733.312503886] [uav8.mavros]: Plugin waypoint ignored
[INFO] [1790656733.312509084] [uav8.mavros]: Plugin wind_estimation ignored
[INFO] [1790656733.340987515] [uav8.mavros]: Built-in SIMD instructions: SSE, SSE2
[INFO] [1790656733.461621773] [uav8.mavros]: Built-in MAVLink package version: 2026.8.8
[INFO] [1790656733.500662505] [uav8.mavros]: Known MAVLink dialects: common ardupilotmega ASLUAV AVSSUAS all csAirLink cubepilot development icarous loweheiser marsh paparazzi standard stemstudios storm32 uAvionix ualberta
[INFO] [1790656733.500674993] [uav8.mavros]: MAVROS UAS via /uas8 started. MY ID 8.191, TARGET ID 8.1
[INFO] [1790656733.525119240] [uav8.mavros_router]: link[1001] detected remote address 8.191
[INFO] [1790656733.833060084] [uav8.mavros]: CON: Got HEARTBEAT, connected. FCU: PX4 Autopilot
[INFO] [1790656734.883783847] [uav8.mavros.sys]: VER: 8.1: Capabilities         0x000000000000e8ff
[INFO] [1790656734.944389343] [uav8.mavros.sys]: VER: 8.1: Flight software:     011200c0 (fca3df865a000000)
[INFO] [1790656734.944401343] [uav8.mavros.sys]: VER: 8.1: Middleware software: 011200c0 (fca3df865a000000)
[INFO] [1790656734.944405849] [uav8.mavros.sys]: VER: 8.1: OS software:         070000ff (17040b9f87cb1791)
[INFO] [1790656734.944416805] [uav8.mavros.sys]: VER: 8.1: Board hardware:      00000001
[INFO] [1790656734.944421127] [uav8.mavros.sys]: VER: 8.1: VID/PID:             0000:0000
[INFO] [1790656734.944436767] [uav8.mavros.sys]: VER: 8.1: UID:                 4954414c44494e56
[WARN] [1790656734.944782931] [uav8.mavros.cmd]: CMD: Unexpected command 512, result 0
[WARN] [1790656744.973959511] [uav8.mavros.sys]: FCU: UNK(8): EVENT 11047904 with args -0-0-0-0-0-128-0-0-0-176-122-127-128-176-122-127-128-0-0-0-0-0-0-0-0-0-0-0-0-0-0-0-0-0-0-0-0-0-0-0-
[INFO] [1790656744.974063593] [uav8.mavros.sys]: FCU: EVENT 377561 with args -8-0-0-0-20-0-0-0-0-0-0-0-0-0-0-0-0-0-0-0-0-0-0-0-0-0-0-0-0-0-0-0-0-0-0-0-0-0-0-0-
[WARN] [1790656744.974100642] [uav8.mavros.sys]: FCU: EVENT 453929 with args -255-255-255-255-7-0-0-0-0-0-0-0-0-0-0-0-0-0-0-0-0-0-0-0-0-0-0-0-0-0-0-0-0-0-0-0-0-0-0-0-
[INFO] [1790656744.974136392] [uav8.mavros.sys]: FCU: EVENT 6801787 with args -255-255-255-255-12-0-0-0-0-0-0-0-0-0-0-0-0-0-0-0-0-0-0-0-0-0-0-0-0-0-0-0-0-0-0-0-0-0-0-0-
[WARN] [1790656744.978338946] [uav8.mavros.sys]: FCU: UNK(8): EVENT 1914663 with args -0-10-13-2-56-0-0-0-0-0-0-0-0-0-0-0-0-0-0-0-0-0-0-0-0-0-0-0-0-0-0-0-0-0-0-0-0-0-0-0-
[WARN] [1790656746.774621903] [uav8.mavros.cmd]: CMD: Unexpected command 176, result 0
[INFO] [1790656747.240966011] [uav8.mavros.sys]: FCU: EVENT 9489139 with args -4-0-0-0-0-0-0-0-0-0-0-0-0-0-0-0-0-0-0-0-0-0-0-0-0-0-0-0-0-0-0-0-0-0-0-0-0-0-0-0-
[INFO] [1790656749.145604577] [uav8.mavros.sys]: FCU: EVENT 4277609 with args -0-0-0-0-0-0-0-0-0-0-0-0-0-0-0-0-0-0-0-0-0-0-0-0-0-0-0-0-0-0-0-0-0-0-0-0-0-0-0-0-
[WARN] [1790657016.034523810] [uav8.mavros.cmd]: CMD: Unexpected command 176, result 0
[INFO] [1790657051.049563551] [uav8.mavros.sys]: FCU: EVENT 9844908 with args -0-0-0-0-0-0-0-0-0-0-0-0-0-0-0-0-0-0-0-0-0-0-0-0-0-0-0-0-0-0-0-0-0-0-0-0-0-0-0-0-
[INFO] [1790657053.291932504] [uav8.mavros.sys]: FCU: EVENT 16017271 with args -6-0-0-0-0-0-0-0-0-0-0-0-0-0-0-0-0-0-0-0-0-0-0-0-0-0-0-0-0-0-0-0-0-0-0-0-0-0-0-0-
[WARN] [1790657057.587189383] [uav8.mavros.sys]: FCU: UNK(8): EVENT 11047904 with args -0-0-0-0-0-128-0-0-0-176-122-127-128-176-122-127-128-0-0-0-0-0-0-0-0-0-0-0-0-0-0-0-0-0-0-0-0-0-0-0-
[INFO] [1790657057.587249543] [uav8.mavros.sys]: FCU: EVENT 377561 with args -8-0-0-0-20-0-0-0-0-0-0-0-0-0-0-0-0-0-0-0-0-0-0-0-0-0-0-0-0-0-0-0-0-0-0-0-0-0-0-0-
[WARN] [1790657057.587334382] [uav8.mavros.sys]: FCU: EVENT 453929 with args -255-255-255-255-7-0-0-0-0-0-0-0-0-0-0-0-0-0-0-0-0-0-0-0-0-0-0-0-0-0-0-0-0-0-0-0-0-0-0-0-
[INFO] [1790657057.587352210] [uav8.mavros.sys]: FCU: EVENT 6801787 with args -255-255-255-255-12-0-0-0-0-0-0-0-0-0-0-0-0-0-0-0-0-0-0-0-0-0-0-0-0-0-0-0-0-0-0-0-0-0-0-0-
[WARN] [1790657057.587409628] [uav8.mavros.sys]: FCU: UNK(8): EVENT 1914663 with args -0-10-9-2-56-0-0-0-0-0-0-0-0-0-0-0-0-0-0-0-0-0-0-0-0-0-0-0-0-0-0-0-0-0-0-0-0-0-0-0-
[INFO] [1790657063.577651500] [rclcpp]: signal_handler(SIGINT/SIGTERM)
[WARN] [1790657063.579391678] [uav8.mavros]: UAS Executor terminated
