[INFO] [1790656731.023506644] [uav1.mavros_node]: Starting mavros_node container
[INFO] [1790656731.023600887] [uav1.mavros_node]: FCU URL: udp://:15540@127.0.0.1:15580
[INFO] [1790656731.023608306] [uav1.mavros_node]: GCS URL: 
[INFO] [1790656731.023612916] [uav1.mavros_node]: UAS Prefix: /uas1
[INFO] [1790656731.023617103] [uav1.mavros_node]: Starting mavros router node
[INFO] [1790656731.085259795] [uav1.mavros_router]: Built-in SIMD instructions: SSE, SSE2
[INFO] [1790656731.087764810] [uav1.mavros_router]: Built-in MAVLink package version: 2026.8.8
[INFO] [1790656731.087782240] [uav1.mavros_router]: Known MAVLink dialects: common ardupilotmega ASLUAV AVSSUAS all csAirLink cubepilot development icarous loweheiser marsh paparazzi standard stemstudios storm32 uAvionix ualberta
[INFO] [1790656731.087788830] [uav1.mavros_router]: MAVROS Router started
[INFO] [1790656731.089543385] [uav1.mavros_node]: Starting mavros uas node
[INFO] [1790656731.360167023] [uav1.mavros_router]: Requested to add endpoint: type: 0, url: udp://:15540@127.0.0.1:15580
[INFO] [1790656731.360231631] [uav1.mavros_router]: Endpoint link[1000] created
[INFO] [1790656731.360684095] [uav1.mavros_router]: link[1000] opened successfully
[INFO] [1790656731.360712235] [uav1.mavros_router]: Requested to add endpoint: type: 2, url: /uas1
[INFO] [1790656731.360726032] [uav1.mavros_router]: Endpoint link[1001] created
[INFO] [1790656731.374131127] [uav1.mavros]: UAS Executor started, threads: 4
[INFO] [1790656731.374153359] [uav1.mavros]: Plugin actuator_control ignored
[INFO] [1790656731.380305781] [uav1.mavros]: Plugin altitude ignored
[INFO] [1790656731.380715210] [uav1.mavros_router]: link[1001] opened successfully
[INFO] [1790656731.474530563] [uav1.mavros_router]: link[1000] detected remote address 1.1
[INFO] [1790656731.646079899] [uav1.mavros]: Plugin command created
[INFO] [1790656731.671665509] [uav1.mavros]: Plugin command initialized
[INFO] [1790656731.671679699] [uav1.mavros]: Plugin ftp ignored
[INFO] [1790656731.671685495] [uav1.mavros]: Plugin geofence ignored
[INFO] [1790656731.978684321] [uav1.mavros]: Plugin global_position created
[INFO] [1790656731.978747395] [uav1.mavros]: Plugin global_position initialized
[INFO] [1790656731.978759174] [uav1.mavros]: Plugin home_position ignored
[INFO] [1790656731.978765221] [uav1.mavros]: Plugin imu ignored
[INFO] [1790656732.422878815] [uav1.mavros]: Plugin local_position created
[INFO] [1790656732.422941352] [uav1.mavros]: Plugin local_position initialized
[INFO] [1790656732.422952922] [uav1.mavros]: Plugin manual_control ignored
[INFO] [1790656732.422958785] [uav1.mavros]: Plugin nav_controller_output ignored
[INFO] [1790656732.422964619] [uav1.mavros]: Plugin param ignored
[INFO] [1790656732.422970280] [uav1.mavros]: Plugin rallypoint ignored
[INFO] [1790656732.422975392] [uav1.mavros]: Plugin rc_io ignored
[INFO] [1790656732.422981006] [uav1.mavros]: Plugin setpoint_accel ignored
[INFO] [1790656732.422992131] [uav1.mavros]: Plugin setpoint_attitude ignored
[INFO] [1790656732.422998085] [uav1.mavros]: Plugin setpoint_position ignored
[INFO] [1790656732.423003802] [uav1.mavros]: Plugin setpoint_raw ignored
[INFO] [1790656732.423008840] [uav1.mavros]: Plugin setpoint_trajectory ignored
[INFO] [1790656732.583346958] [uav1.mavros]: Plugin setpoint_velocity created
[INFO] [1790656732.583401095] [uav1.mavros]: Plugin setpoint_velocity initialized
[INFO] [1790656732.965683168] [uav1.mavros]: Plugin sys_status created
[INFO] [1790656732.965810783] [uav1.mavros]: Plugin sys_status initialized
[INFO] [1790656733.255509888] [uav1.mavros.time]: TM: Timesync mode: MAVLINK
[INFO] [1790656733.320301831] [uav1.mavros]: Plugin sys_time created
[INFO] [1790656733.320356793] [uav1.mavros]: Plugin sys_time initialized
[INFO] [1790656733.320367785] [uav1.mavros]: Plugin waypoint ignored
[INFO] [1790656733.320373127] [uav1.mavros]: Plugin wind_estimation ignored
[INFO] [1790656733.328710790] [uav1.mavros]: Built-in SIMD instructions: SSE, SSE2
[INFO] [1790656733.449590989] [uav1.mavros]: Built-in MAVLink package version: 2026.8.8
[INFO] [1790656733.449622695] [uav1.mavros]: Known MAVLink dialects: common ardupilotmega ASLUAV AVSSUAS all csAirLink cubepilot development icarous loweheiser marsh paparazzi standard stemstudios storm32 uAvionix ualberta
[INFO] [1790656733.449629502] [uav1.mavros]: MAVROS UAS via /uas1 started. MY ID 1.191, TARGET ID 1.1
[INFO] [1790656733.842185197] [uav1.mavros_router]: link[1001] detected remote address 1.191
[INFO] [1790656734.230846834] [uav1.mavros.sys]: VER: 1.1: Capabilities         0x000000000000e8ff
[INFO] [1790656734.230912277] [uav1.mavros.sys]: VER: 1.1: Flight software:     011200c0 (fca3df865a000000)
[INFO] [1790656734.230920441] [uav1.mavros.sys]: VER: 1.1: Middleware software: 011200c0 (fca3df865a000000)
[INFO] [1790656734.230925563] [uav1.mavros.sys]: VER: 1.1: OS software:         070000ff (17040b9f87cb1791)
[INFO] [1790656734.230930771] [uav1.mavros.sys]: VER: 1.1: Board hardware:      00000001
[INFO] [1790656734.230935206] [uav1.mavros.sys]: VER: 1.1: VID/PID:             0000:0000
[INFO] [1790656734.230939963] [uav1.mavros.sys]: VER: 1.1: UID:                 4954414c44494e4f
[WARN] [1790656734.230995880] [uav1.mavros.cmd]: CMD: Unexpected command 512, result 0
[INFO] [1790656734.243132930] [uav1.mavros]: CON: Got HEARTBEAT, connected. FCU: PX4 Autopilot
[WARN] [1790656736.322438812] [uav1.mavros.sys]: VER: broadcast request timeout, retries left 4
[INFO] [1790656736.548708330] [uav1.mavros.sys]: VER: 1.1: Capabilities         0x000000000000e8ff
[INFO] [1790656736.548768267] [uav1.mavros.sys]: VER: 1.1: Flight software:     011200c0 (fca3df865a000000)
[INFO] [1790656736.548775887] [uav1.mavros.sys]: VER: 1.1: Middleware software: 011200c0 (fca3df865a000000)
[INFO] [1790656736.548780560] [uav1.mavros.sys]: VER: 1.1: OS software:         070000ff (17040b9f87cb1791)
[INFO] [1790656736.548785103] [uav1.mavros.sys]: VER: 1.1: Board hardware:      00000001
[INFO] [1790656736.548789912] [uav1.mavros.sys]: VER: 1.1: VID/PID:             0000:0000
[INFO] [1790656736.548795093] [uav1.mavros.sys]: VER: 1.1: UID:                 4954414c44494e4f
[WARN] [1790656742.580892595] [uav1.mavros.sys]: FCU: UNK(8): EVENT 1914663 with args -0-10-13-2-56-0-0-0-0-0-0-0-0-0-0-0-0-0-0-0-0-0-0-0-0-0-0-0-0-0-0-0-0-0-0-0-0-0-0-0-
[WARN] [1790656746.947865782] [uav1.mavros.cmd]: CMD: Unexpected command 176, result 0
[INFO] [1790656747.746898489] [uav1.mavros.sys]: FCU: EVENT 9489139 with args -4-0-0-0-0-0-0-0-0-0-0-0-0-0-0-0-0-0-0-0-0-0-0-0-0-0-0-0-0-0-0-0-0-0-0-0-0-0-0-0-
[INFO] [1790656749.900177304] [uav1.mavros.sys]: FCU: EVENT 4277609 with args -0-0-0-0-0-0-0-0-0-0-0-0-0-0-0-0-0-0-0-0-0-0-0-0-0-0-0-0-0-0-0-0-0-0-0-0-0-0-0-0-
[WARN] [1790656753.620523325] [uav1.mavros.cmd]: CMD: Command 400 -- ack timeout
[WARN] [1790657016.220820269] [uav1.mavros.cmd]: CMD: Unexpected command 176, result 0
[INFO] [1790657058.022358474] [uav1.mavros.sys]: FCU: EVENT 9844908 with args -0-0-0-0-0-0-0-0-0-0-0-0-0-0-0-0-0-0-0-0-0-0-0-0-0-0-0-0-0-0-0-0-0-0-0-0-0-0-0-0-
[INFO] [1790657060.239114459] [uav1.mavros.sys]: FCU: EVENT 16017271 with args -6-0-0-0-0-0-0-0-0-0-0-0-0-0-0-0-0-0-0-0-0-0-0-0-0-0-0-0-0-0-0-0-0-0-0-0-0-0-0-0-
[INFO] [1790657063.574275116] [rclcpp]: signal_handler(SIGINT/SIGTERM)
[WARN] [1790657063.578041535] [uav1.mavros]: UAS Executor terminated
