[INFO] [1790610793.235675557] [uav2.mavros_node]: Starting mavros_node container
[INFO] [1790610793.243418531] [uav2.mavros_node]: FCU URL: udp://:14541@127.0.0.1:14581
[INFO] [1790610793.243896630] [uav2.mavros_node]: GCS URL: 
[INFO] [1790610793.243914703] [uav2.mavros_node]: UAS Prefix: /uas2
[INFO] [1790610793.243919076] [uav2.mavros_node]: Starting mavros router node
[INFO] [1790610793.310641630] [uav2.mavros_router]: Built-in SIMD instructions: SSE, SSE2
[INFO] [1790610793.310719907] [uav2.mavros_router]: Built-in MAVLink package version: 2026.8.8
[INFO] [1790610793.310731655] [uav2.mavros_router]: Known MAVLink dialects: common ardupilotmega ASLUAV AVSSUAS all csAirLink cubepilot development icarous loweheiser marsh paparazzi standard stemstudios storm32 uAvionix ualberta
[INFO] [1790610793.310738460] [uav2.mavros_router]: MAVROS Router started
[INFO] [1790610793.310892232] [uav2.mavros_node]: Starting mavros uas node
[INFO] [1790610793.515493040] [uav2.mavros_router]: Requested to add endpoint: type: 0, url: udp://:14541@127.0.0.1:14581
[INFO] [1790610793.515555319] [uav2.mavros_router]: Endpoint link[1000] created
[INFO] [1790610793.520442670] [uav2.mavros_router]: link[1000] opened successfully
[INFO] [1790610793.520484765] [uav2.mavros_router]: Requested to add endpoint: type: 2, url: /uas2
[INFO] [1790610793.521421461] [uav2.mavros_router]: Endpoint link[1001] created
[INFO] [1790610793.523532033] [uav2.mavros_router]: link[1000] detected remote address 2.1
[INFO] [1790610793.529112177] [uav2.mavros]: Plugin actuator_control ignored
[INFO] [1790610793.530069951] [uav2.mavros]: Plugin altitude ignored
[INFO] [1790610793.529179908] [uav2.mavros]: UAS Executor started, threads: 4
[INFO] [1790610793.568376833] [uav2.mavros_router]: link[1001] opened successfully
[INFO] [1790610793.629224103] [uav2.mavros]: Plugin command created
[INFO] [1790610793.631403595] [uav2.mavros]: Plugin command initialized
[INFO] [1790610793.631463070] [uav2.mavros]: Plugin ftp ignored
[INFO] [1790610793.631469707] [uav2.mavros]: Plugin geofence ignored
[INFO] [1790610793.804180755] [uav2.mavros]: Plugin global_position created
[INFO] [1790610793.856359321] [uav2.mavros]: Plugin global_position initialized
[INFO] [1790610793.856373462] [uav2.mavros]: Plugin home_position ignored
[INFO] [1790610793.856378534] [uav2.mavros]: Plugin imu ignored
[INFO] [1790610794.189060590] [uav2.mavros]: Plugin local_position created
[INFO] [1790610794.189119785] [uav2.mavros]: Plugin local_position initialized
[INFO] [1790610794.189129375] [uav2.mavros]: Plugin manual_control ignored
[INFO] [1790610794.189135961] [uav2.mavros]: Plugin nav_controller_output ignored
[INFO] [1790610794.189141808] [uav2.mavros]: Plugin param ignored
[INFO] [1790610794.189147392] [uav2.mavros]: Plugin rallypoint ignored
[INFO] [1790610794.189152717] [uav2.mavros]: Plugin rc_io ignored
[INFO] [1790610794.189158499] [uav2.mavros]: Plugin setpoint_accel ignored
[INFO] [1790610794.189164065] [uav2.mavros]: Plugin setpoint_attitude ignored
[INFO] [1790610794.189169666] [uav2.mavros]: Plugin setpoint_position ignored
[INFO] [1790610794.189175386] [uav2.mavros]: Plugin setpoint_raw ignored
[INFO] [1790610794.189181073] [uav2.mavros]: Plugin setpoint_trajectory ignored
[INFO] [1790610794.474634732] [uav2.mavros]: Plugin setpoint_velocity created
[INFO] [1790610794.832247648] [uav2.mavros]: Plugin setpoint_velocity initialized
[INFO] [1790610795.176073232] [uav2.mavros]: Plugin sys_status created
[INFO] [1790610795.181029018] [uav2.mavros]: Plugin sys_status initialized
[INFO] [1790610795.350420143] [uav2.mavros.time]: TM: Timesync mode: MAVLINK
[INFO] [1790610795.413517968] [uav2.mavros]: Plugin sys_time created
[INFO] [1790610795.447804919] [uav2.mavros]: Plugin sys_time initialized
[INFO] [1790610795.447823807] [uav2.mavros]: Plugin waypoint ignored
[INFO] [1790610795.447829514] [uav2.mavros]: Plugin wind_estimation ignored
[INFO] [1790610795.456875552] [uav2.mavros]: Built-in SIMD instructions: SSE, SSE2
[INFO] [1790610795.456916502] [uav2.mavros]: Built-in MAVLink package version: 2026.8.8
[INFO] [1790610795.456947437] [uav2.mavros]: Known MAVLink dialects: common ardupilotmega ASLUAV AVSSUAS all csAirLink cubepilot development icarous loweheiser marsh paparazzi standard stemstudios storm32 uAvionix ualberta
[INFO] [1790610795.456954764] [uav2.mavros]: MAVROS UAS via /uas2 started. MY ID 2.191, TARGET ID 2.1
[INFO] [1790610795.476872155] [uav2.mavros_router]: link[1001] detected remote address 2.191
[INFO] [1790610795.686461716] [uav2.mavros]: CON: Got HEARTBEAT, connected. FCU: PX4 Autopilot
[INFO] [1790610796.791739226] [uav2.mavros.sys]: VER: 2.1: Capabilities         0x000000000000e8ff
[INFO] [1790610796.795543600] [uav2.mavros.sys]: VER: 2.1: Flight software:     011200c0 (fca3df865a000000)
[INFO] [1790610796.795574519] [uav2.mavros.sys]: VER: 2.1: Middleware software: 011200c0 (fca3df865a000000)
[INFO] [1790610796.795579446] [uav2.mavros.sys]: VER: 2.1: OS software:         070000ff (17040b9f87cb1791)
[INFO] [1790610796.795584117] [uav2.mavros.sys]: VER: 2.1: Board hardware:      00000001
[INFO] [1790610796.795588756] [uav2.mavros.sys]: VER: 2.1: VID/PID:             0000:0000
[INFO] [1790610796.795594039] [uav2.mavros.sys]: VER: 2.1: UID:                 4954414c44494e50
[WARN] [1790610796.796843578] [uav2.mavros.cmd]: CMD: Unexpected command 512, result 0
[WARN] [1790610805.820387985] [uav2.mavros.sys]: FCU: UNK(8): EVENT 11047904 with args -0-0-0-0-0-128-0-0-0-176-122-127-128-176-122-127-128-0-0-0-0-0-0-0-0-0-0-0-0-0-0-0-0-0-0-0-0-0-0-0-
[INFO] [1790610805.820497307] [uav2.mavros.sys]: FCU: EVENT 377561 with args -8-0-0-0-20-0-0-0-0-0-0-0-0-0-0-0-0-0-0-0-0-0-0-0-0-0-0-0-0-0-0-0-0-0-0-0-0-0-0-0-
[WARN] [1790610805.820568509] [uav2.mavros.sys]: FCU: EVENT 453929 with args -255-255-255-255-7-0-0-0-0-0-0-0-0-0-0-0-0-0-0-0-0-0-0-0-0-0-0-0-0-0-0-0-0-0-0-0-0-0-0-0-
[INFO] [1790610805.820619124] [uav2.mavros.sys]: FCU: EVENT 6801787 with args -255-255-255-255-12-0-0-0-0-0-0-0-0-0-0-0-0-0-0-0-0-0-0-0-0-0-0-0-0-0-0-0-0-0-0-0-0-0-0-0-
[WARN] [1790610805.820664386] [uav2.mavros.sys]: FCU: UNK(8): EVENT 1914663 with args -0-10-13-2-56-0-0-0-0-0-0-0-0-0-0-0-0-0-0-0-0-0-0-0-0-0-0-0-0-0-0-0-0-0-0-0-0-0-0-0-
[WARN] [1790610809.817439360] [uav2.mavros.cmd]: CMD: Unexpected command 176, result 0
[INFO] [1790610810.269220128] [uav2.mavros.sys]: FCU: EVENT 9489139 with args -4-0-0-0-0-0-0-0-0-0-0-0-0-0-0-0-0-0-0-0-0-0-0-0-0-0-0-0-0-0-0-0-0-0-0-0-0-0-0-0-
[INFO] [1790610812.350415233] [uav2.mavros.sys]: FCU: EVENT 4277609 with args -0-0-0-0-0-0-0-0-0-0-0-0-0-0-0-0-0-0-0-0-0-0-0-0-0-0-0-0-0-0-0-0-0-0-0-0-0-0-0-0-
[INFO] [1790610898.331360360] [uav2.mavros.sys]: FCU: EVENT 9844908 with args -0-0-0-0-0-0-0-0-0-0-0-0-0-0-0-0-0-0-0-0-0-0-0-0-0-0-0-0-0-0-0-0-0-0-0-0-0-0-0-0-
[INFO] [1790610900.446350517] [uav2.mavros.sys]: FCU: EVENT 16017271 with args -6-0-0-0-0-0-0-0-0-0-0-0-0-0-0-0-0-0-0-0-0-0-0-0-0-0-0-0-0-0-0-0-0-0-0-0-0-0-0-0-
[INFO] [1790610900.563992333] [uav2.mavros.sys]: FCU: EVENT 9489139 with args -4-0-0-0-0-0-0-0-0-0-0-0-0-0-0-0-0-0-0-0-0-0-0-0-0-0-0-0-0-0-0-0-0-0-0-0-0-0-0-0-
[INFO] [1790610900.634021153] [uav2.mavros.sys]: FCU: EVENT 1203183 with args -234-7-9-28-15-55-0-0-0-0-0-0-0-0-0-0-0-0-0-0-0-0-0-0-0-0-0-0-0-0-0-0-0-0-0-0-0-0-0-0-
[INFO] [1790610909.537286384] [uav2.mavros.sys]: FCU: EVENT 4277609 with args -0-0-0-0-0-0-0-0-0-0-0-0-0-0-0-0-0-0-0-0-0-0-0-0-0-0-0-0-0-0-0-0-0-0-0-0-0-0-0-0-
[WARN] [1790611152.069228560] [uav2.mavros.cmd]: CMD: Unexpected command 176, result 0
[INFO] [1790611184.736572303] [uav2.mavros.sys]: FCU: EVENT 9844908 with args -0-0-0-0-0-0-0-0-0-0-0-0-0-0-0-0-0-0-0-0-0-0-0-0-0-0-0-0-0-0-0-0-0-0-0-0-0-0-0-0-
[INFO] [1790611186.842592083] [uav2.mavros.sys]: FCU: EVENT 16017271 with args -6-0-0-0-0-0-0-0-0-0-0-0-0-0-0-0-0-0-0-0-0-0-0-0-0-0-0-0-0-0-0-0-0-0-0-0-0-0-0-0-
[WARN] [1790611190.791174015] [uav2.mavros.sys]: FCU: UNK(8): EVENT 11047904 with args -0-0-0-0-0-128-0-0-0-176-122-127-128-176-122-127-128-0-0-0-0-0-0-0-0-0-0-0-0-0-0-0-0-0-0-0-0-0-0-0-
[INFO] [1790611190.792671382] [uav2.mavros.sys]: FCU: EVENT 377561 with args -8-0-0-0-20-0-0-0-0-0-0-0-0-0-0-0-0-0-0-0-0-0-0-0-0-0-0-0-0-0-0-0-0-0-0-0-0-0-0-0-
[WARN] [1790611190.792896858] [uav2.mavros.sys]: FCU: EVENT 453929 with args -255-255-255-255-7-0-0-0-0-0-0-0-0-0-0-0-0-0-0-0-0-0-0-0-0-0-0-0-0-0-0-0-0-0-0-0-0-0-0-0-
[INFO] [1790611190.792941000] [uav2.mavros.sys]: FCU: EVENT 6801787 with args -255-255-255-255-12-0-0-0-0-0-0-0-0-0-0-0-0-0-0-0-0-0-0-0-0-0-0-0-0-0-0-0-0-0-0-0-0-0-0-0-
[WARN] [1790611190.793030361] [uav2.mavros.sys]: FCU: UNK(8): EVENT 1914663 with args -0-10-9-2-56-0-0-0-0-0-0-0-0-0-0-0-0-0-0-0-0-0-0-0-0-0-0-0-0-0-0-0-0-0-0-0-0-0-0-0-
[WARN] [1790611400.243125360] [uav2.mavros.sys]: FCU: UNK(8): EVENT 11047904 with args -0-0-0-16-0-128-0-0-0-176-58-127-128-176-58-127-128-0-0-0-0-0-0-0-0-0-0-0-0-0-0-0-0-0-0-0-0-0-0-0-
[ERROR] [1790611400.243264344] [uav2.mavros.sys]: FCU: EVENT 11464574 with args -0-64-0-0-20-0-0-0-0-0-0-0-0-0-0-0-0-0-0-0-0-0-0-0-0-0-0-0-0-0-0-0-0-0-0-0-0-0-0-0-
[INFO] [1790611400.243364875] [uav2.mavros.sys]: FCU: EVENT 377561 with args -8-0-0-0-20-0-0-0-0-0-0-0-0-0-0-0-0-0-0-0-0-0-0-0-0-0-0-0-0-0-0-0-0-0-0-0-0-0-0-0-
[WARN] [1790611400.243420246] [uav2.mavros.sys]: FCU: EVENT 453929 with args -255-255-255-255-7-0-0-0-0-0-0-0-0-0-0-0-0-0-0-0-0-0-0-0-0-0-0-0-0-0-0-0-0-0-0-0-0-0-0-0-
[INFO] [1790611400.243473080] [uav2.mavros.sys]: FCU: EVENT 6801787 with args -255-255-255-255-12-0-0-0-0-0-0-0-0-0-0-0-0-0-0-0-0-0-0-0-0-0-0-0-0-0-0-0-0-0-0-0-0-0-0-0-
[WARN] [1790611400.243522199] [uav2.mavros.sys]: FCU: UNK(8): EVENT 1914663 with args -0-10-9-2-56-0-0-0-0-0-0-0-0-0-0-0-0-0-0-0-0-0-0-0-0-0-0-0-0-0-0-0-0-0-0-0-0-0-0-0-
[WARN] [1790611400.256805226] [uav2.mavros.sys]: FCU: EVENT 13277401 with args -0-0-6-0-0-0-0-0-0-0-0-0-0-0-0-0-0-0-0-0-0-0-0-0-0-0-0-0-0-0-0-0-0-0-0-0-0-0-0-0-
[INFO] [1790611400.513819498] [rclcpp]: signal_handler(SIGINT/SIGTERM)
[WARN] [1790611400.515701479] [uav2.mavros]: UAS Executor terminated
