[INFO] [1790610793.387443318] [uav4.mavros_node]: Starting mavros_node container
[INFO] [1790610793.387570684] [uav4.mavros_node]: FCU URL: udp://:14543@127.0.0.1:14583
[INFO] [1790610793.387580466] [uav4.mavros_node]: GCS URL: 
[INFO] [1790610793.387585187] [uav4.mavros_node]: UAS Prefix: /uas4
[INFO] [1790610793.387589633] [uav4.mavros_node]: Starting mavros router node
[INFO] [1790610793.506733880] [uav4.mavros_router]: Built-in SIMD instructions: SSE, SSE2
[INFO] [1790610793.506780230] [uav4.mavros_router]: Built-in MAVLink package version: 2026.8.8
[INFO] [1790610793.506788535] [uav4.mavros_router]: Known MAVLink dialects: common ardupilotmega ASLUAV AVSSUAS all csAirLink cubepilot development icarous loweheiser marsh paparazzi standard stemstudios storm32 uAvionix ualberta
[INFO] [1790610793.506794880] [uav4.mavros_router]: MAVROS Router started
[INFO] [1790610793.506930006] [uav4.mavros_node]: Starting mavros uas node
[INFO] [1790610793.762221278] [uav4.mavros_router]: Requested to add endpoint: type: 0, url: udp://:14543@127.0.0.1:14583
[INFO] [1790610793.856622068] [uav4.mavros_router]: Endpoint link[1000] created
[INFO] [1790610793.775638702] [uav4.mavros]: Plugin actuator_control ignored
[INFO] [1790610793.856918586] [uav4.mavros]: Plugin altitude ignored
[INFO] [1790610793.860358358] [uav4.mavros_router]: link[1000] opened successfully
[INFO] [1790610793.860412089] [uav4.mavros_router]: Requested to add endpoint: type: 2, url: /uas4
[INFO] [1790610793.860435622] [uav4.mavros_router]: Endpoint link[1001] created
[INFO] [1790610793.775657359] [uav4.mavros]: UAS Executor started, threads: 4
[INFO] [1790610793.860956969] [uav4.mavros_router]: link[1000] detected remote address 4.1
[INFO] [1790610794.168151028] [uav4.mavros_router]: link[1001] opened successfully
[INFO] [1790610794.368111533] [uav4.mavros]: Plugin command created
[INFO] [1790610794.368182868] [uav4.mavros]: Plugin command initialized
[INFO] [1790610794.368193659] [uav4.mavros]: Plugin ftp ignored
[INFO] [1790610794.368200043] [uav4.mavros]: Plugin geofence ignored
[INFO] [1790610794.565446671] [uav4.mavros]: Plugin global_position created
[INFO] [1790610794.832037884] [uav4.mavros]: Plugin global_position initialized
[INFO] [1790610794.832051268] [uav4.mavros]: Plugin home_position ignored
[INFO] [1790610794.832057108] [uav4.mavros]: Plugin imu ignored
[INFO] [1790610795.136577133] [uav4.mavros]: Plugin local_position created
[INFO] [1790610795.136653059] [uav4.mavros]: Plugin local_position initialized
[INFO] [1790610795.136665769] [uav4.mavros]: Plugin manual_control ignored
[INFO] [1790610795.136671480] [uav4.mavros]: Plugin nav_controller_output ignored
[INFO] [1790610795.136677010] [uav4.mavros]: Plugin param ignored
[INFO] [1790610795.136682316] [uav4.mavros]: Plugin rallypoint ignored
[INFO] [1790610795.136687325] [uav4.mavros]: Plugin rc_io ignored
[INFO] [1790610795.136692310] [uav4.mavros]: Plugin setpoint_accel ignored
[INFO] [1790610795.136697991] [uav4.mavros]: Plugin setpoint_attitude ignored
[INFO] [1790610795.136703905] [uav4.mavros]: Plugin setpoint_position ignored
[INFO] [1790610795.136709657] [uav4.mavros]: Plugin setpoint_raw ignored
[INFO] [1790610795.136714938] [uav4.mavros]: Plugin setpoint_trajectory ignored
[INFO] [1790610795.311646662] [uav4.mavros]: Plugin setpoint_velocity created
[INFO] [1790610795.311702451] [uav4.mavros]: Plugin setpoint_velocity initialized
[INFO] [1790610795.558369254] [uav4.mavros]: Plugin sys_status created
[INFO] [1790610795.762022821] [uav4.mavros]: Plugin sys_status initialized
[INFO] [1790610795.880411634] [uav4.mavros.time]: TM: Timesync mode: MAVLINK
[INFO] [1790610795.893544924] [uav4.mavros]: Plugin sys_time created
[INFO] [1790610795.893700423] [uav4.mavros]: Plugin sys_time initialized
[INFO] [1790610795.895828313] [uav4.mavros]: Plugin waypoint ignored
[INFO] [1790610795.896579569] [uav4.mavros]: Plugin wind_estimation ignored
[INFO] [1790610795.904676843] [uav4.mavros]: Built-in SIMD instructions: SSE, SSE2
[INFO] [1790610795.904711268] [uav4.mavros]: Built-in MAVLink package version: 2026.8.8
[INFO] [1790610795.904746540] [uav4.mavros]: Known MAVLink dialects: common ardupilotmega ASLUAV AVSSUAS all csAirLink cubepilot development icarous loweheiser marsh paparazzi standard stemstudios storm32 uAvionix ualberta
[INFO] [1790610795.904754068] [uav4.mavros]: MAVROS UAS via /uas4 started. MY ID 4.191, TARGET ID 4.1
[INFO] [1790610795.956044576] [uav4.mavros_router]: link[1001] detected remote address 4.191
[INFO] [1790610796.589066418] [uav4.mavros.sys]: VER: 4.1: Capabilities         0x000000000000e8ff
[INFO] [1790610796.590645964] [uav4.mavros.sys]: VER: 4.1: Flight software:     011200c0 (fca3df865a000000)
[INFO] [1790610796.590674643] [uav4.mavros.sys]: VER: 4.1: Middleware software: 011200c0 (fca3df865a000000)
[INFO] [1790610796.590680215] [uav4.mavros.sys]: VER: 4.1: OS software:         070000ff (17040b9f87cb1791)
[INFO] [1790610796.590684780] [uav4.mavros.sys]: VER: 4.1: Board hardware:      00000001
[INFO] [1790610796.590689322] [uav4.mavros.sys]: VER: 4.1: VID/PID:             0000:0000
[INFO] [1790610796.590694053] [uav4.mavros.sys]: VER: 4.1: UID:                 4954414c44494e52
[WARN] [1790610796.592141195] [uav4.mavros.cmd]: CMD: Unexpected command 512, result 0
[INFO] [1790610796.610701484] [uav4.mavros]: CON: Got HEARTBEAT, connected. FCU: PX4 Autopilot
[INFO] [1790610797.634886533] [uav4.mavros.sys]: VER: 4.1: Capabilities         0x000000000000e8ff
[INFO] [1790610797.634935298] [uav4.mavros.sys]: VER: 4.1: Flight software:     011200c0 (fca3df865a000000)
[INFO] [1790610797.634942680] [uav4.mavros.sys]: VER: 4.1: Middleware software: 011200c0 (fca3df865a000000)
[INFO] [1790610797.634947691] [uav4.mavros.sys]: VER: 4.1: OS software:         070000ff (17040b9f87cb1791)
[INFO] [1790610797.634951889] [uav4.mavros.sys]: VER: 4.1: Board hardware:      00000001
[INFO] [1790610797.634955973] [uav4.mavros.sys]: VER: 4.1: VID/PID:             0000:0000
[INFO] [1790610797.634960061] [uav4.mavros.sys]: VER: 4.1: UID:                 4954414c44494e52
[WARN] [1790610804.769032217] [uav4.mavros.sys]: FCU: UNK(8): EVENT 11047904 with args -0-0-0-0-0-128-0-0-0-176-122-127-128-176-122-127-128-0-0-0-0-0-0-0-0-0-0-0-0-0-0-0-0-0-0-0-0-0-0-0-
[INFO] [1790610804.769156350] [uav4.mavros.sys]: FCU: EVENT 377561 with args -8-0-0-0-20-0-0-0-0-0-0-0-0-0-0-0-0-0-0-0-0-0-0-0-0-0-0-0-0-0-0-0-0-0-0-0-0-0-0-0-
[WARN] [1790610804.769200339] [uav4.mavros.sys]: FCU: EVENT 453929 with args -255-255-255-255-7-0-0-0-0-0-0-0-0-0-0-0-0-0-0-0-0-0-0-0-0-0-0-0-0-0-0-0-0-0-0-0-0-0-0-0-
[INFO] [1790610804.769237842] [uav4.mavros.sys]: FCU: EVENT 6801787 with args -255-255-255-255-12-0-0-0-0-0-0-0-0-0-0-0-0-0-0-0-0-0-0-0-0-0-0-0-0-0-0-0-0-0-0-0-0-0-0-0-
[WARN] [1790610804.769276878] [uav4.mavros.sys]: FCU: UNK(8): EVENT 1914663 with args -0-10-13-2-56-0-0-0-0-0-0-0-0-0-0-0-0-0-0-0-0-0-0-0-0-0-0-0-0-0-0-0-0-0-0-0-0-0-0-0-
[WARN] [1790610809.810033378] [uav4.mavros.cmd]: CMD: Unexpected command 176, result 0
[INFO] [1790610810.035399759] [uav4.mavros.sys]: FCU: EVENT 9489139 with args -4-0-0-0-0-0-0-0-0-0-0-0-0-0-0-0-0-0-0-0-0-0-0-0-0-0-0-0-0-0-0-0-0-0-0-0-0-0-0-0-
[INFO] [1790610811.959488805] [uav4.mavros.sys]: FCU: EVENT 4277609 with args -0-0-0-0-0-0-0-0-0-0-0-0-0-0-0-0-0-0-0-0-0-0-0-0-0-0-0-0-0-0-0-0-0-0-0-0-0-0-0-0-
[INFO] [1790610900.124706193] [uav4.mavros.sys]: FCU: EVENT 9844908 with args -0-0-0-0-0-0-0-0-0-0-0-0-0-0-0-0-0-0-0-0-0-0-0-0-0-0-0-0-0-0-0-0-0-0-0-0-0-0-0-0-
[INFO] [1790610902.252650182] [uav4.mavros.sys]: FCU: EVENT 16017271 with args -6-0-0-0-0-0-0-0-0-0-0-0-0-0-0-0-0-0-0-0-0-0-0-0-0-0-0-0-0-0-0-0-0-0-0-0-0-0-0-0-
[INFO] [1790610902.469459527] [uav4.mavros.sys]: FCU: EVENT 9489139 with args -4-0-0-0-0-0-0-0-0-0-0-0-0-0-0-0-0-0-0-0-0-0-0-0-0-0-0-0-0-0-0-0-0-0-0-0-0-0-0-0-
[INFO] [1790610902.469553586] [uav4.mavros.sys]: FCU: EVENT 1203183 with args -234-7-9-28-15-55-2-0-0-0-0-0-0-0-0-0-0-0-0-0-0-0-0-0-0-0-0-0-0-0-0-0-0-0-0-0-0-0-0-0-
[INFO] [1790610914.219334568] [uav4.mavros.sys]: FCU: EVENT 16017271 with args -7-0-0-0-0-0-0-0-0-0-0-0-0-0-0-0-0-0-0-0-0-0-0-0-0-0-0-0-0-0-0-0-0-0-0-0-0-0-0-0-
[INFO] [1790610915.363538696] [uav4.mavros.sys]: FCU: EVENT 9489139 with args -4-0-0-0-0-0-0-0-0-0-0-0-0-0-0-0-0-0-0-0-0-0-0-0-0-0-0-0-0-0-0-0-0-0-0-0-0-0-0-0-
[INFO] [1790610915.363616562] [uav4.mavros.sys]: FCU: EVENT 1203183 with args -234-7-9-28-15-55-15-0-0-0-0-0-0-0-0-0-0-0-0-0-0-0-0-0-0-0-0-0-0-0-0-0-0-0-0-0-0-0-0-0-
[INFO] [1790610918.442923869] [uav4.mavros.sys]: FCU: EVENT 4277609 with args -0-0-0-0-0-0-0-0-0-0-0-0-0-0-0-0-0-0-0-0-0-0-0-0-0-0-0-0-0-0-0-0-0-0-0-0-0-0-0-0-
[WARN] [1790611152.128654470] [uav4.mavros.cmd]: CMD: Unexpected command 176, result 0
[INFO] [1790611183.747117199] [uav4.mavros.sys]: FCU: EVENT 9844908 with args -0-0-0-0-0-0-0-0-0-0-0-0-0-0-0-0-0-0-0-0-0-0-0-0-0-0-0-0-0-0-0-0-0-0-0-0-0-0-0-0-
[INFO] [1790611185.886237174] [uav4.mavros.sys]: FCU: EVENT 16017271 with args -6-0-0-0-0-0-0-0-0-0-0-0-0-0-0-0-0-0-0-0-0-0-0-0-0-0-0-0-0-0-0-0-0-0-0-0-0-0-0-0-
[WARN] [1790611189.712667604] [uav4.mavros.sys]: FCU: UNK(8): EVENT 11047904 with args -0-0-0-0-0-128-0-0-0-176-122-127-128-176-122-127-128-0-0-0-0-0-0-0-0-0-0-0-0-0-0-0-0-0-0-0-0-0-0-0-
[INFO] [1790611189.712756025] [uav4.mavros.sys]: FCU: EVENT 377561 with args -8-0-0-0-20-0-0-0-0-0-0-0-0-0-0-0-0-0-0-0-0-0-0-0-0-0-0-0-0-0-0-0-0-0-0-0-0-0-0-0-
[WARN] [1790611189.712825561] [uav4.mavros.sys]: FCU: EVENT 453929 with args -255-255-255-255-7-0-0-0-0-0-0-0-0-0-0-0-0-0-0-0-0-0-0-0-0-0-0-0-0-0-0-0-0-0-0-0-0-0-0-0-
[INFO] [1790611189.712863833] [uav4.mavros.sys]: FCU: EVENT 6801787 with args -255-255-255-255-12-0-0-0-0-0-0-0-0-0-0-0-0-0-0-0-0-0-0-0-0-0-0-0-0-0-0-0-0-0-0-0-0-0-0-0-
[WARN] [1790611189.712898524] [uav4.mavros.sys]: FCU: UNK(8): EVENT 1914663 with args -0-10-9-2-56-0-0-0-0-0-0-0-0-0-0-0-0-0-0-0-0-0-0-0-0-0-0-0-0-0-0-0-0-0-0-0-0-0-0-0-
[WARN] [1790611400.205028672] [uav4.mavros.sys]: FCU: UNK(8): EVENT 11047904 with args -0-0-0-16-0-128-0-0-0-176-58-127-128-176-58-127-128-0-0-0-0-0-0-0-0-0-0-0-0-0-0-0-0-0-0-0-0-0-0-0-
[ERROR] [1790611400.205219624] [uav4.mavros.sys]: FCU: EVENT 11464574 with args -0-64-0-0-20-0-0-0-0-0-0-0-0-0-0-0-0-0-0-0-0-0-0-0-0-0-0-0-0-0-0-0-0-0-0-0-0-0-0-0-
[INFO] [1790611400.205305385] [uav4.mavros.sys]: FCU: EVENT 377561 with args -8-0-0-0-20-0-0-0-0-0-0-0-0-0-0-0-0-0-0-0-0-0-0-0-0-0-0-0-0-0-0-0-0-0-0-0-0-0-0-0-
[WARN] [1790611400.205368278] [uav4.mavros.sys]: FCU: EVENT 453929 with args -255-255-255-255-7-0-0-0-0-0-0-0-0-0-0-0-0-0-0-0-0-0-0-0-0-0-0-0-0-0-0-0-0-0-0-0-0-0-0-0-
[INFO] [1790611400.205422776] [uav4.mavros.sys]: FCU: EVENT 6801787 with args -255-255-255-255-12-0-0-0-0-0-0-0-0-0-0-0-0-0-0-0-0-0-0-0-0-0-0-0-0-0-0-0-0-0-0-0-0-0-0-0-
[WARN] [1790611400.205484985] [uav4.mavros.sys]: FCU: UNK(8): EVENT 1914663 with args -0-10-9-2-56-0-0-0-0-0-0-0-0-0-0-0-0-0-0-0-0-0-0-0-0-0-0-0-0-0-0-0-0-0-0-0-0-0-0-0-
[WARN] [1790611400.221425429] [uav4.mavros.sys]: FCU: EVENT 13277401 with args -0-0-6-0-0-0-0-0-0-0-0-0-0-0-0-0-0-0-0-0-0-0-0-0-0-0-0-0-0-0-0-0-0-0-0-0-0-0-0-0-
[INFO] [1790611400.517448090] [rclcpp]: signal_handler(SIGINT/SIGTERM)
[WARN] [1790611400.521812391] [uav4.mavros]: UAS Executor terminated
