[INFO] [1790582479.892067764] [uav1.mavros_node]: Starting mavros_node container
[INFO] [1790582479.892189306] [uav1.mavros_node]: FCU URL: udp://:14540@127.0.0.1:14580
[INFO] [1790582479.892200701] [uav1.mavros_node]: GCS URL: 
[INFO] [1790582479.892206603] [uav1.mavros_node]: UAS Prefix: /uas1
[INFO] [1790582479.892211912] [uav1.mavros_node]: Starting mavros router node
[INFO] [1790582480.006249297] [uav1.mavros_router]: Built-in SIMD instructions: SSE, SSE2
[INFO] [1790582480.007928219] [uav1.mavros_router]: Built-in MAVLink package version: 2026.8.8
[INFO] [1790582480.007956675] [uav1.mavros_router]: Known MAVLink dialects: common ardupilotmega ASLUAV AVSSUAS all csAirLink cubepilot development icarous loweheiser marsh paparazzi standard stemstudios storm32 uAvionix ualberta
[INFO] [1790582480.007968290] [uav1.mavros_router]: MAVROS Router started
[INFO] [1790582480.008268549] [uav1.mavros_node]: Starting mavros uas node
[INFO] [1790582480.156939654] [uav1.mavros_router]: Requested to add endpoint: type: 0, url: udp://:14540@127.0.0.1:14580
[INFO] [1790582480.157014721] [uav1.mavros_router]: Endpoint link[1000] created
[INFO] [1790582480.157386026] [uav1.mavros_router]: link[1000] opened successfully
[INFO] [1790582480.157418032] [uav1.mavros_router]: Requested to add endpoint: type: 2, url: /uas1
[INFO] [1790582480.157439696] [uav1.mavros_router]: Endpoint link[1001] created
[INFO] [1790582480.161026975] [uav1.mavros_router]: link[1000] detected remote address 1.1
[INFO] [1790582480.163238334] [uav1.mavros_router]: link[1001] opened successfully
[INFO] [1790582480.167637943] [uav1.mavros]: UAS Executor started, threads: 4
[INFO] [1790582480.167695381] [uav1.mavros]: Plugin actuator_control ignored
[INFO] [1790582480.168626262] [uav1.mavros]: Plugin altitude ignored
[INFO] [1790582480.415281371] [uav1.mavros]: Plugin command created
[INFO] [1790582480.416128189] [uav1.mavros]: Plugin command initialized
[INFO] [1790582480.416154929] [uav1.mavros]: Plugin ftp ignored
[INFO] [1790582480.416162027] [uav1.mavros]: Plugin geofence ignored
[INFO] [1790582480.632508680] [uav1.mavros]: Plugin global_position created
[INFO] [1790582480.632582394] [uav1.mavros]: Plugin global_position initialized
[INFO] [1790582480.632594170] [uav1.mavros]: Plugin home_position ignored
[INFO] [1790582480.632599870] [uav1.mavros]: Plugin imu ignored
[INFO] [1790582480.838059061] [uav1.mavros]: Plugin local_position created
[INFO] [1790582480.838124899] [uav1.mavros]: Plugin local_position initialized
[INFO] [1790582480.838136090] [uav1.mavros]: Plugin manual_control ignored
[INFO] [1790582480.838142751] [uav1.mavros]: Plugin nav_controller_output ignored
[INFO] [1790582480.838149062] [uav1.mavros]: Plugin param ignored
[INFO] [1790582480.838155639] [uav1.mavros]: Plugin rallypoint ignored
[INFO] [1790582480.838161870] [uav1.mavros]: Plugin rc_io ignored
[INFO] [1790582480.838168256] [uav1.mavros]: Plugin setpoint_accel ignored
[INFO] [1790582480.838174325] [uav1.mavros]: Plugin setpoint_attitude ignored
[INFO] [1790582480.838180538] [uav1.mavros]: Plugin setpoint_position ignored
[INFO] [1790582480.838186831] [uav1.mavros]: Plugin setpoint_raw ignored
[INFO] [1790582480.838192832] [uav1.mavros]: Plugin setpoint_trajectory ignored
[INFO] [1790582481.072323557] [uav1.mavros]: Plugin setpoint_velocity created
[INFO] [1790582481.072379661] [uav1.mavros]: Plugin setpoint_velocity initialized
[INFO] [1790582481.371616612] [uav1.mavros]: Plugin sys_status created
[INFO] [1790582481.375256850] [uav1.mavros]: Plugin sys_status initialized
[INFO] [1790582481.524716002] [uav1.mavros.time]: TM: Timesync mode: MAVLINK
[INFO] [1790582481.557438636] [uav1.mavros]: Plugin sys_time created
[INFO] [1790582481.557499280] [uav1.mavros]: Plugin sys_time initialized
[INFO] [1790582481.557511185] [uav1.mavros]: Plugin waypoint ignored
[INFO] [1790582481.557517536] [uav1.mavros]: Plugin wind_estimation ignored
[INFO] [1790582481.594799379] [uav1.mavros]: Built-in SIMD instructions: SSE, SSE2
[INFO] [1790582481.594853057] [uav1.mavros]: Built-in MAVLink package version: 2026.8.8
[INFO] [1790582481.594892112] [uav1.mavros]: Known MAVLink dialects: common ardupilotmega ASLUAV AVSSUAS all csAirLink cubepilot development icarous loweheiser marsh paparazzi standard stemstudios storm32 uAvionix ualberta
[INFO] [1790582481.594901946] [uav1.mavros]: MAVROS UAS via /uas1 started. MY ID 1.191, TARGET ID 1.1
[INFO] [1790582481.639980227] [uav1.mavros_router]: link[1001] detected remote address 1.191
[INFO] [1790582482.271053464] [uav1.mavros]: CON: Got HEARTBEAT, connected. FCU: PX4 Autopilot
[INFO] [1790582483.359626734] [uav1.mavros.sys]: VER: 1.1: Capabilities         0x000000000000e8ff
[INFO] [1790582483.359692439] [uav1.mavros.sys]: VER: 1.1: Flight software:     011200c0 (fca3df865a000000)
[INFO] [1790582483.359701151] [uav1.mavros.sys]: VER: 1.1: Middleware software: 011200c0 (fca3df865a000000)
[INFO] [1790582483.359707033] [uav1.mavros.sys]: VER: 1.1: OS software:         070000ff (17040b9f87cb1791)
[INFO] [1790582483.359712493] [uav1.mavros.sys]: VER: 1.1: Board hardware:      00000001
[INFO] [1790582483.359717874] [uav1.mavros.sys]: VER: 1.1: VID/PID:             0000:0000
[INFO] [1790582483.359723461] [uav1.mavros.sys]: VER: 1.1: UID:                 4954414c44494e4f
[WARN] [1790582483.362140399] [uav1.mavros.cmd]: CMD: Unexpected command 512, result 0
[WARN] [1790582491.595604528] [uav1.mavros.sys]: FCU: UNK(8): EVENT 11047904 with args -0-0-0-0-0-128-0-0-0-176-122-127-128-176-122-127-128-0-0-0-0-0-0-0-0-0-0-0-0-0-0-0-0-0-0-0-0-0-0-0-
[INFO] [1790582491.599986578] [uav1.mavros.sys]: FCU: EVENT 377561 with args -8-0-0-0-20-0-0-0-0-0-0-0-0-0-0-0-0-0-0-0-0-0-0-0-0-0-0-0-0-0-0-0-0-0-0-0-0-0-0-0-
[WARN] [1790582491.600069487] [uav1.mavros.sys]: FCU: EVENT 453929 with args -255-255-255-255-7-0-0-0-0-0-0-0-0-0-0-0-0-0-0-0-0-0-0-0-0-0-0-0-0-0-0-0-0-0-0-0-0-0-0-0-
[INFO] [1790582491.600111232] [uav1.mavros.sys]: FCU: EVENT 6801787 with args -255-255-255-255-12-0-0-0-0-0-0-0-0-0-0-0-0-0-0-0-0-0-0-0-0-0-0-0-0-0-0-0-0-0-0-0-0-0-0-0-
[WARN] [1790582491.600150221] [uav1.mavros.sys]: FCU: UNK(8): EVENT 1914663 with args -0-10-13-2-56-0-0-0-0-0-0-0-0-0-0-0-0-0-0-0-0-0-0-0-0-0-0-0-0-0-0-0-0-0-0-0-0-0-0-0-
[WARN] [1790582492.740338962] [uav1.mavros.sys.rclcpp]: failed to send response to /uav1/mavros/set_message_interval (timeout): client will not receive response, at ./src/rmw_response.cpp:153, at ./src/rcl/service.c:400
[WARN] [1790582492.979711360] [uav1.mavros.sys.rclcpp]: failed to send response to /uav1/mavros/set_message_interval (timeout): client will not receive response, at ./src/rmw_response.cpp:153, at ./src/rcl/service.c:400
[WARN] [1790582496.639309404] [uav1.mavros.cmd]: CMD: Unexpected command 176, result 0
[INFO] [1790582496.797903608] [uav1.mavros.sys]: FCU: EVENT 9489139 with args -4-0-0-0-0-0-0-0-0-0-0-0-0-0-0-0-0-0-0-0-0-0-0-0-0-0-0-0-0-0-0-0-0-0-0-0-0-0-0-0-
[INFO] [1790582498.905420794] [uav1.mavros.sys]: FCU: EVENT 4277609 with args -0-0-0-0-0-0-0-0-0-0-0-0-0-0-0-0-0-0-0-0-0-0-0-0-0-0-0-0-0-0-0-0-0-0-0-0-0-0-0-0-
[WARN] [1790582851.521637208] [uav1.mavros.cmd]: CMD: Unexpected command 176, result 0
[INFO] [1790582894.052311346] [uav1.mavros.sys]: FCU: EVENT 9844908 with args -0-0-0-0-0-0-0-0-0-0-0-0-0-0-0-0-0-0-0-0-0-0-0-0-0-0-0-0-0-0-0-0-0-0-0-0-0-0-0-0-
[INFO] [1790582896.195014731] [uav1.mavros.sys]: FCU: EVENT 16017271 with args -6-0-0-0-0-0-0-0-0-0-0-0-0-0-0-0-0-0-0-0-0-0-0-0-0-0-0-0-0-0-0-0-0-0-0-0-0-0-0-0-
[INFO] [1790582899.500602832] [rclcpp]: signal_handler(SIGINT/SIGTERM)
[WARN] [1790582899.504370067] [uav1.mavros]: UAS Executor terminated
