[INFO] [1790582479.838721571] [uav2.mavros_node]: Starting mavros_node container
[INFO] [1790582479.839685029] [uav2.mavros_node]: FCU URL: udp://:14541@127.0.0.1:14581
[INFO] [1790582479.839710598] [uav2.mavros_node]: GCS URL: 
[INFO] [1790582479.839717406] [uav2.mavros_node]: UAS Prefix: /uas2
[INFO] [1790582479.839722485] [uav2.mavros_node]: Starting mavros router node
[INFO] [1790582479.909566597] [uav2.mavros_router]: Built-in SIMD instructions: SSE, SSE2
[INFO] [1790582479.909599014] [uav2.mavros_router]: Built-in MAVLink package version: 2026.8.8
[INFO] [1790582479.909608703] [uav2.mavros_router]: Known MAVLink dialects: common ardupilotmega ASLUAV AVSSUAS all csAirLink cubepilot development icarous loweheiser marsh paparazzi standard stemstudios storm32 uAvionix ualberta
[INFO] [1790582479.909615273] [uav2.mavros_router]: MAVROS Router started
[INFO] [1790582479.909757046] [uav2.mavros_node]: Starting mavros uas node
[INFO] [1790582480.147175319] [uav2.mavros_router]: Requested to add endpoint: type: 0, url: udp://:14541@127.0.0.1:14581
[INFO] [1790582480.147245824] [uav2.mavros_router]: Endpoint link[1000] created
[INFO] [1790582480.147481456] [uav2.mavros_router]: link[1000] opened successfully
[INFO] [1790582480.147507273] [uav2.mavros_router]: Requested to add endpoint: type: 2, url: /uas2
[INFO] [1790582480.147521292] [uav2.mavros_router]: Endpoint link[1001] created
[INFO] [1790582480.154857558] [uav2.mavros_router]: link[1000] detected remote address 2.1
[INFO] [1790582480.170342633] [uav2.mavros]: Plugin actuator_control ignored
[INFO] [1790582480.170562286] [uav2.mavros]: Plugin altitude ignored
[INFO] [1790582480.170417612] [uav2.mavros]: UAS Executor started, threads: 4
[INFO] [1790582480.228788137] [uav2.mavros_router]: link[1001] opened successfully
[INFO] [1790582480.430350655] [uav2.mavros]: Plugin command created
[INFO] [1790582480.430433300] [uav2.mavros]: Plugin command initialized
[INFO] [1790582480.430445508] [uav2.mavros]: Plugin ftp ignored
[INFO] [1790582480.430452112] [uav2.mavros]: Plugin geofence ignored
[INFO] [1790582480.761879967] [uav2.mavros]: Plugin global_position created
[INFO] [1790582480.761958001] [uav2.mavros]: Plugin global_position initialized
[INFO] [1790582480.761974458] [uav2.mavros]: Plugin home_position ignored
[INFO] [1790582480.761981144] [uav2.mavros]: Plugin imu ignored
[INFO] [1790582481.017498195] [uav2.mavros]: Plugin local_position created
[INFO] [1790582481.017559395] [uav2.mavros]: Plugin local_position initialized
[INFO] [1790582481.017571719] [uav2.mavros]: Plugin manual_control ignored
[INFO] [1790582481.017578325] [uav2.mavros]: Plugin nav_controller_output ignored
[INFO] [1790582481.017584003] [uav2.mavros]: Plugin param ignored
[INFO] [1790582481.017590020] [uav2.mavros]: Plugin rallypoint ignored
[INFO] [1790582481.017600435] [uav2.mavros]: Plugin rc_io ignored
[INFO] [1790582481.017606293] [uav2.mavros]: Plugin setpoint_accel ignored
[INFO] [1790582481.017612366] [uav2.mavros]: Plugin setpoint_attitude ignored
[INFO] [1790582481.017618887] [uav2.mavros]: Plugin setpoint_position ignored
[INFO] [1790582481.017625395] [uav2.mavros]: Plugin setpoint_raw ignored
[INFO] [1790582481.017631368] [uav2.mavros]: Plugin setpoint_trajectory ignored
[INFO] [1790582481.296976109] [uav2.mavros]: Plugin setpoint_velocity created
[INFO] [1790582481.297051314] [uav2.mavros]: Plugin setpoint_velocity initialized
[INFO] [1790582481.588866493] [uav2.mavros]: Plugin sys_status created
[INFO] [1790582481.589592465] [uav2.mavros]: Plugin sys_status initialized
[INFO] [1790582481.654209344] [uav2.mavros.time]: TM: Timesync mode: MAVLINK
[INFO] [1790582481.668207969] [uav2.mavros]: Plugin sys_time created
[INFO] [1790582481.668273338] [uav2.mavros]: Plugin sys_time initialized
[INFO] [1790582481.668283480] [uav2.mavros]: Plugin waypoint ignored
[INFO] [1790582481.668289312] [uav2.mavros]: Plugin wind_estimation ignored
[INFO] [1790582481.678316477] [uav2.mavros]: Built-in SIMD instructions: SSE, SSE2
[INFO] [1790582481.678369856] [uav2.mavros]: Built-in MAVLink package version: 2026.8.8
[INFO] [1790582481.678406783] [uav2.mavros]: Known MAVLink dialects: common ardupilotmega ASLUAV AVSSUAS all csAirLink cubepilot development icarous loweheiser marsh paparazzi standard stemstudios storm32 uAvionix ualberta
[INFO] [1790582481.678416254] [uav2.mavros]: MAVROS UAS via /uas2 started. MY ID 2.191, TARGET ID 2.1
[INFO] [1790582481.703331728] [uav2.mavros_router]: link[1001] detected remote address 2.191
[INFO] [1790582482.340357339] [uav2.mavros]: CON: Got HEARTBEAT, connected. FCU: PX4 Autopilot
[INFO] [1790582483.374261399] [uav2.mavros.sys]: VER: 2.1: Capabilities         0x000000000000e8ff
[INFO] [1790582483.374318263] [uav2.mavros.sys]: VER: 2.1: Flight software:     011200c0 (fca3df865a000000)
[INFO] [1790582483.374327568] [uav2.mavros.sys]: VER: 2.1: Middleware software: 011200c0 (fca3df865a000000)
[INFO] [1790582483.374332696] [uav2.mavros.sys]: VER: 2.1: OS software:         070000ff (17040b9f87cb1791)
[INFO] [1790582483.374337865] [uav2.mavros.sys]: VER: 2.1: Board hardware:      00000001
[INFO] [1790582483.374343046] [uav2.mavros.sys]: VER: 2.1: VID/PID:             0000:0000
[INFO] [1790582483.374348324] [uav2.mavros.sys]: VER: 2.1: UID:                 4954414c44494e50
[WARN] [1790582483.374392866] [uav2.mavros.cmd]: CMD: Unexpected command 512, result 0
[WARN] [1790582489.161288556] [uav2.mavros.sys]: FCU: UNK(8): EVENT 11047904 with args -0-0-0-0-0-128-0-0-0-176-122-127-128-176-122-127-128-0-0-0-0-0-0-0-0-0-0-0-0-0-0-0-0-0-0-0-0-0-0-0-
[INFO] [1790582489.165065033] [uav2.mavros.sys]: FCU: EVENT 377561 with args -8-0-0-0-20-0-0-0-0-0-0-0-0-0-0-0-0-0-0-0-0-0-0-0-0-0-0-0-0-0-0-0-0-0-0-0-0-0-0-0-
[WARN] [1790582489.165129093] [uav2.mavros.sys]: FCU: EVENT 453929 with args -255-255-255-255-7-0-0-0-0-0-0-0-0-0-0-0-0-0-0-0-0-0-0-0-0-0-0-0-0-0-0-0-0-0-0-0-0-0-0-0-
[INFO] [1790582489.165173418] [uav2.mavros.sys]: FCU: EVENT 6801787 with args -255-255-255-255-12-0-0-0-0-0-0-0-0-0-0-0-0-0-0-0-0-0-0-0-0-0-0-0-0-0-0-0-0-0-0-0-0-0-0-0-
[WARN] [1790582489.165212180] [uav2.mavros.sys]: FCU: UNK(8): EVENT 1914663 with args -0-10-13-2-56-0-0-0-0-0-0-0-0-0-0-0-0-0-0-0-0-0-0-0-0-0-0-0-0-0-0-0-0-0-0-0-0-0-0-0-
[WARN] [1790582496.708743323] [uav2.mavros.cmd]: CMD: Unexpected command 176, result 0
[INFO] [1790582496.803637036] [uav2.mavros.sys]: FCU: EVENT 9489139 with args -4-0-0-0-0-0-0-0-0-0-0-0-0-0-0-0-0-0-0-0-0-0-0-0-0-0-0-0-0-0-0-0-0-0-0-0-0-0-0-0-
[INFO] [1790582498.846535413] [uav2.mavros.sys]: FCU: EVENT 4277609 with args -0-0-0-0-0-0-0-0-0-0-0-0-0-0-0-0-0-0-0-0-0-0-0-0-0-0-0-0-0-0-0-0-0-0-0-0-0-0-0-0-
[WARN] [1790582751.892867816] [uav2.mavros.cmd]: CMD: Unexpected command 176, result 0
[INFO] [1790582785.645009743] [uav2.mavros.sys]: FCU: EVENT 9844908 with args -0-0-0-0-0-0-0-0-0-0-0-0-0-0-0-0-0-0-0-0-0-0-0-0-0-0-0-0-0-0-0-0-0-0-0-0-0-0-0-0-
[INFO] [1790582787.779747121] [uav2.mavros.sys]: FCU: EVENT 16017271 with args -6-0-0-0-0-0-0-0-0-0-0-0-0-0-0-0-0-0-0-0-0-0-0-0-0-0-0-0-0-0-0-0-0-0-0-0-0-0-0-0-
[WARN] [1790582791.923314000] [uav2.mavros.sys]: FCU: UNK(8): EVENT 11047904 with args -0-0-0-0-0-128-0-0-0-176-122-127-128-176-122-127-128-0-0-0-0-0-0-0-0-0-0-0-0-0-0-0-0-0-0-0-0-0-0-0-
[INFO] [1790582791.923406256] [uav2.mavros.sys]: FCU: EVENT 377561 with args -8-0-0-0-20-0-0-0-0-0-0-0-0-0-0-0-0-0-0-0-0-0-0-0-0-0-0-0-0-0-0-0-0-0-0-0-0-0-0-0-
[WARN] [1790582791.923536224] [uav2.mavros.sys]: FCU: EVENT 453929 with args -255-255-255-255-7-0-0-0-0-0-0-0-0-0-0-0-0-0-0-0-0-0-0-0-0-0-0-0-0-0-0-0-0-0-0-0-0-0-0-0-
[INFO] [1790582791.923614658] [uav2.mavros.sys]: FCU: EVENT 6801787 with args -255-255-255-255-12-0-0-0-0-0-0-0-0-0-0-0-0-0-0-0-0-0-0-0-0-0-0-0-0-0-0-0-0-0-0-0-0-0-0-0-
[WARN] [1790582791.923703429] [uav2.mavros.sys]: FCU: UNK(8): EVENT 1914663 with args -0-10-9-2-56-0-0-0-0-0-0-0-0-0-0-0-0-0-0-0-0-0-0-0-0-0-0-0-0-0-0-0-0-0-0-0-0-0-0-0-
[INFO] [1790582899.501281164] [rclcpp]: signal_handler(SIGINT/SIGTERM)
[WARN] [1790582899.506075913] [uav2.mavros]: UAS Executor terminated
