[INFO] [1790411514.064976348] [uav1.mavros_node]: Starting mavros_node container
[INFO] [1790411514.066139312] [uav1.mavros_node]: FCU URL: udp://:14540@127.0.0.1:14580
[INFO] [1790411514.066175899] [uav1.mavros_node]: GCS URL: 
[INFO] [1790411514.066184988] [uav1.mavros_node]: UAS Prefix: /uas1
[INFO] [1790411514.066193516] [uav1.mavros_node]: Starting mavros router node
[INFO] [1790411514.484926244] [uav1.mavros_router]: Built-in SIMD instructions: SSE, SSE2
[INFO] [1790411514.484983785] [uav1.mavros_router]: Built-in MAVLink package version: 2026.8.8
[INFO] [1790411514.484995017] [uav1.mavros_router]: Known MAVLink dialects: common ardupilotmega ASLUAV AVSSUAS all csAirLink cubepilot development icarous loweheiser marsh paparazzi standard stemstudios storm32 uAvionix ualberta
[INFO] [1790411514.485002368] [uav1.mavros_router]: MAVROS Router started
[INFO] [1790411514.485141738] [uav1.mavros_node]: Starting mavros uas node
[INFO] [1790411514.692367073] [uav1.mavros_router]: Requested to add endpoint: type: 0, url: udp://:14540@127.0.0.1:14580
[INFO] [1790411514.694512699] [uav1.mavros_router]: Endpoint link[1000] created
[INFO] [1790411514.695925011] [uav1.mavros_router]: link[1000] opened successfully
[INFO] [1790411514.695980303] [uav1.mavros_router]: Requested to add endpoint: type: 2, url: /uas1
[INFO] [1790411514.696004285] [uav1.mavros_router]: Endpoint link[1001] created
[INFO] [1790411514.700042257] [uav1.mavros_router]: link[1000] detected remote address 1.1
[INFO] [1790411514.707643251] [uav1.mavros]: UAS Executor started, threads: 4
[INFO] [1790411514.707663987] [uav1.mavros]: Plugin actuator_control ignored
[INFO] [1790411514.711236368] [uav1.mavros]: Plugin altitude ignored
[INFO] [1790411514.785380671] [uav1.mavros_router]: link[1001] opened successfully
[INFO] [1790411514.983869638] [uav1.mavros]: Plugin command created
[INFO] [1790411514.983952430] [uav1.mavros]: Plugin command initialized
[INFO] [1790411514.983965717] [uav1.mavros]: Plugin ftp ignored
[INFO] [1790411514.983972571] [uav1.mavros]: Plugin geofence ignored
[INFO] [1790411515.184986984] [uav1.mavros]: Plugin global_position created
[INFO] [1790411515.185247527] [uav1.mavros]: Plugin global_position initialized
[INFO] [1790411515.185315072] [uav1.mavros]: Plugin home_position ignored
[INFO] [1790411515.185324594] [uav1.mavros]: Plugin imu ignored
[INFO] [1790411515.406537289] [uav1.mavros]: Plugin local_position created
[INFO] [1790411515.406606982] [uav1.mavros]: Plugin local_position initialized
[INFO] [1790411515.406619030] [uav1.mavros]: Plugin manual_control ignored
[INFO] [1790411515.406625481] [uav1.mavros]: Plugin nav_controller_output ignored
[INFO] [1790411515.406631719] [uav1.mavros]: Plugin param ignored
[INFO] [1790411515.406637652] [uav1.mavros]: Plugin rallypoint ignored
[INFO] [1790411515.406643305] [uav1.mavros]: Plugin rc_io ignored
[INFO] [1790411515.406649109] [uav1.mavros]: Plugin setpoint_accel ignored
[INFO] [1790411515.406654962] [uav1.mavros]: Plugin setpoint_attitude ignored
[INFO] [1790411515.406661171] [uav1.mavros]: Plugin setpoint_position ignored
[INFO] [1790411515.406667172] [uav1.mavros]: Plugin setpoint_raw ignored
[INFO] [1790411515.406673169] [uav1.mavros]: Plugin setpoint_trajectory ignored
[INFO] [1790411515.647041936] [uav1.mavros]: Plugin setpoint_velocity created
[INFO] [1790411515.647110915] [uav1.mavros]: Plugin setpoint_velocity initialized
[INFO] [1790411516.070981954] [uav1.mavros]: Plugin sys_status created
[INFO] [1790411516.071060470] [uav1.mavros]: Plugin sys_status initialized
[INFO] [1790411516.328204789] [uav1.mavros.time]: TM: Timesync mode: MAVLINK
[INFO] [1790411516.345766671] [uav1.mavros]: Plugin sys_time created
[INFO] [1790411516.346074024] [uav1.mavros]: Plugin sys_time initialized
[INFO] [1790411516.346147743] [uav1.mavros]: Plugin waypoint ignored
[INFO] [1790411516.346155956] [uav1.mavros]: Plugin wind_estimation ignored
[INFO] [1790411516.353742324] [uav1.mavros]: Built-in SIMD instructions: SSE, SSE2
[INFO] [1790411516.353789540] [uav1.mavros]: Built-in MAVLink package version: 2026.8.8
[INFO] [1790411516.353820075] [uav1.mavros]: Known MAVLink dialects: common ardupilotmega ASLUAV AVSSUAS all csAirLink cubepilot development icarous loweheiser marsh paparazzi standard stemstudios storm32 uAvionix ualberta
[INFO] [1790411516.353826850] [uav1.mavros]: MAVROS UAS via /uas1 started. MY ID 1.191, TARGET ID 1.1
[INFO] [1790411516.367060072] [uav1.mavros_router]: link[1001] detected remote address 1.191
[INFO] [1790411516.580972112] [uav1.mavros]: CON: Got HEARTBEAT, connected. FCU: PX4 Autopilot
[INFO] [1790411517.604619233] [uav1.mavros.sys]: VER: 1.1: Capabilities         0x000000000000e8ff
[INFO] [1790411517.604671298] [uav1.mavros.sys]: VER: 1.1: Flight software:     011200c0 (fca3df865a000000)
[INFO] [1790411517.604681407] [uav1.mavros.sys]: VER: 1.1: Middleware software: 011200c0 (fca3df865a000000)
[INFO] [1790411517.604687275] [uav1.mavros.sys]: VER: 1.1: OS software:         070000ff (17040b9f87cb1791)
[INFO] [1790411517.604693405] [uav1.mavros.sys]: VER: 1.1: Board hardware:      00000001
[INFO] [1790411517.604698434] [uav1.mavros.sys]: VER: 1.1: VID/PID:             0000:0000
[INFO] [1790411517.604703450] [uav1.mavros.sys]: VER: 1.1: UID:                 4954414c44494e4f
[WARN] [1790411517.604753521] [uav1.mavros.cmd]: CMD: Unexpected command 512, result 0
[WARN] [1790411525.638919150] [uav1.mavros.sys]: FCU: UNK(8): EVENT 11047904 with args -0-0-0-0-0-128-0-0-0-176-122-127-128-176-122-127-128-0-0-0-0-0-0-0-0-0-0-0-0-0-0-0-0-0-0-0-0-0-0-0-
[INFO] [1790411525.639033032] [uav1.mavros.sys]: FCU: EVENT 377561 with args -8-0-0-0-20-0-0-0-0-0-0-0-0-0-0-0-0-0-0-0-0-0-0-0-0-0-0-0-0-0-0-0-0-0-0-0-0-0-0-0-
[WARN] [1790411525.639072176] [uav1.mavros.sys]: FCU: EVENT 453929 with args -255-255-255-255-7-0-0-0-0-0-0-0-0-0-0-0-0-0-0-0-0-0-0-0-0-0-0-0-0-0-0-0-0-0-0-0-0-0-0-0-
[INFO] [1790411525.639112932] [uav1.mavros.sys]: FCU: EVENT 6801787 with args -255-255-255-255-12-0-0-0-0-0-0-0-0-0-0-0-0-0-0-0-0-0-0-0-0-0-0-0-0-0-0-0-0-0-0-0-0-0-0-0-
[WARN] [1790411525.639149142] [uav1.mavros.sys]: FCU: UNK(8): EVENT 1914663 with args -0-10-13-2-56-0-0-0-0-0-0-0-0-0-0-0-0-0-0-0-0-0-0-0-0-0-0-0-0-0-0-0-0-0-0-0-0-0-0-0-
[WARN] [1790411529.797559832] [uav1.mavros.cmd]: CMD: Unexpected command 176, result 0
[INFO] [1790411530.129472952] [uav1.mavros.sys]: FCU: EVENT 9489139 with args -4-0-0-0-0-0-0-0-0-0-0-0-0-0-0-0-0-0-0-0-0-0-0-0-0-0-0-0-0-0-0-0-0-0-0-0-0-0-0-0-
[INFO] [1790411532.089398692] [uav1.mavros.sys]: FCU: EVENT 4277609 with args -0-0-0-0-0-0-0-0-0-0-0-0-0-0-0-0-0-0-0-0-0-0-0-0-0-0-0-0-0-0-0-0-0-0-0-0-0-0-0-0-
[WARN] [1790411781.279436044] [uav1.mavros.cmd]: CMD: Unexpected command 176, result 0
[INFO] [1790411814.232837952] [uav1.mavros.sys]: FCU: EVENT 9844908 with args -0-0-0-0-0-0-0-0-0-0-0-0-0-0-0-0-0-0-0-0-0-0-0-0-0-0-0-0-0-0-0-0-0-0-0-0-0-0-0-0-
[INFO] [1790411816.331328389] [uav1.mavros.sys]: FCU: EVENT 16017271 with args -6-0-0-0-0-0-0-0-0-0-0-0-0-0-0-0-0-0-0-0-0-0-0-0-0-0-0-0-0-0-0-0-0-0-0-0-0-0-0-0-
[WARN] [1790411820.116900385] [uav1.mavros.sys]: FCU: UNK(8): EVENT 11047904 with args -0-0-0-0-0-128-0-0-0-176-122-127-128-176-122-127-128-0-0-0-0-0-0-0-0-0-0-0-0-0-0-0-0-0-0-0-0-0-0-0-
[INFO] [1790411820.116979237] [uav1.mavros.sys]: FCU: EVENT 377561 with args -8-0-0-0-20-0-0-0-0-0-0-0-0-0-0-0-0-0-0-0-0-0-0-0-0-0-0-0-0-0-0-0-0-0-0-0-0-0-0-0-
[WARN] [1790411820.117065030] [uav1.mavros.sys]: FCU: EVENT 453929 with args -255-255-255-255-7-0-0-0-0-0-0-0-0-0-0-0-0-0-0-0-0-0-0-0-0-0-0-0-0-0-0-0-0-0-0-0-0-0-0-0-
[INFO] [1790411820.117109410] [uav1.mavros.sys]: FCU: EVENT 6801787 with args -255-255-255-255-12-0-0-0-0-0-0-0-0-0-0-0-0-0-0-0-0-0-0-0-0-0-0-0-0-0-0-0-0-0-0-0-0-0-0-0-
[WARN] [1790411820.117231314] [uav1.mavros.sys]: FCU: UNK(8): EVENT 1914663 with args -0-10-9-2-56-0-0-0-0-0-0-0-0-0-0-0-0-0-0-0-0-0-0-0-0-0-0-0-0-0-0-0-0-0-0-0-0-0-0-0-
[INFO] [1790411821.055424863] [rclcpp]: signal_handler(SIGINT/SIGTERM)
[WARN] [1790411821.059660084] [uav1.mavros]: UAS Executor terminated
