[INFO] [1790587184.145132596] [uav3.mavros_node]: Starting mavros_node container
[INFO] [1790587184.145254932] [uav3.mavros_node]: FCU URL: udp://:14542@127.0.0.1:14582
[INFO] [1790587184.145266586] [uav3.mavros_node]: GCS URL: 
[INFO] [1790587184.145272566] [uav3.mavros_node]: UAS Prefix: /uas3
[INFO] [1790587184.145278368] [uav3.mavros_node]: Starting mavros router node
[INFO] [1790587184.561973226] [uav3.mavros_router]: Built-in SIMD instructions: SSE, SSE2
[INFO] [1790587184.564498511] [uav3.mavros_router]: Built-in MAVLink package version: 2026.8.8
[INFO] [1790587184.564866301] [uav3.mavros_router]: Known MAVLink dialects: common ardupilotmega ASLUAV AVSSUAS all csAirLink cubepilot development icarous loweheiser marsh paparazzi standard stemstudios storm32 uAvionix ualberta
[INFO] [1790587184.565068738] [uav3.mavros_router]: MAVROS Router started
[INFO] [1790587184.567987772] [uav3.mavros_node]: Starting mavros uas node
[INFO] [1790587184.829860542] [uav3.mavros_router]: Requested to add endpoint: type: 0, url: udp://:14542@127.0.0.1:14582
[INFO] [1790587184.829964874] [uav3.mavros_router]: Endpoint link[1000] created
[INFO] [1790587184.830364062] [uav3.mavros_router]: link[1000] opened successfully
[INFO] [1790587184.830407133] [uav3.mavros_router]: Requested to add endpoint: type: 2, url: /uas3
[INFO] [1790587184.830432297] [uav3.mavros_router]: Endpoint link[1001] created
[INFO] [1790587184.832783412] [uav3.mavros_router]: link[1000] detected remote address 3.1
[INFO] [1790587184.840182745] [uav3.mavros]: UAS Executor started, threads: 4
[INFO] [1790587184.840428741] [uav3.mavros]: Plugin actuator_control ignored
[INFO] [1790587184.840562105] [uav3.mavros]: Plugin altitude ignored
[INFO] [1790587184.933694827] [uav3.mavros_router]: link[1001] opened successfully
[INFO] [1790587185.025105989] [uav3.mavros]: Plugin command created
[INFO] [1790587185.025188068] [uav3.mavros]: Plugin command initialized
[INFO] [1790587185.025199581] [uav3.mavros]: Plugin ftp ignored
[INFO] [1790587185.025206339] [uav3.mavros]: Plugin geofence ignored
[INFO] [1790587185.116928126] [uav3.mavros]: Plugin global_position created
[INFO] [1790587185.116981835] [uav3.mavros]: Plugin global_position initialized
[INFO] [1790587185.116993603] [uav3.mavros]: Plugin home_position ignored
[INFO] [1790587185.116999165] [uav3.mavros]: Plugin imu ignored
[INFO] [1790587185.212113092] [uav3.mavros]: Plugin local_position created
[INFO] [1790587185.212297365] [uav3.mavros]: Plugin local_position initialized
[INFO] [1790587185.212310596] [uav3.mavros]: Plugin manual_control ignored
[INFO] [1790587185.212317194] [uav3.mavros]: Plugin nav_controller_output ignored
[INFO] [1790587185.212323236] [uav3.mavros]: Plugin param ignored
[INFO] [1790587185.212329144] [uav3.mavros]: Plugin rallypoint ignored
[INFO] [1790587185.212334824] [uav3.mavros]: Plugin rc_io ignored
[INFO] [1790587185.212340788] [uav3.mavros]: Plugin setpoint_accel ignored
[INFO] [1790587185.212346523] [uav3.mavros]: Plugin setpoint_attitude ignored
[INFO] [1790587185.212352361] [uav3.mavros]: Plugin setpoint_position ignored
[INFO] [1790587185.212358150] [uav3.mavros]: Plugin setpoint_raw ignored
[INFO] [1790587185.212363929] [uav3.mavros]: Plugin setpoint_trajectory ignored
[INFO] [1790587185.262641983] [uav3.mavros]: Plugin setpoint_velocity created
[INFO] [1790587185.262706184] [uav3.mavros]: Plugin setpoint_velocity initialized
[INFO] [1790587185.490670374] [uav3.mavros]: Plugin sys_status created
[INFO] [1790587185.490759644] [uav3.mavros]: Plugin sys_status initialized
[INFO] [1790587185.697372072] [uav3.mavros.time]: TM: Timesync mode: MAVLINK
[INFO] [1790587185.739345567] [uav3.mavros]: Plugin sys_time created
[INFO] [1790587185.741812143] [uav3.mavros]: Plugin sys_time initialized
[INFO] [1790587185.741894808] [uav3.mavros]: Plugin waypoint ignored
[INFO] [1790587185.741928685] [uav3.mavros]: Plugin wind_estimation ignored
[INFO] [1790587185.778915866] [uav3.mavros]: Built-in SIMD instructions: SSE, SSE2
[INFO] [1790587185.781402483] [uav3.mavros]: Built-in MAVLink package version: 2026.8.8
[INFO] [1790587185.782258694] [uav3.mavros]: Known MAVLink dialects: common ardupilotmega ASLUAV AVSSUAS all csAirLink cubepilot development icarous loweheiser marsh paparazzi standard stemstudios storm32 uAvionix ualberta
[INFO] [1790587185.784241054] [uav3.mavros]: MAVROS UAS via /uas3 started. MY ID 3.191, TARGET ID 3.1
[INFO] [1790587185.794724427] [uav3.mavros_router]: link[1001] detected remote address 3.191
[INFO] [1790587186.553513828] [uav3.mavros.sys]: VER: 3.1: Capabilities         0x000000000000e8ff
[INFO] [1790587186.553584682] [uav3.mavros.sys]: VER: 3.1: Flight software:     011200c0 (fca3df865a000000)
[INFO] [1790587186.553596777] [uav3.mavros.sys]: VER: 3.1: Middleware software: 011200c0 (fca3df865a000000)
[INFO] [1790587186.553602564] [uav3.mavros.sys]: VER: 3.1: OS software:         070000ff (17040b9f87cb1791)
[INFO] [1790587186.553607687] [uav3.mavros.sys]: VER: 3.1: Board hardware:      00000001
[INFO] [1790587186.553612738] [uav3.mavros.sys]: VER: 3.1: VID/PID:             0000:0000
[INFO] [1790587186.553617844] [uav3.mavros.sys]: VER: 3.1: UID:                 4954414c44494e51
[WARN] [1790587186.555934491] [uav3.mavros.cmd]: CMD: Unexpected command 512, result 0
[INFO] [1790587186.572781895] [uav3.mavros]: CON: Got HEARTBEAT, connected. FCU: PX4 Autopilot
[INFO] [1790587187.596940873] [uav3.mavros.sys]: VER: 3.1: Capabilities         0x000000000000e8ff
[INFO] [1790587187.596996469] [uav3.mavros.sys]: VER: 3.1: Flight software:     011200c0 (fca3df865a000000)
[INFO] [1790587187.597008816] [uav3.mavros.sys]: VER: 3.1: Middleware software: 011200c0 (fca3df865a000000)
[INFO] [1790587187.597014761] [uav3.mavros.sys]: VER: 3.1: OS software:         070000ff (17040b9f87cb1791)
[INFO] [1790587187.597020380] [uav3.mavros.sys]: VER: 3.1: Board hardware:      00000001
[INFO] [1790587187.597026541] [uav3.mavros.sys]: VER: 3.1: VID/PID:             0000:0000
[INFO] [1790587187.597032185] [uav3.mavros.sys]: VER: 3.1: UID:                 4954414c44494e51
[WARN] [1790587187.608853733] [uav3.mavros.sys]: VER: broadcast request timeout, retries left 4
[WARN] [1790587195.937331643] [uav3.mavros.sys]: FCU: UNK(8): EVENT 11047904 with args -0-0-0-0-0-128-0-0-0-176-122-127-128-176-122-127-128-0-0-0-0-0-0-0-0-0-0-0-0-0-0-0-0-0-0-0-0-0-0-0-
[INFO] [1790587195.937461585] [uav3.mavros.sys]: FCU: EVENT 377561 with args -8-0-0-0-20-0-0-0-0-0-0-0-0-0-0-0-0-0-0-0-0-0-0-0-0-0-0-0-0-0-0-0-0-0-0-0-0-0-0-0-
[WARN] [1790587195.937501630] [uav3.mavros.sys]: FCU: EVENT 453929 with args -255-255-255-255-7-0-0-0-0-0-0-0-0-0-0-0-0-0-0-0-0-0-0-0-0-0-0-0-0-0-0-0-0-0-0-0-0-0-0-0-
[INFO] [1790587195.937535653] [uav3.mavros.sys]: FCU: EVENT 6801787 with args -255-255-255-255-12-0-0-0-0-0-0-0-0-0-0-0-0-0-0-0-0-0-0-0-0-0-0-0-0-0-0-0-0-0-0-0-0-0-0-0-
[WARN] [1790587195.937567910] [uav3.mavros.sys]: FCU: UNK(8): EVENT 1914663 with args -0-10-13-2-56-0-0-0-0-0-0-0-0-0-0-0-0-0-0-0-0-0-0-0-0-0-0-0-0-0-0-0-0-0-0-0-0-0-0-0-
[WARN] [1790587201.895464120] [uav3.mavros.cmd]: CMD: Unexpected command 176, result 0
[INFO] [1790587202.045478561] [uav3.mavros.sys]: FCU: EVENT 9489139 with args -4-0-0-0-0-0-0-0-0-0-0-0-0-0-0-0-0-0-0-0-0-0-0-0-0-0-0-0-0-0-0-0-0-0-0-0-0-0-0-0-
[INFO] [1790587204.069126255] [uav3.mavros.sys]: FCU: EVENT 4277609 with args -0-0-0-0-0-0-0-0-0-0-0-0-0-0-0-0-0-0-0-0-0-0-0-0-0-0-0-0-0-0-0-0-0-0-0-0-0-0-0-0-
[WARN] [1790587454.738166096] [uav3.mavros.cmd]: CMD: Unexpected command 176, result 0
[INFO] [1790587486.286962349] [uav3.mavros.sys]: FCU: EVENT 9844908 with args -0-0-0-0-0-0-0-0-0-0-0-0-0-0-0-0-0-0-0-0-0-0-0-0-0-0-0-0-0-0-0-0-0-0-0-0-0-0-0-0-
[INFO] [1790587488.393189753] [uav3.mavros.sys]: FCU: EVENT 16017271 with args -6-0-0-0-0-0-0-0-0-0-0-0-0-0-0-0-0-0-0-0-0-0-0-0-0-0-0-0-0-0-0-0-0-0-0-0-0-0-0-0-
[WARN] [1790587492.264544560] [uav3.mavros.sys]: FCU: UNK(8): EVENT 11047904 with args -0-0-0-0-0-128-0-0-0-176-122-127-128-176-122-127-128-0-0-0-0-0-0-0-0-0-0-0-0-0-0-0-0-0-0-0-0-0-0-0-
[INFO] [1790587492.264745136] [uav3.mavros.sys]: FCU: EVENT 377561 with args -8-0-0-0-20-0-0-0-0-0-0-0-0-0-0-0-0-0-0-0-0-0-0-0-0-0-0-0-0-0-0-0-0-0-0-0-0-0-0-0-
[WARN] [1790587492.264855199] [uav3.mavros.sys]: FCU: EVENT 453929 with args -255-255-255-255-7-0-0-0-0-0-0-0-0-0-0-0-0-0-0-0-0-0-0-0-0-0-0-0-0-0-0-0-0-0-0-0-0-0-0-0-
[INFO] [1790587492.264894621] [uav3.mavros.sys]: FCU: EVENT 6801787 with args -255-255-255-255-12-0-0-0-0-0-0-0-0-0-0-0-0-0-0-0-0-0-0-0-0-0-0-0-0-0-0-0-0-0-0-0-0-0-0-0-
[WARN] [1790587492.264978306] [uav3.mavros.sys]: FCU: UNK(8): EVENT 1914663 with args -0-10-9-2-56-0-0-0-0-0-0-0-0-0-0-0-0-0-0-0-0-0-0-0-0-0-0-0-0-0-0-0-0-0-0-0-0-0-0-0-
[INFO] [1790587497.754679165] [rclcpp]: signal_handler(SIGINT/SIGTERM)
[WARN] [1790587497.755143719] [uav3.mavros]: UAS Executor terminated
