[INFO] [1790587184.567496296] [uav2.mavros_node]: Starting mavros_node container
[INFO] [1790587184.567773233] [uav2.mavros_node]: FCU URL: udp://:14541@127.0.0.1:14581
[INFO] [1790587184.568023958] [uav2.mavros_node]: GCS URL: 
[INFO] [1790587184.568034881] [uav2.mavros_node]: UAS Prefix: /uas2
[INFO] [1790587184.568040065] [uav2.mavros_node]: Starting mavros router node
[INFO] [1790587184.622129901] [uav2.mavros_router]: Built-in SIMD instructions: SSE, SSE2
[INFO] [1790587184.622183100] [uav2.mavros_router]: Built-in MAVLink package version: 2026.8.8
[INFO] [1790587184.622194432] [uav2.mavros_router]: Known MAVLink dialects: common ardupilotmega ASLUAV AVSSUAS all csAirLink cubepilot development icarous loweheiser marsh paparazzi standard stemstudios storm32 uAvionix ualberta
[INFO] [1790587184.622202801] [uav2.mavros_router]: MAVROS Router started
[INFO] [1790587184.622371410] [uav2.mavros_node]: Starting mavros uas node
[INFO] [1790587184.823455460] [uav2.mavros_router]: Requested to add endpoint: type: 0, url: udp://:14541@127.0.0.1:14581
[INFO] [1790587184.823525855] [uav2.mavros_router]: Endpoint link[1000] created
[INFO] [1790587184.832346289] [uav2.mavros_router]: link[1000] opened successfully
[INFO] [1790587184.832408887] [uav2.mavros_router]: Requested to add endpoint: type: 2, url: /uas2
[INFO] [1790587184.835077614] [uav2.mavros_router]: Endpoint link[1001] created
[INFO] [1790587184.835797951] [uav2.mavros_router]: link[1000] detected remote address 2.1
[INFO] [1790587184.834248329] [uav2.mavros]: Plugin actuator_control ignored
[INFO] [1790587184.836927214] [uav2.mavros]: Plugin altitude ignored
[INFO] [1790587184.834267499] [uav2.mavros]: UAS Executor started, threads: 4
[INFO] [1790587184.901942560] [uav2.mavros_router]: link[1001] opened successfully
[INFO] [1790587184.978074850] [uav2.mavros]: Plugin command created
[INFO] [1790587184.978164817] [uav2.mavros]: Plugin command initialized
[INFO] [1790587184.978180730] [uav2.mavros]: Plugin ftp ignored
[INFO] [1790587184.978192145] [uav2.mavros]: Plugin geofence ignored
[INFO] [1790587185.050755002] [uav2.mavros]: Plugin global_position created
[INFO] [1790587185.050963105] [uav2.mavros]: Plugin global_position initialized
[INFO] [1790587185.051232678] [uav2.mavros]: Plugin home_position ignored
[INFO] [1790587185.051278919] [uav2.mavros]: Plugin imu ignored
[INFO] [1790587185.114682019] [uav2.mavros]: Plugin local_position created
[INFO] [1790587185.114736495] [uav2.mavros]: Plugin local_position initialized
[INFO] [1790587185.114747391] [uav2.mavros]: Plugin manual_control ignored
[INFO] [1790587185.114754059] [uav2.mavros]: Plugin nav_controller_output ignored
[INFO] [1790587185.114760397] [uav2.mavros]: Plugin param ignored
[INFO] [1790587185.114766466] [uav2.mavros]: Plugin rallypoint ignored
[INFO] [1790587185.114772494] [uav2.mavros]: Plugin rc_io ignored
[INFO] [1790587185.114778870] [uav2.mavros]: Plugin setpoint_accel ignored
[INFO] [1790587185.114785106] [uav2.mavros]: Plugin setpoint_attitude ignored
[INFO] [1790587185.114791263] [uav2.mavros]: Plugin setpoint_position ignored
[INFO] [1790587185.114797520] [uav2.mavros]: Plugin setpoint_raw ignored
[INFO] [1790587185.114803540] [uav2.mavros]: Plugin setpoint_trajectory ignored
[INFO] [1790587185.178292481] [uav2.mavros]: Plugin setpoint_velocity created
[INFO] [1790587185.178360241] [uav2.mavros]: Plugin setpoint_velocity initialized
[INFO] [1790587185.263218499] [uav2.mavros]: Plugin sys_status created
[INFO] [1790587185.263274865] [uav2.mavros]: Plugin sys_status initialized
[INFO] [1790587185.282261792] [uav2.mavros.time]: TM: Timesync mode: MAVLINK
[INFO] [1790587185.285149453] [uav2.mavros]: Plugin sys_time created
[INFO] [1790587185.285213199] [uav2.mavros]: Plugin sys_time initialized
[INFO] [1790587185.285224059] [uav2.mavros]: Plugin waypoint ignored
[INFO] [1790587185.285290838] [uav2.mavros]: Plugin wind_estimation ignored
[INFO] [1790587185.287683650] [uav2.mavros]: Built-in SIMD instructions: SSE, SSE2
[INFO] [1790587185.287729004] [uav2.mavros]: Built-in MAVLink package version: 2026.8.8
[INFO] [1790587185.287761142] [uav2.mavros]: Known MAVLink dialects: common ardupilotmega ASLUAV AVSSUAS all csAirLink cubepilot development icarous loweheiser marsh paparazzi standard stemstudios storm32 uAvionix ualberta
[INFO] [1790587185.287769799] [uav2.mavros]: MAVROS UAS via /uas2 started. MY ID 2.191, TARGET ID 2.1
[INFO] [1790587185.351820105] [uav2.mavros_router]: link[1001] detected remote address 2.191
[INFO] [1790587185.468334795] [uav2.mavros]: CON: Got HEARTBEAT, connected. FCU: PX4 Autopilot
[INFO] [1790587186.539530094] [uav2.mavros.sys]: VER: 2.1: Capabilities         0x000000000000e8ff
[INFO] [1790587186.539608162] [uav2.mavros.sys]: VER: 2.1: Flight software:     011200c0 (fca3df865a000000)
[INFO] [1790587186.539619999] [uav2.mavros.sys]: VER: 2.1: Middleware software: 011200c0 (fca3df865a000000)
[INFO] [1790587186.539627373] [uav2.mavros.sys]: VER: 2.1: OS software:         070000ff (17040b9f87cb1791)
[INFO] [1790587186.539633425] [uav2.mavros.sys]: VER: 2.1: Board hardware:      00000001
[INFO] [1790587186.539638762] [uav2.mavros.sys]: VER: 2.1: VID/PID:             0000:0000
[INFO] [1790587186.539645264] [uav2.mavros.sys]: VER: 2.1: UID:                 4954414c44494e50
[WARN] [1790587186.539690593] [uav2.mavros.cmd]: CMD: Unexpected command 512, result 0
[WARN] [1790587195.498179449] [uav2.mavros.sys]: FCU: UNK(8): EVENT 11047904 with args -0-0-0-0-0-128-0-0-0-176-122-127-128-176-122-127-128-0-0-0-0-0-0-0-0-0-0-0-0-0-0-0-0-0-0-0-0-0-0-0-
[INFO] [1790587195.498279216] [uav2.mavros.sys]: FCU: EVENT 377561 with args -8-0-0-0-20-0-0-0-0-0-0-0-0-0-0-0-0-0-0-0-0-0-0-0-0-0-0-0-0-0-0-0-0-0-0-0-0-0-0-0-
[WARN] [1790587195.498317374] [uav2.mavros.sys]: FCU: EVENT 453929 with args -255-255-255-255-7-0-0-0-0-0-0-0-0-0-0-0-0-0-0-0-0-0-0-0-0-0-0-0-0-0-0-0-0-0-0-0-0-0-0-0-
[INFO] [1790587195.498352353] [uav2.mavros.sys]: FCU: EVENT 6801787 with args -255-255-255-255-12-0-0-0-0-0-0-0-0-0-0-0-0-0-0-0-0-0-0-0-0-0-0-0-0-0-0-0-0-0-0-0-0-0-0-0-
[WARN] [1790587195.498386578] [uav2.mavros.sys]: FCU: UNK(8): EVENT 1914663 with args -0-10-13-2-56-0-0-0-0-0-0-0-0-0-0-0-0-0-0-0-0-0-0-0-0-0-0-0-0-0-0-0-0-0-0-0-0-0-0-0-
[WARN] [1790587201.911445209] [uav2.mavros.cmd]: CMD: Unexpected command 176, result 0
[INFO] [1790587202.100099534] [uav2.mavros.sys]: FCU: EVENT 9489139 with args -4-0-0-0-0-0-0-0-0-0-0-0-0-0-0-0-0-0-0-0-0-0-0-0-0-0-0-0-0-0-0-0-0-0-0-0-0-0-0-0-
[INFO] [1790587204.030075020] [uav2.mavros.sys]: FCU: EVENT 4277609 with args -0-0-0-0-0-0-0-0-0-0-0-0-0-0-0-0-0-0-0-0-0-0-0-0-0-0-0-0-0-0-0-0-0-0-0-0-0-0-0-0-
[WARN] [1790587454.541092963] [uav2.mavros.cmd]: CMD: Unexpected command 176, result 0
[INFO] [1790587486.739950732] [uav2.mavros.sys]: FCU: EVENT 9844908 with args -0-0-0-0-0-0-0-0-0-0-0-0-0-0-0-0-0-0-0-0-0-0-0-0-0-0-0-0-0-0-0-0-0-0-0-0-0-0-0-0-
[INFO] [1790587488.825538724] [uav2.mavros.sys]: FCU: EVENT 16017271 with args -6-0-0-0-0-0-0-0-0-0-0-0-0-0-0-0-0-0-0-0-0-0-0-0-0-0-0-0-0-0-0-0-0-0-0-0-0-0-0-0-
[WARN] [1790587492.166188838] [uav2.mavros.sys]: FCU: UNK(8): EVENT 11047904 with args -0-0-0-0-0-128-0-0-0-176-122-127-128-176-122-127-128-0-0-0-0-0-0-0-0-0-0-0-0-0-0-0-0-0-0-0-0-0-0-0-
[INFO] [1790587492.166271341] [uav2.mavros.sys]: FCU: EVENT 377561 with args -8-0-0-0-20-0-0-0-0-0-0-0-0-0-0-0-0-0-0-0-0-0-0-0-0-0-0-0-0-0-0-0-0-0-0-0-0-0-0-0-
[WARN] [1790587492.166333208] [uav2.mavros.sys]: FCU: EVENT 453929 with args -255-255-255-255-7-0-0-0-0-0-0-0-0-0-0-0-0-0-0-0-0-0-0-0-0-0-0-0-0-0-0-0-0-0-0-0-0-0-0-0-
[INFO] [1790587492.166409282] [uav2.mavros.sys]: FCU: EVENT 6801787 with args -255-255-255-255-12-0-0-0-0-0-0-0-0-0-0-0-0-0-0-0-0-0-0-0-0-0-0-0-0-0-0-0-0-0-0-0-0-0-0-0-
[WARN] [1790587492.166459206] [uav2.mavros.sys]: FCU: UNK(8): EVENT 1914663 with args -0-10-9-2-56-0-0-0-0-0-0-0-0-0-0-0-0-0-0-0-0-0-0-0-0-0-0-0-0-0-0-0-0-0-0-0-0-0-0-0-
[INFO] [1790587497.759156809] [rclcpp]: signal_handler(SIGINT/SIGTERM)
[WARN] [1790587497.760237396] [uav2.mavros]: UAS Executor terminated
Failed to publish log message to rosout: publisher's context is invalid, at ./src/rcl/publisher.c:423
