[INFO] [1790587184.186771652] [uav9.mavros_node]: Starting mavros_node container
[INFO] [1790587184.186869029] [uav9.mavros_node]: FCU URL: udp://:14548@127.0.0.1:14588
[INFO] [1790587184.186878204] [uav9.mavros_node]: GCS URL: 
[INFO] [1790587184.186883739] [uav9.mavros_node]: UAS Prefix: /uas9
[INFO] [1790587184.192047536] [uav9.mavros_node]: Starting mavros router node
[INFO] [1790587184.640272009] [uav9.mavros_router]: Built-in SIMD instructions: SSE, SSE2
[INFO] [1790587184.640328082] [uav9.mavros_router]: Built-in MAVLink package version: 2026.8.8
[INFO] [1790587184.640338027] [uav9.mavros_router]: Known MAVLink dialects: common ardupilotmega ASLUAV AVSSUAS all csAirLink cubepilot development icarous loweheiser marsh paparazzi standard stemstudios storm32 uAvionix ualberta
[INFO] [1790587184.640345894] [uav9.mavros_router]: MAVROS Router started
[INFO] [1790587184.644408007] [uav9.mavros_node]: Starting mavros uas node
[INFO] [1790587184.856315576] [uav9.mavros_router]: Requested to add endpoint: type: 0, url: udp://:14548@127.0.0.1:14588
[INFO] [1790587184.856379095] [uav9.mavros_router]: Endpoint link[1000] created
[INFO] [1790587184.856623876] [uav9.mavros_router]: link[1000] opened successfully
[INFO] [1790587184.856646360] [uav9.mavros_router]: Requested to add endpoint: type: 2, url: /uas9
[INFO] [1790587184.859499049] [uav9.mavros_router]: Endpoint link[1001] created
[INFO] [1790587184.862391162] [uav9.mavros_router]: link[1000] detected remote address 9.1
[INFO] [1790587184.872227576] [uav9.mavros]: Plugin actuator_control ignored
[INFO] [1790587184.881758334] [uav9.mavros]: Plugin altitude ignored
[INFO] [1790587184.872235588] [uav9.mavros]: UAS Executor started, threads: 4
[INFO] [1790587184.958733494] [uav9.mavros_router]: link[1001] opened successfully
[INFO] [1790587185.015024947] [uav9.mavros]: Plugin command created
[INFO] [1790587185.015095767] [uav9.mavros]: Plugin command initialized
[INFO] [1790587185.015109534] [uav9.mavros]: Plugin ftp ignored
[INFO] [1790587185.015116220] [uav9.mavros]: Plugin geofence ignored
[INFO] [1790587185.048047713] [uav9.mavros]: Plugin global_position created
[INFO] [1790587185.048111975] [uav9.mavros]: Plugin global_position initialized
[INFO] [1790587185.048122621] [uav9.mavros]: Plugin home_position ignored
[INFO] [1790587185.048129440] [uav9.mavros]: Plugin imu ignored
[INFO] [1790587185.080244961] [uav9.mavros]: Plugin local_position created
[INFO] [1790587185.080547435] [uav9.mavros]: Plugin local_position initialized
[INFO] [1790587185.080570721] [uav9.mavros]: Plugin manual_control ignored
[INFO] [1790587185.080587999] [uav9.mavros]: Plugin nav_controller_output ignored
[INFO] [1790587185.080602616] [uav9.mavros]: Plugin param ignored
[INFO] [1790587185.080622334] [uav9.mavros]: Plugin rallypoint ignored
[INFO] [1790587185.080635178] [uav9.mavros]: Plugin rc_io ignored
[INFO] [1790587185.080647221] [uav9.mavros]: Plugin setpoint_accel ignored
[INFO] [1790587185.080658230] [uav9.mavros]: Plugin setpoint_attitude ignored
[INFO] [1790587185.080929320] [uav9.mavros]: Plugin setpoint_position ignored
[INFO] [1790587185.080951118] [uav9.mavros]: Plugin setpoint_raw ignored
[INFO] [1790587185.080963453] [uav9.mavros]: Plugin setpoint_trajectory ignored
[INFO] [1790587185.111005918] [uav9.mavros]: Plugin setpoint_velocity created
[INFO] [1790587185.112013983] [uav9.mavros]: Plugin setpoint_velocity initialized
[INFO] [1790587185.193888301] [uav9.mavros]: Plugin sys_status created
[INFO] [1790587185.193959374] [uav9.mavros]: Plugin sys_status initialized
[INFO] [1790587185.220769536] [uav9.mavros.time]: TM: Timesync mode: MAVLINK
[INFO] [1790587185.222641891] [uav9.mavros]: Plugin sys_time created
[INFO] [1790587185.222703870] [uav9.mavros]: Plugin sys_time initialized
[INFO] [1790587185.222715829] [uav9.mavros]: Plugin waypoint ignored
[INFO] [1790587185.222722611] [uav9.mavros]: Plugin wind_estimation ignored
[INFO] [1790587185.225097345] [uav9.mavros]: Built-in SIMD instructions: SSE, SSE2
[INFO] [1790587185.225147102] [uav9.mavros]: Built-in MAVLink package version: 2026.8.8
[INFO] [1790587185.225187643] [uav9.mavros]: Known MAVLink dialects: common ardupilotmega ASLUAV AVSSUAS all csAirLink cubepilot development icarous loweheiser marsh paparazzi standard stemstudios storm32 uAvionix ualberta
[INFO] [1790587185.225199222] [uav9.mavros]: MAVROS UAS via /uas9 started. MY ID 9.191, TARGET ID 9.1
[INFO] [1790587185.302503126] [uav9.mavros_router]: link[1001] detected remote address 9.191
[INFO] [1790587185.407523398] [uav9.mavros]: CON: Got HEARTBEAT, connected. FCU: PX4 Autopilot
[INFO] [1790587186.509841249] [uav9.mavros.sys]: VER: 9.1: Capabilities         0x000000000000e8ff
[INFO] [1790587186.509888621] [uav9.mavros.sys]: VER: 9.1: Flight software:     011200c0 (fca3df865a000000)
[INFO] [1790587186.509897837] [uav9.mavros.sys]: VER: 9.1: Middleware software: 011200c0 (fca3df865a000000)
[INFO] [1790587186.509904326] [uav9.mavros.sys]: VER: 9.1: OS software:         070000ff (17040b9f87cb1791)
[INFO] [1790587186.509909708] [uav9.mavros.sys]: VER: 9.1: Board hardware:      00000001
[INFO] [1790587186.509915307] [uav9.mavros.sys]: VER: 9.1: VID/PID:             0000:0000
[INFO] [1790587186.509921043] [uav9.mavros.sys]: VER: 9.1: UID:                 4954414c44494e57
[WARN] [1790587186.515443414] [uav9.mavros.cmd]: CMD: Unexpected command 512, result 0
[WARN] [1790587186.515653237] [uav9.mavros.sys]: FCU: UNK(8): EVENT 11047904 with args -0-0-0-16-0-128-0-0-0-176-58-127-128-176-58-127-128-0-0-0-0-0-0-0-0-0-0-0-0-0-0-0-0-0-0-0-0-0-0-0-
[ERROR] [1790587186.515712534] [uav9.mavros.sys]: FCU: EVENT 11464574 with args -0-64-0-0-20-0-0-0-0-0-0-0-0-0-0-0-0-0-0-0-0-0-0-0-0-0-0-0-0-0-0-0-0-0-0-0-0-0-0-0-
[INFO] [1790587186.515767118] [uav9.mavros.sys]: FCU: EVENT 377561 with args -8-0-0-0-20-0-0-0-0-0-0-0-0-0-0-0-0-0-0-0-0-0-0-0-0-0-0-0-0-0-0-0-0-0-0-0-0-0-0-0-
[WARN] [1790587186.515806499] [uav9.mavros.sys]: FCU: EVENT 453929 with args -255-255-255-255-7-0-0-0-0-0-0-0-0-0-0-0-0-0-0-0-0-0-0-0-0-0-0-0-0-0-0-0-0-0-0-0-0-0-0-0-
[INFO] [1790587186.515842014] [uav9.mavros.sys]: FCU: EVENT 6801787 with args -255-255-255-255-12-0-0-0-0-0-0-0-0-0-0-0-0-0-0-0-0-0-0-0-0-0-0-0-0-0-0-0-0-0-0-0-0-0-0-0-
[WARN] [1790587186.515877695] [uav9.mavros.sys]: FCU: UNK(8): EVENT 1914663 with args -0-10-13-2-56-0-0-0-0-0-0-0-0-0-0-0-0-0-0-0-0-0-0-0-0-0-0-0-0-0-0-0-0-0-0-0-0-0-0-0-
[WARN] [1790587196.482365396] [uav9.mavros.sys]: FCU: UNK(8): EVENT 11047904 with args -0-0-0-0-0-128-0-0-0-176-122-127-128-176-122-127-128-0-0-0-0-0-0-0-0-0-0-0-0-0-0-0-0-0-0-0-0-0-0-0-
[INFO] [1790587196.483158472] [uav9.mavros.sys]: FCU: EVENT 377561 with args -8-0-0-0-20-0-0-0-0-0-0-0-0-0-0-0-0-0-0-0-0-0-0-0-0-0-0-0-0-0-0-0-0-0-0-0-0-0-0-0-
[WARN] [1790587196.485127995] [uav9.mavros.sys]: FCU: EVENT 453929 with args -255-255-255-255-7-0-0-0-0-0-0-0-0-0-0-0-0-0-0-0-0-0-0-0-0-0-0-0-0-0-0-0-0-0-0-0-0-0-0-0-
[INFO] [1790587196.485204669] [uav9.mavros.sys]: FCU: EVENT 6801787 with args -255-255-255-255-12-0-0-0-0-0-0-0-0-0-0-0-0-0-0-0-0-0-0-0-0-0-0-0-0-0-0-0-0-0-0-0-0-0-0-0-
[WARN] [1790587196.485244181] [uav9.mavros.sys]: FCU: UNK(8): EVENT 1914663 with args -0-10-13-2-56-0-0-0-0-0-0-0-0-0-0-0-0-0-0-0-0-0-0-0-0-0-0-0-0-0-0-0-0-0-0-0-0-0-0-0-
[WARN] [1790587201.909691627] [uav9.mavros.cmd]: CMD: Unexpected command 176, result 0
[INFO] [1790587202.999762476] [uav9.mavros.sys]: FCU: EVENT 9489139 with args -4-0-0-0-0-0-0-0-0-0-0-0-0-0-0-0-0-0-0-0-0-0-0-0-0-0-0-0-0-0-0-0-0-0-0-0-0-0-0-0-
[INFO] [1790587204.858062854] [uav9.mavros.sys]: FCU: EVENT 4277609 with args -0-0-0-0-0-0-0-0-0-0-0-0-0-0-0-0-0-0-0-0-0-0-0-0-0-0-0-0-0-0-0-0-0-0-0-0-0-0-0-0-
[WARN] [1790587454.700523654] [uav9.mavros.cmd]: CMD: Unexpected command 176, result 0
[INFO] [1790587487.927152255] [uav9.mavros.sys]: FCU: EVENT 9844908 with args -0-0-0-0-0-0-0-0-0-0-0-0-0-0-0-0-0-0-0-0-0-0-0-0-0-0-0-0-0-0-0-0-0-0-0-0-0-0-0-0-
[INFO] [1790587490.041993201] [uav9.mavros.sys]: FCU: EVENT 16017271 with args -6-0-0-0-0-0-0-0-0-0-0-0-0-0-0-0-0-0-0-0-0-0-0-0-0-0-0-0-0-0-0-0-0-0-0-0-0-0-0-0-
[WARN] [1790587494.116026220] [uav9.mavros.sys]: FCU: UNK(8): EVENT 11047904 with args -0-0-0-0-0-128-0-0-0-176-122-127-128-176-122-127-128-0-0-0-0-0-0-0-0-0-0-0-0-0-0-0-0-0-0-0-0-0-0-0-
[INFO] [1790587494.116131295] [uav9.mavros.sys]: FCU: EVENT 377561 with args -8-0-0-0-20-0-0-0-0-0-0-0-0-0-0-0-0-0-0-0-0-0-0-0-0-0-0-0-0-0-0-0-0-0-0-0-0-0-0-0-
[WARN] [1790587494.116220107] [uav9.mavros.sys]: FCU: EVENT 453929 with args -255-255-255-255-7-0-0-0-0-0-0-0-0-0-0-0-0-0-0-0-0-0-0-0-0-0-0-0-0-0-0-0-0-0-0-0-0-0-0-0-
[INFO] [1790587494.116296187] [uav9.mavros.sys]: FCU: EVENT 6801787 with args -255-255-255-255-12-0-0-0-0-0-0-0-0-0-0-0-0-0-0-0-0-0-0-0-0-0-0-0-0-0-0-0-0-0-0-0-0-0-0-0-
[WARN] [1790587494.116340880] [uav9.mavros.sys]: FCU: UNK(8): EVENT 1914663 with args -0-10-9-2-56-0-0-0-0-0-0-0-0-0-0-0-0-0-0-0-0-0-0-0-0-0-0-0-0-0-0-0-0-0-0-0-0-0-0-0-
[INFO] [1790587497.758020459] [rclcpp]: signal_handler(SIGINT/SIGTERM)
[WARN] [1790587497.758542065] [uav9.mavros]: UAS Executor terminated
Failed to publish log message to rosout: publisher's context is invalid, at ./src/rcl/publisher.c:423
