[INFO] [1790607478.621443426] [uav5.mavros_node]: Starting mavros_node container
[INFO] [1790607478.629458695] [uav5.mavros_node]: FCU URL: udp://:14544@127.0.0.1:14584
[INFO] [1790607478.629493617] [uav5.mavros_node]: GCS URL: 
[INFO] [1790607478.629498718] [uav5.mavros_node]: UAS Prefix: /uas5
[INFO] [1790607478.629502910] [uav5.mavros_node]: Starting mavros router node
[INFO] [1790607478.661322133] [uav5.mavros_router]: Built-in SIMD instructions: SSE, SSE2
[INFO] [1790607478.661356969] [uav5.mavros_router]: Built-in MAVLink package version: 2026.8.8
[INFO] [1790607478.661366238] [uav5.mavros_router]: Known MAVLink dialects: common ardupilotmega ASLUAV AVSSUAS all csAirLink cubepilot development icarous loweheiser marsh paparazzi standard stemstudios storm32 uAvionix ualberta
[INFO] [1790607478.661375100] [uav5.mavros_router]: MAVROS Router started
[INFO] [1790607478.661512535] [uav5.mavros_node]: Starting mavros uas node
[INFO] [1790607478.706169065] [uav5.mavros_router]: Requested to add endpoint: type: 0, url: udp://:14544@127.0.0.1:14584
[INFO] [1790607478.707320445] [uav5.mavros_router]: Endpoint link[1000] created
[INFO] [1790607478.707519185] [uav5.mavros_router]: link[1000] opened successfully
[INFO] [1790607478.707530485] [uav5.mavros_router]: Requested to add endpoint: type: 2, url: /uas5
[INFO] [1790607478.707613177] [uav5.mavros_router]: Endpoint link[1001] created
[INFO] [1790607478.708240231] [uav5.mavros_router]: link[1000] detected remote address 5.1
[INFO] [1790607478.711301163] [uav5.mavros_router]: link[1001] opened successfully
[INFO] [1790607478.716601267] [uav5.mavros]: UAS Executor started, threads: 4
[INFO] [1790607478.716620720] [uav5.mavros]: Plugin actuator_control ignored
[INFO] [1790607478.717535955] [uav5.mavros]: Plugin altitude ignored
[INFO] [1790607478.750475340] [uav5.mavros]: Plugin command created
[INFO] [1790607478.750677341] [uav5.mavros]: Plugin command initialized
[INFO] [1790607478.750697407] [uav5.mavros]: Plugin ftp ignored
[INFO] [1790607478.750703608] [uav5.mavros]: Plugin geofence ignored
[INFO] [1790607478.778787654] [uav5.mavros]: Plugin global_position created
[INFO] [1790607478.778842642] [uav5.mavros]: Plugin global_position initialized
[INFO] [1790607478.778851723] [uav5.mavros]: Plugin home_position ignored
[INFO] [1790607478.778856895] [uav5.mavros]: Plugin imu ignored
[INFO] [1790607478.804640102] [uav5.mavros]: Plugin local_position created
[INFO] [1790607478.809764075] [uav5.mavros]: Plugin local_position initialized
[INFO] [1790607478.809783095] [uav5.mavros]: Plugin manual_control ignored
[INFO] [1790607478.809789118] [uav5.mavros]: Plugin nav_controller_output ignored
[INFO] [1790607478.809794823] [uav5.mavros]: Plugin param ignored
[INFO] [1790607478.809800466] [uav5.mavros]: Plugin rallypoint ignored
[INFO] [1790607478.809806034] [uav5.mavros]: Plugin rc_io ignored
[INFO] [1790607478.809811155] [uav5.mavros]: Plugin setpoint_accel ignored
[INFO] [1790607478.809815840] [uav5.mavros]: Plugin setpoint_attitude ignored
[INFO] [1790607478.809820825] [uav5.mavros]: Plugin setpoint_position ignored
[INFO] [1790607478.809825926] [uav5.mavros]: Plugin setpoint_raw ignored
[INFO] [1790607478.809830908] [uav5.mavros]: Plugin setpoint_trajectory ignored
[INFO] [1790607478.841322677] [uav5.mavros]: Plugin setpoint_velocity created
[INFO] [1790607478.841366952] [uav5.mavros]: Plugin setpoint_velocity initialized
[INFO] [1790607478.883276702] [uav5.mavros]: Plugin sys_status created
[INFO] [1790607478.891325752] [uav5.mavros]: Plugin sys_status initialized
[INFO] [1790607478.923698602] [uav5.mavros.time]: TM: Timesync mode: MAVLINK
[INFO] [1790607478.927087452] [uav5.mavros]: Plugin sys_time created
[INFO] [1790607478.927127053] [uav5.mavros]: Plugin sys_time initialized
[INFO] [1790607478.927135743] [uav5.mavros]: Plugin waypoint ignored
[INFO] [1790607478.927141364] [uav5.mavros]: Plugin wind_estimation ignored
[INFO] [1790607478.928889108] [uav5.mavros]: Built-in SIMD instructions: SSE, SSE2
[INFO] [1790607478.929011227] [uav5.mavros]: Built-in MAVLink package version: 2026.8.8
[INFO] [1790607478.929050298] [uav5.mavros]: Known MAVLink dialects: common ardupilotmega ASLUAV AVSSUAS all csAirLink cubepilot development icarous loweheiser marsh paparazzi standard stemstudios storm32 uAvionix ualberta
[INFO] [1790607478.929061564] [uav5.mavros]: MAVROS UAS via /uas5 started. MY ID 5.191, TARGET ID 5.1
[INFO] [1790607478.998156449] [uav5.mavros_router]: link[1001] detected remote address 5.191
[INFO] [1790607479.941871422] [uav5.mavros.sys]: VER: 5.1: Capabilities         0x000000000000e8ff
[INFO] [1790607479.941920511] [uav5.mavros.sys]: VER: 5.1: Flight software:     011200c0 (fca3df865a000000)
[INFO] [1790607479.941928255] [uav5.mavros.sys]: VER: 5.1: Middleware software: 011200c0 (fca3df865a000000)
[INFO] [1790607479.941933657] [uav5.mavros.sys]: VER: 5.1: OS software:         070000ff (17040b9f87cb1791)
[INFO] [1790607479.941938235] [uav5.mavros.sys]: VER: 5.1: Board hardware:      00000001
[INFO] [1790607479.941943023] [uav5.mavros.sys]: VER: 5.1: VID/PID:             0000:0000
[INFO] [1790607479.941947768] [uav5.mavros.sys]: VER: 5.1: UID:                 4954414c44494e53
[WARN] [1790607479.943729948] [uav5.mavros.cmd]: CMD: Unexpected command 512, result 0
[INFO] [1790607480.020562920] [uav5.mavros]: CON: Got HEARTBEAT, connected. FCU: PX4 Autopilot
[INFO] [1790607481.081162060] [uav5.mavros.sys]: VER: 5.1: Capabilities         0x000000000000e8ff
[INFO] [1790607481.081221511] [uav5.mavros.sys]: VER: 5.1: Flight software:     011200c0 (fca3df865a000000)
[INFO] [1790607481.081231159] [uav5.mavros.sys]: VER: 5.1: Middleware software: 011200c0 (fca3df865a000000)
[INFO] [1790607481.081236581] [uav5.mavros.sys]: VER: 5.1: OS software:         070000ff (17040b9f87cb1791)
[INFO] [1790607481.081241489] [uav5.mavros.sys]: VER: 5.1: Board hardware:      00000001
[INFO] [1790607481.081245713] [uav5.mavros.sys]: VER: 5.1: VID/PID:             0000:0000
[INFO] [1790607481.081250362] [uav5.mavros.sys]: VER: 5.1: UID:                 4954414c44494e53
[WARN] [1790607490.116320168] [uav5.mavros.sys]: FCU: UNK(8): EVENT 11047904 with args -0-0-0-0-0-128-0-0-0-176-122-127-128-176-122-127-128-0-0-0-0-0-0-0-0-0-0-0-0-0-0-0-0-0-0-0-0-0-0-0-
[INFO] [1790607490.116406710] [uav5.mavros.sys]: FCU: EVENT 377561 with args -8-0-0-0-20-0-0-0-0-0-0-0-0-0-0-0-0-0-0-0-0-0-0-0-0-0-0-0-0-0-0-0-0-0-0-0-0-0-0-0-
[WARN] [1790607490.116447070] [uav5.mavros.sys]: FCU: EVENT 453929 with args -255-255-255-255-7-0-0-0-0-0-0-0-0-0-0-0-0-0-0-0-0-0-0-0-0-0-0-0-0-0-0-0-0-0-0-0-0-0-0-0-
[INFO] [1790607490.116483821] [uav5.mavros.sys]: FCU: EVENT 6801787 with args -255-255-255-255-12-0-0-0-0-0-0-0-0-0-0-0-0-0-0-0-0-0-0-0-0-0-0-0-0-0-0-0-0-0-0-0-0-0-0-0-
[WARN] [1790607490.116524237] [uav5.mavros.sys]: FCU: UNK(8): EVENT 1914663 with args -0-10-13-2-56-0-0-0-0-0-0-0-0-0-0-0-0-0-0-0-0-0-0-0-0-0-0-0-0-0-0-0-0-0-0-0-0-0-0-0-
[WARN] [1790607494.300009657] [uav5.mavros.cmd]: CMD: Unexpected command 176, result 0
[INFO] [1790607495.358312340] [uav5.mavros.sys]: FCU: EVENT 9489139 with args -4-0-0-0-0-0-0-0-0-0-0-0-0-0-0-0-0-0-0-0-0-0-0-0-0-0-0-0-0-0-0-0-0-0-0-0-0-0-0-0-
[INFO] [1790607497.075514117] [uav5.mavros.sys]: FCU: EVENT 4277609 with args -0-0-0-0-0-0-0-0-0-0-0-0-0-0-0-0-0-0-0-0-0-0-0-0-0-0-0-0-0-0-0-0-0-0-0-0-0-0-0-0-
[WARN] [1790607747.855123359] [uav5.mavros.cmd]: CMD: Unexpected command 176, result 0
[INFO] [1790607779.784973339] [uav5.mavros.sys]: FCU: EVENT 9844908 with args -0-0-0-0-0-0-0-0-0-0-0-0-0-0-0-0-0-0-0-0-0-0-0-0-0-0-0-0-0-0-0-0-0-0-0-0-0-0-0-0-
[INFO] [1790607781.892730518] [uav5.mavros.sys]: FCU: EVENT 16017271 with args -6-0-0-0-0-0-0-0-0-0-0-0-0-0-0-0-0-0-0-0-0-0-0-0-0-0-0-0-0-0-0-0-0-0-0-0-0-0-0-0-
[WARN] [1790607786.142638605] [uav5.mavros.sys]: FCU: UNK(8): EVENT 11047904 with args -0-0-0-0-0-128-0-0-0-176-122-127-128-176-122-127-128-0-0-0-0-0-0-0-0-0-0-0-0-0-0-0-0-0-0-0-0-0-0-0-
[INFO] [1790607786.142724901] [uav5.mavros.sys]: FCU: EVENT 377561 with args -8-0-0-0-20-0-0-0-0-0-0-0-0-0-0-0-0-0-0-0-0-0-0-0-0-0-0-0-0-0-0-0-0-0-0-0-0-0-0-0-
[WARN] [1790607786.142845519] [uav5.mavros.sys]: FCU: EVENT 453929 with args -255-255-255-255-7-0-0-0-0-0-0-0-0-0-0-0-0-0-0-0-0-0-0-0-0-0-0-0-0-0-0-0-0-0-0-0-0-0-0-0-
[INFO] [1790607786.142886165] [uav5.mavros.sys]: FCU: EVENT 6801787 with args -255-255-255-255-12-0-0-0-0-0-0-0-0-0-0-0-0-0-0-0-0-0-0-0-0-0-0-0-0-0-0-0-0-0-0-0-0-0-0-0-
[WARN] [1790607786.142950189] [uav5.mavros.sys]: FCU: UNK(8): EVENT 1914663 with args -0-10-9-2-56-0-0-0-0-0-0-0-0-0-0-0-0-0-0-0-0-0-0-0-0-0-0-0-0-0-0-0-0-0-0-0-0-0-0-0-
[INFO] [1790607791.385889454] [rclcpp]: signal_handler(SIGINT/SIGTERM)
[WARN] [1790607791.386819681] [uav5.mavros]: UAS Executor terminated
