[INFO] [1790607479.078615020] [uav8.mavros_node]: Starting mavros_node container
[INFO] [1790607479.078736557] [uav8.mavros_node]: FCU URL: udp://:14547@127.0.0.1:14587
[INFO] [1790607479.078744743] [uav8.mavros_node]: GCS URL: 
[INFO] [1790607479.078749945] [uav8.mavros_node]: UAS Prefix: /uas8
[INFO] [1790607479.078754717] [uav8.mavros_node]: Starting mavros router node
[INFO] [1790607479.124573347] [uav8.mavros_router]: Built-in SIMD instructions: SSE, SSE2
[INFO] [1790607479.124616506] [uav8.mavros_router]: Built-in MAVLink package version: 2026.8.8
[INFO] [1790607479.124714229] [uav8.mavros_router]: Known MAVLink dialects: common ardupilotmega ASLUAV AVSSUAS all csAirLink cubepilot development icarous loweheiser marsh paparazzi standard stemstudios storm32 uAvionix ualberta
[INFO] [1790607479.124721680] [uav8.mavros_router]: MAVROS Router started
[INFO] [1790607479.124956367] [uav8.mavros_node]: Starting mavros uas node
[INFO] [1790607479.341368603] [uav8.mavros_router]: Requested to add endpoint: type: 0, url: udp://:14547@127.0.0.1:14587
[INFO] [1790607479.344256877] [uav8.mavros_router]: Endpoint link[1000] created
[INFO] [1790607479.345601615] [uav8.mavros]: UAS Executor started, threads: 4
[INFO] [1790607479.345727124] [uav8.mavros]: Plugin actuator_control ignored
[INFO] [1790607479.351959729] [uav8.mavros]: Plugin altitude ignored
[INFO] [1790607479.350204542] [uav8.mavros_router]: link[1000] opened successfully
[INFO] [1790607479.353255207] [uav8.mavros_router]: Requested to add endpoint: type: 2, url: /uas8
[INFO] [1790607479.353319071] [uav8.mavros_router]: Endpoint link[1001] created
[INFO] [1790607479.357523504] [uav8.mavros_router]: link[1000] detected remote address 8.1
[INFO] [1790607479.424104583] [uav8.mavros_router]: link[1001] opened successfully
[INFO] [1790607479.569517430] [uav8.mavros]: Plugin command created
[INFO] [1790607479.569585676] [uav8.mavros]: Plugin command initialized
[INFO] [1790607479.569594974] [uav8.mavros]: Plugin ftp ignored
[INFO] [1790607479.569601288] [uav8.mavros]: Plugin geofence ignored
[INFO] [1790607479.725784119] [uav8.mavros]: Plugin global_position created
[INFO] [1790607479.725839444] [uav8.mavros]: Plugin global_position initialized
[INFO] [1790607479.725851174] [uav8.mavros]: Plugin home_position ignored
[INFO] [1790607479.725857525] [uav8.mavros]: Plugin imu ignored
[INFO] [1790607479.866467293] [uav8.mavros]: Plugin local_position created
[INFO] [1790607479.866529430] [uav8.mavros]: Plugin local_position initialized
[INFO] [1790607479.866540078] [uav8.mavros]: Plugin manual_control ignored
[INFO] [1790607479.866546152] [uav8.mavros]: Plugin nav_controller_output ignored
[INFO] [1790607479.866552005] [uav8.mavros]: Plugin param ignored
[INFO] [1790607479.866557629] [uav8.mavros]: Plugin rallypoint ignored
[INFO] [1790607479.866563139] [uav8.mavros]: Plugin rc_io ignored
[INFO] [1790607479.866568799] [uav8.mavros]: Plugin setpoint_accel ignored
[INFO] [1790607479.866574299] [uav8.mavros]: Plugin setpoint_attitude ignored
[INFO] [1790607479.866579811] [uav8.mavros]: Plugin setpoint_position ignored
[INFO] [1790607479.866585261] [uav8.mavros]: Plugin setpoint_raw ignored
[INFO] [1790607479.866594739] [uav8.mavros]: Plugin setpoint_trajectory ignored
[INFO] [1790607480.009670796] [uav8.mavros]: Plugin setpoint_velocity created
[INFO] [1790607480.009715677] [uav8.mavros]: Plugin setpoint_velocity initialized
[INFO] [1790607480.227929078] [uav8.mavros]: Plugin sys_status created
[INFO] [1790607480.227984090] [uav8.mavros]: Plugin sys_status initialized
[INFO] [1790607480.386838294] [uav8.mavros.time]: TM: Timesync mode: MAVLINK
[INFO] [1790607480.425622288] [uav8.mavros]: Plugin sys_time created
[INFO] [1790607480.426100903] [uav8.mavros]: Plugin sys_time initialized
[INFO] [1790607480.426110912] [uav8.mavros]: Plugin waypoint ignored
[INFO] [1790607480.426117035] [uav8.mavros]: Plugin wind_estimation ignored
[INFO] [1790607480.456878062] [uav8.mavros]: Built-in SIMD instructions: SSE, SSE2
[INFO] [1790607480.462139481] [uav8.mavros]: Built-in MAVLink package version: 2026.8.8
[INFO] [1790607480.462180483] [uav8.mavros]: Known MAVLink dialects: common ardupilotmega ASLUAV AVSSUAS all csAirLink cubepilot development icarous loweheiser marsh paparazzi standard stemstudios storm32 uAvionix ualberta
[INFO] [1790607480.462264019] [uav8.mavros]: MAVROS UAS via /uas8 started. MY ID 8.191, TARGET ID 8.1
[INFO] [1790607480.506629936] [uav8.mavros_router]: link[1001] detected remote address 8.191
[INFO] [1790607480.964097577] [uav8.mavros]: CON: Got HEARTBEAT, connected. FCU: PX4 Autopilot
[INFO] [1790607481.987480166] [uav8.mavros.sys]: VER: 8.1: Capabilities         0x000000000000e8ff
[INFO] [1790607481.990892597] [uav8.mavros.sys]: VER: 8.1: Flight software:     011200c0 (fca3df865a000000)
[INFO] [1790607481.990934143] [uav8.mavros.sys]: VER: 8.1: Middleware software: 011200c0 (fca3df865a000000)
[INFO] [1790607481.990939998] [uav8.mavros.sys]: VER: 8.1: OS software:         070000ff (17040b9f87cb1791)
[INFO] [1790607481.990945087] [uav8.mavros.sys]: VER: 8.1: Board hardware:      00000001
[INFO] [1790607481.990950179] [uav8.mavros.sys]: VER: 8.1: VID/PID:             0000:0000
[INFO] [1790607481.990955545] [uav8.mavros.sys]: VER: 8.1: UID:                 4954414c44494e56
[WARN] [1790607481.994283928] [uav8.mavros.cmd]: CMD: Unexpected command 512, result 0
[WARN] [1790607490.744742871] [uav8.mavros.sys]: FCU: UNK(8): EVENT 11047904 with args -0-0-0-0-0-128-0-0-0-176-122-127-128-176-122-127-128-0-0-0-0-0-0-0-0-0-0-0-0-0-0-0-0-0-0-0-0-0-0-0-
[INFO] [1790607490.744809385] [uav8.mavros.sys]: FCU: EVENT 377561 with args -8-0-0-0-20-0-0-0-0-0-0-0-0-0-0-0-0-0-0-0-0-0-0-0-0-0-0-0-0-0-0-0-0-0-0-0-0-0-0-0-
[WARN] [1790607490.744849787] [uav8.mavros.sys]: FCU: EVENT 453929 with args -255-255-255-255-7-0-0-0-0-0-0-0-0-0-0-0-0-0-0-0-0-0-0-0-0-0-0-0-0-0-0-0-0-0-0-0-0-0-0-0-
[INFO] [1790607490.744884918] [uav8.mavros.sys]: FCU: EVENT 6801787 with args -255-255-255-255-12-0-0-0-0-0-0-0-0-0-0-0-0-0-0-0-0-0-0-0-0-0-0-0-0-0-0-0-0-0-0-0-0-0-0-0-
[WARN] [1790607490.744918516] [uav8.mavros.sys]: FCU: UNK(8): EVENT 1914663 with args -0-10-13-2-56-0-0-0-0-0-0-0-0-0-0-0-0-0-0-0-0-0-0-0-0-0-0-0-0-0-0-0-0-0-0-0-0-0-0-0-
[WARN] [1790607494.344862774] [uav8.mavros.cmd]: CMD: Unexpected command 176, result 0
[INFO] [1790607495.239655289] [uav8.mavros.sys]: FCU: EVENT 9489139 with args -4-0-0-0-0-0-0-0-0-0-0-0-0-0-0-0-0-0-0-0-0-0-0-0-0-0-0-0-0-0-0-0-0-0-0-0-0-0-0-0-
[INFO] [1790607497.353135389] [uav8.mavros.sys]: FCU: EVENT 4277609 with args -0-0-0-0-0-0-0-0-0-0-0-0-0-0-0-0-0-0-0-0-0-0-0-0-0-0-0-0-0-0-0-0-0-0-0-0-0-0-0-0-
[WARN] [1790607747.830033203] [uav8.mavros.cmd]: CMD: Unexpected command 176, result 0
[INFO] [1790607782.409437167] [uav8.mavros.sys]: FCU: EVENT 9844908 with args -0-0-0-0-0-0-0-0-0-0-0-0-0-0-0-0-0-0-0-0-0-0-0-0-0-0-0-0-0-0-0-0-0-0-0-0-0-0-0-0-
[INFO] [1790607784.534340822] [uav8.mavros.sys]: FCU: EVENT 16017271 with args -6-0-0-0-0-0-0-0-0-0-0-0-0-0-0-0-0-0-0-0-0-0-0-0-0-0-0-0-0-0-0-0-0-0-0-0-0-0-0-0-
[WARN] [1790607787.883650356] [uav8.mavros.sys]: FCU: UNK(8): EVENT 11047904 with args -0-0-0-0-0-128-0-0-0-176-122-127-128-176-122-127-128-0-0-0-0-0-0-0-0-0-0-0-0-0-0-0-0-0-0-0-0-0-0-0-
[INFO] [1790607787.883725657] [uav8.mavros.sys]: FCU: EVENT 377561 with args -8-0-0-0-20-0-0-0-0-0-0-0-0-0-0-0-0-0-0-0-0-0-0-0-0-0-0-0-0-0-0-0-0-0-0-0-0-0-0-0-
[WARN] [1790607787.883764765] [uav8.mavros.sys]: FCU: EVENT 453929 with args -255-255-255-255-7-0-0-0-0-0-0-0-0-0-0-0-0-0-0-0-0-0-0-0-0-0-0-0-0-0-0-0-0-0-0-0-0-0-0-0-
[INFO] [1790607787.883794333] [uav8.mavros.sys]: FCU: EVENT 6801787 with args -255-255-255-255-12-0-0-0-0-0-0-0-0-0-0-0-0-0-0-0-0-0-0-0-0-0-0-0-0-0-0-0-0-0-0-0-0-0-0-0-
[WARN] [1790607787.883822701] [uav8.mavros.sys]: FCU: UNK(8): EVENT 1914663 with args -0-10-9-2-56-0-0-0-0-0-0-0-0-0-0-0-0-0-0-0-0-0-0-0-0-0-0-0-0-0-0-0-0-0-0-0-0-0-0-0-
[INFO] [1790607791.382789516] [rclcpp]: signal_handler(SIGINT/SIGTERM)
[WARN] [1790607791.385807176] [uav8.mavros]: UAS Executor terminated
