[INFO] [1790607479.108980783] [uav6.mavros_node]: Starting mavros_node container
[INFO] [1790607479.110842595] [uav6.mavros_node]: FCU URL: udp://:14545@127.0.0.1:14585
[INFO] [1790607479.110854039] [uav6.mavros_node]: GCS URL: 
[INFO] [1790607479.110859262] [uav6.mavros_node]: UAS Prefix: /uas6
[INFO] [1790607479.110864169] [uav6.mavros_node]: Starting mavros router node
[INFO] [1790607479.274933866] [uav6.mavros_router]: Built-in SIMD instructions: SSE, SSE2
[INFO] [1790607479.274977116] [uav6.mavros_router]: Built-in MAVLink package version: 2026.8.8
[INFO] [1790607479.274985952] [uav6.mavros_router]: Known MAVLink dialects: common ardupilotmega ASLUAV AVSSUAS all csAirLink cubepilot development icarous loweheiser marsh paparazzi standard stemstudios storm32 uAvionix ualberta
[INFO] [1790607479.274992910] [uav6.mavros_router]: MAVROS Router started
[INFO] [1790607479.275737756] [uav6.mavros_node]: Starting mavros uas node
[INFO] [1790607479.428373008] [uav6.mavros_router]: Requested to add endpoint: type: 0, url: udp://:14545@127.0.0.1:14585
[INFO] [1790607479.428431936] [uav6.mavros_router]: Endpoint link[1000] created
[INFO] [1790607479.428674379] [uav6.mavros_router]: link[1000] opened successfully
[INFO] [1790607479.428685903] [uav6.mavros_router]: Requested to add endpoint: type: 2, url: /uas6
[INFO] [1790607479.428696843] [uav6.mavros_router]: Endpoint link[1001] created
[INFO] [1790607479.436288239] [uav6.mavros_router]: link[1000] detected remote address 6.1
[INFO] [1790607479.454040418] [uav6.mavros]: Plugin actuator_control ignored
[INFO] [1790607479.460242857] [uav6.mavros]: Plugin altitude ignored
[INFO] [1790607479.454169722] [uav6.mavros]: UAS Executor started, threads: 4
[INFO] [1790607479.461939166] [uav6.mavros_router]: link[1001] opened successfully
[INFO] [1790607479.599391236] [uav6.mavros]: Plugin command created
[INFO] [1790607479.599458357] [uav6.mavros]: Plugin command initialized
[INFO] [1790607479.599468423] [uav6.mavros]: Plugin ftp ignored
[INFO] [1790607479.599474249] [uav6.mavros]: Plugin geofence ignored
[INFO] [1790607479.683363122] [uav6.mavros]: Plugin global_position created
[INFO] [1790607479.683416119] [uav6.mavros]: Plugin global_position initialized
[INFO] [1790607479.683425877] [uav6.mavros]: Plugin home_position ignored
[INFO] [1790607479.683431586] [uav6.mavros]: Plugin imu ignored
[INFO] [1790607479.836194893] [uav6.mavros]: Plugin local_position created
[INFO] [1790607479.836245786] [uav6.mavros]: Plugin local_position initialized
[INFO] [1790607479.836254733] [uav6.mavros]: Plugin manual_control ignored
[INFO] [1790607479.836259951] [uav6.mavros]: Plugin nav_controller_output ignored
[INFO] [1790607479.836264945] [uav6.mavros]: Plugin param ignored
[INFO] [1790607479.836269895] [uav6.mavros]: Plugin rallypoint ignored
[INFO] [1790607479.836274542] [uav6.mavros]: Plugin rc_io ignored
[INFO] [1790607479.836279499] [uav6.mavros]: Plugin setpoint_accel ignored
[INFO] [1790607479.836284729] [uav6.mavros]: Plugin setpoint_attitude ignored
[INFO] [1790607479.836289620] [uav6.mavros]: Plugin setpoint_position ignored
[INFO] [1790607479.836295023] [uav6.mavros]: Plugin setpoint_raw ignored
[INFO] [1790607479.836300338] [uav6.mavros]: Plugin setpoint_trajectory ignored
[INFO] [1790607479.950448909] [uav6.mavros]: Plugin setpoint_velocity created
[INFO] [1790607479.950502983] [uav6.mavros]: Plugin setpoint_velocity initialized
[INFO] [1790607480.340979305] [uav6.mavros]: Plugin sys_status created
[INFO] [1790607480.341055518] [uav6.mavros]: Plugin sys_status initialized
[INFO] [1790607480.594352345] [uav6.mavros.time]: TM: Timesync mode: MAVLINK
[INFO] [1790607480.627741317] [uav6.mavros]: Plugin sys_time created
[INFO] [1790607480.627803883] [uav6.mavros]: Plugin sys_time initialized
[INFO] [1790607480.627813149] [uav6.mavros]: Plugin waypoint ignored
[INFO] [1790607480.627818795] [uav6.mavros]: Plugin wind_estimation ignored
[INFO] [1790607480.645315619] [uav6.mavros]: Built-in SIMD instructions: SSE, SSE2
[INFO] [1790607480.656123297] [uav6.mavros]: Built-in MAVLink package version: 2026.8.8
[INFO] [1790607480.656160460] [uav6.mavros]: Known MAVLink dialects: common ardupilotmega ASLUAV AVSSUAS all csAirLink cubepilot development icarous loweheiser marsh paparazzi standard stemstudios storm32 uAvionix ualberta
[INFO] [1790607480.656167398] [uav6.mavros]: MAVROS UAS via /uas6 started. MY ID 6.191, TARGET ID 6.1
[INFO] [1790607480.695600714] [uav6.mavros_router]: link[1001] detected remote address 6.191
[INFO] [1790607481.256810721] [uav6.mavros]: CON: Got HEARTBEAT, connected. FCU: PX4 Autopilot
[INFO] [1790607482.304452077] [uav6.mavros.sys]: VER: 6.1: Capabilities         0x000000000000e8ff
[INFO] [1790607482.304497019] [uav6.mavros.sys]: VER: 6.1: Flight software:     011200c0 (fca3df865a000000)
[INFO] [1790607482.304573990] [uav6.mavros.sys]: VER: 6.1: Middleware software: 011200c0 (fca3df865a000000)
[INFO] [1790607482.304579766] [uav6.mavros.sys]: VER: 6.1: OS software:         070000ff (17040b9f87cb1791)
[INFO] [1790607482.304593274] [uav6.mavros.sys]: VER: 6.1: Board hardware:      00000001
[INFO] [1790607482.304597975] [uav6.mavros.sys]: VER: 6.1: VID/PID:             0000:0000
[INFO] [1790607482.304603018] [uav6.mavros.sys]: VER: 6.1: UID:                 4954414c44494e54
[WARN] [1790607482.305833885] [uav6.mavros.cmd]: CMD: Unexpected command 512, result 0
[WARN] [1790607490.401924884] [uav6.mavros.sys]: FCU: UNK(8): EVENT 11047904 with args -0-0-0-0-0-128-0-0-0-176-122-127-128-176-122-127-128-0-0-0-0-0-0-0-0-0-0-0-0-0-0-0-0-0-0-0-0-0-0-0-
[INFO] [1790607490.406078571] [uav6.mavros.sys]: FCU: EVENT 377561 with args -8-0-0-0-20-0-0-0-0-0-0-0-0-0-0-0-0-0-0-0-0-0-0-0-0-0-0-0-0-0-0-0-0-0-0-0-0-0-0-0-
[WARN] [1790607490.406148766] [uav6.mavros.sys]: FCU: EVENT 453929 with args -255-255-255-255-7-0-0-0-0-0-0-0-0-0-0-0-0-0-0-0-0-0-0-0-0-0-0-0-0-0-0-0-0-0-0-0-0-0-0-0-
[INFO] [1790607490.406563283] [uav6.mavros.sys]: FCU: EVENT 6801787 with args -255-255-255-255-12-0-0-0-0-0-0-0-0-0-0-0-0-0-0-0-0-0-0-0-0-0-0-0-0-0-0-0-0-0-0-0-0-0-0-0-
[WARN] [1790607490.406705598] [uav6.mavros.sys]: FCU: UNK(8): EVENT 1914663 with args -0-10-13-2-56-0-0-0-0-0-0-0-0-0-0-0-0-0-0-0-0-0-0-0-0-0-0-0-0-0-0-0-0-0-0-0-0-0-0-0-
[WARN] [1790607494.348747927] [uav6.mavros.cmd]: CMD: Unexpected command 176, result 0
[INFO] [1790607495.446007093] [uav6.mavros.sys]: FCU: EVENT 9489139 with args -4-0-0-0-0-0-0-0-0-0-0-0-0-0-0-0-0-0-0-0-0-0-0-0-0-0-0-0-0-0-0-0-0-0-0-0-0-0-0-0-
[INFO] [1790607497.450484817] [uav6.mavros.sys]: FCU: EVENT 4277609 with args -0-0-0-0-0-0-0-0-0-0-0-0-0-0-0-0-0-0-0-0-0-0-0-0-0-0-0-0-0-0-0-0-0-0-0-0-0-0-0-0-
[WARN] [1790607747.838733472] [uav6.mavros.cmd]: CMD: Unexpected command 176, result 0
[INFO] [1790607778.278470311] [uav6.mavros.sys]: FCU: EVENT 9844908 with args -0-0-0-0-0-0-0-0-0-0-0-0-0-0-0-0-0-0-0-0-0-0-0-0-0-0-0-0-0-0-0-0-0-0-0-0-0-0-0-0-
[INFO] [1790607780.391658736] [uav6.mavros.sys]: FCU: EVENT 16017271 with args -6-0-0-0-0-0-0-0-0-0-0-0-0-0-0-0-0-0-0-0-0-0-0-0-0-0-0-0-0-0-0-0-0-0-0-0-0-0-0-0-
[WARN] [1790607784.030824508] [uav6.mavros.sys]: FCU: UNK(8): EVENT 11047904 with args -0-0-0-0-0-128-0-0-0-176-122-127-128-176-122-127-128-0-0-0-0-0-0-0-0-0-0-0-0-0-0-0-0-0-0-0-0-0-0-0-
[INFO] [1790607784.030923072] [uav6.mavros.sys]: FCU: EVENT 377561 with args -8-0-0-0-20-0-0-0-0-0-0-0-0-0-0-0-0-0-0-0-0-0-0-0-0-0-0-0-0-0-0-0-0-0-0-0-0-0-0-0-
[WARN] [1790607784.031065282] [uav6.mavros.sys]: FCU: EVENT 453929 with args -255-255-255-255-7-0-0-0-0-0-0-0-0-0-0-0-0-0-0-0-0-0-0-0-0-0-0-0-0-0-0-0-0-0-0-0-0-0-0-0-
[INFO] [1790607784.031094419] [uav6.mavros.sys]: FCU: EVENT 6801787 with args -255-255-255-255-12-0-0-0-0-0-0-0-0-0-0-0-0-0-0-0-0-0-0-0-0-0-0-0-0-0-0-0-0-0-0-0-0-0-0-0-
[WARN] [1790607784.031126691] [uav6.mavros.sys]: FCU: UNK(8): EVENT 1914663 with args -0-10-9-2-56-0-0-0-0-0-0-0-0-0-0-0-0-0-0-0-0-0-0-0-0-0-0-0-0-0-0-0-0-0-0-0-0-0-0-0-
[INFO] [1790607791.387513972] [rclcpp]: signal_handler(SIGINT/SIGTERM)
[WARN] [1790607791.393255500] [uav6.mavros]: UAS Executor terminated
