[INFO] [1790655398.786405099] [uav7.mavros_node]: Starting mavros_node container
[INFO] [1790655398.786510495] [uav7.mavros_node]: FCU URL: udp://:14546@127.0.0.1:14586
[INFO] [1790655398.786519434] [uav7.mavros_node]: GCS URL: 
[INFO] [1790655398.786524730] [uav7.mavros_node]: UAS Prefix: /uas7
[INFO] [1790655398.786529563] [uav7.mavros_node]: Starting mavros router node
[INFO] [1790655398.913213432] [uav7.mavros_router]: Built-in SIMD instructions: SSE, SSE2
[INFO] [1790655398.913258935] [uav7.mavros_router]: Built-in MAVLink package version: 2026.8.8
[INFO] [1790655398.913267425] [uav7.mavros_router]: Known MAVLink dialects: common ardupilotmega ASLUAV AVSSUAS all csAirLink cubepilot development icarous loweheiser marsh paparazzi standard stemstudios storm32 uAvionix ualberta
[INFO] [1790655398.913274956] [uav7.mavros_router]: MAVROS Router started
[INFO] [1790655398.913430993] [uav7.mavros_node]: Starting mavros uas node
[INFO] [1790655399.144796853] [uav7.mavros_router]: Requested to add endpoint: type: 0, url: udp://:14546@127.0.0.1:14586
[INFO] [1790655399.147372809] [uav7.mavros_router]: Endpoint link[1000] created
[INFO] [1790655399.147660847] [uav7.mavros_router]: link[1000] opened successfully
[INFO] [1790655399.151051075] [uav7.mavros_router]: Requested to add endpoint: type: 2, url: /uas7
[INFO] [1790655399.151117841] [uav7.mavros_router]: Endpoint link[1001] created
[INFO] [1790655399.154960283] [uav7.mavros_router]: link[1000] detected remote address 7.1
[INFO] [1790655399.166614041] [uav7.mavros]: Plugin actuator_control ignored
[INFO] [1790655399.174513686] [uav7.mavros]: Plugin altitude ignored
[INFO] [1790655399.166682335] [uav7.mavros]: UAS Executor started, threads: 4
[INFO] [1790655399.316690146] [uav7.mavros_router]: link[1001] opened successfully
[INFO] [1790655399.450922031] [uav7.mavros]: Plugin command created
[INFO] [1790655399.452643639] [uav7.mavros]: Plugin command initialized
[INFO] [1790655399.452657079] [uav7.mavros]: Plugin ftp ignored
[INFO] [1790655399.452663607] [uav7.mavros]: Plugin geofence ignored
[INFO] [1790655399.676637346] [uav7.mavros]: Plugin global_position created
[INFO] [1790655399.676680031] [uav7.mavros]: Plugin global_position initialized
[INFO] [1790655399.676688409] [uav7.mavros]: Plugin home_position ignored
[INFO] [1790655399.676693676] [uav7.mavros]: Plugin imu ignored
[INFO] [1790655399.809624713] [uav7.mavros]: Plugin local_position created
[INFO] [1790655399.809672240] [uav7.mavros]: Plugin local_position initialized
[INFO] [1790655399.809682143] [uav7.mavros]: Plugin manual_control ignored
[INFO] [1790655399.809687937] [uav7.mavros]: Plugin nav_controller_output ignored
[INFO] [1790655399.809693702] [uav7.mavros]: Plugin param ignored
[INFO] [1790655399.809701124] [uav7.mavros]: Plugin rallypoint ignored
[INFO] [1790655399.809706641] [uav7.mavros]: Plugin rc_io ignored
[INFO] [1790655399.809712496] [uav7.mavros]: Plugin setpoint_accel ignored
[INFO] [1790655399.809718129] [uav7.mavros]: Plugin setpoint_attitude ignored
[INFO] [1790655399.809723631] [uav7.mavros]: Plugin setpoint_position ignored
[INFO] [1790655399.809729141] [uav7.mavros]: Plugin setpoint_raw ignored
[INFO] [1790655399.809734557] [uav7.mavros]: Plugin setpoint_trajectory ignored
[INFO] [1790655400.043985329] [uav7.mavros]: Plugin setpoint_velocity created
[INFO] [1790655400.044035094] [uav7.mavros]: Plugin setpoint_velocity initialized
[INFO] [1790655400.241577275] [uav7.mavros]: Plugin sys_status created
[INFO] [1790655400.241642716] [uav7.mavros]: Plugin sys_status initialized
[INFO] [1790655400.354448194] [uav7.mavros.time]: TM: Timesync mode: MAVLINK
[INFO] [1790655400.407148190] [uav7.mavros]: Plugin sys_time created
[INFO] [1790655400.407211259] [uav7.mavros]: Plugin sys_time initialized
[INFO] [1790655400.407221920] [uav7.mavros]: Plugin waypoint ignored
[INFO] [1790655400.407227139] [uav7.mavros]: Plugin wind_estimation ignored
[INFO] [1790655400.412571734] [uav7.mavros]: Built-in SIMD instructions: SSE, SSE2
[INFO] [1790655400.412611366] [uav7.mavros]: Built-in MAVLink package version: 2026.8.8
[INFO] [1790655400.412645263] [uav7.mavros]: Known MAVLink dialects: common ardupilotmega ASLUAV AVSSUAS all csAirLink cubepilot development icarous loweheiser marsh paparazzi standard stemstudios storm32 uAvionix ualberta
[INFO] [1790655400.412652062] [uav7.mavros]: MAVROS UAS via /uas7 started. MY ID 7.191, TARGET ID 7.1
[INFO] [1790655400.437984929] [uav7.mavros_router]: link[1001] detected remote address 7.191
[INFO] [1790655401.205405276] [uav7.mavros]: CON: Got HEARTBEAT, connected. FCU: PX4 Autopilot
[INFO] [1790655402.239200722] [uav7.mavros.sys]: VER: 7.1: Capabilities         0x000000000000e8ff
[INFO] [1790655402.242584742] [uav7.mavros.sys]: VER: 7.1: Flight software:     011200c0 (fca3df865a000000)
[INFO] [1790655402.242599308] [uav7.mavros.sys]: VER: 7.1: Middleware software: 011200c0 (fca3df865a000000)
[INFO] [1790655402.242604304] [uav7.mavros.sys]: VER: 7.1: OS software:         070000ff (17040b9f87cb1791)
[INFO] [1790655402.242608798] [uav7.mavros.sys]: VER: 7.1: Board hardware:      00000001
[INFO] [1790655402.242612768] [uav7.mavros.sys]: VER: 7.1: VID/PID:             0000:0000
[INFO] [1790655402.242616978] [uav7.mavros.sys]: VER: 7.1: UID:                 4954414c44494e55
[WARN] [1790655402.244660401] [uav7.mavros.cmd]: CMD: Unexpected command 512, result 0
[WARN] [1790655413.582720781] [uav7.mavros.sys]: FCU: UNK(8): EVENT 11047904 with args -0-0-0-0-0-128-0-0-0-176-122-127-128-176-122-127-128-0-0-0-0-0-0-0-0-0-0-0-0-0-0-0-0-0-0-0-0-0-0-0-
[INFO] [1790655413.582862424] [uav7.mavros.sys]: FCU: EVENT 377561 with args -8-0-0-0-20-0-0-0-0-0-0-0-0-0-0-0-0-0-0-0-0-0-0-0-0-0-0-0-0-0-0-0-0-0-0-0-0-0-0-0-
[WARN] [1790655413.582918892] [uav7.mavros.sys]: FCU: EVENT 453929 with args -255-255-255-255-7-0-0-0-0-0-0-0-0-0-0-0-0-0-0-0-0-0-0-0-0-0-0-0-0-0-0-0-0-0-0-0-0-0-0-0-
[INFO] [1790655413.582956336] [uav7.mavros.sys]: FCU: EVENT 6801787 with args -255-255-255-255-12-0-0-0-0-0-0-0-0-0-0-0-0-0-0-0-0-0-0-0-0-0-0-0-0-0-0-0-0-0-0-0-0-0-0-0-
[WARN] [1790655413.582991614] [uav7.mavros.sys]: FCU: UNK(8): EVENT 1914663 with args -0-10-13-2-56-0-0-0-0-0-0-0-0-0-0-0-0-0-0-0-0-0-0-0-0-0-0-0-0-0-0-0-0-0-0-0-0-0-0-0-
[WARN] [1790655415.011373472] [uav7.mavros.cmd]: CMD: Unexpected command 176, result 0
[INFO] [1790655415.694469094] [uav7.mavros.sys]: FCU: EVENT 9489139 with args -4-0-0-0-0-0-0-0-0-0-0-0-0-0-0-0-0-0-0-0-0-0-0-0-0-0-0-0-0-0-0-0-0-0-0-0-0-0-0-0-
[INFO] [1790655417.618476910] [uav7.mavros.sys]: FCU: EVENT 4277609 with args -0-0-0-0-0-0-0-0-0-0-0-0-0-0-0-0-0-0-0-0-0-0-0-0-0-0-0-0-0-0-0-0-0-0-0-0-0-0-0-0-
[WARN] [1790655668.356570066] [uav7.mavros.cmd]: CMD: Unexpected command 176, result 0
[INFO] [1790655702.559047604] [uav7.mavros.sys]: FCU: EVENT 9844908 with args -0-0-0-0-0-0-0-0-0-0-0-0-0-0-0-0-0-0-0-0-0-0-0-0-0-0-0-0-0-0-0-0-0-0-0-0-0-0-0-0-
[INFO] [1790655704.658081431] [uav7.mavros.sys]: FCU: EVENT 16017271 with args -6-0-0-0-0-0-0-0-0-0-0-0-0-0-0-0-0-0-0-0-0-0-0-0-0-0-0-0-0-0-0-0-0-0-0-0-0-0-0-0-
[WARN] [1790655708.626150789] [uav7.mavros.sys]: FCU: UNK(8): EVENT 11047904 with args -0-0-0-0-0-128-0-0-0-176-122-127-128-176-122-127-128-0-0-0-0-0-0-0-0-0-0-0-0-0-0-0-0-0-0-0-0-0-0-0-
[INFO] [1790655708.626274647] [uav7.mavros.sys]: FCU: EVENT 377561 with args -8-0-0-0-20-0-0-0-0-0-0-0-0-0-0-0-0-0-0-0-0-0-0-0-0-0-0-0-0-0-0-0-0-0-0-0-0-0-0-0-
[WARN] [1790655708.626309710] [uav7.mavros.sys]: FCU: EVENT 453929 with args -255-255-255-255-7-0-0-0-0-0-0-0-0-0-0-0-0-0-0-0-0-0-0-0-0-0-0-0-0-0-0-0-0-0-0-0-0-0-0-0-
[INFO] [1790655708.626349614] [uav7.mavros.sys]: FCU: EVENT 6801787 with args -255-255-255-255-12-0-0-0-0-0-0-0-0-0-0-0-0-0-0-0-0-0-0-0-0-0-0-0-0-0-0-0-0-0-0-0-0-0-0-0-
[WARN] [1790655708.626383464] [uav7.mavros.sys]: FCU: UNK(8): EVENT 1914663 with args -0-10-9-2-56-0-0-0-0-0-0-0-0-0-0-0-0-0-0-0-0-0-0-0-0-0-0-0-0-0-0-0-0-0-0-0-0-0-0-0-
[INFO] [1790655711.332794226] [rclcpp]: signal_handler(SIGINT/SIGTERM)
[WARN] [1790655711.339935854] [uav7.mavros]: UAS Executor terminated
