[INFO] [1790655398.771167247] [uav6.mavros_node]: Starting mavros_node container
[INFO] [1790655398.774207789] [uav6.mavros_node]: FCU URL: udp://:14545@127.0.0.1:14585
[INFO] [1790655398.774248795] [uav6.mavros_node]: GCS URL: 
[INFO] [1790655398.774254383] [uav6.mavros_node]: UAS Prefix: /uas6
[INFO] [1790655398.774258977] [uav6.mavros_node]: Starting mavros router node
[INFO] [1790655398.879824181] [uav6.mavros_router]: Built-in SIMD instructions: SSE, SSE2
[INFO] [1790655398.880061650] [uav6.mavros_router]: Built-in MAVLink package version: 2026.8.8
[INFO] [1790655398.882125305] [uav6.mavros_router]: Known MAVLink dialects: common ardupilotmega ASLUAV AVSSUAS all csAirLink cubepilot development icarous loweheiser marsh paparazzi standard stemstudios storm32 uAvionix ualberta
[INFO] [1790655398.882135611] [uav6.mavros_router]: MAVROS Router started
[INFO] [1790655398.882307192] [uav6.mavros_node]: Starting mavros uas node
[INFO] [1790655399.109943059] [uav6.mavros_router]: Requested to add endpoint: type: 0, url: udp://:14545@127.0.0.1:14585
[INFO] [1790655399.109999497] [uav6.mavros_router]: Endpoint link[1000] created
[INFO] [1790655399.120009681] [uav6.mavros]: Plugin actuator_control ignored
[INFO] [1790655399.120069016] [uav6.mavros]: Plugin altitude ignored
[INFO] [1790655399.120144774] [uav6.mavros]: UAS Executor started, threads: 4
[INFO] [1790655399.120768287] [uav6.mavros_router]: link[1000] opened successfully
[INFO] [1790655399.120805710] [uav6.mavros_router]: Requested to add endpoint: type: 2, url: /uas6
[INFO] [1790655399.120825792] [uav6.mavros_router]: Endpoint link[1001] created
[INFO] [1790655399.124641044] [uav6.mavros_router]: link[1000] detected remote address 6.1
[INFO] [1790655399.201471458] [uav6.mavros_router]: link[1001] opened successfully
[INFO] [1790655399.374102245] [uav6.mavros]: Plugin command created
[INFO] [1790655399.374173071] [uav6.mavros]: Plugin command initialized
[INFO] [1790655399.374183245] [uav6.mavros]: Plugin ftp ignored
[INFO] [1790655399.374189186] [uav6.mavros]: Plugin geofence ignored
[INFO] [1790655399.600886414] [uav6.mavros]: Plugin global_position created
[INFO] [1790655399.602617654] [uav6.mavros]: Plugin global_position initialized
[INFO] [1790655399.602628565] [uav6.mavros]: Plugin home_position ignored
[INFO] [1790655399.602633139] [uav6.mavros]: Plugin imu ignored
[INFO] [1790655399.735756054] [uav6.mavros]: Plugin local_position created
[INFO] [1790655399.735806587] [uav6.mavros]: Plugin local_position initialized
[INFO] [1790655399.735816508] [uav6.mavros]: Plugin manual_control ignored
[INFO] [1790655399.735822067] [uav6.mavros]: Plugin nav_controller_output ignored
[INFO] [1790655399.735827493] [uav6.mavros]: Plugin param ignored
[INFO] [1790655399.735833169] [uav6.mavros]: Plugin rallypoint ignored
[INFO] [1790655399.735838054] [uav6.mavros]: Plugin rc_io ignored
[INFO] [1790655399.735842661] [uav6.mavros]: Plugin setpoint_accel ignored
[INFO] [1790655399.735846972] [uav6.mavros]: Plugin setpoint_attitude ignored
[INFO] [1790655399.735851973] [uav6.mavros]: Plugin setpoint_position ignored
[INFO] [1790655399.735856905] [uav6.mavros]: Plugin setpoint_raw ignored
[INFO] [1790655399.735861593] [uav6.mavros]: Plugin setpoint_trajectory ignored
[INFO] [1790655399.899487209] [uav6.mavros]: Plugin setpoint_velocity created
[INFO] [1790655399.905128627] [uav6.mavros]: Plugin setpoint_velocity initialized
[INFO] [1790655400.447200108] [uav6.mavros]: Plugin sys_status created
[INFO] [1790655400.447276635] [uav6.mavros]: Plugin sys_status initialized
[INFO] [1790655400.471322430] [uav6.mavros.time]: TM: Timesync mode: MAVLINK
[INFO] [1790655400.473864452] [uav6.mavros]: Plugin sys_time created
[INFO] [1790655400.473916323] [uav6.mavros]: Plugin sys_time initialized
[INFO] [1790655400.473925202] [uav6.mavros]: Plugin waypoint ignored
[INFO] [1790655400.473930546] [uav6.mavros]: Plugin wind_estimation ignored
[INFO] [1790655400.475850376] [uav6.mavros]: Built-in SIMD instructions: SSE, SSE2
[INFO] [1790655400.475886148] [uav6.mavros]: Built-in MAVLink package version: 2026.8.8
[INFO] [1790655400.475915618] [uav6.mavros]: Known MAVLink dialects: common ardupilotmega ASLUAV AVSSUAS all csAirLink cubepilot development icarous loweheiser marsh paparazzi standard stemstudios storm32 uAvionix ualberta
[INFO] [1790655400.475922531] [uav6.mavros]: MAVROS UAS via /uas6 started. MY ID 6.191, TARGET ID 6.1
[INFO] [1790655400.581051869] [uav6.mavros_router]: link[1001] detected remote address 6.191
[INFO] [1790655401.150025205] [uav6.mavros]: CON: Got HEARTBEAT, connected. FCU: PX4 Autopilot
[INFO] [1790655402.209685366] [uav6.mavros.sys]: VER: 6.1: Capabilities         0x000000000000e8ff
[INFO] [1790655402.222611822] [uav6.mavros.sys]: VER: 6.1: Flight software:     011200c0 (fca3df865a000000)
[INFO] [1790655402.222625322] [uav6.mavros.sys]: VER: 6.1: Middleware software: 011200c0 (fca3df865a000000)
[INFO] [1790655402.222630835] [uav6.mavros.sys]: VER: 6.1: OS software:         070000ff (17040b9f87cb1791)
[INFO] [1790655402.222635172] [uav6.mavros.sys]: VER: 6.1: Board hardware:      00000001
[INFO] [1790655402.222640029] [uav6.mavros.sys]: VER: 6.1: VID/PID:             0000:0000
[INFO] [1790655402.222644403] [uav6.mavros.sys]: VER: 6.1: UID:                 4954414c44494e54
[WARN] [1790655402.225522105] [uav6.mavros.cmd]: CMD: Unexpected command 512, result 0
[WARN] [1790655409.921653579] [uav6.mavros.sys]: FCU: UNK(8): EVENT 11047904 with args -0-0-0-0-0-128-0-0-0-176-122-127-128-176-122-127-128-0-0-0-0-0-0-0-0-0-0-0-0-0-0-0-0-0-0-0-0-0-0-0-
[INFO] [1790655409.921732595] [uav6.mavros.sys]: FCU: EVENT 377561 with args -8-0-0-0-20-0-0-0-0-0-0-0-0-0-0-0-0-0-0-0-0-0-0-0-0-0-0-0-0-0-0-0-0-0-0-0-0-0-0-0-
[WARN] [1790655409.921766725] [uav6.mavros.sys]: FCU: EVENT 453929 with args -255-255-255-255-7-0-0-0-0-0-0-0-0-0-0-0-0-0-0-0-0-0-0-0-0-0-0-0-0-0-0-0-0-0-0-0-0-0-0-0-
[INFO] [1790655409.921800647] [uav6.mavros.sys]: FCU: EVENT 6801787 with args -255-255-255-255-12-0-0-0-0-0-0-0-0-0-0-0-0-0-0-0-0-0-0-0-0-0-0-0-0-0-0-0-0-0-0-0-0-0-0-0-
[WARN] [1790655409.921834353] [uav6.mavros.sys]: FCU: UNK(8): EVENT 1914663 with args -0-10-13-2-56-0-0-0-0-0-0-0-0-0-0-0-0-0-0-0-0-0-0-0-0-0-0-0-0-0-0-0-0-0-0-0-0-0-0-0-
[WARN] [1790655414.720975583] [uav6.mavros.cmd]: CMD: Unexpected command 176, result 0
[INFO] [1790655415.700905257] [uav6.mavros.sys]: FCU: EVENT 9489139 with args -4-0-0-0-0-0-0-0-0-0-0-0-0-0-0-0-0-0-0-0-0-0-0-0-0-0-0-0-0-0-0-0-0-0-0-0-0-0-0-0-
[INFO] [1790655417.623269904] [uav6.mavros.sys]: FCU: EVENT 4277609 with args -0-0-0-0-0-0-0-0-0-0-0-0-0-0-0-0-0-0-0-0-0-0-0-0-0-0-0-0-0-0-0-0-0-0-0-0-0-0-0-0-
[WARN] [1790655668.344718703] [uav6.mavros.cmd]: CMD: Unexpected command 176, result 0
[INFO] [1790655700.528710484] [uav6.mavros.sys]: FCU: EVENT 9844908 with args -0-0-0-0-0-0-0-0-0-0-0-0-0-0-0-0-0-0-0-0-0-0-0-0-0-0-0-0-0-0-0-0-0-0-0-0-0-0-0-0-
[INFO] [1790655702.642191402] [uav6.mavros.sys]: FCU: EVENT 16017271 with args -6-0-0-0-0-0-0-0-0-0-0-0-0-0-0-0-0-0-0-0-0-0-0-0-0-0-0-0-0-0-0-0-0-0-0-0-0-0-0-0-
[WARN] [1790655706.389134168] [uav6.mavros.sys]: FCU: UNK(8): EVENT 11047904 with args -0-0-0-0-0-128-0-0-0-176-122-127-128-176-122-127-128-0-0-0-0-0-0-0-0-0-0-0-0-0-0-0-0-0-0-0-0-0-0-0-
[INFO] [1790655706.389228567] [uav6.mavros.sys]: FCU: EVENT 377561 with args -8-0-0-0-20-0-0-0-0-0-0-0-0-0-0-0-0-0-0-0-0-0-0-0-0-0-0-0-0-0-0-0-0-0-0-0-0-0-0-0-
[WARN] [1790655706.389269454] [uav6.mavros.sys]: FCU: EVENT 453929 with args -255-255-255-255-7-0-0-0-0-0-0-0-0-0-0-0-0-0-0-0-0-0-0-0-0-0-0-0-0-0-0-0-0-0-0-0-0-0-0-0-
[INFO] [1790655706.389303209] [uav6.mavros.sys]: FCU: EVENT 6801787 with args -255-255-255-255-12-0-0-0-0-0-0-0-0-0-0-0-0-0-0-0-0-0-0-0-0-0-0-0-0-0-0-0-0-0-0-0-0-0-0-0-
[WARN] [1790655706.389330156] [uav6.mavros.sys]: FCU: UNK(8): EVENT 1914663 with args -0-10-9-2-56-0-0-0-0-0-0-0-0-0-0-0-0-0-0-0-0-0-0-0-0-0-0-0-0-0-0-0-0-0-0-0-0-0-0-0-
[INFO] [1790655711.333483069] [rclcpp]: signal_handler(SIGINT/SIGTERM)
[WARN] [1790655711.336753943] [uav6.mavros]: UAS Executor terminated
