[INFO] [1790655398.840910871] [uav10.mavros_node]: Starting mavros_node container
[INFO] [1790655398.843045554] [uav10.mavros_node]: FCU URL: udp://:14549@127.0.0.1:14589
[INFO] [1790655398.843246197] [uav10.mavros_node]: GCS URL: 
[INFO] [1790655398.843253921] [uav10.mavros_node]: UAS Prefix: /uas10
[INFO] [1790655398.843258660] [uav10.mavros_node]: Starting mavros router node
[INFO] [1790655398.936066292] [uav10.mavros_router]: Built-in SIMD instructions: SSE, SSE2
[INFO] [1790655398.936116354] [uav10.mavros_router]: Built-in MAVLink package version: 2026.8.8
[INFO] [1790655398.936124266] [uav10.mavros_router]: Known MAVLink dialects: common ardupilotmega ASLUAV AVSSUAS all csAirLink cubepilot development icarous loweheiser marsh paparazzi standard stemstudios storm32 uAvionix ualberta
[INFO] [1790655398.936129898] [uav10.mavros_router]: MAVROS Router started
[INFO] [1790655398.937136487] [uav10.mavros_node]: Starting mavros uas node
[INFO] [1790655399.220552392] [uav10.mavros_router]: Requested to add endpoint: type: 0, url: udp://:14549@127.0.0.1:14589
[INFO] [1790655399.221224819] [uav10.mavros_router]: Endpoint link[1000] created
[INFO] [1790655399.223712442] [uav10.mavros_router]: link[1000] opened successfully
[INFO] [1790655399.223758806] [uav10.mavros_router]: Requested to add endpoint: type: 2, url: /uas10
[INFO] [1790655399.224028866] [uav10.mavros_router]: Endpoint link[1001] created
[INFO] [1790655399.225379436] [uav10.mavros_router]: link[1000] detected remote address 10.1
[INFO] [1790655399.233679772] [uav10.mavros]: Plugin actuator_control ignored
[INFO] [1790655399.233909144] [uav10.mavros]: Plugin altitude ignored
[INFO] [1790655399.233852825] [uav10.mavros]: UAS Executor started, threads: 4
[INFO] [1790655399.351301250] [uav10.mavros_router]: link[1001] opened successfully
[INFO] [1790655399.614216623] [uav10.mavros]: Plugin command created
[INFO] [1790655399.614284676] [uav10.mavros]: Plugin command initialized
[INFO] [1790655399.614298762] [uav10.mavros]: Plugin ftp ignored
[INFO] [1790655399.614306228] [uav10.mavros]: Plugin geofence ignored
[INFO] [1790655400.121322636] [uav10.mavros]: Plugin global_position created
[INFO] [1790655400.121379682] [uav10.mavros]: Plugin global_position initialized
[INFO] [1790655400.121389441] [uav10.mavros]: Plugin home_position ignored
[INFO] [1790655400.121394532] [uav10.mavros]: Plugin imu ignored
[INFO] [1790655400.457711381] [uav10.mavros]: Plugin local_position created
[INFO] [1790655400.457773584] [uav10.mavros]: Plugin local_position initialized
[INFO] [1790655400.457782088] [uav10.mavros]: Plugin manual_control ignored
[INFO] [1790655400.457786520] [uav10.mavros]: Plugin nav_controller_output ignored
[INFO] [1790655400.457791335] [uav10.mavros]: Plugin param ignored
[INFO] [1790655400.457795970] [uav10.mavros]: Plugin rallypoint ignored
[INFO] [1790655400.457800415] [uav10.mavros]: Plugin rc_io ignored
[INFO] [1790655400.457804660] [uav10.mavros]: Plugin setpoint_accel ignored
[INFO] [1790655400.457809458] [uav10.mavros]: Plugin setpoint_attitude ignored
[INFO] [1790655400.457814241] [uav10.mavros]: Plugin setpoint_position ignored
[INFO] [1790655400.457819074] [uav10.mavros]: Plugin setpoint_raw ignored
[INFO] [1790655400.457823824] [uav10.mavros]: Plugin setpoint_trajectory ignored
[INFO] [1790655400.654334337] [uav10.mavros]: Plugin setpoint_velocity created
[INFO] [1790655400.654549899] [uav10.mavros]: Plugin setpoint_velocity initialized
[INFO] [1790655401.010998215] [uav10.mavros]: Plugin sys_status created
[INFO] [1790655401.011409639] [uav10.mavros]: Plugin sys_status initialized
[INFO] [1790655401.133790251] [uav10.mavros.time]: TM: Timesync mode: MAVLINK
[INFO] [1790655401.144272963] [uav10.mavros]: Plugin sys_time created
[INFO] [1790655401.144333258] [uav10.mavros]: Plugin sys_time initialized
[INFO] [1790655401.144344032] [uav10.mavros]: Plugin waypoint ignored
[INFO] [1790655401.144349476] [uav10.mavros]: Plugin wind_estimation ignored
[INFO] [1790655401.156874331] [uav10.mavros]: Built-in SIMD instructions: SSE, SSE2
[INFO] [1790655401.156911869] [uav10.mavros]: Built-in MAVLink package version: 2026.8.8
[INFO] [1790655401.156939909] [uav10.mavros]: Known MAVLink dialects: common ardupilotmega ASLUAV AVSSUAS all csAirLink cubepilot development icarous loweheiser marsh paparazzi standard stemstudios storm32 uAvionix ualberta
[INFO] [1790655401.156946688] [uav10.mavros]: MAVROS UAS via /uas10 started. MY ID 10.191, TARGET ID 10.1
[INFO] [1790655401.185401087] [uav10.mavros_router]: link[1001] detected remote address 10.191
[INFO] [1790655402.073898510] [uav10.mavros.sys]: VER: 10.1: Capabilities         0x000000000000e8ff
[INFO] [1790655402.073950214] [uav10.mavros.sys]: VER: 10.1: Flight software:     011200c0 (fca3df865a000000)
[INFO] [1790655402.073961626] [uav10.mavros.sys]: VER: 10.1: Middleware software: 011200c0 (fca3df865a000000)
[INFO] [1790655402.073969315] [uav10.mavros.sys]: VER: 10.1: OS software:         070000ff (17040b9f87cb1791)
[INFO] [1790655402.073973930] [uav10.mavros.sys]: VER: 10.1: Board hardware:      00000001
[INFO] [1790655402.073978147] [uav10.mavros.sys]: VER: 10.1: VID/PID:             0000:0000
[INFO] [1790655402.073982954] [uav10.mavros.sys]: VER: 10.1: UID:                 4954414c44494e58
[WARN] [1790655402.078634473] [uav10.mavros.cmd]: CMD: Unexpected command 512, result 0
[WARN] [1790655402.225803847] [uav10.mavros.sys]: FCU: UNK(8): EVENT 11047904 with args -0-0-0-16-0-128-0-0-0-176-58-127-128-176-58-127-128-0-0-0-0-0-0-0-0-0-0-0-0-0-0-0-0-0-0-0-0-0-0-0-
[ERROR] [1790655402.234470349] [uav10.mavros.sys]: FCU: EVENT 11464574 with args -0-64-0-0-20-0-0-0-0-0-0-0-0-0-0-0-0-0-0-0-0-0-0-0-0-0-0-0-0-0-0-0-0-0-0-0-0-0-0-0-
[INFO] [1790655402.234551919] [uav10.mavros.sys]: FCU: EVENT 377561 with args -8-0-0-0-20-0-0-0-0-0-0-0-0-0-0-0-0-0-0-0-0-0-0-0-0-0-0-0-0-0-0-0-0-0-0-0-0-0-0-0-
[WARN] [1790655402.234597255] [uav10.mavros.sys]: FCU: EVENT 453929 with args -255-255-255-255-7-0-0-0-0-0-0-0-0-0-0-0-0-0-0-0-0-0-0-0-0-0-0-0-0-0-0-0-0-0-0-0-0-0-0-0-
[INFO] [1790655402.234630370] [uav10.mavros.sys]: FCU: EVENT 6801787 with args -255-255-255-255-12-0-0-0-0-0-0-0-0-0-0-0-0-0-0-0-0-0-0-0-0-0-0-0-0-0-0-0-0-0-0-0-0-0-0-0-
[WARN] [1790655402.234663650] [uav10.mavros.sys]: FCU: UNK(8): EVENT 1914663 with args -0-10-13-2-56-0-0-0-0-0-0-0-0-0-0-0-0-0-0-0-0-0-0-0-0-0-0-0-0-0-0-0-0-0-0-0-0-0-0-0-
[INFO] [1790655402.234703556] [uav10.mavros]: CON: Got HEARTBEAT, connected. FCU: PX4 Autopilot
[INFO] [1790655403.240706695] [uav10.mavros.sys]: VER: 10.1: Capabilities         0x000000000000e8ff
[INFO] [1790655403.240740293] [uav10.mavros.sys]: VER: 10.1: Flight software:     011200c0 (fca3df865a000000)
[INFO] [1790655403.240745814] [uav10.mavros.sys]: VER: 10.1: Middleware software: 011200c0 (fca3df865a000000)
[INFO] [1790655403.240749095] [uav10.mavros.sys]: VER: 10.1: OS software:         070000ff (17040b9f87cb1791)
[INFO] [1790655403.240751939] [uav10.mavros.sys]: VER: 10.1: Board hardware:      00000001
[INFO] [1790655403.240754914] [uav10.mavros.sys]: VER: 10.1: VID/PID:             0000:0000
[INFO] [1790655403.240759059] [uav10.mavros.sys]: VER: 10.1: UID:                 4954414c44494e58
[WARN] [1790655410.437969984] [uav10.mavros.sys]: FCU: UNK(8): EVENT 11047904 with args -0-0-0-0-0-128-0-0-0-176-122-127-128-176-122-127-128-0-0-0-0-0-0-0-0-0-0-0-0-0-0-0-0-0-0-0-0-0-0-0-
[INFO] [1790655410.438094099] [uav10.mavros.sys]: FCU: EVENT 377561 with args -8-0-0-0-20-0-0-0-0-0-0-0-0-0-0-0-0-0-0-0-0-0-0-0-0-0-0-0-0-0-0-0-0-0-0-0-0-0-0-0-
[WARN] [1790655410.438158663] [uav10.mavros.sys]: FCU: EVENT 453929 with args -255-255-255-255-7-0-0-0-0-0-0-0-0-0-0-0-0-0-0-0-0-0-0-0-0-0-0-0-0-0-0-0-0-0-0-0-0-0-0-0-
[INFO] [1790655410.438324396] [uav10.mavros.sys]: FCU: EVENT 6801787 with args -255-255-255-255-12-0-0-0-0-0-0-0-0-0-0-0-0-0-0-0-0-0-0-0-0-0-0-0-0-0-0-0-0-0-0-0-0-0-0-0-
[WARN] [1790655410.438352905] [uav10.mavros.sys]: FCU: UNK(8): EVENT 1914663 with args -0-10-13-2-56-0-0-0-0-0-0-0-0-0-0-0-0-0-0-0-0-0-0-0-0-0-0-0-0-0-0-0-0-0-0-0-0-0-0-0-
[WARN] [1790655414.703548715] [uav10.mavros.cmd]: CMD: Unexpected command 176, result 0
[INFO] [1790655415.490846667] [uav10.mavros.sys]: FCU: EVENT 9489139 with args -4-0-0-0-0-0-0-0-0-0-0-0-0-0-0-0-0-0-0-0-0-0-0-0-0-0-0-0-0-0-0-0-0-0-0-0-0-0-0-0-
[INFO] [1790655417.386900190] [uav10.mavros.sys]: FCU: EVENT 4277609 with args -0-0-0-0-0-0-0-0-0-0-0-0-0-0-0-0-0-0-0-0-0-0-0-0-0-0-0-0-0-0-0-0-0-0-0-0-0-0-0-0-
[WARN] [1790655668.369094449] [uav10.mavros.cmd]: CMD: Unexpected command 176, result 0
[INFO] [1790655701.699163779] [uav10.mavros.sys]: FCU: EVENT 9844908 with args -0-0-0-0-0-0-0-0-0-0-0-0-0-0-0-0-0-0-0-0-0-0-0-0-0-0-0-0-0-0-0-0-0-0-0-0-0-0-0-0-
[INFO] [1790655703.812846627] [uav10.mavros.sys]: FCU: EVENT 16017271 with args -6-0-0-0-0-0-0-0-0-0-0-0-0-0-0-0-0-0-0-0-0-0-0-0-0-0-0-0-0-0-0-0-0-0-0-0-0-0-0-0-
[WARN] [1790655707.200565693] [uav10.mavros.sys]: FCU: UNK(8): EVENT 11047904 with args -0-0-0-0-0-128-0-0-0-176-122-127-128-176-122-127-128-0-0-0-0-0-0-0-0-0-0-0-0-0-0-0-0-0-0-0-0-0-0-0-
[INFO] [1790655707.200662246] [uav10.mavros.sys]: FCU: EVENT 377561 with args -8-0-0-0-20-0-0-0-0-0-0-0-0-0-0-0-0-0-0-0-0-0-0-0-0-0-0-0-0-0-0-0-0-0-0-0-0-0-0-0-
[WARN] [1790655707.200724929] [uav10.mavros.sys]: FCU: EVENT 453929 with args -255-255-255-255-7-0-0-0-0-0-0-0-0-0-0-0-0-0-0-0-0-0-0-0-0-0-0-0-0-0-0-0-0-0-0-0-0-0-0-0-
[INFO] [1790655707.200778229] [uav10.mavros.sys]: FCU: EVENT 6801787 with args -255-255-255-255-12-0-0-0-0-0-0-0-0-0-0-0-0-0-0-0-0-0-0-0-0-0-0-0-0-0-0-0-0-0-0-0-0-0-0-0-
[WARN] [1790655707.200867615] [uav10.mavros.sys]: FCU: UNK(8): EVENT 1914663 with args -0-10-9-2-56-0-0-0-0-0-0-0-0-0-0-0-0-0-0-0-0-0-0-0-0-0-0-0-0-0-0-0-0-0-0-0-0-0-0-0-
[INFO] [1790655711.337596917] [rclcpp]: signal_handler(SIGINT/SIGTERM)
[WARN] [1790655711.340869020] [uav10.mavros]: UAS Executor terminated
