[INFO] [1790596643.515209659] [uav7.mavros_node]: Starting mavros_node container
[INFO] [1790596643.519310957] [uav7.mavros_node]: FCU URL: udp://:14546@127.0.0.1:14586
[INFO] [1790596643.520017427] [uav7.mavros_node]: GCS URL: 
[INFO] [1790596643.520517815] [uav7.mavros_node]: UAS Prefix: /uas7
[INFO] [1790596643.520691469] [uav7.mavros_node]: Starting mavros router node
[INFO] [1790596643.612259967] [uav7.mavros_router]: Built-in SIMD instructions: SSE, SSE2
[INFO] [1790596643.613258040] [uav7.mavros_router]: Built-in MAVLink package version: 2026.8.8
[INFO] [1790596643.613511755] [uav7.mavros_router]: Known MAVLink dialects: common ardupilotmega ASLUAV AVSSUAS all csAirLink cubepilot development icarous loweheiser marsh paparazzi standard stemstudios storm32 uAvionix ualberta
[INFO] [1790596643.613610947] [uav7.mavros_router]: MAVROS Router started
[INFO] [1790596643.614417717] [uav7.mavros_node]: Starting mavros uas node
[INFO] [1790596643.773831772] [uav7.mavros_router]: Requested to add endpoint: type: 0, url: udp://:14546@127.0.0.1:14586
[INFO] [1790596643.773901752] [uav7.mavros_router]: Endpoint link[1000] created
[INFO] [1790596643.774157453] [uav7.mavros_router]: link[1000] opened successfully
[INFO] [1790596643.774178271] [uav7.mavros_router]: Requested to add endpoint: type: 2, url: /uas7
[INFO] [1790596643.774192583] [uav7.mavros_router]: Endpoint link[1001] created
[INFO] [1790596643.776706760] [uav7.mavros_router]: link[1000] detected remote address 7.1
[INFO] [1790596643.783872280] [uav7.mavros]: Plugin actuator_control ignored
[INFO] [1790596643.784357478] [uav7.mavros]: Plugin altitude ignored
[INFO] [1790596643.784000313] [uav7.mavros]: UAS Executor started, threads: 4
[INFO] [1790596643.790803753] [uav7.mavros_router]: link[1001] opened successfully
[INFO] [1790596643.915234268] [uav7.mavros]: Plugin command created
[INFO] [1790596643.916397479] [uav7.mavros]: Plugin command initialized
[INFO] [1790596643.916411118] [uav7.mavros]: Plugin ftp ignored
[INFO] [1790596643.916417254] [uav7.mavros]: Plugin geofence ignored
[INFO] [1790596644.162028814] [uav7.mavros]: Plugin global_position created
[INFO] [1790596644.162099215] [uav7.mavros]: Plugin global_position initialized
[INFO] [1790596644.162109928] [uav7.mavros]: Plugin home_position ignored
[INFO] [1790596644.162116136] [uav7.mavros]: Plugin imu ignored
[INFO] [1790596644.425944560] [uav7.mavros]: Plugin local_position created
[INFO] [1790596644.426029438] [uav7.mavros]: Plugin local_position initialized
[INFO] [1790596644.426041655] [uav7.mavros]: Plugin manual_control ignored
[INFO] [1790596644.426047520] [uav7.mavros]: Plugin nav_controller_output ignored
[INFO] [1790596644.426053446] [uav7.mavros]: Plugin param ignored
[INFO] [1790596644.426059262] [uav7.mavros]: Plugin rallypoint ignored
[INFO] [1790596644.426065075] [uav7.mavros]: Plugin rc_io ignored
[INFO] [1790596644.426070684] [uav7.mavros]: Plugin setpoint_accel ignored
[INFO] [1790596644.426075807] [uav7.mavros]: Plugin setpoint_attitude ignored
[INFO] [1790596644.426081668] [uav7.mavros]: Plugin setpoint_position ignored
[INFO] [1790596644.426087155] [uav7.mavros]: Plugin setpoint_raw ignored
[INFO] [1790596644.426092044] [uav7.mavros]: Plugin setpoint_trajectory ignored
[INFO] [1790596644.623112926] [uav7.mavros]: Plugin setpoint_velocity created
[INFO] [1790596644.623192969] [uav7.mavros]: Plugin setpoint_velocity initialized
[INFO] [1790596644.916466401] [uav7.mavros]: Plugin sys_status created
[INFO] [1790596644.916544052] [uav7.mavros]: Plugin sys_status initialized
[INFO] [1790596645.092217183] [uav7.mavros.time]: TM: Timesync mode: MAVLINK
[INFO] [1790596645.110757585] [uav7.mavros]: Plugin sys_time created
[INFO] [1790596645.110823001] [uav7.mavros]: Plugin sys_time initialized
[INFO] [1790596645.110836741] [uav7.mavros]: Plugin waypoint ignored
[INFO] [1790596645.110843035] [uav7.mavros]: Plugin wind_estimation ignored
[INFO] [1790596645.139804853] [uav7.mavros]: Built-in SIMD instructions: SSE, SSE2
[INFO] [1790596645.139856518] [uav7.mavros]: Built-in MAVLink package version: 2026.8.8
[INFO] [1790596645.139892845] [uav7.mavros]: Known MAVLink dialects: common ardupilotmega ASLUAV AVSSUAS all csAirLink cubepilot development icarous loweheiser marsh paparazzi standard stemstudios storm32 uAvionix ualberta
[INFO] [1790596645.139902856] [uav7.mavros]: MAVROS UAS via /uas7 started. MY ID 7.191, TARGET ID 7.1
[INFO] [1790596645.140479563] [uav7.mavros_router]: link[1001] detected remote address 7.191
[INFO] [1790596645.870650285] [uav7.mavros]: CON: Got HEARTBEAT, connected. FCU: PX4 Autopilot
[INFO] [1790596646.902283130] [uav7.mavros.sys]: VER: 7.1: Capabilities         0x000000000000e8ff
[INFO] [1790596646.902712088] [uav7.mavros.sys]: VER: 7.1: Flight software:     011200c0 (fca3df865a000000)
[INFO] [1790596646.902740832] [uav7.mavros.sys]: VER: 7.1: Middleware software: 011200c0 (fca3df865a000000)
[INFO] [1790596646.902747325] [uav7.mavros.sys]: VER: 7.1: OS software:         070000ff (17040b9f87cb1791)
[INFO] [1790596646.902752873] [uav7.mavros.sys]: VER: 7.1: Board hardware:      00000001
[INFO] [1790596646.902761839] [uav7.mavros.sys]: VER: 7.1: VID/PID:             0000:0000
[INFO] [1790596646.902767164] [uav7.mavros.sys]: VER: 7.1: UID:                 4954414c44494e55
[WARN] [1790596646.903776341] [uav7.mavros.cmd]: CMD: Unexpected command 512, result 0
[WARN] [1790596656.620558819] [uav7.mavros.sys]: FCU: UNK(8): EVENT 11047904 with args -0-0-0-0-0-128-0-0-0-176-122-127-128-176-122-127-128-0-0-0-0-0-0-0-0-0-0-0-0-0-0-0-0-0-0-0-0-0-0-0-
[INFO] [1790596656.623788005] [uav7.mavros.sys]: FCU: EVENT 377561 with args -8-0-0-0-20-0-0-0-0-0-0-0-0-0-0-0-0-0-0-0-0-0-0-0-0-0-0-0-0-0-0-0-0-0-0-0-0-0-0-0-
[WARN] [1790596656.624874080] [uav7.mavros.sys]: FCU: EVENT 453929 with args -255-255-255-255-7-0-0-0-0-0-0-0-0-0-0-0-0-0-0-0-0-0-0-0-0-0-0-0-0-0-0-0-0-0-0-0-0-0-0-0-
[INFO] [1790596656.624944841] [uav7.mavros.sys]: FCU: EVENT 6801787 with args -255-255-255-255-12-0-0-0-0-0-0-0-0-0-0-0-0-0-0-0-0-0-0-0-0-0-0-0-0-0-0-0-0-0-0-0-0-0-0-0-
[WARN] [1790596656.624986584] [uav7.mavros.sys]: FCU: UNK(8): EVENT 1914663 with args -0-10-13-2-56-0-0-0-0-0-0-0-0-0-0-0-0-0-0-0-0-0-0-0-0-0-0-0-0-0-0-0-0-0-0-0-0-0-0-0-
[WARN] [1790596660.169764129] [uav7.mavros.cmd]: CMD: Unexpected command 176, result 0
[INFO] [1790596660.253436339] [uav7.mavros.sys]: FCU: EVENT 9489139 with args -4-0-0-0-0-0-0-0-0-0-0-0-0-0-0-0-0-0-0-0-0-0-0-0-0-0-0-0-0-0-0-0-0-0-0-0-0-0-0-0-
[INFO] [1790596662.115604855] [uav7.mavros.sys]: FCU: EVENT 4277609 with args -0-0-0-0-0-0-0-0-0-0-0-0-0-0-0-0-0-0-0-0-0-0-0-0-0-0-0-0-0-0-0-0-0-0-0-0-0-0-0-0-
[WARN] [1790596914.699324273] [uav7.mavros.cmd]: CMD: Unexpected command 176, result 0
[INFO] [1790596948.524631415] [uav7.mavros.sys]: FCU: EVENT 9844908 with args -0-0-0-0-0-0-0-0-0-0-0-0-0-0-0-0-0-0-0-0-0-0-0-0-0-0-0-0-0-0-0-0-0-0-0-0-0-0-0-0-
[INFO] [1790596950.630688620] [uav7.mavros.sys]: FCU: EVENT 16017271 with args -6-0-0-0-0-0-0-0-0-0-0-0-0-0-0-0-0-0-0-0-0-0-0-0-0-0-0-0-0-0-0-0-0-0-0-0-0-0-0-0-
[WARN] [1790596954.830610185] [uav7.mavros.sys]: FCU: UNK(8): EVENT 11047904 with args -0-0-0-0-0-128-0-0-0-176-122-127-128-176-122-127-128-0-0-0-0-0-0-0-0-0-0-0-0-0-0-0-0-0-0-0-0-0-0-0-
[INFO] [1790596954.830725839] [uav7.mavros.sys]: FCU: EVENT 377561 with args -8-0-0-0-20-0-0-0-0-0-0-0-0-0-0-0-0-0-0-0-0-0-0-0-0-0-0-0-0-0-0-0-0-0-0-0-0-0-0-0-
[WARN] [1790596954.830763504] [uav7.mavros.sys]: FCU: EVENT 453929 with args -255-255-255-255-7-0-0-0-0-0-0-0-0-0-0-0-0-0-0-0-0-0-0-0-0-0-0-0-0-0-0-0-0-0-0-0-0-0-0-0-
[INFO] [1790596954.830796702] [uav7.mavros.sys]: FCU: EVENT 6801787 with args -255-255-255-255-12-0-0-0-0-0-0-0-0-0-0-0-0-0-0-0-0-0-0-0-0-0-0-0-0-0-0-0-0-0-0-0-0-0-0-0-
[WARN] [1790596954.830828715] [uav7.mavros.sys]: FCU: UNK(8): EVENT 1914663 with args -0-10-9-2-56-0-0-0-0-0-0-0-0-0-0-0-0-0-0-0-0-0-0-0-0-0-0-0-0-0-0-0-0-0-0-0-0-0-0-0-
[INFO] [1790596955.187494388] [rclcpp]: signal_handler(SIGINT/SIGTERM)
[WARN] [1790596955.196444573] [uav7.mavros]: UAS Executor terminated
