[INFO] [1790596643.550011278] [uav4.mavros_node]: Starting mavros_node container
[INFO] [1790596643.555471262] [uav4.mavros_node]: FCU URL: udp://:14543@127.0.0.1:14583
[INFO] [1790596643.555497756] [uav4.mavros_node]: GCS URL: 
[INFO] [1790596643.555505297] [uav4.mavros_node]: UAS Prefix: /uas4
[INFO] [1790596643.555511063] [uav4.mavros_node]: Starting mavros router node
[INFO] [1790596643.659963998] [uav4.mavros_router]: Built-in SIMD instructions: SSE, SSE2
[INFO] [1790596643.662438102] [uav4.mavros_router]: Built-in MAVLink package version: 2026.8.8
[INFO] [1790596643.662458278] [uav4.mavros_router]: Known MAVLink dialects: common ardupilotmega ASLUAV AVSSUAS all csAirLink cubepilot development icarous loweheiser marsh paparazzi standard stemstudios storm32 uAvionix ualberta
[INFO] [1790596643.662466023] [uav4.mavros_router]: MAVROS Router started
[INFO] [1790596643.662625714] [uav4.mavros_node]: Starting mavros uas node
[INFO] [1790596643.958907069] [uav4.mavros_router]: Requested to add endpoint: type: 0, url: udp://:14543@127.0.0.1:14583
[INFO] [1790596643.958965533] [uav4.mavros_router]: Endpoint link[1000] created
[INFO] [1790596643.976808080] [uav4.mavros_router]: link[1000] opened successfully
[INFO] [1790596643.976867875] [uav4.mavros_router]: Requested to add endpoint: type: 2, url: /uas4
[INFO] [1790596643.976892572] [uav4.mavros_router]: Endpoint link[1001] created
[INFO] [1790596643.980233884] [uav4.mavros_router]: link[1000] detected remote address 4.1
[INFO] [1790596643.987422954] [uav4.mavros]: Plugin actuator_control ignored
[INFO] [1790596643.990954750] [uav4.mavros]: Plugin altitude ignored
[INFO] [1790596643.987478597] [uav4.mavros]: UAS Executor started, threads: 4
[INFO] [1790596644.079499789] [uav4.mavros_router]: link[1001] opened successfully
[INFO] [1790596644.311999762] [uav4.mavros]: Plugin command created
[INFO] [1790596644.312075012] [uav4.mavros]: Plugin command initialized
[INFO] [1790596644.312087405] [uav4.mavros]: Plugin ftp ignored
[INFO] [1790596644.312094030] [uav4.mavros]: Plugin geofence ignored
[INFO] [1790596644.571243763] [uav4.mavros]: Plugin global_position created
[INFO] [1790596644.571323140] [uav4.mavros]: Plugin global_position initialized
[INFO] [1790596644.571335265] [uav4.mavros]: Plugin home_position ignored
[INFO] [1790596644.571340647] [uav4.mavros]: Plugin imu ignored
[INFO] [1790596644.814143516] [uav4.mavros]: Plugin local_position created
[INFO] [1790596644.819614905] [uav4.mavros]: Plugin local_position initialized
[INFO] [1790596644.820021007] [uav4.mavros]: Plugin manual_control ignored
[INFO] [1790596644.820036247] [uav4.mavros]: Plugin nav_controller_output ignored
[INFO] [1790596644.820048482] [uav4.mavros]: Plugin param ignored
[INFO] [1790596644.820141038] [uav4.mavros]: Plugin rallypoint ignored
[INFO] [1790596644.820154333] [uav4.mavros]: Plugin rc_io ignored
[INFO] [1790596644.820166021] [uav4.mavros]: Plugin setpoint_accel ignored
[INFO] [1790596644.820183691] [uav4.mavros]: Plugin setpoint_attitude ignored
[INFO] [1790596644.820196164] [uav4.mavros]: Plugin setpoint_position ignored
[INFO] [1790596644.820207797] [uav4.mavros]: Plugin setpoint_raw ignored
[INFO] [1790596644.820219177] [uav4.mavros]: Plugin setpoint_trajectory ignored
[INFO] [1790596644.960253073] [uav4.mavros]: Plugin setpoint_velocity created
[INFO] [1790596644.960312767] [uav4.mavros]: Plugin setpoint_velocity initialized
[INFO] [1790596645.237207131] [uav4.mavros]: Plugin sys_status created
[INFO] [1790596645.237282199] [uav4.mavros]: Plugin sys_status initialized
[INFO] [1790596645.317231740] [uav4.mavros.time]: TM: Timesync mode: MAVLINK
[INFO] [1790596645.365907721] [uav4.mavros]: Plugin sys_time created
[INFO] [1790596645.365961083] [uav4.mavros]: Plugin sys_time initialized
[INFO] [1790596645.365972321] [uav4.mavros]: Plugin waypoint ignored
[INFO] [1790596645.365978338] [uav4.mavros]: Plugin wind_estimation ignored
[INFO] [1790596645.388645730] [uav4.mavros]: Built-in SIMD instructions: SSE, SSE2
[INFO] [1790596645.389915671] [uav4.mavros]: Built-in MAVLink package version: 2026.8.8
[INFO] [1790596645.394182754] [uav4.mavros]: Known MAVLink dialects: common ardupilotmega ASLUAV AVSSUAS all csAirLink cubepilot development icarous loweheiser marsh paparazzi standard stemstudios storm32 uAvionix ualberta
[INFO] [1790596645.394206102] [uav4.mavros]: MAVROS UAS via /uas4 started. MY ID 4.191, TARGET ID 4.1
[INFO] [1790596645.487316006] [uav4.mavros_router]: link[1001] detected remote address 4.191
[INFO] [1790596646.030350462] [uav4.mavros]: CON: Got HEARTBEAT, connected. FCU: PX4 Autopilot
[INFO] [1790596647.077965635] [uav4.mavros.sys]: VER: 4.1: Capabilities         0x000000000000e8ff
[INFO] [1790596647.078022453] [uav4.mavros.sys]: VER: 4.1: Flight software:     011200c0 (fca3df865a000000)
[INFO] [1790596647.078030699] [uav4.mavros.sys]: VER: 4.1: Middleware software: 011200c0 (fca3df865a000000)
[INFO] [1790596647.078036160] [uav4.mavros.sys]: VER: 4.1: OS software:         070000ff (17040b9f87cb1791)
[INFO] [1790596647.078041873] [uav4.mavros.sys]: VER: 4.1: Board hardware:      00000001
[INFO] [1790596647.078047180] [uav4.mavros.sys]: VER: 4.1: VID/PID:             0000:0000
[INFO] [1790596647.078052512] [uav4.mavros.sys]: VER: 4.1: UID:                 4954414c44494e52
[WARN] [1790596647.078769974] [uav4.mavros.cmd]: CMD: Unexpected command 512, result 0
[WARN] [1790596654.906712730] [uav4.mavros.sys]: FCU: UNK(8): EVENT 11047904 with args -0-0-0-0-0-128-0-0-0-176-122-127-128-176-122-127-128-0-0-0-0-0-0-0-0-0-0-0-0-0-0-0-0-0-0-0-0-0-0-0-
[INFO] [1790596654.906861822] [uav4.mavros.sys]: FCU: EVENT 377561 with args -8-0-0-0-20-0-0-0-0-0-0-0-0-0-0-0-0-0-0-0-0-0-0-0-0-0-0-0-0-0-0-0-0-0-0-0-0-0-0-0-
[WARN] [1790596654.906909376] [uav4.mavros.sys]: FCU: EVENT 453929 with args -255-255-255-255-7-0-0-0-0-0-0-0-0-0-0-0-0-0-0-0-0-0-0-0-0-0-0-0-0-0-0-0-0-0-0-0-0-0-0-0-
[INFO] [1790596654.906947070] [uav4.mavros.sys]: FCU: EVENT 6801787 with args -255-255-255-255-12-0-0-0-0-0-0-0-0-0-0-0-0-0-0-0-0-0-0-0-0-0-0-0-0-0-0-0-0-0-0-0-0-0-0-0-
[WARN] [1790596654.906981760] [uav4.mavros.sys]: FCU: UNK(8): EVENT 1914663 with args -0-10-13-2-56-0-0-0-0-0-0-0-0-0-0-0-0-0-0-0-0-0-0-0-0-0-0-0-0-0-0-0-0-0-0-0-0-0-0-0-
[WARN] [1790596660.136989923] [uav4.mavros.cmd]: CMD: Unexpected command 176, result 0
[INFO] [1790596660.433240612] [uav4.mavros.sys]: FCU: EVENT 9489139 with args -4-0-0-0-0-0-0-0-0-0-0-0-0-0-0-0-0-0-0-0-0-0-0-0-0-0-0-0-0-0-0-0-0-0-0-0-0-0-0-0-
[INFO] [1790596662.375812901] [uav4.mavros.sys]: FCU: EVENT 4277609 with args -0-0-0-0-0-0-0-0-0-0-0-0-0-0-0-0-0-0-0-0-0-0-0-0-0-0-0-0-0-0-0-0-0-0-0-0-0-0-0-0-
[WARN] [1790596914.735299064] [uav4.mavros.cmd]: CMD: Unexpected command 176, result 0
[INFO] [1790596950.498779187] [uav4.mavros.sys]: FCU: EVENT 9844908 with args -0-0-0-0-0-0-0-0-0-0-0-0-0-0-0-0-0-0-0-0-0-0-0-0-0-0-0-0-0-0-0-0-0-0-0-0-0-0-0-0-
[INFO] [1790596952.632350376] [uav4.mavros.sys]: FCU: EVENT 16017271 with args -6-0-0-0-0-0-0-0-0-0-0-0-0-0-0-0-0-0-0-0-0-0-0-0-0-0-0-0-0-0-0-0-0-0-0-0-0-0-0-0-
[INFO] [1790596955.185514545] [rclcpp]: signal_handler(SIGINT/SIGTERM)
[WARN] [1790596955.197508930] [uav4.mavros]: UAS Executor terminated
