[INFO] [1790596643.557962212] [uav2.mavros_node]: Starting mavros_node container
[INFO] [1790596643.562893867] [uav2.mavros_node]: FCU URL: udp://:14541@127.0.0.1:14581
[INFO] [1790596643.562913789] [uav2.mavros_node]: GCS URL: 
[INFO] [1790596643.562922473] [uav2.mavros_node]: UAS Prefix: /uas2
[INFO] [1790596643.562928129] [uav2.mavros_node]: Starting mavros router node
[INFO] [1790596643.680840684] [uav2.mavros_router]: Built-in SIMD instructions: SSE, SSE2
[INFO] [1790596643.681026698] [uav2.mavros_router]: Built-in MAVLink package version: 2026.8.8
[INFO] [1790596643.681055893] [uav2.mavros_router]: Known MAVLink dialects: common ardupilotmega ASLUAV AVSSUAS all csAirLink cubepilot development icarous loweheiser marsh paparazzi standard stemstudios storm32 uAvionix ualberta
[INFO] [1790596643.681185774] [uav2.mavros_router]: MAVROS Router started
[INFO] [1790596643.681913904] [uav2.mavros_node]: Starting mavros uas node
[INFO] [1790596643.919683666] [uav2.mavros_router]: Requested to add endpoint: type: 0, url: udp://:14541@127.0.0.1:14581
[INFO] [1790596643.919939290] [uav2.mavros_router]: Endpoint link[1000] created
[INFO] [1790596643.922477505] [uav2.mavros_router]: link[1000] opened successfully
[INFO] [1790596643.923220097] [uav2.mavros_router]: Requested to add endpoint: type: 2, url: /uas2
[INFO] [1790596643.923279524] [uav2.mavros_router]: Endpoint link[1001] created
[INFO] [1790596643.926301568] [uav2.mavros_router]: link[1000] detected remote address 2.1
[INFO] [1790596643.934527915] [uav2.mavros]: Plugin actuator_control ignored
[INFO] [1790596643.934789175] [uav2.mavros]: Plugin altitude ignored
[INFO] [1790596643.934559589] [uav2.mavros]: UAS Executor started, threads: 4
[INFO] [1790596643.965010056] [uav2.mavros_router]: link[1001] opened successfully
[INFO] [1790596644.150512008] [uav2.mavros]: Plugin command created
[INFO] [1790596644.150578789] [uav2.mavros]: Plugin command initialized
[INFO] [1790596644.150608983] [uav2.mavros]: Plugin ftp ignored
[INFO] [1790596644.150615296] [uav2.mavros]: Plugin geofence ignored
[INFO] [1790596644.462795444] [uav2.mavros]: Plugin global_position created
[INFO] [1790596644.463307742] [uav2.mavros]: Plugin global_position initialized
[INFO] [1790596644.463334755] [uav2.mavros]: Plugin home_position ignored
[INFO] [1790596644.463343150] [uav2.mavros]: Plugin imu ignored
[INFO] [1790596644.782546630] [uav2.mavros]: Plugin local_position created
[INFO] [1790596644.782623687] [uav2.mavros]: Plugin local_position initialized
[INFO] [1790596644.782637090] [uav2.mavros]: Plugin manual_control ignored
[INFO] [1790596644.782643565] [uav2.mavros]: Plugin nav_controller_output ignored
[INFO] [1790596644.782649973] [uav2.mavros]: Plugin param ignored
[INFO] [1790596644.782656365] [uav2.mavros]: Plugin rallypoint ignored
[INFO] [1790596644.782662146] [uav2.mavros]: Plugin rc_io ignored
[INFO] [1790596644.782667794] [uav2.mavros]: Plugin setpoint_accel ignored
[INFO] [1790596644.782673699] [uav2.mavros]: Plugin setpoint_attitude ignored
[INFO] [1790596644.782679818] [uav2.mavros]: Plugin setpoint_position ignored
[INFO] [1790596644.782686094] [uav2.mavros]: Plugin setpoint_raw ignored
[INFO] [1790596644.782691451] [uav2.mavros]: Plugin setpoint_trajectory ignored
[INFO] [1790596645.104644826] [uav2.mavros]: Plugin setpoint_velocity created
[INFO] [1790596645.104706728] [uav2.mavros]: Plugin setpoint_velocity initialized
[INFO] [1790596645.423096615] [uav2.mavros]: Plugin sys_status created
[INFO] [1790596645.423173223] [uav2.mavros]: Plugin sys_status initialized
[INFO] [1790596645.503256746] [uav2.mavros.time]: TM: Timesync mode: MAVLINK
[INFO] [1790596645.541119645] [uav2.mavros]: Plugin sys_time created
[INFO] [1790596645.541178245] [uav2.mavros]: Plugin sys_time initialized
[INFO] [1790596645.541189032] [uav2.mavros]: Plugin waypoint ignored
[INFO] [1790596645.541194997] [uav2.mavros]: Plugin wind_estimation ignored
[INFO] [1790596645.552740415] [uav2.mavros]: Built-in SIMD instructions: SSE, SSE2
[INFO] [1790596645.552821681] [uav2.mavros]: Built-in MAVLink package version: 2026.8.8
[INFO] [1790596645.552977080] [uav2.mavros]: Known MAVLink dialects: common ardupilotmega ASLUAV AVSSUAS all csAirLink cubepilot development icarous loweheiser marsh paparazzi standard stemstudios storm32 uAvionix ualberta
[INFO] [1790596645.552998673] [uav2.mavros]: MAVROS UAS via /uas2 started. MY ID 2.191, TARGET ID 2.1
[INFO] [1790596645.611596204] [uav2.mavros_router]: link[1001] detected remote address 2.191
[INFO] [1790596645.931109730] [uav2.mavros]: CON: Got HEARTBEAT, connected. FCU: PX4 Autopilot
[INFO] [1790596647.003023182] [uav2.mavros.sys]: VER: 2.1: Capabilities         0x000000000000e8ff
[INFO] [1790596647.008436939] [uav2.mavros.sys]: VER: 2.1: Flight software:     011200c0 (fca3df865a000000)
[INFO] [1790596647.008464552] [uav2.mavros.sys]: VER: 2.1: Middleware software: 011200c0 (fca3df865a000000)
[INFO] [1790596647.008471113] [uav2.mavros.sys]: VER: 2.1: OS software:         070000ff (17040b9f87cb1791)
[INFO] [1790596647.008476974] [uav2.mavros.sys]: VER: 2.1: Board hardware:      00000001
[INFO] [1790596647.008482710] [uav2.mavros.sys]: VER: 2.1: VID/PID:             0000:0000
[INFO] [1790596647.008488850] [uav2.mavros.sys]: VER: 2.1: UID:                 4954414c44494e50
[WARN] [1790596647.008653151] [uav2.mavros.cmd]: CMD: Unexpected command 512, result 0
[WARN] [1790596657.714071620] [uav2.mavros.sys]: FCU: UNK(8): EVENT 11047904 with args -0-0-0-0-0-128-0-0-0-176-122-127-128-176-122-127-128-0-0-0-0-0-0-0-0-0-0-0-0-0-0-0-0-0-0-0-0-0-0-0-
[INFO] [1790596657.714178053] [uav2.mavros.sys]: FCU: EVENT 377561 with args -8-0-0-0-20-0-0-0-0-0-0-0-0-0-0-0-0-0-0-0-0-0-0-0-0-0-0-0-0-0-0-0-0-0-0-0-0-0-0-0-
[WARN] [1790596657.715169588] [uav2.mavros.sys]: FCU: EVENT 453929 with args -255-255-255-255-7-0-0-0-0-0-0-0-0-0-0-0-0-0-0-0-0-0-0-0-0-0-0-0-0-0-0-0-0-0-0-0-0-0-0-0-
[INFO] [1790596657.715229229] [uav2.mavros.sys]: FCU: EVENT 6801787 with args -255-255-255-255-12-0-0-0-0-0-0-0-0-0-0-0-0-0-0-0-0-0-0-0-0-0-0-0-0-0-0-0-0-0-0-0-0-0-0-0-
[WARN] [1790596657.715269864] [uav2.mavros.sys]: FCU: UNK(8): EVENT 1914663 with args -0-10-13-2-56-0-0-0-0-0-0-0-0-0-0-0-0-0-0-0-0-0-0-0-0-0-0-0-0-0-0-0-0-0-0-0-0-0-0-0-
[WARN] [1790596660.129889257] [uav2.mavros.cmd]: CMD: Unexpected command 176, result 0
[INFO] [1790596660.285468925] [uav2.mavros.sys]: FCU: EVENT 9489139 with args -4-0-0-0-0-0-0-0-0-0-0-0-0-0-0-0-0-0-0-0-0-0-0-0-0-0-0-0-0-0-0-0-0-0-0-0-0-0-0-0-
[INFO] [1790596662.199135195] [uav2.mavros.sys]: FCU: EVENT 4277609 with args -0-0-0-0-0-0-0-0-0-0-0-0-0-0-0-0-0-0-0-0-0-0-0-0-0-0-0-0-0-0-0-0-0-0-0-0-0-0-0-0-
[WARN] [1790596914.630556776] [uav2.mavros.cmd]: CMD: Unexpected command 176, result 0
[INFO] [1790596946.282410123] [uav2.mavros.sys]: FCU: EVENT 9844908 with args -0-0-0-0-0-0-0-0-0-0-0-0-0-0-0-0-0-0-0-0-0-0-0-0-0-0-0-0-0-0-0-0-0-0-0-0-0-0-0-0-
[INFO] [1790596948.421503308] [uav2.mavros.sys]: FCU: EVENT 16017271 with args -6-0-0-0-0-0-0-0-0-0-0-0-0-0-0-0-0-0-0-0-0-0-0-0-0-0-0-0-0-0-0-0-0-0-0-0-0-0-0-0-
[WARN] [1790596952.709087866] [uav2.mavros.sys]: FCU: UNK(8): EVENT 11047904 with args -0-0-0-0-0-128-0-0-0-176-122-127-128-176-122-127-128-0-0-0-0-0-0-0-0-0-0-0-0-0-0-0-0-0-0-0-0-0-0-0-
[INFO] [1790596952.710652511] [uav2.mavros.sys]: FCU: EVENT 377561 with args -8-0-0-0-20-0-0-0-0-0-0-0-0-0-0-0-0-0-0-0-0-0-0-0-0-0-0-0-0-0-0-0-0-0-0-0-0-0-0-0-
[WARN] [1790596952.710736389] [uav2.mavros.sys]: FCU: EVENT 453929 with args -255-255-255-255-7-0-0-0-0-0-0-0-0-0-0-0-0-0-0-0-0-0-0-0-0-0-0-0-0-0-0-0-0-0-0-0-0-0-0-0-
[INFO] [1790596952.710797869] [uav2.mavros.sys]: FCU: EVENT 6801787 with args -255-255-255-255-12-0-0-0-0-0-0-0-0-0-0-0-0-0-0-0-0-0-0-0-0-0-0-0-0-0-0-0-0-0-0-0-0-0-0-0-
[WARN] [1790596952.710840091] [uav2.mavros.sys]: FCU: UNK(8): EVENT 1914663 with args -0-10-9-2-56-0-0-0-0-0-0-0-0-0-0-0-0-0-0-0-0-0-0-0-0-0-0-0-0-0-0-0-0-0-0-0-0-0-0-0-
[INFO] [1790596955.179343578] [rclcpp]: signal_handler(SIGINT/SIGTERM)
[WARN] [1790596955.180973860] [uav2.mavros]: UAS Executor terminated
