[INFO] [1790583242.303374231] [uav6.mavros_node]: Starting mavros_node container
[INFO] [1790583242.303475498] [uav6.mavros_node]: FCU URL: udp://:14545@127.0.0.1:14585
[INFO] [1790583242.303488080] [uav6.mavros_node]: GCS URL: 
[INFO] [1790583242.303494975] [uav6.mavros_node]: UAS Prefix: /uas6
[INFO] [1790583242.303500634] [uav6.mavros_node]: Starting mavros router node
[INFO] [1790583242.334899385] [uav6.mavros_router]: Built-in SIMD instructions: SSE, SSE2
[INFO] [1790583242.334980744] [uav6.mavros_router]: Built-in MAVLink package version: 2026.8.8
[INFO] [1790583242.334992958] [uav6.mavros_router]: Known MAVLink dialects: common ardupilotmega ASLUAV AVSSUAS all csAirLink cubepilot development icarous loweheiser marsh paparazzi standard stemstudios storm32 uAvionix ualberta
[INFO] [1790583242.335003492] [uav6.mavros_router]: MAVROS Router started
[INFO] [1790583242.335241693] [uav6.mavros_node]: Starting mavros uas node
[INFO] [1790583242.581994515] [uav6.mavros_router]: Requested to add endpoint: type: 0, url: udp://:14545@127.0.0.1:14585
[INFO] [1790583242.582591554] [uav6.mavros_router]: Endpoint link[1000] created
[INFO] [1790583242.582859476] [uav6.mavros_router]: link[1000] opened successfully
[INFO] [1790583242.582873712] [uav6.mavros_router]: Requested to add endpoint: type: 2, url: /uas6
[INFO] [1790583242.582891024] [uav6.mavros_router]: Endpoint link[1001] created
[INFO] [1790583242.593743254] [uav6.mavros_router]: link[1000] detected remote address 6.1
[INFO] [1790583242.598122516] [uav6.mavros]: Plugin actuator_control ignored
[INFO] [1790583242.598175592] [uav6.mavros]: Plugin altitude ignored
[INFO] [1790583242.599980659] [uav6.mavros]: UAS Executor started, threads: 4
[INFO] [1790583242.717481884] [uav6.mavros_router]: link[1001] opened successfully
[INFO] [1790583242.827452020] [uav6.mavros]: Plugin command created
[INFO] [1790583242.832825799] [uav6.mavros]: Plugin command initialized
[INFO] [1790583242.832876596] [uav6.mavros]: Plugin ftp ignored
[INFO] [1790583242.832884620] [uav6.mavros]: Plugin geofence ignored
[INFO] [1790583243.144713274] [uav6.mavros]: Plugin global_position created
[INFO] [1790583243.144777609] [uav6.mavros]: Plugin global_position initialized
[INFO] [1790583243.144788412] [uav6.mavros]: Plugin home_position ignored
[INFO] [1790583243.144795165] [uav6.mavros]: Plugin imu ignored
[INFO] [1790583243.385394075] [uav6.mavros]: Plugin local_position created
[INFO] [1790583243.385458417] [uav6.mavros]: Plugin local_position initialized
[INFO] [1790583243.385477794] [uav6.mavros]: Plugin manual_control ignored
[INFO] [1790583243.385484615] [uav6.mavros]: Plugin nav_controller_output ignored
[INFO] [1790583243.385490550] [uav6.mavros]: Plugin param ignored
[INFO] [1790583243.385496750] [uav6.mavros]: Plugin rallypoint ignored
[INFO] [1790583243.385502839] [uav6.mavros]: Plugin rc_io ignored
[INFO] [1790583243.385509132] [uav6.mavros]: Plugin setpoint_accel ignored
[INFO] [1790583243.385515189] [uav6.mavros]: Plugin setpoint_attitude ignored
[INFO] [1790583243.385521420] [uav6.mavros]: Plugin setpoint_position ignored
[INFO] [1790583243.385527283] [uav6.mavros]: Plugin setpoint_raw ignored
[INFO] [1790583243.385533104] [uav6.mavros]: Plugin setpoint_trajectory ignored
[INFO] [1790583243.502558059] [uav6.mavros]: Plugin setpoint_velocity created
[INFO] [1790583243.502618844] [uav6.mavros]: Plugin setpoint_velocity initialized
[INFO] [1790583243.784718781] [uav6.mavros]: Plugin sys_status created
[INFO] [1790583243.786678376] [uav6.mavros]: Plugin sys_status initialized
[INFO] [1790583244.074982169] [uav6.mavros.time]: TM: Timesync mode: MAVLINK
[INFO] [1790583244.095377232] [uav6.mavros]: Plugin sys_time created
[INFO] [1790583244.095441153] [uav6.mavros]: Plugin sys_time initialized
[INFO] [1790583244.095452638] [uav6.mavros]: Plugin waypoint ignored
[INFO] [1790583244.095459618] [uav6.mavros]: Plugin wind_estimation ignored
[INFO] [1790583244.150214346] [uav6.mavros]: Built-in SIMD instructions: SSE, SSE2
[INFO] [1790583244.153274636] [uav6.mavros]: Built-in MAVLink package version: 2026.8.8
[INFO] [1790583244.153322763] [uav6.mavros]: Known MAVLink dialects: common ardupilotmega ASLUAV AVSSUAS all csAirLink cubepilot development icarous loweheiser marsh paparazzi standard stemstudios storm32 uAvionix ualberta
[INFO] [1790583244.153332271] [uav6.mavros]: MAVROS UAS via /uas6 started. MY ID 6.191, TARGET ID 6.1
[INFO] [1790583244.224546257] [uav6.mavros_router]: link[1001] detected remote address 6.191
[INFO] [1790583244.657823190] [uav6.mavros]: CON: Got HEARTBEAT, connected. FCU: PX4 Autopilot
[INFO] [1790583245.698352253] [uav6.mavros.sys]: VER: 6.1: Capabilities         0x000000000000e8ff
[INFO] [1790583245.700029728] [uav6.mavros.sys]: VER: 6.1: Flight software:     011200c0 (fca3df865a000000)
[INFO] [1790583245.700209824] [uav6.mavros.sys]: VER: 6.1: Middleware software: 011200c0 (fca3df865a000000)
[INFO] [1790583245.700269494] [uav6.mavros.sys]: VER: 6.1: OS software:         070000ff (17040b9f87cb1791)
[INFO] [1790583245.700283447] [uav6.mavros.sys]: VER: 6.1: Board hardware:      00000001
[INFO] [1790583245.700294683] [uav6.mavros.sys]: VER: 6.1: VID/PID:             0000:0000
[INFO] [1790583245.700305100] [uav6.mavros.sys]: VER: 6.1: UID:                 4954414c44494e54
[WARN] [1790583245.701263286] [uav6.mavros.cmd]: CMD: Unexpected command 512, result 0
[WARN] [1790583256.868959603] [uav6.mavros.sys]: FCU: UNK(8): EVENT 11047904 with args -0-0-0-0-0-128-0-0-0-176-122-127-128-176-122-127-128-0-0-0-0-0-0-0-0-0-0-0-0-0-0-0-0-0-0-0-0-0-0-0-
[INFO] [1790583256.869087683] [uav6.mavros.sys]: FCU: EVENT 377561 with args -8-0-0-0-20-0-0-0-0-0-0-0-0-0-0-0-0-0-0-0-0-0-0-0-0-0-0-0-0-0-0-0-0-0-0-0-0-0-0-0-
[WARN] [1790583256.869153753] [uav6.mavros.sys]: FCU: EVENT 453929 with args -255-255-255-255-7-0-0-0-0-0-0-0-0-0-0-0-0-0-0-0-0-0-0-0-0-0-0-0-0-0-0-0-0-0-0-0-0-0-0-0-
[INFO] [1790583256.869191981] [uav6.mavros.sys]: FCU: EVENT 6801787 with args -255-255-255-255-12-0-0-0-0-0-0-0-0-0-0-0-0-0-0-0-0-0-0-0-0-0-0-0-0-0-0-0-0-0-0-0-0-0-0-0-
[WARN] [1790583256.869225801] [uav6.mavros.sys]: FCU: UNK(8): EVENT 1914663 with args -0-10-13-2-56-0-0-0-0-0-0-0-0-0-0-0-0-0-0-0-0-0-0-0-0-0-0-0-0-0-0-0-0-0-0-0-0-0-0-0-
[WARN] [1790583257.494837903] [uav6.mavros.cmd]: CMD: Unexpected command 176, result 0
[INFO] [1790583258.342112924] [uav6.mavros.sys]: FCU: EVENT 9489139 with args -4-0-0-0-0-0-0-0-0-0-0-0-0-0-0-0-0-0-0-0-0-0-0-0-0-0-0-0-0-0-0-0-0-0-0-0-0-0-0-0-
[INFO] [1790583260.186680035] [uav6.mavros.sys]: FCU: EVENT 4277609 with args -0-0-0-0-0-0-0-0-0-0-0-0-0-0-0-0-0-0-0-0-0-0-0-0-0-0-0-0-0-0-0-0-0-0-0-0-0-0-0-0-
[WARN] [1790583514.397810216] [uav6.mavros.cmd]: CMD: Unexpected command 176, result 0
[INFO] [1790583546.239036643] [uav6.mavros.sys]: FCU: EVENT 9844908 with args -0-0-0-0-0-0-0-0-0-0-0-0-0-0-0-0-0-0-0-0-0-0-0-0-0-0-0-0-0-0-0-0-0-0-0-0-0-0-0-0-
[INFO] [1790583548.366053005] [uav6.mavros.sys]: FCU: EVENT 16017271 with args -6-0-0-0-0-0-0-0-0-0-0-0-0-0-0-0-0-0-0-0-0-0-0-0-0-0-0-0-0-0-0-0-0-0-0-0-0-0-0-0-
[WARN] [1790583551.550159159] [uav6.mavros.sys]: FCU: UNK(8): EVENT 11047904 with args -0-0-0-0-0-128-0-0-0-176-122-127-128-176-122-127-128-0-0-0-0-0-0-0-0-0-0-0-0-0-0-0-0-0-0-0-0-0-0-0-
[INFO] [1790583551.550284760] [uav6.mavros.sys]: FCU: EVENT 377561 with args -8-0-0-0-20-0-0-0-0-0-0-0-0-0-0-0-0-0-0-0-0-0-0-0-0-0-0-0-0-0-0-0-0-0-0-0-0-0-0-0-
[WARN] [1790583551.550310360] [uav6.mavros.sys]: FCU: EVENT 453929 with args -255-255-255-255-7-0-0-0-0-0-0-0-0-0-0-0-0-0-0-0-0-0-0-0-0-0-0-0-0-0-0-0-0-0-0-0-0-0-0-0-
[INFO] [1790583551.550378229] [uav6.mavros.sys]: FCU: EVENT 6801787 with args -255-255-255-255-12-0-0-0-0-0-0-0-0-0-0-0-0-0-0-0-0-0-0-0-0-0-0-0-0-0-0-0-0-0-0-0-0-0-0-0-
[WARN] [1790583551.550401231] [uav6.mavros.sys]: FCU: UNK(8): EVENT 1914663 with args -0-10-9-2-56-0-0-0-0-0-0-0-0-0-0-0-0-0-0-0-0-0-0-0-0-0-0-0-0-0-0-0-0-0-0-0-0-0-0-0-
[INFO] [1790583558.547021842] [rclcpp]: signal_handler(SIGINT/SIGTERM)
[WARN] [1790583558.548443045] [uav6.mavros]: UAS Executor terminated
