[INFO] [1790583242.177499819] [uav1.mavros_node]: Starting mavros_node container
[INFO] [1790583242.177622101] [uav1.mavros_node]: FCU URL: udp://:14540@127.0.0.1:14580
[INFO] [1790583242.177632868] [uav1.mavros_node]: GCS URL: 
[INFO] [1790583242.177638008] [uav1.mavros_node]: UAS Prefix: /uas1
[INFO] [1790583242.177642981] [uav1.mavros_node]: Starting mavros router node
[INFO] [1790583242.327798176] [uav1.mavros_router]: Built-in SIMD instructions: SSE, SSE2
[INFO] [1790583242.330643895] [uav1.mavros_router]: Built-in MAVLink package version: 2026.8.8
[INFO] [1790583242.331127456] [uav1.mavros_router]: Known MAVLink dialects: common ardupilotmega ASLUAV AVSSUAS all csAirLink cubepilot development icarous loweheiser marsh paparazzi standard stemstudios storm32 uAvionix ualberta
[INFO] [1790583242.331719696] [uav1.mavros_router]: MAVROS Router started
[INFO] [1790583242.332188276] [uav1.mavros_node]: Starting mavros uas node
[INFO] [1790583242.548200301] [uav1.mavros_router]: Requested to add endpoint: type: 0, url: udp://:14540@127.0.0.1:14580
[INFO] [1790583242.548278857] [uav1.mavros_router]: Endpoint link[1000] created
[INFO] [1790583242.550988059] [uav1.mavros]: UAS Executor started, threads: 4
[INFO] [1790583242.551003260] [uav1.mavros]: Plugin actuator_control ignored
[INFO] [1790583242.552256229] [uav1.mavros]: Plugin altitude ignored
[INFO] [1790583242.552621689] [uav1.mavros_router]: link[1000] opened successfully
[INFO] [1790583242.552657191] [uav1.mavros_router]: Requested to add endpoint: type: 2, url: /uas1
[INFO] [1790583242.552809809] [uav1.mavros_router]: Endpoint link[1001] created
[INFO] [1790583242.556153826] [uav1.mavros_router]: link[1000] detected remote address 1.1
[INFO] [1790583242.690767045] [uav1.mavros_router]: link[1001] opened successfully
[INFO] [1790583242.832096380] [uav1.mavros]: Plugin command created
[INFO] [1790583242.834699642] [uav1.mavros]: Plugin command initialized
[INFO] [1790583242.835174626] [uav1.mavros]: Plugin ftp ignored
[INFO] [1790583242.835203972] [uav1.mavros]: Plugin geofence ignored
[INFO] [1790583243.055474738] [uav1.mavros]: Plugin global_position created
[INFO] [1790583243.055560473] [uav1.mavros]: Plugin global_position initialized
[INFO] [1790583243.056156048] [uav1.mavros]: Plugin home_position ignored
[INFO] [1790583243.058385727] [uav1.mavros]: Plugin imu ignored
[INFO] [1790583243.234650759] [uav1.mavros]: Plugin local_position created
[INFO] [1790583243.234715784] [uav1.mavros]: Plugin local_position initialized
[INFO] [1790583243.234727423] [uav1.mavros]: Plugin manual_control ignored
[INFO] [1790583243.234734034] [uav1.mavros]: Plugin nav_controller_output ignored
[INFO] [1790583243.234740697] [uav1.mavros]: Plugin param ignored
[INFO] [1790583243.234747066] [uav1.mavros]: Plugin rallypoint ignored
[INFO] [1790583243.234753500] [uav1.mavros]: Plugin rc_io ignored
[INFO] [1790583243.234772962] [uav1.mavros]: Plugin setpoint_accel ignored
[INFO] [1790583243.234779866] [uav1.mavros]: Plugin setpoint_attitude ignored
[INFO] [1790583243.234786287] [uav1.mavros]: Plugin setpoint_position ignored
[INFO] [1790583243.234792806] [uav1.mavros]: Plugin setpoint_raw ignored
[INFO] [1790583243.234799280] [uav1.mavros]: Plugin setpoint_trajectory ignored
[INFO] [1790583243.576147897] [uav1.mavros]: Plugin setpoint_velocity created
[INFO] [1790583243.576209398] [uav1.mavros]: Plugin setpoint_velocity initialized
[INFO] [1790583243.987383654] [uav1.mavros]: Plugin sys_status created
[INFO] [1790583243.988003063] [uav1.mavros]: Plugin sys_status initialized
[INFO] [1790583244.012492629] [uav1.mavros.time]: TM: Timesync mode: MAVLINK
[INFO] [1790583244.015212485] [uav1.mavros]: Plugin sys_time created
[INFO] [1790583244.015276000] [uav1.mavros]: Plugin sys_time initialized
[INFO] [1790583244.015289625] [uav1.mavros]: Plugin waypoint ignored
[INFO] [1790583244.015297503] [uav1.mavros]: Plugin wind_estimation ignored
[INFO] [1790583244.017302987] [uav1.mavros]: Built-in SIMD instructions: SSE, SSE2
[INFO] [1790583244.017342357] [uav1.mavros]: Built-in MAVLink package version: 2026.8.8
[INFO] [1790583244.017380282] [uav1.mavros]: Known MAVLink dialects: common ardupilotmega ASLUAV AVSSUAS all csAirLink cubepilot development icarous loweheiser marsh paparazzi standard stemstudios storm32 uAvionix ualberta
[INFO] [1790583244.017388578] [uav1.mavros]: MAVROS UAS via /uas1 started. MY ID 1.191, TARGET ID 1.1
[INFO] [1790583244.106039655] [uav1.mavros_router]: link[1001] detected remote address 1.191
[INFO] [1790583244.759671489] [uav1.mavros]: CON: Got HEARTBEAT, connected. FCU: PX4 Autopilot
[INFO] [1790583245.787339306] [uav1.mavros.sys]: VER: 1.1: Capabilities         0x000000000000e8ff
[INFO] [1790583245.787397013] [uav1.mavros.sys]: VER: 1.1: Flight software:     011200c0 (fca3df865a000000)
[INFO] [1790583245.787406698] [uav1.mavros.sys]: VER: 1.1: Middleware software: 011200c0 (fca3df865a000000)
[INFO] [1790583245.787412514] [uav1.mavros.sys]: VER: 1.1: OS software:         070000ff (17040b9f87cb1791)
[INFO] [1790583245.787417461] [uav1.mavros.sys]: VER: 1.1: Board hardware:      00000001
[INFO] [1790583245.787422500] [uav1.mavros.sys]: VER: 1.1: VID/PID:             0000:0000
[INFO] [1790583245.787428130] [uav1.mavros.sys]: VER: 1.1: UID:                 4954414c44494e4f
[WARN] [1790583245.790751475] [uav1.mavros.cmd]: CMD: Unexpected command 512, result 0
[WARN] [1790583251.920068663] [uav1.mavros.sys]: FCU: UNK(8): EVENT 11047904 with args -0-0-0-0-0-128-0-0-0-176-122-127-128-176-122-127-128-0-0-0-0-0-0-0-0-0-0-0-0-0-0-0-0-0-0-0-0-0-0-0-
[INFO] [1790583251.922446028] [uav1.mavros.sys]: FCU: EVENT 377561 with args -8-0-0-0-20-0-0-0-0-0-0-0-0-0-0-0-0-0-0-0-0-0-0-0-0-0-0-0-0-0-0-0-0-0-0-0-0-0-0-0-
[WARN] [1790583251.925419133] [uav1.mavros.sys]: FCU: EVENT 453929 with args -255-255-255-255-7-0-0-0-0-0-0-0-0-0-0-0-0-0-0-0-0-0-0-0-0-0-0-0-0-0-0-0-0-0-0-0-0-0-0-0-
[INFO] [1790583251.925570197] [uav1.mavros.sys]: FCU: EVENT 6801787 with args -255-255-255-255-12-0-0-0-0-0-0-0-0-0-0-0-0-0-0-0-0-0-0-0-0-0-0-0-0-0-0-0-0-0-0-0-0-0-0-0-
[WARN] [1790583251.926946878] [uav1.mavros.sys]: FCU: UNK(8): EVENT 1914663 with args -0-10-13-2-56-0-0-0-0-0-0-0-0-0-0-0-0-0-0-0-0-0-0-0-0-0-0-0-0-0-0-0-0-0-0-0-0-0-0-0-
[WARN] [1790583257.392500334] [uav1.mavros.cmd]: CMD: Unexpected command 176, result 0
[INFO] [1790583258.544559056] [uav1.mavros.sys]: FCU: EVENT 9489139 with args -4-0-0-0-0-0-0-0-0-0-0-0-0-0-0-0-0-0-0-0-0-0-0-0-0-0-0-0-0-0-0-0-0-0-0-0-0-0-0-0-
[INFO] [1790583260.468073363] [uav1.mavros.sys]: FCU: EVENT 4277609 with args -0-0-0-0-0-0-0-0-0-0-0-0-0-0-0-0-0-0-0-0-0-0-0-0-0-0-0-0-0-0-0-0-0-0-0-0-0-0-0-0-
[WARN] [1790583514.578751196] [uav1.mavros.cmd]: CMD: Unexpected command 176, result 0
[INFO] [1790583547.846863846] [uav1.mavros.sys]: FCU: EVENT 9844908 with args -0-0-0-0-0-0-0-0-0-0-0-0-0-0-0-0-0-0-0-0-0-0-0-0-0-0-0-0-0-0-0-0-0-0-0-0-0-0-0-0-
[INFO] [1790583549.974264973] [uav1.mavros.sys]: FCU: EVENT 16017271 with args -6-0-0-0-0-0-0-0-0-0-0-0-0-0-0-0-0-0-0-0-0-0-0-0-0-0-0-0-0-0-0-0-0-0-0-0-0-0-0-0-
[WARN] [1790583553.787252877] [uav1.mavros.sys]: FCU: UNK(8): EVENT 11047904 with args -0-0-0-0-0-128-0-0-0-176-122-127-128-176-122-127-128-0-0-0-0-0-0-0-0-0-0-0-0-0-0-0-0-0-0-0-0-0-0-0-
[INFO] [1790583553.787580947] [uav1.mavros.sys]: FCU: EVENT 377561 with args -8-0-0-0-20-0-0-0-0-0-0-0-0-0-0-0-0-0-0-0-0-0-0-0-0-0-0-0-0-0-0-0-0-0-0-0-0-0-0-0-
[WARN] [1790583553.787627040] [uav1.mavros.sys]: FCU: EVENT 453929 with args -255-255-255-255-7-0-0-0-0-0-0-0-0-0-0-0-0-0-0-0-0-0-0-0-0-0-0-0-0-0-0-0-0-0-0-0-0-0-0-0-
[INFO] [1790583553.787709072] [uav1.mavros.sys]: FCU: EVENT 6801787 with args -255-255-255-255-12-0-0-0-0-0-0-0-0-0-0-0-0-0-0-0-0-0-0-0-0-0-0-0-0-0-0-0-0-0-0-0-0-0-0-0-
[WARN] [1790583553.787733099] [uav1.mavros.sys]: FCU: UNK(8): EVENT 1914663 with args -0-10-9-2-56-0-0-0-0-0-0-0-0-0-0-0-0-0-0-0-0-0-0-0-0-0-0-0-0-0-0-0-0-0-0-0-0-0-0-0-
[INFO] [1790583558.539644397] [rclcpp]: signal_handler(SIGINT/SIGTERM)
[WARN] [1790583558.540282637] [uav1.mavros]: UAS Executor terminated
