[INFO] [1790583242.202710665] [uav2.mavros_node]: Starting mavros_node container
[INFO] [1790583242.203062047] [uav2.mavros_node]: FCU URL: udp://:14541@127.0.0.1:14581
[INFO] [1790583242.203099384] [uav2.mavros_node]: GCS URL: 
[INFO] [1790583242.203199648] [uav2.mavros_node]: UAS Prefix: /uas2
[INFO] [1790583242.203213257] [uav2.mavros_node]: Starting mavros router node
[INFO] [1790583242.345383580] [uav2.mavros_router]: Built-in SIMD instructions: SSE, SSE2
[INFO] [1790583242.345440878] [uav2.mavros_router]: Built-in MAVLink package version: 2026.8.8
[INFO] [1790583242.345451118] [uav2.mavros_router]: Known MAVLink dialects: common ardupilotmega ASLUAV AVSSUAS all csAirLink cubepilot development icarous loweheiser marsh paparazzi standard stemstudios storm32 uAvionix ualberta
[INFO] [1790583242.345458651] [uav2.mavros_router]: MAVROS Router started
[INFO] [1790583242.346655789] [uav2.mavros_node]: Starting mavros uas node
[INFO] [1790583242.597042470] [uav2.mavros_router]: Requested to add endpoint: type: 0, url: udp://:14541@127.0.0.1:14581
[INFO] [1790583242.597114101] [uav2.mavros_router]: Endpoint link[1000] created
[INFO] [1790583242.597346780] [uav2.mavros_router]: link[1000] opened successfully
[INFO] [1790583242.597372959] [uav2.mavros_router]: Requested to add endpoint: type: 2, url: /uas2
[INFO] [1790583242.597389686] [uav2.mavros_router]: Endpoint link[1001] created
[INFO] [1790583242.601775735] [uav2.mavros_router]: link[1000] detected remote address 2.1
[INFO] [1790583242.624545444] [uav2.mavros]: Plugin actuator_control ignored
[INFO] [1790583242.624607915] [uav2.mavros]: Plugin altitude ignored
[INFO] [1790583242.624981508] [uav2.mavros]: UAS Executor started, threads: 4
[INFO] [1790583242.711413976] [uav2.mavros_router]: link[1001] opened successfully
[INFO] [1790583242.885757298] [uav2.mavros]: Plugin command created
[INFO] [1790583242.887075956] [uav2.mavros]: Plugin command initialized
[INFO] [1790583242.887127332] [uav2.mavros]: Plugin ftp ignored
[INFO] [1790583242.887521505] [uav2.mavros]: Plugin geofence ignored
[INFO] [1790583243.246091993] [uav2.mavros]: Plugin global_position created
[INFO] [1790583243.246165659] [uav2.mavros]: Plugin global_position initialized
[INFO] [1790583243.246176889] [uav2.mavros]: Plugin home_position ignored
[INFO] [1790583243.246183268] [uav2.mavros]: Plugin imu ignored
[INFO] [1790583243.505336330] [uav2.mavros]: Plugin local_position created
[INFO] [1790583243.505402755] [uav2.mavros]: Plugin local_position initialized
[INFO] [1790583243.505415905] [uav2.mavros]: Plugin manual_control ignored
[INFO] [1790583243.505422843] [uav2.mavros]: Plugin nav_controller_output ignored
[INFO] [1790583243.505428690] [uav2.mavros]: Plugin param ignored
[INFO] [1790583243.505434453] [uav2.mavros]: Plugin rallypoint ignored
[INFO] [1790583243.505445543] [uav2.mavros]: Plugin rc_io ignored
[INFO] [1790583243.505453775] [uav2.mavros]: Plugin setpoint_accel ignored
[INFO] [1790583243.505459039] [uav2.mavros]: Plugin setpoint_attitude ignored
[INFO] [1790583243.505464566] [uav2.mavros]: Plugin setpoint_position ignored
[INFO] [1790583243.505475366] [uav2.mavros]: Plugin setpoint_raw ignored
[INFO] [1790583243.505484174] [uav2.mavros]: Plugin setpoint_trajectory ignored
[INFO] [1790583243.652507463] [uav2.mavros]: Plugin setpoint_velocity created
[INFO] [1790583243.677704127] [uav2.mavros]: Plugin setpoint_velocity initialized
[INFO] [1790583244.298490639] [uav2.mavros]: Plugin sys_status created
[INFO] [1790583244.298565029] [uav2.mavros]: Plugin sys_status initialized
[INFO] [1790583244.735195775] [uav2.mavros.time]: TM: Timesync mode: MAVLINK
[INFO] [1790583244.770946156] [uav2.mavros]: Plugin sys_time created
[INFO] [1790583244.771012227] [uav2.mavros]: Plugin sys_time initialized
[INFO] [1790583244.771023050] [uav2.mavros]: Plugin waypoint ignored
[INFO] [1790583244.771029395] [uav2.mavros]: Plugin wind_estimation ignored
[INFO] [1790583244.780115318] [uav2.mavros]: Built-in SIMD instructions: SSE, SSE2
[INFO] [1790583244.780160080] [uav2.mavros]: Built-in MAVLink package version: 2026.8.8
[INFO] [1790583244.780191719] [uav2.mavros]: Known MAVLink dialects: common ardupilotmega ASLUAV AVSSUAS all csAirLink cubepilot development icarous loweheiser marsh paparazzi standard stemstudios storm32 uAvionix ualberta
[INFO] [1790583244.780200205] [uav2.mavros]: MAVROS UAS via /uas2 started. MY ID 2.191, TARGET ID 2.1
[INFO] [1790583244.819436764] [uav2.mavros_router]: link[1001] detected remote address 2.191
[INFO] [1790583245.322648407] [uav2.mavros.sys]: VER: 2.1: Capabilities         0x000000000000e8ff
[INFO] [1790583245.322698644] [uav2.mavros.sys]: VER: 2.1: Flight software:     011200c0 (fca3df865a000000)
[INFO] [1790583245.322706958] [uav2.mavros.sys]: VER: 2.1: Middleware software: 011200c0 (fca3df865a000000)
[INFO] [1790583245.322712419] [uav2.mavros.sys]: VER: 2.1: OS software:         070000ff (17040b9f87cb1791)
[INFO] [1790583245.322716961] [uav2.mavros.sys]: VER: 2.1: Board hardware:      00000001
[INFO] [1790583245.322722025] [uav2.mavros.sys]: VER: 2.1: VID/PID:             0000:0000
[INFO] [1790583245.322727409] [uav2.mavros.sys]: VER: 2.1: UID:                 4954414c44494e50
[WARN] [1790583245.322773626] [uav2.mavros.cmd]: CMD: Unexpected command 512, result 0
[INFO] [1790583245.854103315] [uav2.mavros]: CON: Got HEARTBEAT, connected. FCU: PX4 Autopilot
[INFO] [1790583246.871041178] [uav2.mavros.sys]: VER: 2.1: Capabilities         0x000000000000e8ff
[INFO] [1790583246.871111476] [uav2.mavros.sys]: VER: 2.1: Flight software:     011200c0 (fca3df865a000000)
[INFO] [1790583246.871121932] [uav2.mavros.sys]: VER: 2.1: Middleware software: 011200c0 (fca3df865a000000)
[INFO] [1790583246.871127791] [uav2.mavros.sys]: VER: 2.1: OS software:         070000ff (17040b9f87cb1791)
[INFO] [1790583246.871133309] [uav2.mavros.sys]: VER: 2.1: Board hardware:      00000001
[INFO] [1790583246.871138868] [uav2.mavros.sys]: VER: 2.1: VID/PID:             0000:0000
[INFO] [1790583246.871145316] [uav2.mavros.sys]: VER: 2.1: UID:                 4954414c44494e50
[WARN] [1790583256.665109093] [uav2.mavros.sys]: FCU: UNK(8): EVENT 11047904 with args -0-0-0-0-0-128-0-0-0-176-122-127-128-176-122-127-128-0-0-0-0-0-0-0-0-0-0-0-0-0-0-0-0-0-0-0-0-0-0-0-
[INFO] [1790583256.665226848] [uav2.mavros.sys]: FCU: EVENT 377561 with args -8-0-0-0-20-0-0-0-0-0-0-0-0-0-0-0-0-0-0-0-0-0-0-0-0-0-0-0-0-0-0-0-0-0-0-0-0-0-0-0-
[WARN] [1790583256.665268698] [uav2.mavros.sys]: FCU: EVENT 453929 with args -255-255-255-255-7-0-0-0-0-0-0-0-0-0-0-0-0-0-0-0-0-0-0-0-0-0-0-0-0-0-0-0-0-0-0-0-0-0-0-0-
[INFO] [1790583256.665303945] [uav2.mavros.sys]: FCU: EVENT 6801787 with args -255-255-255-255-12-0-0-0-0-0-0-0-0-0-0-0-0-0-0-0-0-0-0-0-0-0-0-0-0-0-0-0-0-0-0-0-0-0-0-0-
[WARN] [1790583256.665336322] [uav2.mavros.sys]: FCU: UNK(8): EVENT 1914663 with args -0-10-13-2-56-0-0-0-0-0-0-0-0-0-0-0-0-0-0-0-0-0-0-0-0-0-0-0-0-0-0-0-0-0-0-0-0-0-0-0-
[WARN] [1790583257.432989346] [uav2.mavros.cmd]: CMD: Unexpected command 176, result 0
[INFO] [1790583258.464678941] [uav2.mavros.sys]: FCU: EVENT 9489139 with args -4-0-0-0-0-0-0-0-0-0-0-0-0-0-0-0-0-0-0-0-0-0-0-0-0-0-0-0-0-0-0-0-0-0-0-0-0-0-0-0-
[INFO] [1790583260.389105142] [uav2.mavros.sys]: FCU: EVENT 4277609 with args -0-0-0-0-0-0-0-0-0-0-0-0-0-0-0-0-0-0-0-0-0-0-0-0-0-0-0-0-0-0-0-0-0-0-0-0-0-0-0-0-
[WARN] [1790583514.570934927] [uav2.mavros.cmd]: CMD: Unexpected command 176, result 0
[INFO] [1790583547.419089318] [uav2.mavros.sys]: FCU: EVENT 9844908 with args -0-0-0-0-0-0-0-0-0-0-0-0-0-0-0-0-0-0-0-0-0-0-0-0-0-0-0-0-0-0-0-0-0-0-0-0-0-0-0-0-
[INFO] [1790583549.539789300] [uav2.mavros.sys]: FCU: EVENT 16017271 with args -6-0-0-0-0-0-0-0-0-0-0-0-0-0-0-0-0-0-0-0-0-0-0-0-0-0-0-0-0-0-0-0-0-0-0-0-0-0-0-0-
[WARN] [1790583553.710554835] [uav2.mavros.sys]: FCU: UNK(8): EVENT 11047904 with args -0-0-0-0-0-128-0-0-0-176-122-127-128-176-122-127-128-0-0-0-0-0-0-0-0-0-0-0-0-0-0-0-0-0-0-0-0-0-0-0-
[INFO] [1790583553.711076252] [uav2.mavros.sys]: FCU: EVENT 377561 with args -8-0-0-0-20-0-0-0-0-0-0-0-0-0-0-0-0-0-0-0-0-0-0-0-0-0-0-0-0-0-0-0-0-0-0-0-0-0-0-0-
[WARN] [1790583553.711826442] [uav2.mavros.sys]: FCU: EVENT 453929 with args -255-255-255-255-7-0-0-0-0-0-0-0-0-0-0-0-0-0-0-0-0-0-0-0-0-0-0-0-0-0-0-0-0-0-0-0-0-0-0-0-
[INFO] [1790583553.711957049] [uav2.mavros.sys]: FCU: EVENT 6801787 with args -255-255-255-255-12-0-0-0-0-0-0-0-0-0-0-0-0-0-0-0-0-0-0-0-0-0-0-0-0-0-0-0-0-0-0-0-0-0-0-0-
[WARN] [1790583553.712010412] [uav2.mavros.sys]: FCU: UNK(8): EVENT 1914663 with args -0-10-9-2-56-0-0-0-0-0-0-0-0-0-0-0-0-0-0-0-0-0-0-0-0-0-0-0-0-0-0-0-0-0-0-0-0-0-0-0-
[INFO] [1790583558.545089826] [rclcpp]: signal_handler(SIGINT/SIGTERM)
[WARN] [1790583558.548526029] [uav2.mavros]: UAS Executor terminated
