[INFO] [1790409632.221127391] [uav8.mavros_node]: Starting mavros_node container
[INFO] [1790409632.221334546] [uav8.mavros_node]: FCU URL: udp://:14547@127.0.0.1:14587
[INFO] [1790409632.221357169] [uav8.mavros_node]: GCS URL: 
[INFO] [1790409632.221362742] [uav8.mavros_node]: UAS Prefix: /uas8
[INFO] [1790409632.221367788] [uav8.mavros_node]: Starting mavros router node
[INFO] [1790409632.371946143] [uav8.mavros_router]: Built-in SIMD instructions: SSE, SSE2
[INFO] [1790409632.374157760] [uav8.mavros_router]: Built-in MAVLink package version: 2026.8.8
[INFO] [1790409632.374188261] [uav8.mavros_router]: Known MAVLink dialects: common ardupilotmega ASLUAV AVSSUAS all csAirLink cubepilot development icarous loweheiser marsh paparazzi standard stemstudios storm32 uAvionix ualberta
[INFO] [1790409632.374203476] [uav8.mavros_router]: MAVROS Router started
[INFO] [1790409632.376794959] [uav8.mavros_node]: Starting mavros uas node
[INFO] [1790409632.751584455] [uav8.mavros_router]: Requested to add endpoint: type: 0, url: udp://:14547@127.0.0.1:14587
[INFO] [1790409632.751661819] [uav8.mavros_router]: Endpoint link[1000] created
[INFO] [1790409632.751902352] [uav8.mavros_router]: link[1000] opened successfully
[INFO] [1790409632.751926096] [uav8.mavros_router]: Requested to add endpoint: type: 2, url: /uas8
[INFO] [1790409632.751941595] [uav8.mavros_router]: Endpoint link[1001] created
[INFO] [1790409632.752444277] [uav8.mavros]: Plugin actuator_control ignored
[INFO] [1790409632.752482140] [uav8.mavros]: Plugin altitude ignored
[INFO] [1790409632.756013764] [uav8.mavros]: UAS Executor started, threads: 4
[INFO] [1790409632.758838733] [uav8.mavros_router]: link[1000] detected remote address 8.1
[INFO] [1790409632.956573195] [uav8.mavros_router]: link[1001] opened successfully
[INFO] [1790409633.180051546] [uav8.mavros]: Plugin command created
[INFO] [1790409633.206712846] [uav8.mavros]: Plugin command initialized
[INFO] [1790409633.206770395] [uav8.mavros]: Plugin ftp ignored
[INFO] [1790409633.206779478] [uav8.mavros]: Plugin geofence ignored
[INFO] [1790409633.511570928] [uav8.mavros]: Plugin global_position created
[INFO] [1790409633.511641585] [uav8.mavros]: Plugin global_position initialized
[INFO] [1790409633.511682921] [uav8.mavros]: Plugin home_position ignored
[INFO] [1790409633.511689914] [uav8.mavros]: Plugin imu ignored
[INFO] [1790409633.531545193] [uav8.mavros]: Plugin local_position created
[INFO] [1790409633.531593666] [uav8.mavros]: Plugin local_position initialized
[INFO] [1790409633.531606093] [uav8.mavros]: Plugin manual_control ignored
[INFO] [1790409633.531612465] [uav8.mavros]: Plugin nav_controller_output ignored
[INFO] [1790409633.531618240] [uav8.mavros]: Plugin param ignored
[INFO] [1790409633.531624199] [uav8.mavros]: Plugin rallypoint ignored
[INFO] [1790409633.531629317] [uav8.mavros]: Plugin rc_io ignored
[INFO] [1790409633.531634810] [uav8.mavros]: Plugin setpoint_accel ignored
[INFO] [1790409633.531641001] [uav8.mavros]: Plugin setpoint_attitude ignored
[INFO] [1790409633.531646939] [uav8.mavros]: Plugin setpoint_position ignored
[INFO] [1790409633.531651933] [uav8.mavros]: Plugin setpoint_raw ignored
[INFO] [1790409633.531656853] [uav8.mavros]: Plugin setpoint_trajectory ignored
[INFO] [1790409633.687237903] [uav8.mavros]: Plugin setpoint_velocity created
[INFO] [1790409633.696401442] [uav8.mavros]: Plugin setpoint_velocity initialized
[INFO] [1790409633.838776590] [uav8.mavros]: Plugin sys_status created
[INFO] [1790409633.838886788] [uav8.mavros]: Plugin sys_status initialized
[INFO] [1790409633.897697478] [uav8.mavros.time]: TM: Timesync mode: MAVLINK
[INFO] [1790409633.933708075] [uav8.mavros]: Plugin sys_time created
[INFO] [1790409633.933769141] [uav8.mavros]: Plugin sys_time initialized
[INFO] [1790409633.941127505] [uav8.mavros]: Plugin waypoint ignored
[INFO] [1790409633.941137980] [uav8.mavros]: Plugin wind_estimation ignored
[INFO] [1790409633.977737397] [uav8.mavros]: Built-in SIMD instructions: SSE, SSE2
[INFO] [1790409633.977784507] [uav8.mavros]: Built-in MAVLink package version: 2026.8.8
[INFO] [1790409633.977814601] [uav8.mavros]: Known MAVLink dialects: common ardupilotmega ASLUAV AVSSUAS all csAirLink cubepilot development icarous loweheiser marsh paparazzi standard stemstudios storm32 uAvionix ualberta
[INFO] [1790409633.977823194] [uav8.mavros]: MAVROS UAS via /uas8 started. MY ID 8.191, TARGET ID 8.1
[INFO] [1790409634.015522778] [uav8.mavros_router]: link[1001] detected remote address 8.191
[INFO] [1790409634.641777960] [uav8.mavros]: CON: Got HEARTBEAT, connected. FCU: PX4 Autopilot
[INFO] [1790409635.667439834] [uav8.mavros.sys]: VER: 8.1: Capabilities         0x000000000000e8ff
[INFO] [1790409635.667511214] [uav8.mavros.sys]: VER: 8.1: Flight software:     011200c0 (fca3df865a000000)
[INFO] [1790409635.667519649] [uav8.mavros.sys]: VER: 8.1: Middleware software: 011200c0 (fca3df865a000000)
[INFO] [1790409635.667525617] [uav8.mavros.sys]: VER: 8.1: OS software:         070000ff (17040b9f87cb1791)
[INFO] [1790409635.667531604] [uav8.mavros.sys]: VER: 8.1: Board hardware:      00000001
[INFO] [1790409635.667537383] [uav8.mavros.sys]: VER: 8.1: VID/PID:             0000:0000
[INFO] [1790409635.667542978] [uav8.mavros.sys]: VER: 8.1: UID:                 4954414c44494e56
[WARN] [1790409635.667582400] [uav8.mavros.cmd]: CMD: Unexpected command 512, result 0
[WARN] [1790409645.235117307] [uav8.mavros.sys]: FCU: UNK(8): EVENT 11047904 with args -0-0-0-0-0-128-0-0-0-176-122-127-128-176-122-127-128-0-0-0-0-0-0-0-0-0-0-0-0-0-0-0-0-0-0-0-0-0-0-0-
[INFO] [1790409645.235255850] [uav8.mavros.sys]: FCU: EVENT 377561 with args -8-0-0-0-20-0-0-0-0-0-0-0-0-0-0-0-0-0-0-0-0-0-0-0-0-0-0-0-0-0-0-0-0-0-0-0-0-0-0-0-
[WARN] [1790409645.235302732] [uav8.mavros.sys]: FCU: EVENT 453929 with args -255-255-255-255-7-0-0-0-0-0-0-0-0-0-0-0-0-0-0-0-0-0-0-0-0-0-0-0-0-0-0-0-0-0-0-0-0-0-0-0-
[INFO] [1790409645.235349406] [uav8.mavros.sys]: FCU: EVENT 6801787 with args -255-255-255-255-12-0-0-0-0-0-0-0-0-0-0-0-0-0-0-0-0-0-0-0-0-0-0-0-0-0-0-0-0-0-0-0-0-0-0-0-
[WARN] [1790409645.235392272] [uav8.mavros.sys]: FCU: UNK(8): EVENT 1914663 with args -0-10-13-2-56-0-0-0-0-0-0-0-0-0-0-0-0-0-0-0-0-0-0-0-0-0-0-0-0-0-0-0-0-0-0-0-0-0-0-0-
[WARN] [1790409647.889440676] [uav8.mavros.cmd]: CMD: Unexpected command 176, result 0
[INFO] [1790409648.375033300] [uav8.mavros.sys]: FCU: EVENT 9489139 with args -4-0-0-0-0-0-0-0-0-0-0-0-0-0-0-0-0-0-0-0-0-0-0-0-0-0-0-0-0-0-0-0-0-0-0-0-0-0-0-0-
[INFO] [1790409650.419737350] [uav8.mavros.sys]: FCU: EVENT 4277609 with args -0-0-0-0-0-0-0-0-0-0-0-0-0-0-0-0-0-0-0-0-0-0-0-0-0-0-0-0-0-0-0-0-0-0-0-0-0-0-0-0-
[WARN] [1790409899.927952878] [uav8.mavros.cmd]: CMD: Unexpected command 176, result 0
[INFO] [1790409935.231213241] [uav8.mavros.sys]: FCU: EVENT 9844908 with args -0-0-0-0-0-0-0-0-0-0-0-0-0-0-0-0-0-0-0-0-0-0-0-0-0-0-0-0-0-0-0-0-0-0-0-0-0-0-0-0-
[INFO] [1790409937.339249704] [uav8.mavros.sys]: FCU: EVENT 16017271 with args -6-0-0-0-0-0-0-0-0-0-0-0-0-0-0-0-0-0-0-0-0-0-0-0-0-0-0-0-0-0-0-0-0-0-0-0-0-0-0-0-
[WARN] [1790409941.213522516] [uav8.mavros.sys]: FCU: UNK(8): EVENT 11047904 with args -0-0-0-0-0-128-0-0-0-176-122-127-128-176-122-127-128-0-0-0-0-0-0-0-0-0-0-0-0-0-0-0-0-0-0-0-0-0-0-0-
[INFO] [1790409941.214304254] [uav8.mavros.sys]: FCU: EVENT 377561 with args -8-0-0-0-20-0-0-0-0-0-0-0-0-0-0-0-0-0-0-0-0-0-0-0-0-0-0-0-0-0-0-0-0-0-0-0-0-0-0-0-
[WARN] [1790409941.214368932] [uav8.mavros.sys]: FCU: EVENT 453929 with args -255-255-255-255-7-0-0-0-0-0-0-0-0-0-0-0-0-0-0-0-0-0-0-0-0-0-0-0-0-0-0-0-0-0-0-0-0-0-0-0-
[INFO] [1790409941.214409495] [uav8.mavros.sys]: FCU: EVENT 6801787 with args -255-255-255-255-12-0-0-0-0-0-0-0-0-0-0-0-0-0-0-0-0-0-0-0-0-0-0-0-0-0-0-0-0-0-0-0-0-0-0-0-
[WARN] [1790409941.214448406] [uav8.mavros.sys]: FCU: UNK(8): EVENT 1914663 with args -0-10-9-2-56-0-0-0-0-0-0-0-0-0-0-0-0-0-0-0-0-0-0-0-0-0-0-0-0-0-0-0-0-0-0-0-0-0-0-0-
[INFO] [1790409943.340543789] [rclcpp]: signal_handler(SIGINT/SIGTERM)
[WARN] [1790409943.341315497] [uav8.mavros]: UAS Executor terminated
