[INFO] [1790609773.295832758] [uav8.mavros_node]: Starting mavros_node container
[INFO] [1790609773.297869427] [uav8.mavros_node]: FCU URL: udp://:14547@127.0.0.1:14587
[INFO] [1790609773.297896239] [uav8.mavros_node]: GCS URL: 
[INFO] [1790609773.297901053] [uav8.mavros_node]: UAS Prefix: /uas8
[INFO] [1790609773.297905249] [uav8.mavros_node]: Starting mavros router node
[INFO] [1790609773.320591915] [uav8.mavros_router]: Built-in SIMD instructions: SSE, SSE2
[INFO] [1790609773.320634426] [uav8.mavros_router]: Built-in MAVLink package version: 2026.8.8
[INFO] [1790609773.320642959] [uav8.mavros_router]: Known MAVLink dialects: common ardupilotmega ASLUAV AVSSUAS all csAirLink cubepilot development icarous loweheiser marsh paparazzi standard stemstudios storm32 uAvionix ualberta
[INFO] [1790609773.320649629] [uav8.mavros_router]: MAVROS Router started
[INFO] [1790609773.320793127] [uav8.mavros_node]: Starting mavros uas node
[INFO] [1790609773.365208777] [uav8.mavros_router]: Requested to add endpoint: type: 0, url: udp://:14547@127.0.0.1:14587
[INFO] [1790609773.365260968] [uav8.mavros_router]: Endpoint link[1000] created
[INFO] [1790609773.366135185] [uav8.mavros_router]: link[1000] opened successfully
[INFO] [1790609773.366165540] [uav8.mavros_router]: Requested to add endpoint: type: 2, url: /uas8
[INFO] [1790609773.366184408] [uav8.mavros_router]: Endpoint link[1001] created
[INFO] [1790609773.369793811] [uav8.mavros_router]: link[1000] detected remote address 8.1
[INFO] [1790609773.371801421] [uav8.mavros_router]: link[1001] opened successfully
[INFO] [1790609773.375304284] [uav8.mavros]: Plugin actuator_control ignored
[INFO] [1790609773.375351306] [uav8.mavros]: Plugin altitude ignored
[INFO] [1790609773.375309358] [uav8.mavros]: UAS Executor started, threads: 4
[INFO] [1790609773.416435221] [uav8.mavros]: Plugin command created
[INFO] [1790609773.416753103] [uav8.mavros]: Plugin command initialized
[INFO] [1790609773.416786186] [uav8.mavros]: Plugin ftp ignored
[INFO] [1790609773.416795740] [uav8.mavros]: Plugin geofence ignored
[INFO] [1790609773.456799502] [uav8.mavros]: Plugin global_position created
[INFO] [1790609773.456856541] [uav8.mavros]: Plugin global_position initialized
[INFO] [1790609773.456867126] [uav8.mavros]: Plugin home_position ignored
[INFO] [1790609773.456872942] [uav8.mavros]: Plugin imu ignored
[INFO] [1790609773.505497067] [uav8.mavros]: Plugin local_position created
[INFO] [1790609773.505553819] [uav8.mavros]: Plugin local_position initialized
[INFO] [1790609773.505564363] [uav8.mavros]: Plugin manual_control ignored
[INFO] [1790609773.505570939] [uav8.mavros]: Plugin nav_controller_output ignored
[INFO] [1790609773.505576637] [uav8.mavros]: Plugin param ignored
[INFO] [1790609773.505582361] [uav8.mavros]: Plugin rallypoint ignored
[INFO] [1790609773.505587863] [uav8.mavros]: Plugin rc_io ignored
[INFO] [1790609773.505593765] [uav8.mavros]: Plugin setpoint_accel ignored
[INFO] [1790609773.505599383] [uav8.mavros]: Plugin setpoint_attitude ignored
[INFO] [1790609773.505604832] [uav8.mavros]: Plugin setpoint_position ignored
[INFO] [1790609773.505617609] [uav8.mavros]: Plugin setpoint_raw ignored
[INFO] [1790609773.505625465] [uav8.mavros]: Plugin setpoint_trajectory ignored
[INFO] [1790609773.576235927] [uav8.mavros]: Plugin setpoint_velocity created
[INFO] [1790609773.576292617] [uav8.mavros]: Plugin setpoint_velocity initialized
[INFO] [1790609773.644728023] [uav8.mavros]: Plugin sys_status created
[INFO] [1790609773.644791235] [uav8.mavros]: Plugin sys_status initialized
[INFO] [1790609773.742303907] [uav8.mavros.time]: TM: Timesync mode: MAVLINK
[INFO] [1790609773.764857564] [uav8.mavros]: Plugin sys_time created
[INFO] [1790609773.764900558] [uav8.mavros]: Plugin sys_time initialized
[INFO] [1790609773.764908747] [uav8.mavros]: Plugin waypoint ignored
[INFO] [1790609773.764914391] [uav8.mavros]: Plugin wind_estimation ignored
[INFO] [1790609773.797904614] [uav8.mavros]: Built-in SIMD instructions: SSE, SSE2
[INFO] [1790609773.797940647] [uav8.mavros]: Built-in MAVLink package version: 2026.8.8
[INFO] [1790609773.797971000] [uav8.mavros]: Known MAVLink dialects: common ardupilotmega ASLUAV AVSSUAS all csAirLink cubepilot development icarous loweheiser marsh paparazzi standard stemstudios storm32 uAvionix ualberta
[INFO] [1790609773.797977870] [uav8.mavros]: MAVROS UAS via /uas8 started. MY ID 8.191, TARGET ID 8.1
[INFO] [1790609773.827379353] [uav8.mavros_router]: link[1001] detected remote address 8.191
[WARN] [1790609774.636733277] [uav8.mavros.sys]: FCU: UNK(8): EVENT 11047904 with args -0-0-0-16-0-128-0-0-0-176-58-127-128-176-58-127-128-0-0-0-0-0-0-0-0-0-0-0-0-0-0-0-0-0-0-0-0-0-0-0-
[ERROR] [1790609774.636846337] [uav8.mavros.sys]: FCU: EVENT 11464574 with args -0-64-0-0-20-0-0-0-0-0-0-0-0-0-0-0-0-0-0-0-0-0-0-0-0-0-0-0-0-0-0-0-0-0-0-0-0-0-0-0-
[INFO] [1790609774.636904484] [uav8.mavros.sys]: FCU: EVENT 377561 with args -8-0-0-0-20-0-0-0-0-0-0-0-0-0-0-0-0-0-0-0-0-0-0-0-0-0-0-0-0-0-0-0-0-0-0-0-0-0-0-0-
[WARN] [1790609774.636943898] [uav8.mavros.sys]: FCU: EVENT 453929 with args -255-255-255-255-7-0-0-0-0-0-0-0-0-0-0-0-0-0-0-0-0-0-0-0-0-0-0-0-0-0-0-0-0-0-0-0-0-0-0-0-
[INFO] [1790609774.636980211] [uav8.mavros.sys]: FCU: EVENT 6801787 with args -255-255-255-255-12-0-0-0-0-0-0-0-0-0-0-0-0-0-0-0-0-0-0-0-0-0-0-0-0-0-0-0-0-0-0-0-0-0-0-0-
[WARN] [1790609774.637016117] [uav8.mavros.sys]: FCU: UNK(8): EVENT 1914663 with args -0-10-13-2-56-0-0-0-0-0-0-0-0-0-0-0-0-0-0-0-0-0-0-0-0-0-0-0-0-0-0-0-0-0-0-0-0-0-0-0-
[INFO] [1790609774.679457915] [uav8.mavros.sys]: VER: 8.1: Capabilities         0x000000000000e8ff
[INFO] [1790609774.679499993] [uav8.mavros.sys]: VER: 8.1: Flight software:     011200c0 (fca3df865a000000)
[INFO] [1790609774.679508068] [uav8.mavros.sys]: VER: 8.1: Middleware software: 011200c0 (fca3df865a000000)
[INFO] [1790609774.679512466] [uav8.mavros.sys]: VER: 8.1: OS software:         070000ff (17040b9f87cb1791)
[INFO] [1790609774.679517276] [uav8.mavros.sys]: VER: 8.1: Board hardware:      00000001
[INFO] [1790609774.679521695] [uav8.mavros.sys]: VER: 8.1: VID/PID:             0000:0000
[INFO] [1790609774.679526236] [uav8.mavros.sys]: VER: 8.1: UID:                 4954414c44494e56
[WARN] [1790609774.680560257] [uav8.mavros.cmd]: CMD: Unexpected command 512, result 0
[INFO] [1790609774.711019623] [uav8.mavros]: CON: Got HEARTBEAT, connected. FCU: PX4 Autopilot
[INFO] [1790609775.738717141] [uav8.mavros.sys]: VER: 8.1: Capabilities         0x000000000000e8ff
[INFO] [1790609775.738761318] [uav8.mavros.sys]: VER: 8.1: Flight software:     011200c0 (fca3df865a000000)
[INFO] [1790609775.738768203] [uav8.mavros.sys]: VER: 8.1: Middleware software: 011200c0 (fca3df865a000000)
[INFO] [1790609775.738772978] [uav8.mavros.sys]: VER: 8.1: OS software:         070000ff (17040b9f87cb1791)
[INFO] [1790609775.738777601] [uav8.mavros.sys]: VER: 8.1: Board hardware:      00000001
[INFO] [1790609775.738782383] [uav8.mavros.sys]: VER: 8.1: VID/PID:             0000:0000
[INFO] [1790609775.738787160] [uav8.mavros.sys]: VER: 8.1: UID:                 4954414c44494e56
[WARN] [1790609785.585795053] [uav8.mavros.sys]: FCU: UNK(8): EVENT 11047904 with args -0-0-0-0-0-128-0-0-0-176-122-127-128-176-122-127-128-0-0-0-0-0-0-0-0-0-0-0-0-0-0-0-0-0-0-0-0-0-0-0-
[INFO] [1790609785.585879512] [uav8.mavros.sys]: FCU: EVENT 377561 with args -8-0-0-0-20-0-0-0-0-0-0-0-0-0-0-0-0-0-0-0-0-0-0-0-0-0-0-0-0-0-0-0-0-0-0-0-0-0-0-0-
[WARN] [1790609785.585925882] [uav8.mavros.sys]: FCU: EVENT 453929 with args -255-255-255-255-7-0-0-0-0-0-0-0-0-0-0-0-0-0-0-0-0-0-0-0-0-0-0-0-0-0-0-0-0-0-0-0-0-0-0-0-
[INFO] [1790609785.585958849] [uav8.mavros.sys]: FCU: EVENT 6801787 with args -255-255-255-255-12-0-0-0-0-0-0-0-0-0-0-0-0-0-0-0-0-0-0-0-0-0-0-0-0-0-0-0-0-0-0-0-0-0-0-0-
[WARN] [1790609785.585993393] [uav8.mavros.sys]: FCU: UNK(8): EVENT 1914663 with args -0-10-13-2-56-0-0-0-0-0-0-0-0-0-0-0-0-0-0-0-0-0-0-0-0-0-0-0-0-0-0-0-0-0-0-0-0-0-0-0-
[WARN] [1790609789.157796086] [uav8.mavros.cmd]: CMD: Unexpected command 176, result 0
[INFO] [1790609790.214144111] [uav8.mavros.sys]: FCU: EVENT 9489139 with args -4-0-0-0-0-0-0-0-0-0-0-0-0-0-0-0-0-0-0-0-0-0-0-0-0-0-0-0-0-0-0-0-0-0-0-0-0-0-0-0-
[INFO] [1790609792.201448923] [uav8.mavros.sys]: FCU: EVENT 4277609 with args -0-0-0-0-0-0-0-0-0-0-0-0-0-0-0-0-0-0-0-0-0-0-0-0-0-0-0-0-0-0-0-0-0-0-0-0-0-0-0-0-
[WARN] [1790610040.607842347] [uav8.mavros.cmd]: CMD: Unexpected command 176, result 0
[INFO] [1790610072.728298392] [uav8.mavros.sys]: FCU: EVENT 9844908 with args -0-0-0-0-0-0-0-0-0-0-0-0-0-0-0-0-0-0-0-0-0-0-0-0-0-0-0-0-0-0-0-0-0-0-0-0-0-0-0-0-
[INFO] [1790610074.837941107] [uav8.mavros.sys]: FCU: EVENT 16017271 with args -6-0-0-0-0-0-0-0-0-0-0-0-0-0-0-0-0-0-0-0-0-0-0-0-0-0-0-0-0-0-0-0-0-0-0-0-0-0-0-0-
[WARN] [1790610078.599409045] [uav8.mavros.sys]: FCU: UNK(8): EVENT 11047904 with args -0-0-0-0-0-128-0-0-0-176-122-127-128-176-122-127-128-0-0-0-0-0-0-0-0-0-0-0-0-0-0-0-0-0-0-0-0-0-0-0-
[INFO] [1790610078.599534845] [uav8.mavros.sys]: FCU: EVENT 377561 with args -8-0-0-0-20-0-0-0-0-0-0-0-0-0-0-0-0-0-0-0-0-0-0-0-0-0-0-0-0-0-0-0-0-0-0-0-0-0-0-0-
[WARN] [1790610078.599582771] [uav8.mavros.sys]: FCU: EVENT 453929 with args -255-255-255-255-7-0-0-0-0-0-0-0-0-0-0-0-0-0-0-0-0-0-0-0-0-0-0-0-0-0-0-0-0-0-0-0-0-0-0-0-
[INFO] [1790610078.599639363] [uav8.mavros.sys]: FCU: EVENT 6801787 with args -255-255-255-255-12-0-0-0-0-0-0-0-0-0-0-0-0-0-0-0-0-0-0-0-0-0-0-0-0-0-0-0-0-0-0-0-0-0-0-0-
[WARN] [1790610078.599690863] [uav8.mavros.sys]: FCU: UNK(8): EVENT 1914663 with args -0-10-9-2-56-0-0-0-0-0-0-0-0-0-0-0-0-0-0-0-0-0-0-0-0-0-0-0-0-0-0-0-0-0-0-0-0-0-0-0-
[INFO] [1790610082.147052448] [rclcpp]: signal_handler(SIGINT/SIGTERM)
[WARN] [1790610082.147837280] [uav8.mavros]: UAS Executor terminated
