[INFO] [1790609773.294711615] [uav4.mavros_node]: Starting mavros_node container
[INFO] [1790609773.295315326] [uav4.mavros_node]: FCU URL: udp://:14543@127.0.0.1:14583
[INFO] [1790609773.295331613] [uav4.mavros_node]: GCS URL: 
[INFO] [1790609773.295336912] [uav4.mavros_node]: UAS Prefix: /uas4
[INFO] [1790609773.295341938] [uav4.mavros_node]: Starting mavros router node
[INFO] [1790609773.314772285] [uav4.mavros_router]: Built-in SIMD instructions: SSE, SSE2
[INFO] [1790609773.314806429] [uav4.mavros_router]: Built-in MAVLink package version: 2026.8.8
[INFO] [1790609773.314814660] [uav4.mavros_router]: Known MAVLink dialects: common ardupilotmega ASLUAV AVSSUAS all csAirLink cubepilot development icarous loweheiser marsh paparazzi standard stemstudios storm32 uAvionix ualberta
[INFO] [1790609773.314820821] [uav4.mavros_router]: MAVROS Router started
[INFO] [1790609773.314993805] [uav4.mavros_node]: Starting mavros uas node
[INFO] [1790609773.362901075] [uav4.mavros_router]: Requested to add endpoint: type: 0, url: udp://:14543@127.0.0.1:14583
[INFO] [1790609773.363071341] [uav4.mavros_router]: Endpoint link[1000] created
[INFO] [1790609773.363381276] [uav4.mavros_router]: link[1000] opened successfully
[INFO] [1790609773.363398820] [uav4.mavros_router]: Requested to add endpoint: type: 2, url: /uas4
[INFO] [1790609773.363412907] [uav4.mavros_router]: Endpoint link[1001] created
[INFO] [1790609773.366081360] [uav4.mavros_router]: link[1000] detected remote address 4.1
[INFO] [1790609773.369626665] [uav4.mavros_router]: link[1001] opened successfully
[INFO] [1790609773.372944537] [uav4.mavros]: UAS Executor started, threads: 4
[INFO] [1790609773.372960212] [uav4.mavros]: Plugin actuator_control ignored
[INFO] [1790609773.373024412] [uav4.mavros]: Plugin altitude ignored
[INFO] [1790609773.417473341] [uav4.mavros]: Plugin command created
[INFO] [1790609773.417525812] [uav4.mavros]: Plugin command initialized
[INFO] [1790609773.417538860] [uav4.mavros]: Plugin ftp ignored
[INFO] [1790609773.417544379] [uav4.mavros]: Plugin geofence ignored
[INFO] [1790609773.473404991] [uav4.mavros]: Plugin global_position created
[INFO] [1790609773.473466905] [uav4.mavros]: Plugin global_position initialized
[INFO] [1790609773.473478503] [uav4.mavros]: Plugin home_position ignored
[INFO] [1790609773.473484456] [uav4.mavros]: Plugin imu ignored
[INFO] [1790609773.511110961] [uav4.mavros]: Plugin local_position created
[INFO] [1790609773.511150030] [uav4.mavros]: Plugin local_position initialized
[INFO] [1790609773.511158837] [uav4.mavros]: Plugin manual_control ignored
[INFO] [1790609773.511163819] [uav4.mavros]: Plugin nav_controller_output ignored
[INFO] [1790609773.511168665] [uav4.mavros]: Plugin param ignored
[INFO] [1790609773.511173863] [uav4.mavros]: Plugin rallypoint ignored
[INFO] [1790609773.511178808] [uav4.mavros]: Plugin rc_io ignored
[INFO] [1790609773.511184334] [uav4.mavros]: Plugin setpoint_accel ignored
[INFO] [1790609773.511189135] [uav4.mavros]: Plugin setpoint_attitude ignored
[INFO] [1790609773.511194464] [uav4.mavros]: Plugin setpoint_position ignored
[INFO] [1790609773.511198959] [uav4.mavros]: Plugin setpoint_raw ignored
[INFO] [1790609773.511204015] [uav4.mavros]: Plugin setpoint_trajectory ignored
[INFO] [1790609773.537788825] [uav4.mavros]: Plugin setpoint_velocity created
[INFO] [1790609773.537847900] [uav4.mavros]: Plugin setpoint_velocity initialized
[INFO] [1790609773.608175835] [uav4.mavros]: Plugin sys_status created
[INFO] [1790609773.608248359] [uav4.mavros]: Plugin sys_status initialized
[INFO] [1790609773.639792163] [uav4.mavros.time]: TM: Timesync mode: MAVLINK
[INFO] [1790609773.650520987] [uav4.mavros]: Plugin sys_time created
[INFO] [1790609773.650581955] [uav4.mavros]: Plugin sys_time initialized
[INFO] [1790609773.650592513] [uav4.mavros]: Plugin waypoint ignored
[INFO] [1790609773.650598171] [uav4.mavros]: Plugin wind_estimation ignored
[INFO] [1790609773.666144537] [uav4.mavros]: Built-in SIMD instructions: SSE, SSE2
[INFO] [1790609773.666185083] [uav4.mavros]: Built-in MAVLink package version: 2026.8.8
[INFO] [1790609773.666216506] [uav4.mavros]: Known MAVLink dialects: common ardupilotmega ASLUAV AVSSUAS all csAirLink cubepilot development icarous loweheiser marsh paparazzi standard stemstudios storm32 uAvionix ualberta
[INFO] [1790609773.666224383] [uav4.mavros]: MAVROS UAS via /uas4 started. MY ID 4.191, TARGET ID 4.1
[INFO] [1790609773.716122802] [uav4.mavros_router]: link[1001] detected remote address 4.191
[INFO] [1790609774.598475295] [uav4.mavros]: CON: Got HEARTBEAT, connected. FCU: PX4 Autopilot
[INFO] [1790609775.646899133] [uav4.mavros.sys]: VER: 4.1: Capabilities         0x000000000000e8ff
[INFO] [1790609775.646947548] [uav4.mavros.sys]: VER: 4.1: Flight software:     011200c0 (fca3df865a000000)
[INFO] [1790609775.646957044] [uav4.mavros.sys]: VER: 4.1: Middleware software: 011200c0 (fca3df865a000000)
[INFO] [1790609775.646962787] [uav4.mavros.sys]: VER: 4.1: OS software:         070000ff (17040b9f87cb1791)
[INFO] [1790609775.646968426] [uav4.mavros.sys]: VER: 4.1: Board hardware:      00000001
[INFO] [1790609775.646974116] [uav4.mavros.sys]: VER: 4.1: VID/PID:             0000:0000
[INFO] [1790609775.646979582] [uav4.mavros.sys]: VER: 4.1: UID:                 4954414c44494e52
[WARN] [1790609775.648634604] [uav4.mavros.cmd]: CMD: Unexpected command 512, result 0
[WARN] [1790609784.120793309] [uav4.mavros.sys]: FCU: UNK(8): EVENT 11047904 with args -0-0-0-0-0-128-0-0-0-176-122-127-128-176-122-127-128-0-0-0-0-0-0-0-0-0-0-0-0-0-0-0-0-0-0-0-0-0-0-0-
[INFO] [1790609784.122218108] [uav4.mavros.sys]: FCU: EVENT 377561 with args -8-0-0-0-20-0-0-0-0-0-0-0-0-0-0-0-0-0-0-0-0-0-0-0-0-0-0-0-0-0-0-0-0-0-0-0-0-0-0-0-
[WARN] [1790609784.122320687] [uav4.mavros.sys]: FCU: EVENT 453929 with args -255-255-255-255-7-0-0-0-0-0-0-0-0-0-0-0-0-0-0-0-0-0-0-0-0-0-0-0-0-0-0-0-0-0-0-0-0-0-0-0-
[INFO] [1790609784.122382450] [uav4.mavros.sys]: FCU: EVENT 6801787 with args -255-255-255-255-12-0-0-0-0-0-0-0-0-0-0-0-0-0-0-0-0-0-0-0-0-0-0-0-0-0-0-0-0-0-0-0-0-0-0-0-
[WARN] [1790609784.122421209] [uav4.mavros.sys]: FCU: UNK(8): EVENT 1914663 with args -0-10-13-2-56-0-0-0-0-0-0-0-0-0-0-0-0-0-0-0-0-0-0-0-0-0-0-0-0-0-0-0-0-0-0-0-0-0-0-0-
[WARN] [1790609789.389838797] [uav4.mavros.cmd]: CMD: Unexpected command 176, result 0
[INFO] [1790609790.248929168] [uav4.mavros.sys]: FCU: EVENT 9489139 with args -4-0-0-0-0-0-0-0-0-0-0-0-0-0-0-0-0-0-0-0-0-0-0-0-0-0-0-0-0-0-0-0-0-0-0-0-0-0-0-0-
[INFO] [1790609792.211744283] [uav4.mavros.sys]: FCU: EVENT 4277609 with args -0-0-0-0-0-0-0-0-0-0-0-0-0-0-0-0-0-0-0-0-0-0-0-0-0-0-0-0-0-0-0-0-0-0-0-0-0-0-0-0-
[WARN] [1790610040.149478265] [uav4.mavros.cmd]: CMD: Unexpected command 176, result 0
[INFO] [1790610077.536433071] [uav4.mavros.sys]: FCU: EVENT 9844908 with args -0-0-0-0-0-0-0-0-0-0-0-0-0-0-0-0-0-0-0-0-0-0-0-0-0-0-0-0-0-0-0-0-0-0-0-0-0-0-0-0-
[INFO] [1790610079.625070974] [uav4.mavros.sys]: FCU: EVENT 16017271 with args -6-0-0-0-0-0-0-0-0-0-0-0-0-0-0-0-0-0-0-0-0-0-0-0-0-0-0-0-0-0-0-0-0-0-0-0-0-0-0-0-
[INFO] [1790610082.139401708] [rclcpp]: signal_handler(SIGINT/SIGTERM)
[WARN] [1790610082.146819380] [uav4.mavros]: UAS Executor terminated
