[INFO] [1790605869.039437084] [uav9.mavros_node]: Starting mavros_node container
[INFO] [1790605869.040449266] [uav9.mavros_node]: FCU URL: udp://:14548@127.0.0.1:14588
[INFO] [1790605869.040469660] [uav9.mavros_node]: GCS URL: 
[INFO] [1790605869.040474615] [uav9.mavros_node]: UAS Prefix: /uas9
[INFO] [1790605869.040479089] [uav9.mavros_node]: Starting mavros router node
[INFO] [1790605869.074725067] [uav9.mavros_router]: Built-in SIMD instructions: SSE, SSE2
[INFO] [1790605869.109667583] [uav9.mavros_router]: Built-in MAVLink package version: 2026.8.8
[INFO] [1790605869.109679654] [uav9.mavros_router]: Known MAVLink dialects: common ardupilotmega ASLUAV AVSSUAS all csAirLink cubepilot development icarous loweheiser marsh paparazzi standard stemstudios storm32 uAvionix ualberta
[INFO] [1790605869.109685881] [uav9.mavros_router]: MAVROS Router started
[INFO] [1790605869.109834681] [uav9.mavros_node]: Starting mavros uas node
[INFO] [1790605869.147134537] [uav9.mavros_router]: Requested to add endpoint: type: 0, url: udp://:14548@127.0.0.1:14588
[INFO] [1790605869.147218817] [uav9.mavros_router]: Endpoint link[1000] created
[INFO] [1790605869.147472011] [uav9.mavros_router]: link[1000] opened successfully
[INFO] [1790605869.147485972] [uav9.mavros_router]: Requested to add endpoint: type: 2, url: /uas9
[INFO] [1790605869.147498690] [uav9.mavros_router]: Endpoint link[1001] created
[INFO] [1790605869.151427766] [uav9.mavros_router]: link[1001] opened successfully
[INFO] [1790605869.151441957] [uav9.mavros_router]: link[1000] detected remote address 9.1
[INFO] [1790605869.157243347] [uav9.mavros]: Plugin actuator_control ignored
[INFO] [1790605869.157333564] [uav9.mavros]: UAS Executor started, threads: 4
[INFO] [1790605869.157685995] [uav9.mavros]: Plugin altitude ignored
[INFO] [1790605869.181779475] [uav9.mavros]: Plugin command created
[INFO] [1790605869.233738421] [uav9.mavros]: Plugin command initialized
[INFO] [1790605869.233759113] [uav9.mavros]: Plugin ftp ignored
[INFO] [1790605869.233764450] [uav9.mavros]: Plugin geofence ignored
[INFO] [1790605869.273140747] [uav9.mavros]: Plugin global_position created
[INFO] [1790605869.274269475] [uav9.mavros]: Plugin global_position initialized
[INFO] [1790605869.274285592] [uav9.mavros]: Plugin home_position ignored
[INFO] [1790605869.274291145] [uav9.mavros]: Plugin imu ignored
[INFO] [1790605869.296415707] [uav9.mavros]: Plugin local_position created
[INFO] [1790605869.297789588] [uav9.mavros]: Plugin local_position initialized
[INFO] [1790605869.297807418] [uav9.mavros]: Plugin manual_control ignored
[INFO] [1790605869.297813247] [uav9.mavros]: Plugin nav_controller_output ignored
[INFO] [1790605869.297818692] [uav9.mavros]: Plugin param ignored
[INFO] [1790605869.298063199] [uav9.mavros]: Plugin rallypoint ignored
[INFO] [1790605869.298083269] [uav9.mavros]: Plugin rc_io ignored
[INFO] [1790605869.298088803] [uav9.mavros]: Plugin setpoint_accel ignored
[INFO] [1790605869.298094239] [uav9.mavros]: Plugin setpoint_attitude ignored
[INFO] [1790605869.298099476] [uav9.mavros]: Plugin setpoint_position ignored
[INFO] [1790605869.298104831] [uav9.mavros]: Plugin setpoint_raw ignored
[INFO] [1790605869.298109851] [uav9.mavros]: Plugin setpoint_trajectory ignored
[INFO] [1790605869.319326215] [uav9.mavros]: Plugin setpoint_velocity created
[INFO] [1790605869.319379582] [uav9.mavros]: Plugin setpoint_velocity initialized
[INFO] [1790605869.346324737] [uav9.mavros]: Plugin sys_status created
[INFO] [1790605869.357749420] [uav9.mavros]: Plugin sys_status initialized
[INFO] [1790605869.367030204] [uav9.mavros.time]: TM: Timesync mode: MAVLINK
[INFO] [1790605869.368649133] [uav9.mavros]: Plugin sys_time created
[INFO] [1790605869.368700292] [uav9.mavros]: Plugin sys_time initialized
[INFO] [1790605869.368709350] [uav9.mavros]: Plugin waypoint ignored
[INFO] [1790605869.368714888] [uav9.mavros]: Plugin wind_estimation ignored
[INFO] [1790605869.370228549] [uav9.mavros]: Built-in SIMD instructions: SSE, SSE2
[INFO] [1790605869.370575348] [uav9.mavros]: Built-in MAVLink package version: 2026.8.8
[INFO] [1790605869.370623830] [uav9.mavros]: Known MAVLink dialects: common ardupilotmega ASLUAV AVSSUAS all csAirLink cubepilot development icarous loweheiser marsh paparazzi standard stemstudios storm32 uAvionix ualberta
[INFO] [1790605869.370632326] [uav9.mavros]: MAVROS UAS via /uas9 started. MY ID 9.191, TARGET ID 9.1
[INFO] [1790605869.477531898] [uav9.mavros_router]: link[1001] detected remote address 9.191
[WARN] [1790605869.492576635] [uav9.mavros.sys]: FCU: UNK(8): EVENT 11047904 with args -0-0-0-18-1-128-0-0-0-0-58-1-128-0-58-1-128-0-0-0-0-0-0-0-0-0-0-0-0-0-0-0-0-0-0-0-0-0-0-0-
[ERROR] [1790605869.492686283] [uav9.mavros.sys]: FCU: EVENT 13426421 with args -252-0-126-0-17-0-0-0-0-0-0-0-0-0-0-0-0-0-0-0-0-0-0-0-0-0-0-0-0-0-0-0-0-0-0-0-0-0-0-0-
[ERROR] [1790605869.492745124] [uav9.mavros.sys]: FCU: EVENT 11464574 with args -0-64-0-0-20-0-0-0-0-0-0-0-0-0-0-0-0-0-0-0-0-0-0-0-0-0-0-0-0-0-0-0-0-0-0-0-0-0-0-0-
[ERROR] [1790605869.492779762] [uav9.mavros.sys]: FCU: EVENT 13835193 with args -252-0-126-0-17-0-0-0-0-0-0-0-0-0-0-0-0-0-0-0-0-0-0-0-0-0-0-0-0-0-0-0-0-0-0-0-0-0-0-0-
[ERROR] [1790605869.492812921] [uav9.mavros.sys]: FCU: EVENT 10011251 with args -56-0-0-0-24-0-0-0-0-0-0-0-0-0-0-0-0-0-0-0-0-0-0-0-0-0-0-0-0-0-0-0-0-0-0-0-0-0-0-0-
[INFO] [1790605869.492843482] [uav9.mavros.sys]: FCU: EVENT 377561 with args -8-0-0-0-20-0-0-0-0-0-0-0-0-0-0-0-0-0-0-0-0-0-0-0-0-0-0-0-0-0-0-0-0-0-0-0-0-0-0-0-
[WARN] [1790605869.492874526] [uav9.mavros.sys]: FCU: EVENT 453929 with args -255-255-255-255-7-0-0-0-0-0-0-0-0-0-0-0-0-0-0-0-0-0-0-0-0-0-0-0-0-0-0-0-0-0-0-0-0-0-0-0-
[INFO] [1790605869.492908897] [uav9.mavros.sys]: FCU: EVENT 6801787 with args -255-255-255-255-12-0-0-0-0-0-0-0-0-0-0-0-0-0-0-0-0-0-0-0-0-0-0-0-0-0-0-0-0-0-0-0-0-0-0-0-
[WARN] [1790605869.493218650] [uav9.mavros.sys]: FCU: UNK(8): EVENT 1914663 with args -0-2-13-2-56-0-0-0-0-0-0-0-0-0-0-0-0-0-0-0-0-0-0-0-0-0-0-0-0-0-0-0-0-0-0-0-0-0-0-0-
[INFO] [1790605869.588761745] [uav9.mavros]: CON: Got HEARTBEAT, connected. FCU: PX4 Autopilot
[INFO] [1790605870.668402464] [uav9.mavros.sys]: VER: 9.1: Capabilities         0x000000000000e8ff
[INFO] [1790605870.668446825] [uav9.mavros.sys]: VER: 9.1: Flight software:     011200c0 (fca3df865a000000)
[INFO] [1790605870.668453894] [uav9.mavros.sys]: VER: 9.1: Middleware software: 011200c0 (fca3df865a000000)
[INFO] [1790605870.668458741] [uav9.mavros.sys]: VER: 9.1: OS software:         070000ff (17040b9f87cb1791)
[INFO] [1790605870.668464191] [uav9.mavros.sys]: VER: 9.1: Board hardware:      00000001
[INFO] [1790605870.668469213] [uav9.mavros.sys]: VER: 9.1: VID/PID:             0000:0000
[INFO] [1790605870.668474318] [uav9.mavros.sys]: VER: 9.1: UID:                 4954414c44494e57
[WARN] [1790605870.668544266] [uav9.mavros.cmd]: CMD: Unexpected command 512, result 0
[WARN] [1790605871.748567289] [uav9.mavros.sys]: FCU: UNK(8): EVENT 11047904 with args -0-0-0-16-0-128-0-0-0-176-58-127-128-176-58-127-128-0-0-0-0-0-0-0-0-0-0-0-0-0-0-0-0-0-0-0-0-0-0-0-
[ERROR] [1790605871.748656413] [uav9.mavros.sys]: FCU: EVENT 11464574 with args -0-64-0-0-20-0-0-0-0-0-0-0-0-0-0-0-0-0-0-0-0-0-0-0-0-0-0-0-0-0-0-0-0-0-0-0-0-0-0-0-
[INFO] [1790605871.748700102] [uav9.mavros.sys]: FCU: EVENT 377561 with args -8-0-0-0-20-0-0-0-0-0-0-0-0-0-0-0-0-0-0-0-0-0-0-0-0-0-0-0-0-0-0-0-0-0-0-0-0-0-0-0-
[WARN] [1790605871.748735087] [uav9.mavros.sys]: FCU: EVENT 453929 with args -255-255-255-255-7-0-0-0-0-0-0-0-0-0-0-0-0-0-0-0-0-0-0-0-0-0-0-0-0-0-0-0-0-0-0-0-0-0-0-0-
[INFO] [1790605871.748769046] [uav9.mavros.sys]: FCU: EVENT 6801787 with args -255-255-255-255-12-0-0-0-0-0-0-0-0-0-0-0-0-0-0-0-0-0-0-0-0-0-0-0-0-0-0-0-0-0-0-0-0-0-0-0-
[WARN] [1790605871.748803350] [uav9.mavros.sys]: FCU: UNK(8): EVENT 1914663 with args -0-10-13-2-56-0-0-0-0-0-0-0-0-0-0-0-0-0-0-0-0-0-0-0-0-0-0-0-0-0-0-0-0-0-0-0-0-0-0-0-
[WARN] [1790605880.119547460] [uav9.mavros.sys]: FCU: UNK(8): EVENT 11047904 with args -0-0-0-0-0-128-0-0-0-176-122-127-128-176-122-127-128-0-0-0-0-0-0-0-0-0-0-0-0-0-0-0-0-0-0-0-0-0-0-0-
[INFO] [1790605880.119735149] [uav9.mavros.sys]: FCU: EVENT 377561 with args -8-0-0-0-20-0-0-0-0-0-0-0-0-0-0-0-0-0-0-0-0-0-0-0-0-0-0-0-0-0-0-0-0-0-0-0-0-0-0-0-
[WARN] [1790605880.120170251] [uav9.mavros.sys]: FCU: EVENT 453929 with args -255-255-255-255-7-0-0-0-0-0-0-0-0-0-0-0-0-0-0-0-0-0-0-0-0-0-0-0-0-0-0-0-0-0-0-0-0-0-0-0-
[INFO] [1790605880.121000230] [uav9.mavros.sys]: FCU: EVENT 6801787 with args -255-255-255-255-12-0-0-0-0-0-0-0-0-0-0-0-0-0-0-0-0-0-0-0-0-0-0-0-0-0-0-0-0-0-0-0-0-0-0-0-
[WARN] [1790605880.121418805] [uav9.mavros.sys]: FCU: UNK(8): EVENT 1914663 with args -0-10-13-2-56-0-0-0-0-0-0-0-0-0-0-0-0-0-0-0-0-0-0-0-0-0-0-0-0-0-0-0-0-0-0-0-0-0-0-0-
[WARN] [1790605883.511452989] [uav9.mavros.cmd]: CMD: Unexpected command 176, result 0
[INFO] [1790605883.868567733] [uav9.mavros.sys]: FCU: EVENT 9489139 with args -4-0-0-0-0-0-0-0-0-0-0-0-0-0-0-0-0-0-0-0-0-0-0-0-0-0-0-0-0-0-0-0-0-0-0-0-0-0-0-0-
[INFO] [1790605885.712563993] [uav9.mavros.sys]: FCU: EVENT 4277609 with args -0-0-0-0-0-0-0-0-0-0-0-0-0-0-0-0-0-0-0-0-0-0-0-0-0-0-0-0-0-0-0-0-0-0-0-0-0-0-0-0-
[WARN] [1790606133.465281589] [uav9.mavros.cmd]: CMD: Unexpected command 176, result 0
[INFO] [1790606164.855017717] [uav9.mavros.sys]: FCU: EVENT 9844908 with args -0-0-0-0-0-0-0-0-0-0-0-0-0-0-0-0-0-0-0-0-0-0-0-0-0-0-0-0-0-0-0-0-0-0-0-0-0-0-0-0-
[INFO] [1790606166.936803738] [uav9.mavros.sys]: FCU: EVENT 16017271 with args -6-0-0-0-0-0-0-0-0-0-0-0-0-0-0-0-0-0-0-0-0-0-0-0-0-0-0-0-0-0-0-0-0-0-0-0-0-0-0-0-
[WARN] [1790606170.792261350] [uav9.mavros.sys]: FCU: UNK(8): EVENT 11047904 with args -0-0-0-0-0-128-0-0-0-176-122-127-128-176-122-127-128-0-0-0-0-0-0-0-0-0-0-0-0-0-0-0-0-0-0-0-0-0-0-0-
[INFO] [1790606170.792505769] [uav9.mavros.sys]: FCU: EVENT 377561 with args -8-0-0-0-20-0-0-0-0-0-0-0-0-0-0-0-0-0-0-0-0-0-0-0-0-0-0-0-0-0-0-0-0-0-0-0-0-0-0-0-
[WARN] [1790606170.792659643] [uav9.mavros.sys]: FCU: EVENT 453929 with args -255-255-255-255-7-0-0-0-0-0-0-0-0-0-0-0-0-0-0-0-0-0-0-0-0-0-0-0-0-0-0-0-0-0-0-0-0-0-0-0-
[INFO] [1790606170.792690722] [uav9.mavros.sys]: FCU: EVENT 6801787 with args -255-255-255-255-12-0-0-0-0-0-0-0-0-0-0-0-0-0-0-0-0-0-0-0-0-0-0-0-0-0-0-0-0-0-0-0-0-0-0-0-
[WARN] [1790606170.792770078] [uav9.mavros.sys]: FCU: UNK(8): EVENT 1914663 with args -0-10-9-2-56-0-0-0-0-0-0-0-0-0-0-0-0-0-0-0-0-0-0-0-0-0-0-0-0-0-0-0-0-0-0-0-0-0-0-0-
[INFO] [1790606176.692998212] [rclcpp]: signal_handler(SIGINT/SIGTERM)
[WARN] [1790606176.698120464] [uav9.mavros]: UAS Executor terminated
