[INFO] [1790411192.300280271] [uav1.mavros_node]: Starting mavros_node container
[INFO] [1790411192.302069324] [uav1.mavros_node]: FCU URL: udp://:14540@127.0.0.1:14580
[INFO] [1790411192.302108477] [uav1.mavros_node]: GCS URL: 
[INFO] [1790411192.302115525] [uav1.mavros_node]: UAS Prefix: /uas1
[INFO] [1790411192.302120499] [uav1.mavros_node]: Starting mavros router node
[INFO] [1790411192.425478026] [uav1.mavros_router]: Built-in SIMD instructions: SSE, SSE2
[INFO] [1790411192.425537776] [uav1.mavros_router]: Built-in MAVLink package version: 2026.8.8
[INFO] [1790411192.425549011] [uav1.mavros_router]: Known MAVLink dialects: common ardupilotmega ASLUAV AVSSUAS all csAirLink cubepilot development icarous loweheiser marsh paparazzi standard stemstudios storm32 uAvionix ualberta
[INFO] [1790411192.425558576] [uav1.mavros_router]: MAVROS Router started
[INFO] [1790411192.426957257] [uav1.mavros_node]: Starting mavros uas node
[INFO] [1790411192.584576260] [uav1.mavros_router]: Requested to add endpoint: type: 0, url: udp://:14540@127.0.0.1:14580
[INFO] [1790411192.584646968] [uav1.mavros_router]: Endpoint link[1000] created
[INFO] [1790411192.584902061] [uav1.mavros_router]: link[1000] opened successfully
[INFO] [1790411192.584921855] [uav1.mavros_router]: Requested to add endpoint: type: 2, url: /uas1
[INFO] [1790411192.584936351] [uav1.mavros_router]: Endpoint link[1001] created
[INFO] [1790411192.587162768] [uav1.mavros_router]: link[1000] detected remote address 1.1
[INFO] [1790411192.608906744] [uav1.mavros]: Plugin actuator_control ignored
[INFO] [1790411192.608964715] [uav1.mavros]: Plugin altitude ignored
[INFO] [1790411192.609338996] [uav1.mavros]: UAS Executor started, threads: 4
[INFO] [1790411192.678625961] [uav1.mavros_router]: link[1001] opened successfully
[INFO] [1790411192.901414360] [uav1.mavros]: Plugin command created
[INFO] [1790411192.902158016] [uav1.mavros]: Plugin command initialized
[INFO] [1790411192.903612416] [uav1.mavros]: Plugin ftp ignored
[INFO] [1790411192.903754312] [uav1.mavros]: Plugin geofence ignored
[INFO] [1790411193.295457385] [uav1.mavros]: Plugin global_position created
[INFO] [1790411193.295725461] [uav1.mavros]: Plugin global_position initialized
[INFO] [1790411193.295739434] [uav1.mavros]: Plugin home_position ignored
[INFO] [1790411193.295746688] [uav1.mavros]: Plugin imu ignored
[INFO] [1790411193.533290870] [uav1.mavros]: Plugin local_position created
[INFO] [1790411193.533360212] [uav1.mavros]: Plugin local_position initialized
[INFO] [1790411193.533372856] [uav1.mavros]: Plugin manual_control ignored
[INFO] [1790411193.533379314] [uav1.mavros]: Plugin nav_controller_output ignored
[INFO] [1790411193.533385237] [uav1.mavros]: Plugin param ignored
[INFO] [1790411193.533390900] [uav1.mavros]: Plugin rallypoint ignored
[INFO] [1790411193.533395922] [uav1.mavros]: Plugin rc_io ignored
[INFO] [1790411193.533775171] [uav1.mavros]: Plugin setpoint_accel ignored
[INFO] [1790411193.533784656] [uav1.mavros]: Plugin setpoint_attitude ignored
[INFO] [1790411193.533791244] [uav1.mavros]: Plugin setpoint_position ignored
[INFO] [1790411193.533801258] [uav1.mavros]: Plugin setpoint_raw ignored
[INFO] [1790411193.533807374] [uav1.mavros]: Plugin setpoint_trajectory ignored
[INFO] [1790411193.680725708] [uav1.mavros]: Plugin setpoint_velocity created
[INFO] [1790411193.680781747] [uav1.mavros]: Plugin setpoint_velocity initialized
[INFO] [1790411194.027919956] [uav1.mavros]: Plugin sys_status created
[INFO] [1790411194.028002220] [uav1.mavros]: Plugin sys_status initialized
[INFO] [1790411194.143747766] [uav1.mavros.time]: TM: Timesync mode: MAVLINK
[INFO] [1790411194.158881343] [uav1.mavros]: Plugin sys_time created
[INFO] [1790411194.158957119] [uav1.mavros]: Plugin sys_time initialized
[INFO] [1790411194.158968620] [uav1.mavros]: Plugin waypoint ignored
[INFO] [1790411194.158974761] [uav1.mavros]: Plugin wind_estimation ignored
[INFO] [1790411194.198559023] [uav1.mavros]: Built-in SIMD instructions: SSE, SSE2
[INFO] [1790411194.198606349] [uav1.mavros]: Built-in MAVLink package version: 2026.8.8
[INFO] [1790411194.198642395] [uav1.mavros]: Known MAVLink dialects: common ardupilotmega ASLUAV AVSSUAS all csAirLink cubepilot development icarous loweheiser marsh paparazzi standard stemstudios storm32 uAvionix ualberta
[INFO] [1790411194.198651079] [uav1.mavros]: MAVROS UAS via /uas1 started. MY ID 1.191, TARGET ID 1.1
[INFO] [1790411194.201649132] [uav1.mavros_router]: link[1001] detected remote address 1.191
[INFO] [1790411194.829978386] [uav1.mavros]: CON: Got HEARTBEAT, connected. FCU: PX4 Autopilot
[INFO] [1790411195.887663352] [uav1.mavros.sys]: VER: 1.1: Capabilities         0x000000000000e8ff
[INFO] [1790411195.887725283] [uav1.mavros.sys]: VER: 1.1: Flight software:     011200c0 (fca3df865a000000)
[INFO] [1790411195.887734816] [uav1.mavros.sys]: VER: 1.1: Middleware software: 011200c0 (fca3df865a000000)
[INFO] [1790411195.887740745] [uav1.mavros.sys]: VER: 1.1: OS software:         070000ff (17040b9f87cb1791)
[INFO] [1790411195.887746382] [uav1.mavros.sys]: VER: 1.1: Board hardware:      00000001
[INFO] [1790411195.887752158] [uav1.mavros.sys]: VER: 1.1: VID/PID:             0000:0000
[INFO] [1790411195.887757793] [uav1.mavros.sys]: VER: 1.1: UID:                 4954414c44494e4f
[WARN] [1790411195.887799698] [uav1.mavros.cmd]: CMD: Unexpected command 512, result 0
[WARN] [1790411206.922210107] [uav1.mavros.sys]: FCU: UNK(8): EVENT 11047904 with args -0-0-0-0-0-128-0-0-0-176-122-127-128-176-122-127-128-0-0-0-0-0-0-0-0-0-0-0-0-0-0-0-0-0-0-0-0-0-0-0-
[INFO] [1790411206.922332075] [uav1.mavros.sys]: FCU: EVENT 377561 with args -8-0-0-0-20-0-0-0-0-0-0-0-0-0-0-0-0-0-0-0-0-0-0-0-0-0-0-0-0-0-0-0-0-0-0-0-0-0-0-0-
[WARN] [1790411206.922376163] [uav1.mavros.sys]: FCU: EVENT 453929 with args -255-255-255-255-7-0-0-0-0-0-0-0-0-0-0-0-0-0-0-0-0-0-0-0-0-0-0-0-0-0-0-0-0-0-0-0-0-0-0-0-
[INFO] [1790411206.922412679] [uav1.mavros.sys]: FCU: EVENT 6801787 with args -255-255-255-255-12-0-0-0-0-0-0-0-0-0-0-0-0-0-0-0-0-0-0-0-0-0-0-0-0-0-0-0-0-0-0-0-0-0-0-0-
[WARN] [1790411206.922449339] [uav1.mavros.sys]: FCU: UNK(8): EVENT 1914663 with args -0-10-13-2-56-0-0-0-0-0-0-0-0-0-0-0-0-0-0-0-0-0-0-0-0-0-0-0-0-0-0-0-0-0-0-0-0-0-0-0-
[WARN] [1790411210.006550851] [uav1.mavros.cmd]: CMD: Unexpected command 176, result 0
[INFO] [1790411210.201810238] [uav1.mavros.sys]: FCU: EVENT 9489139 with args -4-0-0-0-0-0-0-0-0-0-0-0-0-0-0-0-0-0-0-0-0-0-0-0-0-0-0-0-0-0-0-0-0-0-0-0-0-0-0-0-
[INFO] [1790411212.283738678] [uav1.mavros.sys]: FCU: EVENT 4277609 with args -0-0-0-0-0-0-0-0-0-0-0-0-0-0-0-0-0-0-0-0-0-0-0-0-0-0-0-0-0-0-0-0-0-0-0-0-0-0-0-0-
[WARN] [1790411462.608561044] [uav1.mavros.cmd]: CMD: Unexpected command 176, result 0
[INFO] [1790411495.205861134] [uav1.mavros.sys]: FCU: EVENT 9844908 with args -0-0-0-0-0-0-0-0-0-0-0-0-0-0-0-0-0-0-0-0-0-0-0-0-0-0-0-0-0-0-0-0-0-0-0-0-0-0-0-0-
[INFO] [1790411497.321277805] [uav1.mavros.sys]: FCU: EVENT 16017271 with args -6-0-0-0-0-0-0-0-0-0-0-0-0-0-0-0-0-0-0-0-0-0-0-0-0-0-0-0-0-0-0-0-0-0-0-0-0-0-0-0-
[WARN] [1790411501.594334255] [uav1.mavros.sys]: FCU: UNK(8): EVENT 11047904 with args -0-0-0-0-0-128-0-0-0-176-122-127-128-176-122-127-128-0-0-0-0-0-0-0-0-0-0-0-0-0-0-0-0-0-0-0-0-0-0-0-
[INFO] [1790411501.594464323] [uav1.mavros.sys]: FCU: EVENT 377561 with args -8-0-0-0-20-0-0-0-0-0-0-0-0-0-0-0-0-0-0-0-0-0-0-0-0-0-0-0-0-0-0-0-0-0-0-0-0-0-0-0-
[WARN] [1790411501.594537226] [uav1.mavros.sys]: FCU: EVENT 453929 with args -255-255-255-255-7-0-0-0-0-0-0-0-0-0-0-0-0-0-0-0-0-0-0-0-0-0-0-0-0-0-0-0-0-0-0-0-0-0-0-0-
[INFO] [1790411501.597234872] [uav1.mavros.sys]: FCU: EVENT 6801787 with args -255-255-255-255-12-0-0-0-0-0-0-0-0-0-0-0-0-0-0-0-0-0-0-0-0-0-0-0-0-0-0-0-0-0-0-0-0-0-0-0-
[WARN] [1790411501.597312716] [uav1.mavros.sys]: FCU: UNK(8): EVENT 1914663 with args -0-10-9-2-56-0-0-0-0-0-0-0-0-0-0-0-0-0-0-0-0-0-0-0-0-0-0-0-0-0-0-0-0-0-0-0-0-0-0-0-
[INFO] [1790411501.917176385] [rclcpp]: signal_handler(SIGINT/SIGTERM)
[WARN] [1790411501.926022909] [uav1.mavros]: UAS Executor terminated
