[INFO] [1790411192.291665490] [uav2.mavros_node]: Starting mavros_node container
[INFO] [1790411192.292038555] [uav2.mavros_node]: FCU URL: udp://:14541@127.0.0.1:14581
[INFO] [1790411192.292056476] [uav2.mavros_node]: GCS URL: 
[INFO] [1790411192.292062440] [uav2.mavros_node]: UAS Prefix: /uas2
[INFO] [1790411192.292067877] [uav2.mavros_node]: Starting mavros router node
[INFO] [1790411192.398346412] [uav2.mavros_router]: Built-in SIMD instructions: SSE, SSE2
[INFO] [1790411192.398421535] [uav2.mavros_router]: Built-in MAVLink package version: 2026.8.8
[INFO] [1790411192.398433532] [uav2.mavros_router]: Known MAVLink dialects: common ardupilotmega ASLUAV AVSSUAS all csAirLink cubepilot development icarous loweheiser marsh paparazzi standard stemstudios storm32 uAvionix ualberta
[INFO] [1790411192.398441236] [uav2.mavros_router]: MAVROS Router started
[INFO] [1790411192.398607196] [uav2.mavros_node]: Starting mavros uas node
[INFO] [1790411192.628340894] [uav2.mavros_router]: Requested to add endpoint: type: 0, url: udp://:14541@127.0.0.1:14581
[INFO] [1790411192.628414364] [uav2.mavros_router]: Endpoint link[1000] created
[INFO] [1790411192.628687400] [uav2.mavros_router]: link[1000] opened successfully
[INFO] [1790411192.628709525] [uav2.mavros_router]: Requested to add endpoint: type: 2, url: /uas2
[INFO] [1790411192.628723639] [uav2.mavros_router]: Endpoint link[1001] created
[INFO] [1790411192.635271147] [uav2.mavros_router]: link[1000] detected remote address 2.1
[INFO] [1790411192.645071385] [uav2.mavros]: Plugin actuator_control ignored
[INFO] [1790411192.645375881] [uav2.mavros]: Plugin altitude ignored
[INFO] [1790411192.646859448] [uav2.mavros]: UAS Executor started, threads: 4
[INFO] [1790411192.715641675] [uav2.mavros_router]: link[1001] opened successfully
[INFO] [1790411192.904651257] [uav2.mavros]: Plugin command created
[INFO] [1790411192.904710204] [uav2.mavros]: Plugin command initialized
[INFO] [1790411192.904720323] [uav2.mavros]: Plugin ftp ignored
[INFO] [1790411192.904725857] [uav2.mavros]: Plugin geofence ignored
[INFO] [1790411193.171292417] [uav2.mavros]: Plugin global_position created
[INFO] [1790411193.175473566] [uav2.mavros]: Plugin global_position initialized
[INFO] [1790411193.175756470] [uav2.mavros]: Plugin home_position ignored
[INFO] [1790411193.175770226] [uav2.mavros]: Plugin imu ignored
[INFO] [1790411193.670403138] [uav2.mavros]: Plugin local_position created
[INFO] [1790411193.670459168] [uav2.mavros]: Plugin local_position initialized
[INFO] [1790411193.670470102] [uav2.mavros]: Plugin manual_control ignored
[INFO] [1790411193.670475992] [uav2.mavros]: Plugin nav_controller_output ignored
[INFO] [1790411193.670481427] [uav2.mavros]: Plugin param ignored
[INFO] [1790411193.670486836] [uav2.mavros]: Plugin rallypoint ignored
[INFO] [1790411193.670492240] [uav2.mavros]: Plugin rc_io ignored
[INFO] [1790411193.670498016] [uav2.mavros]: Plugin setpoint_accel ignored
[INFO] [1790411193.670503785] [uav2.mavros]: Plugin setpoint_attitude ignored
[INFO] [1790411193.670509641] [uav2.mavros]: Plugin setpoint_position ignored
[INFO] [1790411193.670515586] [uav2.mavros]: Plugin setpoint_raw ignored
[INFO] [1790411193.670521467] [uav2.mavros]: Plugin setpoint_trajectory ignored
[INFO] [1790411193.823848675] [uav2.mavros]: Plugin setpoint_velocity created
[INFO] [1790411193.823910876] [uav2.mavros]: Plugin setpoint_velocity initialized
[INFO] [1790411194.102750446] [uav2.mavros]: Plugin sys_status created
[INFO] [1790411194.103104587] [uav2.mavros]: Plugin sys_status initialized
[INFO] [1790411194.309589715] [uav2.mavros.time]: TM: Timesync mode: MAVLINK
[INFO] [1790411194.325597229] [uav2.mavros]: Plugin sys_time created
[INFO] [1790411194.325659273] [uav2.mavros]: Plugin sys_time initialized
[INFO] [1790411194.325669820] [uav2.mavros]: Plugin waypoint ignored
[INFO] [1790411194.325675335] [uav2.mavros]: Plugin wind_estimation ignored
[INFO] [1790411194.352007306] [uav2.mavros]: Built-in SIMD instructions: SSE, SSE2
[INFO] [1790411194.352065165] [uav2.mavros]: Built-in MAVLink package version: 2026.8.8
[INFO] [1790411194.352100255] [uav2.mavros]: Known MAVLink dialects: common ardupilotmega ASLUAV AVSSUAS all csAirLink cubepilot development icarous loweheiser marsh paparazzi standard stemstudios storm32 uAvionix ualberta
[INFO] [1790411194.352109292] [uav2.mavros]: MAVROS UAS via /uas2 started. MY ID 2.191, TARGET ID 2.1
[INFO] [1790411194.353222294] [uav2.mavros_router]: link[1001] detected remote address 2.191
[INFO] [1790411194.907272844] [uav2.mavros]: CON: Got HEARTBEAT, connected. FCU: PX4 Autopilot
[INFO] [1790411195.926089128] [uav2.mavros.sys]: VER: 2.1: Capabilities         0x000000000000e8ff
[INFO] [1790411195.926133833] [uav2.mavros.sys]: VER: 2.1: Flight software:     011200c0 (fca3df865a000000)
[INFO] [1790411195.926144769] [uav2.mavros.sys]: VER: 2.1: Middleware software: 011200c0 (fca3df865a000000)
[INFO] [1790411195.926150776] [uav2.mavros.sys]: VER: 2.1: OS software:         070000ff (17040b9f87cb1791)
[INFO] [1790411195.926155962] [uav2.mavros.sys]: VER: 2.1: Board hardware:      00000001
[INFO] [1790411195.926160990] [uav2.mavros.sys]: VER: 2.1: VID/PID:             0000:0000
[INFO] [1790411195.926166590] [uav2.mavros.sys]: VER: 2.1: UID:                 4954414c44494e50
[WARN] [1790411195.929882431] [uav2.mavros.cmd]: CMD: Unexpected command 512, result 0
[WARN] [1790411205.386580589] [uav2.mavros.sys]: FCU: UNK(8): EVENT 11047904 with args -0-0-0-0-0-128-0-0-0-176-122-127-128-176-122-127-128-0-0-0-0-0-0-0-0-0-0-0-0-0-0-0-0-0-0-0-0-0-0-0-
[INFO] [1790411205.386680068] [uav2.mavros.sys]: FCU: EVENT 377561 with args -8-0-0-0-20-0-0-0-0-0-0-0-0-0-0-0-0-0-0-0-0-0-0-0-0-0-0-0-0-0-0-0-0-0-0-0-0-0-0-0-
[WARN] [1790411205.386718165] [uav2.mavros.sys]: FCU: EVENT 453929 with args -255-255-255-255-7-0-0-0-0-0-0-0-0-0-0-0-0-0-0-0-0-0-0-0-0-0-0-0-0-0-0-0-0-0-0-0-0-0-0-0-
[INFO] [1790411205.386753928] [uav2.mavros.sys]: FCU: EVENT 6801787 with args -255-255-255-255-12-0-0-0-0-0-0-0-0-0-0-0-0-0-0-0-0-0-0-0-0-0-0-0-0-0-0-0-0-0-0-0-0-0-0-0-
[WARN] [1790411205.386788440] [uav2.mavros.sys]: FCU: UNK(8): EVENT 1914663 with args -0-10-13-2-56-0-0-0-0-0-0-0-0-0-0-0-0-0-0-0-0-0-0-0-0-0-0-0-0-0-0-0-0-0-0-0-0-0-0-0-
[WARN] [1790411210.006877116] [uav2.mavros.cmd]: CMD: Unexpected command 176, result 0
[INFO] [1790411210.360258048] [uav2.mavros.sys]: FCU: EVENT 9489139 with args -4-0-0-0-0-0-0-0-0-0-0-0-0-0-0-0-0-0-0-0-0-0-0-0-0-0-0-0-0-0-0-0-0-0-0-0-0-0-0-0-
[INFO] [1790411212.400040673] [uav2.mavros.sys]: FCU: EVENT 4277609 with args -0-0-0-0-0-0-0-0-0-0-0-0-0-0-0-0-0-0-0-0-0-0-0-0-0-0-0-0-0-0-0-0-0-0-0-0-0-0-0-0-
[WARN] [1790411462.614794910] [uav2.mavros.cmd]: CMD: Unexpected command 176, result 0
[INFO] [1790411495.208550740] [uav2.mavros.sys]: FCU: EVENT 9844908 with args -0-0-0-0-0-0-0-0-0-0-0-0-0-0-0-0-0-0-0-0-0-0-0-0-0-0-0-0-0-0-0-0-0-0-0-0-0-0-0-0-
[INFO] [1790411497.314358089] [uav2.mavros.sys]: FCU: EVENT 16017271 with args -6-0-0-0-0-0-0-0-0-0-0-0-0-0-0-0-0-0-0-0-0-0-0-0-0-0-0-0-0-0-0-0-0-0-0-0-0-0-0-0-
[WARN] [1790411500.881219418] [uav2.mavros.sys]: FCU: UNK(8): EVENT 11047904 with args -0-0-0-0-0-128-0-0-0-176-122-127-128-176-122-127-128-0-0-0-0-0-0-0-0-0-0-0-0-0-0-0-0-0-0-0-0-0-0-0-
[INFO] [1790411500.881332228] [uav2.mavros.sys]: FCU: EVENT 377561 with args -8-0-0-0-20-0-0-0-0-0-0-0-0-0-0-0-0-0-0-0-0-0-0-0-0-0-0-0-0-0-0-0-0-0-0-0-0-0-0-0-
[WARN] [1790411500.882131261] [uav2.mavros.sys]: FCU: EVENT 453929 with args -255-255-255-255-7-0-0-0-0-0-0-0-0-0-0-0-0-0-0-0-0-0-0-0-0-0-0-0-0-0-0-0-0-0-0-0-0-0-0-0-
[INFO] [1790411500.882194876] [uav2.mavros.sys]: FCU: EVENT 6801787 with args -255-255-255-255-12-0-0-0-0-0-0-0-0-0-0-0-0-0-0-0-0-0-0-0-0-0-0-0-0-0-0-0-0-0-0-0-0-0-0-0-
[WARN] [1790411500.882254211] [uav2.mavros.sys]: FCU: UNK(8): EVENT 1914663 with args -0-10-9-2-56-0-0-0-0-0-0-0-0-0-0-0-0-0-0-0-0-0-0-0-0-0-0-0-0-0-0-0-0-0-0-0-0-0-0-0-
[INFO] [1790411501.917607912] [rclcpp]: signal_handler(SIGINT/SIGTERM)
[WARN] [1790411501.927044247] [uav2.mavros]: UAS Executor terminated
