[INFO] [1790411192.341201185] [uav8.mavros_node]: Starting mavros_node container
[INFO] [1790411192.341322479] [uav8.mavros_node]: FCU URL: udp://:14547@127.0.0.1:14587
[INFO] [1790411192.341335013] [uav8.mavros_node]: GCS URL: 
[INFO] [1790411192.341340640] [uav8.mavros_node]: UAS Prefix: /uas8
[INFO] [1790411192.341345595] [uav8.mavros_node]: Starting mavros router node
[INFO] [1790411192.503269129] [uav8.mavros_router]: Built-in SIMD instructions: SSE, SSE2
[INFO] [1790411192.503314345] [uav8.mavros_router]: Built-in MAVLink package version: 2026.8.8
[INFO] [1790411192.503325795] [uav8.mavros_router]: Known MAVLink dialects: common ardupilotmega ASLUAV AVSSUAS all csAirLink cubepilot development icarous loweheiser marsh paparazzi standard stemstudios storm32 uAvionix ualberta
[INFO] [1790411192.503337836] [uav8.mavros_router]: MAVROS Router started
[INFO] [1790411192.503505457] [uav8.mavros_node]: Starting mavros uas node
[INFO] [1790411192.725774943] [uav8.mavros_router]: Requested to add endpoint: type: 0, url: udp://:14547@127.0.0.1:14587
[INFO] [1790411192.725830401] [uav8.mavros_router]: Endpoint link[1000] created
[INFO] [1790411192.726073251] [uav8.mavros_router]: link[1000] opened successfully
[INFO] [1790411192.726086794] [uav8.mavros_router]: Requested to add endpoint: type: 2, url: /uas8
[INFO] [1790411192.726100732] [uav8.mavros_router]: Endpoint link[1001] created
[INFO] [1790411192.730391363] [uav8.mavros_router]: link[1000] detected remote address 8.1
[INFO] [1790411192.750750891] [uav8.mavros]: Plugin actuator_control ignored
[INFO] [1790411192.754392491] [uav8.mavros]: Plugin altitude ignored
[INFO] [1790411192.751014091] [uav8.mavros]: UAS Executor started, threads: 4
[INFO] [1790411192.815581269] [uav8.mavros_router]: link[1001] opened successfully
[INFO] [1790411192.970966856] [uav8.mavros]: Plugin command created
[INFO] [1790411192.971027719] [uav8.mavros]: Plugin command initialized
[INFO] [1790411192.971037923] [uav8.mavros]: Plugin ftp ignored
[INFO] [1790411192.971044656] [uav8.mavros]: Plugin geofence ignored
[INFO] [1790411193.241278013] [uav8.mavros]: Plugin global_position created
[INFO] [1790411193.241340629] [uav8.mavros]: Plugin global_position initialized
[INFO] [1790411193.241352272] [uav8.mavros]: Plugin home_position ignored
[INFO] [1790411193.241357870] [uav8.mavros]: Plugin imu ignored
[INFO] [1790411193.608593001] [uav8.mavros]: Plugin local_position created
[INFO] [1790411193.608664247] [uav8.mavros]: Plugin local_position initialized
[INFO] [1790411193.608677807] [uav8.mavros]: Plugin manual_control ignored
[INFO] [1790411193.608683953] [uav8.mavros]: Plugin nav_controller_output ignored
[INFO] [1790411193.608689319] [uav8.mavros]: Plugin param ignored
[INFO] [1790411193.608694715] [uav8.mavros]: Plugin rallypoint ignored
[INFO] [1790411193.608699703] [uav8.mavros]: Plugin rc_io ignored
[INFO] [1790411193.608704980] [uav8.mavros]: Plugin setpoint_accel ignored
[INFO] [1790411193.608710417] [uav8.mavros]: Plugin setpoint_attitude ignored
[INFO] [1790411193.608718720] [uav8.mavros]: Plugin setpoint_position ignored
[INFO] [1790411193.608724280] [uav8.mavros]: Plugin setpoint_raw ignored
[INFO] [1790411193.608729717] [uav8.mavros]: Plugin setpoint_trajectory ignored
[INFO] [1790411193.915024992] [uav8.mavros]: Plugin setpoint_velocity created
[INFO] [1790411193.915065808] [uav8.mavros]: Plugin setpoint_velocity initialized
[INFO] [1790411194.109550696] [uav8.mavros]: Plugin sys_status created
[INFO] [1790411194.109629082] [uav8.mavros]: Plugin sys_status initialized
[INFO] [1790411194.253703875] [uav8.mavros.time]: TM: Timesync mode: MAVLINK
[INFO] [1790411194.278092820] [uav8.mavros]: Plugin sys_time created
[INFO] [1790411194.278157141] [uav8.mavros]: Plugin sys_time initialized
[INFO] [1790411194.278170456] [uav8.mavros]: Plugin waypoint ignored
[INFO] [1790411194.278178664] [uav8.mavros]: Plugin wind_estimation ignored
[INFO] [1790411194.316328856] [uav8.mavros]: Built-in SIMD instructions: SSE, SSE2
[INFO] [1790411194.316371218] [uav8.mavros]: Built-in MAVLink package version: 2026.8.8
[INFO] [1790411194.316398239] [uav8.mavros]: Known MAVLink dialects: common ardupilotmega ASLUAV AVSSUAS all csAirLink cubepilot development icarous loweheiser marsh paparazzi standard stemstudios storm32 uAvionix ualberta
[INFO] [1790411194.316410763] [uav8.mavros]: MAVROS UAS via /uas8 started. MY ID 8.191, TARGET ID 8.1
[INFO] [1790411194.376567930] [uav8.mavros_router]: link[1001] detected remote address 8.191
[INFO] [1790411194.710127182] [uav8.mavros]: CON: Got HEARTBEAT, connected. FCU: PX4 Autopilot
[INFO] [1790411195.741004070] [uav8.mavros.sys]: VER: 8.1: Capabilities         0x000000000000e8ff
[INFO] [1790411195.741066449] [uav8.mavros.sys]: VER: 8.1: Flight software:     011200c0 (fca3df865a000000)
[INFO] [1790411195.741076280] [uav8.mavros.sys]: VER: 8.1: Middleware software: 011200c0 (fca3df865a000000)
[INFO] [1790411195.741082602] [uav8.mavros.sys]: VER: 8.1: OS software:         070000ff (17040b9f87cb1791)
[INFO] [1790411195.741088600] [uav8.mavros.sys]: VER: 8.1: Board hardware:      00000001
[INFO] [1790411195.741094483] [uav8.mavros.sys]: VER: 8.1: VID/PID:             0000:0000
[INFO] [1790411195.741100268] [uav8.mavros.sys]: VER: 8.1: UID:                 4954414c44494e56
[WARN] [1790411195.741133657] [uav8.mavros.cmd]: CMD: Unexpected command 512, result 0
[WARN] [1790411206.432041110] [uav8.mavros.sys]: FCU: UNK(8): EVENT 11047904 with args -0-0-0-0-0-128-0-0-0-176-122-127-128-176-122-127-128-0-0-0-0-0-0-0-0-0-0-0-0-0-0-0-0-0-0-0-0-0-0-0-
[INFO] [1790411206.432132702] [uav8.mavros.sys]: FCU: EVENT 377561 with args -8-0-0-0-20-0-0-0-0-0-0-0-0-0-0-0-0-0-0-0-0-0-0-0-0-0-0-0-0-0-0-0-0-0-0-0-0-0-0-0-
[WARN] [1790411206.432170850] [uav8.mavros.sys]: FCU: EVENT 453929 with args -255-255-255-255-7-0-0-0-0-0-0-0-0-0-0-0-0-0-0-0-0-0-0-0-0-0-0-0-0-0-0-0-0-0-0-0-0-0-0-0-
[INFO] [1790411206.432208267] [uav8.mavros.sys]: FCU: EVENT 6801787 with args -255-255-255-255-12-0-0-0-0-0-0-0-0-0-0-0-0-0-0-0-0-0-0-0-0-0-0-0-0-0-0-0-0-0-0-0-0-0-0-0-
[WARN] [1790411206.432249741] [uav8.mavros.sys]: FCU: UNK(8): EVENT 1914663 with args -0-10-13-2-56-0-0-0-0-0-0-0-0-0-0-0-0-0-0-0-0-0-0-0-0-0-0-0-0-0-0-0-0-0-0-0-0-0-0-0-
[WARN] [1790411210.051270140] [uav8.mavros.cmd]: CMD: Unexpected command 176, result 0
[INFO] [1790411210.190502325] [uav8.mavros.sys]: FCU: EVENT 9489139 with args -4-0-0-0-0-0-0-0-0-0-0-0-0-0-0-0-0-0-0-0-0-0-0-0-0-0-0-0-0-0-0-0-0-0-0-0-0-0-0-0-
[INFO] [1790411212.093579120] [uav8.mavros.sys]: FCU: EVENT 4277609 with args -0-0-0-0-0-0-0-0-0-0-0-0-0-0-0-0-0-0-0-0-0-0-0-0-0-0-0-0-0-0-0-0-0-0-0-0-0-0-0-0-
[WARN] [1790411462.643389061] [uav8.mavros.cmd]: CMD: Unexpected command 176, result 0
[INFO] [1790411496.597854952] [uav8.mavros.sys]: FCU: EVENT 9844908 with args -0-0-0-0-0-0-0-0-0-0-0-0-0-0-0-0-0-0-0-0-0-0-0-0-0-0-0-0-0-0-0-0-0-0-0-0-0-0-0-0-
[INFO] [1790411498.720939796] [uav8.mavros.sys]: FCU: EVENT 16017271 with args -6-0-0-0-0-0-0-0-0-0-0-0-0-0-0-0-0-0-0-0-0-0-0-0-0-0-0-0-0-0-0-0-0-0-0-0-0-0-0-0-
[INFO] [1790411501.918790152] [rclcpp]: signal_handler(SIGINT/SIGTERM)
[WARN] [1790411501.919873769] [uav8.mavros]: UAS Executor terminated
