[INFO] [1790584232.424070094] [uav7.mavros_node]: Starting mavros_node container
[INFO] [1790584232.424170020] [uav7.mavros_node]: FCU URL: udp://:14546@127.0.0.1:14586
[INFO] [1790584232.424182459] [uav7.mavros_node]: GCS URL: 
[INFO] [1790584232.424189236] [uav7.mavros_node]: UAS Prefix: /uas7
[INFO] [1790584232.424195367] [uav7.mavros_node]: Starting mavros router node
[INFO] [1790584232.508655760] [uav7.mavros_router]: Built-in SIMD instructions: SSE, SSE2
[INFO] [1790584232.508822766] [uav7.mavros_router]: Built-in MAVLink package version: 2026.8.8
[INFO] [1790584232.508976794] [uav7.mavros_router]: Known MAVLink dialects: common ardupilotmega ASLUAV AVSSUAS all csAirLink cubepilot development icarous loweheiser marsh paparazzi standard stemstudios storm32 uAvionix ualberta
[INFO] [1790584232.509095139] [uav7.mavros_router]: MAVROS Router started
[INFO] [1790584232.510366571] [uav7.mavros_node]: Starting mavros uas node
[INFO] [1790584232.731381731] [uav7.mavros_router]: Requested to add endpoint: type: 0, url: udp://:14546@127.0.0.1:14586
[INFO] [1790584232.731471118] [uav7.mavros_router]: Endpoint link[1000] created
[INFO] [1790584232.735778200] [uav7.mavros_router]: link[1000] opened successfully
[INFO] [1790584232.735845888] [uav7.mavros_router]: Requested to add endpoint: type: 2, url: /uas7
[INFO] [1790584232.735872830] [uav7.mavros_router]: Endpoint link[1001] created
[INFO] [1790584232.738691538] [uav7.mavros_router]: link[1000] detected remote address 7.1
[INFO] [1790584232.759164318] [uav7.mavros]: Plugin actuator_control ignored
[INFO] [1790584232.759234466] [uav7.mavros]: Plugin altitude ignored
[INFO] [1790584232.759948416] [uav7.mavros]: UAS Executor started, threads: 4
[INFO] [1790584232.855387410] [uav7.mavros_router]: link[1001] opened successfully
[INFO] [1790584233.060581843] [uav7.mavros]: Plugin command created
[INFO] [1790584233.060659235] [uav7.mavros]: Plugin command initialized
[INFO] [1790584233.060672235] [uav7.mavros]: Plugin ftp ignored
[INFO] [1790584233.060678865] [uav7.mavros]: Plugin geofence ignored
[INFO] [1790584233.508484093] [uav7.mavros]: Plugin global_position created
[INFO] [1790584233.519255300] [uav7.mavros]: Plugin global_position initialized
[INFO] [1790584233.519311447] [uav7.mavros]: Plugin home_position ignored
[INFO] [1790584233.519319818] [uav7.mavros]: Plugin imu ignored
[INFO] [1790584233.730570711] [uav7.mavros]: Plugin local_position created
[INFO] [1790584233.730642555] [uav7.mavros]: Plugin local_position initialized
[INFO] [1790584233.730655063] [uav7.mavros]: Plugin manual_control ignored
[INFO] [1790584233.730662124] [uav7.mavros]: Plugin nav_controller_output ignored
[INFO] [1790584233.730668743] [uav7.mavros]: Plugin param ignored
[INFO] [1790584233.730675673] [uav7.mavros]: Plugin rallypoint ignored
[INFO] [1790584233.730681261] [uav7.mavros]: Plugin rc_io ignored
[INFO] [1790584233.730686844] [uav7.mavros]: Plugin setpoint_accel ignored
[INFO] [1790584233.730692618] [uav7.mavros]: Plugin setpoint_attitude ignored
[INFO] [1790584233.730699005] [uav7.mavros]: Plugin setpoint_position ignored
[INFO] [1790584233.730704847] [uav7.mavros]: Plugin setpoint_raw ignored
[INFO] [1790584233.730712819] [uav7.mavros]: Plugin setpoint_trajectory ignored
[INFO] [1790584233.873510642] [uav7.mavros]: Plugin setpoint_velocity created
[INFO] [1790584233.873567959] [uav7.mavros]: Plugin setpoint_velocity initialized
[INFO] [1790584234.146414977] [uav7.mavros]: Plugin sys_status created
[INFO] [1790584234.150590638] [uav7.mavros]: Plugin sys_status initialized
[INFO] [1790584234.313359538] [uav7.mavros.time]: TM: Timesync mode: MAVLINK
[INFO] [1790584234.337921743] [uav7.mavros]: Plugin sys_time created
[INFO] [1790584234.338058741] [uav7.mavros]: Plugin sys_time initialized
[INFO] [1790584234.338076983] [uav7.mavros]: Plugin waypoint ignored
[INFO] [1790584234.338089415] [uav7.mavros]: Plugin wind_estimation ignored
[INFO] [1790584234.346053918] [uav7.mavros]: Built-in SIMD instructions: SSE, SSE2
[INFO] [1790584234.346491353] [uav7.mavros]: Built-in MAVLink package version: 2026.8.8
[INFO] [1790584234.347204158] [uav7.mavros]: Known MAVLink dialects: common ardupilotmega ASLUAV AVSSUAS all csAirLink cubepilot development icarous loweheiser marsh paparazzi standard stemstudios storm32 uAvionix ualberta
[INFO] [1790584234.347444853] [uav7.mavros]: MAVROS UAS via /uas7 started. MY ID 7.191, TARGET ID 7.1
[INFO] [1790584234.435773702] [uav7.mavros_router]: link[1001] detected remote address 7.191
[INFO] [1790584234.860151724] [uav7.mavros]: CON: Got HEARTBEAT, connected. FCU: PX4 Autopilot
[INFO] [1790584235.903258604] [uav7.mavros.sys]: VER: 7.1: Capabilities         0x000000000000e8ff
[INFO] [1790584235.903329389] [uav7.mavros.sys]: VER: 7.1: Flight software:     011200c0 (fca3df865a000000)
[INFO] [1790584235.903338931] [uav7.mavros.sys]: VER: 7.1: Middleware software: 011200c0 (fca3df865a000000)
[INFO] [1790584235.903344730] [uav7.mavros.sys]: VER: 7.1: OS software:         070000ff (17040b9f87cb1791)
[INFO] [1790584235.903352444] [uav7.mavros.sys]: VER: 7.1: Board hardware:      00000001
[INFO] [1790584235.903358373] [uav7.mavros.sys]: VER: 7.1: VID/PID:             0000:0000
[INFO] [1790584235.903363794] [uav7.mavros.sys]: VER: 7.1: UID:                 4954414c44494e55
[WARN] [1790584235.903447968] [uav7.mavros.cmd]: CMD: Unexpected command 512, result 0
[WARN] [1790584246.695453110] [uav7.mavros.sys]: FCU: UNK(8): EVENT 11047904 with args -0-0-0-0-0-128-0-0-0-176-122-127-128-176-122-127-128-0-0-0-0-0-0-0-0-0-0-0-0-0-0-0-0-0-0-0-0-0-0-0-
[INFO] [1790584246.695545273] [uav7.mavros.sys]: FCU: EVENT 377561 with args -8-0-0-0-20-0-0-0-0-0-0-0-0-0-0-0-0-0-0-0-0-0-0-0-0-0-0-0-0-0-0-0-0-0-0-0-0-0-0-0-
[WARN] [1790584246.696150654] [uav7.mavros.sys]: FCU: EVENT 453929 with args -255-255-255-255-7-0-0-0-0-0-0-0-0-0-0-0-0-0-0-0-0-0-0-0-0-0-0-0-0-0-0-0-0-0-0-0-0-0-0-0-
[INFO] [1790584246.696186364] [uav7.mavros.sys]: FCU: EVENT 6801787 with args -255-255-255-255-12-0-0-0-0-0-0-0-0-0-0-0-0-0-0-0-0-0-0-0-0-0-0-0-0-0-0-0-0-0-0-0-0-0-0-0-
[WARN] [1790584246.696226000] [uav7.mavros.sys]: FCU: UNK(8): EVENT 1914663 with args -0-10-13-2-56-0-0-0-0-0-0-0-0-0-0-0-0-0-0-0-0-0-0-0-0-0-0-0-0-0-0-0-0-0-0-0-0-0-0-0-
[WARN] [1790584248.069372342] [uav7.mavros.cmd]: CMD: Unexpected command 176, result 0
[INFO] [1790584248.464124422] [uav7.mavros.sys]: FCU: EVENT 9489139 with args -4-0-0-0-0-0-0-0-0-0-0-0-0-0-0-0-0-0-0-0-0-0-0-0-0-0-0-0-0-0-0-0-0-0-0-0-0-0-0-0-
[INFO] [1790584250.552630307] [uav7.mavros.sys]: FCU: EVENT 4277609 with args -0-0-0-0-0-0-0-0-0-0-0-0-0-0-0-0-0-0-0-0-0-0-0-0-0-0-0-0-0-0-0-0-0-0-0-0-0-0-0-0-
[WARN] [1790584507.309755128] [uav7.mavros.cmd]: CMD: Unexpected command 176, result 0
[INFO] [1790584541.246172984] [uav7.mavros.sys]: FCU: EVENT 9844908 with args -0-0-0-0-0-0-0-0-0-0-0-0-0-0-0-0-0-0-0-0-0-0-0-0-0-0-0-0-0-0-0-0-0-0-0-0-0-0-0-0-
[INFO] [1790584543.416092336] [uav7.mavros.sys]: FCU: EVENT 16017271 with args -6-0-0-0-0-0-0-0-0-0-0-0-0-0-0-0-0-0-0-0-0-0-0-0-0-0-0-0-0-0-0-0-0-0-0-0-0-0-0-0-
[WARN] [1790584546.918613454] [uav7.mavros.sys]: FCU: UNK(8): EVENT 11047904 with args -0-0-0-0-0-128-0-0-0-176-122-127-128-176-122-127-128-0-0-0-0-0-0-0-0-0-0-0-0-0-0-0-0-0-0-0-0-0-0-0-
[INFO] [1790584546.918724808] [uav7.mavros.sys]: FCU: EVENT 377561 with args -8-0-0-0-20-0-0-0-0-0-0-0-0-0-0-0-0-0-0-0-0-0-0-0-0-0-0-0-0-0-0-0-0-0-0-0-0-0-0-0-
[WARN] [1790584546.918808154] [uav7.mavros.sys]: FCU: EVENT 453929 with args -255-255-255-255-7-0-0-0-0-0-0-0-0-0-0-0-0-0-0-0-0-0-0-0-0-0-0-0-0-0-0-0-0-0-0-0-0-0-0-0-
[INFO] [1790584546.918846927] [uav7.mavros.sys]: FCU: EVENT 6801787 with args -255-255-255-255-12-0-0-0-0-0-0-0-0-0-0-0-0-0-0-0-0-0-0-0-0-0-0-0-0-0-0-0-0-0-0-0-0-0-0-0-
[WARN] [1790584546.918879850] [uav7.mavros.sys]: FCU: UNK(8): EVENT 1914663 with args -0-10-9-2-56-0-0-0-0-0-0-0-0-0-0-0-0-0-0-0-0-0-0-0-0-0-0-0-0-0-0-0-0-0-0-0-0-0-0-0-
[INFO] [1790584547.113912654] [rclcpp]: signal_handler(SIGINT/SIGTERM)
[WARN] [1790584547.115061136] [uav7.mavros]: UAS Executor terminated
