[INFO] [1790591556.289706898] [uav4.mavros_node]: Starting mavros_node container
[INFO] [1790591556.289873220] [uav4.mavros_node]: FCU URL: udp://:14543@127.0.0.1:14583
[INFO] [1790591556.289889464] [uav4.mavros_node]: GCS URL: 
[INFO] [1790591556.289896451] [uav4.mavros_node]: UAS Prefix: /uas4
[INFO] [1790591556.289903887] [uav4.mavros_node]: Starting mavros router node
[INFO] [1790591556.309422720] [uav4.mavros_router]: Built-in SIMD instructions: SSE, SSE2
[INFO] [1790591556.309474543] [uav4.mavros_router]: Built-in MAVLink package version: 2026.8.8
[INFO] [1790591556.309485041] [uav4.mavros_router]: Known MAVLink dialects: common ardupilotmega ASLUAV AVSSUAS all csAirLink cubepilot development icarous loweheiser marsh paparazzi standard stemstudios storm32 uAvionix ualberta
[INFO] [1790591556.309493642] [uav4.mavros_router]: MAVROS Router started
[INFO] [1790591556.309821072] [uav4.mavros_node]: Starting mavros uas node
[INFO] [1790591556.353671816] [uav4.mavros_router]: Requested to add endpoint: type: 0, url: udp://:14543@127.0.0.1:14583
[INFO] [1790591556.353786684] [uav4.mavros_router]: Endpoint link[1000] created
[INFO] [1790591556.354210873] [uav4.mavros_router]: link[1000] opened successfully
[INFO] [1790591556.354236856] [uav4.mavros_router]: Requested to add endpoint: type: 2, url: /uas4
[INFO] [1790591556.354252594] [uav4.mavros_router]: Endpoint link[1001] created
[INFO] [1790591556.358775479] [uav4.mavros_router]: link[1000] detected remote address 4.1
[INFO] [1790591556.359271453] [uav4.mavros_router]: link[1001] opened successfully
[INFO] [1790591556.363774921] [uav4.mavros]: UAS Executor started, threads: 4
[INFO] [1790591556.363788405] [uav4.mavros]: Plugin actuator_control ignored
[INFO] [1790591556.364145565] [uav4.mavros]: Plugin altitude ignored
[INFO] [1790591556.398519464] [uav4.mavros]: Plugin command created
[INFO] [1790591556.398688963] [uav4.mavros]: Plugin command initialized
[INFO] [1790591556.398708400] [uav4.mavros]: Plugin ftp ignored
[INFO] [1790591556.398715136] [uav4.mavros]: Plugin geofence ignored
[INFO] [1790591556.417733832] [uav4.mavros]: Plugin global_position created
[INFO] [1790591556.417798558] [uav4.mavros]: Plugin global_position initialized
[INFO] [1790591556.417811032] [uav4.mavros]: Plugin home_position ignored
[INFO] [1790591556.417818182] [uav4.mavros]: Plugin imu ignored
[INFO] [1790591556.447696626] [uav4.mavros]: Plugin local_position created
[INFO] [1790591556.447746487] [uav4.mavros]: Plugin local_position initialized
[INFO] [1790591556.447756158] [uav4.mavros]: Plugin manual_control ignored
[INFO] [1790591556.447762060] [uav4.mavros]: Plugin nav_controller_output ignored
[INFO] [1790591556.447767787] [uav4.mavros]: Plugin param ignored
[INFO] [1790591556.447773497] [uav4.mavros]: Plugin rallypoint ignored
[INFO] [1790591556.447779299] [uav4.mavros]: Plugin rc_io ignored
[INFO] [1790591556.447785071] [uav4.mavros]: Plugin setpoint_accel ignored
[INFO] [1790591556.447790163] [uav4.mavros]: Plugin setpoint_attitude ignored
[INFO] [1790591556.447795152] [uav4.mavros]: Plugin setpoint_position ignored
[INFO] [1790591556.447800654] [uav4.mavros]: Plugin setpoint_raw ignored
[INFO] [1790591556.447805986] [uav4.mavros]: Plugin setpoint_trajectory ignored
[INFO] [1790591556.469725451] [uav4.mavros]: Plugin setpoint_velocity created
[INFO] [1790591556.469860582] [uav4.mavros]: Plugin setpoint_velocity initialized
[INFO] [1790591556.501836121] [uav4.mavros]: Plugin sys_status created
[INFO] [1790591556.501910516] [uav4.mavros]: Plugin sys_status initialized
[INFO] [1790591556.554891897] [uav4.mavros.time]: TM: Timesync mode: MAVLINK
[INFO] [1790591556.561494014] [uav4.mavros]: Plugin sys_time created
[INFO] [1790591556.561553703] [uav4.mavros]: Plugin sys_time initialized
[INFO] [1790591556.561565885] [uav4.mavros]: Plugin waypoint ignored
[INFO] [1790591556.561573481] [uav4.mavros]: Plugin wind_estimation ignored
[INFO] [1790591556.567311602] [uav4.mavros]: Built-in SIMD instructions: SSE, SSE2
[INFO] [1790591556.567366697] [uav4.mavros]: Built-in MAVLink package version: 2026.8.8
[INFO] [1790591556.567399165] [uav4.mavros]: Known MAVLink dialects: common ardupilotmega ASLUAV AVSSUAS all csAirLink cubepilot development icarous loweheiser marsh paparazzi standard stemstudios storm32 uAvionix ualberta
[INFO] [1790591556.567406548] [uav4.mavros]: MAVROS UAS via /uas4 started. MY ID 4.191, TARGET ID 4.1
[INFO] [1790591556.673418336] [uav4.mavros_router]: link[1001] detected remote address 4.191
[INFO] [1790591557.638828786] [uav4.mavros.sys]: VER: 4.1: Capabilities         0x000000000000e8ff
[INFO] [1790591557.638883033] [uav4.mavros.sys]: VER: 4.1: Flight software:     011200c0 (fca3df865a000000)
[INFO] [1790591557.638892618] [uav4.mavros.sys]: VER: 4.1: Middleware software: 011200c0 (fca3df865a000000)
[INFO] [1790591557.638898398] [uav4.mavros.sys]: VER: 4.1: OS software:         070000ff (17040b9f87cb1791)
[INFO] [1790591557.638903959] [uav4.mavros.sys]: VER: 4.1: Board hardware:      00000001
[INFO] [1790591557.638909210] [uav4.mavros.sys]: VER: 4.1: VID/PID:             0000:0000
[INFO] [1790591557.638913821] [uav4.mavros.sys]: VER: 4.1: UID:                 4954414c44494e52
[WARN] [1790591557.644789755] [uav4.mavros.cmd]: CMD: Unexpected command 512, result 0
[INFO] [1790591557.649997134] [uav4.mavros]: CON: Got HEARTBEAT, connected. FCU: PX4 Autopilot
[INFO] [1790591558.782851311] [uav4.mavros.sys]: VER: 4.1: Capabilities         0x000000000000e8ff
[INFO] [1790591558.782907547] [uav4.mavros.sys]: VER: 4.1: Flight software:     011200c0 (fca3df865a000000)
[INFO] [1790591558.782916988] [uav4.mavros.sys]: VER: 4.1: Middleware software: 011200c0 (fca3df865a000000)
[INFO] [1790591558.782923174] [uav4.mavros.sys]: VER: 4.1: OS software:         070000ff (17040b9f87cb1791)
[INFO] [1790591558.782929422] [uav4.mavros.sys]: VER: 4.1: Board hardware:      00000001
[INFO] [1790591558.782935338] [uav4.mavros.sys]: VER: 4.1: VID/PID:             0000:0000
[INFO] [1790591558.782941590] [uav4.mavros.sys]: VER: 4.1: UID:                 4954414c44494e52
[WARN] [1790591558.896260295] [uav4.mavros.sys]: VER: broadcast request timeout, retries left 4
[WARN] [1790591564.685039693] [uav4.mavros.sys]: FCU: UNK(8): EVENT 11047904 with args -0-0-0-0-0-128-0-0-0-176-122-127-128-176-122-127-128-0-0-0-0-0-0-0-0-0-0-0-0-0-0-0-0-0-0-0-0-0-0-0-
[INFO] [1790591564.685144720] [uav4.mavros.sys]: FCU: EVENT 377561 with args -8-0-0-0-20-0-0-0-0-0-0-0-0-0-0-0-0-0-0-0-0-0-0-0-0-0-0-0-0-0-0-0-0-0-0-0-0-0-0-0-
[WARN] [1790591564.685186549] [uav4.mavros.sys]: FCU: EVENT 453929 with args -255-255-255-255-7-0-0-0-0-0-0-0-0-0-0-0-0-0-0-0-0-0-0-0-0-0-0-0-0-0-0-0-0-0-0-0-0-0-0-0-
[INFO] [1790591564.685224847] [uav4.mavros.sys]: FCU: EVENT 6801787 with args -255-255-255-255-12-0-0-0-0-0-0-0-0-0-0-0-0-0-0-0-0-0-0-0-0-0-0-0-0-0-0-0-0-0-0-0-0-0-0-0-
[WARN] [1790591564.685262941] [uav4.mavros.sys]: FCU: UNK(8): EVENT 1914663 with args -0-10-13-2-56-0-0-0-0-0-0-0-0-0-0-0-0-0-0-0-0-0-0-0-0-0-0-0-0-0-0-0-0-0-0-0-0-0-0-0-
[WARN] [1790591571.949147272] [uav4.mavros.cmd]: CMD: Unexpected command 176, result 0
[INFO] [1790591572.303040889] [uav4.mavros.sys]: FCU: EVENT 9489139 with args -4-0-0-0-0-0-0-0-0-0-0-0-0-0-0-0-0-0-0-0-0-0-0-0-0-0-0-0-0-0-0-0-0-0-0-0-0-0-0-0-
[INFO] [1790591574.092554823] [uav4.mavros.sys]: FCU: EVENT 4277609 with args -0-0-0-0-0-0-0-0-0-0-0-0-0-0-0-0-0-0-0-0-0-0-0-0-0-0-0-0-0-0-0-0-0-0-0-0-0-0-0-0-
[WARN] [1790591831.851513964] [uav4.mavros.cmd]: CMD: Unexpected command 176, result 0
[INFO] [1790591866.829802146] [uav4.mavros.sys]: FCU: EVENT 9844908 with args -0-0-0-0-0-0-0-0-0-0-0-0-0-0-0-0-0-0-0-0-0-0-0-0-0-0-0-0-0-0-0-0-0-0-0-0-0-0-0-0-
[INFO] [1790591869.257378395] [uav4.mavros.sys]: FCU: EVENT 16017271 with args -6-0-0-0-0-0-0-0-0-0-0-0-0-0-0-0-0-0-0-0-0-0-0-0-0-0-0-0-0-0-0-0-0-0-0-0-0-0-0-0-
[WARN] [1790591873.467853586] [uav4.mavros.sys]: FCU: UNK(8): EVENT 11047904 with args -0-0-0-0-0-128-0-0-0-176-122-127-128-176-122-127-128-0-0-0-0-0-0-0-0-0-0-0-0-0-0-0-0-0-0-0-0-0-0-0-
[INFO] [1790591873.467984166] [uav4.mavros.sys]: FCU: EVENT 377561 with args -8-0-0-0-20-0-0-0-0-0-0-0-0-0-0-0-0-0-0-0-0-0-0-0-0-0-0-0-0-0-0-0-0-0-0-0-0-0-0-0-
[WARN] [1790591873.468047347] [uav4.mavros.sys]: FCU: EVENT 453929 with args -255-255-255-255-7-0-0-0-0-0-0-0-0-0-0-0-0-0-0-0-0-0-0-0-0-0-0-0-0-0-0-0-0-0-0-0-0-0-0-0-
[INFO] [1790591873.468084510] [uav4.mavros.sys]: FCU: EVENT 6801787 with args -255-255-255-255-12-0-0-0-0-0-0-0-0-0-0-0-0-0-0-0-0-0-0-0-0-0-0-0-0-0-0-0-0-0-0-0-0-0-0-0-
[WARN] [1790591873.468120561] [uav4.mavros.sys]: FCU: UNK(8): EVENT 1914663 with args -0-10-9-2-56-0-0-0-0-0-0-0-0-0-0-0-0-0-0-0-0-0-0-0-0-0-0-0-0-0-0-0-0-0-0-0-0-0-0-0-
[WARN] [1790591945.078754598] [uav4.mavros.sys]: FCU: UNK(8): EVENT 11047904 with args -0-0-0-16-0-128-0-0-0-176-58-127-128-176-58-127-128-0-0-0-0-0-0-0-0-0-0-0-0-0-0-0-0-0-0-0-0-0-0-0-
[ERROR] [1790591945.078824360] [uav4.mavros.sys]: FCU: EVENT 11464574 with args -0-64-0-0-20-0-0-0-0-0-0-0-0-0-0-0-0-0-0-0-0-0-0-0-0-0-0-0-0-0-0-0-0-0-0-0-0-0-0-0-
[INFO] [1790591945.130666143] [rclcpp]: signal_handler(SIGINT/SIGTERM)
[WARN] [1790591945.132840304] [uav4.mavros]: UAS Executor terminated
