[INFO] [1790591556.225609881] [uav9.mavros_node]: Starting mavros_node container
[INFO] [1790591556.226218392] [uav9.mavros_node]: FCU URL: udp://:14548@127.0.0.1:14588
[INFO] [1790591556.226246090] [uav9.mavros_node]: GCS URL: 
[INFO] [1790591556.226257453] [uav9.mavros_node]: UAS Prefix: /uas9
[INFO] [1790591556.226268078] [uav9.mavros_node]: Starting mavros router node
[INFO] [1790591556.295931252] [uav9.mavros_router]: Built-in SIMD instructions: SSE, SSE2
[INFO] [1790591556.296108528] [uav9.mavros_router]: Built-in MAVLink package version: 2026.8.8
[INFO] [1790591556.296131523] [uav9.mavros_router]: Known MAVLink dialects: common ardupilotmega ASLUAV AVSSUAS all csAirLink cubepilot development icarous loweheiser marsh paparazzi standard stemstudios storm32 uAvionix ualberta
[INFO] [1790591556.296171368] [uav9.mavros_router]: MAVROS Router started
[INFO] [1790591556.296498462] [uav9.mavros_node]: Starting mavros uas node
[INFO] [1790591556.354795889] [uav9.mavros_router]: Requested to add endpoint: type: 0, url: udp://:14548@127.0.0.1:14588
[INFO] [1790591556.354840926] [uav9.mavros_router]: Endpoint link[1000] created
[INFO] [1790591556.355927870] [uav9.mavros_router]: link[1000] opened successfully
[INFO] [1790591556.355966321] [uav9.mavros_router]: Requested to add endpoint: type: 2, url: /uas9
[INFO] [1790591556.355986781] [uav9.mavros_router]: Endpoint link[1001] created
[INFO] [1790591556.363655258] [uav9.mavros_router]: link[1000] detected remote address 9.1
[INFO] [1790591556.364794643] [uav9.mavros_router]: link[1001] opened successfully
[INFO] [1790591556.365476167] [uav9.mavros]: Plugin actuator_control ignored
[INFO] [1790591556.365516451] [uav9.mavros]: Plugin altitude ignored
[INFO] [1790591556.366658430] [uav9.mavros]: UAS Executor started, threads: 4
[INFO] [1790591556.444751716] [uav9.mavros]: Plugin command created
[INFO] [1790591556.444831943] [uav9.mavros]: Plugin command initialized
[INFO] [1790591556.445379427] [uav9.mavros]: Plugin ftp ignored
[INFO] [1790591556.445392313] [uav9.mavros]: Plugin geofence ignored
[INFO] [1790591556.500316860] [uav9.mavros]: Plugin global_position created
[INFO] [1790591556.500419621] [uav9.mavros]: Plugin global_position initialized
[INFO] [1790591556.500438871] [uav9.mavros]: Plugin home_position ignored
[INFO] [1790591556.500456917] [uav9.mavros]: Plugin imu ignored
[INFO] [1790591556.542090223] [uav9.mavros]: Plugin local_position created
[INFO] [1790591556.542156440] [uav9.mavros]: Plugin local_position initialized
[INFO] [1790591556.542167728] [uav9.mavros]: Plugin manual_control ignored
[INFO] [1790591556.542173508] [uav9.mavros]: Plugin nav_controller_output ignored
[INFO] [1790591556.542179211] [uav9.mavros]: Plugin param ignored
[INFO] [1790591556.542184348] [uav9.mavros]: Plugin rallypoint ignored
[INFO] [1790591556.542189377] [uav9.mavros]: Plugin rc_io ignored
[INFO] [1790591556.542195085] [uav9.mavros]: Plugin setpoint_accel ignored
[INFO] [1790591556.542200200] [uav9.mavros]: Plugin setpoint_attitude ignored
[INFO] [1790591556.542205306] [uav9.mavros]: Plugin setpoint_position ignored
[INFO] [1790591556.542210359] [uav9.mavros]: Plugin setpoint_raw ignored
[INFO] [1790591556.542215314] [uav9.mavros]: Plugin setpoint_trajectory ignored
[INFO] [1790591556.563662653] [uav9.mavros]: Plugin setpoint_velocity created
[INFO] [1790591556.563852794] [uav9.mavros]: Plugin setpoint_velocity initialized
[INFO] [1790591556.597004392] [uav9.mavros]: Plugin sys_status created
[INFO] [1790591556.597082756] [uav9.mavros]: Plugin sys_status initialized
[INFO] [1790591556.625795321] [uav9.mavros.time]: TM: Timesync mode: MAVLINK
[INFO] [1790591556.633046661] [uav9.mavros]: Plugin sys_time created
[INFO] [1790591556.633107691] [uav9.mavros]: Plugin sys_time initialized
[INFO] [1790591556.633118533] [uav9.mavros]: Plugin waypoint ignored
[INFO] [1790591556.633124686] [uav9.mavros]: Plugin wind_estimation ignored
[INFO] [1790591556.637215983] [uav9.mavros]: Built-in SIMD instructions: SSE, SSE2
[INFO] [1790591556.637263710] [uav9.mavros]: Built-in MAVLink package version: 2026.8.8
[INFO] [1790591556.637298075] [uav9.mavros]: Known MAVLink dialects: common ardupilotmega ASLUAV AVSSUAS all csAirLink cubepilot development icarous loweheiser marsh paparazzi standard stemstudios storm32 uAvionix ualberta
[INFO] [1790591556.637309631] [uav9.mavros]: MAVROS UAS via /uas9 started. MY ID 9.191, TARGET ID 9.1
[INFO] [1790591556.726881636] [uav9.mavros_router]: link[1001] detected remote address 9.191
[INFO] [1790591557.511770096] [uav9.mavros]: CON: Got HEARTBEAT, connected. FCU: PX4 Autopilot
[INFO] [1790591558.579865999] [uav9.mavros.sys]: VER: 9.1: Capabilities         0x000000000000e8ff
[INFO] [1790591558.579927008] [uav9.mavros.sys]: VER: 9.1: Flight software:     011200c0 (fca3df865a000000)
[INFO] [1790591558.579935664] [uav9.mavros.sys]: VER: 9.1: Middleware software: 011200c0 (fca3df865a000000)
[INFO] [1790591558.579941635] [uav9.mavros.sys]: VER: 9.1: OS software:         070000ff (17040b9f87cb1791)
[INFO] [1790591558.579946770] [uav9.mavros.sys]: VER: 9.1: Board hardware:      00000001
[INFO] [1790591558.579952057] [uav9.mavros.sys]: VER: 9.1: VID/PID:             0000:0000
[INFO] [1790591558.579957469] [uav9.mavros.sys]: VER: 9.1: UID:                 4954414c44494e57
[WARN] [1790591558.580001103] [uav9.mavros.cmd]: CMD: Unexpected command 512, result 0
[WARN] [1790591558.603181182] [uav9.mavros.sys]: FCU: UNK(8): EVENT 11047904 with args -0-0-0-16-0-128-0-0-0-176-58-127-128-176-58-127-128-0-0-0-0-0-0-0-0-0-0-0-0-0-0-0-0-0-0-0-0-0-0-0-
[ERROR] [1790591558.603276983] [uav9.mavros.sys]: FCU: EVENT 11464574 with args -0-64-0-0-20-0-0-0-0-0-0-0-0-0-0-0-0-0-0-0-0-0-0-0-0-0-0-0-0-0-0-0-0-0-0-0-0-0-0-0-
[INFO] [1790591558.603353453] [uav9.mavros.sys]: FCU: EVENT 377561 with args -8-0-0-0-20-0-0-0-0-0-0-0-0-0-0-0-0-0-0-0-0-0-0-0-0-0-0-0-0-0-0-0-0-0-0-0-0-0-0-0-
[WARN] [1790591558.603394419] [uav9.mavros.sys]: FCU: EVENT 453929 with args -255-255-255-255-7-0-0-0-0-0-0-0-0-0-0-0-0-0-0-0-0-0-0-0-0-0-0-0-0-0-0-0-0-0-0-0-0-0-0-0-
[INFO] [1790591558.603431329] [uav9.mavros.sys]: FCU: EVENT 6801787 with args -255-255-255-255-12-0-0-0-0-0-0-0-0-0-0-0-0-0-0-0-0-0-0-0-0-0-0-0-0-0-0-0-0-0-0-0-0-0-0-0-
[WARN] [1790591558.603473439] [uav9.mavros.sys]: FCU: UNK(8): EVENT 1914663 with args -0-10-13-2-56-0-0-0-0-0-0-0-0-0-0-0-0-0-0-0-0-0-0-0-0-0-0-0-0-0-0-0-0-0-0-0-0-0-0-0-
[WARN] [1790591565.429569985] [uav9.mavros.sys]: FCU: UNK(8): EVENT 11047904 with args -0-0-0-0-0-128-0-0-0-176-122-127-128-176-122-127-128-0-0-0-0-0-0-0-0-0-0-0-0-0-0-0-0-0-0-0-0-0-0-0-
[INFO] [1790591565.429681227] [uav9.mavros.sys]: FCU: EVENT 377561 with args -8-0-0-0-20-0-0-0-0-0-0-0-0-0-0-0-0-0-0-0-0-0-0-0-0-0-0-0-0-0-0-0-0-0-0-0-0-0-0-0-
[WARN] [1790591565.429722100] [uav9.mavros.sys]: FCU: EVENT 453929 with args -255-255-255-255-7-0-0-0-0-0-0-0-0-0-0-0-0-0-0-0-0-0-0-0-0-0-0-0-0-0-0-0-0-0-0-0-0-0-0-0-
[INFO] [1790591565.429757910] [uav9.mavros.sys]: FCU: EVENT 6801787 with args -255-255-255-255-12-0-0-0-0-0-0-0-0-0-0-0-0-0-0-0-0-0-0-0-0-0-0-0-0-0-0-0-0-0-0-0-0-0-0-0-
[WARN] [1790591565.429792950] [uav9.mavros.sys]: FCU: UNK(8): EVENT 1914663 with args -0-10-13-2-56-0-0-0-0-0-0-0-0-0-0-0-0-0-0-0-0-0-0-0-0-0-0-0-0-0-0-0-0-0-0-0-0-0-0-0-
[WARN] [1790591571.993540791] [uav9.mavros.cmd]: CMD: Unexpected command 176, result 0
[INFO] [1790591573.062536373] [uav9.mavros.sys]: FCU: EVENT 9489139 with args -4-0-0-0-0-0-0-0-0-0-0-0-0-0-0-0-0-0-0-0-0-0-0-0-0-0-0-0-0-0-0-0-0-0-0-0-0-0-0-0-
[INFO] [1790591575.081880053] [uav9.mavros.sys]: FCU: EVENT 4277609 with args -0-0-0-0-0-0-0-0-0-0-0-0-0-0-0-0-0-0-0-0-0-0-0-0-0-0-0-0-0-0-0-0-0-0-0-0-0-0-0-0-
[WARN] [1790591831.862024547] [uav9.mavros.cmd]: CMD: Unexpected command 176, result 0
[INFO] [1790591868.560631815] [uav9.mavros.sys]: FCU: EVENT 9844908 with args -0-0-0-0-0-0-0-0-0-0-0-0-0-0-0-0-0-0-0-0-0-0-0-0-0-0-0-0-0-0-0-0-0-0-0-0-0-0-0-0-
[INFO] [1790591871.004713445] [uav9.mavros.sys]: FCU: EVENT 16017271 with args -6-0-0-0-0-0-0-0-0-0-0-0-0-0-0-0-0-0-0-0-0-0-0-0-0-0-0-0-0-0-0-0-0-0-0-0-0-0-0-0-
[WARN] [1790591875.617594672] [uav9.mavros.sys]: FCU: UNK(8): EVENT 11047904 with args -0-0-0-0-0-128-0-0-0-176-122-127-128-176-122-127-128-0-0-0-0-0-0-0-0-0-0-0-0-0-0-0-0-0-0-0-0-0-0-0-
[INFO] [1790591875.617714453] [uav9.mavros.sys]: FCU: EVENT 377561 with args -8-0-0-0-20-0-0-0-0-0-0-0-0-0-0-0-0-0-0-0-0-0-0-0-0-0-0-0-0-0-0-0-0-0-0-0-0-0-0-0-
[WARN] [1790591875.617778926] [uav9.mavros.sys]: FCU: EVENT 453929 with args -255-255-255-255-7-0-0-0-0-0-0-0-0-0-0-0-0-0-0-0-0-0-0-0-0-0-0-0-0-0-0-0-0-0-0-0-0-0-0-0-
[INFO] [1790591875.617813571] [uav9.mavros.sys]: FCU: EVENT 6801787 with args -255-255-255-255-12-0-0-0-0-0-0-0-0-0-0-0-0-0-0-0-0-0-0-0-0-0-0-0-0-0-0-0-0-0-0-0-0-0-0-0-
[WARN] [1790591875.619317022] [uav9.mavros.sys]: FCU: UNK(8): EVENT 1914663 with args -0-10-9-2-56-0-0-0-0-0-0-0-0-0-0-0-0-0-0-0-0-0-0-0-0-0-0-0-0-0-0-0-0-0-0-0-0-0-0-0-
[INFO] [1790591945.110197464] [rclcpp]: signal_handler(SIGINT/SIGTERM)
[WARN] [1790591945.110976829] [uav9.mavros]: UAS Executor terminated
