[INFO] [1790591556.667079006] [uav3.mavros_node]: Starting mavros_node container
[INFO] [1790591556.669520269] [uav3.mavros_node]: FCU URL: udp://:14542@127.0.0.1:14582
[INFO] [1790591556.669549935] [uav3.mavros_node]: GCS URL: 
[INFO] [1790591556.669556519] [uav3.mavros_node]: UAS Prefix: /uas3
[INFO] [1790591556.669562959] [uav3.mavros_node]: Starting mavros router node
[INFO] [1790591556.805226848] [uav3.mavros_router]: Built-in SIMD instructions: SSE, SSE2
[INFO] [1790591556.807885058] [uav3.mavros_router]: Built-in MAVLink package version: 2026.8.8
[INFO] [1790591556.807917584] [uav3.mavros_router]: Known MAVLink dialects: common ardupilotmega ASLUAV AVSSUAS all csAirLink cubepilot development icarous loweheiser marsh paparazzi standard stemstudios storm32 uAvionix ualberta
[INFO] [1790591556.807926943] [uav3.mavros_router]: MAVROS Router started
[INFO] [1790591556.808076676] [uav3.mavros_node]: Starting mavros uas node
[INFO] [1790591557.057629984] [uav3.mavros_router]: Requested to add endpoint: type: 0, url: udp://:14542@127.0.0.1:14582
[INFO] [1790591557.057690834] [uav3.mavros_router]: Endpoint link[1000] created
[INFO] [1790591557.057920196] [uav3.mavros_router]: link[1000] opened successfully
[INFO] [1790591557.057932909] [uav3.mavros_router]: Requested to add endpoint: type: 2, url: /uas3
[INFO] [1790591557.057946287] [uav3.mavros_router]: Endpoint link[1001] created
[INFO] [1790591557.061909260] [uav3.mavros_router]: link[1001] opened successfully
[INFO] [1790591557.069821610] [uav3.mavros_router]: link[1000] detected remote address 3.1
[INFO] [1790591557.072858460] [uav3.mavros]: Plugin actuator_control ignored
[INFO] [1790591557.086223270] [uav3.mavros]: Plugin altitude ignored
[INFO] [1790591557.073220968] [uav3.mavros]: UAS Executor started, threads: 4
[INFO] [1790591557.382558968] [uav3.mavros]: Plugin command created
[INFO] [1790591557.382649199] [uav3.mavros]: Plugin command initialized
[INFO] [1790591557.382665790] [uav3.mavros]: Plugin ftp ignored
[INFO] [1790591557.382671872] [uav3.mavros]: Plugin geofence ignored
[INFO] [1790591557.459256123] [uav3.mavros]: Plugin global_position created
[INFO] [1790591557.459327894] [uav3.mavros]: Plugin global_position initialized
[INFO] [1790591557.459349573] [uav3.mavros]: Plugin home_position ignored
[INFO] [1790591557.459356415] [uav3.mavros]: Plugin imu ignored
[INFO] [1790591557.574971135] [uav3.mavros]: Plugin local_position created
[INFO] [1790591557.575012626] [uav3.mavros]: Plugin local_position initialized
[INFO] [1790591557.575022064] [uav3.mavros]: Plugin manual_control ignored
[INFO] [1790591557.575028478] [uav3.mavros]: Plugin nav_controller_output ignored
[INFO] [1790591557.575034654] [uav3.mavros]: Plugin param ignored
[INFO] [1790591557.575040660] [uav3.mavros]: Plugin rallypoint ignored
[INFO] [1790591557.575046601] [uav3.mavros]: Plugin rc_io ignored
[INFO] [1790591557.575052913] [uav3.mavros]: Plugin setpoint_accel ignored
[INFO] [1790591557.575059219] [uav3.mavros]: Plugin setpoint_attitude ignored
[INFO] [1790591557.575065228] [uav3.mavros]: Plugin setpoint_position ignored
[INFO] [1790591557.575071503] [uav3.mavros]: Plugin setpoint_raw ignored
[INFO] [1790591557.575077449] [uav3.mavros]: Plugin setpoint_trajectory ignored
[INFO] [1790591557.701330908] [uav3.mavros]: Plugin setpoint_velocity created
[INFO] [1790591557.701394928] [uav3.mavros]: Plugin setpoint_velocity initialized
[INFO] [1790591558.039267828] [uav3.mavros]: Plugin sys_status created
[INFO] [1790591558.039692045] [uav3.mavros]: Plugin sys_status initialized
[INFO] [1790591558.304674089] [uav3.mavros.time]: TM: Timesync mode: MAVLINK
[INFO] [1790591558.325629365] [uav3.mavros]: Plugin sys_time created
[INFO] [1790591558.325698476] [uav3.mavros]: Plugin sys_time initialized
[INFO] [1790591558.325710279] [uav3.mavros]: Plugin waypoint ignored
[INFO] [1790591558.325716173] [uav3.mavros]: Plugin wind_estimation ignored
[INFO] [1790591558.339829857] [uav3.mavros]: Built-in SIMD instructions: SSE, SSE2
[INFO] [1790591558.339889239] [uav3.mavros]: Built-in MAVLink package version: 2026.8.8
[INFO] [1790591558.339925161] [uav3.mavros]: Known MAVLink dialects: common ardupilotmega ASLUAV AVSSUAS all csAirLink cubepilot development icarous loweheiser marsh paparazzi standard stemstudios storm32 uAvionix ualberta
[INFO] [1790591558.339933707] [uav3.mavros]: MAVROS UAS via /uas3 started. MY ID 3.191, TARGET ID 3.1
[INFO] [1790591558.428305716] [uav3.mavros_router]: link[1001] detected remote address 3.191
[INFO] [1790591558.767387275] [uav3.mavros]: CON: Got HEARTBEAT, connected. FCU: PX4 Autopilot
[INFO] [1790591559.775112411] [uav3.mavros.sys]: VER: 3.1: Capabilities         0x000000000000e8ff
[INFO] [1790591559.775248898] [uav3.mavros.sys]: VER: 3.1: Flight software:     011200c0 (fca3df865a000000)
[INFO] [1790591559.775264016] [uav3.mavros.sys]: VER: 3.1: Middleware software: 011200c0 (fca3df865a000000)
[INFO] [1790591559.775366309] [uav3.mavros.sys]: VER: 3.1: OS software:         070000ff (17040b9f87cb1791)
[INFO] [1790591559.775379870] [uav3.mavros.sys]: VER: 3.1: Board hardware:      00000001
[INFO] [1790591559.775386356] [uav3.mavros.sys]: VER: 3.1: VID/PID:             0000:0000
[INFO] [1790591559.775392462] [uav3.mavros.sys]: VER: 3.1: UID:                 4954414c44494e51
[WARN] [1790591559.776878746] [uav3.mavros.cmd]: CMD: Unexpected command 512, result 0
[WARN] [1790591570.093518396] [uav3.mavros.sys]: FCU: UNK(8): EVENT 11047904 with args -0-0-0-0-0-128-0-0-0-176-122-127-128-176-122-127-128-0-0-0-0-0-0-0-0-0-0-0-0-0-0-0-0-0-0-0-0-0-0-0-
[INFO] [1790591570.093650575] [uav3.mavros.sys]: FCU: EVENT 377561 with args -8-0-0-0-20-0-0-0-0-0-0-0-0-0-0-0-0-0-0-0-0-0-0-0-0-0-0-0-0-0-0-0-0-0-0-0-0-0-0-0-
[WARN] [1790591570.102607219] [uav3.mavros.sys]: FCU: EVENT 453929 with args -255-255-255-255-7-0-0-0-0-0-0-0-0-0-0-0-0-0-0-0-0-0-0-0-0-0-0-0-0-0-0-0-0-0-0-0-0-0-0-0-
[INFO] [1790591570.103007998] [uav3.mavros.sys]: FCU: EVENT 6801787 with args -255-255-255-255-12-0-0-0-0-0-0-0-0-0-0-0-0-0-0-0-0-0-0-0-0-0-0-0-0-0-0-0-0-0-0-0-0-0-0-0-
[WARN] [1790591570.103177421] [uav3.mavros.sys]: FCU: UNK(8): EVENT 1914663 with args -0-10-13-2-56-0-0-0-0-0-0-0-0-0-0-0-0-0-0-0-0-0-0-0-0-0-0-0-0-0-0-0-0-0-0-0-0-0-0-0-
[WARN] [1790591571.965271702] [uav3.mavros.cmd]: CMD: Unexpected command 176, result 0
[INFO] [1790591572.094498740] [uav3.mavros.sys]: FCU: EVENT 9489139 with args -4-0-0-0-0-0-0-0-0-0-0-0-0-0-0-0-0-0-0-0-0-0-0-0-0-0-0-0-0-0-0-0-0-0-0-0-0-0-0-0-
[INFO] [1790591573.985402775] [uav3.mavros.sys]: FCU: EVENT 4277609 with args -0-0-0-0-0-0-0-0-0-0-0-0-0-0-0-0-0-0-0-0-0-0-0-0-0-0-0-0-0-0-0-0-0-0-0-0-0-0-0-0-
[WARN] [1790591831.845914912] [uav3.mavros.cmd]: CMD: Unexpected command 176, result 0
[INFO] [1790591868.335802844] [uav3.mavros.sys]: FCU: EVENT 9844908 with args -0-0-0-0-0-0-0-0-0-0-0-0-0-0-0-0-0-0-0-0-0-0-0-0-0-0-0-0-0-0-0-0-0-0-0-0-0-0-0-0-
[INFO] [1790591870.916195020] [uav3.mavros.sys]: FCU: EVENT 16017271 with args -6-0-0-0-0-0-0-0-0-0-0-0-0-0-0-0-0-0-0-0-0-0-0-0-0-0-0-0-0-0-0-0-0-0-0-0-0-0-0-0-
[WARN] [1790591875.982889557] [uav3.mavros.sys]: FCU: UNK(8): EVENT 11047904 with args -0-0-0-0-0-128-0-0-0-176-122-127-128-176-122-127-128-0-0-0-0-0-0-0-0-0-0-0-0-0-0-0-0-0-0-0-0-0-0-0-
[INFO] [1790591875.982997606] [uav3.mavros.sys]: FCU: EVENT 377561 with args -8-0-0-0-20-0-0-0-0-0-0-0-0-0-0-0-0-0-0-0-0-0-0-0-0-0-0-0-0-0-0-0-0-0-0-0-0-0-0-0-
[WARN] [1790591875.983063371] [uav3.mavros.sys]: FCU: EVENT 453929 with args -255-255-255-255-7-0-0-0-0-0-0-0-0-0-0-0-0-0-0-0-0-0-0-0-0-0-0-0-0-0-0-0-0-0-0-0-0-0-0-0-
[INFO] [1790591875.983102666] [uav3.mavros.sys]: FCU: EVENT 6801787 with args -255-255-255-255-12-0-0-0-0-0-0-0-0-0-0-0-0-0-0-0-0-0-0-0-0-0-0-0-0-0-0-0-0-0-0-0-0-0-0-0-
[WARN] [1790591875.983138419] [uav3.mavros.sys]: FCU: UNK(8): EVENT 1914663 with args -0-10-9-2-56-0-0-0-0-0-0-0-0-0-0-0-0-0-0-0-0-0-0-0-0-0-0-0-0-0-0-0-0-0-0-0-0-0-0-0-
[WARN] [1790591945.062333480] [uav3.mavros.sys]: FCU: UNK(8): EVENT 11047904 with args -0-0-0-16-0-128-0-0-0-176-58-127-128-176-58-127-128-0-0-0-0-0-0-0-0-0-0-0-0-0-0-0-0-0-0-0-0-0-0-0-
[ERROR] [1790591945.062530743] [uav3.mavros.sys]: FCU: EVENT 11464574 with args -0-64-0-0-20-0-0-0-0-0-0-0-0-0-0-0-0-0-0-0-0-0-0-0-0-0-0-0-0-0-0-0-0-0-0-0-0-0-0-0-
[INFO] [1790591945.127705103] [rclcpp]: signal_handler(SIGINT/SIGTERM)
[WARN] [1790591945.133318816] [uav3.mavros]: UAS Executor terminated
