[INFO] [1790610429.673648970] [uav5.mavros_node]: Starting mavros_node container
[INFO] [1790610429.673760399] [uav5.mavros_node]: FCU URL: udp://:14544@127.0.0.1:14584
[INFO] [1790610429.673768337] [uav5.mavros_node]: GCS URL: 
[INFO] [1790610429.673772614] [uav5.mavros_node]: UAS Prefix: /uas5
[INFO] [1790610429.673776896] [uav5.mavros_node]: Starting mavros router node
[INFO] [1790610429.796915750] [uav5.mavros_router]: Built-in SIMD instructions: SSE, SSE2
[INFO] [1790610429.796975509] [uav5.mavros_router]: Built-in MAVLink package version: 2026.8.8
[INFO] [1790610429.796985077] [uav5.mavros_router]: Known MAVLink dialects: common ardupilotmega ASLUAV AVSSUAS all csAirLink cubepilot development icarous loweheiser marsh paparazzi standard stemstudios storm32 uAvionix ualberta
[INFO] [1790610429.796994122] [uav5.mavros_router]: MAVROS Router started
[INFO] [1790610429.797711222] [uav5.mavros_node]: Starting mavros uas node
[INFO] [1790610430.046833129] [uav5.mavros_router]: Requested to add endpoint: type: 0, url: udp://:14544@127.0.0.1:14584
[INFO] [1790610430.046888050] [uav5.mavros_router]: Endpoint link[1000] created
[INFO] [1790610430.055275727] [uav5.mavros_router]: link[1000] opened successfully
[INFO] [1790610430.055332843] [uav5.mavros_router]: Requested to add endpoint: type: 2, url: /uas5
[INFO] [1790610430.055355132] [uav5.mavros_router]: Endpoint link[1001] created
[INFO] [1790610430.056481051] [uav5.mavros_router]: link[1000] detected remote address 5.1
[INFO] [1790610430.075571525] [uav5.mavros]: UAS Executor started, threads: 4
[INFO] [1790610430.075589391] [uav5.mavros]: Plugin actuator_control ignored
[INFO] [1790610430.081307396] [uav5.mavros]: Plugin altitude ignored
[INFO] [1790610430.198625101] [uav5.mavros_router]: link[1001] opened successfully
[INFO] [1790610430.378450796] [uav5.mavros]: Plugin command created
[INFO] [1790610430.381827237] [uav5.mavros]: Plugin command initialized
[INFO] [1790610430.385764559] [uav5.mavros]: Plugin ftp ignored
[INFO] [1790610430.385780205] [uav5.mavros]: Plugin geofence ignored
[INFO] [1790610430.764223604] [uav5.mavros]: Plugin global_position created
[INFO] [1790610430.776562075] [uav5.mavros]: Plugin global_position initialized
[INFO] [1790610430.776592171] [uav5.mavros]: Plugin home_position ignored
[INFO] [1790610430.776597408] [uav5.mavros]: Plugin imu ignored
[INFO] [1790610431.060071662] [uav5.mavros]: Plugin local_position created
[INFO] [1790610431.060295804] [uav5.mavros]: Plugin local_position initialized
[INFO] [1790610431.060308049] [uav5.mavros]: Plugin manual_control ignored
[INFO] [1790610431.060314500] [uav5.mavros]: Plugin nav_controller_output ignored
[INFO] [1790610431.060320177] [uav5.mavros]: Plugin param ignored
[INFO] [1790610431.060325558] [uav5.mavros]: Plugin rallypoint ignored
[INFO] [1790610431.060338380] [uav5.mavros]: Plugin rc_io ignored
[INFO] [1790610431.060823355] [uav5.mavros]: Plugin setpoint_accel ignored
[INFO] [1790610431.060830276] [uav5.mavros]: Plugin setpoint_attitude ignored
[INFO] [1790610431.060835446] [uav5.mavros]: Plugin setpoint_position ignored
[INFO] [1790610431.060841075] [uav5.mavros]: Plugin setpoint_raw ignored
[INFO] [1790610431.060846291] [uav5.mavros]: Plugin setpoint_trajectory ignored
[INFO] [1790610431.251187265] [uav5.mavros]: Plugin setpoint_velocity created
[INFO] [1790610431.256834521] [uav5.mavros]: Plugin setpoint_velocity initialized
[INFO] [1790610431.579281064] [uav5.mavros]: Plugin sys_status created
[INFO] [1790610431.579368891] [uav5.mavros]: Plugin sys_status initialized
[INFO] [1790610431.722756004] [uav5.mavros.time]: TM: Timesync mode: MAVLINK
[INFO] [1790610431.739741817] [uav5.mavros]: Plugin sys_time created
[INFO] [1790610431.739793669] [uav5.mavros]: Plugin sys_time initialized
[INFO] [1790610431.739803082] [uav5.mavros]: Plugin waypoint ignored
[INFO] [1790610431.739808719] [uav5.mavros]: Plugin wind_estimation ignored
[INFO] [1790610431.751983599] [uav5.mavros]: Built-in SIMD instructions: SSE, SSE2
[INFO] [1790610431.763892037] [uav5.mavros]: Built-in MAVLink package version: 2026.8.8
[INFO] [1790610431.763924099] [uav5.mavros]: Known MAVLink dialects: common ardupilotmega ASLUAV AVSSUAS all csAirLink cubepilot development icarous loweheiser marsh paparazzi standard stemstudios storm32 uAvionix ualberta
[INFO] [1790610431.763931860] [uav5.mavros]: MAVROS UAS via /uas5 started. MY ID 5.191, TARGET ID 5.1
[INFO] [1790610431.813479530] [uav5.mavros_router]: link[1001] detected remote address 5.191
[INFO] [1790610432.033411320] [uav5.mavros]: CON: Got HEARTBEAT, connected. FCU: PX4 Autopilot
[INFO] [1790610433.066870233] [uav5.mavros.sys]: VER: 5.1: Capabilities         0x000000000000e8ff
[INFO] [1790610433.066929565] [uav5.mavros.sys]: VER: 5.1: Flight software:     011200c0 (fca3df865a000000)
[INFO] [1790610433.066937796] [uav5.mavros.sys]: VER: 5.1: Middleware software: 011200c0 (fca3df865a000000)
[INFO] [1790610433.066942554] [uav5.mavros.sys]: VER: 5.1: OS software:         070000ff (17040b9f87cb1791)
[INFO] [1790610433.066947744] [uav5.mavros.sys]: VER: 5.1: Board hardware:      00000001
[INFO] [1790610433.066952080] [uav5.mavros.sys]: VER: 5.1: VID/PID:             0000:0000
[INFO] [1790610433.066956300] [uav5.mavros.sys]: VER: 5.1: UID:                 4954414c44494e53
[WARN] [1790610433.068133176] [uav5.mavros.cmd]: CMD: Unexpected command 512, result 0
[WARN] [1790610447.265129414] [uav5.mavros.sys]: FCU: UNK(8): EVENT 11047904 with args -0-0-0-0-0-128-0-0-0-176-122-127-128-176-122-127-128-0-0-0-0-0-0-0-0-0-0-0-0-0-0-0-0-0-0-0-0-0-0-0-
[INFO] [1790610447.265449988] [uav5.mavros.sys]: FCU: EVENT 377561 with args -8-0-0-0-20-0-0-0-0-0-0-0-0-0-0-0-0-0-0-0-0-0-0-0-0-0-0-0-0-0-0-0-0-0-0-0-0-0-0-0-
[WARN] [1790610447.265475624] [uav5.mavros.sys]: FCU: EVENT 453929 with args -255-255-255-255-7-0-0-0-0-0-0-0-0-0-0-0-0-0-0-0-0-0-0-0-0-0-0-0-0-0-0-0-0-0-0-0-0-0-0-0-
[INFO] [1790610447.265514778] [uav5.mavros.sys]: FCU: EVENT 6801787 with args -255-255-255-255-12-0-0-0-0-0-0-0-0-0-0-0-0-0-0-0-0-0-0-0-0-0-0-0-0-0-0-0-0-0-0-0-0-0-0-0-
[WARN] [1790610447.265550958] [uav5.mavros.sys]: FCU: UNK(8): EVENT 1914663 with args -0-10-13-2-56-0-0-0-0-0-0-0-0-0-0-0-0-0-0-0-0-0-0-0-0-0-0-0-0-0-0-0-0-0-0-0-0-0-0-0-
[WARN] [1790610454.968234959] [uav5.mavros.cmd]: CMD: Unexpected command 176, result 0
[INFO] [1790610455.039052725] [uav5.mavros.sys]: FCU: EVENT 9489139 with args -4-0-0-0-0-0-0-0-0-0-0-0-0-0-0-0-0-0-0-0-0-0-0-0-0-0-0-0-0-0-0-0-0-0-0-0-0-0-0-0-
[INFO] [1790610457.063341377] [uav5.mavros.sys]: FCU: EVENT 4277609 with args -0-0-0-0-0-0-0-0-0-0-0-0-0-0-0-0-0-0-0-0-0-0-0-0-0-0-0-0-0-0-0-0-0-0-0-0-0-0-0-0-
[WARN] [1790610737.437403259] [uav5.mavros.cmd]: CMD: Unexpected command 176, result 0
[INFO] [1790610770.987887999] [uav5.mavros.sys]: FCU: EVENT 9844908 with args -0-0-0-0-0-0-0-0-0-0-0-0-0-0-0-0-0-0-0-0-0-0-0-0-0-0-0-0-0-0-0-0-0-0-0-0-0-0-0-0-
[INFO] [1790610773.097752290] [uav5.mavros.sys]: FCU: EVENT 16017271 with args -6-0-0-0-0-0-0-0-0-0-0-0-0-0-0-0-0-0-0-0-0-0-0-0-0-0-0-0-0-0-0-0-0-0-0-0-0-0-0-0-
[INFO] [1790610776.516700689] [rclcpp]: signal_handler(SIGINT/SIGTERM)
[WARN] [1790610776.531919317] [uav5.mavros]: UAS Executor terminated
