[INFO] [1790610429.645158417] [uav7.mavros_node]: Starting mavros_node container
[INFO] [1790610429.648401783] [uav7.mavros_node]: FCU URL: udp://:14546@127.0.0.1:14586
[INFO] [1790610429.648418079] [uav7.mavros_node]: GCS URL: 
[INFO] [1790610429.648422844] [uav7.mavros_node]: UAS Prefix: /uas7
[INFO] [1790610429.648427412] [uav7.mavros_node]: Starting mavros router node
[INFO] [1790610429.741083832] [uav7.mavros_router]: Built-in SIMD instructions: SSE, SSE2
[INFO] [1790610429.741123000] [uav7.mavros_router]: Built-in MAVLink package version: 2026.8.8
[INFO] [1790610429.741132176] [uav7.mavros_router]: Known MAVLink dialects: common ardupilotmega ASLUAV AVSSUAS all csAirLink cubepilot development icarous loweheiser marsh paparazzi standard stemstudios storm32 uAvionix ualberta
[INFO] [1790610429.741138809] [uav7.mavros_router]: MAVROS Router started
[INFO] [1790610429.741290782] [uav7.mavros_node]: Starting mavros uas node
[INFO] [1790610429.987553070] [uav7.mavros_router]: Requested to add endpoint: type: 0, url: udp://:14546@127.0.0.1:14586
[INFO] [1790610429.992662301] [uav7.mavros_router]: Endpoint link[1000] created
[INFO] [1790610429.992924929] [uav7.mavros_router]: link[1000] opened successfully
[INFO] [1790610429.992953304] [uav7.mavros_router]: Requested to add endpoint: type: 2, url: /uas7
[INFO] [1790610429.994952628] [uav7.mavros_router]: Endpoint link[1001] created
[INFO] [1790610429.995156636] [uav7.mavros_router]: link[1000] detected remote address 7.1
[INFO] [1790610430.005114499] [uav7.mavros]: Plugin actuator_control ignored
[INFO] [1790610430.005166556] [uav7.mavros]: Plugin altitude ignored
[INFO] [1790610430.005675396] [uav7.mavros]: UAS Executor started, threads: 4
[INFO] [1790610430.046572767] [uav7.mavros_router]: link[1001] opened successfully
[INFO] [1790610430.340567656] [uav7.mavros]: Plugin command created
[INFO] [1790610430.340647449] [uav7.mavros]: Plugin command initialized
[INFO] [1790610430.340663329] [uav7.mavros]: Plugin ftp ignored
[INFO] [1790610430.340669693] [uav7.mavros]: Plugin geofence ignored
[INFO] [1790610430.695007314] [uav7.mavros]: Plugin global_position created
[INFO] [1790610430.695917922] [uav7.mavros]: Plugin global_position initialized
[INFO] [1790610430.695956705] [uav7.mavros]: Plugin home_position ignored
[INFO] [1790610430.695963963] [uav7.mavros]: Plugin imu ignored
[INFO] [1790610431.128426924] [uav7.mavros]: Plugin local_position created
[INFO] [1790610431.128475632] [uav7.mavros]: Plugin local_position initialized
[INFO] [1790610431.128487497] [uav7.mavros]: Plugin manual_control ignored
[INFO] [1790610431.128493681] [uav7.mavros]: Plugin nav_controller_output ignored
[INFO] [1790610431.128499868] [uav7.mavros]: Plugin param ignored
[INFO] [1790610431.128505915] [uav7.mavros]: Plugin rallypoint ignored
[INFO] [1790610431.128517113] [uav7.mavros]: Plugin rc_io ignored
[INFO] [1790610431.128523234] [uav7.mavros]: Plugin setpoint_accel ignored
[INFO] [1790610431.128529189] [uav7.mavros]: Plugin setpoint_attitude ignored
[INFO] [1790610431.128535476] [uav7.mavros]: Plugin setpoint_position ignored
[INFO] [1790610431.128541561] [uav7.mavros]: Plugin setpoint_raw ignored
[INFO] [1790610431.128547249] [uav7.mavros]: Plugin setpoint_trajectory ignored
[INFO] [1790610431.325362013] [uav7.mavros]: Plugin setpoint_velocity created
[INFO] [1790610431.325417820] [uav7.mavros]: Plugin setpoint_velocity initialized
[INFO] [1790610431.570958116] [uav7.mavros]: Plugin sys_status created
[INFO] [1790610431.571034386] [uav7.mavros]: Plugin sys_status initialized
[INFO] [1790610431.684434112] [uav7.mavros.time]: TM: Timesync mode: MAVLINK
[INFO] [1790610431.700789965] [uav7.mavros]: Plugin sys_time created
[INFO] [1790610431.700846583] [uav7.mavros]: Plugin sys_time initialized
[INFO] [1790610431.700856136] [uav7.mavros]: Plugin waypoint ignored
[INFO] [1790610431.700861241] [uav7.mavros]: Plugin wind_estimation ignored
[INFO] [1790610431.709587281] [uav7.mavros]: Built-in SIMD instructions: SSE, SSE2
[INFO] [1790610431.709637141] [uav7.mavros]: Built-in MAVLink package version: 2026.8.8
[INFO] [1790610431.711706781] [uav7.mavros]: Known MAVLink dialects: common ardupilotmega ASLUAV AVSSUAS all csAirLink cubepilot development icarous loweheiser marsh paparazzi standard stemstudios storm32 uAvionix ualberta
[INFO] [1790610431.711719560] [uav7.mavros]: MAVROS UAS via /uas7 started. MY ID 7.191, TARGET ID 7.1
[INFO] [1790610431.732960279] [uav7.mavros_router]: link[1001] detected remote address 7.191
[INFO] [1790610432.172820000] [uav7.mavros]: CON: Got HEARTBEAT, connected. FCU: PX4 Autopilot
[INFO] [1790610433.235956269] [uav7.mavros.sys]: VER: 7.1: Capabilities         0x000000000000e8ff
[INFO] [1790610433.236014905] [uav7.mavros.sys]: VER: 7.1: Flight software:     011200c0 (fca3df865a000000)
[INFO] [1790610433.236023172] [uav7.mavros.sys]: VER: 7.1: Middleware software: 011200c0 (fca3df865a000000)
[INFO] [1790610433.236031757] [uav7.mavros.sys]: VER: 7.1: OS software:         070000ff (17040b9f87cb1791)
[INFO] [1790610433.236036758] [uav7.mavros.sys]: VER: 7.1: Board hardware:      00000001
[INFO] [1790610433.236041004] [uav7.mavros.sys]: VER: 7.1: VID/PID:             0000:0000
[INFO] [1790610433.236046060] [uav7.mavros.sys]: VER: 7.1: UID:                 4954414c44494e55
[WARN] [1790610433.240012397] [uav7.mavros.cmd]: CMD: Unexpected command 512, result 0
[WARN] [1790610447.192911201] [uav7.mavros.sys]: FCU: UNK(8): EVENT 11047904 with args -0-0-0-0-0-128-0-0-0-176-122-127-128-176-122-127-128-0-0-0-0-0-0-0-0-0-0-0-0-0-0-0-0-0-0-0-0-0-0-0-
[INFO] [1790610447.193013054] [uav7.mavros.sys]: FCU: EVENT 377561 with args -8-0-0-0-20-0-0-0-0-0-0-0-0-0-0-0-0-0-0-0-0-0-0-0-0-0-0-0-0-0-0-0-0-0-0-0-0-0-0-0-
[WARN] [1790610447.193052313] [uav7.mavros.sys]: FCU: EVENT 453929 with args -255-255-255-255-7-0-0-0-0-0-0-0-0-0-0-0-0-0-0-0-0-0-0-0-0-0-0-0-0-0-0-0-0-0-0-0-0-0-0-0-
[INFO] [1790610447.193087600] [uav7.mavros.sys]: FCU: EVENT 6801787 with args -255-255-255-255-12-0-0-0-0-0-0-0-0-0-0-0-0-0-0-0-0-0-0-0-0-0-0-0-0-0-0-0-0-0-0-0-0-0-0-0-
[WARN] [1790610447.193743341] [uav7.mavros.sys]: FCU: UNK(8): EVENT 1914663 with args -0-10-13-2-56-0-0-0-0-0-0-0-0-0-0-0-0-0-0-0-0-0-0-0-0-0-0-0-0-0-0-0-0-0-0-0-0-0-0-0-
[WARN] [1790610454.973368713] [uav7.mavros.cmd]: CMD: Unexpected command 176, result 0
[INFO] [1790610456.044770926] [uav7.mavros.sys]: FCU: EVENT 9489139 with args -4-0-0-0-0-0-0-0-0-0-0-0-0-0-0-0-0-0-0-0-0-0-0-0-0-0-0-0-0-0-0-0-0-0-0-0-0-0-0-0-
[INFO] [1790610458.080877065] [uav7.mavros.sys]: FCU: EVENT 4277609 with args -0-0-0-0-0-0-0-0-0-0-0-0-0-0-0-0-0-0-0-0-0-0-0-0-0-0-0-0-0-0-0-0-0-0-0-0-0-0-0-0-
[WARN] [1790610737.446353608] [uav7.mavros.cmd]: CMD: Unexpected command 176, result 0
[INFO] [1790610771.456842430] [uav7.mavros.sys]: FCU: EVENT 9844908 with args -0-0-0-0-0-0-0-0-0-0-0-0-0-0-0-0-0-0-0-0-0-0-0-0-0-0-0-0-0-0-0-0-0-0-0-0-0-0-0-0-
[INFO] [1790610773.598460269] [uav7.mavros.sys]: FCU: EVENT 16017271 with args -6-0-0-0-0-0-0-0-0-0-0-0-0-0-0-0-0-0-0-0-0-0-0-0-0-0-0-0-0-0-0-0-0-0-0-0-0-0-0-0-
[INFO] [1790610776.522072571] [rclcpp]: signal_handler(SIGINT/SIGTERM)
[WARN] [1790610776.531205242] [uav7.mavros]: UAS Executor terminated
