2026-09-28T12:12:12 runner started (pid 21932); mode run
2026-09-28T12:15:13 phase_4/F1_t1: start
2026-09-28T12:20:53 phase_4/F1_t1: COMPLETED after 5.7 min
2026-09-28T12:20:53 phase_4/F2_t1: start
2026-09-28T12:26:40 phase_4/F2_t1: COMPLETED after 5.8 min
2026-09-28T12:26:40 phase_4/F3_t1: start
2026-09-28T12:32:22 phase_4/F3_t1: COMPLETED after 5.7 min
2026-09-28T12:32:22 phase_4/F4_t1: start
2026-09-28T12:38:04 phase_4/F4_t1: COMPLETED after 5.7 min
2026-09-28T12:38:04 phase_4/F5_t1: start
2026-09-28T12:38:45 phase_4/F5_t1: interrupted: charger unplugged or power saver on after 0.7 min
2026-09-28T12:38:45 phase_4/F5_t1: partial files of an interrupted attempt removed (interrupted: charger unplugged or power saver on)
2026-09-28T12:43:47 phase_4/F5_t1: start
2026-09-28T12:49:35 phase_4/F5_t1: COMPLETED after 5.8 min
2026-09-28T12:49:36 phase_4/F1_t2: start
2026-09-28T12:55:25 phase_4/F1_t2: COMPLETED after 5.8 min
2026-09-28T12:55:25 phase_4/F2_t2: start
2026-09-28T13:01:08 phase_4/F2_t2: COMPLETED after 5.7 min
2026-09-28T13:01:08 phase_4/F3_t2: start
2026-09-28T13:08:24 phase_4/F3_t2: COMPLETED after 7.3 min
2026-09-28T13:08:24 phase_4/F4_t2: start
2026-09-28T13:13:51 phase_4/F4_t2: COMPLETED after 5.4 min
2026-09-28T13:13:51 phase_4/F5_t2: start
2026-09-28T13:19:24 phase_4/F5_t2: COMPLETED after 5.6 min
2026-09-28T13:19:24 phase_4/F1_t3: start
2026-09-28T13:24:49 phase_4/F1_t3: COMPLETED after 5.4 min
2026-09-28T13:24:49 phase_4/F2_t3: start
2026-09-28T13:30:21 phase_4/F2_t3: COMPLETED after 5.5 min
2026-09-28T13:30:21 phase_4/F3_t3: start
2026-09-28T13:35:48 phase_4/F3_t3: COMPLETED after 5.5 min
2026-09-28T13:35:49 phase_4/F4_t3: start
2026-09-28T13:41:09 phase_4/F4_t3: COMPLETED after 5.3 min
2026-09-28T13:41:09 phase_4/F5_t3: start
2026-09-28T13:46:47 phase_4/F5_t3: COMPLETED after 5.6 min
2026-09-28T13:46:47 phase_4/F1_t4: start
2026-09-28T13:52:15 phase_4/F1_t4: COMPLETED after 5.5 min
2026-09-28T13:52:15 phase_4/F2_t4: start
2026-09-28T13:57:44 phase_4/F2_t4: COMPLETED after 5.5 min
2026-09-28T13:57:44 phase_4/F3_t4: start
2026-09-28T14:03:13 phase_4/F3_t4: COMPLETED after 5.5 min
2026-09-28T14:03:13 phase_4/F4_t4: start
2026-09-28T14:08:36 phase_4/F4_t4: COMPLETED after 5.4 min
2026-09-28T14:08:36 phase_4/F5_t4: start
2026-09-28T14:14:05 phase_4/F5_t4: COMPLETED after 5.5 min
2026-09-28T14:14:05 phase_4/F1_t5: start
2026-09-28T14:19:33 phase_4/F1_t5: COMPLETED after 5.5 min
2026-09-28T14:19:33 phase_4/F2_t5: start
2026-09-28T14:25:02 phase_4/F2_t5: COMPLETED after 5.5 min
2026-09-28T14:25:02 phase_4/F3_t5: start
2026-09-28T14:31:00 phase_4/F3_t5: interrupted: charger unplugged or power saver on after 6.0 min
2026-09-28T14:31:00 phase_4/F3_t5: partial files of an interrupted attempt removed (interrupted: charger unplugged or power saver on)
2026-09-28T14:32:31 phase_4/F3_t5: start
2026-09-28T14:38:36 phase_4/F3_t5: COMPLETED after 6.1 min
2026-09-28T14:38:36 phase_4/F4_t5: start
2026-09-28T14:41:17 phase_4/F4_t5: interrupted: charger unplugged or power saver on after 2.7 min
2026-09-28T14:41:17 phase_4/F4_t5: partial files of an interrupted attempt removed (interrupted: charger unplugged or power saver on)
2026-09-28T15:10:19 runner started (pid 137925); mode run, running on battery allowed
2026-09-28T15:10:19 phase_4/F4_t5: start
2026-09-28T15:15:47 phase_4/F4_t5: COMPLETED after 5.5 min
2026-09-28T15:15:47 phase_4/F5_t5: start
2026-09-28T15:21:25 phase_4/F5_t5: COMPLETED after 5.6 min
2026-09-28T15:21:25 phase_4/F1_t6: start
2026-09-28T15:26:52 phase_4/F1_t6: COMPLETED after 5.5 min
2026-09-28T15:26:52 phase_4/F2_t6: start
2026-09-28T15:32:25 phase_4/F2_t6: COMPLETED after 5.5 min
2026-09-28T15:32:25 phase_4/F3_t6: start
2026-09-28T15:39:10 phase_4/F3_t6: COMPLETED after 6.7 min
2026-09-28T15:39:10 phase_4/F4_t6: start
2026-09-28T15:44:38 phase_4/F4_t6: COMPLETED after 5.5 min
2026-09-28T15:44:39 phase_4/F5_t6: start
2026-09-28T15:50:23 phase_4/F5_t6: COMPLETED after 5.7 min
2026-09-28T15:50:23 phase_4/F1_t7: start
2026-09-28T15:55:52 phase_4/F1_t7: COMPLETED after 5.5 min
2026-09-28T15:55:52 phase_4/F2_t7: start
2026-09-28T16:01:26 phase_4/F2_t7: COMPLETED after 5.6 min
2026-09-28T16:01:26 phase_4/F3_t7: start
2026-09-28T16:07:05 phase_4/F3_t7: COMPLETED after 5.6 min
2026-09-28T16:07:05 phase_4/F4_t7: start
2026-09-28T16:12:43 phase_4/F4_t7: COMPLETED after 5.6 min
2026-09-28T16:12:43 phase_4/F5_t7: start
2026-09-28T16:18:17 phase_4/F5_t7: COMPLETED after 5.6 min
2026-09-28T16:18:17 phase_4/F1_t8: start
2026-09-28T16:23:55 phase_4/F1_t8: COMPLETED after 5.6 min
2026-09-28T16:23:56 phase_4/F2_t8: start
2026-09-28T16:29:36 phase_4/F2_t8: COMPLETED after 5.7 min
2026-09-28T16:29:37 phase_4/F3_t8: start
2026-09-28T16:35:10 phase_4/F3_t8: COMPLETED after 5.6 min
2026-09-28T16:35:10 phase_4/F4_t8: start
