[INFO] [1790600623.936316873] [uav2.mavros_node]: Starting mavros_node container
[INFO] [1790600623.937323786] [uav2.mavros_node]: FCU URL: udp://:14541@127.0.0.1:14581
[INFO] [1790600623.937342443] [uav2.mavros_node]: GCS URL: 
[INFO] [1790600623.937347473] [uav2.mavros_node]: UAS Prefix: /uas2
[INFO] [1790600623.937352388] [uav2.mavros_node]: Starting mavros router node
[INFO] [1790600624.070797575] [uav2.mavros_router]: Built-in SIMD instructions: SSE, SSE2
[INFO] [1790600624.070842783] [uav2.mavros_router]: Built-in MAVLink package version: 2026.8.8
[INFO] [1790600624.070851161] [uav2.mavros_router]: Known MAVLink dialects: common ardupilotmega ASLUAV AVSSUAS all csAirLink cubepilot development icarous loweheiser marsh paparazzi standard stemstudios storm32 uAvionix ualberta
[INFO] [1790600624.070857073] [uav2.mavros_router]: MAVROS Router started
[INFO] [1790600624.071020819] [uav2.mavros_node]: Starting mavros uas node
[INFO] [1790600624.340204759] [uav2.mavros_router]: Requested to add endpoint: type: 0, url: udp://:14541@127.0.0.1:14581
[INFO] [1790600624.340269995] [uav2.mavros_router]: Endpoint link[1000] created
[INFO] [1790600624.340524544] [uav2.mavros_router]: link[1000] opened successfully
[INFO] [1790600624.340546580] [uav2.mavros_router]: Requested to add endpoint: type: 2, url: /uas2
[INFO] [1790600624.340560211] [uav2.mavros_router]: Endpoint link[1001] created
[INFO] [1790600624.349313587] [uav2.mavros_router]: link[1000] detected remote address 2.1
[INFO] [1790600624.365597093] [uav2.mavros]: Plugin actuator_control ignored
[INFO] [1790600624.365641989] [uav2.mavros]: Plugin altitude ignored
[INFO] [1790600624.366276941] [uav2.mavros]: UAS Executor started, threads: 4
[INFO] [1790600624.448319494] [uav2.mavros_router]: link[1001] opened successfully
[INFO] [1790600624.653260408] [uav2.mavros]: Plugin command created
[INFO] [1790600624.653335729] [uav2.mavros]: Plugin command initialized
[INFO] [1790600624.653346660] [uav2.mavros]: Plugin ftp ignored
[INFO] [1790600624.653352609] [uav2.mavros]: Plugin geofence ignored
[INFO] [1790600624.874950532] [uav2.mavros]: Plugin global_position created
[INFO] [1790600624.875003539] [uav2.mavros]: Plugin global_position initialized
[INFO] [1790600624.875013350] [uav2.mavros]: Plugin home_position ignored
[INFO] [1790600624.875018968] [uav2.mavros]: Plugin imu ignored
[INFO] [1790600625.152964730] [uav2.mavros]: Plugin local_position created
[INFO] [1790600625.153022726] [uav2.mavros]: Plugin local_position initialized
[INFO] [1790600625.153032875] [uav2.mavros]: Plugin manual_control ignored
[INFO] [1790600625.153038386] [uav2.mavros]: Plugin nav_controller_output ignored
[INFO] [1790600625.153043328] [uav2.mavros]: Plugin param ignored
[INFO] [1790600625.153048590] [uav2.mavros]: Plugin rallypoint ignored
[INFO] [1790600625.153053933] [uav2.mavros]: Plugin rc_io ignored
[INFO] [1790600625.153059472] [uav2.mavros]: Plugin setpoint_accel ignored
[INFO] [1790600625.153064675] [uav2.mavros]: Plugin setpoint_attitude ignored
[INFO] [1790600625.153069672] [uav2.mavros]: Plugin setpoint_position ignored
[INFO] [1790600625.153074049] [uav2.mavros]: Plugin setpoint_raw ignored
[INFO] [1790600625.153083098] [uav2.mavros]: Plugin setpoint_trajectory ignored
[INFO] [1790600625.362765117] [uav2.mavros]: Plugin setpoint_velocity created
[INFO] [1790600625.362823817] [uav2.mavros]: Plugin setpoint_velocity initialized
[INFO] [1790600625.701215753] [uav2.mavros]: Plugin sys_status created
[INFO] [1790600625.701419737] [uav2.mavros]: Plugin sys_status initialized
[INFO] [1790600625.777936688] [uav2.mavros.time]: TM: Timesync mode: MAVLINK
[INFO] [1790600625.799506192] [uav2.mavros]: Plugin sys_time created
[INFO] [1790600625.800058004] [uav2.mavros]: Plugin sys_time initialized
[INFO] [1790600625.800088446] [uav2.mavros]: Plugin waypoint ignored
[INFO] [1790600625.800094700] [uav2.mavros]: Plugin wind_estimation ignored
[INFO] [1790600625.819948729] [uav2.mavros]: Built-in SIMD instructions: SSE, SSE2
[INFO] [1790600625.819995555] [uav2.mavros]: Built-in MAVLink package version: 2026.8.8
[INFO] [1790600625.820028355] [uav2.mavros]: Known MAVLink dialects: common ardupilotmega ASLUAV AVSSUAS all csAirLink cubepilot development icarous loweheiser marsh paparazzi standard stemstudios storm32 uAvionix ualberta
[INFO] [1790600625.820035635] [uav2.mavros]: MAVROS UAS via /uas2 started. MY ID 2.191, TARGET ID 2.1
[INFO] [1790600625.833144041] [uav2.mavros_router]: link[1001] detected remote address 2.191
[INFO] [1790600626.355376797] [uav2.mavros]: CON: Got HEARTBEAT, connected. FCU: PX4 Autopilot
[INFO] [1790600627.390760786] [uav2.mavros.sys]: VER: 2.1: Capabilities         0x000000000000e8ff
[INFO] [1790600627.390821364] [uav2.mavros.sys]: VER: 2.1: Flight software:     011200c0 (fca3df865a000000)
[INFO] [1790600627.390829715] [uav2.mavros.sys]: VER: 2.1: Middleware software: 011200c0 (fca3df865a000000)
[INFO] [1790600627.390834985] [uav2.mavros.sys]: VER: 2.1: OS software:         070000ff (17040b9f87cb1791)
[INFO] [1790600627.390839487] [uav2.mavros.sys]: VER: 2.1: Board hardware:      00000001
[INFO] [1790600627.390844177] [uav2.mavros.sys]: VER: 2.1: VID/PID:             0000:0000
[INFO] [1790600627.390849089] [uav2.mavros.sys]: VER: 2.1: UID:                 4954414c44494e50
[WARN] [1790600627.390890202] [uav2.mavros.cmd]: CMD: Unexpected command 512, result 0
[WARN] [1790600637.987370781] [uav2.mavros.sys]: FCU: UNK(8): EVENT 11047904 with args -0-0-0-0-0-128-0-0-0-176-122-127-128-176-122-127-128-0-0-0-0-0-0-0-0-0-0-0-0-0-0-0-0-0-0-0-0-0-0-0-
[INFO] [1790600637.987456576] [uav2.mavros.sys]: FCU: EVENT 377561 with args -8-0-0-0-20-0-0-0-0-0-0-0-0-0-0-0-0-0-0-0-0-0-0-0-0-0-0-0-0-0-0-0-0-0-0-0-0-0-0-0-
[WARN] [1790600637.987492451] [uav2.mavros.sys]: FCU: EVENT 453929 with args -255-255-255-255-7-0-0-0-0-0-0-0-0-0-0-0-0-0-0-0-0-0-0-0-0-0-0-0-0-0-0-0-0-0-0-0-0-0-0-0-
[INFO] [1790600637.987525324] [uav2.mavros.sys]: FCU: EVENT 6801787 with args -255-255-255-255-12-0-0-0-0-0-0-0-0-0-0-0-0-0-0-0-0-0-0-0-0-0-0-0-0-0-0-0-0-0-0-0-0-0-0-0-
[WARN] [1790600637.987555646] [uav2.mavros.sys]: FCU: UNK(8): EVENT 1914663 with args -0-10-13-2-56-0-0-0-0-0-0-0-0-0-0-0-0-0-0-0-0-0-0-0-0-0-0-0-0-0-0-0-0-0-0-0-0-0-0-0-
[WARN] [1790600640.666843242] [uav2.mavros.cmd]: CMD: Unexpected command 176, result 0
[INFO] [1790600640.859427366] [uav2.mavros.sys]: FCU: EVENT 9489139 with args -4-0-0-0-0-0-0-0-0-0-0-0-0-0-0-0-0-0-0-0-0-0-0-0-0-0-0-0-0-0-0-0-0-0-0-0-0-0-0-0-
[INFO] [1790600642.880209456] [uav2.mavros.sys]: FCU: EVENT 4277609 with args -0-0-0-0-0-0-0-0-0-0-0-0-0-0-0-0-0-0-0-0-0-0-0-0-0-0-0-0-0-0-0-0-0-0-0-0-0-0-0-0-
[WARN] [1790600895.005382389] [uav2.mavros.cmd]: CMD: Unexpected command 176, result 0
[INFO] [1790600927.124618790] [uav2.mavros.sys]: FCU: EVENT 9844908 with args -0-0-0-0-0-0-0-0-0-0-0-0-0-0-0-0-0-0-0-0-0-0-0-0-0-0-0-0-0-0-0-0-0-0-0-0-0-0-0-0-
[INFO] [1790600929.230526105] [uav2.mavros.sys]: FCU: EVENT 16017271 with args -6-0-0-0-0-0-0-0-0-0-0-0-0-0-0-0-0-0-0-0-0-0-0-0-0-0-0-0-0-0-0-0-0-0-0-0-0-0-0-0-
[WARN] [1790600933.008948178] [uav2.mavros.sys]: FCU: UNK(8): EVENT 11047904 with args -0-0-0-0-0-128-0-0-0-176-122-127-128-176-122-127-128-0-0-0-0-0-0-0-0-0-0-0-0-0-0-0-0-0-0-0-0-0-0-0-
[INFO] [1790600933.009014944] [uav2.mavros.sys]: FCU: EVENT 377561 with args -8-0-0-0-20-0-0-0-0-0-0-0-0-0-0-0-0-0-0-0-0-0-0-0-0-0-0-0-0-0-0-0-0-0-0-0-0-0-0-0-
[WARN] [1790600933.009097871] [uav2.mavros.sys]: FCU: EVENT 453929 with args -255-255-255-255-7-0-0-0-0-0-0-0-0-0-0-0-0-0-0-0-0-0-0-0-0-0-0-0-0-0-0-0-0-0-0-0-0-0-0-0-
[INFO] [1790600933.009114871] [uav2.mavros.sys]: FCU: EVENT 6801787 with args -255-255-255-255-12-0-0-0-0-0-0-0-0-0-0-0-0-0-0-0-0-0-0-0-0-0-0-0-0-0-0-0-0-0-0-0-0-0-0-0-
[WARN] [1790600933.009142351] [uav2.mavros.sys]: FCU: UNK(8): EVENT 1914663 with args -0-10-9-2-56-0-0-0-0-0-0-0-0-0-0-0-0-0-0-0-0-0-0-0-0-0-0-0-0-0-0-0-0-0-0-0-0-0-0-0-
[INFO] [1790600937.917553471] [rclcpp]: signal_handler(SIGINT/SIGTERM)
[WARN] [1790600937.918242338] [uav2.mavros]: UAS Executor terminated
