[INFO] [1790585218.740970268] [uav2.mavros_node]: Starting mavros_node container
[INFO] [1790585218.741068791] [uav2.mavros_node]: FCU URL: udp://:14541@127.0.0.1:14581
[INFO] [1790585218.741078325] [uav2.mavros_node]: GCS URL: 
[INFO] [1790585218.741083505] [uav2.mavros_node]: UAS Prefix: /uas2
[INFO] [1790585218.741088238] [uav2.mavros_node]: Starting mavros router node
[INFO] [1790585218.872910537] [uav2.mavros_router]: Built-in SIMD instructions: SSE, SSE2
[INFO] [1790585218.872977705] [uav2.mavros_router]: Built-in MAVLink package version: 2026.8.8
[INFO] [1790585218.872988174] [uav2.mavros_router]: Known MAVLink dialects: common ardupilotmega ASLUAV AVSSUAS all csAirLink cubepilot development icarous loweheiser marsh paparazzi standard stemstudios storm32 uAvionix ualberta
[INFO] [1790585218.872995008] [uav2.mavros_router]: MAVROS Router started
[INFO] [1790585218.873153475] [uav2.mavros_node]: Starting mavros uas node
[INFO] [1790585219.134377232] [uav2.mavros_router]: Requested to add endpoint: type: 0, url: udp://:14541@127.0.0.1:14581
[INFO] [1790585219.134813074] [uav2.mavros_router]: Endpoint link[1000] created
[INFO] [1790585219.135055119] [uav2.mavros_router]: link[1000] opened successfully
[INFO] [1790585219.135086190] [uav2.mavros_router]: Requested to add endpoint: type: 2, url: /uas2
[INFO] [1790585219.135099650] [uav2.mavros_router]: Endpoint link[1001] created
[INFO] [1790585219.142055809] [uav2.mavros_router]: link[1000] detected remote address 2.1
[INFO] [1790585219.152161218] [uav2.mavros]: UAS Executor started, threads: 4
[INFO] [1790585219.152177535] [uav2.mavros]: Plugin actuator_control ignored
[INFO] [1790585219.152683987] [uav2.mavros]: Plugin altitude ignored
[INFO] [1790585219.155936889] [uav2.mavros_router]: link[1001] opened successfully
[INFO] [1790585219.477428244] [uav2.mavros]: Plugin command created
[INFO] [1790585219.477502226] [uav2.mavros]: Plugin command initialized
[INFO] [1790585219.477515281] [uav2.mavros]: Plugin ftp ignored
[INFO] [1790585219.477522529] [uav2.mavros]: Plugin geofence ignored
[INFO] [1790585219.768405139] [uav2.mavros]: Plugin global_position created
[INFO] [1790585219.768467010] [uav2.mavros]: Plugin global_position initialized
[INFO] [1790585219.768478584] [uav2.mavros]: Plugin home_position ignored
[INFO] [1790585219.768485580] [uav2.mavros]: Plugin imu ignored
[INFO] [1790585220.254824366] [uav2.mavros]: Plugin local_position created
[INFO] [1790585220.254878021] [uav2.mavros]: Plugin local_position initialized
[INFO] [1790585220.254895622] [uav2.mavros]: Plugin manual_control ignored
[INFO] [1790585220.254903010] [uav2.mavros]: Plugin nav_controller_output ignored
[INFO] [1790585220.254908860] [uav2.mavros]: Plugin param ignored
[INFO] [1790585220.254915117] [uav2.mavros]: Plugin rallypoint ignored
[INFO] [1790585220.254921104] [uav2.mavros]: Plugin rc_io ignored
[INFO] [1790585220.254926269] [uav2.mavros]: Plugin setpoint_accel ignored
[INFO] [1790585220.254931226] [uav2.mavros]: Plugin setpoint_attitude ignored
[INFO] [1790585220.254937323] [uav2.mavros]: Plugin setpoint_position ignored
[INFO] [1790585220.254943146] [uav2.mavros]: Plugin setpoint_raw ignored
[INFO] [1790585220.254948098] [uav2.mavros]: Plugin setpoint_trajectory ignored
[INFO] [1790585220.493552372] [uav2.mavros]: Plugin setpoint_velocity created
[INFO] [1790585220.495640809] [uav2.mavros]: Plugin setpoint_velocity initialized
[INFO] [1790585220.693245603] [uav2.mavros]: Plugin sys_status created
[INFO] [1790585220.693324050] [uav2.mavros]: Plugin sys_status initialized
[INFO] [1790585220.850342024] [uav2.mavros.time]: TM: Timesync mode: MAVLINK
[INFO] [1790585220.884861644] [uav2.mavros]: Plugin sys_time created
[INFO] [1790585220.884931006] [uav2.mavros]: Plugin sys_time initialized
[INFO] [1790585220.884942352] [uav2.mavros]: Plugin waypoint ignored
[INFO] [1790585220.884949647] [uav2.mavros]: Plugin wind_estimation ignored
[INFO] [1790585220.906261770] [uav2.mavros]: Built-in SIMD instructions: SSE, SSE2
[INFO] [1790585220.907702238] [uav2.mavros]: Built-in MAVLink package version: 2026.8.8
[INFO] [1790585220.909132535] [uav2.mavros]: Known MAVLink dialects: common ardupilotmega ASLUAV AVSSUAS all csAirLink cubepilot development icarous loweheiser marsh paparazzi standard stemstudios storm32 uAvionix ualberta
[INFO] [1790585220.909158114] [uav2.mavros]: MAVROS UAS via /uas2 started. MY ID 2.191, TARGET ID 2.1
[INFO] [1790585220.984973623] [uav2.mavros_router]: link[1001] detected remote address 2.191
[INFO] [1790585221.216600221] [uav2.mavros]: CON: Got HEARTBEAT, connected. FCU: PX4 Autopilot
[INFO] [1790585222.247366607] [uav2.mavros.sys]: VER: 2.1: Capabilities         0x000000000000e8ff
[INFO] [1790585222.247416885] [uav2.mavros.sys]: VER: 2.1: Flight software:     011200c0 (fca3df865a000000)
[INFO] [1790585222.247427697] [uav2.mavros.sys]: VER: 2.1: Middleware software: 011200c0 (fca3df865a000000)
[INFO] [1790585222.247433899] [uav2.mavros.sys]: VER: 2.1: OS software:         070000ff (17040b9f87cb1791)
[INFO] [1790585222.247439737] [uav2.mavros.sys]: VER: 2.1: Board hardware:      00000001
[INFO] [1790585222.247445339] [uav2.mavros.sys]: VER: 2.1: VID/PID:             0000:0000
[INFO] [1790585222.247451162] [uav2.mavros.sys]: VER: 2.1: UID:                 4954414c44494e50
[WARN] [1790585222.247546399] [uav2.mavros.cmd]: CMD: Unexpected command 512, result 0
[WARN] [1790585232.317849452] [uav2.mavros.sys]: FCU: UNK(8): EVENT 11047904 with args -0-0-0-0-0-128-0-0-0-176-122-127-128-176-122-127-128-0-0-0-0-0-0-0-0-0-0-0-0-0-0-0-0-0-0-0-0-0-0-0-
[INFO] [1790585232.319233945] [uav2.mavros.sys]: FCU: EVENT 377561 with args -8-0-0-0-20-0-0-0-0-0-0-0-0-0-0-0-0-0-0-0-0-0-0-0-0-0-0-0-0-0-0-0-0-0-0-0-0-0-0-0-
[WARN] [1790585232.325476482] [uav2.mavros.sys]: FCU: EVENT 453929 with args -255-255-255-255-7-0-0-0-0-0-0-0-0-0-0-0-0-0-0-0-0-0-0-0-0-0-0-0-0-0-0-0-0-0-0-0-0-0-0-0-
[INFO] [1790585232.332764396] [uav2.mavros.sys]: FCU: EVENT 6801787 with args -255-255-255-255-12-0-0-0-0-0-0-0-0-0-0-0-0-0-0-0-0-0-0-0-0-0-0-0-0-0-0-0-0-0-0-0-0-0-0-0-
[WARN] [1790585232.332850758] [uav2.mavros.sys]: FCU: UNK(8): EVENT 1914663 with args -0-10-13-2-56-0-0-0-0-0-0-0-0-0-0-0-0-0-0-0-0-0-0-0-0-0-0-0-0-0-0-0-0-0-0-0-0-0-0-0-
[WARN] [1790585236.736245153] [uav2.mavros.cmd]: CMD: Unexpected command 176, result 0
[INFO] [1790585237.016221976] [uav2.mavros.sys]: FCU: EVENT 9489139 with args -4-0-0-0-0-0-0-0-0-0-0-0-0-0-0-0-0-0-0-0-0-0-0-0-0-0-0-0-0-0-0-0-0-0-0-0-0-0-0-0-
[INFO] [1790585239.108912394] [uav2.mavros.sys]: FCU: EVENT 4277609 with args -0-0-0-0-0-0-0-0-0-0-0-0-0-0-0-0-0-0-0-0-0-0-0-0-0-0-0-0-0-0-0-0-0-0-0-0-0-0-0-0-
[WARN] [1790585487.306665251] [uav2.mavros.cmd]: CMD: Unexpected command 176, result 0
[INFO] [1790585521.801336238] [uav2.mavros.sys]: FCU: EVENT 9844908 with args -0-0-0-0-0-0-0-0-0-0-0-0-0-0-0-0-0-0-0-0-0-0-0-0-0-0-0-0-0-0-0-0-0-0-0-0-0-0-0-0-
[INFO] [1790585523.937729176] [uav2.mavros.sys]: FCU: EVENT 16017271 with args -6-0-0-0-0-0-0-0-0-0-0-0-0-0-0-0-0-0-0-0-0-0-0-0-0-0-0-0-0-0-0-0-0-0-0-0-0-0-0-0-
[WARN] [1790585527.532510036] [uav2.mavros.sys]: FCU: UNK(8): EVENT 11047904 with args -0-0-0-0-0-128-0-0-0-176-122-127-128-176-122-127-128-0-0-0-0-0-0-0-0-0-0-0-0-0-0-0-0-0-0-0-0-0-0-0-
[INFO] [1790585527.532594703] [uav2.mavros.sys]: FCU: EVENT 377561 with args -8-0-0-0-20-0-0-0-0-0-0-0-0-0-0-0-0-0-0-0-0-0-0-0-0-0-0-0-0-0-0-0-0-0-0-0-0-0-0-0-
[WARN] [1790585527.532649840] [uav2.mavros.sys]: FCU: EVENT 453929 with args -255-255-255-255-7-0-0-0-0-0-0-0-0-0-0-0-0-0-0-0-0-0-0-0-0-0-0-0-0-0-0-0-0-0-0-0-0-0-0-0-
[INFO] [1790585527.532724405] [uav2.mavros.sys]: FCU: EVENT 6801787 with args -255-255-255-255-12-0-0-0-0-0-0-0-0-0-0-0-0-0-0-0-0-0-0-0-0-0-0-0-0-0-0-0-0-0-0-0-0-0-0-0-
[WARN] [1790585527.532747024] [uav2.mavros.sys]: FCU: UNK(8): EVENT 1914663 with args -0-10-9-2-56-0-0-0-0-0-0-0-0-0-0-0-0-0-0-0-0-0-0-0-0-0-0-0-0-0-0-0-0-0-0-0-0-0-0-0-
[INFO] [1790585529.405778306] [rclcpp]: signal_handler(SIGINT/SIGTERM)
[WARN] [1790585529.406988925] [uav2.mavros]: UAS Executor terminated
