[INFO] [1790585218.741221500] [uav3.mavros_node]: Starting mavros_node container
[INFO] [1790585218.741301229] [uav3.mavros_node]: FCU URL: udp://:14542@127.0.0.1:14582
[INFO] [1790585218.741309289] [uav3.mavros_node]: GCS URL: 
[INFO] [1790585218.741313974] [uav3.mavros_node]: UAS Prefix: /uas3
[INFO] [1790585218.741318556] [uav3.mavros_node]: Starting mavros router node
[INFO] [1790585218.874482646] [uav3.mavros_router]: Built-in SIMD instructions: SSE, SSE2
[INFO] [1790585218.878225809] [uav3.mavros_router]: Built-in MAVLink package version: 2026.8.8
[INFO] [1790585218.878264360] [uav3.mavros_router]: Known MAVLink dialects: common ardupilotmega ASLUAV AVSSUAS all csAirLink cubepilot development icarous loweheiser marsh paparazzi standard stemstudios storm32 uAvionix ualberta
[INFO] [1790585218.878272466] [uav3.mavros_router]: MAVROS Router started
[INFO] [1790585218.878435959] [uav3.mavros_node]: Starting mavros uas node
[INFO] [1790585219.087846698] [uav3.mavros_router]: Requested to add endpoint: type: 0, url: udp://:14542@127.0.0.1:14582
[INFO] [1790585219.087926837] [uav3.mavros_router]: Endpoint link[1000] created
[INFO] [1790585219.090635393] [uav3.mavros_router]: link[1000] opened successfully
[INFO] [1790585219.090686990] [uav3.mavros_router]: Requested to add endpoint: type: 2, url: /uas3
[INFO] [1790585219.090707654] [uav3.mavros_router]: Endpoint link[1001] created
[INFO] [1790585219.093340339] [uav3.mavros_router]: link[1000] detected remote address 3.1
[INFO] [1790585219.102456259] [uav3.mavros]: Plugin actuator_control ignored
[INFO] [1790585219.102514807] [uav3.mavros]: Plugin altitude ignored
[INFO] [1790585219.102465716] [uav3.mavros]: UAS Executor started, threads: 4
[INFO] [1790585219.196251388] [uav3.mavros_router]: link[1001] opened successfully
[INFO] [1790585219.408319708] [uav3.mavros]: Plugin command created
[INFO] [1790585219.408388243] [uav3.mavros]: Plugin command initialized
[INFO] [1790585219.408401288] [uav3.mavros]: Plugin ftp ignored
[INFO] [1790585219.408407574] [uav3.mavros]: Plugin geofence ignored
[INFO] [1790585219.646452063] [uav3.mavros]: Plugin global_position created
[INFO] [1790585219.646525380] [uav3.mavros]: Plugin global_position initialized
[INFO] [1790585219.646538132] [uav3.mavros]: Plugin home_position ignored
[INFO] [1790585219.646544525] [uav3.mavros]: Plugin imu ignored
[INFO] [1790585219.976432302] [uav3.mavros]: Plugin local_position created
[INFO] [1790585219.976501080] [uav3.mavros]: Plugin local_position initialized
[INFO] [1790585219.976517204] [uav3.mavros]: Plugin manual_control ignored
[INFO] [1790585219.976524319] [uav3.mavros]: Plugin nav_controller_output ignored
[INFO] [1790585219.976530975] [uav3.mavros]: Plugin param ignored
[INFO] [1790585219.976537217] [uav3.mavros]: Plugin rallypoint ignored
[INFO] [1790585219.976543039] [uav3.mavros]: Plugin rc_io ignored
[INFO] [1790585219.976549249] [uav3.mavros]: Plugin setpoint_accel ignored
[INFO] [1790585219.976555724] [uav3.mavros]: Plugin setpoint_attitude ignored
[INFO] [1790585219.976561937] [uav3.mavros]: Plugin setpoint_position ignored
[INFO] [1790585219.976567998] [uav3.mavros]: Plugin setpoint_raw ignored
[INFO] [1790585219.976574064] [uav3.mavros]: Plugin setpoint_trajectory ignored
[INFO] [1790585220.252840400] [uav3.mavros]: Plugin setpoint_velocity created
[INFO] [1790585220.252973970] [uav3.mavros]: Plugin setpoint_velocity initialized
[INFO] [1790585220.699565387] [uav3.mavros]: Plugin sys_status created
[INFO] [1790585220.699638059] [uav3.mavros]: Plugin sys_status initialized
[INFO] [1790585220.893184636] [uav3.mavros.time]: TM: Timesync mode: MAVLINK
[INFO] [1790585220.919746668] [uav3.mavros]: Plugin sys_time created
[INFO] [1790585220.919808740] [uav3.mavros]: Plugin sys_time initialized
[INFO] [1790585220.919819852] [uav3.mavros]: Plugin waypoint ignored
[INFO] [1790585220.919825035] [uav3.mavros]: Plugin wind_estimation ignored
[INFO] [1790585220.929429474] [uav3.mavros]: Built-in SIMD instructions: SSE, SSE2
[INFO] [1790585220.929476679] [uav3.mavros]: Built-in MAVLink package version: 2026.8.8
[INFO] [1790585220.932033062] [uav3.mavros]: Known MAVLink dialects: common ardupilotmega ASLUAV AVSSUAS all csAirLink cubepilot development icarous loweheiser marsh paparazzi standard stemstudios storm32 uAvionix ualberta
[INFO] [1790585220.932098408] [uav3.mavros]: MAVROS UAS via /uas3 started. MY ID 3.191, TARGET ID 3.1
[INFO] [1790585220.951942084] [uav3.mavros_router]: link[1001] detected remote address 3.191
[INFO] [1790585221.277390749] [uav3.mavros]: CON: Got HEARTBEAT, connected. FCU: PX4 Autopilot
[INFO] [1790585222.343853615] [uav3.mavros.sys]: VER: 3.1: Capabilities         0x000000000000e8ff
[INFO] [1790585222.343917215] [uav3.mavros.sys]: VER: 3.1: Flight software:     011200c0 (fca3df865a000000)
[INFO] [1790585222.343928028] [uav3.mavros.sys]: VER: 3.1: Middleware software: 011200c0 (fca3df865a000000)
[INFO] [1790585222.343933709] [uav3.mavros.sys]: VER: 3.1: OS software:         070000ff (17040b9f87cb1791)
[INFO] [1790585222.343938937] [uav3.mavros.sys]: VER: 3.1: Board hardware:      00000001
[INFO] [1790585222.343944030] [uav3.mavros.sys]: VER: 3.1: VID/PID:             0000:0000
[INFO] [1790585222.343949123] [uav3.mavros.sys]: VER: 3.1: UID:                 4954414c44494e51
[WARN] [1790585222.344041883] [uav3.mavros.cmd]: CMD: Unexpected command 512, result 0
[WARN] [1790585233.619354979] [uav3.mavros.sys]: FCU: UNK(8): EVENT 11047904 with args -0-0-0-0-0-128-0-0-0-176-122-127-128-176-122-127-128-0-0-0-0-0-0-0-0-0-0-0-0-0-0-0-0-0-0-0-0-0-0-0-
[INFO] [1790585233.619464688] [uav3.mavros.sys]: FCU: EVENT 377561 with args -8-0-0-0-20-0-0-0-0-0-0-0-0-0-0-0-0-0-0-0-0-0-0-0-0-0-0-0-0-0-0-0-0-0-0-0-0-0-0-0-
[WARN] [1790585233.619504777] [uav3.mavros.sys]: FCU: EVENT 453929 with args -255-255-255-255-7-0-0-0-0-0-0-0-0-0-0-0-0-0-0-0-0-0-0-0-0-0-0-0-0-0-0-0-0-0-0-0-0-0-0-0-
[INFO] [1790585233.619538950] [uav3.mavros.sys]: FCU: EVENT 6801787 with args -255-255-255-255-12-0-0-0-0-0-0-0-0-0-0-0-0-0-0-0-0-0-0-0-0-0-0-0-0-0-0-0-0-0-0-0-0-0-0-0-
[WARN] [1790585233.619572107] [uav3.mavros.sys]: FCU: UNK(8): EVENT 1914663 with args -0-10-13-2-56-0-0-0-0-0-0-0-0-0-0-0-0-0-0-0-0-0-0-0-0-0-0-0-0-0-0-0-0-0-0-0-0-0-0-0-
[WARN] [1790585236.736969882] [uav3.mavros.cmd]: CMD: Unexpected command 176, result 0
[INFO] [1790585237.726147474] [uav3.mavros.sys]: FCU: EVENT 9489139 with args -4-0-0-0-0-0-0-0-0-0-0-0-0-0-0-0-0-0-0-0-0-0-0-0-0-0-0-0-0-0-0-0-0-0-0-0-0-0-0-0-
[INFO] [1790585239.772441979] [uav3.mavros.sys]: FCU: EVENT 4277609 with args -0-0-0-0-0-0-0-0-0-0-0-0-0-0-0-0-0-0-0-0-0-0-0-0-0-0-0-0-0-0-0-0-0-0-0-0-0-0-0-0-
[WARN] [1790585487.371730591] [uav3.mavros.cmd]: CMD: Unexpected command 176, result 0
[INFO] [1790585521.587946535] [uav3.mavros.sys]: FCU: EVENT 9844908 with args -0-0-0-0-0-0-0-0-0-0-0-0-0-0-0-0-0-0-0-0-0-0-0-0-0-0-0-0-0-0-0-0-0-0-0-0-0-0-0-0-
[INFO] [1790585523.719259041] [uav3.mavros.sys]: FCU: EVENT 16017271 with args -6-0-0-0-0-0-0-0-0-0-0-0-0-0-0-0-0-0-0-0-0-0-0-0-0-0-0-0-0-0-0-0-0-0-0-0-0-0-0-0-
[WARN] [1790585527.179107433] [uav3.mavros.sys]: FCU: UNK(8): EVENT 11047904 with args -0-0-0-0-0-128-0-0-0-176-122-127-128-176-122-127-128-0-0-0-0-0-0-0-0-0-0-0-0-0-0-0-0-0-0-0-0-0-0-0-
[INFO] [1790585527.179230310] [uav3.mavros.sys]: FCU: EVENT 377561 with args -8-0-0-0-20-0-0-0-0-0-0-0-0-0-0-0-0-0-0-0-0-0-0-0-0-0-0-0-0-0-0-0-0-0-0-0-0-0-0-0-
[WARN] [1790585527.179298009] [uav3.mavros.sys]: FCU: EVENT 453929 with args -255-255-255-255-7-0-0-0-0-0-0-0-0-0-0-0-0-0-0-0-0-0-0-0-0-0-0-0-0-0-0-0-0-0-0-0-0-0-0-0-
[INFO] [1790585527.179339104] [uav3.mavros.sys]: FCU: EVENT 6801787 with args -255-255-255-255-12-0-0-0-0-0-0-0-0-0-0-0-0-0-0-0-0-0-0-0-0-0-0-0-0-0-0-0-0-0-0-0-0-0-0-0-
[WARN] [1790585527.179383957] [uav3.mavros.sys]: FCU: UNK(8): EVENT 1914663 with args -0-10-9-2-56-0-0-0-0-0-0-0-0-0-0-0-0-0-0-0-0-0-0-0-0-0-0-0-0-0-0-0-0-0-0-0-0-0-0-0-
[INFO] [1790585529.407549873] [rclcpp]: signal_handler(SIGINT/SIGTERM)
[WARN] [1790585529.409173373] [uav3.mavros]: UAS Executor terminated
