[INFO] [1790583575.528745884] [uav8.mavros_node]: Starting mavros_node container
[INFO] [1790583575.533536181] [uav8.mavros_node]: FCU URL: udp://:14547@127.0.0.1:14587
[INFO] [1790583575.533548458] [uav8.mavros_node]: GCS URL: 
[INFO] [1790583575.533554587] [uav8.mavros_node]: UAS Prefix: /uas8
[INFO] [1790583575.533559395] [uav8.mavros_node]: Starting mavros router node
[INFO] [1790583575.938833342] [uav8.mavros_router]: Built-in SIMD instructions: SSE, SSE2
[INFO] [1790583575.938880630] [uav8.mavros_router]: Built-in MAVLink package version: 2026.8.8
[INFO] [1790583575.938902788] [uav8.mavros_router]: Known MAVLink dialects: common ardupilotmega ASLUAV AVSSUAS all csAirLink cubepilot development icarous loweheiser marsh paparazzi standard stemstudios storm32 uAvionix ualberta
[INFO] [1790583575.938912260] [uav8.mavros_router]: MAVROS Router started
[INFO] [1790583575.939037429] [uav8.mavros_node]: Starting mavros uas node
[INFO] [1790583576.116282974] [uav8.mavros_router]: Requested to add endpoint: type: 0, url: udp://:14547@127.0.0.1:14587
[INFO] [1790583576.116602157] [uav8.mavros_router]: Endpoint link[1000] created
[INFO] [1790583576.116986222] [uav8.mavros_router]: link[1000] opened successfully
[INFO] [1790583576.117195238] [uav8.mavros_router]: Requested to add endpoint: type: 2, url: /uas8
[INFO] [1790583576.117220698] [uav8.mavros_router]: Endpoint link[1001] created
[INFO] [1790583576.118484138] [uav8.mavros_router]: link[1000] detected remote address 8.1
[INFO] [1790583576.133081054] [uav8.mavros]: Plugin actuator_control ignored
[INFO] [1790583576.133147728] [uav8.mavros]: Plugin altitude ignored
[INFO] [1790583576.133843489] [uav8.mavros]: UAS Executor started, threads: 4
[INFO] [1790583576.172244061] [uav8.mavros_router]: link[1001] opened successfully
[INFO] [1790583576.235445469] [uav8.mavros]: Plugin command created
[INFO] [1790583576.235569494] [uav8.mavros]: Plugin command initialized
[INFO] [1790583576.235584515] [uav8.mavros]: Plugin ftp ignored
[INFO] [1790583576.235591165] [uav8.mavros]: Plugin geofence ignored
[INFO] [1790583576.350258022] [uav8.mavros]: Plugin global_position created
[INFO] [1790583576.350327528] [uav8.mavros]: Plugin global_position initialized
[INFO] [1790583576.350340099] [uav8.mavros]: Plugin home_position ignored
[INFO] [1790583576.350345937] [uav8.mavros]: Plugin imu ignored
[INFO] [1790583576.467749528] [uav8.mavros]: Plugin local_position created
[INFO] [1790583576.467812132] [uav8.mavros]: Plugin local_position initialized
[INFO] [1790583576.467823959] [uav8.mavros]: Plugin manual_control ignored
[INFO] [1790583576.467830064] [uav8.mavros]: Plugin nav_controller_output ignored
[INFO] [1790583576.467836134] [uav8.mavros]: Plugin param ignored
[INFO] [1790583576.467841726] [uav8.mavros]: Plugin rallypoint ignored
[INFO] [1790583576.467846870] [uav8.mavros]: Plugin rc_io ignored
[INFO] [1790583576.467852564] [uav8.mavros]: Plugin setpoint_accel ignored
[INFO] [1790583576.467858146] [uav8.mavros]: Plugin setpoint_attitude ignored
[INFO] [1790583576.467863791] [uav8.mavros]: Plugin setpoint_position ignored
[INFO] [1790583576.467869487] [uav8.mavros]: Plugin setpoint_raw ignored
[INFO] [1790583576.467875682] [uav8.mavros]: Plugin setpoint_trajectory ignored
[INFO] [1790583576.553843290] [uav8.mavros]: Plugin setpoint_velocity created
[INFO] [1790583576.553916930] [uav8.mavros]: Plugin setpoint_velocity initialized
[INFO] [1790583576.694320633] [uav8.mavros]: Plugin sys_status created
[INFO] [1790583576.694410502] [uav8.mavros]: Plugin sys_status initialized
[INFO] [1790583576.874693034] [uav8.mavros.time]: TM: Timesync mode: MAVLINK
[INFO] [1790583576.898767636] [uav8.mavros]: Plugin sys_time created
[INFO] [1790583576.898824604] [uav8.mavros]: Plugin sys_time initialized
[INFO] [1790583576.898834376] [uav8.mavros]: Plugin waypoint ignored
[INFO] [1790583576.898840436] [uav8.mavros]: Plugin wind_estimation ignored
[INFO] [1790583576.930474742] [uav8.mavros]: Built-in SIMD instructions: SSE, SSE2
[INFO] [1790583576.930524680] [uav8.mavros]: Built-in MAVLink package version: 2026.8.8
[INFO] [1790583576.930554437] [uav8.mavros]: Known MAVLink dialects: common ardupilotmega ASLUAV AVSSUAS all csAirLink cubepilot development icarous loweheiser marsh paparazzi standard stemstudios storm32 uAvionix ualberta
[INFO] [1790583576.930564437] [uav8.mavros]: MAVROS UAS via /uas8 started. MY ID 8.191, TARGET ID 8.1
[INFO] [1790583577.070228404] [uav8.mavros_router]: link[1001] detected remote address 8.191
[INFO] [1790583577.728171913] [uav8.mavros.sys]: VER: 8.1: Capabilities         0x000000000000e8ff
[INFO] [1790583577.728236485] [uav8.mavros.sys]: VER: 8.1: Flight software:     011200c0 (fca3df865a000000)
[INFO] [1790583577.728246900] [uav8.mavros.sys]: VER: 8.1: Middleware software: 011200c0 (fca3df865a000000)
[INFO] [1790583577.728254882] [uav8.mavros.sys]: VER: 8.1: OS software:         070000ff (17040b9f87cb1791)
[INFO] [1790583577.728262982] [uav8.mavros.sys]: VER: 8.1: Board hardware:      00000001
[INFO] [1790583577.728268863] [uav8.mavros.sys]: VER: 8.1: VID/PID:             0000:0000
[INFO] [1790583577.728274483] [uav8.mavros.sys]: VER: 8.1: UID:                 4954414c44494e56
[WARN] [1790583577.730650867] [uav8.mavros.cmd]: CMD: Unexpected command 512, result 0
[INFO] [1790583577.903176006] [uav8.mavros]: CON: Got HEARTBEAT, connected. FCU: PX4 Autopilot
[INFO] [1790583578.934657841] [uav8.mavros.sys]: VER: 8.1: Capabilities         0x000000000000e8ff
[INFO] [1790583578.934724309] [uav8.mavros.sys]: VER: 8.1: Flight software:     011200c0 (fca3df865a000000)
[INFO] [1790583578.934732368] [uav8.mavros.sys]: VER: 8.1: Middleware software: 011200c0 (fca3df865a000000)
[INFO] [1790583578.934737344] [uav8.mavros.sys]: VER: 8.1: OS software:         070000ff (17040b9f87cb1791)
[INFO] [1790583578.934742169] [uav8.mavros.sys]: VER: 8.1: Board hardware:      00000001
[INFO] [1790583578.934747544] [uav8.mavros.sys]: VER: 8.1: VID/PID:             0000:0000
[INFO] [1790583578.934752078] [uav8.mavros.sys]: VER: 8.1: UID:                 4954414c44494e56
[WARN] [1790583578.946890674] [uav8.mavros.sys]: VER: broadcast request timeout, retries left 4
[WARN] [1790583587.922846044] [uav8.mavros.sys]: FCU: UNK(8): EVENT 11047904 with args -0-0-0-0-0-128-0-0-0-176-122-127-128-176-122-127-128-0-0-0-0-0-0-0-0-0-0-0-0-0-0-0-0-0-0-0-0-0-0-0-
[INFO] [1790583587.922974811] [uav8.mavros.sys]: FCU: EVENT 377561 with args -8-0-0-0-20-0-0-0-0-0-0-0-0-0-0-0-0-0-0-0-0-0-0-0-0-0-0-0-0-0-0-0-0-0-0-0-0-0-0-0-
[WARN] [1790583587.923011054] [uav8.mavros.sys]: FCU: EVENT 453929 with args -255-255-255-255-7-0-0-0-0-0-0-0-0-0-0-0-0-0-0-0-0-0-0-0-0-0-0-0-0-0-0-0-0-0-0-0-0-0-0-0-
[INFO] [1790583587.923045189] [uav8.mavros.sys]: FCU: EVENT 6801787 with args -255-255-255-255-12-0-0-0-0-0-0-0-0-0-0-0-0-0-0-0-0-0-0-0-0-0-0-0-0-0-0-0-0-0-0-0-0-0-0-0-
[WARN] [1790583587.923084847] [uav8.mavros.sys]: FCU: UNK(8): EVENT 1914663 with args -0-10-13-2-56-0-0-0-0-0-0-0-0-0-0-0-0-0-0-0-0-0-0-0-0-0-0-0-0-0-0-0-0-0-0-0-0-0-0-0-
[WARN] [1790583591.421012063] [uav8.mavros.cmd]: CMD: Unexpected command 176, result 0
[INFO] [1790583592.401207091] [uav8.mavros.sys]: FCU: EVENT 9489139 with args -4-0-0-0-0-0-0-0-0-0-0-0-0-0-0-0-0-0-0-0-0-0-0-0-0-0-0-0-0-0-0-0-0-0-0-0-0-0-0-0-
[INFO] [1790583594.393476583] [uav8.mavros.sys]: FCU: EVENT 4277609 with args -0-0-0-0-0-0-0-0-0-0-0-0-0-0-0-0-0-0-0-0-0-0-0-0-0-0-0-0-0-0-0-0-0-0-0-0-0-0-0-0-
[WARN] [1790583842.593979995] [uav8.mavros.cmd]: CMD: Unexpected command 176, result 0
[INFO] [1790583874.381052644] [uav8.mavros.sys]: FCU: EVENT 9844908 with args -0-0-0-0-0-0-0-0-0-0-0-0-0-0-0-0-0-0-0-0-0-0-0-0-0-0-0-0-0-0-0-0-0-0-0-0-0-0-0-0-
[INFO] [1790583876.472683800] [uav8.mavros.sys]: FCU: EVENT 16017271 with args -6-0-0-0-0-0-0-0-0-0-0-0-0-0-0-0-0-0-0-0-0-0-0-0-0-0-0-0-0-0-0-0-0-0-0-0-0-0-0-0-
[WARN] [1790583879.884159361] [uav8.mavros.sys]: FCU: UNK(8): EVENT 11047904 with args -0-0-0-0-0-128-0-0-0-176-122-127-128-176-122-127-128-0-0-0-0-0-0-0-0-0-0-0-0-0-0-0-0-0-0-0-0-0-0-0-
[INFO] [1790583879.884310387] [uav8.mavros.sys]: FCU: EVENT 377561 with args -8-0-0-0-20-0-0-0-0-0-0-0-0-0-0-0-0-0-0-0-0-0-0-0-0-0-0-0-0-0-0-0-0-0-0-0-0-0-0-0-
[WARN] [1790583879.884381761] [uav8.mavros.sys]: FCU: EVENT 453929 with args -255-255-255-255-7-0-0-0-0-0-0-0-0-0-0-0-0-0-0-0-0-0-0-0-0-0-0-0-0-0-0-0-0-0-0-0-0-0-0-0-
[INFO] [1790583879.884493520] [uav8.mavros.sys]: FCU: EVENT 6801787 with args -255-255-255-255-12-0-0-0-0-0-0-0-0-0-0-0-0-0-0-0-0-0-0-0-0-0-0-0-0-0-0-0-0-0-0-0-0-0-0-0-
[WARN] [1790583879.884523256] [uav8.mavros.sys]: FCU: UNK(8): EVENT 1914663 with args -0-10-9-2-56-0-0-0-0-0-0-0-0-0-0-0-0-0-0-0-0-0-0-0-0-0-0-0-0-0-0-0-0-0-0-0-0-0-0-0-
[INFO] [1790583886.216709345] [rclcpp]: signal_handler(SIGINT/SIGTERM)
[WARN] [1790583886.220285418] [uav8.mavros]: UAS Executor terminated
