[INFO] [1790583575.980180834] [uav9.mavros_node]: Starting mavros_node container
[INFO] [1790583575.981100232] [uav9.mavros_node]: FCU URL: udp://:14548@127.0.0.1:14588
[INFO] [1790583575.981133656] [uav9.mavros_node]: GCS URL: 
[INFO] [1790583575.981140645] [uav9.mavros_node]: UAS Prefix: /uas9
[INFO] [1790583575.981145943] [uav9.mavros_node]: Starting mavros router node
[INFO] [1790583576.070050690] [uav9.mavros_router]: Built-in SIMD instructions: SSE, SSE2
[INFO] [1790583576.070108680] [uav9.mavros_router]: Built-in MAVLink package version: 2026.8.8
[INFO] [1790583576.070119084] [uav9.mavros_router]: Known MAVLink dialects: common ardupilotmega ASLUAV AVSSUAS all csAirLink cubepilot development icarous loweheiser marsh paparazzi standard stemstudios storm32 uAvionix ualberta
[INFO] [1790583576.070126402] [uav9.mavros_router]: MAVROS Router started
[INFO] [1790583576.070544334] [uav9.mavros_node]: Starting mavros uas node
[INFO] [1790583576.319707191] [uav9.mavros_router]: Requested to add endpoint: type: 0, url: udp://:14548@127.0.0.1:14588
[INFO] [1790583576.319771681] [uav9.mavros_router]: Endpoint link[1000] created
[INFO] [1790583576.320006157] [uav9.mavros_router]: link[1000] opened successfully
[INFO] [1790583576.320028921] [uav9.mavros_router]: Requested to add endpoint: type: 2, url: /uas9
[INFO] [1790583576.320043044] [uav9.mavros_router]: Endpoint link[1001] created
[INFO] [1790583576.321921125] [uav9.mavros_router]: link[1000] detected remote address 9.1
[INFO] [1790583576.350455341] [uav9.mavros]: Plugin actuator_control ignored
[INFO] [1790583576.350505415] [uav9.mavros]: Plugin altitude ignored
[INFO] [1790583576.350667815] [uav9.mavros]: UAS Executor started, threads: 4
[INFO] [1790583576.684042406] [uav9.mavros_router]: link[1001] opened successfully
[INFO] [1790583576.931038255] [uav9.mavros]: Plugin command created
[INFO] [1790583576.933007328] [uav9.mavros]: Plugin command initialized
[INFO] [1790583576.933061862] [uav9.mavros]: Plugin ftp ignored
[INFO] [1790583576.933075106] [uav9.mavros]: Plugin geofence ignored
[INFO] [1790583577.257477231] [uav9.mavros]: Plugin global_position created
[INFO] [1790583577.257545687] [uav9.mavros]: Plugin global_position initialized
[INFO] [1790583577.257557764] [uav9.mavros]: Plugin home_position ignored
[INFO] [1790583577.257563612] [uav9.mavros]: Plugin imu ignored
[INFO] [1790583577.540330712] [uav9.mavros]: Plugin local_position created
[INFO] [1790583577.540402689] [uav9.mavros]: Plugin local_position initialized
[INFO] [1790583577.540415420] [uav9.mavros]: Plugin manual_control ignored
[INFO] [1790583577.540422809] [uav9.mavros]: Plugin nav_controller_output ignored
[INFO] [1790583577.540429647] [uav9.mavros]: Plugin param ignored
[INFO] [1790583577.540435669] [uav9.mavros]: Plugin rallypoint ignored
[INFO] [1790583577.540444199] [uav9.mavros]: Plugin rc_io ignored
[INFO] [1790583577.540450433] [uav9.mavros]: Plugin setpoint_accel ignored
[INFO] [1790583577.540456144] [uav9.mavros]: Plugin setpoint_attitude ignored
[INFO] [1790583577.540462138] [uav9.mavros]: Plugin setpoint_position ignored
[INFO] [1790583577.540468176] [uav9.mavros]: Plugin setpoint_raw ignored
[INFO] [1790583577.540474407] [uav9.mavros]: Plugin setpoint_trajectory ignored
[INFO] [1790583577.664537693] [uav9.mavros]: Plugin setpoint_velocity created
[INFO] [1790583577.664610455] [uav9.mavros]: Plugin setpoint_velocity initialized
[INFO] [1790583577.925988633] [uav9.mavros]: Plugin sys_status created
[INFO] [1790583577.926077883] [uav9.mavros]: Plugin sys_status initialized
[INFO] [1790583577.991135781] [uav9.mavros.time]: TM: Timesync mode: MAVLINK
[INFO] [1790583578.001119715] [uav9.mavros]: Plugin sys_time created
[INFO] [1790583578.001168364] [uav9.mavros]: Plugin sys_time initialized
[INFO] [1790583578.001177821] [uav9.mavros]: Plugin waypoint ignored
[INFO] [1790583578.001182989] [uav9.mavros]: Plugin wind_estimation ignored
[INFO] [1790583578.008056200] [uav9.mavros]: Built-in SIMD instructions: SSE, SSE2
[INFO] [1790583578.008107563] [uav9.mavros]: Built-in MAVLink package version: 2026.8.8
[INFO] [1790583578.008140213] [uav9.mavros]: Known MAVLink dialects: common ardupilotmega ASLUAV AVSSUAS all csAirLink cubepilot development icarous loweheiser marsh paparazzi standard stemstudios storm32 uAvionix ualberta
[INFO] [1790583578.008149407] [uav9.mavros]: MAVROS UAS via /uas9 started. MY ID 9.191, TARGET ID 9.1
[INFO] [1790583578.105746055] [uav9.mavros_router]: link[1001] detected remote address 9.191
[INFO] [1790583578.960506813] [uav9.mavros.sys]: VER: 9.1: Capabilities         0x000000000000e8ff
[INFO] [1790583578.960582125] [uav9.mavros.sys]: VER: 9.1: Flight software:     011200c0 (fca3df865a000000)
[INFO] [1790583578.960592793] [uav9.mavros.sys]: VER: 9.1: Middleware software: 011200c0 (fca3df865a000000)
[INFO] [1790583578.960599068] [uav9.mavros.sys]: VER: 9.1: OS software:         070000ff (17040b9f87cb1791)
[INFO] [1790583578.960604255] [uav9.mavros.sys]: VER: 9.1: Board hardware:      00000001
[INFO] [1790583578.960609592] [uav9.mavros.sys]: VER: 9.1: VID/PID:             0000:0000
[INFO] [1790583578.960614830] [uav9.mavros.sys]: VER: 9.1: UID:                 4954414c44494e57
[WARN] [1790583578.960762963] [uav9.mavros.cmd]: CMD: Unexpected command 512, result 0
[INFO] [1790583579.085343712] [uav9.mavros]: CON: Got HEARTBEAT, connected. FCU: PX4 Autopilot
[INFO] [1790583580.111819874] [uav9.mavros.sys]: VER: 9.1: Capabilities         0x000000000000e8ff
[INFO] [1790583580.111890141] [uav9.mavros.sys]: VER: 9.1: Flight software:     011200c0 (fca3df865a000000)
[INFO] [1790583580.111899709] [uav9.mavros.sys]: VER: 9.1: Middleware software: 011200c0 (fca3df865a000000)
[INFO] [1790583580.111905637] [uav9.mavros.sys]: VER: 9.1: OS software:         070000ff (17040b9f87cb1791)
[INFO] [1790583580.111911533] [uav9.mavros.sys]: VER: 9.1: Board hardware:      00000001
[INFO] [1790583580.112715270] [uav9.mavros.sys]: VER: 9.1: VID/PID:             0000:0000
[INFO] [1790583580.112726519] [uav9.mavros.sys]: VER: 9.1: UID:                 4954414c44494e57
[WARN] [1790583586.629361762] [uav9.mavros.sys]: FCU: UNK(8): EVENT 11047904 with args -0-0-0-0-0-128-0-0-0-176-122-127-128-176-122-127-128-0-0-0-0-0-0-0-0-0-0-0-0-0-0-0-0-0-0-0-0-0-0-0-
[INFO] [1790583586.629475268] [uav9.mavros.sys]: FCU: EVENT 377561 with args -8-0-0-0-20-0-0-0-0-0-0-0-0-0-0-0-0-0-0-0-0-0-0-0-0-0-0-0-0-0-0-0-0-0-0-0-0-0-0-0-
[WARN] [1790583586.629531997] [uav9.mavros.sys]: FCU: EVENT 453929 with args -255-255-255-255-7-0-0-0-0-0-0-0-0-0-0-0-0-0-0-0-0-0-0-0-0-0-0-0-0-0-0-0-0-0-0-0-0-0-0-0-
[INFO] [1790583586.629571164] [uav9.mavros.sys]: FCU: EVENT 6801787 with args -255-255-255-255-12-0-0-0-0-0-0-0-0-0-0-0-0-0-0-0-0-0-0-0-0-0-0-0-0-0-0-0-0-0-0-0-0-0-0-0-
[WARN] [1790583586.629605937] [uav9.mavros.sys]: FCU: UNK(8): EVENT 1914663 with args -0-10-13-2-56-0-0-0-0-0-0-0-0-0-0-0-0-0-0-0-0-0-0-0-0-0-0-0-0-0-0-0-0-0-0-0-0-0-0-0-
[WARN] [1790583591.388955985] [uav9.mavros.cmd]: CMD: Unexpected command 176, result 0
[INFO] [1790583592.421748440] [uav9.mavros.sys]: FCU: EVENT 9489139 with args -4-0-0-0-0-0-0-0-0-0-0-0-0-0-0-0-0-0-0-0-0-0-0-0-0-0-0-0-0-0-0-0-0-0-0-0-0-0-0-0-
[INFO] [1790583594.390570408] [uav9.mavros.sys]: FCU: EVENT 4277609 with args -0-0-0-0-0-0-0-0-0-0-0-0-0-0-0-0-0-0-0-0-0-0-0-0-0-0-0-0-0-0-0-0-0-0-0-0-0-0-0-0-
[WARN] [1790583842.567737635] [uav9.mavros.cmd]: CMD: Unexpected command 176, result 0
[INFO] [1790583881.147260664] [uav9.mavros.sys]: FCU: EVENT 9844908 with args -0-0-0-0-0-0-0-0-0-0-0-0-0-0-0-0-0-0-0-0-0-0-0-0-0-0-0-0-0-0-0-0-0-0-0-0-0-0-0-0-
[INFO] [1790583883.240831546] [uav9.mavros.sys]: FCU: EVENT 16017271 with args -6-0-0-0-0-0-0-0-0-0-0-0-0-0-0-0-0-0-0-0-0-0-0-0-0-0-0-0-0-0-0-0-0-0-0-0-0-0-0-0-
[INFO] [1790583886.217099438] [rclcpp]: signal_handler(SIGINT/SIGTERM)
[WARN] [1790583886.224675510] [uav9.mavros]: UAS Executor terminated
