[INFO] [1790592963.789941508] [uav3.mavros_node]: Starting mavros_node container
[INFO] [1790592963.790301406] [uav3.mavros_node]: FCU URL: udp://:14542@127.0.0.1:14582
[INFO] [1790592963.790423452] [uav3.mavros_node]: GCS URL: 
[INFO] [1790592963.790432877] [uav3.mavros_node]: UAS Prefix: /uas3
[INFO] [1790592963.790438452] [uav3.mavros_node]: Starting mavros router node
[INFO] [1790592963.827730490] [uav3.mavros_router]: Built-in SIMD instructions: SSE, SSE2
[INFO] [1790592963.827849024] [uav3.mavros_router]: Built-in MAVLink package version: 2026.8.8
[INFO] [1790592963.827881618] [uav3.mavros_router]: Known MAVLink dialects: common ardupilotmega ASLUAV AVSSUAS all csAirLink cubepilot development icarous loweheiser marsh paparazzi standard stemstudios storm32 uAvionix ualberta
[INFO] [1790592963.827889127] [uav3.mavros_router]: MAVROS Router started
[INFO] [1790592963.828160453] [uav3.mavros_node]: Starting mavros uas node
[INFO] [1790592963.906905127] [uav3.mavros_router]: Requested to add endpoint: type: 0, url: udp://:14542@127.0.0.1:14582
[INFO] [1790592963.906986390] [uav3.mavros_router]: Endpoint link[1000] created
[INFO] [1790592963.907240165] [uav3.mavros_router]: link[1000] opened successfully
[INFO] [1790592963.907267006] [uav3.mavros_router]: Requested to add endpoint: type: 2, url: /uas3
[INFO] [1790592963.907281765] [uav3.mavros_router]: Endpoint link[1001] created
[INFO] [1790592963.911125610] [uav3.mavros_router]: link[1000] detected remote address 3.1
[INFO] [1790592963.928049771] [uav3.mavros]: Plugin actuator_control ignored
[INFO] [1790592963.928286501] [uav3.mavros]: Plugin altitude ignored
[INFO] [1790592963.928265824] [uav3.mavros]: UAS Executor started, threads: 4
[INFO] [1790592963.945259755] [uav3.mavros_router]: link[1001] opened successfully
[INFO] [1790592963.983449545] [uav3.mavros]: Plugin command created
[INFO] [1790592963.983523045] [uav3.mavros]: Plugin command initialized
[INFO] [1790592963.983536446] [uav3.mavros]: Plugin ftp ignored
[INFO] [1790592963.983543091] [uav3.mavros]: Plugin geofence ignored
[INFO] [1790592964.019761824] [uav3.mavros]: Plugin global_position created
[INFO] [1790592964.019816674] [uav3.mavros]: Plugin global_position initialized
[INFO] [1790592964.019827032] [uav3.mavros]: Plugin home_position ignored
[INFO] [1790592964.019832882] [uav3.mavros]: Plugin imu ignored
[INFO] [1790592964.031367858] [uav3.mavros]: Plugin local_position created
[INFO] [1790592964.031438833] [uav3.mavros]: Plugin local_position initialized
[INFO] [1790592964.031568923] [uav3.mavros]: Plugin manual_control ignored
[INFO] [1790592964.031576895] [uav3.mavros]: Plugin nav_controller_output ignored
[INFO] [1790592964.031589789] [uav3.mavros]: Plugin param ignored
[INFO] [1790592964.031598671] [uav3.mavros]: Plugin rallypoint ignored
[INFO] [1790592964.031603899] [uav3.mavros]: Plugin rc_io ignored
[INFO] [1790592964.031609602] [uav3.mavros]: Plugin setpoint_accel ignored
[INFO] [1790592964.031615939] [uav3.mavros]: Plugin setpoint_attitude ignored
[INFO] [1790592964.031621657] [uav3.mavros]: Plugin setpoint_position ignored
[INFO] [1790592964.031627219] [uav3.mavros]: Plugin setpoint_raw ignored
[INFO] [1790592964.031633144] [uav3.mavros]: Plugin setpoint_trajectory ignored
[INFO] [1790592964.044418982] [uav3.mavros]: Plugin setpoint_velocity created
[INFO] [1790592964.044473282] [uav3.mavros]: Plugin setpoint_velocity initialized
[INFO] [1790592964.067696988] [uav3.mavros]: Plugin sys_status created
[INFO] [1790592964.068282560] [uav3.mavros]: Plugin sys_status initialized
[INFO] [1790592964.085803275] [uav3.mavros.time]: TM: Timesync mode: MAVLINK
[INFO] [1790592964.087489974] [uav3.mavros]: Plugin sys_time created
[INFO] [1790592964.087603796] [uav3.mavros]: Plugin sys_time initialized
[INFO] [1790592964.087623358] [uav3.mavros]: Plugin waypoint ignored
[INFO] [1790592964.087686666] [uav3.mavros]: Plugin wind_estimation ignored
[INFO] [1790592964.089692791] [uav3.mavros]: Built-in SIMD instructions: SSE, SSE2
[INFO] [1790592964.089769871] [uav3.mavros]: Built-in MAVLink package version: 2026.8.8
[INFO] [1790592964.089839630] [uav3.mavros]: Known MAVLink dialects: common ardupilotmega ASLUAV AVSSUAS all csAirLink cubepilot development icarous loweheiser marsh paparazzi standard stemstudios storm32 uAvionix ualberta
[INFO] [1790592964.089850410] [uav3.mavros]: MAVROS UAS via /uas3 started. MY ID 3.191, TARGET ID 3.1
[INFO] [1790592964.100138673] [uav3.mavros_router]: link[1001] detected remote address 3.191
[INFO] [1790592965.080488778] [uav3.mavros]: CON: Got HEARTBEAT, connected. FCU: PX4 Autopilot
[INFO] [1790592966.264508994] [uav3.mavros.sys]: VER: 3.1: Capabilities         0x000000000000e8ff
[INFO] [1790592966.264584716] [uav3.mavros.sys]: VER: 3.1: Flight software:     011200c0 (fca3df865a000000)
[INFO] [1790592966.264596327] [uav3.mavros.sys]: VER: 3.1: Middleware software: 011200c0 (fca3df865a000000)
[INFO] [1790592966.264601668] [uav3.mavros.sys]: VER: 3.1: OS software:         070000ff (17040b9f87cb1791)
[INFO] [1790592966.264606994] [uav3.mavros.sys]: VER: 3.1: Board hardware:      00000001
[INFO] [1790592966.264612070] [uav3.mavros.sys]: VER: 3.1: VID/PID:             0000:0000
[INFO] [1790592966.264618130] [uav3.mavros.sys]: VER: 3.1: UID:                 4954414c44494e51
[WARN] [1790592966.264671866] [uav3.mavros.cmd]: CMD: Unexpected command 512, result 0
[WARN] [1790592979.543723058] [uav3.mavros.sys]: FCU: UNK(8): EVENT 11047904 with args -0-0-0-0-0-128-0-0-0-176-122-127-128-176-122-127-128-0-0-0-0-0-0-0-0-0-0-0-0-0-0-0-0-0-0-0-0-0-0-0-
[INFO] [1790592979.563405101] [uav3.mavros.sys]: FCU: EVENT 377561 with args -8-0-0-0-20-0-0-0-0-0-0-0-0-0-0-0-0-0-0-0-0-0-0-0-0-0-0-0-0-0-0-0-0-0-0-0-0-0-0-0-
[WARN] [1790592979.565953276] [uav3.mavros.sys]: FCU: EVENT 453929 with args -255-255-255-255-7-0-0-0-0-0-0-0-0-0-0-0-0-0-0-0-0-0-0-0-0-0-0-0-0-0-0-0-0-0-0-0-0-0-0-0-
[INFO] [1790592979.576553169] [uav3.mavros.sys]: FCU: EVENT 6801787 with args -255-255-255-255-12-0-0-0-0-0-0-0-0-0-0-0-0-0-0-0-0-0-0-0-0-0-0-0-0-0-0-0-0-0-0-0-0-0-0-0-
[WARN] [1790592979.576641542] [uav3.mavros.sys]: FCU: UNK(8): EVENT 1914663 with args -0-10-13-2-56-0-0-0-0-0-0-0-0-0-0-0-0-0-0-0-0-0-0-0-0-0-0-0-0-0-0-0-0-0-0-0-0-0-0-0-
[WARN] [1790592980.223885568] [uav3.mavros.cmd]: CMD: Unexpected command 176, result 0
[INFO] [1790592980.685536578] [uav3.mavros.sys]: FCU: EVENT 9489139 with args -4-0-0-0-0-0-0-0-0-0-0-0-0-0-0-0-0-0-0-0-0-0-0-0-0-0-0-0-0-0-0-0-0-0-0-0-0-0-0-0-
[INFO] [1790592982.631012013] [uav3.mavros.sys]: FCU: EVENT 4277609 with args -0-0-0-0-0-0-0-0-0-0-0-0-0-0-0-0-0-0-0-0-0-0-0-0-0-0-0-0-0-0-0-0-0-0-0-0-0-0-0-0-
[WARN] [1790593240.035035213] [uav3.mavros.cmd]: CMD: Unexpected command 176, result 0
[INFO] [1790593272.850177308] [uav3.mavros.sys]: FCU: EVENT 9844908 with args -0-0-0-0-0-0-0-0-0-0-0-0-0-0-0-0-0-0-0-0-0-0-0-0-0-0-0-0-0-0-0-0-0-0-0-0-0-0-0-0-
[INFO] [1790593275.044829820] [uav3.mavros.sys]: FCU: EVENT 16017271 with args -6-0-0-0-0-0-0-0-0-0-0-0-0-0-0-0-0-0-0-0-0-0-0-0-0-0-0-0-0-0-0-0-0-0-0-0-0-0-0-0-
[WARN] [1790593278.920505945] [uav3.mavros.sys]: FCU: UNK(8): EVENT 11047904 with args -0-0-0-0-0-128-0-0-0-176-122-127-128-176-122-127-128-0-0-0-0-0-0-0-0-0-0-0-0-0-0-0-0-0-0-0-0-0-0-0-
[INFO] [1790593278.920617042] [uav3.mavros.sys]: FCU: EVENT 377561 with args -8-0-0-0-20-0-0-0-0-0-0-0-0-0-0-0-0-0-0-0-0-0-0-0-0-0-0-0-0-0-0-0-0-0-0-0-0-0-0-0-
[WARN] [1790593278.920683595] [uav3.mavros.sys]: FCU: EVENT 453929 with args -255-255-255-255-7-0-0-0-0-0-0-0-0-0-0-0-0-0-0-0-0-0-0-0-0-0-0-0-0-0-0-0-0-0-0-0-0-0-0-0-
[INFO] [1790593278.920724840] [uav3.mavros.sys]: FCU: EVENT 6801787 with args -255-255-255-255-12-0-0-0-0-0-0-0-0-0-0-0-0-0-0-0-0-0-0-0-0-0-0-0-0-0-0-0-0-0-0-0-0-0-0-0-
[WARN] [1790593278.920764469] [uav3.mavros.sys]: FCU: UNK(8): EVENT 1914663 with args -0-10-9-2-56-0-0-0-0-0-0-0-0-0-0-0-0-0-0-0-0-0-0-0-0-0-0-0-0-0-0-0-0-0-0-0-0-0-0-0-
[INFO] [1790593283.777541247] [rclcpp]: signal_handler(SIGINT/SIGTERM)
[WARN] [1790593283.781256071] [uav3.mavros]: UAS Executor terminated
