[INFO] [1790592963.703894393] [uav6.mavros_node]: Starting mavros_node container
[INFO] [1790592963.704091632] [uav6.mavros_node]: FCU URL: udp://:14545@127.0.0.1:14585
[INFO] [1790592963.704103570] [uav6.mavros_node]: GCS URL: 
[INFO] [1790592963.704212991] [uav6.mavros_node]: UAS Prefix: /uas6
[INFO] [1790592963.704219238] [uav6.mavros_node]: Starting mavros router node
[INFO] [1790592963.719877195] [uav6.mavros_router]: Built-in SIMD instructions: SSE, SSE2
[INFO] [1790592963.720326890] [uav6.mavros_router]: Built-in MAVLink package version: 2026.8.8
[INFO] [1790592963.720344817] [uav6.mavros_router]: Known MAVLink dialects: common ardupilotmega ASLUAV AVSSUAS all csAirLink cubepilot development icarous loweheiser marsh paparazzi standard stemstudios storm32 uAvionix ualberta
[INFO] [1790592963.720353162] [uav6.mavros_router]: MAVROS Router started
[INFO] [1790592963.720569420] [uav6.mavros_node]: Starting mavros uas node
[INFO] [1790592963.771776460] [uav6.mavros_router]: Requested to add endpoint: type: 0, url: udp://:14545@127.0.0.1:14585
[INFO] [1790592963.772009067] [uav6.mavros_router]: Endpoint link[1000] created
[INFO] [1790592963.772509564] [uav6.mavros_router]: link[1000] opened successfully
[INFO] [1790592963.772550217] [uav6.mavros_router]: Requested to add endpoint: type: 2, url: /uas6
[INFO] [1790592963.772572632] [uav6.mavros_router]: Endpoint link[1001] created
[INFO] [1790592963.777057155] [uav6.mavros_router]: link[1001] opened successfully
[INFO] [1790592963.777221801] [uav6.mavros_router]: link[1000] detected remote address 6.1
[INFO] [1790592963.783346079] [uav6.mavros]: Plugin actuator_control ignored
[INFO] [1790592963.783411669] [uav6.mavros]: Plugin altitude ignored
[INFO] [1790592963.783425283] [uav6.mavros]: UAS Executor started, threads: 4
[INFO] [1790592963.830334867] [uav6.mavros]: Plugin command created
[INFO] [1790592963.830408574] [uav6.mavros]: Plugin command initialized
[INFO] [1790592963.830418444] [uav6.mavros]: Plugin ftp ignored
[INFO] [1790592963.830424266] [uav6.mavros]: Plugin geofence ignored
[INFO] [1790592963.888051753] [uav6.mavros]: Plugin global_position created
[INFO] [1790592963.888112196] [uav6.mavros]: Plugin global_position initialized
[INFO] [1790592963.888124242] [uav6.mavros]: Plugin home_position ignored
[INFO] [1790592963.888131212] [uav6.mavros]: Plugin imu ignored
[INFO] [1790592963.908850525] [uav6.mavros]: Plugin local_position created
[INFO] [1790592963.908998018] [uav6.mavros]: Plugin local_position initialized
[INFO] [1790592963.909086454] [uav6.mavros]: Plugin manual_control ignored
[INFO] [1790592963.909097895] [uav6.mavros]: Plugin nav_controller_output ignored
[INFO] [1790592963.909107896] [uav6.mavros]: Plugin param ignored
[INFO] [1790592963.909117932] [uav6.mavros]: Plugin rallypoint ignored
[INFO] [1790592963.909128013] [uav6.mavros]: Plugin rc_io ignored
[INFO] [1790592963.909138112] [uav6.mavros]: Plugin setpoint_accel ignored
[INFO] [1790592963.909148068] [uav6.mavros]: Plugin setpoint_attitude ignored
[INFO] [1790592963.909159146] [uav6.mavros]: Plugin setpoint_position ignored
[INFO] [1790592963.909170474] [uav6.mavros]: Plugin setpoint_raw ignored
[INFO] [1790592963.909181775] [uav6.mavros]: Plugin setpoint_trajectory ignored
[INFO] [1790592963.936251706] [uav6.mavros]: Plugin setpoint_velocity created
[INFO] [1790592963.937003068] [uav6.mavros]: Plugin setpoint_velocity initialized
[INFO] [1790592963.984879044] [uav6.mavros]: Plugin sys_status created
[INFO] [1790592963.984985360] [uav6.mavros]: Plugin sys_status initialized
[INFO] [1790592964.005720636] [uav6.mavros.time]: TM: Timesync mode: MAVLINK
[INFO] [1790592964.008559820] [uav6.mavros]: Plugin sys_time created
[INFO] [1790592964.008617055] [uav6.mavros]: Plugin sys_time initialized
[INFO] [1790592964.008631163] [uav6.mavros]: Plugin waypoint ignored
[INFO] [1790592964.008638043] [uav6.mavros]: Plugin wind_estimation ignored
[INFO] [1790592964.011064369] [uav6.mavros]: Built-in SIMD instructions: SSE, SSE2
[INFO] [1790592964.011112715] [uav6.mavros]: Built-in MAVLink package version: 2026.8.8
[INFO] [1790592964.011183918] [uav6.mavros]: Known MAVLink dialects: common ardupilotmega ASLUAV AVSSUAS all csAirLink cubepilot development icarous loweheiser marsh paparazzi standard stemstudios storm32 uAvionix ualberta
[INFO] [1790592964.011197945] [uav6.mavros]: MAVROS UAS via /uas6 started. MY ID 6.191, TARGET ID 6.1
[INFO] [1790592964.085206348] [uav6.mavros_router]: link[1001] detected remote address 6.191
[INFO] [1790592965.018204383] [uav6.mavros.sys]: VER: 6.1: Capabilities         0x000000000000e8ff
[INFO] [1790592965.018295012] [uav6.mavros.sys]: VER: 6.1: Flight software:     011200c0 (fca3df865a000000)
[INFO] [1790592965.018303384] [uav6.mavros.sys]: VER: 6.1: Middleware software: 011200c0 (fca3df865a000000)
[INFO] [1790592965.018308646] [uav6.mavros.sys]: VER: 6.1: OS software:         070000ff (17040b9f87cb1791)
[INFO] [1790592965.018313204] [uav6.mavros.sys]: VER: 6.1: Board hardware:      00000001
[INFO] [1790592965.018318117] [uav6.mavros.sys]: VER: 6.1: VID/PID:             0000:0000
[INFO] [1790592965.018322864] [uav6.mavros.sys]: VER: 6.1: UID:                 4954414c44494e54
[WARN] [1790592965.021796929] [uav6.mavros.cmd]: CMD: Unexpected command 512, result 0
[INFO] [1790592965.105804684] [uav6.mavros]: CON: Got HEARTBEAT, connected. FCU: PX4 Autopilot
[INFO] [1790592966.307106023] [uav6.mavros.sys]: VER: 6.1: Capabilities         0x000000000000e8ff
[INFO] [1790592966.307166126] [uav6.mavros.sys]: VER: 6.1: Flight software:     011200c0 (fca3df865a000000)
[INFO] [1790592966.307173492] [uav6.mavros.sys]: VER: 6.1: Middleware software: 011200c0 (fca3df865a000000)
[INFO] [1790592966.307178556] [uav6.mavros.sys]: VER: 6.1: OS software:         070000ff (17040b9f87cb1791)
[INFO] [1790592966.307183337] [uav6.mavros.sys]: VER: 6.1: Board hardware:      00000001
[INFO] [1790592966.307188364] [uav6.mavros.sys]: VER: 6.1: VID/PID:             0000:0000
[INFO] [1790592966.307193614] [uav6.mavros.sys]: VER: 6.1: UID:                 4954414c44494e54
[WARN] [1790592975.102032762] [uav6.mavros.sys]: FCU: UNK(8): EVENT 11047904 with args -0-0-0-0-0-128-0-0-0-176-122-127-128-176-122-127-128-0-0-0-0-0-0-0-0-0-0-0-0-0-0-0-0-0-0-0-0-0-0-0-
[INFO] [1790592975.102103644] [uav6.mavros.sys]: FCU: EVENT 377561 with args -8-0-0-0-20-0-0-0-0-0-0-0-0-0-0-0-0-0-0-0-0-0-0-0-0-0-0-0-0-0-0-0-0-0-0-0-0-0-0-0-
[WARN] [1790592975.102165699] [uav6.mavros.sys]: FCU: EVENT 453929 with args -255-255-255-255-7-0-0-0-0-0-0-0-0-0-0-0-0-0-0-0-0-0-0-0-0-0-0-0-0-0-0-0-0-0-0-0-0-0-0-0-
[INFO] [1790592975.102211333] [uav6.mavros.sys]: FCU: EVENT 6801787 with args -255-255-255-255-12-0-0-0-0-0-0-0-0-0-0-0-0-0-0-0-0-0-0-0-0-0-0-0-0-0-0-0-0-0-0-0-0-0-0-0-
[WARN] [1790592975.102256872] [uav6.mavros.sys]: FCU: UNK(8): EVENT 1914663 with args -0-10-13-2-56-0-0-0-0-0-0-0-0-0-0-0-0-0-0-0-0-0-0-0-0-0-0-0-0-0-0-0-0-0-0-0-0-0-0-0-
[WARN] [1790592975.682413829] [uav6.mavros.sys.rclcpp]: failed to send response to /uav6/mavros/set_message_interval (timeout): client will not receive response, at ./src/rmw_response.cpp:153, at ./src/rcl/service.c:400
[WARN] [1790592976.208526549] [uav6.mavros.sys.rclcpp]: failed to send response to /uav6/mavros/set_message_interval (timeout): client will not receive response, at ./src/rmw_response.cpp:153, at ./src/rcl/service.c:400
[WARN] [1790592976.502159078] [uav6.mavros.sys.rclcpp]: failed to send response to /uav6/mavros/set_message_interval (timeout): client will not receive response, at ./src/rmw_response.cpp:153, at ./src/rcl/service.c:400
[WARN] [1790592979.675934574] [uav6.mavros.cmd]: CMD: Unexpected command 176, result 0
[INFO] [1790592980.357409017] [uav6.mavros.sys]: FCU: EVENT 9489139 with args -4-0-0-0-0-0-0-0-0-0-0-0-0-0-0-0-0-0-0-0-0-0-0-0-0-0-0-0-0-0-0-0-0-0-0-0-0-0-0-0-
[INFO] [1790592982.292019518] [uav6.mavros.sys]: FCU: EVENT 4277609 with args -0-0-0-0-0-0-0-0-0-0-0-0-0-0-0-0-0-0-0-0-0-0-0-0-0-0-0-0-0-0-0-0-0-0-0-0-0-0-0-0-
[WARN] [1790593240.047700502] [uav6.mavros.cmd]: CMD: Unexpected command 176, result 0
[INFO] [1790593273.196114971] [uav6.mavros.sys]: FCU: EVENT 9844908 with args -0-0-0-0-0-0-0-0-0-0-0-0-0-0-0-0-0-0-0-0-0-0-0-0-0-0-0-0-0-0-0-0-0-0-0-0-0-0-0-0-
[INFO] [1790593275.358197386] [uav6.mavros.sys]: FCU: EVENT 16017271 with args -6-0-0-0-0-0-0-0-0-0-0-0-0-0-0-0-0-0-0-0-0-0-0-0-0-0-0-0-0-0-0-0-0-0-0-0-0-0-0-0-
[WARN] [1790593279.458110423] [uav6.mavros.sys]: FCU: UNK(8): EVENT 11047904 with args -0-0-0-0-0-128-0-0-0-176-122-127-128-176-122-127-128-0-0-0-0-0-0-0-0-0-0-0-0-0-0-0-0-0-0-0-0-0-0-0-
[INFO] [1790593279.458211782] [uav6.mavros.sys]: FCU: EVENT 377561 with args -8-0-0-0-20-0-0-0-0-0-0-0-0-0-0-0-0-0-0-0-0-0-0-0-0-0-0-0-0-0-0-0-0-0-0-0-0-0-0-0-
[WARN] [1790593279.458273763] [uav6.mavros.sys]: FCU: EVENT 453929 with args -255-255-255-255-7-0-0-0-0-0-0-0-0-0-0-0-0-0-0-0-0-0-0-0-0-0-0-0-0-0-0-0-0-0-0-0-0-0-0-0-
[INFO] [1790593279.459362784] [uav6.mavros.sys]: FCU: EVENT 6801787 with args -255-255-255-255-12-0-0-0-0-0-0-0-0-0-0-0-0-0-0-0-0-0-0-0-0-0-0-0-0-0-0-0-0-0-0-0-0-0-0-0-
[WARN] [1790593279.459399440] [uav6.mavros.sys]: FCU: UNK(8): EVENT 1914663 with args -0-10-9-2-56-0-0-0-0-0-0-0-0-0-0-0-0-0-0-0-0-0-0-0-0-0-0-0-0-0-0-0-0-0-0-0-0-0-0-0-
[INFO] [1790593283.779439343] [rclcpp]: signal_handler(SIGINT/SIGTERM)
[WARN] [1790593283.780011382] [uav6.mavros]: UAS Executor terminated
