[INFO] [1790599932.965455085] [uav3.mavros_node]: Starting mavros_node container
[INFO] [1790599932.968549133] [uav3.mavros_node]: FCU URL: udp://:14542@127.0.0.1:14582
[INFO] [1790599932.968565969] [uav3.mavros_node]: GCS URL: 
[INFO] [1790599932.968571330] [uav3.mavros_node]: UAS Prefix: /uas3
[INFO] [1790599932.968576272] [uav3.mavros_node]: Starting mavros router node
[INFO] [1790599933.078502226] [uav3.mavros_router]: Built-in SIMD instructions: SSE, SSE2
[INFO] [1790599933.078550884] [uav3.mavros_router]: Built-in MAVLink package version: 2026.8.8
[INFO] [1790599933.078561026] [uav3.mavros_router]: Known MAVLink dialects: common ardupilotmega ASLUAV AVSSUAS all csAirLink cubepilot development icarous loweheiser marsh paparazzi standard stemstudios storm32 uAvionix ualberta
[INFO] [1790599933.078568044] [uav3.mavros_router]: MAVROS Router started
[INFO] [1790599933.078742750] [uav3.mavros_node]: Starting mavros uas node
[INFO] [1790599933.346820328] [uav3.mavros_router]: Requested to add endpoint: type: 0, url: udp://:14542@127.0.0.1:14582
[INFO] [1790599933.347710367] [uav3.mavros_router]: Endpoint link[1000] created
[INFO] [1790599933.348090522] [uav3.mavros_router]: link[1000] opened successfully
[INFO] [1790599933.348118481] [uav3.mavros_router]: Requested to add endpoint: type: 2, url: /uas3
[INFO] [1790599933.348134150] [uav3.mavros_router]: Endpoint link[1001] created
[INFO] [1790599933.352707006] [uav3.mavros_router]: link[1000] detected remote address 3.1
[INFO] [1790599933.365814687] [uav3.mavros]: UAS Executor started, threads: 4
[INFO] [1790599933.378315857] [uav3.mavros_router]: link[1001] opened successfully
[INFO] [1790599933.366749982] [uav3.mavros]: Plugin actuator_control ignored
[INFO] [1790599933.382201329] [uav3.mavros]: Plugin altitude ignored
[INFO] [1790599933.659137848] [uav3.mavros]: Plugin command created
[INFO] [1790599933.659206931] [uav3.mavros]: Plugin command initialized
[INFO] [1790599933.659216690] [uav3.mavros]: Plugin ftp ignored
[INFO] [1790599933.659222861] [uav3.mavros]: Plugin geofence ignored
[INFO] [1790599934.064024521] [uav3.mavros]: Plugin global_position created
[INFO] [1790599934.064081556] [uav3.mavros]: Plugin global_position initialized
[INFO] [1790599934.064093619] [uav3.mavros]: Plugin home_position ignored
[INFO] [1790599934.064098984] [uav3.mavros]: Plugin imu ignored
[INFO] [1790599934.275321014] [uav3.mavros]: Plugin local_position created
[INFO] [1790599934.362892299] [uav3.mavros]: Plugin local_position initialized
[INFO] [1790599934.369486213] [uav3.mavros]: Plugin manual_control ignored
[INFO] [1790599934.369497093] [uav3.mavros]: Plugin nav_controller_output ignored
[INFO] [1790599934.369502280] [uav3.mavros]: Plugin param ignored
[INFO] [1790599934.369508226] [uav3.mavros]: Plugin rallypoint ignored
[INFO] [1790599934.369514866] [uav3.mavros]: Plugin rc_io ignored
[INFO] [1790599934.369521645] [uav3.mavros]: Plugin setpoint_accel ignored
[INFO] [1790599934.369528009] [uav3.mavros]: Plugin setpoint_attitude ignored
[INFO] [1790599934.369538256] [uav3.mavros]: Plugin setpoint_position ignored
[INFO] [1790599934.369545129] [uav3.mavros]: Plugin setpoint_raw ignored
[INFO] [1790599934.369551531] [uav3.mavros]: Plugin setpoint_trajectory ignored
[INFO] [1790599934.545689276] [uav3.mavros]: Plugin setpoint_velocity created
[INFO] [1790599934.545945256] [uav3.mavros]: Plugin setpoint_velocity initialized
[INFO] [1790599934.818321815] [uav3.mavros]: Plugin sys_status created
[INFO] [1790599934.818394977] [uav3.mavros]: Plugin sys_status initialized
[INFO] [1790599934.888465117] [uav3.mavros.time]: TM: Timesync mode: MAVLINK
[INFO] [1790599935.128403203] [uav3.mavros]: Plugin sys_time created
[INFO] [1790599935.142668051] [uav3.mavros]: Plugin sys_time initialized
[INFO] [1790599935.142683926] [uav3.mavros]: Plugin waypoint ignored
[INFO] [1790599935.142689896] [uav3.mavros]: Plugin wind_estimation ignored
[INFO] [1790599935.162972256] [uav3.mavros]: Built-in SIMD instructions: SSE, SSE2
[INFO] [1790599935.163015504] [uav3.mavros]: Built-in MAVLink package version: 2026.8.8
[INFO] [1790599935.163047804] [uav3.mavros]: Known MAVLink dialects: common ardupilotmega ASLUAV AVSSUAS all csAirLink cubepilot development icarous loweheiser marsh paparazzi standard stemstudios storm32 uAvionix ualberta
[INFO] [1790599935.163054756] [uav3.mavros]: MAVROS UAS via /uas3 started. MY ID 3.191, TARGET ID 3.1
[INFO] [1790599935.253579775] [uav3.mavros]: CON: Got HEARTBEAT, connected. FCU: PX4 Autopilot
[INFO] [1790599935.253753039] [uav3.mavros_router]: link[1001] detected remote address 3.191
[INFO] [1790599936.280639925] [uav3.mavros.sys]: VER: 3.1: Capabilities         0x000000000000e8ff
[INFO] [1790599936.280690476] [uav3.mavros.sys]: VER: 3.1: Flight software:     011200c0 (fca3df865a000000)
[INFO] [1790599936.280697491] [uav3.mavros.sys]: VER: 3.1: Middleware software: 011200c0 (fca3df865a000000)
[INFO] [1790599936.280702095] [uav3.mavros.sys]: VER: 3.1: OS software:         070000ff (17040b9f87cb1791)
[INFO] [1790599936.280706420] [uav3.mavros.sys]: VER: 3.1: Board hardware:      00000001
[INFO] [1790599936.280711017] [uav3.mavros.sys]: VER: 3.1: VID/PID:             0000:0000
[INFO] [1790599936.280715680] [uav3.mavros.sys]: VER: 3.1: UID:                 4954414c44494e51
[WARN] [1790599936.285730642] [uav3.mavros.cmd]: CMD: Unexpected command 512, result 0
[WARN] [1790599947.305476677] [uav3.mavros.sys]: FCU: UNK(8): EVENT 11047904 with args -0-0-0-0-0-128-0-0-0-176-122-127-128-176-122-127-128-0-0-0-0-0-0-0-0-0-0-0-0-0-0-0-0-0-0-0-0-0-0-0-
[INFO] [1790599947.308325473] [uav3.mavros.sys]: FCU: EVENT 377561 with args -8-0-0-0-20-0-0-0-0-0-0-0-0-0-0-0-0-0-0-0-0-0-0-0-0-0-0-0-0-0-0-0-0-0-0-0-0-0-0-0-
[WARN] [1790599947.308392628] [uav3.mavros.sys]: FCU: EVENT 453929 with args -255-255-255-255-7-0-0-0-0-0-0-0-0-0-0-0-0-0-0-0-0-0-0-0-0-0-0-0-0-0-0-0-0-0-0-0-0-0-0-0-
[INFO] [1790599947.308431059] [uav3.mavros.sys]: FCU: EVENT 6801787 with args -255-255-255-255-12-0-0-0-0-0-0-0-0-0-0-0-0-0-0-0-0-0-0-0-0-0-0-0-0-0-0-0-0-0-0-0-0-0-0-0-
[WARN] [1790599947.308466114] [uav3.mavros.sys]: FCU: UNK(8): EVENT 1914663 with args -0-10-13-2-56-0-0-0-0-0-0-0-0-0-0-0-0-0-0-0-0-0-0-0-0-0-0-0-0-0-0-0-0-0-0-0-0-0-0-0-
[WARN] [1790599948.783936079] [uav3.mavros.cmd]: CMD: Unexpected command 176, result 0
[INFO] [1790599949.561232328] [uav3.mavros.sys]: FCU: EVENT 9489139 with args -4-0-0-0-0-0-0-0-0-0-0-0-0-0-0-0-0-0-0-0-0-0-0-0-0-0-0-0-0-0-0-0-0-0-0-0-0-0-0-0-
[INFO] [1790599951.444235200] [uav3.mavros.sys]: FCU: EVENT 4277609 with args -0-0-0-0-0-0-0-0-0-0-0-0-0-0-0-0-0-0-0-0-0-0-0-0-0-0-0-0-0-0-0-0-0-0-0-0-0-0-0-0-
[WARN] [1790600200.829391356] [uav3.mavros.cmd]: CMD: Unexpected command 176, result 0
[INFO] [1790600232.549147860] [uav3.mavros.sys]: FCU: EVENT 9844908 with args -0-0-0-0-0-0-0-0-0-0-0-0-0-0-0-0-0-0-0-0-0-0-0-0-0-0-0-0-0-0-0-0-0-0-0-0-0-0-0-0-
[INFO] [1790600234.669070436] [uav3.mavros.sys]: FCU: EVENT 16017271 with args -6-0-0-0-0-0-0-0-0-0-0-0-0-0-0-0-0-0-0-0-0-0-0-0-0-0-0-0-0-0-0-0-0-0-0-0-0-0-0-0-
[WARN] [1790600238.641593029] [uav3.mavros.sys]: FCU: UNK(8): EVENT 11047904 with args -0-0-0-0-0-128-0-0-0-176-122-127-128-176-122-127-128-0-0-0-0-0-0-0-0-0-0-0-0-0-0-0-0-0-0-0-0-0-0-0-
[INFO] [1790600238.641667551] [uav3.mavros.sys]: FCU: EVENT 377561 with args -8-0-0-0-20-0-0-0-0-0-0-0-0-0-0-0-0-0-0-0-0-0-0-0-0-0-0-0-0-0-0-0-0-0-0-0-0-0-0-0-
[WARN] [1790600238.641827804] [uav3.mavros.sys]: FCU: EVENT 453929 with args -255-255-255-255-7-0-0-0-0-0-0-0-0-0-0-0-0-0-0-0-0-0-0-0-0-0-0-0-0-0-0-0-0-0-0-0-0-0-0-0-
[INFO] [1790600238.641989911] [uav3.mavros.sys]: FCU: EVENT 6801787 with args -255-255-255-255-12-0-0-0-0-0-0-0-0-0-0-0-0-0-0-0-0-0-0-0-0-0-0-0-0-0-0-0-0-0-0-0-0-0-0-0-
[WARN] [1790600238.642012005] [uav3.mavros.sys]: FCU: UNK(8): EVENT 1914663 with args -0-10-9-2-56-0-0-0-0-0-0-0-0-0-0-0-0-0-0-0-0-0-0-0-0-0-0-0-0-0-0-0-0-0-0-0-0-0-0-0-
[INFO] [1790600240.020578274] [rclcpp]: signal_handler(SIGINT/SIGTERM)
[WARN] [1790600240.021817791] [uav3.mavros]: UAS Executor terminated
Failed to publish log message to rosout: publisher's context is invalid, at ./src/rcl/publisher.c:423
