[INFO] [1790599932.879145812] [uav1.mavros_node]: Starting mavros_node container
[INFO] [1790599932.890443461] [uav1.mavros_node]: FCU URL: udp://:14540@127.0.0.1:14580
[INFO] [1790599932.890471613] [uav1.mavros_node]: GCS URL: 
[INFO] [1790599932.890477128] [uav1.mavros_node]: UAS Prefix: /uas1
[INFO] [1790599932.890482240] [uav1.mavros_node]: Starting mavros router node
[INFO] [1790599932.903775176] [uav1.mavros_router]: Built-in SIMD instructions: SSE, SSE2
[INFO] [1790599932.903817464] [uav1.mavros_router]: Built-in MAVLink package version: 2026.8.8
[INFO] [1790599932.903826805] [uav1.mavros_router]: Known MAVLink dialects: common ardupilotmega ASLUAV AVSSUAS all csAirLink cubepilot development icarous loweheiser marsh paparazzi standard stemstudios storm32 uAvionix ualberta
[INFO] [1790599932.903833296] [uav1.mavros_router]: MAVROS Router started
[INFO] [1790599932.904778673] [uav1.mavros_node]: Starting mavros uas node
[INFO] [1790599933.028746742] [uav1.mavros_router]: Requested to add endpoint: type: 0, url: udp://:14540@127.0.0.1:14580
[INFO] [1790599933.036324649] [uav1.mavros_router]: Endpoint link[1000] created
[INFO] [1790599933.036611596] [uav1.mavros_router]: link[1000] opened successfully
[INFO] [1790599933.036640703] [uav1.mavros_router]: Requested to add endpoint: type: 2, url: /uas1
[INFO] [1790599933.036656796] [uav1.mavros_router]: Endpoint link[1001] created
[INFO] [1790599933.039507445] [uav1.mavros_router]: link[1000] detected remote address 1.1
[INFO] [1790599933.052291212] [uav1.mavros]: Plugin actuator_control ignored
[INFO] [1790599933.052357120] [uav1.mavros]: Plugin altitude ignored
[INFO] [1790599933.052447916] [uav1.mavros]: UAS Executor started, threads: 4
[INFO] [1790599933.126813978] [uav1.mavros_router]: link[1001] opened successfully
[INFO] [1790599933.262554757] [uav1.mavros]: Plugin command created
[INFO] [1790599933.262617495] [uav1.mavros]: Plugin command initialized
[INFO] [1790599933.262629590] [uav1.mavros]: Plugin ftp ignored
[INFO] [1790599933.262634887] [uav1.mavros]: Plugin geofence ignored
[INFO] [1790599933.414617771] [uav1.mavros]: Plugin global_position created
[INFO] [1790599933.597133560] [uav1.mavros]: Plugin global_position initialized
[INFO] [1790599933.597145880] [uav1.mavros]: Plugin home_position ignored
[INFO] [1790599933.597159534] [uav1.mavros]: Plugin imu ignored
[INFO] [1790599933.841920005] [uav1.mavros]: Plugin local_position created
[INFO] [1790599933.841984075] [uav1.mavros]: Plugin local_position initialized
[INFO] [1790599933.841993301] [uav1.mavros]: Plugin manual_control ignored
[INFO] [1790599933.841999223] [uav1.mavros]: Plugin nav_controller_output ignored
[INFO] [1790599933.842004462] [uav1.mavros]: Plugin param ignored
[INFO] [1790599933.842010087] [uav1.mavros]: Plugin rallypoint ignored
[INFO] [1790599933.842015680] [uav1.mavros]: Plugin rc_io ignored
[INFO] [1790599933.842021381] [uav1.mavros]: Plugin setpoint_accel ignored
[INFO] [1790599933.842026755] [uav1.mavros]: Plugin setpoint_attitude ignored
[INFO] [1790599933.842032167] [uav1.mavros]: Plugin setpoint_position ignored
[INFO] [1790599933.842036771] [uav1.mavros]: Plugin setpoint_raw ignored
[INFO] [1790599933.842041862] [uav1.mavros]: Plugin setpoint_trajectory ignored
[INFO] [1790599934.113882020] [uav1.mavros]: Plugin setpoint_velocity created
[INFO] [1790599934.257758939] [uav1.mavros]: Plugin setpoint_velocity initialized
[INFO] [1790599934.602496156] [uav1.mavros]: Plugin sys_status created
[INFO] [1790599934.602565153] [uav1.mavros]: Plugin sys_status initialized
[INFO] [1790599934.785843762] [uav1.mavros.time]: TM: Timesync mode: MAVLINK
[INFO] [1790599934.811446175] [uav1.mavros]: Plugin sys_time created
[INFO] [1790599934.811500425] [uav1.mavros]: Plugin sys_time initialized
[INFO] [1790599934.811509798] [uav1.mavros]: Plugin waypoint ignored
[INFO] [1790599934.811515046] [uav1.mavros]: Plugin wind_estimation ignored
[INFO] [1790599934.841747324] [uav1.mavros]: Built-in SIMD instructions: SSE, SSE2
[INFO] [1790599935.122873489] [uav1.mavros]: Built-in MAVLink package version: 2026.8.8
[INFO] [1790599935.141344335] [uav1.mavros]: Known MAVLink dialects: common ardupilotmega ASLUAV AVSSUAS all csAirLink cubepilot development icarous loweheiser marsh paparazzi standard stemstudios storm32 uAvionix ualberta
[INFO] [1790599935.141359634] [uav1.mavros]: MAVROS UAS via /uas1 started. MY ID 1.191, TARGET ID 1.1
[INFO] [1790599935.149722975] [uav1.mavros_router]: link[1001] detected remote address 1.191
[INFO] [1790599935.344696518] [uav1.mavros]: CON: Got HEARTBEAT, connected. FCU: PX4 Autopilot
[INFO] [1790599936.380163933] [uav1.mavros.sys]: VER: 1.1: Capabilities         0x000000000000e8ff
[INFO] [1790599936.380217036] [uav1.mavros.sys]: VER: 1.1: Flight software:     011200c0 (fca3df865a000000)
[INFO] [1790599936.380224340] [uav1.mavros.sys]: VER: 1.1: Middleware software: 011200c0 (fca3df865a000000)
[INFO] [1790599936.380230002] [uav1.mavros.sys]: VER: 1.1: OS software:         070000ff (17040b9f87cb1791)
[INFO] [1790599936.380235160] [uav1.mavros.sys]: VER: 1.1: Board hardware:      00000001
[INFO] [1790599936.380240267] [uav1.mavros.sys]: VER: 1.1: VID/PID:             0000:0000
[INFO] [1790599936.380245699] [uav1.mavros.sys]: VER: 1.1: UID:                 4954414c44494e4f
[WARN] [1790599936.381610248] [uav1.mavros.cmd]: CMD: Unexpected command 512, result 0
[WARN] [1790599942.549439685] [uav1.mavros.sys]: FCU: UNK(8): EVENT 11047904 with args -0-0-0-0-0-128-0-0-0-176-122-127-128-176-122-127-128-0-0-0-0-0-0-0-0-0-0-0-0-0-0-0-0-0-0-0-0-0-0-0-
[INFO] [1790599942.551309363] [uav1.mavros.sys]: FCU: EVENT 377561 with args -8-0-0-0-20-0-0-0-0-0-0-0-0-0-0-0-0-0-0-0-0-0-0-0-0-0-0-0-0-0-0-0-0-0-0-0-0-0-0-0-
[WARN] [1790599942.551377074] [uav1.mavros.sys]: FCU: EVENT 453929 with args -255-255-255-255-7-0-0-0-0-0-0-0-0-0-0-0-0-0-0-0-0-0-0-0-0-0-0-0-0-0-0-0-0-0-0-0-0-0-0-0-
[INFO] [1790599942.551421798] [uav1.mavros.sys]: FCU: EVENT 6801787 with args -255-255-255-255-12-0-0-0-0-0-0-0-0-0-0-0-0-0-0-0-0-0-0-0-0-0-0-0-0-0-0-0-0-0-0-0-0-0-0-0-
[WARN] [1790599942.551460013] [uav1.mavros.sys]: FCU: UNK(8): EVENT 1914663 with args -0-10-13-2-56-0-0-0-0-0-0-0-0-0-0-0-0-0-0-0-0-0-0-0-0-0-0-0-0-0-0-0-0-0-0-0-0-0-0-0-
[WARN] [1790599948.532121086] [uav1.mavros.cmd]: CMD: Unexpected command 176, result 0
[INFO] [1790599949.524631228] [uav1.mavros.sys]: FCU: EVENT 9489139 with args -4-0-0-0-0-0-0-0-0-0-0-0-0-0-0-0-0-0-0-0-0-0-0-0-0-0-0-0-0-0-0-0-0-0-0-0-0-0-0-0-
[INFO] [1790599951.622643959] [uav1.mavros.sys]: FCU: EVENT 4277609 with args -0-0-0-0-0-0-0-0-0-0-0-0-0-0-0-0-0-0-0-0-0-0-0-0-0-0-0-0-0-0-0-0-0-0-0-0-0-0-0-0-
[WARN] [1790600182.526885322] [uav1.mavros.cmd]: CMD: Unexpected command 176, result 0
[INFO] [1790600226.510410825] [uav1.mavros.sys]: FCU: EVENT 9844908 with args -0-0-0-0-0-0-0-0-0-0-0-0-0-0-0-0-0-0-0-0-0-0-0-0-0-0-0-0-0-0-0-0-0-0-0-0-0-0-0-0-
[INFO] [1790600228.621966749] [uav1.mavros.sys]: FCU: EVENT 16017271 with args -6-0-0-0-0-0-0-0-0-0-0-0-0-0-0-0-0-0-0-0-0-0-0-0-0-0-0-0-0-0-0-0-0-0-0-0-0-0-0-0-
[WARN] [1790600232.063114179] [uav1.mavros.sys]: FCU: UNK(8): EVENT 11047904 with args -0-0-0-0-0-128-0-0-0-176-122-127-128-176-122-127-128-0-0-0-0-0-0-0-0-0-0-0-0-0-0-0-0-0-0-0-0-0-0-0-
[INFO] [1790600232.063255435] [uav1.mavros.sys]: FCU: EVENT 377561 with args -8-0-0-0-20-0-0-0-0-0-0-0-0-0-0-0-0-0-0-0-0-0-0-0-0-0-0-0-0-0-0-0-0-0-0-0-0-0-0-0-
[WARN] [1790600232.063284562] [uav1.mavros.sys]: FCU: EVENT 453929 with args -255-255-255-255-7-0-0-0-0-0-0-0-0-0-0-0-0-0-0-0-0-0-0-0-0-0-0-0-0-0-0-0-0-0-0-0-0-0-0-0-
[INFO] [1790600232.063346291] [uav1.mavros.sys]: FCU: EVENT 6801787 with args -255-255-255-255-12-0-0-0-0-0-0-0-0-0-0-0-0-0-0-0-0-0-0-0-0-0-0-0-0-0-0-0-0-0-0-0-0-0-0-0-
[WARN] [1790600232.063368075] [uav1.mavros.sys]: FCU: UNK(8): EVENT 1914663 with args -0-10-9-2-56-0-0-0-0-0-0-0-0-0-0-0-0-0-0-0-0-0-0-0-0-0-0-0-0-0-0-0-0-0-0-0-0-0-0-0-
[INFO] [1790600240.009873333] [rclcpp]: signal_handler(SIGINT/SIGTERM)
[WARN] [1790600240.010588190] [uav1.mavros]: UAS Executor terminated
