[INFO] [1790599932.988684531] [uav2.mavros_node]: Starting mavros_node container
[INFO] [1790599932.988779116] [uav2.mavros_node]: FCU URL: udp://:14541@127.0.0.1:14581
[INFO] [1790599932.988786903] [uav2.mavros_node]: GCS URL: 
[INFO] [1790599932.988791819] [uav2.mavros_node]: UAS Prefix: /uas2
[INFO] [1790599932.988796724] [uav2.mavros_node]: Starting mavros router node
[INFO] [1790599933.086976016] [uav2.mavros_router]: Built-in SIMD instructions: SSE, SSE2
[INFO] [1790599933.087029169] [uav2.mavros_router]: Built-in MAVLink package version: 2026.8.8
[INFO] [1790599933.087613201] [uav2.mavros_router]: Known MAVLink dialects: common ardupilotmega ASLUAV AVSSUAS all csAirLink cubepilot development icarous loweheiser marsh paparazzi standard stemstudios storm32 uAvionix ualberta
[INFO] [1790599933.087645482] [uav2.mavros_router]: MAVROS Router started
[INFO] [1790599933.087816947] [uav2.mavros_node]: Starting mavros uas node
[INFO] [1790599933.331754876] [uav2.mavros_router]: Requested to add endpoint: type: 0, url: udp://:14541@127.0.0.1:14581
[INFO] [1790599933.335851871] [uav2.mavros_router]: Endpoint link[1000] created
[INFO] [1790599933.338161859] [uav2.mavros_router]: link[1000] opened successfully
[INFO] [1790599933.338199655] [uav2.mavros_router]: Requested to add endpoint: type: 2, url: /uas2
[INFO] [1790599933.340821479] [uav2.mavros_router]: Endpoint link[1001] created
[INFO] [1790599933.340713097] [uav2.mavros_router]: link[1000] detected remote address 2.1
[INFO] [1790599933.348993759] [uav2.mavros]: Plugin actuator_control ignored
[INFO] [1790599933.349040047] [uav2.mavros]: Plugin altitude ignored
[INFO] [1790599933.350017957] [uav2.mavros]: UAS Executor started, threads: 4
[INFO] [1790599933.407523667] [uav2.mavros_router]: link[1001] opened successfully
[INFO] [1790599933.566810070] [uav2.mavros]: Plugin command created
[INFO] [1790599933.611995597] [uav2.mavros]: Plugin command initialized
[INFO] [1790599933.612016742] [uav2.mavros]: Plugin ftp ignored
[INFO] [1790599933.612023014] [uav2.mavros]: Plugin geofence ignored
[INFO] [1790599933.916615121] [uav2.mavros]: Plugin global_position created
[INFO] [1790599933.919647128] [uav2.mavros]: Plugin global_position initialized
[INFO] [1790599933.919670347] [uav2.mavros]: Plugin home_position ignored
[INFO] [1790599933.919675932] [uav2.mavros]: Plugin imu ignored
[INFO] [1790599934.233908486] [uav2.mavros]: Plugin local_position created
[INFO] [1790599934.257601780] [uav2.mavros]: Plugin local_position initialized
[INFO] [1790599934.257620936] [uav2.mavros]: Plugin manual_control ignored
[INFO] [1790599934.257626306] [uav2.mavros]: Plugin nav_controller_output ignored
[INFO] [1790599934.257631211] [uav2.mavros]: Plugin param ignored
[INFO] [1790599934.257636294] [uav2.mavros]: Plugin rallypoint ignored
[INFO] [1790599934.257641179] [uav2.mavros]: Plugin rc_io ignored
[INFO] [1790599934.257646648] [uav2.mavros]: Plugin setpoint_accel ignored
[INFO] [1790599934.257651982] [uav2.mavros]: Plugin setpoint_attitude ignored
[INFO] [1790599934.257656988] [uav2.mavros]: Plugin setpoint_position ignored
[INFO] [1790599934.257662193] [uav2.mavros]: Plugin setpoint_raw ignored
[INFO] [1790599934.257675700] [uav2.mavros]: Plugin setpoint_trajectory ignored
[INFO] [1790599934.426353548] [uav2.mavros]: Plugin setpoint_velocity created
[INFO] [1790599934.426406066] [uav2.mavros]: Plugin setpoint_velocity initialized
[INFO] [1790599934.724562949] [uav2.mavros]: Plugin sys_status created
[INFO] [1790599934.724643114] [uav2.mavros]: Plugin sys_status initialized
[INFO] [1790599934.909908083] [uav2.mavros.time]: TM: Timesync mode: MAVLINK
[INFO] [1790599935.165170366] [uav2.mavros]: Plugin sys_time created
[INFO] [1790599935.165227658] [uav2.mavros]: Plugin sys_time initialized
[INFO] [1790599935.165237979] [uav2.mavros]: Plugin waypoint ignored
[INFO] [1790599935.165243355] [uav2.mavros]: Plugin wind_estimation ignored
[INFO] [1790599935.186818953] [uav2.mavros]: Built-in SIMD instructions: SSE, SSE2
[INFO] [1790599935.186861036] [uav2.mavros]: Built-in MAVLink package version: 2026.8.8
[INFO] [1790599935.188674326] [uav2.mavros]: Known MAVLink dialects: common ardupilotmega ASLUAV AVSSUAS all csAirLink cubepilot development icarous loweheiser marsh paparazzi standard stemstudios storm32 uAvionix ualberta
[INFO] [1790599935.188684868] [uav2.mavros]: MAVROS UAS via /uas2 started. MY ID 2.191, TARGET ID 2.1
[INFO] [1790599935.282220719] [uav2.mavros]: CON: Got HEARTBEAT, connected. FCU: PX4 Autopilot
[INFO] [1790599935.282390876] [uav2.mavros_router]: link[1001] detected remote address 2.191
[INFO] [1790599936.314466987] [uav2.mavros.sys]: VER: 2.1: Capabilities         0x000000000000e8ff
[INFO] [1790599936.314522908] [uav2.mavros.sys]: VER: 2.1: Flight software:     011200c0 (fca3df865a000000)
[INFO] [1790599936.314530479] [uav2.mavros.sys]: VER: 2.1: Middleware software: 011200c0 (fca3df865a000000)
[INFO] [1790599936.314535056] [uav2.mavros.sys]: VER: 2.1: OS software:         070000ff (17040b9f87cb1791)
[INFO] [1790599936.314539512] [uav2.mavros.sys]: VER: 2.1: Board hardware:      00000001
[INFO] [1790599936.314543612] [uav2.mavros.sys]: VER: 2.1: VID/PID:             0000:0000
[INFO] [1790599936.314548361] [uav2.mavros.sys]: VER: 2.1: UID:                 4954414c44494e50
[WARN] [1790599936.317988452] [uav2.mavros.cmd]: CMD: Unexpected command 512, result 0
[WARN] [1790599945.255971885] [uav2.mavros.sys]: FCU: UNK(8): EVENT 11047904 with args -0-0-0-0-0-128-0-0-0-176-122-127-128-176-122-127-128-0-0-0-0-0-0-0-0-0-0-0-0-0-0-0-0-0-0-0-0-0-0-0-
[INFO] [1790599945.256105303] [uav2.mavros.sys]: FCU: EVENT 377561 with args -8-0-0-0-20-0-0-0-0-0-0-0-0-0-0-0-0-0-0-0-0-0-0-0-0-0-0-0-0-0-0-0-0-0-0-0-0-0-0-0-
[WARN] [1790599945.256144597] [uav2.mavros.sys]: FCU: EVENT 453929 with args -255-255-255-255-7-0-0-0-0-0-0-0-0-0-0-0-0-0-0-0-0-0-0-0-0-0-0-0-0-0-0-0-0-0-0-0-0-0-0-0-
[INFO] [1790599945.256178745] [uav2.mavros.sys]: FCU: EVENT 6801787 with args -255-255-255-255-12-0-0-0-0-0-0-0-0-0-0-0-0-0-0-0-0-0-0-0-0-0-0-0-0-0-0-0-0-0-0-0-0-0-0-0-
[WARN] [1790599945.256211752] [uav2.mavros.sys]: FCU: UNK(8): EVENT 1914663 with args -0-10-13-2-56-0-0-0-0-0-0-0-0-0-0-0-0-0-0-0-0-0-0-0-0-0-0-0-0-0-0-0-0-0-0-0-0-0-0-0-
[WARN] [1790599948.606985981] [uav2.mavros.cmd]: CMD: Unexpected command 176, result 0
[INFO] [1790599949.625424575] [uav2.mavros.sys]: FCU: EVENT 9489139 with args -4-0-0-0-0-0-0-0-0-0-0-0-0-0-0-0-0-0-0-0-0-0-0-0-0-0-0-0-0-0-0-0-0-0-0-0-0-0-0-0-
[INFO] [1790599951.593019412] [uav2.mavros.sys]: FCU: EVENT 4277609 with args -0-0-0-0-0-0-0-0-0-0-0-0-0-0-0-0-0-0-0-0-0-0-0-0-0-0-0-0-0-0-0-0-0-0-0-0-0-0-0-0-
[WARN] [1790600200.788479516] [uav2.mavros.cmd]: CMD: Unexpected command 176, result 0
[INFO] [1790600233.704846714] [uav2.mavros.sys]: FCU: EVENT 9844908 with args -0-0-0-0-0-0-0-0-0-0-0-0-0-0-0-0-0-0-0-0-0-0-0-0-0-0-0-0-0-0-0-0-0-0-0-0-0-0-0-0-
[INFO] [1790600235.831882956] [uav2.mavros.sys]: FCU: EVENT 16017271 with args -6-0-0-0-0-0-0-0-0-0-0-0-0-0-0-0-0-0-0-0-0-0-0-0-0-0-0-0-0-0-0-0-0-0-0-0-0-0-0-0-
[WARN] [1790600239.827719014] [uav2.mavros.sys]: FCU: UNK(8): EVENT 11047904 with args -0-0-0-0-0-128-0-0-0-176-122-127-128-176-122-127-128-0-0-0-0-0-0-0-0-0-0-0-0-0-0-0-0-0-0-0-0-0-0-0-
[INFO] [1790600239.827812701] [uav2.mavros.sys]: FCU: EVENT 377561 with args -8-0-0-0-20-0-0-0-0-0-0-0-0-0-0-0-0-0-0-0-0-0-0-0-0-0-0-0-0-0-0-0-0-0-0-0-0-0-0-0-
[WARN] [1790600239.827874421] [uav2.mavros.sys]: FCU: EVENT 453929 with args -255-255-255-255-7-0-0-0-0-0-0-0-0-0-0-0-0-0-0-0-0-0-0-0-0-0-0-0-0-0-0-0-0-0-0-0-0-0-0-0-
[INFO] [1790600239.827915665] [uav2.mavros.sys]: FCU: EVENT 6801787 with args -255-255-255-255-12-0-0-0-0-0-0-0-0-0-0-0-0-0-0-0-0-0-0-0-0-0-0-0-0-0-0-0-0-0-0-0-0-0-0-0-
[WARN] [1790600239.827954325] [uav2.mavros.sys]: FCU: UNK(8): EVENT 1914663 with args -0-10-9-2-56-0-0-0-0-0-0-0-0-0-0-0-0-0-0-0-0-0-0-0-0-0-0-0-0-0-0-0-0-0-0-0-0-0-0-0-
[INFO] [1790600240.020948658] [rclcpp]: signal_handler(SIGINT/SIGTERM)
[WARN] [1790600240.024890725] [uav2.mavros]: UAS Executor terminated
