[INFO] [1790597628.615851685] [uav7.mavros_node]: Starting mavros_node container
[INFO] [1790597628.631176845] [uav7.mavros_node]: FCU URL: udp://:14546@127.0.0.1:14586
[INFO] [1790597628.631202900] [uav7.mavros_node]: GCS URL: 
[INFO] [1790597628.631208605] [uav7.mavros_node]: UAS Prefix: /uas7
[INFO] [1790597628.631213359] [uav7.mavros_node]: Starting mavros router node
[INFO] [1790597628.793377780] [uav7.mavros_router]: Built-in SIMD instructions: SSE, SSE2
[INFO] [1790597628.793434651] [uav7.mavros_router]: Built-in MAVLink package version: 2026.8.8
[INFO] [1790597628.793445054] [uav7.mavros_router]: Known MAVLink dialects: common ardupilotmega ASLUAV AVSSUAS all csAirLink cubepilot development icarous loweheiser marsh paparazzi standard stemstudios storm32 uAvionix ualberta
[INFO] [1790597628.793454915] [uav7.mavros_router]: MAVROS Router started
[INFO] [1790597628.793652811] [uav7.mavros_node]: Starting mavros uas node
[INFO] [1790597628.976315920] [uav7.mavros_router]: Requested to add endpoint: type: 0, url: udp://:14546@127.0.0.1:14586
[INFO] [1790597628.976387324] [uav7.mavros_router]: Endpoint link[1000] created
[INFO] [1790597628.976656033] [uav7.mavros_router]: link[1000] opened successfully
[INFO] [1790597628.976680019] [uav7.mavros_router]: Requested to add endpoint: type: 2, url: /uas7
[INFO] [1790597628.976694511] [uav7.mavros_router]: Endpoint link[1001] created
[INFO] [1790597628.981558481] [uav7.mavros_router]: link[1000] detected remote address 7.1
[INFO] [1790597628.989342019] [uav7.mavros]: Plugin actuator_control ignored
[INFO] [1790597628.989425583] [uav7.mavros]: Plugin altitude ignored
[INFO] [1790597628.989441324] [uav7.mavros]: UAS Executor started, threads: 4
[INFO] [1790597629.011544792] [uav7.mavros_router]: link[1001] opened successfully
[INFO] [1790597629.191886468] [uav7.mavros]: Plugin command created
[INFO] [1790597629.191962856] [uav7.mavros]: Plugin command initialized
[INFO] [1790597629.195633873] [uav7.mavros]: Plugin ftp ignored
[INFO] [1790597629.195659761] [uav7.mavros]: Plugin geofence ignored
[INFO] [1790597629.314047240] [uav7.mavros]: Plugin global_position created
[INFO] [1790597629.314120126] [uav7.mavros]: Plugin global_position initialized
[INFO] [1790597629.314133359] [uav7.mavros]: Plugin home_position ignored
[INFO] [1790597629.314139297] [uav7.mavros]: Plugin imu ignored
[INFO] [1790597629.704705124] [uav7.mavros]: Plugin local_position created
[INFO] [1790597629.704771842] [uav7.mavros]: Plugin local_position initialized
[INFO] [1790597629.704782962] [uav7.mavros]: Plugin manual_control ignored
[INFO] [1790597629.704789776] [uav7.mavros]: Plugin nav_controller_output ignored
[INFO] [1790597629.704795941] [uav7.mavros]: Plugin param ignored
[INFO] [1790597629.704801638] [uav7.mavros]: Plugin rallypoint ignored
[INFO] [1790597629.704806983] [uav7.mavros]: Plugin rc_io ignored
[INFO] [1790597629.704813198] [uav7.mavros]: Plugin setpoint_accel ignored
[INFO] [1790597629.704818053] [uav7.mavros]: Plugin setpoint_attitude ignored
[INFO] [1790597629.704823617] [uav7.mavros]: Plugin setpoint_position ignored
[INFO] [1790597629.704829023] [uav7.mavros]: Plugin setpoint_raw ignored
[INFO] [1790597629.704834361] [uav7.mavros]: Plugin setpoint_trajectory ignored
[INFO] [1790597629.968827225] [uav7.mavros]: Plugin setpoint_velocity created
[INFO] [1790597629.968890258] [uav7.mavros]: Plugin setpoint_velocity initialized
[INFO] [1790597630.664931663] [uav7.mavros]: Plugin sys_status created
[INFO] [1790597630.665009152] [uav7.mavros]: Plugin sys_status initialized
[INFO] [1790597630.973005767] [uav7.mavros.time]: TM: Timesync mode: MAVLINK
[INFO] [1790597631.004693091] [uav7.mavros]: Plugin sys_time created
[INFO] [1790597631.012130358] [uav7.mavros]: Plugin sys_time initialized
[INFO] [1790597631.012154200] [uav7.mavros]: Plugin waypoint ignored
[INFO] [1790597631.012160559] [uav7.mavros]: Plugin wind_estimation ignored
[INFO] [1790597631.029161086] [uav7.mavros]: Built-in SIMD instructions: SSE, SSE2
[INFO] [1790597631.029208239] [uav7.mavros]: Built-in MAVLink package version: 2026.8.8
[INFO] [1790597631.059472676] [uav7.mavros]: Known MAVLink dialects: common ardupilotmega ASLUAV AVSSUAS all csAirLink cubepilot development icarous loweheiser marsh paparazzi standard stemstudios storm32 uAvionix ualberta
[INFO] [1790597631.069815030] [uav7.mavros]: MAVROS UAS via /uas7 started. MY ID 7.191, TARGET ID 7.1
[INFO] [1790597631.121528185] [uav7.mavros_router]: link[1001] detected remote address 7.191
[INFO] [1790597631.704379133] [uav7.mavros.sys]: VER: 7.1: Capabilities         0x000000000000e8ff
[INFO] [1790597631.704436932] [uav7.mavros.sys]: VER: 7.1: Flight software:     011200c0 (fca3df865a000000)
[INFO] [1790597631.704444759] [uav7.mavros.sys]: VER: 7.1: Middleware software: 011200c0 (fca3df865a000000)
[INFO] [1790597631.704458689] [uav7.mavros.sys]: VER: 7.1: OS software:         070000ff (17040b9f87cb1791)
[INFO] [1790597631.704463706] [uav7.mavros.sys]: VER: 7.1: Board hardware:      00000001
[INFO] [1790597631.704468987] [uav7.mavros.sys]: VER: 7.1: VID/PID:             0000:0000
[INFO] [1790597631.704474300] [uav7.mavros.sys]: VER: 7.1: UID:                 4954414c44494e55
[WARN] [1790597631.711433983] [uav7.mavros.cmd]: CMD: Unexpected command 512, result 0
[INFO] [1790597631.883272496] [uav7.mavros]: CON: Got HEARTBEAT, connected. FCU: PX4 Autopilot
[INFO] [1790597632.955066912] [uav7.mavros.sys]: VER: 7.1: Capabilities         0x000000000000e8ff
[INFO] [1790597632.955122273] [uav7.mavros.sys]: VER: 7.1: Flight software:     011200c0 (fca3df865a000000)
[INFO] [1790597632.955129233] [uav7.mavros.sys]: VER: 7.1: Middleware software: 011200c0 (fca3df865a000000)
[INFO] [1790597632.955134347] [uav7.mavros.sys]: VER: 7.1: OS software:         070000ff (17040b9f87cb1791)
[INFO] [1790597632.955143428] [uav7.mavros.sys]: VER: 7.1: Board hardware:      00000001
[INFO] [1790597632.955148092] [uav7.mavros.sys]: VER: 7.1: VID/PID:             0000:0000
[INFO] [1790597632.955155323] [uav7.mavros.sys]: VER: 7.1: UID:                 4954414c44494e55
[WARN] [1790597642.525479031] [uav7.mavros.sys]: FCU: UNK(8): EVENT 11047904 with args -0-0-0-0-0-128-0-0-0-176-122-127-128-176-122-127-128-0-0-0-0-0-0-0-0-0-0-0-0-0-0-0-0-0-0-0-0-0-0-0-
[INFO] [1790597642.526521718] [uav7.mavros.sys]: FCU: EVENT 377561 with args -8-0-0-0-20-0-0-0-0-0-0-0-0-0-0-0-0-0-0-0-0-0-0-0-0-0-0-0-0-0-0-0-0-0-0-0-0-0-0-0-
[WARN] [1790597642.526633522] [uav7.mavros.sys]: FCU: EVENT 453929 with args -255-255-255-255-7-0-0-0-0-0-0-0-0-0-0-0-0-0-0-0-0-0-0-0-0-0-0-0-0-0-0-0-0-0-0-0-0-0-0-0-
[INFO] [1790597642.537614188] [uav7.mavros.sys]: FCU: EVENT 6801787 with args -255-255-255-255-12-0-0-0-0-0-0-0-0-0-0-0-0-0-0-0-0-0-0-0-0-0-0-0-0-0-0-0-0-0-0-0-0-0-0-0-
[WARN] [1790597642.538406220] [uav7.mavros.sys]: FCU: UNK(8): EVENT 1914663 with args -0-10-13-2-56-0-0-0-0-0-0-0-0-0-0-0-0-0-0-0-0-0-0-0-0-0-0-0-0-0-0-0-0-0-0-0-0-0-0-0-
[WARN] [1790597643.860047691] [uav7.mavros.cmd]: CMD: Unexpected command 176, result 0
[INFO] [1790597644.243515122] [uav7.mavros.sys]: FCU: EVENT 9489139 with args -4-0-0-0-0-0-0-0-0-0-0-0-0-0-0-0-0-0-0-0-0-0-0-0-0-0-0-0-0-0-0-0-0-0-0-0-0-0-0-0-
[INFO] [1790597646.289838301] [uav7.mavros.sys]: FCU: EVENT 4277609 with args -0-0-0-0-0-0-0-0-0-0-0-0-0-0-0-0-0-0-0-0-0-0-0-0-0-0-0-0-0-0-0-0-0-0-0-0-0-0-0-0-
[WARN] [1790597899.894732883] [uav7.mavros.cmd]: CMD: Unexpected command 176, result 0
[INFO] [1790597931.792444090] [uav7.mavros.sys]: FCU: EVENT 9844908 with args -0-0-0-0-0-0-0-0-0-0-0-0-0-0-0-0-0-0-0-0-0-0-0-0-0-0-0-0-0-0-0-0-0-0-0-0-0-0-0-0-
[INFO] [1790597933.895982604] [uav7.mavros.sys]: FCU: EVENT 16017271 with args -6-0-0-0-0-0-0-0-0-0-0-0-0-0-0-0-0-0-0-0-0-0-0-0-0-0-0-0-0-0-0-0-0-0-0-0-0-0-0-0-
[WARN] [1790597937.645529487] [uav7.mavros.sys]: FCU: UNK(8): EVENT 11047904 with args -0-0-0-0-0-128-0-0-0-176-122-127-128-176-122-127-128-0-0-0-0-0-0-0-0-0-0-0-0-0-0-0-0-0-0-0-0-0-0-0-
[INFO] [1790597937.645625726] [uav7.mavros.sys]: FCU: EVENT 377561 with args -8-0-0-0-20-0-0-0-0-0-0-0-0-0-0-0-0-0-0-0-0-0-0-0-0-0-0-0-0-0-0-0-0-0-0-0-0-0-0-0-
[WARN] [1790597937.645707287] [uav7.mavros.sys]: FCU: EVENT 453929 with args -255-255-255-255-7-0-0-0-0-0-0-0-0-0-0-0-0-0-0-0-0-0-0-0-0-0-0-0-0-0-0-0-0-0-0-0-0-0-0-0-
[INFO] [1790597937.645803040] [uav7.mavros.sys]: FCU: EVENT 6801787 with args -255-255-255-255-12-0-0-0-0-0-0-0-0-0-0-0-0-0-0-0-0-0-0-0-0-0-0-0-0-0-0-0-0-0-0-0-0-0-0-0-
[WARN] [1790597937.645841337] [uav7.mavros.sys]: FCU: UNK(8): EVENT 1914663 with args -0-10-9-2-56-0-0-0-0-0-0-0-0-0-0-0-0-0-0-0-0-0-0-0-0-0-0-0-0-0-0-0-0-0-0-0-0-0-0-0-
[INFO] [1790597939.458462171] [rclcpp]: signal_handler(SIGINT/SIGTERM)
[WARN] [1790597939.464116779] [uav7.mavros]: UAS Executor terminated
