[INFO] [1790597628.597800910] [uav3.mavros_node]: Starting mavros_node container
[INFO] [1790597628.597906899] [uav3.mavros_node]: FCU URL: udp://:14542@127.0.0.1:14582
[INFO] [1790597628.597917254] [uav3.mavros_node]: GCS URL: 
[INFO] [1790597628.597923147] [uav3.mavros_node]: UAS Prefix: /uas3
[INFO] [1790597628.597928607] [uav3.mavros_node]: Starting mavros router node
[INFO] [1790597628.615368580] [uav3.mavros_router]: Built-in SIMD instructions: SSE, SSE2
[INFO] [1790597628.631219370] [uav3.mavros_router]: Built-in MAVLink package version: 2026.8.8
[INFO] [1790597628.631248391] [uav3.mavros_router]: Known MAVLink dialects: common ardupilotmega ASLUAV AVSSUAS all csAirLink cubepilot development icarous loweheiser marsh paparazzi standard stemstudios storm32 uAvionix ualberta
[INFO] [1790597628.631256712] [uav3.mavros_router]: MAVROS Router started
[INFO] [1790597628.631432573] [uav3.mavros_node]: Starting mavros uas node
[INFO] [1790597628.754442051] [uav3.mavros_router]: Requested to add endpoint: type: 0, url: udp://:14542@127.0.0.1:14582
[INFO] [1790597628.754502788] [uav3.mavros_router]: Endpoint link[1000] created
[INFO] [1790597628.754739413] [uav3.mavros_router]: link[1000] opened successfully
[INFO] [1790597628.754764564] [uav3.mavros_router]: Requested to add endpoint: type: 2, url: /uas3
[INFO] [1790597628.754782295] [uav3.mavros_router]: Endpoint link[1001] created
[INFO] [1790597628.757612668] [uav3.mavros_router]: link[1000] detected remote address 3.1
[INFO] [1790597628.766073409] [uav3.mavros]: Plugin actuator_control ignored
[INFO] [1790597628.766134257] [uav3.mavros]: Plugin altitude ignored
[INFO] [1790597628.766217871] [uav3.mavros]: UAS Executor started, threads: 4
[INFO] [1790597628.769595188] [uav3.mavros_router]: link[1001] opened successfully
[INFO] [1790597629.186131055] [uav3.mavros]: Plugin command created
[INFO] [1790597629.186191954] [uav3.mavros]: Plugin command initialized
[INFO] [1790597629.186205534] [uav3.mavros]: Plugin ftp ignored
[INFO] [1790597629.186212125] [uav3.mavros]: Plugin geofence ignored
[INFO] [1790597629.448844974] [uav3.mavros]: Plugin global_position created
[INFO] [1790597629.448910417] [uav3.mavros]: Plugin global_position initialized
[INFO] [1790597629.448920620] [uav3.mavros]: Plugin home_position ignored
[INFO] [1790597629.448927551] [uav3.mavros]: Plugin imu ignored
[INFO] [1790597629.610462777] [uav3.mavros]: Plugin local_position created
[INFO] [1790597629.610528853] [uav3.mavros]: Plugin local_position initialized
[INFO] [1790597629.610539994] [uav3.mavros]: Plugin manual_control ignored
[INFO] [1790597629.610546971] [uav3.mavros]: Plugin nav_controller_output ignored
[INFO] [1790597629.610553203] [uav3.mavros]: Plugin param ignored
[INFO] [1790597629.610559543] [uav3.mavros]: Plugin rallypoint ignored
[INFO] [1790597629.610565688] [uav3.mavros]: Plugin rc_io ignored
[INFO] [1790597629.610572039] [uav3.mavros]: Plugin setpoint_accel ignored
[INFO] [1790597629.610578094] [uav3.mavros]: Plugin setpoint_attitude ignored
[INFO] [1790597629.610591492] [uav3.mavros]: Plugin setpoint_position ignored
[INFO] [1790597629.610599373] [uav3.mavros]: Plugin setpoint_raw ignored
[INFO] [1790597629.610605787] [uav3.mavros]: Plugin setpoint_trajectory ignored
[INFO] [1790597629.790866037] [uav3.mavros]: Plugin setpoint_velocity created
[INFO] [1790597629.811689051] [uav3.mavros]: Plugin setpoint_velocity initialized
[INFO] [1790597630.366454119] [uav3.mavros]: Plugin sys_status created
[INFO] [1790597630.366525621] [uav3.mavros]: Plugin sys_status initialized
[INFO] [1790597630.769736540] [uav3.mavros.time]: TM: Timesync mode: MAVLINK
[INFO] [1790597630.857135438] [uav3.mavros]: Plugin sys_time created
[INFO] [1790597630.857204610] [uav3.mavros]: Plugin sys_time initialized
[INFO] [1790597630.857215321] [uav3.mavros]: Plugin waypoint ignored
[INFO] [1790597630.857221347] [uav3.mavros]: Plugin wind_estimation ignored
[INFO] [1790597630.961251003] [uav3.mavros]: Built-in SIMD instructions: SSE, SSE2
[INFO] [1790597630.961295113] [uav3.mavros]: Built-in MAVLink package version: 2026.8.8
[INFO] [1790597630.961322291] [uav3.mavros]: Known MAVLink dialects: common ardupilotmega ASLUAV AVSSUAS all csAirLink cubepilot development icarous loweheiser marsh paparazzi standard stemstudios storm32 uAvionix ualberta
[INFO] [1790597630.961330630] [uav3.mavros]: MAVROS UAS via /uas3 started. MY ID 3.191, TARGET ID 3.1
[INFO] [1790597631.032395594] [uav3.mavros_router]: link[1001] detected remote address 3.191
[INFO] [1790597631.411787573] [uav3.mavros.sys]: VER: 3.1: Capabilities         0x000000000000e8ff
[INFO] [1790597631.413990330] [uav3.mavros.sys]: VER: 3.1: Flight software:     011200c0 (fca3df865a000000)
[INFO] [1790597631.414036857] [uav3.mavros.sys]: VER: 3.1: Middleware software: 011200c0 (fca3df865a000000)
[INFO] [1790597631.414044483] [uav3.mavros.sys]: VER: 3.1: OS software:         070000ff (17040b9f87cb1791)
[INFO] [1790597631.414050504] [uav3.mavros.sys]: VER: 3.1: Board hardware:      00000001
[INFO] [1790597631.414057847] [uav3.mavros.sys]: VER: 3.1: VID/PID:             0000:0000
[INFO] [1790597631.414063206] [uav3.mavros.sys]: VER: 3.1: UID:                 4954414c44494e51
[WARN] [1790597631.414216864] [uav3.mavros.cmd]: CMD: Unexpected command 512, result 0
[INFO] [1790597631.927235662] [uav3.mavros]: CON: Got HEARTBEAT, connected. FCU: PX4 Autopilot
[INFO] [1790597633.039089771] [uav3.mavros.sys]: VER: 3.1: Capabilities         0x000000000000e8ff
[INFO] [1790597633.039152218] [uav3.mavros.sys]: VER: 3.1: Flight software:     011200c0 (fca3df865a000000)
[INFO] [1790597633.039160755] [uav3.mavros.sys]: VER: 3.1: Middleware software: 011200c0 (fca3df865a000000)
[INFO] [1790597633.039165965] [uav3.mavros.sys]: VER: 3.1: OS software:         070000ff (17040b9f87cb1791)
[INFO] [1790597633.039171614] [uav3.mavros.sys]: VER: 3.1: Board hardware:      00000001
[INFO] [1790597633.039176669] [uav3.mavros.sys]: VER: 3.1: VID/PID:             0000:0000
[INFO] [1790597633.039181356] [uav3.mavros.sys]: VER: 3.1: UID:                 4954414c44494e51
[WARN] [1790597642.244727244] [uav3.mavros.sys]: FCU: UNK(8): EVENT 11047904 with args -0-0-0-0-0-128-0-0-0-176-122-127-128-176-122-127-128-0-0-0-0-0-0-0-0-0-0-0-0-0-0-0-0-0-0-0-0-0-0-0-
[INFO] [1790597642.244855712] [uav3.mavros.sys]: FCU: EVENT 377561 with args -8-0-0-0-20-0-0-0-0-0-0-0-0-0-0-0-0-0-0-0-0-0-0-0-0-0-0-0-0-0-0-0-0-0-0-0-0-0-0-0-
[WARN] [1790597642.246265002] [uav3.mavros.sys]: FCU: EVENT 453929 with args -255-255-255-255-7-0-0-0-0-0-0-0-0-0-0-0-0-0-0-0-0-0-0-0-0-0-0-0-0-0-0-0-0-0-0-0-0-0-0-0-
[INFO] [1790597642.246327226] [uav3.mavros.sys]: FCU: EVENT 6801787 with args -255-255-255-255-12-0-0-0-0-0-0-0-0-0-0-0-0-0-0-0-0-0-0-0-0-0-0-0-0-0-0-0-0-0-0-0-0-0-0-0-
[WARN] [1790597642.246372967] [uav3.mavros.sys]: FCU: UNK(8): EVENT 1914663 with args -0-10-13-2-56-0-0-0-0-0-0-0-0-0-0-0-0-0-0-0-0-0-0-0-0-0-0-0-0-0-0-0-0-0-0-0-0-0-0-0-
[WARN] [1790597643.675068678] [uav3.mavros.cmd]: CMD: Unexpected command 176, result 0
[INFO] [1790597644.408234590] [uav3.mavros.sys]: FCU: EVENT 9489139 with args -4-0-0-0-0-0-0-0-0-0-0-0-0-0-0-0-0-0-0-0-0-0-0-0-0-0-0-0-0-0-0-0-0-0-0-0-0-0-0-0-
[INFO] [1790597646.349479986] [uav3.mavros.sys]: FCU: EVENT 4277609 with args -0-0-0-0-0-0-0-0-0-0-0-0-0-0-0-0-0-0-0-0-0-0-0-0-0-0-0-0-0-0-0-0-0-0-0-0-0-0-0-0-
[WARN] [1790597899.896498905] [uav3.mavros.cmd]: CMD: Unexpected command 176, result 0
[INFO] [1790597931.507557868] [uav3.mavros.sys]: FCU: EVENT 9844908 with args -0-0-0-0-0-0-0-0-0-0-0-0-0-0-0-0-0-0-0-0-0-0-0-0-0-0-0-0-0-0-0-0-0-0-0-0-0-0-0-0-
[INFO] [1790597933.610137092] [uav3.mavros.sys]: FCU: EVENT 16017271 with args -6-0-0-0-0-0-0-0-0-0-0-0-0-0-0-0-0-0-0-0-0-0-0-0-0-0-0-0-0-0-0-0-0-0-0-0-0-0-0-0-
[WARN] [1790597936.964366133] [uav3.mavros.sys]: FCU: UNK(8): EVENT 11047904 with args -0-0-0-0-0-128-0-0-0-176-122-127-128-176-122-127-128-0-0-0-0-0-0-0-0-0-0-0-0-0-0-0-0-0-0-0-0-0-0-0-
[INFO] [1790597936.964452346] [uav3.mavros.sys]: FCU: EVENT 377561 with args -8-0-0-0-20-0-0-0-0-0-0-0-0-0-0-0-0-0-0-0-0-0-0-0-0-0-0-0-0-0-0-0-0-0-0-0-0-0-0-0-
[WARN] [1790597936.964563331] [uav3.mavros.sys]: FCU: EVENT 453929 with args -255-255-255-255-7-0-0-0-0-0-0-0-0-0-0-0-0-0-0-0-0-0-0-0-0-0-0-0-0-0-0-0-0-0-0-0-0-0-0-0-
[INFO] [1790597936.964601470] [uav3.mavros.sys]: FCU: EVENT 6801787 with args -255-255-255-255-12-0-0-0-0-0-0-0-0-0-0-0-0-0-0-0-0-0-0-0-0-0-0-0-0-0-0-0-0-0-0-0-0-0-0-0-
[WARN] [1790597936.964640805] [uav3.mavros.sys]: FCU: UNK(8): EVENT 1914663 with args -0-10-9-2-56-0-0-0-0-0-0-0-0-0-0-0-0-0-0-0-0-0-0-0-0-0-0-0-0-0-0-0-0-0-0-0-0-0-0-0-
[INFO] [1790597939.447725443] [rclcpp]: signal_handler(SIGINT/SIGTERM)
[WARN] [1790597939.448888432] [uav3.mavros]: UAS Executor terminated
