[INFO] [1790597628.544547223] [uav5.mavros_node]: Starting mavros_node container
[INFO] [1790597628.544685646] [uav5.mavros_node]: FCU URL: udp://:14544@127.0.0.1:14584
[INFO] [1790597628.544698768] [uav5.mavros_node]: GCS URL: 
[INFO] [1790597628.544704213] [uav5.mavros_node]: UAS Prefix: /uas5
[INFO] [1790597628.544709458] [uav5.mavros_node]: Starting mavros router node
[INFO] [1790597628.643103355] [uav5.mavros_router]: Built-in SIMD instructions: SSE, SSE2
[INFO] [1790597628.644631833] [uav5.mavros_router]: Built-in MAVLink package version: 2026.8.8
[INFO] [1790597628.645837543] [uav5.mavros_router]: Known MAVLink dialects: common ardupilotmega ASLUAV AVSSUAS all csAirLink cubepilot development icarous loweheiser marsh paparazzi standard stemstudios storm32 uAvionix ualberta
[INFO] [1790597628.645864432] [uav5.mavros_router]: MAVROS Router started
[INFO] [1790597628.647560879] [uav5.mavros_node]: Starting mavros uas node
[INFO] [1790597628.787158162] [uav5.mavros_router]: Requested to add endpoint: type: 0, url: udp://:14544@127.0.0.1:14584
[INFO] [1790597628.787197148] [uav5.mavros_router]: Endpoint link[1000] created
[INFO] [1790597628.794993697] [uav5.mavros_router]: link[1000] opened successfully
[INFO] [1790597628.795029835] [uav5.mavros_router]: Requested to add endpoint: type: 2, url: /uas5
[INFO] [1790597628.795050594] [uav5.mavros_router]: Endpoint link[1001] created
[INFO] [1790597628.799009492] [uav5.mavros_router]: link[1000] detected remote address 5.1
[INFO] [1790597628.801483774] [uav5.mavros]: UAS Executor started, threads: 4
[INFO] [1790597628.801486638] [uav5.mavros]: Plugin actuator_control ignored
[INFO] [1790597628.803004095] [uav5.mavros]: Plugin altitude ignored
[INFO] [1790597628.803600202] [uav5.mavros_router]: link[1001] opened successfully
[INFO] [1790597628.965553762] [uav5.mavros]: Plugin command created
[INFO] [1790597628.965718336] [uav5.mavros]: Plugin command initialized
[INFO] [1790597628.965743264] [uav5.mavros]: Plugin ftp ignored
[INFO] [1790597628.965750300] [uav5.mavros]: Plugin geofence ignored
[INFO] [1790597629.139552861] [uav5.mavros]: Plugin global_position created
[INFO] [1790597629.139634995] [uav5.mavros]: Plugin global_position initialized
[INFO] [1790597629.139647163] [uav5.mavros]: Plugin home_position ignored
[INFO] [1790597629.139653797] [uav5.mavros]: Plugin imu ignored
[INFO] [1790597629.376346491] [uav5.mavros]: Plugin local_position created
[INFO] [1790597629.376819574] [uav5.mavros]: Plugin local_position initialized
[INFO] [1790597629.376854425] [uav5.mavros]: Plugin manual_control ignored
[INFO] [1790597629.376861520] [uav5.mavros]: Plugin nav_controller_output ignored
[INFO] [1790597629.376868189] [uav5.mavros]: Plugin param ignored
[INFO] [1790597629.376874706] [uav5.mavros]: Plugin rallypoint ignored
[INFO] [1790597629.376880908] [uav5.mavros]: Plugin rc_io ignored
[INFO] [1790597629.376887226] [uav5.mavros]: Plugin setpoint_accel ignored
[INFO] [1790597629.376893481] [uav5.mavros]: Plugin setpoint_attitude ignored
[INFO] [1790597629.376900009] [uav5.mavros]: Plugin setpoint_position ignored
[INFO] [1790597629.376906608] [uav5.mavros]: Plugin setpoint_raw ignored
[INFO] [1790597629.376912883] [uav5.mavros]: Plugin setpoint_trajectory ignored
[INFO] [1790597629.796416525] [uav5.mavros]: Plugin setpoint_velocity created
[INFO] [1790597629.796479561] [uav5.mavros]: Plugin setpoint_velocity initialized
[INFO] [1790597630.070728480] [uav5.mavros]: Plugin sys_status created
[INFO] [1790597630.070815806] [uav5.mavros]: Plugin sys_status initialized
[INFO] [1790597630.242640815] [uav5.mavros.time]: TM: Timesync mode: MAVLINK
[INFO] [1790597630.338452942] [uav5.mavros]: Plugin sys_time created
[INFO] [1790597630.338522824] [uav5.mavros]: Plugin sys_time initialized
[INFO] [1790597630.338535129] [uav5.mavros]: Plugin waypoint ignored
[INFO] [1790597630.338541229] [uav5.mavros]: Plugin wind_estimation ignored
[INFO] [1790597630.340130690] [uav5.mavros]: Built-in SIMD instructions: SSE, SSE2
[INFO] [1790597630.340172898] [uav5.mavros]: Built-in MAVLink package version: 2026.8.8
[INFO] [1790597630.340209431] [uav5.mavros]: Known MAVLink dialects: common ardupilotmega ASLUAV AVSSUAS all csAirLink cubepilot development icarous loweheiser marsh paparazzi standard stemstudios storm32 uAvionix ualberta
[INFO] [1790597630.340221421] [uav5.mavros]: MAVROS UAS via /uas5 started. MY ID 5.191, TARGET ID 5.1
[INFO] [1790597630.344203284] [uav5.mavros_router]: link[1001] detected remote address 5.191
[INFO] [1790597630.888877551] [uav5.mavros]: CON: Got HEARTBEAT, connected. FCU: PX4 Autopilot
[INFO] [1790597631.961690884] [uav5.mavros.sys]: VER: 5.1: Capabilities         0x000000000000e8ff
[INFO] [1790597631.961765199] [uav5.mavros.sys]: VER: 5.1: Flight software:     011200c0 (fca3df865a000000)
[INFO] [1790597631.961773624] [uav5.mavros.sys]: VER: 5.1: Middleware software: 011200c0 (fca3df865a000000)
[INFO] [1790597631.961778449] [uav5.mavros.sys]: VER: 5.1: OS software:         070000ff (17040b9f87cb1791)
[INFO] [1790597631.961784822] [uav5.mavros.sys]: VER: 5.1: Board hardware:      00000001
[INFO] [1790597631.961790118] [uav5.mavros.sys]: VER: 5.1: VID/PID:             0000:0000
[INFO] [1790597631.961795350] [uav5.mavros.sys]: VER: 5.1: UID:                 4954414c44494e53
[WARN] [1790597631.964078730] [uav5.mavros.cmd]: CMD: Unexpected command 512, result 0
[WARN] [1790597640.408194872] [uav5.mavros.sys]: FCU: UNK(8): EVENT 11047904 with args -0-0-0-0-0-128-0-0-0-176-122-127-128-176-122-127-128-0-0-0-0-0-0-0-0-0-0-0-0-0-0-0-0-0-0-0-0-0-0-0-
[INFO] [1790597640.408291926] [uav5.mavros.sys]: FCU: EVENT 377561 with args -8-0-0-0-20-0-0-0-0-0-0-0-0-0-0-0-0-0-0-0-0-0-0-0-0-0-0-0-0-0-0-0-0-0-0-0-0-0-0-0-
[WARN] [1790597640.408332369] [uav5.mavros.sys]: FCU: EVENT 453929 with args -255-255-255-255-7-0-0-0-0-0-0-0-0-0-0-0-0-0-0-0-0-0-0-0-0-0-0-0-0-0-0-0-0-0-0-0-0-0-0-0-
[INFO] [1790597640.408368312] [uav5.mavros.sys]: FCU: EVENT 6801787 with args -255-255-255-255-12-0-0-0-0-0-0-0-0-0-0-0-0-0-0-0-0-0-0-0-0-0-0-0-0-0-0-0-0-0-0-0-0-0-0-0-
[WARN] [1790597640.408403560] [uav5.mavros.sys]: FCU: UNK(8): EVENT 1914663 with args -0-10-13-2-56-0-0-0-0-0-0-0-0-0-0-0-0-0-0-0-0-0-0-0-0-0-0-0-0-0-0-0-0-0-0-0-0-0-0-0-
[WARN] [1790597643.594252236] [uav5.mavros.cmd]: CMD: Unexpected command 176, result 0
[INFO] [1790597644.478850284] [uav5.mavros.sys]: FCU: EVENT 9489139 with args -4-0-0-0-0-0-0-0-0-0-0-0-0-0-0-0-0-0-0-0-0-0-0-0-0-0-0-0-0-0-0-0-0-0-0-0-0-0-0-0-
[INFO] [1790597646.340784763] [uav5.mavros.sys]: FCU: EVENT 4277609 with args -0-0-0-0-0-0-0-0-0-0-0-0-0-0-0-0-0-0-0-0-0-0-0-0-0-0-0-0-0-0-0-0-0-0-0-0-0-0-0-0-
[WARN] [1790597899.873593442] [uav5.mavros.cmd]: CMD: Unexpected command 176, result 0
[INFO] [1790597933.971361104] [uav5.mavros.sys]: FCU: EVENT 9844908 with args -0-0-0-0-0-0-0-0-0-0-0-0-0-0-0-0-0-0-0-0-0-0-0-0-0-0-0-0-0-0-0-0-0-0-0-0-0-0-0-0-
[INFO] [1790597936.068803098] [uav5.mavros.sys]: FCU: EVENT 16017271 with args -6-0-0-0-0-0-0-0-0-0-0-0-0-0-0-0-0-0-0-0-0-0-0-0-0-0-0-0-0-0-0-0-0-0-0-0-0-0-0-0-
[INFO] [1790597939.460003493] [rclcpp]: signal_handler(SIGINT/SIGTERM)
[WARN] [1790597939.461687732] [uav5.mavros]: UAS Executor terminated
