[INFO] [1790597628.369975674] [uav10.mavros_node]: Starting mavros_node container
[INFO] [1790597628.370332412] [uav10.mavros_node]: FCU URL: udp://:14549@127.0.0.1:14589
[INFO] [1790597628.370350897] [uav10.mavros_node]: GCS URL: 
[INFO] [1790597628.370360218] [uav10.mavros_node]: UAS Prefix: /uas10
[INFO] [1790597628.370365634] [uav10.mavros_node]: Starting mavros router node
[INFO] [1790597628.425966161] [uav10.mavros_router]: Built-in SIMD instructions: SSE, SSE2
[INFO] [1790597628.426217732] [uav10.mavros_router]: Built-in MAVLink package version: 2026.8.8
[INFO] [1790597628.426230203] [uav10.mavros_router]: Known MAVLink dialects: common ardupilotmega ASLUAV AVSSUAS all csAirLink cubepilot development icarous loweheiser marsh paparazzi standard stemstudios storm32 uAvionix ualberta
[INFO] [1790597628.426238261] [uav10.mavros_router]: MAVROS Router started
[INFO] [1790597628.431261485] [uav10.mavros_node]: Starting mavros uas node
[INFO] [1790597628.505703395] [uav10.mavros_router]: Requested to add endpoint: type: 0, url: udp://:14549@127.0.0.1:14589
[INFO] [1790597628.505769412] [uav10.mavros_router]: Endpoint link[1000] created
[INFO] [1790597628.506013853] [uav10.mavros_router]: link[1000] opened successfully
[INFO] [1790597628.506028271] [uav10.mavros_router]: Requested to add endpoint: type: 2, url: /uas10
[INFO] [1790597628.506041241] [uav10.mavros_router]: Endpoint link[1001] created
[INFO] [1790597628.519957000] [uav10.mavros]: UAS Executor started, threads: 4
[INFO] [1790597628.519966974] [uav10.mavros]: Plugin actuator_control ignored
[INFO] [1790597628.522676148] [uav10.mavros]: Plugin altitude ignored
[INFO] [1790597628.522862479] [uav10.mavros_router]: link[1000] detected remote address 10.1
[INFO] [1790597628.624021728] [uav10.mavros_router]: link[1001] opened successfully
[INFO] [1790597628.825114987] [uav10.mavros]: Plugin command created
[INFO] [1790597628.825198141] [uav10.mavros]: Plugin command initialized
[INFO] [1790597628.825210319] [uav10.mavros]: Plugin ftp ignored
[INFO] [1790597628.825217269] [uav10.mavros]: Plugin geofence ignored
[INFO] [1790597629.122365545] [uav10.mavros]: Plugin global_position created
[INFO] [1790597629.122453731] [uav10.mavros]: Plugin global_position initialized
[INFO] [1790597629.122466314] [uav10.mavros]: Plugin home_position ignored
[INFO] [1790597629.122473610] [uav10.mavros]: Plugin imu ignored
[INFO] [1790597629.487855524] [uav10.mavros]: Plugin local_position created
[INFO] [1790597629.487919010] [uav10.mavros]: Plugin local_position initialized
[INFO] [1790597629.487930855] [uav10.mavros]: Plugin manual_control ignored
[INFO] [1790597629.487937559] [uav10.mavros]: Plugin nav_controller_output ignored
[INFO] [1790597629.487943981] [uav10.mavros]: Plugin param ignored
[INFO] [1790597629.487950458] [uav10.mavros]: Plugin rallypoint ignored
[INFO] [1790597629.487956533] [uav10.mavros]: Plugin rc_io ignored
[INFO] [1790597629.487962152] [uav10.mavros]: Plugin setpoint_accel ignored
[INFO] [1790597629.487973488] [uav10.mavros]: Plugin setpoint_attitude ignored
[INFO] [1790597629.487979896] [uav10.mavros]: Plugin setpoint_position ignored
[INFO] [1790597629.487986064] [uav10.mavros]: Plugin setpoint_raw ignored
[INFO] [1790597629.487992311] [uav10.mavros]: Plugin setpoint_trajectory ignored
[INFO] [1790597629.689337572] [uav10.mavros]: Plugin setpoint_velocity created
[INFO] [1790597629.689402026] [uav10.mavros]: Plugin setpoint_velocity initialized
[INFO] [1790597630.055308598] [uav10.mavros]: Plugin sys_status created
[INFO] [1790597630.055383815] [uav10.mavros]: Plugin sys_status initialized
[INFO] [1790597630.165339849] [uav10.mavros.time]: TM: Timesync mode: MAVLINK
[INFO] [1790597630.180885669] [uav10.mavros]: Plugin sys_time created
[INFO] [1790597630.181405399] [uav10.mavros]: Plugin sys_time initialized
[INFO] [1790597630.181433873] [uav10.mavros]: Plugin waypoint ignored
[INFO] [1790597630.181442336] [uav10.mavros]: Plugin wind_estimation ignored
[INFO] [1790597630.202578287] [uav10.mavros]: Built-in SIMD instructions: SSE, SSE2
[INFO] [1790597630.204193046] [uav10.mavros]: Built-in MAVLink package version: 2026.8.8
[INFO] [1790597630.204249131] [uav10.mavros]: Known MAVLink dialects: common ardupilotmega ASLUAV AVSSUAS all csAirLink cubepilot development icarous loweheiser marsh paparazzi standard stemstudios storm32 uAvionix ualberta
[INFO] [1790597630.204403832] [uav10.mavros]: MAVROS UAS via /uas10 started. MY ID 10.191, TARGET ID 10.1
[INFO] [1790597630.221942317] [uav10.mavros_router]: link[1001] detected remote address 10.191
[INFO] [1790597630.867774622] [uav10.mavros]: CON: Got HEARTBEAT, connected. FCU: PX4 Autopilot
[INFO] [1790597631.914406105] [uav10.mavros.sys]: VER: 10.1: Capabilities         0x000000000000e8ff
[INFO] [1790597631.914478997] [uav10.mavros.sys]: VER: 10.1: Flight software:     011200c0 (fca3df865a000000)
[INFO] [1790597631.914488725] [uav10.mavros.sys]: VER: 10.1: Middleware software: 011200c0 (fca3df865a000000)
[INFO] [1790597631.914495196] [uav10.mavros.sys]: VER: 10.1: OS software:         070000ff (17040b9f87cb1791)
[INFO] [1790597631.914501732] [uav10.mavros.sys]: VER: 10.1: Board hardware:      00000001
[INFO] [1790597631.914507721] [uav10.mavros.sys]: VER: 10.1: VID/PID:             0000:0000
[INFO] [1790597631.914513522] [uav10.mavros.sys]: VER: 10.1: UID:                 4954414c44494e58
[WARN] [1790597631.914555308] [uav10.mavros.cmd]: CMD: Unexpected command 512, result 0
[WARN] [1790597632.005113516] [uav10.mavros.sys]: FCU: UNK(8): EVENT 11047904 with args -0-0-0-16-0-128-0-0-0-176-58-127-128-176-58-127-128-0-0-0-0-0-0-0-0-0-0-0-0-0-0-0-0-0-0-0-0-0-0-0-
[ERROR] [1790597632.005209292] [uav10.mavros.sys]: FCU: EVENT 11464574 with args -0-64-0-0-20-0-0-0-0-0-0-0-0-0-0-0-0-0-0-0-0-0-0-0-0-0-0-0-0-0-0-0-0-0-0-0-0-0-0-0-
[INFO] [1790597632.005272739] [uav10.mavros.sys]: FCU: EVENT 377561 with args -8-0-0-0-20-0-0-0-0-0-0-0-0-0-0-0-0-0-0-0-0-0-0-0-0-0-0-0-0-0-0-0-0-0-0-0-0-0-0-0-
[WARN] [1790597632.005313092] [uav10.mavros.sys]: FCU: EVENT 453929 with args -255-255-255-255-7-0-0-0-0-0-0-0-0-0-0-0-0-0-0-0-0-0-0-0-0-0-0-0-0-0-0-0-0-0-0-0-0-0-0-0-
[INFO] [1790597632.005349811] [uav10.mavros.sys]: FCU: EVENT 6801787 with args -255-255-255-255-12-0-0-0-0-0-0-0-0-0-0-0-0-0-0-0-0-0-0-0-0-0-0-0-0-0-0-0-0-0-0-0-0-0-0-0-
[WARN] [1790597632.005386684] [uav10.mavros.sys]: FCU: UNK(8): EVENT 1914663 with args -0-10-13-2-56-0-0-0-0-0-0-0-0-0-0-0-0-0-0-0-0-0-0-0-0-0-0-0-0-0-0-0-0-0-0-0-0-0-0-0-
[WARN] [1790597642.268056053] [uav10.mavros.sys]: FCU: UNK(8): EVENT 11047904 with args -0-0-0-0-0-128-0-0-0-176-122-127-128-176-122-127-128-0-0-0-0-0-0-0-0-0-0-0-0-0-0-0-0-0-0-0-0-0-0-0-
[INFO] [1790597642.268174292] [uav10.mavros.sys]: FCU: EVENT 377561 with args -8-0-0-0-20-0-0-0-0-0-0-0-0-0-0-0-0-0-0-0-0-0-0-0-0-0-0-0-0-0-0-0-0-0-0-0-0-0-0-0-
[WARN] [1790597642.268210472] [uav10.mavros.sys]: FCU: EVENT 453929 with args -255-255-255-255-7-0-0-0-0-0-0-0-0-0-0-0-0-0-0-0-0-0-0-0-0-0-0-0-0-0-0-0-0-0-0-0-0-0-0-0-
[INFO] [1790597642.268245560] [uav10.mavros.sys]: FCU: EVENT 6801787 with args -255-255-255-255-12-0-0-0-0-0-0-0-0-0-0-0-0-0-0-0-0-0-0-0-0-0-0-0-0-0-0-0-0-0-0-0-0-0-0-0-
[WARN] [1790597642.268280047] [uav10.mavros.sys]: FCU: UNK(8): EVENT 1914663 with args -0-10-13-2-56-0-0-0-0-0-0-0-0-0-0-0-0-0-0-0-0-0-0-0-0-0-0-0-0-0-0-0-0-0-0-0-0-0-0-0-
[WARN] [1790597644.137066612] [uav10.mavros.cmd]: CMD: Unexpected command 176, result 0
[INFO] [1790597644.558155701] [uav10.mavros.sys]: FCU: EVENT 9489139 with args -4-0-0-0-0-0-0-0-0-0-0-0-0-0-0-0-0-0-0-0-0-0-0-0-0-0-0-0-0-0-0-0-0-0-0-0-0-0-0-0-
[INFO] [1790597646.404373194] [uav10.mavros.sys]: FCU: EVENT 4277609 with args -0-0-0-0-0-0-0-0-0-0-0-0-0-0-0-0-0-0-0-0-0-0-0-0-0-0-0-0-0-0-0-0-0-0-0-0-0-0-0-0-
[WARN] [1790597899.854998829] [uav10.mavros.cmd]: CMD: Unexpected command 176, result 0
[INFO] [1790597934.495725264] [uav10.mavros.sys]: FCU: EVENT 9844908 with args -0-0-0-0-0-0-0-0-0-0-0-0-0-0-0-0-0-0-0-0-0-0-0-0-0-0-0-0-0-0-0-0-0-0-0-0-0-0-0-0-
[INFO] [1790597936.606907770] [uav10.mavros.sys]: FCU: EVENT 16017271 with args -6-0-0-0-0-0-0-0-0-0-0-0-0-0-0-0-0-0-0-0-0-0-0-0-0-0-0-0-0-0-0-0-0-0-0-0-0-0-0-0-
[INFO] [1790597939.459489311] [rclcpp]: signal_handler(SIGINT/SIGTERM)
[WARN] [1790597939.462018817] [uav10.mavros]: UAS Executor terminated
