[INFO] [1790597628.460356451] [uav8.mavros_node]: Starting mavros_node container
[INFO] [1790597628.460501640] [uav8.mavros_node]: FCU URL: udp://:14547@127.0.0.1:14587
[INFO] [1790597628.460513385] [uav8.mavros_node]: GCS URL: 
[INFO] [1790597628.460518908] [uav8.mavros_node]: UAS Prefix: /uas8
[INFO] [1790597628.460523582] [uav8.mavros_node]: Starting mavros router node
[INFO] [1790597628.668665085] [uav8.mavros_router]: Built-in SIMD instructions: SSE, SSE2
[INFO] [1790597628.668718927] [uav8.mavros_router]: Built-in MAVLink package version: 2026.8.8
[INFO] [1790597628.668728334] [uav8.mavros_router]: Known MAVLink dialects: common ardupilotmega ASLUAV AVSSUAS all csAirLink cubepilot development icarous loweheiser marsh paparazzi standard stemstudios storm32 uAvionix ualberta
[INFO] [1790597628.668735251] [uav8.mavros_router]: MAVROS Router started
[INFO] [1790597628.668883581] [uav8.mavros_node]: Starting mavros uas node
[INFO] [1790597628.912126551] [uav8.mavros_router]: Requested to add endpoint: type: 0, url: udp://:14547@127.0.0.1:14587
[INFO] [1790597628.912191461] [uav8.mavros_router]: Endpoint link[1000] created
[INFO] [1790597628.912431341] [uav8.mavros_router]: link[1000] opened successfully
[INFO] [1790597628.912453557] [uav8.mavros_router]: Requested to add endpoint: type: 2, url: /uas8
[INFO] [1790597628.912466784] [uav8.mavros_router]: Endpoint link[1001] created
[INFO] [1790597628.914105939] [uav8.mavros_router]: link[1000] detected remote address 8.1
[INFO] [1790597628.922547086] [uav8.mavros]: Plugin actuator_control ignored
[INFO] [1790597628.922997488] [uav8.mavros]: Plugin altitude ignored
[INFO] [1790597628.922819146] [uav8.mavros]: UAS Executor started, threads: 4
[INFO] [1790597628.952449289] [uav8.mavros_router]: link[1001] opened successfully
[INFO] [1790597629.052833995] [uav8.mavros]: Plugin command created
[INFO] [1790597629.053873585] [uav8.mavros]: Plugin command initialized
[INFO] [1790597629.054554369] [uav8.mavros]: Plugin ftp ignored
[INFO] [1790597629.058605940] [uav8.mavros]: Plugin geofence ignored
[INFO] [1790597629.315476363] [uav8.mavros]: Plugin global_position created
[INFO] [1790597629.315533226] [uav8.mavros]: Plugin global_position initialized
[INFO] [1790597629.315544394] [uav8.mavros]: Plugin home_position ignored
[INFO] [1790597629.315550360] [uav8.mavros]: Plugin imu ignored
[INFO] [1790597629.685946806] [uav8.mavros]: Plugin local_position created
[INFO] [1790597629.686005109] [uav8.mavros]: Plugin local_position initialized
[INFO] [1790597629.686016803] [uav8.mavros]: Plugin manual_control ignored
[INFO] [1790597629.686023382] [uav8.mavros]: Plugin nav_controller_output ignored
[INFO] [1790597629.686029977] [uav8.mavros]: Plugin param ignored
[INFO] [1790597629.686036268] [uav8.mavros]: Plugin rallypoint ignored
[INFO] [1790597629.686042210] [uav8.mavros]: Plugin rc_io ignored
[INFO] [1790597629.686048315] [uav8.mavros]: Plugin setpoint_accel ignored
[INFO] [1790597629.686054578] [uav8.mavros]: Plugin setpoint_attitude ignored
[INFO] [1790597629.686060880] [uav8.mavros]: Plugin setpoint_position ignored
[INFO] [1790597629.686067271] [uav8.mavros]: Plugin setpoint_raw ignored
[INFO] [1790597629.686085347] [uav8.mavros]: Plugin setpoint_trajectory ignored
[INFO] [1790597629.933187697] [uav8.mavros]: Plugin setpoint_velocity created
[INFO] [1790597629.933258550] [uav8.mavros]: Plugin setpoint_velocity initialized
[INFO] [1790597630.257812325] [uav8.mavros]: Plugin sys_status created
[INFO] [1790597630.269957842] [uav8.mavros]: Plugin sys_status initialized
[INFO] [1790597630.568530998] [uav8.mavros.time]: TM: Timesync mode: MAVLINK
[INFO] [1790597630.627058494] [uav8.mavros]: Plugin sys_time created
[INFO] [1790597630.627125271] [uav8.mavros]: Plugin sys_time initialized
[INFO] [1790597630.627136129] [uav8.mavros]: Plugin waypoint ignored
[INFO] [1790597630.627142397] [uav8.mavros]: Plugin wind_estimation ignored
[INFO] [1790597630.747541376] [uav8.mavros]: Built-in SIMD instructions: SSE, SSE2
[INFO] [1790597630.774501015] [uav8.mavros]: Built-in MAVLink package version: 2026.8.8
[INFO] [1790597630.774545766] [uav8.mavros]: Known MAVLink dialects: common ardupilotmega ASLUAV AVSSUAS all csAirLink cubepilot development icarous loweheiser marsh paparazzi standard stemstudios storm32 uAvionix ualberta
[INFO] [1790597630.774554699] [uav8.mavros]: MAVROS UAS via /uas8 started. MY ID 8.191, TARGET ID 8.1
[INFO] [1790597630.837546300] [uav8.mavros_router]: link[1001] detected remote address 8.191
[INFO] [1790597630.957681795] [uav8.mavros]: CON: Got HEARTBEAT, connected. FCU: PX4 Autopilot
[INFO] [1790597632.044693941] [uav8.mavros.sys]: VER: 8.1: Capabilities         0x000000000000e8ff
[INFO] [1790597632.044751667] [uav8.mavros.sys]: VER: 8.1: Flight software:     011200c0 (fca3df865a000000)
[INFO] [1790597632.044761323] [uav8.mavros.sys]: VER: 8.1: Middleware software: 011200c0 (fca3df865a000000)
[INFO] [1790597632.044767727] [uav8.mavros.sys]: VER: 8.1: OS software:         070000ff (17040b9f87cb1791)
[INFO] [1790597632.044773545] [uav8.mavros.sys]: VER: 8.1: Board hardware:      00000001
[INFO] [1790597632.044779074] [uav8.mavros.sys]: VER: 8.1: VID/PID:             0000:0000
[INFO] [1790597632.044784987] [uav8.mavros.sys]: VER: 8.1: UID:                 4954414c44494e56
[WARN] [1790597632.046278263] [uav8.mavros.cmd]: CMD: Unexpected command 512, result 0
[WARN] [1790597639.949747463] [uav8.mavros.sys]: FCU: UNK(8): EVENT 11047904 with args -0-0-0-0-0-128-0-0-0-176-122-127-128-176-122-127-128-0-0-0-0-0-0-0-0-0-0-0-0-0-0-0-0-0-0-0-0-0-0-0-
[INFO] [1790597639.949861793] [uav8.mavros.sys]: FCU: EVENT 377561 with args -8-0-0-0-20-0-0-0-0-0-0-0-0-0-0-0-0-0-0-0-0-0-0-0-0-0-0-0-0-0-0-0-0-0-0-0-0-0-0-0-
[WARN] [1790597639.949920967] [uav8.mavros.sys]: FCU: EVENT 453929 with args -255-255-255-255-7-0-0-0-0-0-0-0-0-0-0-0-0-0-0-0-0-0-0-0-0-0-0-0-0-0-0-0-0-0-0-0-0-0-0-0-
[INFO] [1790597639.961852630] [uav8.mavros.sys]: FCU: EVENT 6801787 with args -255-255-255-255-12-0-0-0-0-0-0-0-0-0-0-0-0-0-0-0-0-0-0-0-0-0-0-0-0-0-0-0-0-0-0-0-0-0-0-0-
[WARN] [1790597639.961945517] [uav8.mavros.sys]: FCU: UNK(8): EVENT 1914663 with args -0-10-13-2-56-0-0-0-0-0-0-0-0-0-0-0-0-0-0-0-0-0-0-0-0-0-0-0-0-0-0-0-0-0-0-0-0-0-0-0-
[WARN] [1790597643.607922764] [uav8.mavros.cmd]: CMD: Unexpected command 176, result 0
[INFO] [1790597644.498110149] [uav8.mavros.sys]: FCU: EVENT 9489139 with args -4-0-0-0-0-0-0-0-0-0-0-0-0-0-0-0-0-0-0-0-0-0-0-0-0-0-0-0-0-0-0-0-0-0-0-0-0-0-0-0-
[INFO] [1790597646.560036887] [uav8.mavros.sys]: FCU: EVENT 4277609 with args -0-0-0-0-0-0-0-0-0-0-0-0-0-0-0-0-0-0-0-0-0-0-0-0-0-0-0-0-0-0-0-0-0-0-0-0-0-0-0-0-
[WARN] [1790597899.882451932] [uav8.mavros.cmd]: CMD: Unexpected command 176, result 0
[INFO] [1790597933.309775191] [uav8.mavros.sys]: FCU: EVENT 9844908 with args -0-0-0-0-0-0-0-0-0-0-0-0-0-0-0-0-0-0-0-0-0-0-0-0-0-0-0-0-0-0-0-0-0-0-0-0-0-0-0-0-
[INFO] [1790597935.407676472] [uav8.mavros.sys]: FCU: EVENT 16017271 with args -6-0-0-0-0-0-0-0-0-0-0-0-0-0-0-0-0-0-0-0-0-0-0-0-0-0-0-0-0-0-0-0-0-0-0-0-0-0-0-0-
[WARN] [1790597939.067721313] [uav8.mavros.sys]: FCU: UNK(8): EVENT 11047904 with args -0-0-0-0-0-128-0-0-0-176-122-127-128-176-122-127-128-0-0-0-0-0-0-0-0-0-0-0-0-0-0-0-0-0-0-0-0-0-0-0-
[INFO] [1790597939.067876476] [uav8.mavros.sys]: FCU: EVENT 377561 with args -8-0-0-0-20-0-0-0-0-0-0-0-0-0-0-0-0-0-0-0-0-0-0-0-0-0-0-0-0-0-0-0-0-0-0-0-0-0-0-0-
[WARN] [1790597939.067959503] [uav8.mavros.sys]: FCU: EVENT 453929 with args -255-255-255-255-7-0-0-0-0-0-0-0-0-0-0-0-0-0-0-0-0-0-0-0-0-0-0-0-0-0-0-0-0-0-0-0-0-0-0-0-
[INFO] [1790597939.068001550] [uav8.mavros.sys]: FCU: EVENT 6801787 with args -255-255-255-255-12-0-0-0-0-0-0-0-0-0-0-0-0-0-0-0-0-0-0-0-0-0-0-0-0-0-0-0-0-0-0-0-0-0-0-0-
[WARN] [1790597939.068041416] [uav8.mavros.sys]: FCU: UNK(8): EVENT 1914663 with args -0-10-9-2-56-0-0-0-0-0-0-0-0-0-0-0-0-0-0-0-0-0-0-0-0-0-0-0-0-0-0-0-0-0-0-0-0-0-0-0-
[INFO] [1790597939.460335234] [rclcpp]: signal_handler(SIGINT/SIGTERM)
[WARN] [1790597939.464305097] [uav8.mavros]: UAS Executor terminated
