[INFO] [1790654413.805002240] [uav1.mavros_node]: Starting mavros_node container
[INFO] [1790654413.805529299] [uav1.mavros_node]: FCU URL: udp://:15540@127.0.0.1:15580
[INFO] [1790654413.805557127] [uav1.mavros_node]: GCS URL: 
[INFO] [1790654413.805562464] [uav1.mavros_node]: UAS Prefix: /uas1
[INFO] [1790654413.805567455] [uav1.mavros_node]: Starting mavros router node
[INFO] [1790654413.830585699] [uav1.mavros_router]: Built-in SIMD instructions: SSE, SSE2
[INFO] [1790654413.830641799] [uav1.mavros_router]: Built-in MAVLink package version: 2026.8.8
[INFO] [1790654413.830651524] [uav1.mavros_router]: Known MAVLink dialects: common ardupilotmega ASLUAV AVSSUAS all csAirLink cubepilot development icarous loweheiser marsh paparazzi standard stemstudios storm32 uAvionix ualberta
[INFO] [1790654413.830657883] [uav1.mavros_router]: MAVROS Router started
[INFO] [1790654413.830847625] [uav1.mavros_node]: Starting mavros uas node
[INFO] [1790654414.005818955] [uav1.mavros_router]: Requested to add endpoint: type: 0, url: udp://:15540@127.0.0.1:15580
[INFO] [1790654414.005873667] [uav1.mavros_router]: Endpoint link[1000] created
[INFO] [1790654414.006127306] [uav1.mavros_router]: link[1000] opened successfully
[INFO] [1790654414.015410906] [uav1.mavros_router]: Requested to add endpoint: type: 2, url: /uas1
[INFO] [1790654414.015442190] [uav1.mavros_router]: Endpoint link[1001] created
[INFO] [1790654414.040707648] [uav1.mavros]: UAS Executor started, threads: 4
[INFO] [1790654414.040731076] [uav1.mavros]: Plugin actuator_control ignored
[INFO] [1790654414.040802945] [uav1.mavros]: Plugin altitude ignored
[INFO] [1790654414.063408832] [uav1.mavros_router]: link[1001] opened successfully
[INFO] [1790654414.182655183] [uav1.mavros]: Plugin command created
[INFO] [1790654414.182718692] [uav1.mavros]: Plugin command initialized
[INFO] [1790654414.182729387] [uav1.mavros]: Plugin ftp ignored
[INFO] [1790654414.182735486] [uav1.mavros]: Plugin geofence ignored
[INFO] [1790654414.207335358] [uav1.mavros_router]: link[1000] detected remote address 1.1
[INFO] [1790654414.380765010] [uav1.mavros]: Plugin global_position created
[INFO] [1790654414.380830812] [uav1.mavros]: Plugin global_position initialized
[INFO] [1790654414.380840329] [uav1.mavros]: Plugin home_position ignored
[INFO] [1790654414.380846518] [uav1.mavros]: Plugin imu ignored
[INFO] [1790654414.618301878] [uav1.mavros]: Plugin local_position created
[INFO] [1790654414.618353376] [uav1.mavros]: Plugin local_position initialized
[INFO] [1790654414.618363324] [uav1.mavros]: Plugin manual_control ignored
[INFO] [1790654414.618373995] [uav1.mavros]: Plugin nav_controller_output ignored
[INFO] [1790654414.618379366] [uav1.mavros]: Plugin param ignored
[INFO] [1790654414.618384527] [uav1.mavros]: Plugin rallypoint ignored
[INFO] [1790654414.618389297] [uav1.mavros]: Plugin rc_io ignored
[INFO] [1790654414.618393780] [uav1.mavros]: Plugin setpoint_accel ignored
[INFO] [1790654414.618398445] [uav1.mavros]: Plugin setpoint_attitude ignored
[INFO] [1790654414.618402947] [uav1.mavros]: Plugin setpoint_position ignored
[INFO] [1790654414.618408088] [uav1.mavros]: Plugin setpoint_raw ignored
[INFO] [1790654414.618412836] [uav1.mavros]: Plugin setpoint_trajectory ignored
[INFO] [1790654414.815249454] [uav1.mavros]: Plugin setpoint_velocity created
[INFO] [1790654414.815317515] [uav1.mavros]: Plugin setpoint_velocity initialized
[INFO] [1790654415.047827324] [uav1.mavros]: Plugin sys_status created
[INFO] [1790654415.065001907] [uav1.mavros]: Plugin sys_status initialized
[INFO] [1790654415.209447228] [uav1.mavros.time]: TM: Timesync mode: MAVLINK
[INFO] [1790654415.232903430] [uav1.mavros]: Plugin sys_time created
[INFO] [1790654415.232960066] [uav1.mavros]: Plugin sys_time initialized
[INFO] [1790654415.232970256] [uav1.mavros]: Plugin waypoint ignored
[INFO] [1790654415.232976003] [uav1.mavros]: Plugin wind_estimation ignored
[INFO] [1790654415.253120529] [uav1.mavros]: Built-in SIMD instructions: SSE, SSE2
[INFO] [1790654415.253157477] [uav1.mavros]: Built-in MAVLink package version: 2026.8.8
[INFO] [1790654415.253189813] [uav1.mavros]: Known MAVLink dialects: common ardupilotmega ASLUAV AVSSUAS all csAirLink cubepilot development icarous loweheiser marsh paparazzi standard stemstudios storm32 uAvionix ualberta
[INFO] [1790654415.253197738] [uav1.mavros]: MAVROS UAS via /uas1 started. MY ID 1.191, TARGET ID 1.1
[INFO] [1790654415.763833739] [uav1.mavros]: CON: Got HEARTBEAT, connected. FCU: PX4 Autopilot
[INFO] [1790654415.979832769] [uav1.mavros_router]: link[1001] detected remote address 1.191
[INFO] [1790654417.001134216] [uav1.mavros.sys]: VER: 1.1: Capabilities         0x000000000000e8ff
[INFO] [1790654417.001200365] [uav1.mavros.sys]: VER: 1.1: Flight software:     011200c0 (fca3df865a000000)
[INFO] [1790654417.001208487] [uav1.mavros.sys]: VER: 1.1: Middleware software: 011200c0 (fca3df865a000000)
[INFO] [1790654417.001213331] [uav1.mavros.sys]: VER: 1.1: OS software:         070000ff (17040b9f87cb1791)
[INFO] [1790654417.001218446] [uav1.mavros.sys]: VER: 1.1: Board hardware:      00000001
[INFO] [1790654417.001223510] [uav1.mavros.sys]: VER: 1.1: VID/PID:             0000:0000
[INFO] [1790654417.001228864] [uav1.mavros.sys]: VER: 1.1: UID:                 4954414c44494e4f
[WARN] [1790654417.008496003] [uav1.mavros.cmd]: CMD: Unexpected command 512, result 0
[WARN] [1790654425.487885375] [uav1.mavros.sys]: FCU: UNK(8): EVENT 1914663 with args -0-10-13-2-56-0-0-0-0-0-0-0-0-0-0-0-0-0-0-0-0-0-0-0-0-0-0-0-0-0-0-0-0-0-0-0-0-0-0-0-
[WARN] [1790654428.594761799] [uav1.mavros.cmd]: CMD: Unexpected command 176, result 0
[INFO] [1790654429.257784508] [uav1.mavros.sys]: FCU: EVENT 9489139 with args -4-0-0-0-0-0-0-0-0-0-0-0-0-0-0-0-0-0-0-0-0-0-0-0-0-0-0-0-0-0-0-0-0-0-0-0-0-0-0-0-
[INFO] [1790654431.355390740] [uav1.mavros.sys]: FCU: EVENT 4277609 with args -0-0-0-0-0-0-0-0-0-0-0-0-0-0-0-0-0-0-0-0-0-0-0-0-0-0-0-0-0-0-0-0-0-0-0-0-0-0-0-0-
