[INFO] [1790654413.833087350] [uav2.mavros_node]: Starting mavros_node container
[INFO] [1790654413.833190552] [uav2.mavros_node]: FCU URL: udp://:14541@127.0.0.1:14581
[INFO] [1790654413.833199989] [uav2.mavros_node]: GCS URL: 
[INFO] [1790654413.833204980] [uav2.mavros_node]: UAS Prefix: /uas2
[INFO] [1790654413.833210060] [uav2.mavros_node]: Starting mavros router node
[INFO] [1790654413.885664323] [uav2.mavros_router]: Built-in SIMD instructions: SSE, SSE2
[INFO] [1790654413.885962170] [uav2.mavros_router]: Built-in MAVLink package version: 2026.8.8
[INFO] [1790654413.885987103] [uav2.mavros_router]: Known MAVLink dialects: common ardupilotmega ASLUAV AVSSUAS all csAirLink cubepilot development icarous loweheiser marsh paparazzi standard stemstudios storm32 uAvionix ualberta
[INFO] [1790654413.885994761] [uav2.mavros_router]: MAVROS Router started
[INFO] [1790654413.887172630] [uav2.mavros_node]: Starting mavros uas node
[INFO] [1790654414.134279052] [uav2.mavros_router]: Requested to add endpoint: type: 0, url: udp://:14541@127.0.0.1:14581
[INFO] [1790654414.134340141] [uav2.mavros_router]: Endpoint link[1000] created
[INFO] [1790654414.134574410] [uav2.mavros_router]: link[1000] opened successfully
[INFO] [1790654414.134592261] [uav2.mavros_router]: Requested to add endpoint: type: 2, url: /uas2
[INFO] [1790654414.134605172] [uav2.mavros_router]: Endpoint link[1001] created
[INFO] [1790654414.136386985] [uav2.mavros_router]: link[1000] detected remote address 2.1
[INFO] [1790654414.145305176] [uav2.mavros]: UAS Executor started, threads: 4
[INFO] [1790654414.145322024] [uav2.mavros]: Plugin actuator_control ignored
[INFO] [1790654414.146776317] [uav2.mavros]: Plugin altitude ignored
[INFO] [1790654414.197845025] [uav2.mavros_router]: link[1001] opened successfully
[INFO] [1790654414.375794261] [uav2.mavros]: Plugin command created
[INFO] [1790654414.376245470] [uav2.mavros]: Plugin command initialized
[INFO] [1790654414.376256018] [uav2.mavros]: Plugin ftp ignored
[INFO] [1790654414.376262111] [uav2.mavros]: Plugin geofence ignored
[INFO] [1790654414.578036236] [uav2.mavros]: Plugin global_position created
[INFO] [1790654414.579153286] [uav2.mavros]: Plugin global_position initialized
[INFO] [1790654414.579193385] [uav2.mavros]: Plugin home_position ignored
[INFO] [1790654414.579199895] [uav2.mavros]: Plugin imu ignored
[INFO] [1790654414.830066270] [uav2.mavros]: Plugin local_position created
[INFO] [1790654414.830124786] [uav2.mavros]: Plugin local_position initialized
[INFO] [1790654414.830133074] [uav2.mavros]: Plugin manual_control ignored
[INFO] [1790654414.830138280] [uav2.mavros]: Plugin nav_controller_output ignored
[INFO] [1790654414.830142902] [uav2.mavros]: Plugin param ignored
[INFO] [1790654414.830147758] [uav2.mavros]: Plugin rallypoint ignored
[INFO] [1790654414.830152114] [uav2.mavros]: Plugin rc_io ignored
[INFO] [1790654414.830156581] [uav2.mavros]: Plugin setpoint_accel ignored
[INFO] [1790654414.830160929] [uav2.mavros]: Plugin setpoint_attitude ignored
[INFO] [1790654414.830165290] [uav2.mavros]: Plugin setpoint_position ignored
[INFO] [1790654414.830172890] [uav2.mavros]: Plugin setpoint_raw ignored
[INFO] [1790654414.830180070] [uav2.mavros]: Plugin setpoint_trajectory ignored
[INFO] [1790654414.919521466] [uav2.mavros]: Plugin setpoint_velocity created
[INFO] [1790654414.919574334] [uav2.mavros]: Plugin setpoint_velocity initialized
[INFO] [1790654415.250375004] [uav2.mavros]: Plugin sys_status created
[INFO] [1790654415.255080418] [uav2.mavros]: Plugin sys_status initialized
[INFO] [1790654415.386991335] [uav2.mavros.time]: TM: Timesync mode: MAVLINK
[INFO] [1790654415.418119070] [uav2.mavros]: Plugin sys_time created
[INFO] [1790654415.418177693] [uav2.mavros]: Plugin sys_time initialized
[INFO] [1790654415.418187370] [uav2.mavros]: Plugin waypoint ignored
[INFO] [1790654415.418192300] [uav2.mavros]: Plugin wind_estimation ignored
[INFO] [1790654415.432506281] [uav2.mavros]: Built-in SIMD instructions: SSE, SSE2
[INFO] [1790654415.432540298] [uav2.mavros]: Built-in MAVLink package version: 2026.8.8
[INFO] [1790654415.432566479] [uav2.mavros]: Known MAVLink dialects: common ardupilotmega ASLUAV AVSSUAS all csAirLink cubepilot development icarous loweheiser marsh paparazzi standard stemstudios storm32 uAvionix ualberta
[INFO] [1790654415.432573293] [uav2.mavros]: MAVROS UAS via /uas2 started. MY ID 2.191, TARGET ID 2.1
[INFO] [1790654415.532251074] [uav2.mavros_router]: link[1001] detected remote address 2.191
[INFO] [1790654416.084803032] [uav2.mavros]: CON: Got HEARTBEAT, connected. FCU: PX4 Autopilot
[INFO] [1790654417.168088729] [uav2.mavros.sys]: VER: 2.1: Capabilities         0x000000000000e8ff
[INFO] [1790654417.168253896] [uav2.mavros.sys]: VER: 2.1: Flight software:     011200c0 (fca3df865a000000)
[INFO] [1790654417.168262618] [uav2.mavros.sys]: VER: 2.1: Middleware software: 011200c0 (fca3df865a000000)
[INFO] [1790654417.168268132] [uav2.mavros.sys]: VER: 2.1: OS software:         070000ff (17040b9f87cb1791)
[INFO] [1790654417.168273278] [uav2.mavros.sys]: VER: 2.1: Board hardware:      00000001
[INFO] [1790654417.168278066] [uav2.mavros.sys]: VER: 2.1: VID/PID:             0000:0000
[INFO] [1790654417.168283395] [uav2.mavros.sys]: VER: 2.1: UID:                 4954414c44494e50
[WARN] [1790654417.170290269] [uav2.mavros.cmd]: CMD: Unexpected command 512, result 0
[WARN] [1790654425.767538676] [uav2.mavros.sys]: FCU: UNK(8): EVENT 11047904 with args -0-0-0-0-0-128-0-0-0-176-122-127-128-176-122-127-128-0-0-0-0-0-0-0-0-0-0-0-0-0-0-0-0-0-0-0-0-0-0-0-
[INFO] [1790654425.767644143] [uav2.mavros.sys]: FCU: EVENT 377561 with args -8-0-0-0-20-0-0-0-0-0-0-0-0-0-0-0-0-0-0-0-0-0-0-0-0-0-0-0-0-0-0-0-0-0-0-0-0-0-0-0-
[WARN] [1790654425.767702452] [uav2.mavros.sys]: FCU: EVENT 453929 with args -255-255-255-255-7-0-0-0-0-0-0-0-0-0-0-0-0-0-0-0-0-0-0-0-0-0-0-0-0-0-0-0-0-0-0-0-0-0-0-0-
[INFO] [1790654425.767736623] [uav2.mavros.sys]: FCU: EVENT 6801787 with args -255-255-255-255-12-0-0-0-0-0-0-0-0-0-0-0-0-0-0-0-0-0-0-0-0-0-0-0-0-0-0-0-0-0-0-0-0-0-0-0-
[WARN] [1790654425.767770521] [uav2.mavros.sys]: FCU: UNK(8): EVENT 1914663 with args -0-10-13-2-56-0-0-0-0-0-0-0-0-0-0-0-0-0-0-0-0-0-0-0-0-0-0-0-0-0-0-0-0-0-0-0-0-0-0-0-
[WARN] [1790654428.529980824] [uav2.mavros.cmd]: CMD: Unexpected command 176, result 0
[INFO] [1790654429.485125309] [uav2.mavros.sys]: FCU: EVENT 9489139 with args -4-0-0-0-0-0-0-0-0-0-0-0-0-0-0-0-0-0-0-0-0-0-0-0-0-0-0-0-0-0-0-0-0-0-0-0-0-0-0-0-
[INFO] [1790654431.454514966] [uav2.mavros.sys]: FCU: EVENT 4277609 with args -0-0-0-0-0-0-0-0-0-0-0-0-0-0-0-0-0-0-0-0-0-0-0-0-0-0-0-0-0-0-0-0-0-0-0-0-0-0-0-0-
[WARN] [1790654685.637061428] [uav2.mavros.cmd]: CMD: Unexpected command 176, result 0
[INFO] [1790654718.682934814] [uav2.mavros.sys]: FCU: EVENT 9844908 with args -0-0-0-0-0-0-0-0-0-0-0-0-0-0-0-0-0-0-0-0-0-0-0-0-0-0-0-0-0-0-0-0-0-0-0-0-0-0-0-0-
[INFO] [1790654720.814817850] [uav2.mavros.sys]: FCU: EVENT 16017271 with args -6-0-0-0-0-0-0-0-0-0-0-0-0-0-0-0-0-0-0-0-0-0-0-0-0-0-0-0-0-0-0-0-0-0-0-0-0-0-0-0-
[WARN] [1790654725.070439080] [uav2.mavros.sys]: FCU: UNK(8): EVENT 11047904 with args -0-0-0-0-0-128-0-0-0-176-122-127-128-176-122-127-128-0-0-0-0-0-0-0-0-0-0-0-0-0-0-0-0-0-0-0-0-0-0-0-
[INFO] [1790654725.070534945] [uav2.mavros.sys]: FCU: EVENT 377561 with args -8-0-0-0-20-0-0-0-0-0-0-0-0-0-0-0-0-0-0-0-0-0-0-0-0-0-0-0-0-0-0-0-0-0-0-0-0-0-0-0-
[WARN] [1790654725.070668960] [uav2.mavros.sys]: FCU: EVENT 453929 with args -255-255-255-255-7-0-0-0-0-0-0-0-0-0-0-0-0-0-0-0-0-0-0-0-0-0-0-0-0-0-0-0-0-0-0-0-0-0-0-0-
[INFO] [1790654725.070714277] [uav2.mavros.sys]: FCU: EVENT 6801787 with args -255-255-255-255-12-0-0-0-0-0-0-0-0-0-0-0-0-0-0-0-0-0-0-0-0-0-0-0-0-0-0-0-0-0-0-0-0-0-0-0-
[WARN] [1790654725.070824854] [uav2.mavros.sys]: FCU: UNK(8): EVENT 1914663 with args -0-10-9-2-56-0-0-0-0-0-0-0-0-0-0-0-0-0-0-0-0-0-0-0-0-0-0-0-0-0-0-0-0-0-0-0-0-0-0-0-
[INFO] [1790654726.990792915] [rclcpp]: signal_handler(SIGINT/SIGTERM)
[WARN] [1790654726.994460835] [uav2.mavros]: UAS Executor terminated
