[INFO] [1790654413.975670679] [uav6.mavros_node]: Starting mavros_node container
[INFO] [1790654413.977357865] [uav6.mavros_node]: FCU URL: udp://:14545@127.0.0.1:14585
[INFO] [1790654413.977378083] [uav6.mavros_node]: GCS URL: 
[INFO] [1790654413.977382724] [uav6.mavros_node]: UAS Prefix: /uas6
[INFO] [1790654413.977386901] [uav6.mavros_node]: Starting mavros router node
[INFO] [1790654414.085885949] [uav6.mavros_router]: Built-in SIMD instructions: SSE, SSE2
[INFO] [1790654414.089306867] [uav6.mavros_router]: Built-in MAVLink package version: 2026.8.8
[INFO] [1790654414.089326098] [uav6.mavros_router]: Known MAVLink dialects: common ardupilotmega ASLUAV AVSSUAS all csAirLink cubepilot development icarous loweheiser marsh paparazzi standard stemstudios storm32 uAvionix ualberta
[INFO] [1790654414.089333082] [uav6.mavros_router]: MAVROS Router started
[INFO] [1790654414.091454291] [uav6.mavros_node]: Starting mavros uas node
[INFO] [1790654414.363628270] [uav6.mavros_router]: Requested to add endpoint: type: 0, url: udp://:14545@127.0.0.1:14585
[INFO] [1790654414.363684646] [uav6.mavros_router]: Endpoint link[1000] created
[INFO] [1790654414.363930306] [uav6.mavros_router]: link[1000] opened successfully
[INFO] [1790654414.363950812] [uav6.mavros_router]: Requested to add endpoint: type: 2, url: /uas6
[INFO] [1790654414.363965344] [uav6.mavros_router]: Endpoint link[1001] created
[INFO] [1790654414.367210813] [uav6.mavros_router]: link[1000] detected remote address 6.1
[INFO] [1790654414.384320917] [uav6.mavros_router]: link[1001] opened successfully
[INFO] [1790654414.386430231] [uav6.mavros]: Plugin actuator_control ignored
[INFO] [1790654414.386485396] [uav6.mavros]: Plugin altitude ignored
[INFO] [1790654414.389277787] [uav6.mavros]: UAS Executor started, threads: 4
[INFO] [1790654414.703630406] [uav6.mavros]: Plugin command created
[INFO] [1790654414.703775459] [uav6.mavros]: Plugin command initialized
[INFO] [1790654414.703788301] [uav6.mavros]: Plugin ftp ignored
[INFO] [1790654414.703794491] [uav6.mavros]: Plugin geofence ignored
[INFO] [1790654415.035697395] [uav6.mavros]: Plugin global_position created
[INFO] [1790654415.035755071] [uav6.mavros]: Plugin global_position initialized
[INFO] [1790654415.035765626] [uav6.mavros]: Plugin home_position ignored
[INFO] [1790654415.035771526] [uav6.mavros]: Plugin imu ignored
[INFO] [1790654415.288911092] [uav6.mavros]: Plugin local_position created
[INFO] [1790654415.288962370] [uav6.mavros]: Plugin local_position initialized
[INFO] [1790654415.288972014] [uav6.mavros]: Plugin manual_control ignored
[INFO] [1790654415.293919046] [uav6.mavros]: Plugin nav_controller_output ignored
[INFO] [1790654415.293928510] [uav6.mavros]: Plugin param ignored
[INFO] [1790654415.293934101] [uav6.mavros]: Plugin rallypoint ignored
[INFO] [1790654415.293939051] [uav6.mavros]: Plugin rc_io ignored
[INFO] [1790654415.293950053] [uav6.mavros]: Plugin setpoint_accel ignored
[INFO] [1790654415.293955008] [uav6.mavros]: Plugin setpoint_attitude ignored
[INFO] [1790654415.293960519] [uav6.mavros]: Plugin setpoint_position ignored
[INFO] [1790654415.293965631] [uav6.mavros]: Plugin setpoint_raw ignored
[INFO] [1790654415.293978108] [uav6.mavros]: Plugin setpoint_trajectory ignored
[INFO] [1790654415.450202263] [uav6.mavros]: Plugin setpoint_velocity created
[INFO] [1790654415.450248715] [uav6.mavros]: Plugin setpoint_velocity initialized
[INFO] [1790654415.698725523] [uav6.mavros]: Plugin sys_status created
[INFO] [1790654415.698796219] [uav6.mavros]: Plugin sys_status initialized
[INFO] [1790654415.790680315] [uav6.mavros.time]: TM: Timesync mode: MAVLINK
[INFO] [1790654415.803035863] [uav6.mavros]: Plugin sys_time created
[INFO] [1790654415.803084332] [uav6.mavros]: Plugin sys_time initialized
[INFO] [1790654415.803093740] [uav6.mavros]: Plugin waypoint ignored
[INFO] [1790654415.803098586] [uav6.mavros]: Plugin wind_estimation ignored
[INFO] [1790654415.809931959] [uav6.mavros]: Built-in SIMD instructions: SSE, SSE2
[INFO] [1790654415.809964805] [uav6.mavros]: Built-in MAVLink package version: 2026.8.8
[INFO] [1790654415.809992299] [uav6.mavros]: Known MAVLink dialects: common ardupilotmega ASLUAV AVSSUAS all csAirLink cubepilot development icarous loweheiser marsh paparazzi standard stemstudios storm32 uAvionix ualberta
[INFO] [1790654415.809999473] [uav6.mavros]: MAVROS UAS via /uas6 started. MY ID 6.191, TARGET ID 6.1
[INFO] [1790654415.818687813] [uav6.mavros_router]: link[1001] detected remote address 6.191
[INFO] [1790654416.027768405] [uav6.mavros]: CON: Got HEARTBEAT, connected. FCU: PX4 Autopilot
[INFO] [1790654417.059303325] [uav6.mavros.sys]: VER: 6.1: Capabilities         0x000000000000e8ff
[INFO] [1790654417.059377805] [uav6.mavros.sys]: VER: 6.1: Flight software:     011200c0 (fca3df865a000000)
[INFO] [1790654417.059385540] [uav6.mavros.sys]: VER: 6.1: Middleware software: 011200c0 (fca3df865a000000)
[INFO] [1790654417.059390181] [uav6.mavros.sys]: VER: 6.1: OS software:         070000ff (17040b9f87cb1791)
[INFO] [1790654417.059394781] [uav6.mavros.sys]: VER: 6.1: Board hardware:      00000001
[INFO] [1790654417.059399093] [uav6.mavros.sys]: VER: 6.1: VID/PID:             0000:0000
[INFO] [1790654417.059403803] [uav6.mavros.sys]: VER: 6.1: UID:                 4954414c44494e54
[WARN] [1790654417.059445077] [uav6.mavros.cmd]: CMD: Unexpected command 512, result 0
[WARN] [1790654425.670117943] [uav6.mavros.sys]: FCU: UNK(8): EVENT 11047904 with args -0-0-0-0-0-128-0-0-0-176-122-127-128-176-122-127-128-0-0-0-0-0-0-0-0-0-0-0-0-0-0-0-0-0-0-0-0-0-0-0-
[INFO] [1790654425.673198143] [uav6.mavros.sys]: FCU: EVENT 377561 with args -8-0-0-0-20-0-0-0-0-0-0-0-0-0-0-0-0-0-0-0-0-0-0-0-0-0-0-0-0-0-0-0-0-0-0-0-0-0-0-0-
[WARN] [1790654425.676756833] [uav6.mavros.sys]: FCU: EVENT 453929 with args -255-255-255-255-7-0-0-0-0-0-0-0-0-0-0-0-0-0-0-0-0-0-0-0-0-0-0-0-0-0-0-0-0-0-0-0-0-0-0-0-
[INFO] [1790654425.676831437] [uav6.mavros.sys]: FCU: EVENT 6801787 with args -255-255-255-255-12-0-0-0-0-0-0-0-0-0-0-0-0-0-0-0-0-0-0-0-0-0-0-0-0-0-0-0-0-0-0-0-0-0-0-0-
[WARN] [1790654425.676877640] [uav6.mavros.sys]: FCU: UNK(8): EVENT 1914663 with args -0-10-13-2-56-0-0-0-0-0-0-0-0-0-0-0-0-0-0-0-0-0-0-0-0-0-0-0-0-0-0-0-0-0-0-0-0-0-0-0-
[WARN] [1790654428.498459422] [uav6.mavros.cmd]: CMD: Unexpected command 176, result 0
[INFO] [1790654429.586480053] [uav6.mavros.sys]: FCU: EVENT 9489139 with args -4-0-0-0-0-0-0-0-0-0-0-0-0-0-0-0-0-0-0-0-0-0-0-0-0-0-0-0-0-0-0-0-0-0-0-0-0-0-0-0-
[INFO] [1790654431.507962926] [uav6.mavros.sys]: FCU: EVENT 4277609 with args -0-0-0-0-0-0-0-0-0-0-0-0-0-0-0-0-0-0-0-0-0-0-0-0-0-0-0-0-0-0-0-0-0-0-0-0-0-0-0-0-
[WARN] [1790654685.726670210] [uav6.mavros.cmd]: CMD: Unexpected command 176, result 0
[INFO] [1790654719.833181774] [uav6.mavros.sys]: FCU: EVENT 9844908 with args -0-0-0-0-0-0-0-0-0-0-0-0-0-0-0-0-0-0-0-0-0-0-0-0-0-0-0-0-0-0-0-0-0-0-0-0-0-0-0-0-
[INFO] [1790654721.952783466] [uav6.mavros.sys]: FCU: EVENT 16017271 with args -6-0-0-0-0-0-0-0-0-0-0-0-0-0-0-0-0-0-0-0-0-0-0-0-0-0-0-0-0-0-0-0-0-0-0-0-0-0-0-0-
[WARN] [1790654726.063363949] [uav6.mavros.sys]: FCU: UNK(8): EVENT 11047904 with args -0-0-0-0-0-128-0-0-0-176-122-127-128-176-122-127-128-0-0-0-0-0-0-0-0-0-0-0-0-0-0-0-0-0-0-0-0-0-0-0-
[INFO] [1790654726.063449098] [uav6.mavros.sys]: FCU: EVENT 377561 with args -8-0-0-0-20-0-0-0-0-0-0-0-0-0-0-0-0-0-0-0-0-0-0-0-0-0-0-0-0-0-0-0-0-0-0-0-0-0-0-0-
[WARN] [1790654726.063561844] [uav6.mavros.sys]: FCU: EVENT 453929 with args -255-255-255-255-7-0-0-0-0-0-0-0-0-0-0-0-0-0-0-0-0-0-0-0-0-0-0-0-0-0-0-0-0-0-0-0-0-0-0-0-
[INFO] [1790654726.063588439] [uav6.mavros.sys]: FCU: EVENT 6801787 with args -255-255-255-255-12-0-0-0-0-0-0-0-0-0-0-0-0-0-0-0-0-0-0-0-0-0-0-0-0-0-0-0-0-0-0-0-0-0-0-0-
[WARN] [1790654726.063675329] [uav6.mavros.sys]: FCU: UNK(8): EVENT 1914663 with args -0-10-9-2-56-0-0-0-0-0-0-0-0-0-0-0-0-0-0-0-0-0-0-0-0-0-0-0-0-0-0-0-0-0-0-0-0-0-0-0-
[INFO] [1790654726.992652007] [rclcpp]: signal_handler(SIGINT/SIGTERM)
[WARN] [1790654726.999861186] [uav6.mavros]: UAS Executor terminated
