[INFO] [1790654413.787080592] [uav3.mavros_node]: Starting mavros_node container
[INFO] [1790654413.787179532] [uav3.mavros_node]: FCU URL: udp://:14542@127.0.0.1:14582
[INFO] [1790654413.787187675] [uav3.mavros_node]: GCS URL: 
[INFO] [1790654413.787192946] [uav3.mavros_node]: UAS Prefix: /uas3
[INFO] [1790654413.787197917] [uav3.mavros_node]: Starting mavros router node
[INFO] [1790654413.817612397] [uav3.mavros_router]: Built-in SIMD instructions: SSE, SSE2
[INFO] [1790654413.817660068] [uav3.mavros_router]: Built-in MAVLink package version: 2026.8.8
[INFO] [1790654413.817669764] [uav3.mavros_router]: Known MAVLink dialects: common ardupilotmega ASLUAV AVSSUAS all csAirLink cubepilot development icarous loweheiser marsh paparazzi standard stemstudios storm32 uAvionix ualberta
[INFO] [1790654413.817675833] [uav3.mavros_router]: MAVROS Router started
[INFO] [1790654413.817818938] [uav3.mavros_node]: Starting mavros uas node
[INFO] [1790654413.970232306] [uav3.mavros_router]: Requested to add endpoint: type: 0, url: udp://:14542@127.0.0.1:14582
[INFO] [1790654413.970299066] [uav3.mavros_router]: Endpoint link[1000] created
[INFO] [1790654413.970555648] [uav3.mavros_router]: link[1000] opened successfully
[INFO] [1790654413.970570777] [uav3.mavros_router]: Requested to add endpoint: type: 2, url: /uas3
[INFO] [1790654413.970583380] [uav3.mavros_router]: Endpoint link[1001] created
[INFO] [1790654413.972333037] [uav3.mavros_router]: link[1000] detected remote address 3.1
[INFO] [1790654413.988322218] [uav3.mavros]: Plugin actuator_control ignored
[INFO] [1790654413.988372324] [uav3.mavros]: Plugin altitude ignored
[INFO] [1790654413.988501178] [uav3.mavros]: UAS Executor started, threads: 4
[INFO] [1790654414.030568677] [uav3.mavros_router]: link[1001] opened successfully
[INFO] [1790654414.188370978] [uav3.mavros]: Plugin command created
[INFO] [1790654414.188431915] [uav3.mavros]: Plugin command initialized
[INFO] [1790654414.188440636] [uav3.mavros]: Plugin ftp ignored
[INFO] [1790654414.188446015] [uav3.mavros]: Plugin geofence ignored
[INFO] [1790654414.405230014] [uav3.mavros]: Plugin global_position created
[INFO] [1790654414.407508298] [uav3.mavros]: Plugin global_position initialized
[INFO] [1790654414.407563885] [uav3.mavros]: Plugin home_position ignored
[INFO] [1790654414.407571051] [uav3.mavros]: Plugin imu ignored
[INFO] [1790654414.514797632] [uav3.mavros]: Plugin local_position created
[INFO] [1790654414.514852301] [uav3.mavros]: Plugin local_position initialized
[INFO] [1790654414.514862616] [uav3.mavros]: Plugin manual_control ignored
[INFO] [1790654414.514867723] [uav3.mavros]: Plugin nav_controller_output ignored
[INFO] [1790654414.514872669] [uav3.mavros]: Plugin param ignored
[INFO] [1790654414.514877318] [uav3.mavros]: Plugin rallypoint ignored
[INFO] [1790654414.514881679] [uav3.mavros]: Plugin rc_io ignored
[INFO] [1790654414.514886558] [uav3.mavros]: Plugin setpoint_accel ignored
[INFO] [1790654414.514891504] [uav3.mavros]: Plugin setpoint_attitude ignored
[INFO] [1790654414.514896350] [uav3.mavros]: Plugin setpoint_position ignored
[INFO] [1790654414.514901172] [uav3.mavros]: Plugin setpoint_raw ignored
[INFO] [1790654414.514906152] [uav3.mavros]: Plugin setpoint_trajectory ignored
[INFO] [1790654414.613100671] [uav3.mavros]: Plugin setpoint_velocity created
[INFO] [1790654414.613150372] [uav3.mavros]: Plugin setpoint_velocity initialized
[INFO] [1790654414.872428030] [uav3.mavros]: Plugin sys_status created
[INFO] [1790654414.886315254] [uav3.mavros]: Plugin sys_status initialized
[INFO] [1790654415.110535068] [uav3.mavros.time]: TM: Timesync mode: MAVLINK
[INFO] [1790654415.187572720] [uav3.mavros]: Plugin sys_time created
[INFO] [1790654415.187647272] [uav3.mavros]: Plugin sys_time initialized
[INFO] [1790654415.187656708] [uav3.mavros]: Plugin waypoint ignored
[INFO] [1790654415.187662307] [uav3.mavros]: Plugin wind_estimation ignored
[INFO] [1790654415.205967929] [uav3.mavros]: Built-in SIMD instructions: SSE, SSE2
[INFO] [1790654415.206001652] [uav3.mavros]: Built-in MAVLink package version: 2026.8.8
[INFO] [1790654415.206030291] [uav3.mavros]: Known MAVLink dialects: common ardupilotmega ASLUAV AVSSUAS all csAirLink cubepilot development icarous loweheiser marsh paparazzi standard stemstudios storm32 uAvionix ualberta
[INFO] [1790654415.206037896] [uav3.mavros]: MAVROS UAS via /uas3 started. MY ID 3.191, TARGET ID 3.1
[INFO] [1790654415.309530441] [uav3.mavros_router]: link[1001] detected remote address 3.191
[INFO] [1790654415.894514116] [uav3.mavros.sys]: VER: 3.1: Capabilities         0x000000000000e8ff
[INFO] [1790654415.895860966] [uav3.mavros.sys]: VER: 3.1: Flight software:     011200c0 (fca3df865a000000)
[INFO] [1790654415.895895465] [uav3.mavros.sys]: VER: 3.1: Middleware software: 011200c0 (fca3df865a000000)
[INFO] [1790654415.895901262] [uav3.mavros.sys]: VER: 3.1: OS software:         070000ff (17040b9f87cb1791)
[INFO] [1790654415.895905967] [uav3.mavros.sys]: VER: 3.1: Board hardware:      00000001
[INFO] [1790654415.895911106] [uav3.mavros.sys]: VER: 3.1: VID/PID:             0000:0000
[INFO] [1790654415.895916122] [uav3.mavros.sys]: VER: 3.1: UID:                 4954414c44494e51
[WARN] [1790654415.896979211] [uav3.mavros.cmd]: CMD: Unexpected command 512, result 0
[INFO] [1790654416.061393799] [uav3.mavros]: CON: Got HEARTBEAT, connected. FCU: PX4 Autopilot
[INFO] [1790654417.115951038] [uav3.mavros.sys]: VER: 3.1: Capabilities         0x000000000000e8ff
[INFO] [1790654417.115990985] [uav3.mavros.sys]: VER: 3.1: Flight software:     011200c0 (fca3df865a000000)
[INFO] [1790654417.115997488] [uav3.mavros.sys]: VER: 3.1: Middleware software: 011200c0 (fca3df865a000000)
[INFO] [1790654417.116003139] [uav3.mavros.sys]: VER: 3.1: OS software:         070000ff (17040b9f87cb1791)
[INFO] [1790654417.116008142] [uav3.mavros.sys]: VER: 3.1: Board hardware:      00000001
[INFO] [1790654417.116013056] [uav3.mavros.sys]: VER: 3.1: VID/PID:             0000:0000
[INFO] [1790654417.116017719] [uav3.mavros.sys]: VER: 3.1: UID:                 4954414c44494e51
[WARN] [1790654417.129030189] [uav3.mavros.sys]: VER: broadcast request timeout, retries left 4
[WARN] [1790654427.519197660] [uav3.mavros.sys]: FCU: UNK(8): EVENT 11047904 with args -0-0-0-0-0-128-0-0-0-176-122-127-128-176-122-127-128-0-0-0-0-0-0-0-0-0-0-0-0-0-0-0-0-0-0-0-0-0-0-0-
[INFO] [1790654427.522132404] [uav3.mavros.sys]: FCU: EVENT 377561 with args -8-0-0-0-20-0-0-0-0-0-0-0-0-0-0-0-0-0-0-0-0-0-0-0-0-0-0-0-0-0-0-0-0-0-0-0-0-0-0-0-
[WARN] [1790654427.522186099] [uav3.mavros.sys]: FCU: EVENT 453929 with args -255-255-255-255-7-0-0-0-0-0-0-0-0-0-0-0-0-0-0-0-0-0-0-0-0-0-0-0-0-0-0-0-0-0-0-0-0-0-0-0-
[INFO] [1790654427.523563882] [uav3.mavros.sys]: FCU: EVENT 6801787 with args -255-255-255-255-12-0-0-0-0-0-0-0-0-0-0-0-0-0-0-0-0-0-0-0-0-0-0-0-0-0-0-0-0-0-0-0-0-0-0-0-
[WARN] [1790654427.523706075] [uav3.mavros.sys]: FCU: UNK(8): EVENT 1914663 with args -0-10-13-2-56-0-0-0-0-0-0-0-0-0-0-0-0-0-0-0-0-0-0-0-0-0-0-0-0-0-0-0-0-0-0-0-0-0-0-0-
[WARN] [1790654428.515602442] [uav3.mavros.cmd]: CMD: Unexpected command 176, result 0
[INFO] [1790654429.490129254] [uav3.mavros.sys]: FCU: EVENT 9489139 with args -4-0-0-0-0-0-0-0-0-0-0-0-0-0-0-0-0-0-0-0-0-0-0-0-0-0-0-0-0-0-0-0-0-0-0-0-0-0-0-0-
[INFO] [1790654431.471134411] [uav3.mavros.sys]: FCU: EVENT 4277609 with args -0-0-0-0-0-0-0-0-0-0-0-0-0-0-0-0-0-0-0-0-0-0-0-0-0-0-0-0-0-0-0-0-0-0-0-0-0-0-0-0-
[WARN] [1790654685.730953276] [uav3.mavros.cmd]: CMD: Unexpected command 176, result 0
[INFO] [1790654722.379314136] [uav3.mavros.sys]: FCU: EVENT 9844908 with args -0-0-0-0-0-0-0-0-0-0-0-0-0-0-0-0-0-0-0-0-0-0-0-0-0-0-0-0-0-0-0-0-0-0-0-0-0-0-0-0-
[INFO] [1790654724.502716827] [uav3.mavros.sys]: FCU: EVENT 16017271 with args -6-0-0-0-0-0-0-0-0-0-0-0-0-0-0-0-0-0-0-0-0-0-0-0-0-0-0-0-0-0-0-0-0-0-0-0-0-0-0-0-
[INFO] [1790654726.991522456] [rclcpp]: signal_handler(SIGINT/SIGTERM)
[WARN] [1790654726.992578775] [uav3.mavros]: UAS Executor terminated
