[INFO] [1790654413.985250644] [uav4.mavros_node]: Starting mavros_node container
[INFO] [1790654413.987534945] [uav4.mavros_node]: FCU URL: udp://:14543@127.0.0.1:14583
[INFO] [1790654413.987558201] [uav4.mavros_node]: GCS URL: 
[INFO] [1790654413.987563452] [uav4.mavros_node]: UAS Prefix: /uas4
[INFO] [1790654413.987568505] [uav4.mavros_node]: Starting mavros router node
[INFO] [1790654414.111532051] [uav4.mavros_router]: Built-in SIMD instructions: SSE, SSE2
[INFO] [1790654414.126798464] [uav4.mavros_router]: Built-in MAVLink package version: 2026.8.8
[INFO] [1790654414.126818635] [uav4.mavros_router]: Known MAVLink dialects: common ardupilotmega ASLUAV AVSSUAS all csAirLink cubepilot development icarous loweheiser marsh paparazzi standard stemstudios storm32 uAvionix ualberta
[INFO] [1790654414.126825462] [uav4.mavros_router]: MAVROS Router started
[INFO] [1790654414.127871082] [uav4.mavros_node]: Starting mavros uas node
[INFO] [1790654414.343577369] [uav4.mavros_router]: Requested to add endpoint: type: 0, url: udp://:14543@127.0.0.1:14583
[INFO] [1790654414.343640034] [uav4.mavros_router]: Endpoint link[1000] created
[INFO] [1790654414.344491078] [uav4.mavros_router]: link[1000] opened successfully
[INFO] [1790654414.344517990] [uav4.mavros_router]: Requested to add endpoint: type: 2, url: /uas4
[INFO] [1790654414.344533214] [uav4.mavros_router]: Endpoint link[1001] created
[INFO] [1790654414.349455370] [uav4.mavros_router]: link[1000] detected remote address 4.1
[INFO] [1790654414.367989236] [uav4.mavros]: Plugin actuator_control ignored
[INFO] [1790654414.368032589] [uav4.mavros]: Plugin altitude ignored
[INFO] [1790654414.368332234] [uav4.mavros]: UAS Executor started, threads: 4
[INFO] [1790654414.517418349] [uav4.mavros_router]: link[1001] opened successfully
[INFO] [1790654414.740867415] [uav4.mavros]: Plugin command created
[INFO] [1790654414.740935364] [uav4.mavros]: Plugin command initialized
[INFO] [1790654414.740944427] [uav4.mavros]: Plugin ftp ignored
[INFO] [1790654414.740950324] [uav4.mavros]: Plugin geofence ignored
[INFO] [1790654415.044590922] [uav4.mavros]: Plugin global_position created
[INFO] [1790654415.070616023] [uav4.mavros]: Plugin global_position initialized
[INFO] [1790654415.072928322] [uav4.mavros]: Plugin home_position ignored
[INFO] [1790654415.072942877] [uav4.mavros]: Plugin imu ignored
[INFO] [1790654415.258992474] [uav4.mavros]: Plugin local_position created
[INFO] [1790654415.259044599] [uav4.mavros]: Plugin local_position initialized
[INFO] [1790654415.259054029] [uav4.mavros]: Plugin manual_control ignored
[INFO] [1790654415.259059378] [uav4.mavros]: Plugin nav_controller_output ignored
[INFO] [1790654415.259064639] [uav4.mavros]: Plugin param ignored
[INFO] [1790654415.259070582] [uav4.mavros]: Plugin rallypoint ignored
[INFO] [1790654415.259076374] [uav4.mavros]: Plugin rc_io ignored
[INFO] [1790654415.259082373] [uav4.mavros]: Plugin setpoint_accel ignored
[INFO] [1790654415.259088323] [uav4.mavros]: Plugin setpoint_attitude ignored
[INFO] [1790654415.259093711] [uav4.mavros]: Plugin setpoint_position ignored
[INFO] [1790654415.259099271] [uav4.mavros]: Plugin setpoint_raw ignored
[INFO] [1790654415.259105070] [uav4.mavros]: Plugin setpoint_trajectory ignored
[INFO] [1790654415.351112882] [uav4.mavros]: Plugin setpoint_velocity created
[INFO] [1790654415.351176195] [uav4.mavros]: Plugin setpoint_velocity initialized
[INFO] [1790654415.516924654] [uav4.mavros]: Plugin sys_status created
[INFO] [1790654415.517002850] [uav4.mavros]: Plugin sys_status initialized
[INFO] [1790654415.638641195] [uav4.mavros.time]: TM: Timesync mode: MAVLINK
[INFO] [1790654415.658247032] [uav4.mavros]: Plugin sys_time created
[INFO] [1790654415.658317696] [uav4.mavros]: Plugin sys_time initialized
[INFO] [1790654415.658329825] [uav4.mavros]: Plugin waypoint ignored
[INFO] [1790654415.658335629] [uav4.mavros]: Plugin wind_estimation ignored
[INFO] [1790654415.680662600] [uav4.mavros]: Built-in SIMD instructions: SSE, SSE2
[INFO] [1790654415.684721201] [uav4.mavros]: Built-in MAVLink package version: 2026.8.8
[INFO] [1790654415.684756792] [uav4.mavros]: Known MAVLink dialects: common ardupilotmega ASLUAV AVSSUAS all csAirLink cubepilot development icarous loweheiser marsh paparazzi standard stemstudios storm32 uAvionix ualberta
[INFO] [1790654415.684764831] [uav4.mavros]: MAVROS UAS via /uas4 started. MY ID 4.191, TARGET ID 4.1
[INFO] [1790654415.732126734] [uav4.mavros_router]: link[1001] detected remote address 4.191
[INFO] [1790654416.044077530] [uav4.mavros]: CON: Got HEARTBEAT, connected. FCU: PX4 Autopilot
[INFO] [1790654417.116176872] [uav4.mavros.sys]: VER: 4.1: Capabilities         0x000000000000e8ff
[INFO] [1790654417.116214531] [uav4.mavros.sys]: VER: 4.1: Flight software:     011200c0 (fca3df865a000000)
[INFO] [1790654417.116222078] [uav4.mavros.sys]: VER: 4.1: Middleware software: 011200c0 (fca3df865a000000)
[INFO] [1790654417.116230960] [uav4.mavros.sys]: VER: 4.1: OS software:         070000ff (17040b9f87cb1791)
[INFO] [1790654417.116235953] [uav4.mavros.sys]: VER: 4.1: Board hardware:      00000001
[INFO] [1790654417.116240830] [uav4.mavros.sys]: VER: 4.1: VID/PID:             0000:0000
[INFO] [1790654417.116245562] [uav4.mavros.sys]: VER: 4.1: UID:                 4954414c44494e52
[WARN] [1790654417.121403054] [uav4.mavros.cmd]: CMD: Unexpected command 512, result 0
[WARN] [1790654425.396044136] [uav4.mavros.sys]: FCU: UNK(8): EVENT 11047904 with args -0-0-0-0-0-128-0-0-0-176-122-127-128-176-122-127-128-0-0-0-0-0-0-0-0-0-0-0-0-0-0-0-0-0-0-0-0-0-0-0-
[INFO] [1790654425.399222902] [uav4.mavros.sys]: FCU: EVENT 377561 with args -8-0-0-0-20-0-0-0-0-0-0-0-0-0-0-0-0-0-0-0-0-0-0-0-0-0-0-0-0-0-0-0-0-0-0-0-0-0-0-0-
[WARN] [1790654425.402369913] [uav4.mavros.sys]: FCU: EVENT 453929 with args -255-255-255-255-7-0-0-0-0-0-0-0-0-0-0-0-0-0-0-0-0-0-0-0-0-0-0-0-0-0-0-0-0-0-0-0-0-0-0-0-
[INFO] [1790654425.403461053] [uav4.mavros.sys]: FCU: EVENT 6801787 with args -255-255-255-255-12-0-0-0-0-0-0-0-0-0-0-0-0-0-0-0-0-0-0-0-0-0-0-0-0-0-0-0-0-0-0-0-0-0-0-0-
[WARN] [1790654425.403855317] [uav4.mavros.sys]: FCU: UNK(8): EVENT 1914663 with args -0-10-13-2-56-0-0-0-0-0-0-0-0-0-0-0-0-0-0-0-0-0-0-0-0-0-0-0-0-0-0-0-0-0-0-0-0-0-0-0-
[WARN] [1790654428.501801120] [uav4.mavros.cmd]: CMD: Unexpected command 176, result 0
[INFO] [1790654429.563161490] [uav4.mavros.sys]: FCU: EVENT 9489139 with args -4-0-0-0-0-0-0-0-0-0-0-0-0-0-0-0-0-0-0-0-0-0-0-0-0-0-0-0-0-0-0-0-0-0-0-0-0-0-0-0-
[INFO] [1790654431.474587135] [uav4.mavros.sys]: FCU: EVENT 4277609 with args -0-0-0-0-0-0-0-0-0-0-0-0-0-0-0-0-0-0-0-0-0-0-0-0-0-0-0-0-0-0-0-0-0-0-0-0-0-0-0-0-
[WARN] [1790654685.709535355] [uav4.mavros.cmd]: CMD: Unexpected command 176, result 0
[INFO] [1790654718.908318697] [uav4.mavros.sys]: FCU: EVENT 9844908 with args -0-0-0-0-0-0-0-0-0-0-0-0-0-0-0-0-0-0-0-0-0-0-0-0-0-0-0-0-0-0-0-0-0-0-0-0-0-0-0-0-
[INFO] [1790654721.026854192] [uav4.mavros.sys]: FCU: EVENT 16017271 with args -6-0-0-0-0-0-0-0-0-0-0-0-0-0-0-0-0-0-0-0-0-0-0-0-0-0-0-0-0-0-0-0-0-0-0-0-0-0-0-0-
[WARN] [1790654724.870860768] [uav4.mavros.sys]: FCU: UNK(8): EVENT 11047904 with args -0-0-0-0-0-128-0-0-0-176-122-127-128-176-122-127-128-0-0-0-0-0-0-0-0-0-0-0-0-0-0-0-0-0-0-0-0-0-0-0-
[INFO] [1790654724.870947313] [uav4.mavros.sys]: FCU: EVENT 377561 with args -8-0-0-0-20-0-0-0-0-0-0-0-0-0-0-0-0-0-0-0-0-0-0-0-0-0-0-0-0-0-0-0-0-0-0-0-0-0-0-0-
[WARN] [1790654724.871122150] [uav4.mavros.sys]: FCU: EVENT 453929 with args -255-255-255-255-7-0-0-0-0-0-0-0-0-0-0-0-0-0-0-0-0-0-0-0-0-0-0-0-0-0-0-0-0-0-0-0-0-0-0-0-
[INFO] [1790654724.871164653] [uav4.mavros.sys]: FCU: EVENT 6801787 with args -255-255-255-255-12-0-0-0-0-0-0-0-0-0-0-0-0-0-0-0-0-0-0-0-0-0-0-0-0-0-0-0-0-0-0-0-0-0-0-0-
[WARN] [1790654724.871240869] [uav4.mavros.sys]: FCU: UNK(8): EVENT 1914663 with args -0-10-9-2-56-0-0-0-0-0-0-0-0-0-0-0-0-0-0-0-0-0-0-0-0-0-0-0-0-0-0-0-0-0-0-0-0-0-0-0-
[INFO] [1790654726.991729349] [rclcpp]: signal_handler(SIGINT/SIGTERM)
[WARN] [1790654726.996396658] [uav4.mavros]: UAS Executor terminated
