[INFO] [1790654413.819931301] [uav8.mavros_node]: Starting mavros_node container
[INFO] [1790654413.820057853] [uav8.mavros_node]: FCU URL: udp://:14547@127.0.0.1:14587
[INFO] [1790654413.820067548] [uav8.mavros_node]: GCS URL: 
[INFO] [1790654413.820072396] [uav8.mavros_node]: UAS Prefix: /uas8
[INFO] [1790654413.820077091] [uav8.mavros_node]: Starting mavros router node
[INFO] [1790654413.865149413] [uav8.mavros_router]: Built-in SIMD instructions: SSE, SSE2
[INFO] [1790654413.865200629] [uav8.mavros_router]: Built-in MAVLink package version: 2026.8.8
[INFO] [1790654413.865209143] [uav8.mavros_router]: Known MAVLink dialects: common ardupilotmega ASLUAV AVSSUAS all csAirLink cubepilot development icarous loweheiser marsh paparazzi standard stemstudios storm32 uAvionix ualberta
[INFO] [1790654413.865215920] [uav8.mavros_router]: MAVROS Router started
[INFO] [1790654413.865352270] [uav8.mavros_node]: Starting mavros uas node
[INFO] [1790654414.131012266] [uav8.mavros_router]: Requested to add endpoint: type: 0, url: udp://:14547@127.0.0.1:14587
[INFO] [1790654414.131065704] [uav8.mavros_router]: Endpoint link[1000] created
[INFO] [1790654414.135539490] [uav8.mavros_router]: link[1000] opened successfully
[INFO] [1790654414.135577766] [uav8.mavros_router]: Requested to add endpoint: type: 2, url: /uas8
[INFO] [1790654414.135598300] [uav8.mavros_router]: Endpoint link[1001] created
[INFO] [1790654414.138412416] [uav8.mavros_router]: link[1000] detected remote address 8.1
[INFO] [1790654414.142556883] [uav8.mavros]: UAS Executor started, threads: 4
[INFO] [1790654414.142562692] [uav8.mavros]: Plugin actuator_control ignored
[INFO] [1790654414.142809975] [uav8.mavros]: Plugin altitude ignored
[INFO] [1790654414.147787755] [uav8.mavros_router]: link[1001] opened successfully
[INFO] [1790654414.439546100] [uav8.mavros]: Plugin command created
[INFO] [1790654414.439609301] [uav8.mavros]: Plugin command initialized
[INFO] [1790654414.439618571] [uav8.mavros]: Plugin ftp ignored
[INFO] [1790654414.439623410] [uav8.mavros]: Plugin geofence ignored
[INFO] [1790654414.655954893] [uav8.mavros]: Plugin global_position created
[INFO] [1790654414.656010770] [uav8.mavros]: Plugin global_position initialized
[INFO] [1790654414.656020349] [uav8.mavros]: Plugin home_position ignored
[INFO] [1790654414.656026488] [uav8.mavros]: Plugin imu ignored
[INFO] [1790654414.794027838] [uav8.mavros]: Plugin local_position created
[INFO] [1790654414.794079028] [uav8.mavros]: Plugin local_position initialized
[INFO] [1790654414.794092551] [uav8.mavros]: Plugin manual_control ignored
[INFO] [1790654414.794098994] [uav8.mavros]: Plugin nav_controller_output ignored
[INFO] [1790654414.794104979] [uav8.mavros]: Plugin param ignored
[INFO] [1790654414.794110773] [uav8.mavros]: Plugin rallypoint ignored
[INFO] [1790654414.794115941] [uav8.mavros]: Plugin rc_io ignored
[INFO] [1790654414.794121207] [uav8.mavros]: Plugin setpoint_accel ignored
[INFO] [1790654414.794126276] [uav8.mavros]: Plugin setpoint_attitude ignored
[INFO] [1790654414.794131265] [uav8.mavros]: Plugin setpoint_position ignored
[INFO] [1790654414.794136372] [uav8.mavros]: Plugin setpoint_raw ignored
[INFO] [1790654414.794141514] [uav8.mavros]: Plugin setpoint_trajectory ignored
[INFO] [1790654414.901895485] [uav8.mavros]: Plugin setpoint_velocity created
[INFO] [1790654414.901941454] [uav8.mavros]: Plugin setpoint_velocity initialized
[INFO] [1790654415.296837955] [uav8.mavros]: Plugin sys_status created
[INFO] [1790654415.296909071] [uav8.mavros]: Plugin sys_status initialized
[INFO] [1790654415.498874419] [uav8.mavros.time]: TM: Timesync mode: MAVLINK
[INFO] [1790654415.518009328] [uav8.mavros]: Plugin sys_time created
[INFO] [1790654415.518595823] [uav8.mavros]: Plugin sys_time initialized
[INFO] [1790654415.518607338] [uav8.mavros]: Plugin waypoint ignored
[INFO] [1790654415.518613025] [uav8.mavros]: Plugin wind_estimation ignored
[INFO] [1790654415.531455062] [uav8.mavros]: Built-in SIMD instructions: SSE, SSE2
[INFO] [1790654415.531492693] [uav8.mavros]: Built-in MAVLink package version: 2026.8.8
[INFO] [1790654415.531524248] [uav8.mavros]: Known MAVLink dialects: common ardupilotmega ASLUAV AVSSUAS all csAirLink cubepilot development icarous loweheiser marsh paparazzi standard stemstudios storm32 uAvionix ualberta
[INFO] [1790654415.531531329] [uav8.mavros]: MAVROS UAS via /uas8 started. MY ID 8.191, TARGET ID 8.1
[INFO] [1790654415.627316743] [uav8.mavros_router]: link[1001] detected remote address 8.191
[INFO] [1790654416.050899579] [uav8.mavros]: CON: Got HEARTBEAT, connected. FCU: PX4 Autopilot
[INFO] [1790654417.120652267] [uav8.mavros.sys]: VER: 8.1: Capabilities         0x000000000000e8ff
[INFO] [1790654417.120699350] [uav8.mavros.sys]: VER: 8.1: Flight software:     011200c0 (fca3df865a000000)
[INFO] [1790654417.120707164] [uav8.mavros.sys]: VER: 8.1: Middleware software: 011200c0 (fca3df865a000000)
[INFO] [1790654417.120712420] [uav8.mavros.sys]: VER: 8.1: OS software:         070000ff (17040b9f87cb1791)
[INFO] [1790654417.120717369] [uav8.mavros.sys]: VER: 8.1: Board hardware:      00000001
[INFO] [1790654417.120721872] [uav8.mavros.sys]: VER: 8.1: VID/PID:             0000:0000
[INFO] [1790654417.120726563] [uav8.mavros.sys]: VER: 8.1: UID:                 4954414c44494e56
[WARN] [1790654417.124020104] [uav8.mavros.cmd]: CMD: Unexpected command 512, result 0
[WARN] [1790654417.192037421] [uav8.mavros.sys]: FCU: UNK(8): EVENT 11047904 with args -0-0-0-16-0-128-0-0-0-176-58-127-128-176-58-127-128-0-0-0-0-0-0-0-0-0-0-0-0-0-0-0-0-0-0-0-0-0-0-0-
[ERROR] [1790654417.192111129] [uav8.mavros.sys]: FCU: EVENT 11464574 with args -0-64-0-0-20-0-0-0-0-0-0-0-0-0-0-0-0-0-0-0-0-0-0-0-0-0-0-0-0-0-0-0-0-0-0-0-0-0-0-0-
[INFO] [1790654417.192181967] [uav8.mavros.sys]: FCU: EVENT 377561 with args -8-0-0-0-20-0-0-0-0-0-0-0-0-0-0-0-0-0-0-0-0-0-0-0-0-0-0-0-0-0-0-0-0-0-0-0-0-0-0-0-
[WARN] [1790654417.192219933] [uav8.mavros.sys]: FCU: EVENT 453929 with args -255-255-255-255-7-0-0-0-0-0-0-0-0-0-0-0-0-0-0-0-0-0-0-0-0-0-0-0-0-0-0-0-0-0-0-0-0-0-0-0-
[INFO] [1790654417.192256046] [uav8.mavros.sys]: FCU: EVENT 6801787 with args -255-255-255-255-12-0-0-0-0-0-0-0-0-0-0-0-0-0-0-0-0-0-0-0-0-0-0-0-0-0-0-0-0-0-0-0-0-0-0-0-
[WARN] [1790654417.192295047] [uav8.mavros.sys]: FCU: UNK(8): EVENT 1914663 with args -0-10-13-2-56-0-0-0-0-0-0-0-0-0-0-0-0-0-0-0-0-0-0-0-0-0-0-0-0-0-0-0-0-0-0-0-0-0-0-0-
[WARN] [1790654427.379772835] [uav8.mavros.sys]: FCU: UNK(8): EVENT 11047904 with args -0-0-0-0-0-128-0-0-0-176-122-127-128-176-122-127-128-0-0-0-0-0-0-0-0-0-0-0-0-0-0-0-0-0-0-0-0-0-0-0-
[INFO] [1790654427.379859915] [uav8.mavros.sys]: FCU: EVENT 377561 with args -8-0-0-0-20-0-0-0-0-0-0-0-0-0-0-0-0-0-0-0-0-0-0-0-0-0-0-0-0-0-0-0-0-0-0-0-0-0-0-0-
[WARN] [1790654427.379896335] [uav8.mavros.sys]: FCU: EVENT 453929 with args -255-255-255-255-7-0-0-0-0-0-0-0-0-0-0-0-0-0-0-0-0-0-0-0-0-0-0-0-0-0-0-0-0-0-0-0-0-0-0-0-
[INFO] [1790654427.379931164] [uav8.mavros.sys]: FCU: EVENT 6801787 with args -255-255-255-255-12-0-0-0-0-0-0-0-0-0-0-0-0-0-0-0-0-0-0-0-0-0-0-0-0-0-0-0-0-0-0-0-0-0-0-0-
[WARN] [1790654427.379965804] [uav8.mavros.sys]: FCU: UNK(8): EVENT 1914663 with args -0-10-13-2-56-0-0-0-0-0-0-0-0-0-0-0-0-0-0-0-0-0-0-0-0-0-0-0-0-0-0-0-0-0-0-0-0-0-0-0-
[WARN] [1790654428.571937597] [uav8.mavros.cmd]: CMD: Unexpected command 176, result 0
[INFO] [1790654429.386471190] [uav8.mavros.sys]: FCU: EVENT 9489139 with args -4-0-0-0-0-0-0-0-0-0-0-0-0-0-0-0-0-0-0-0-0-0-0-0-0-0-0-0-0-0-0-0-0-0-0-0-0-0-0-0-
[INFO] [1790654431.476362638] [uav8.mavros.sys]: FCU: EVENT 4277609 with args -0-0-0-0-0-0-0-0-0-0-0-0-0-0-0-0-0-0-0-0-0-0-0-0-0-0-0-0-0-0-0-0-0-0-0-0-0-0-0-0-
[WARN] [1790654685.729660076] [uav8.mavros.cmd]: CMD: Unexpected command 176, result 0
[INFO] [1790654719.541400687] [uav8.mavros.sys]: FCU: EVENT 9844908 with args -0-0-0-0-0-0-0-0-0-0-0-0-0-0-0-0-0-0-0-0-0-0-0-0-0-0-0-0-0-0-0-0-0-0-0-0-0-0-0-0-
[INFO] [1790654721.675225306] [uav8.mavros.sys]: FCU: EVENT 16017271 with args -6-0-0-0-0-0-0-0-0-0-0-0-0-0-0-0-0-0-0-0-0-0-0-0-0-0-0-0-0-0-0-0-0-0-0-0-0-0-0-0-
[WARN] [1790654725.594732052] [uav8.mavros.sys]: FCU: UNK(8): EVENT 11047904 with args -0-0-0-0-0-128-0-0-0-176-122-127-128-176-122-127-128-0-0-0-0-0-0-0-0-0-0-0-0-0-0-0-0-0-0-0-0-0-0-0-
[INFO] [1790654725.594966287] [uav8.mavros.sys]: FCU: EVENT 377561 with args -8-0-0-0-20-0-0-0-0-0-0-0-0-0-0-0-0-0-0-0-0-0-0-0-0-0-0-0-0-0-0-0-0-0-0-0-0-0-0-0-
[WARN] [1790654725.595148315] [uav8.mavros.sys]: FCU: EVENT 453929 with args -255-255-255-255-7-0-0-0-0-0-0-0-0-0-0-0-0-0-0-0-0-0-0-0-0-0-0-0-0-0-0-0-0-0-0-0-0-0-0-0-
[INFO] [1790654725.595393869] [uav8.mavros.sys]: FCU: EVENT 6801787 with args -255-255-255-255-12-0-0-0-0-0-0-0-0-0-0-0-0-0-0-0-0-0-0-0-0-0-0-0-0-0-0-0-0-0-0-0-0-0-0-0-
[WARN] [1790654725.595615763] [uav8.mavros.sys]: FCU: UNK(8): EVENT 1914663 with args -0-10-9-2-56-0-0-0-0-0-0-0-0-0-0-0-0-0-0-0-0-0-0-0-0-0-0-0-0-0-0-0-0-0-0-0-0-0-0-0-
[INFO] [1790654726.993634206] [rclcpp]: signal_handler(SIGINT/SIGTERM)
[WARN] [1790654726.998836426] [uav8.mavros]: UAS Executor terminated
