[INFO] [1790600951.511481294] [uav9.mavros_node]: Starting mavros_node container
[INFO] [1790600951.511577847] [uav9.mavros_node]: FCU URL: udp://:14548@127.0.0.1:14588
[INFO] [1790600951.513978698] [uav9.mavros_node]: GCS URL: 
[INFO] [1790600951.513994585] [uav9.mavros_node]: UAS Prefix: /uas9
[INFO] [1790600951.513999471] [uav9.mavros_node]: Starting mavros router node
[INFO] [1790600951.616688874] [uav9.mavros_router]: Built-in SIMD instructions: SSE, SSE2
[INFO] [1790600951.644666651] [uav9.mavros_router]: Built-in MAVLink package version: 2026.8.8
[INFO] [1790600951.644683248] [uav9.mavros_router]: Known MAVLink dialects: common ardupilotmega ASLUAV AVSSUAS all csAirLink cubepilot development icarous loweheiser marsh paparazzi standard stemstudios storm32 uAvionix ualberta
[INFO] [1790600951.644690449] [uav9.mavros_router]: MAVROS Router started
[INFO] [1790600951.644845198] [uav9.mavros_node]: Starting mavros uas node
[INFO] [1790600951.893268086] [uav9.mavros_router]: Requested to add endpoint: type: 0, url: udp://:14548@127.0.0.1:14588
[INFO] [1790600951.893330190] [uav9.mavros_router]: Endpoint link[1000] created
[INFO] [1790600951.893563411] [uav9.mavros_router]: link[1000] opened successfully
[INFO] [1790600951.899063789] [uav9.mavros_router]: link[1000] detected remote address 9.1
[WARN] [1790600951.899110099] [uav9.mavros_router]: Message dropped: msgid: 30, source: 9.1, target: 0.0
[INFO] [1790600951.900973642] [uav9.mavros_router]: Requested to add endpoint: type: 2, url: /uas9
[INFO] [1790600951.901034421] [uav9.mavros_router]: Endpoint link[1001] created
[INFO] [1790600951.915606324] [uav9.mavros]: Plugin actuator_control ignored
[INFO] [1790600951.915797596] [uav9.mavros]: Plugin altitude ignored
[INFO] [1790600951.915612834] [uav9.mavros]: UAS Executor started, threads: 4
[INFO] [1790600951.954137784] [uav9.mavros_router]: link[1001] opened successfully
[INFO] [1790600952.149602401] [uav9.mavros]: Plugin command created
[INFO] [1790600952.149665079] [uav9.mavros]: Plugin command initialized
[INFO] [1790600952.149675742] [uav9.mavros]: Plugin ftp ignored
[INFO] [1790600952.149681615] [uav9.mavros]: Plugin geofence ignored
[INFO] [1790600952.447782292] [uav9.mavros]: Plugin global_position created
[INFO] [1790600952.460911137] [uav9.mavros]: Plugin global_position initialized
[INFO] [1790600952.460927182] [uav9.mavros]: Plugin home_position ignored
[INFO] [1790600952.460933433] [uav9.mavros]: Plugin imu ignored
[INFO] [1790600952.723702398] [uav9.mavros]: Plugin local_position created
[INFO] [1790600952.723760538] [uav9.mavros]: Plugin local_position initialized
[INFO] [1790600952.723768672] [uav9.mavros]: Plugin manual_control ignored
[INFO] [1790600952.723773941] [uav9.mavros]: Plugin nav_controller_output ignored
[INFO] [1790600952.723778608] [uav9.mavros]: Plugin param ignored
[INFO] [1790600952.723783546] [uav9.mavros]: Plugin rallypoint ignored
[INFO] [1790600952.723788760] [uav9.mavros]: Plugin rc_io ignored
[INFO] [1790600952.723793330] [uav9.mavros]: Plugin setpoint_accel ignored
[INFO] [1790600952.723798245] [uav9.mavros]: Plugin setpoint_attitude ignored
[INFO] [1790600952.723803047] [uav9.mavros]: Plugin setpoint_position ignored
[INFO] [1790600952.723807629] [uav9.mavros]: Plugin setpoint_raw ignored
[INFO] [1790600952.723812432] [uav9.mavros]: Plugin setpoint_trajectory ignored
[INFO] [1790600952.938297140] [uav9.mavros]: Plugin setpoint_velocity created
[INFO] [1790600952.938359553] [uav9.mavros]: Plugin setpoint_velocity initialized
[INFO] [1790600953.213751756] [uav9.mavros]: Plugin sys_status created
[INFO] [1790600953.213821071] [uav9.mavros]: Plugin sys_status initialized
[INFO] [1790600953.345470551] [uav9.mavros.time]: TM: Timesync mode: MAVLINK
[INFO] [1790600953.363370223] [uav9.mavros]: Plugin sys_time created
[INFO] [1790600953.363433464] [uav9.mavros]: Plugin sys_time initialized
[INFO] [1790600953.363443407] [uav9.mavros]: Plugin waypoint ignored
[INFO] [1790600953.363448464] [uav9.mavros]: Plugin wind_estimation ignored
[INFO] [1790600953.375230633] [uav9.mavros]: Built-in SIMD instructions: SSE, SSE2
[INFO] [1790600953.375728089] [uav9.mavros]: Built-in MAVLink package version: 2026.8.8
[INFO] [1790600953.375756466] [uav9.mavros]: Known MAVLink dialects: common ardupilotmega ASLUAV AVSSUAS all csAirLink cubepilot development icarous loweheiser marsh paparazzi standard stemstudios storm32 uAvionix ualberta
[INFO] [1790600953.375763255] [uav9.mavros]: MAVROS UAS via /uas9 started. MY ID 9.191, TARGET ID 9.1
[INFO] [1790600953.468202828] [uav9.mavros_router]: link[1001] detected remote address 9.191
[INFO] [1790600954.003712779] [uav9.mavros]: CON: Got HEARTBEAT, connected. FCU: PX4 Autopilot
[WARN] [1790600954.011918969] [uav9.mavros.sys]: FCU: UNK(8): EVENT 11047904 with args -0-0-0-16-0-128-0-0-0-176-58-127-128-176-58-127-128-0-0-0-0-0-0-0-0-0-0-0-0-0-0-0-0-0-0-0-0-0-0-0-
[ERROR] [1790600954.012044504] [uav9.mavros.sys]: FCU: EVENT 11464574 with args -0-64-0-0-20-0-0-0-0-0-0-0-0-0-0-0-0-0-0-0-0-0-0-0-0-0-0-0-0-0-0-0-0-0-0-0-0-0-0-0-
[INFO] [1790600954.012117888] [uav9.mavros.sys]: FCU: EVENT 377561 with args -8-0-0-0-20-0-0-0-0-0-0-0-0-0-0-0-0-0-0-0-0-0-0-0-0-0-0-0-0-0-0-0-0-0-0-0-0-0-0-0-
[WARN] [1790600954.013403333] [uav9.mavros.sys]: FCU: EVENT 453929 with args -255-255-255-255-7-0-0-0-0-0-0-0-0-0-0-0-0-0-0-0-0-0-0-0-0-0-0-0-0-0-0-0-0-0-0-0-0-0-0-0-
[INFO] [1790600954.013435527] [uav9.mavros.sys]: FCU: EVENT 6801787 with args -255-255-255-255-12-0-0-0-0-0-0-0-0-0-0-0-0-0-0-0-0-0-0-0-0-0-0-0-0-0-0-0-0-0-0-0-0-0-0-0-
[WARN] [1790600954.013477223] [uav9.mavros.sys]: FCU: UNK(8): EVENT 1914663 with args -0-10-13-2-56-0-0-0-0-0-0-0-0-0-0-0-0-0-0-0-0-0-0-0-0-0-0-0-0-0-0-0-0-0-0-0-0-0-0-0-
[INFO] [1790600955.039578484] [uav9.mavros.sys]: VER: 9.1: Capabilities         0x000000000000e8ff
[INFO] [1790600955.039627396] [uav9.mavros.sys]: VER: 9.1: Flight software:     011200c0 (fca3df865a000000)
[INFO] [1790600955.039633799] [uav9.mavros.sys]: VER: 9.1: Middleware software: 011200c0 (fca3df865a000000)
[INFO] [1790600955.039639346] [uav9.mavros.sys]: VER: 9.1: OS software:         070000ff (17040b9f87cb1791)
[INFO] [1790600955.039643716] [uav9.mavros.sys]: VER: 9.1: Board hardware:      00000001
[INFO] [1790600955.039648228] [uav9.mavros.sys]: VER: 9.1: VID/PID:             0000:0000
[INFO] [1790600955.039652983] [uav9.mavros.sys]: VER: 9.1: UID:                 4954414c44494e57
[WARN] [1790600955.041981610] [uav9.mavros.cmd]: CMD: Unexpected command 512, result 0
[WARN] [1790600964.950482369] [uav9.mavros.sys]: FCU: UNK(8): EVENT 11047904 with args -0-0-0-0-0-128-0-0-0-176-122-127-128-176-122-127-128-0-0-0-0-0-0-0-0-0-0-0-0-0-0-0-0-0-0-0-0-0-0-0-
[INFO] [1790600964.950606152] [uav9.mavros.sys]: FCU: EVENT 377561 with args -8-0-0-0-20-0-0-0-0-0-0-0-0-0-0-0-0-0-0-0-0-0-0-0-0-0-0-0-0-0-0-0-0-0-0-0-0-0-0-0-
[WARN] [1790600964.950647872] [uav9.mavros.sys]: FCU: EVENT 453929 with args -255-255-255-255-7-0-0-0-0-0-0-0-0-0-0-0-0-0-0-0-0-0-0-0-0-0-0-0-0-0-0-0-0-0-0-0-0-0-0-0-
[INFO] [1790600964.950685190] [uav9.mavros.sys]: FCU: EVENT 6801787 with args -255-255-255-255-12-0-0-0-0-0-0-0-0-0-0-0-0-0-0-0-0-0-0-0-0-0-0-0-0-0-0-0-0-0-0-0-0-0-0-0-
[WARN] [1790600964.950720391] [uav9.mavros.sys]: FCU: UNK(8): EVENT 1914663 with args -0-10-13-2-56-0-0-0-0-0-0-0-0-0-0-0-0-0-0-0-0-0-0-0-0-0-0-0-0-0-0-0-0-0-0-0-0-0-0-0-
[WARN] [1790600971.347313115] [uav9.mavros.cmd]: CMD: Unexpected command 176, result 0
[INFO] [1790600971.533831623] [uav9.mavros.sys]: FCU: EVENT 9489139 with args -4-0-0-0-0-0-0-0-0-0-0-0-0-0-0-0-0-0-0-0-0-0-0-0-0-0-0-0-0-0-0-0-0-0-0-0-0-0-0-0-
[INFO] [1790600973.398223061] [uav9.mavros.sys]: FCU: EVENT 4277609 with args -0-0-0-0-0-0-0-0-0-0-0-0-0-0-0-0-0-0-0-0-0-0-0-0-0-0-0-0-0-0-0-0-0-0-0-0-0-0-0-0-
[INFO] [1790604533.305730177] [rclcpp]: signal_handler(SIGINT/SIGTERM)
[WARN] [1790604533.313064482] [uav9.mavros]: UAS Executor terminated
