[INFO] [1790600951.495524271] [uav8.mavros_node]: Starting mavros_node container
[INFO] [1790600951.497154596] [uav8.mavros_node]: FCU URL: udp://:14547@127.0.0.1:14587
[INFO] [1790600951.497172537] [uav8.mavros_node]: GCS URL: 
[INFO] [1790600951.497178462] [uav8.mavros_node]: UAS Prefix: /uas8
[INFO] [1790600951.497183580] [uav8.mavros_node]: Starting mavros router node
[INFO] [1790600951.594151158] [uav8.mavros_router]: Built-in SIMD instructions: SSE, SSE2
[INFO] [1790600951.594402362] [uav8.mavros_router]: Built-in MAVLink package version: 2026.8.8
[INFO] [1790600951.594421370] [uav8.mavros_router]: Known MAVLink dialects: common ardupilotmega ASLUAV AVSSUAS all csAirLink cubepilot development icarous loweheiser marsh paparazzi standard stemstudios storm32 uAvionix ualberta
[INFO] [1790600951.594430556] [uav8.mavros_router]: MAVROS Router started
[INFO] [1790600951.595209006] [uav8.mavros_node]: Starting mavros uas node
[INFO] [1790600951.793491497] [uav8.mavros_router]: Requested to add endpoint: type: 0, url: udp://:14547@127.0.0.1:14587
[INFO] [1790600951.793544549] [uav8.mavros_router]: Endpoint link[1000] created
[INFO] [1790600951.793793367] [uav8.mavros_router]: link[1000] opened successfully
[INFO] [1790600951.793808227] [uav8.mavros_router]: Requested to add endpoint: type: 2, url: /uas8
[INFO] [1790600951.793818995] [uav8.mavros_router]: Endpoint link[1001] created
[INFO] [1790600951.797579522] [uav8.mavros_router]: link[1000] detected remote address 8.1
[INFO] [1790600951.813030607] [uav8.mavros]: Plugin actuator_control ignored
[INFO] [1790600951.814207306] [uav8.mavros]: Plugin altitude ignored
[INFO] [1790600951.813055170] [uav8.mavros]: UAS Executor started, threads: 4
[INFO] [1790600951.914133119] [uav8.mavros_router]: link[1001] opened successfully
[INFO] [1790600952.074330526] [uav8.mavros]: Plugin command created
[INFO] [1790600952.074993313] [uav8.mavros]: Plugin command initialized
[INFO] [1790600952.075026788] [uav8.mavros]: Plugin ftp ignored
[INFO] [1790600952.075033873] [uav8.mavros]: Plugin geofence ignored
[INFO] [1790600952.332087183] [uav8.mavros]: Plugin global_position created
[INFO] [1790600952.332151874] [uav8.mavros]: Plugin global_position initialized
[INFO] [1790600952.332161219] [uav8.mavros]: Plugin home_position ignored
[INFO] [1790600952.332166381] [uav8.mavros]: Plugin imu ignored
[INFO] [1790600952.598826966] [uav8.mavros]: Plugin local_position created
[INFO] [1790600952.598889365] [uav8.mavros]: Plugin local_position initialized
[INFO] [1790600952.598899409] [uav8.mavros]: Plugin manual_control ignored
[INFO] [1790600952.598904696] [uav8.mavros]: Plugin nav_controller_output ignored
[INFO] [1790600952.598910066] [uav8.mavros]: Plugin param ignored
[INFO] [1790600952.598915344] [uav8.mavros]: Plugin rallypoint ignored
[INFO] [1790600952.598921133] [uav8.mavros]: Plugin rc_io ignored
[INFO] [1790600952.598926644] [uav8.mavros]: Plugin setpoint_accel ignored
[INFO] [1790600952.598931730] [uav8.mavros]: Plugin setpoint_attitude ignored
[INFO] [1790600952.598936798] [uav8.mavros]: Plugin setpoint_position ignored
[INFO] [1790600952.598942696] [uav8.mavros]: Plugin setpoint_raw ignored
[INFO] [1790600952.598947723] [uav8.mavros]: Plugin setpoint_trajectory ignored
[INFO] [1790600952.798328206] [uav8.mavros]: Plugin setpoint_velocity created
[INFO] [1790600952.798378973] [uav8.mavros]: Plugin setpoint_velocity initialized
[INFO] [1790600953.240407918] [uav8.mavros]: Plugin sys_status created
[INFO] [1790600953.240472880] [uav8.mavros]: Plugin sys_status initialized
[INFO] [1790600953.396089589] [uav8.mavros.time]: TM: Timesync mode: MAVLINK
[INFO] [1790600953.425502162] [uav8.mavros]: Plugin sys_time created
[INFO] [1790600953.425547761] [uav8.mavros]: Plugin sys_time initialized
[INFO] [1790600953.425557182] [uav8.mavros]: Plugin waypoint ignored
[INFO] [1790600953.425566572] [uav8.mavros]: Plugin wind_estimation ignored
[INFO] [1790600953.434973635] [uav8.mavros]: Built-in SIMD instructions: SSE, SSE2
[INFO] [1790600953.435354865] [uav8.mavros]: Built-in MAVLink package version: 2026.8.8
[INFO] [1790600953.435454240] [uav8.mavros]: Known MAVLink dialects: common ardupilotmega ASLUAV AVSSUAS all csAirLink cubepilot development icarous loweheiser marsh paparazzi standard stemstudios storm32 uAvionix ualberta
[INFO] [1790600953.435462512] [uav8.mavros]: MAVROS UAS via /uas8 started. MY ID 8.191, TARGET ID 8.1
[INFO] [1790600953.481937133] [uav8.mavros_router]: link[1001] detected remote address 8.191
[INFO] [1790600954.006579613] [uav8.mavros]: CON: Got HEARTBEAT, connected. FCU: PX4 Autopilot
[INFO] [1790600955.041965974] [uav8.mavros.sys]: VER: 8.1: Capabilities         0x000000000000e8ff
[INFO] [1790600955.041996576] [uav8.mavros.sys]: VER: 8.1: Flight software:     011200c0 (fca3df865a000000)
[INFO] [1790600955.042004134] [uav8.mavros.sys]: VER: 8.1: Middleware software: 011200c0 (fca3df865a000000)
[INFO] [1790600955.042009568] [uav8.mavros.sys]: VER: 8.1: OS software:         070000ff (17040b9f87cb1791)
[INFO] [1790600955.042014951] [uav8.mavros.sys]: VER: 8.1: Board hardware:      00000001
[INFO] [1790600955.042019881] [uav8.mavros.sys]: VER: 8.1: VID/PID:             0000:0000
[INFO] [1790600955.042025057] [uav8.mavros.sys]: VER: 8.1: UID:                 4954414c44494e56
[WARN] [1790600955.042058482] [uav8.mavros.cmd]: CMD: Unexpected command 512, result 0
[WARN] [1790600963.126735207] [uav8.mavros.sys]: FCU: UNK(8): EVENT 11047904 with args -0-0-0-0-0-128-0-0-0-176-122-127-128-176-122-127-128-0-0-0-0-0-0-0-0-0-0-0-0-0-0-0-0-0-0-0-0-0-0-0-
[INFO] [1790600963.126883175] [uav8.mavros.sys]: FCU: EVENT 377561 with args -8-0-0-0-20-0-0-0-0-0-0-0-0-0-0-0-0-0-0-0-0-0-0-0-0-0-0-0-0-0-0-0-0-0-0-0-0-0-0-0-
[WARN] [1790600963.126928988] [uav8.mavros.sys]: FCU: EVENT 453929 with args -255-255-255-255-7-0-0-0-0-0-0-0-0-0-0-0-0-0-0-0-0-0-0-0-0-0-0-0-0-0-0-0-0-0-0-0-0-0-0-0-
[INFO] [1790600963.126965994] [uav8.mavros.sys]: FCU: EVENT 6801787 with args -255-255-255-255-12-0-0-0-0-0-0-0-0-0-0-0-0-0-0-0-0-0-0-0-0-0-0-0-0-0-0-0-0-0-0-0-0-0-0-0-
[WARN] [1790600963.127002834] [uav8.mavros.sys]: FCU: UNK(8): EVENT 1914663 with args -0-10-13-2-56-0-0-0-0-0-0-0-0-0-0-0-0-0-0-0-0-0-0-0-0-0-0-0-0-0-0-0-0-0-0-0-0-0-0-0-
[WARN] [1790600971.366855355] [uav8.mavros.cmd]: CMD: Unexpected command 176, result 0
[INFO] [1790600971.525302865] [uav8.mavros.sys]: FCU: EVENT 9489139 with args -4-0-0-0-0-0-0-0-0-0-0-0-0-0-0-0-0-0-0-0-0-0-0-0-0-0-0-0-0-0-0-0-0-0-0-0-0-0-0-0-
[INFO] [1790600973.347157121] [uav8.mavros.sys]: FCU: EVENT 4277609 with args -0-0-0-0-0-0-0-0-0-0-0-0-0-0-0-0-0-0-0-0-0-0-0-0-0-0-0-0-0-0-0-0-0-0-0-0-0-0-0-0-
[INFO] [1790604533.303977939] [rclcpp]: signal_handler(SIGINT/SIGTERM)
[WARN] [1790604533.309751369] [uav8.mavros]: UAS Executor terminated
