[INFO] [1790600951.459212114] [uav2.mavros_node]: Starting mavros_node container
[INFO] [1790600951.459549222] [uav2.mavros_node]: FCU URL: udp://:14541@127.0.0.1:14581
[INFO] [1790600951.459568467] [uav2.mavros_node]: GCS URL: 
[INFO] [1790600951.459907001] [uav2.mavros_node]: UAS Prefix: /uas2
[INFO] [1790600951.459913689] [uav2.mavros_node]: Starting mavros router node
[INFO] [1790600951.574303727] [uav2.mavros_router]: Built-in SIMD instructions: SSE, SSE2
[INFO] [1790600951.585420663] [uav2.mavros_router]: Built-in MAVLink package version: 2026.8.8
[INFO] [1790600951.585447689] [uav2.mavros_router]: Known MAVLink dialects: common ardupilotmega ASLUAV AVSSUAS all csAirLink cubepilot development icarous loweheiser marsh paparazzi standard stemstudios storm32 uAvionix ualberta
[INFO] [1790600951.585455424] [uav2.mavros_router]: MAVROS Router started
[INFO] [1790600951.585623248] [uav2.mavros_node]: Starting mavros uas node
[INFO] [1790600951.822969871] [uav2.mavros_router]: Requested to add endpoint: type: 0, url: udp://:14541@127.0.0.1:14581
[INFO] [1790600951.823030931] [uav2.mavros_router]: Endpoint link[1000] created
[INFO] [1790600951.823782425] [uav2.mavros_router]: link[1000] opened successfully
[INFO] [1790600951.823818881] [uav2.mavros_router]: Requested to add endpoint: type: 2, url: /uas2
[INFO] [1790600951.823836464] [uav2.mavros_router]: Endpoint link[1001] created
[INFO] [1790600951.826614415] [uav2.mavros_router]: link[1000] detected remote address 2.1
[INFO] [1790600951.840372035] [uav2.mavros]: Plugin actuator_control ignored
[INFO] [1790600951.868489324] [uav2.mavros]: Plugin altitude ignored
[INFO] [1790600951.840405628] [uav2.mavros]: UAS Executor started, threads: 4
[INFO] [1790600951.853913449] [uav2.mavros_router]: link[1001] opened successfully
[INFO] [1790600952.253358347] [uav2.mavros]: Plugin command created
[INFO] [1790600952.253415737] [uav2.mavros]: Plugin command initialized
[INFO] [1790600952.253425097] [uav2.mavros]: Plugin ftp ignored
[INFO] [1790600952.253431099] [uav2.mavros]: Plugin geofence ignored
[INFO] [1790600952.547599537] [uav2.mavros]: Plugin global_position created
[INFO] [1790600952.547665716] [uav2.mavros]: Plugin global_position initialized
[INFO] [1790600952.547675298] [uav2.mavros]: Plugin home_position ignored
[INFO] [1790600952.547686839] [uav2.mavros]: Plugin imu ignored
[INFO] [1790600952.779091388] [uav2.mavros]: Plugin local_position created
[INFO] [1790600952.779154152] [uav2.mavros]: Plugin local_position initialized
[INFO] [1790600952.779164762] [uav2.mavros]: Plugin manual_control ignored
[INFO] [1790600952.779170304] [uav2.mavros]: Plugin nav_controller_output ignored
[INFO] [1790600952.779175542] [uav2.mavros]: Plugin param ignored
[INFO] [1790600952.779180769] [uav2.mavros]: Plugin rallypoint ignored
[INFO] [1790600952.779185338] [uav2.mavros]: Plugin rc_io ignored
[INFO] [1790600952.779190173] [uav2.mavros]: Plugin setpoint_accel ignored
[INFO] [1790600952.779194966] [uav2.mavros]: Plugin setpoint_attitude ignored
[INFO] [1790600952.779199719] [uav2.mavros]: Plugin setpoint_position ignored
[INFO] [1790600952.779204445] [uav2.mavros]: Plugin setpoint_raw ignored
[INFO] [1790600952.779209345] [uav2.mavros]: Plugin setpoint_trajectory ignored
[INFO] [1790600952.972697292] [uav2.mavros]: Plugin setpoint_velocity created
[INFO] [1790600952.999111686] [uav2.mavros]: Plugin setpoint_velocity initialized
[INFO] [1790600953.228405360] [uav2.mavros]: Plugin sys_status created
[INFO] [1790600953.238725196] [uav2.mavros]: Plugin sys_status initialized
[INFO] [1790600953.379302827] [uav2.mavros.time]: TM: Timesync mode: MAVLINK
[INFO] [1790600953.405341804] [uav2.mavros]: Plugin sys_time created
[INFO] [1790600953.407218444] [uav2.mavros]: Plugin sys_time initialized
[INFO] [1790600953.407234412] [uav2.mavros]: Plugin waypoint ignored
[INFO] [1790600953.407239382] [uav2.mavros]: Plugin wind_estimation ignored
[INFO] [1790600953.423677245] [uav2.mavros]: Built-in SIMD instructions: SSE, SSE2
[INFO] [1790600953.423711634] [uav2.mavros]: Built-in MAVLink package version: 2026.8.8
[INFO] [1790600953.424053496] [uav2.mavros]: Known MAVLink dialects: common ardupilotmega ASLUAV AVSSUAS all csAirLink cubepilot development icarous loweheiser marsh paparazzi standard stemstudios storm32 uAvionix ualberta
[INFO] [1790600953.424078045] [uav2.mavros]: MAVROS UAS via /uas2 started. MY ID 2.191, TARGET ID 2.1
[INFO] [1790600953.438822879] [uav2.mavros_router]: link[1001] detected remote address 2.191
[INFO] [1790600953.970596170] [uav2.mavros]: CON: Got HEARTBEAT, connected. FCU: PX4 Autopilot
[INFO] [1790600955.013487959] [uav2.mavros.sys]: VER: 2.1: Capabilities         0x000000000000e8ff
[INFO] [1790600955.013544358] [uav2.mavros.sys]: VER: 2.1: Flight software:     011200c0 (fca3df865a000000)
[INFO] [1790600955.013552110] [uav2.mavros.sys]: VER: 2.1: Middleware software: 011200c0 (fca3df865a000000)
[INFO] [1790600955.013557777] [uav2.mavros.sys]: VER: 2.1: OS software:         070000ff (17040b9f87cb1791)
[INFO] [1790600955.013562924] [uav2.mavros.sys]: VER: 2.1: Board hardware:      00000001
[INFO] [1790600955.013568096] [uav2.mavros.sys]: VER: 2.1: VID/PID:             0000:0000
[INFO] [1790600955.013573148] [uav2.mavros.sys]: VER: 2.1: UID:                 4954414c44494e50
[WARN] [1790600955.023335441] [uav2.mavros.cmd]: CMD: Unexpected command 512, result 0
[WARN] [1790600963.778438089] [uav2.mavros.sys]: FCU: UNK(8): EVENT 11047904 with args -0-0-0-0-0-128-0-0-0-176-122-127-128-176-122-127-128-0-0-0-0-0-0-0-0-0-0-0-0-0-0-0-0-0-0-0-0-0-0-0-
[INFO] [1790600963.778520671] [uav2.mavros.sys]: FCU: EVENT 377561 with args -8-0-0-0-20-0-0-0-0-0-0-0-0-0-0-0-0-0-0-0-0-0-0-0-0-0-0-0-0-0-0-0-0-0-0-0-0-0-0-0-
[WARN] [1790600963.778559011] [uav2.mavros.sys]: FCU: EVENT 453929 with args -255-255-255-255-7-0-0-0-0-0-0-0-0-0-0-0-0-0-0-0-0-0-0-0-0-0-0-0-0-0-0-0-0-0-0-0-0-0-0-0-
[INFO] [1790600963.778599099] [uav2.mavros.sys]: FCU: EVENT 6801787 with args -255-255-255-255-12-0-0-0-0-0-0-0-0-0-0-0-0-0-0-0-0-0-0-0-0-0-0-0-0-0-0-0-0-0-0-0-0-0-0-0-
[WARN] [1790600963.778638048] [uav2.mavros.sys]: FCU: UNK(8): EVENT 1914663 with args -0-10-13-2-56-0-0-0-0-0-0-0-0-0-0-0-0-0-0-0-0-0-0-0-0-0-0-0-0-0-0-0-0-0-0-0-0-0-0-0-
[WARN] [1790600971.350739099] [uav2.mavros.cmd]: CMD: Unexpected command 176, result 0
[INFO] [1790600971.643092127] [uav2.mavros.sys]: FCU: EVENT 9489139 with args -4-0-0-0-0-0-0-0-0-0-0-0-0-0-0-0-0-0-0-0-0-0-0-0-0-0-0-0-0-0-0-0-0-0-0-0-0-0-0-0-
[INFO] [1790600973.677948633] [uav2.mavros.sys]: FCU: EVENT 4277609 with args -0-0-0-0-0-0-0-0-0-0-0-0-0-0-0-0-0-0-0-0-0-0-0-0-0-0-0-0-0-0-0-0-0-0-0-0-0-0-0-0-
[INFO] [1790604533.303903242] [rclcpp]: signal_handler(SIGINT/SIGTERM)
[WARN] [1790604533.324870951] [uav2.mavros]: UAS Executor terminated
