[INFO] [1790597956.090922423] [uav10.mavros_node]: Starting mavros_node container
[INFO] [1790597956.092123736] [uav10.mavros_node]: FCU URL: udp://:14549@127.0.0.1:14589
[INFO] [1790597956.092155945] [uav10.mavros_node]: GCS URL: 
[INFO] [1790597956.092180127] [uav10.mavros_node]: UAS Prefix: /uas10
[INFO] [1790597956.092195411] [uav10.mavros_node]: Starting mavros router node
[INFO] [1790597956.511438984] [uav10.mavros_router]: Built-in SIMD instructions: SSE, SSE2
[INFO] [1790597956.511812013] [uav10.mavros_router]: Built-in MAVLink package version: 2026.8.8
[INFO] [1790597956.511839564] [uav10.mavros_router]: Known MAVLink dialects: common ardupilotmega ASLUAV AVSSUAS all csAirLink cubepilot development icarous loweheiser marsh paparazzi standard stemstudios storm32 uAvionix ualberta
[INFO] [1790597956.511847997] [uav10.mavros_router]: MAVROS Router started
[INFO] [1790597956.512003060] [uav10.mavros_node]: Starting mavros uas node
[INFO] [1790597956.711074088] [uav10.mavros_router]: Requested to add endpoint: type: 0, url: udp://:14549@127.0.0.1:14589
[INFO] [1790597956.712991598] [uav10.mavros_router]: Endpoint link[1000] created
[INFO] [1790597956.714303411] [uav10.mavros_router]: link[1000] opened successfully
[INFO] [1790597956.714356331] [uav10.mavros_router]: Requested to add endpoint: type: 2, url: /uas10
[INFO] [1790597956.714380286] [uav10.mavros_router]: Endpoint link[1001] created
[INFO] [1790597956.715834019] [uav10.mavros_router]: link[1000] detected remote address 10.1
[INFO] [1790597956.725201482] [uav10.mavros]: Plugin actuator_control ignored
[INFO] [1790597956.726343527] [uav10.mavros]: Plugin altitude ignored
[INFO] [1790597956.725266644] [uav10.mavros]: UAS Executor started, threads: 4
[INFO] [1790597956.834335153] [uav10.mavros_router]: link[1001] opened successfully
[INFO] [1790597956.957762373] [uav10.mavros]: Plugin command created
[INFO] [1790597956.957902940] [uav10.mavros]: Plugin command initialized
[INFO] [1790597956.957914855] [uav10.mavros]: Plugin ftp ignored
[INFO] [1790597956.957921267] [uav10.mavros]: Plugin geofence ignored
[INFO] [1790597957.247821598] [uav10.mavros]: Plugin global_position created
[INFO] [1790597957.247900716] [uav10.mavros]: Plugin global_position initialized
[INFO] [1790597957.247912788] [uav10.mavros]: Plugin home_position ignored
[INFO] [1790597957.247918902] [uav10.mavros]: Plugin imu ignored
[INFO] [1790597957.511502669] [uav10.mavros]: Plugin local_position created
[INFO] [1790597957.511559996] [uav10.mavros]: Plugin local_position initialized
[INFO] [1790597957.511569562] [uav10.mavros]: Plugin manual_control ignored
[INFO] [1790597957.511575510] [uav10.mavros]: Plugin nav_controller_output ignored
[INFO] [1790597957.511585538] [uav10.mavros]: Plugin param ignored
[INFO] [1790597957.511592531] [uav10.mavros]: Plugin rallypoint ignored
[INFO] [1790597957.511597493] [uav10.mavros]: Plugin rc_io ignored
[INFO] [1790597957.511602867] [uav10.mavros]: Plugin setpoint_accel ignored
[INFO] [1790597957.511608615] [uav10.mavros]: Plugin setpoint_attitude ignored
[INFO] [1790597957.511622464] [uav10.mavros]: Plugin setpoint_position ignored
[INFO] [1790597957.511628139] [uav10.mavros]: Plugin setpoint_raw ignored
[INFO] [1790597957.511632884] [uav10.mavros]: Plugin setpoint_trajectory ignored
[INFO] [1790597957.733237315] [uav10.mavros]: Plugin setpoint_velocity created
[INFO] [1790597957.733300079] [uav10.mavros]: Plugin setpoint_velocity initialized
[INFO] [1790597958.080413192] [uav10.mavros]: Plugin sys_status created
[INFO] [1790597958.080492730] [uav10.mavros]: Plugin sys_status initialized
[INFO] [1790597958.240634136] [uav10.mavros.time]: TM: Timesync mode: MAVLINK
[INFO] [1790597958.280086061] [uav10.mavros]: Plugin sys_time created
[INFO] [1790597958.280162355] [uav10.mavros]: Plugin sys_time initialized
[INFO] [1790597958.280175857] [uav10.mavros]: Plugin waypoint ignored
[INFO] [1790597958.280182912] [uav10.mavros]: Plugin wind_estimation ignored
[INFO] [1790597958.300238264] [uav10.mavros]: Built-in SIMD instructions: SSE, SSE2
[INFO] [1790597958.308165191] [uav10.mavros]: Built-in MAVLink package version: 2026.8.8
[INFO] [1790597958.308226639] [uav10.mavros]: Known MAVLink dialects: common ardupilotmega ASLUAV AVSSUAS all csAirLink cubepilot development icarous loweheiser marsh paparazzi standard stemstudios storm32 uAvionix ualberta
[INFO] [1790597958.308237296] [uav10.mavros]: MAVROS UAS via /uas10 started. MY ID 10.191, TARGET ID 10.1
[INFO] [1790597958.320709738] [uav10.mavros_router]: link[1001] detected remote address 10.191
[INFO] [1790597958.423819542] [uav10.mavros]: CON: Got HEARTBEAT, connected. FCU: PX4 Autopilot
[INFO] [1790597959.476821174] [uav10.mavros.sys]: VER: 10.1: Capabilities         0x000000000000e8ff
[INFO] [1790597959.476875118] [uav10.mavros.sys]: VER: 10.1: Flight software:     011200c0 (fca3df865a000000)
[INFO] [1790597959.476883956] [uav10.mavros.sys]: VER: 10.1: Middleware software: 011200c0 (fca3df865a000000)
[INFO] [1790597959.476890100] [uav10.mavros.sys]: VER: 10.1: OS software:         070000ff (17040b9f87cb1791)
[INFO] [1790597959.476896082] [uav10.mavros.sys]: VER: 10.1: Board hardware:      00000001
[INFO] [1790597959.476901271] [uav10.mavros.sys]: VER: 10.1: VID/PID:             0000:0000
[INFO] [1790597959.476906983] [uav10.mavros.sys]: VER: 10.1: UID:                 4954414c44494e58
[WARN] [1790597959.480403850] [uav10.mavros.cmd]: CMD: Unexpected command 512, result 0
[WARN] [1790597959.549863007] [uav10.mavros.sys]: FCU: UNK(8): EVENT 11047904 with args -0-0-0-16-0-128-0-0-0-176-58-127-128-176-58-127-128-0-0-0-0-0-0-0-0-0-0-0-0-0-0-0-0-0-0-0-0-0-0-0-
[ERROR] [1790597959.549967861] [uav10.mavros.sys]: FCU: EVENT 11464574 with args -0-64-0-0-20-0-0-0-0-0-0-0-0-0-0-0-0-0-0-0-0-0-0-0-0-0-0-0-0-0-0-0-0-0-0-0-0-0-0-0-
[INFO] [1790597959.550048562] [uav10.mavros.sys]: FCU: EVENT 377561 with args -8-0-0-0-20-0-0-0-0-0-0-0-0-0-0-0-0-0-0-0-0-0-0-0-0-0-0-0-0-0-0-0-0-0-0-0-0-0-0-0-
[WARN] [1790597959.550089898] [uav10.mavros.sys]: FCU: EVENT 453929 with args -255-255-255-255-7-0-0-0-0-0-0-0-0-0-0-0-0-0-0-0-0-0-0-0-0-0-0-0-0-0-0-0-0-0-0-0-0-0-0-0-
[INFO] [1790597959.550125863] [uav10.mavros.sys]: FCU: EVENT 6801787 with args -255-255-255-255-12-0-0-0-0-0-0-0-0-0-0-0-0-0-0-0-0-0-0-0-0-0-0-0-0-0-0-0-0-0-0-0-0-0-0-0-
[WARN] [1790597959.550172951] [uav10.mavros.sys]: FCU: UNK(8): EVENT 1914663 with args -0-10-13-2-56-0-0-0-0-0-0-0-0-0-0-0-0-0-0-0-0-0-0-0-0-0-0-0-0-0-0-0-0-0-0-0-0-0-0-0-
[WARN] [1790597967.064554702] [uav10.mavros.sys]: FCU: UNK(8): EVENT 11047904 with args -0-0-0-0-0-128-0-0-0-176-122-127-128-176-122-127-128-0-0-0-0-0-0-0-0-0-0-0-0-0-0-0-0-0-0-0-0-0-0-0-
[INFO] [1790597967.064683804] [uav10.mavros.sys]: FCU: EVENT 377561 with args -8-0-0-0-20-0-0-0-0-0-0-0-0-0-0-0-0-0-0-0-0-0-0-0-0-0-0-0-0-0-0-0-0-0-0-0-0-0-0-0-
[WARN] [1790597967.064756855] [uav10.mavros.sys]: FCU: EVENT 453929 with args -255-255-255-255-7-0-0-0-0-0-0-0-0-0-0-0-0-0-0-0-0-0-0-0-0-0-0-0-0-0-0-0-0-0-0-0-0-0-0-0-
[INFO] [1790597967.065289801] [uav10.mavros.sys]: FCU: EVENT 6801787 with args -255-255-255-255-12-0-0-0-0-0-0-0-0-0-0-0-0-0-0-0-0-0-0-0-0-0-0-0-0-0-0-0-0-0-0-0-0-0-0-0-
[WARN] [1790597967.066376833] [uav10.mavros.sys]: FCU: UNK(8): EVENT 1914663 with args -0-10-13-2-56-0-0-0-0-0-0-0-0-0-0-0-0-0-0-0-0-0-0-0-0-0-0-0-0-0-0-0-0-0-0-0-0-0-0-0-
[WARN] [1790597971.634656469] [uav10.mavros.cmd]: CMD: Unexpected command 176, result 0
[INFO] [1790597972.682586295] [uav10.mavros.sys]: FCU: EVENT 9489139 with args -4-0-0-0-0-0-0-0-0-0-0-0-0-0-0-0-0-0-0-0-0-0-0-0-0-0-0-0-0-0-0-0-0-0-0-0-0-0-0-0-
[INFO] [1790597974.488682607] [uav10.mavros.sys]: FCU: EVENT 4277609 with args -0-0-0-0-0-0-0-0-0-0-0-0-0-0-0-0-0-0-0-0-0-0-0-0-0-0-0-0-0-0-0-0-0-0-0-0-0-0-0-0-
[WARN] [1790598224.237431863] [uav10.mavros.cmd]: CMD: Unexpected command 176, result 0
[INFO] [1790598258.894885795] [uav10.mavros.sys]: FCU: EVENT 9844908 with args -0-0-0-0-0-0-0-0-0-0-0-0-0-0-0-0-0-0-0-0-0-0-0-0-0-0-0-0-0-0-0-0-0-0-0-0-0-0-0-0-
[INFO] [1790598260.977397574] [uav10.mavros.sys]: FCU: EVENT 16017271 with args -6-0-0-0-0-0-0-0-0-0-0-0-0-0-0-0-0-0-0-0-0-0-0-0-0-0-0-0-0-0-0-0-0-0-0-0-0-0-0-0-
[WARN] [1790598264.979440686] [uav10.mavros.sys]: FCU: UNK(8): EVENT 11047904 with args -0-0-0-0-0-128-0-0-0-176-122-127-128-176-122-127-128-0-0-0-0-0-0-0-0-0-0-0-0-0-0-0-0-0-0-0-0-0-0-0-
[INFO] [1790598264.979530055] [uav10.mavros.sys]: FCU: EVENT 377561 with args -8-0-0-0-20-0-0-0-0-0-0-0-0-0-0-0-0-0-0-0-0-0-0-0-0-0-0-0-0-0-0-0-0-0-0-0-0-0-0-0-
[WARN] [1790598264.979639486] [uav10.mavros.sys]: FCU: EVENT 453929 with args -255-255-255-255-7-0-0-0-0-0-0-0-0-0-0-0-0-0-0-0-0-0-0-0-0-0-0-0-0-0-0-0-0-0-0-0-0-0-0-0-
[INFO] [1790598264.979665337] [uav10.mavros.sys]: FCU: EVENT 6801787 with args -255-255-255-255-12-0-0-0-0-0-0-0-0-0-0-0-0-0-0-0-0-0-0-0-0-0-0-0-0-0-0-0-0-0-0-0-0-0-0-0-
[WARN] [1790598264.979725648] [uav10.mavros.sys]: FCU: UNK(8): EVENT 1914663 with args -0-10-9-2-56-0-0-0-0-0-0-0-0-0-0-0-0-0-0-0-0-0-0-0-0-0-0-0-0-0-0-0-0-0-0-0-0-0-0-0-
[INFO] [1790598268.463574210] [rclcpp]: signal_handler(SIGINT/SIGTERM)
[WARN] [1790598268.466734429] [uav10.mavros]: UAS Executor terminated
