[INFO] [1790597956.086130521] [uav3.mavros_node]: Starting mavros_node container
[INFO] [1790597956.088538248] [uav3.mavros_node]: FCU URL: udp://:14542@127.0.0.1:14582
[INFO] [1790597956.088883432] [uav3.mavros_node]: GCS URL: 
[INFO] [1790597956.088900450] [uav3.mavros_node]: UAS Prefix: /uas3
[INFO] [1790597956.088906657] [uav3.mavros_node]: Starting mavros router node
[INFO] [1790597956.535738204] [uav3.mavros_router]: Built-in SIMD instructions: SSE, SSE2
[INFO] [1790597956.535804856] [uav3.mavros_router]: Built-in MAVLink package version: 2026.8.8
[INFO] [1790597956.535815191] [uav3.mavros_router]: Known MAVLink dialects: common ardupilotmega ASLUAV AVSSUAS all csAirLink cubepilot development icarous loweheiser marsh paparazzi standard stemstudios storm32 uAvionix ualberta
[INFO] [1790597956.535822576] [uav3.mavros_router]: MAVROS Router started
[INFO] [1790597956.535996564] [uav3.mavros_node]: Starting mavros uas node
[INFO] [1790597956.761557155] [uav3.mavros_router]: Requested to add endpoint: type: 0, url: udp://:14542@127.0.0.1:14582
[INFO] [1790597956.763285127] [uav3.mavros_router]: Endpoint link[1000] created
[INFO] [1790597956.766927110] [uav3.mavros_router]: link[1000] opened successfully
[INFO] [1790597956.767362861] [uav3.mavros_router]: Requested to add endpoint: type: 2, url: /uas3
[INFO] [1790597956.768467613] [uav3.mavros_router]: Endpoint link[1001] created
[INFO] [1790597956.778115204] [uav3.mavros_router]: link[1000] detected remote address 3.1
[INFO] [1790597956.784745867] [uav3.mavros]: Plugin actuator_control ignored
[INFO] [1790597956.784807225] [uav3.mavros]: Plugin altitude ignored
[INFO] [1790597956.784940642] [uav3.mavros]: UAS Executor started, threads: 4
[INFO] [1790597956.865591594] [uav3.mavros_router]: link[1001] opened successfully
[INFO] [1790597957.030477931] [uav3.mavros]: Plugin command created
[INFO] [1790597957.030540463] [uav3.mavros]: Plugin command initialized
[INFO] [1790597957.030552992] [uav3.mavros]: Plugin ftp ignored
[INFO] [1790597957.030560302] [uav3.mavros]: Plugin geofence ignored
[INFO] [1790597957.397912727] [uav3.mavros]: Plugin global_position created
[INFO] [1790597957.406664656] [uav3.mavros]: Plugin global_position initialized
[INFO] [1790597957.406681835] [uav3.mavros]: Plugin home_position ignored
[INFO] [1790597957.406688823] [uav3.mavros]: Plugin imu ignored
[INFO] [1790597957.698509237] [uav3.mavros]: Plugin local_position created
[INFO] [1790597957.698600422] [uav3.mavros]: Plugin local_position initialized
[INFO] [1790597957.699165798] [uav3.mavros]: Plugin manual_control ignored
[INFO] [1790597957.699184249] [uav3.mavros]: Plugin nav_controller_output ignored
[INFO] [1790597957.699190665] [uav3.mavros]: Plugin param ignored
[INFO] [1790597957.699196058] [uav3.mavros]: Plugin rallypoint ignored
[INFO] [1790597957.699201585] [uav3.mavros]: Plugin rc_io ignored
[INFO] [1790597957.699207107] [uav3.mavros]: Plugin setpoint_accel ignored
[INFO] [1790597957.699212922] [uav3.mavros]: Plugin setpoint_attitude ignored
[INFO] [1790597957.699218330] [uav3.mavros]: Plugin setpoint_position ignored
[INFO] [1790597957.699223870] [uav3.mavros]: Plugin setpoint_raw ignored
[INFO] [1790597957.699229446] [uav3.mavros]: Plugin setpoint_trajectory ignored
[INFO] [1790597957.896103836] [uav3.mavros]: Plugin setpoint_velocity created
[INFO] [1790597957.896255800] [uav3.mavros]: Plugin setpoint_velocity initialized
[INFO] [1790597958.272524248] [uav3.mavros]: Plugin sys_status created
[INFO] [1790597958.272608478] [uav3.mavros]: Plugin sys_status initialized
[INFO] [1790597958.431555789] [uav3.mavros.time]: TM: Timesync mode: MAVLINK
[INFO] [1790597958.460771552] [uav3.mavros]: Plugin sys_time created
[INFO] [1790597958.460815366] [uav3.mavros]: Plugin sys_time initialized
[INFO] [1790597958.460933570] [uav3.mavros]: Plugin waypoint ignored
[INFO] [1790597958.460941939] [uav3.mavros]: Plugin wind_estimation ignored
[INFO] [1790597958.469252287] [uav3.mavros]: Built-in SIMD instructions: SSE, SSE2
[INFO] [1790597958.469304672] [uav3.mavros]: Built-in MAVLink package version: 2026.8.8
[INFO] [1790597958.469340720] [uav3.mavros]: Known MAVLink dialects: common ardupilotmega ASLUAV AVSSUAS all csAirLink cubepilot development icarous loweheiser marsh paparazzi standard stemstudios storm32 uAvionix ualberta
[INFO] [1790597958.469352959] [uav3.mavros]: MAVROS UAS via /uas3 started. MY ID 3.191, TARGET ID 3.1
[INFO] [1790597958.536941478] [uav3.mavros]: CON: Got HEARTBEAT, connected. FCU: PX4 Autopilot
[INFO] [1790597958.537103169] [uav3.mavros_router]: link[1001] detected remote address 3.191
[INFO] [1790597959.568652389] [uav3.mavros.sys]: VER: 3.1: Capabilities         0x000000000000e8ff
[INFO] [1790597959.568706483] [uav3.mavros.sys]: VER: 3.1: Flight software:     011200c0 (fca3df865a000000)
[INFO] [1790597959.568714750] [uav3.mavros.sys]: VER: 3.1: Middleware software: 011200c0 (fca3df865a000000)
[INFO] [1790597959.568720730] [uav3.mavros.sys]: VER: 3.1: OS software:         070000ff (17040b9f87cb1791)
[INFO] [1790597959.568726401] [uav3.mavros.sys]: VER: 3.1: Board hardware:      00000001
[INFO] [1790597959.568731924] [uav3.mavros.sys]: VER: 3.1: VID/PID:             0000:0000
[INFO] [1790597959.568737396] [uav3.mavros.sys]: VER: 3.1: UID:                 4954414c44494e51
[WARN] [1790597959.573753384] [uav3.mavros.cmd]: CMD: Unexpected command 512, result 0
[WARN] [1790597970.170299307] [uav3.mavros.sys]: FCU: UNK(8): EVENT 11047904 with args -0-0-0-0-0-128-0-0-0-176-122-127-128-176-122-127-128-0-0-0-0-0-0-0-0-0-0-0-0-0-0-0-0-0-0-0-0-0-0-0-
[INFO] [1790597970.170933113] [uav3.mavros.sys]: FCU: EVENT 377561 with args -8-0-0-0-20-0-0-0-0-0-0-0-0-0-0-0-0-0-0-0-0-0-0-0-0-0-0-0-0-0-0-0-0-0-0-0-0-0-0-0-
[WARN] [1790597970.170978089] [uav3.mavros.sys]: FCU: EVENT 453929 with args -255-255-255-255-7-0-0-0-0-0-0-0-0-0-0-0-0-0-0-0-0-0-0-0-0-0-0-0-0-0-0-0-0-0-0-0-0-0-0-0-
[INFO] [1790597970.171012409] [uav3.mavros.sys]: FCU: EVENT 6801787 with args -255-255-255-255-12-0-0-0-0-0-0-0-0-0-0-0-0-0-0-0-0-0-0-0-0-0-0-0-0-0-0-0-0-0-0-0-0-0-0-0-
[WARN] [1790597970.171043864] [uav3.mavros.sys]: FCU: UNK(8): EVENT 1914663 with args -0-10-13-2-56-0-0-0-0-0-0-0-0-0-0-0-0-0-0-0-0-0-0-0-0-0-0-0-0-0-0-0-0-0-0-0-0-0-0-0-
[WARN] [1790597971.670346791] [uav3.mavros.cmd]: CMD: Unexpected command 176, result 0
[INFO] [1790597971.917878521] [uav3.mavros.sys]: FCU: EVENT 9489139 with args -4-0-0-0-0-0-0-0-0-0-0-0-0-0-0-0-0-0-0-0-0-0-0-0-0-0-0-0-0-0-0-0-0-0-0-0-0-0-0-0-
[INFO] [1790597973.815038052] [uav3.mavros.sys]: FCU: EVENT 4277609 with args -0-0-0-0-0-0-0-0-0-0-0-0-0-0-0-0-0-0-0-0-0-0-0-0-0-0-0-0-0-0-0-0-0-0-0-0-0-0-0-0-
[WARN] [1790598224.253107798] [uav3.mavros.cmd]: CMD: Unexpected command 176, result 0
[INFO] [1790598257.176859189] [uav3.mavros.sys]: FCU: EVENT 9844908 with args -0-0-0-0-0-0-0-0-0-0-0-0-0-0-0-0-0-0-0-0-0-0-0-0-0-0-0-0-0-0-0-0-0-0-0-0-0-0-0-0-
[INFO] [1790598259.299187720] [uav3.mavros.sys]: FCU: EVENT 16017271 with args -6-0-0-0-0-0-0-0-0-0-0-0-0-0-0-0-0-0-0-0-0-0-0-0-0-0-0-0-0-0-0-0-0-0-0-0-0-0-0-0-
[WARN] [1790598263.265353635] [uav3.mavros.sys]: FCU: UNK(8): EVENT 11047904 with args -0-0-0-0-0-128-0-0-0-176-122-127-128-176-122-127-128-0-0-0-0-0-0-0-0-0-0-0-0-0-0-0-0-0-0-0-0-0-0-0-
[INFO] [1790598263.265469077] [uav3.mavros.sys]: FCU: EVENT 377561 with args -8-0-0-0-20-0-0-0-0-0-0-0-0-0-0-0-0-0-0-0-0-0-0-0-0-0-0-0-0-0-0-0-0-0-0-0-0-0-0-0-
[WARN] [1790598263.265548731] [uav3.mavros.sys]: FCU: EVENT 453929 with args -255-255-255-255-7-0-0-0-0-0-0-0-0-0-0-0-0-0-0-0-0-0-0-0-0-0-0-0-0-0-0-0-0-0-0-0-0-0-0-0-
[INFO] [1790598263.265709039] [uav3.mavros.sys]: FCU: EVENT 6801787 with args -255-255-255-255-12-0-0-0-0-0-0-0-0-0-0-0-0-0-0-0-0-0-0-0-0-0-0-0-0-0-0-0-0-0-0-0-0-0-0-0-
[WARN] [1790598263.265923672] [uav3.mavros.sys]: FCU: UNK(8): EVENT 1914663 with args -0-10-9-2-56-0-0-0-0-0-0-0-0-0-0-0-0-0-0-0-0-0-0-0-0-0-0-0-0-0-0-0-0-0-0-0-0-0-0-0-
[INFO] [1790598268.453414711] [rclcpp]: signal_handler(SIGINT/SIGTERM)
[WARN] [1790598268.456724402] [uav3.mavros]: UAS Executor terminated
