[INFO] [1790597956.460934013] [uav1.mavros_node]: Starting mavros_node container
[INFO] [1790597956.461682011] [uav1.mavros_node]: FCU URL: udp://:14540@127.0.0.1:14580
[INFO] [1790597956.461712649] [uav1.mavros_node]: GCS URL: 
[INFO] [1790597956.461718360] [uav1.mavros_node]: UAS Prefix: /uas1
[INFO] [1790597956.461723834] [uav1.mavros_node]: Starting mavros router node
[INFO] [1790597956.506720017] [uav1.mavros_router]: Built-in SIMD instructions: SSE, SSE2
[INFO] [1790597956.506777472] [uav1.mavros_router]: Built-in MAVLink package version: 2026.8.8
[INFO] [1790597956.506788532] [uav1.mavros_router]: Known MAVLink dialects: common ardupilotmega ASLUAV AVSSUAS all csAirLink cubepilot development icarous loweheiser marsh paparazzi standard stemstudios storm32 uAvionix ualberta
[INFO] [1790597956.506795954] [uav1.mavros_router]: MAVROS Router started
[INFO] [1790597956.507039921] [uav1.mavros_node]: Starting mavros uas node
[INFO] [1790597956.681877561] [uav1.mavros_router]: Requested to add endpoint: type: 0, url: udp://:14540@127.0.0.1:14580
[INFO] [1790597956.681932627] [uav1.mavros_router]: Endpoint link[1000] created
[INFO] [1790597956.682173561] [uav1.mavros_router]: link[1000] opened successfully
[INFO] [1790597956.682185410] [uav1.mavros_router]: Requested to add endpoint: type: 2, url: /uas1
[INFO] [1790597956.682196285] [uav1.mavros_router]: Endpoint link[1001] created
[INFO] [1790597956.686347045] [uav1.mavros_router]: link[1000] detected remote address 1.1
[INFO] [1790597956.700728989] [uav1.mavros]: UAS Executor started, threads: 4
[INFO] [1790597956.700734910] [uav1.mavros]: Plugin actuator_control ignored
[INFO] [1790597956.702308359] [uav1.mavros]: Plugin altitude ignored
[INFO] [1790597956.784707746] [uav1.mavros_router]: link[1001] opened successfully
[INFO] [1790597957.077786647] [uav1.mavros]: Plugin command created
[INFO] [1790597957.077875405] [uav1.mavros]: Plugin command initialized
[INFO] [1790597957.077888688] [uav1.mavros]: Plugin ftp ignored
[INFO] [1790597957.077895500] [uav1.mavros]: Plugin geofence ignored
[INFO] [1790597957.342259240] [uav1.mavros]: Plugin global_position created
[INFO] [1790597957.342315783] [uav1.mavros]: Plugin global_position initialized
[INFO] [1790597957.342326105] [uav1.mavros]: Plugin home_position ignored
[INFO] [1790597957.342332058] [uav1.mavros]: Plugin imu ignored
[INFO] [1790597957.581579801] [uav1.mavros]: Plugin local_position created
[INFO] [1790597957.584446985] [uav1.mavros]: Plugin local_position initialized
[INFO] [1790597957.584462218] [uav1.mavros]: Plugin manual_control ignored
[INFO] [1790597957.584689095] [uav1.mavros]: Plugin nav_controller_output ignored
[INFO] [1790597957.584717368] [uav1.mavros]: Plugin param ignored
[INFO] [1790597957.584723864] [uav1.mavros]: Plugin rallypoint ignored
[INFO] [1790597957.584741121] [uav1.mavros]: Plugin rc_io ignored
[INFO] [1790597957.584749503] [uav1.mavros]: Plugin setpoint_accel ignored
[INFO] [1790597957.584758736] [uav1.mavros]: Plugin setpoint_attitude ignored
[INFO] [1790597957.584856760] [uav1.mavros]: Plugin setpoint_position ignored
[INFO] [1790597957.584867864] [uav1.mavros]: Plugin setpoint_raw ignored
[INFO] [1790597957.584873746] [uav1.mavros]: Plugin setpoint_trajectory ignored
[INFO] [1790597957.718067271] [uav1.mavros]: Plugin setpoint_velocity created
[INFO] [1790597957.718133356] [uav1.mavros]: Plugin setpoint_velocity initialized
[INFO] [1790597958.051216015] [uav1.mavros]: Plugin sys_status created
[INFO] [1790597958.051311240] [uav1.mavros]: Plugin sys_status initialized
[INFO] [1790597958.301474865] [uav1.mavros.time]: TM: Timesync mode: MAVLINK
[INFO] [1790597958.343942930] [uav1.mavros]: Plugin sys_time created
[INFO] [1790597958.351832629] [uav1.mavros]: Plugin sys_time initialized
[INFO] [1790597958.351877451] [uav1.mavros]: Plugin waypoint ignored
[INFO] [1790597958.351884862] [uav1.mavros]: Plugin wind_estimation ignored
[INFO] [1790597958.389213237] [uav1.mavros]: Built-in SIMD instructions: SSE, SSE2
[INFO] [1790597958.389260728] [uav1.mavros]: Built-in MAVLink package version: 2026.8.8
[INFO] [1790597958.389294228] [uav1.mavros]: Known MAVLink dialects: common ardupilotmega ASLUAV AVSSUAS all csAirLink cubepilot development icarous loweheiser marsh paparazzi standard stemstudios storm32 uAvionix ualberta
[INFO] [1790597958.389303947] [uav1.mavros]: MAVROS UAS via /uas1 started. MY ID 1.191, TARGET ID 1.1
[INFO] [1790597958.453718282] [uav1.mavros_router]: link[1001] detected remote address 1.191
[INFO] [1790597958.562663863] [uav1.mavros]: CON: Got HEARTBEAT, connected. FCU: PX4 Autopilot
[INFO] [1790597959.607259184] [uav1.mavros.sys]: VER: 1.1: Capabilities         0x000000000000e8ff
[INFO] [1790597959.607329033] [uav1.mavros.sys]: VER: 1.1: Flight software:     011200c0 (fca3df865a000000)
[INFO] [1790597959.607339907] [uav1.mavros.sys]: VER: 1.1: Middleware software: 011200c0 (fca3df865a000000)
[INFO] [1790597959.607346430] [uav1.mavros.sys]: VER: 1.1: OS software:         070000ff (17040b9f87cb1791)
[INFO] [1790597959.607352244] [uav1.mavros.sys]: VER: 1.1: Board hardware:      00000001
[INFO] [1790597959.607357762] [uav1.mavros.sys]: VER: 1.1: VID/PID:             0000:0000
[INFO] [1790597959.607363620] [uav1.mavros.sys]: VER: 1.1: UID:                 4954414c44494e4f
[WARN] [1790597959.613704692] [uav1.mavros.cmd]: CMD: Unexpected command 512, result 0
[WARN] [1790597968.437125712] [uav1.mavros.sys]: FCU: UNK(8): EVENT 11047904 with args -0-0-0-0-0-128-0-0-0-176-122-127-128-176-122-127-128-0-0-0-0-0-0-0-0-0-0-0-0-0-0-0-0-0-0-0-0-0-0-0-
[INFO] [1790597968.437238834] [uav1.mavros.sys]: FCU: EVENT 377561 with args -8-0-0-0-20-0-0-0-0-0-0-0-0-0-0-0-0-0-0-0-0-0-0-0-0-0-0-0-0-0-0-0-0-0-0-0-0-0-0-0-
[WARN] [1790597968.437301082] [uav1.mavros.sys]: FCU: EVENT 453929 with args -255-255-255-255-7-0-0-0-0-0-0-0-0-0-0-0-0-0-0-0-0-0-0-0-0-0-0-0-0-0-0-0-0-0-0-0-0-0-0-0-
[INFO] [1790597968.437340356] [uav1.mavros.sys]: FCU: EVENT 6801787 with args -255-255-255-255-12-0-0-0-0-0-0-0-0-0-0-0-0-0-0-0-0-0-0-0-0-0-0-0-0-0-0-0-0-0-0-0-0-0-0-0-
[WARN] [1790597968.437376008] [uav1.mavros.sys]: FCU: UNK(8): EVENT 1914663 with args -0-10-13-2-56-0-0-0-0-0-0-0-0-0-0-0-0-0-0-0-0-0-0-0-0-0-0-0-0-0-0-0-0-0-0-0-0-0-0-0-
[WARN] [1790597971.638299731] [uav1.mavros.cmd]: CMD: Unexpected command 176, result 0
[INFO] [1790597971.979222172] [uav1.mavros.sys]: FCU: EVENT 9489139 with args -4-0-0-0-0-0-0-0-0-0-0-0-0-0-0-0-0-0-0-0-0-0-0-0-0-0-0-0-0-0-0-0-0-0-0-0-0-0-0-0-
[INFO] [1790597973.954254536] [uav1.mavros.sys]: FCU: EVENT 4277609 with args -0-0-0-0-0-0-0-0-0-0-0-0-0-0-0-0-0-0-0-0-0-0-0-0-0-0-0-0-0-0-0-0-0-0-0-0-0-0-0-0-
[WARN] [1790598224.229302658] [uav1.mavros.cmd]: CMD: Unexpected command 176, result 0
[INFO] [1790598263.471898830] [uav1.mavros.sys]: FCU: EVENT 9844908 with args -0-0-0-0-0-0-0-0-0-0-0-0-0-0-0-0-0-0-0-0-0-0-0-0-0-0-0-0-0-0-0-0-0-0-0-0-0-0-0-0-
[INFO] [1790598265.567300893] [uav1.mavros.sys]: FCU: EVENT 16017271 with args -6-0-0-0-0-0-0-0-0-0-0-0-0-0-0-0-0-0-0-0-0-0-0-0-0-0-0-0-0-0-0-0-0-0-0-0-0-0-0-0-
[INFO] [1790598268.452157948] [rclcpp]: signal_handler(SIGINT/SIGTERM)
[WARN] [1790598268.453429386] [uav1.mavros]: UAS Executor terminated
