[INFO] [1790581787.860209837] [uav10.mavros_node]: Starting mavros_node container
[INFO] [1790581787.860343414] [uav10.mavros_node]: FCU URL: udp://:14549@127.0.0.1:14589
[INFO] [1790581787.860356551] [uav10.mavros_node]: GCS URL: 
[INFO] [1790581787.860362387] [uav10.mavros_node]: UAS Prefix: /uas10
[INFO] [1790581787.860368130] [uav10.mavros_node]: Starting mavros router node
[INFO] [1790581788.056178994] [uav10.mavros_router]: Built-in SIMD instructions: SSE, SSE2
[INFO] [1790581788.056222889] [uav10.mavros_router]: Built-in MAVLink package version: 2026.8.8
[INFO] [1790581788.056233456] [uav10.mavros_router]: Known MAVLink dialects: common ardupilotmega ASLUAV AVSSUAS all csAirLink cubepilot development icarous loweheiser marsh paparazzi standard stemstudios storm32 uAvionix ualberta
[INFO] [1790581788.056240860] [uav10.mavros_router]: MAVROS Router started
[INFO] [1790581788.056506326] [uav10.mavros_node]: Starting mavros uas node
[INFO] [1790581788.167660937] [uav10.mavros_router]: Requested to add endpoint: type: 0, url: udp://:14549@127.0.0.1:14589
[INFO] [1790581788.167738688] [uav10.mavros_router]: Endpoint link[1000] created
[INFO] [1790581788.174570168] [uav10.mavros_router]: link[1000] opened successfully
[INFO] [1790581788.174634323] [uav10.mavros_router]: Requested to add endpoint: type: 2, url: /uas10
[INFO] [1790581788.174660407] [uav10.mavros_router]: Endpoint link[1001] created
[INFO] [1790581788.179270683] [uav10.mavros_router]: link[1000] detected remote address 10.1
[INFO] [1790581788.184332578] [uav10.mavros_router]: link[1001] opened successfully
[INFO] [1790581788.184975567] [uav10.mavros]: Plugin actuator_control ignored
[INFO] [1790581788.185226602] [uav10.mavros]: Plugin altitude ignored
[INFO] [1790581788.185108248] [uav10.mavros]: UAS Executor started, threads: 4
[INFO] [1790581788.558210455] [uav10.mavros]: Plugin command created
[INFO] [1790581788.558346333] [uav10.mavros]: Plugin command initialized
[INFO] [1790581788.558361489] [uav10.mavros]: Plugin ftp ignored
[INFO] [1790581788.558520408] [uav10.mavros]: Plugin geofence ignored
[INFO] [1790581788.820894797] [uav10.mavros]: Plugin global_position created
[INFO] [1790581788.820991415] [uav10.mavros]: Plugin global_position initialized
[INFO] [1790581788.821004311] [uav10.mavros]: Plugin home_position ignored
[INFO] [1790581788.821011888] [uav10.mavros]: Plugin imu ignored
[INFO] [1790581789.060064626] [uav10.mavros]: Plugin local_position created
[INFO] [1790581789.060130226] [uav10.mavros]: Plugin local_position initialized
[INFO] [1790581789.060140438] [uav10.mavros]: Plugin manual_control ignored
[INFO] [1790581789.060145972] [uav10.mavros]: Plugin nav_controller_output ignored
[INFO] [1790581789.060151312] [uav10.mavros]: Plugin param ignored
[INFO] [1790581789.060156712] [uav10.mavros]: Plugin rallypoint ignored
[INFO] [1790581789.060161676] [uav10.mavros]: Plugin rc_io ignored
[INFO] [1790581789.060167142] [uav10.mavros]: Plugin setpoint_accel ignored
[INFO] [1790581789.060172677] [uav10.mavros]: Plugin setpoint_attitude ignored
[INFO] [1790581789.060178377] [uav10.mavros]: Plugin setpoint_position ignored
[INFO] [1790581789.060183781] [uav10.mavros]: Plugin setpoint_raw ignored
[INFO] [1790581789.060189249] [uav10.mavros]: Plugin setpoint_trajectory ignored
[INFO] [1790581789.394961747] [uav10.mavros]: Plugin setpoint_velocity created
[INFO] [1790581789.395028549] [uav10.mavros]: Plugin setpoint_velocity initialized
[INFO] [1790581789.574512638] [uav10.mavros]: Plugin sys_status created
[INFO] [1790581789.576724258] [uav10.mavros]: Plugin sys_status initialized
[INFO] [1790581789.855512268] [uav10.mavros.time]: TM: Timesync mode: MAVLINK
[INFO] [1790581789.911285480] [uav10.mavros]: Plugin sys_time created
[INFO] [1790581789.911355304] [uav10.mavros]: Plugin sys_time initialized
[INFO] [1790581789.911367950] [uav10.mavros]: Plugin waypoint ignored
[INFO] [1790581789.911374295] [uav10.mavros]: Plugin wind_estimation ignored
[INFO] [1790581789.934854590] [uav10.mavros]: Built-in SIMD instructions: SSE, SSE2
[INFO] [1790581789.934892948] [uav10.mavros]: Built-in MAVLink package version: 2026.8.8
[INFO] [1790581789.934924777] [uav10.mavros]: Known MAVLink dialects: common ardupilotmega ASLUAV AVSSUAS all csAirLink cubepilot development icarous loweheiser marsh paparazzi standard stemstudios storm32 uAvionix ualberta
[INFO] [1790581789.934932197] [uav10.mavros]: MAVROS UAS via /uas10 started. MY ID 10.191, TARGET ID 10.1
[INFO] [1790581790.002337269] [uav10.mavros_router]: link[1001] detected remote address 10.191
[INFO] [1790581790.122332836] [uav10.mavros]: CON: Got HEARTBEAT, connected. FCU: PX4 Autopilot
[INFO] [1790581791.146186499] [uav10.mavros.sys]: VER: 10.1: Capabilities         0x000000000000e8ff
[INFO] [1790581791.146259769] [uav10.mavros.sys]: VER: 10.1: Flight software:     011200c0 (fca3df865a000000)
[INFO] [1790581791.146268253] [uav10.mavros.sys]: VER: 10.1: Middleware software: 011200c0 (fca3df865a000000)
[INFO] [1790581791.146273778] [uav10.mavros.sys]: VER: 10.1: OS software:         070000ff (17040b9f87cb1791)
[INFO] [1790581791.146278842] [uav10.mavros.sys]: VER: 10.1: Board hardware:      00000001
[INFO] [1790581791.146283895] [uav10.mavros.sys]: VER: 10.1: VID/PID:             0000:0000
[INFO] [1790581791.146288869] [uav10.mavros.sys]: VER: 10.1: UID:                 4954414c44494e58
[WARN] [1790581791.149915558] [uav10.mavros.cmd]: CMD: Unexpected command 512, result 0
[WARN] [1790581791.195750007] [uav10.mavros.sys]: FCU: UNK(8): EVENT 11047904 with args -0-0-0-16-0-128-0-0-0-176-58-127-128-176-58-127-128-0-0-0-0-0-0-0-0-0-0-0-0-0-0-0-0-0-0-0-0-0-0-0-
[ERROR] [1790581791.196665987] [uav10.mavros.sys]: FCU: EVENT 11464574 with args -0-64-0-0-20-0-0-0-0-0-0-0-0-0-0-0-0-0-0-0-0-0-0-0-0-0-0-0-0-0-0-0-0-0-0-0-0-0-0-0-
[INFO] [1790581791.197637162] [uav10.mavros.sys]: FCU: EVENT 377561 with args -8-0-0-0-20-0-0-0-0-0-0-0-0-0-0-0-0-0-0-0-0-0-0-0-0-0-0-0-0-0-0-0-0-0-0-0-0-0-0-0-
[WARN] [1790581791.197692764] [uav10.mavros.sys]: FCU: EVENT 453929 with args -255-255-255-255-7-0-0-0-0-0-0-0-0-0-0-0-0-0-0-0-0-0-0-0-0-0-0-0-0-0-0-0-0-0-0-0-0-0-0-0-
[INFO] [1790581791.197733247] [uav10.mavros.sys]: FCU: EVENT 6801787 with args -255-255-255-255-12-0-0-0-0-0-0-0-0-0-0-0-0-0-0-0-0-0-0-0-0-0-0-0-0-0-0-0-0-0-0-0-0-0-0-0-
[WARN] [1790581791.197771968] [uav10.mavros.sys]: FCU: UNK(8): EVENT 1914663 with args -0-10-13-2-56-0-0-0-0-0-0-0-0-0-0-0-0-0-0-0-0-0-0-0-0-0-0-0-0-0-0-0-0-0-0-0-0-0-0-0-
[WARN] [1790581799.715388692] [uav10.mavros.sys]: FCU: UNK(8): EVENT 11047904 with args -0-0-0-0-0-128-0-0-0-176-122-127-128-176-122-127-128-0-0-0-0-0-0-0-0-0-0-0-0-0-0-0-0-0-0-0-0-0-0-0-
[INFO] [1790581799.718140231] [uav10.mavros.sys]: FCU: EVENT 377561 with args -8-0-0-0-20-0-0-0-0-0-0-0-0-0-0-0-0-0-0-0-0-0-0-0-0-0-0-0-0-0-0-0-0-0-0-0-0-0-0-0-
[WARN] [1790581799.723349749] [uav10.mavros.sys]: FCU: EVENT 453929 with args -255-255-255-255-7-0-0-0-0-0-0-0-0-0-0-0-0-0-0-0-0-0-0-0-0-0-0-0-0-0-0-0-0-0-0-0-0-0-0-0-
[INFO] [1790581799.724127826] [uav10.mavros.sys]: FCU: EVENT 6801787 with args -255-255-255-255-12-0-0-0-0-0-0-0-0-0-0-0-0-0-0-0-0-0-0-0-0-0-0-0-0-0-0-0-0-0-0-0-0-0-0-0-
[WARN] [1790581799.724548983] [uav10.mavros.sys]: FCU: UNK(8): EVENT 1914663 with args -0-10-13-2-56-0-0-0-0-0-0-0-0-0-0-0-0-0-0-0-0-0-0-0-0-0-0-0-0-0-0-0-0-0-0-0-0-0-0-0-
[WARN] [1790581806.258159105] [uav10.mavros.cmd]: CMD: Unexpected command 176, result 0
[INFO] [1790581807.093759647] [uav10.mavros.sys]: FCU: EVENT 9489139 with args -4-0-0-0-0-0-0-0-0-0-0-0-0-0-0-0-0-0-0-0-0-0-0-0-0-0-0-0-0-0-0-0-0-0-0-0-0-0-0-0-
[INFO] [1790581809.242328610] [uav10.mavros.sys]: FCU: EVENT 4277609 with args -0-0-0-0-0-0-0-0-0-0-0-0-0-0-0-0-0-0-0-0-0-0-0-0-0-0-0-0-0-0-0-0-0-0-0-0-0-0-0-0-
[WARN] [1790582077.130065910] [uav10.mavros.cmd]: CMD: Unexpected command 176, result 0
[INFO] [1790582114.277164562] [uav10.mavros.sys]: FCU: EVENT 9844908 with args -0-0-0-0-0-0-0-0-0-0-0-0-0-0-0-0-0-0-0-0-0-0-0-0-0-0-0-0-0-0-0-0-0-0-0-0-0-0-0-0-
[INFO] [1790582116.484315072] [uav10.mavros.sys]: FCU: EVENT 16017271 with args -6-0-0-0-0-0-0-0-0-0-0-0-0-0-0-0-0-0-0-0-0-0-0-0-0-0-0-0-0-0-0-0-0-0-0-0-0-0-0-0-
[INFO] [1790582120.346212409] [rclcpp]: signal_handler(SIGINT/SIGTERM)
[WARN] [1790582120.347041641] [uav10.mavros]: UAS Executor terminated
