[INFO] [1790496692.754185396] [uav6.mavros_node]: Starting mavros_node container
[INFO] [1790496692.756835589] [uav6.mavros_node]: FCU URL: udp://:14545@127.0.0.1:14585
[INFO] [1790496692.757663646] [uav6.mavros_node]: GCS URL: 
[INFO] [1790496692.758012727] [uav6.mavros_node]: UAS Prefix: /uas6
[INFO] [1790496692.758177911] [uav6.mavros_node]: Starting mavros router node
[INFO] [1790496692.800492567] [uav6.mavros_router]: Built-in SIMD instructions: SSE, SSE2
[INFO] [1790496692.801169891] [uav6.mavros_router]: Built-in MAVLink package version: 2026.8.8
[INFO] [1790496692.801242212] [uav6.mavros_router]: Known MAVLink dialects: common ardupilotmega ASLUAV AVSSUAS all csAirLink cubepilot development icarous loweheiser marsh paparazzi standard stemstudios storm32 uAvionix ualberta
[INFO] [1790496692.801309221] [uav6.mavros_router]: MAVROS Router started
[INFO] [1790496692.801961724] [uav6.mavros_node]: Starting mavros uas node
[INFO] [1790496693.291246190] [uav6.mavros]: UAS Executor started, threads: 4
[INFO] [1790496693.292651718] [uav6.mavros]: Plugin actuator_control ignored
[INFO] [1790496693.292973051] [uav6.mavros]: Plugin altitude ignored
[INFO] [1790496693.292071462] [uav6.mavros_router]: Requested to add endpoint: type: 0, url: udp://:14545@127.0.0.1:14585
[INFO] [1790496693.294104401] [uav6.mavros_router]: Endpoint link[1000] created
[INFO] [1790496693.294610610] [uav6.mavros_router]: link[1000] opened successfully
[INFO] [1790496693.294638928] [uav6.mavros_router]: Requested to add endpoint: type: 2, url: /uas6
[INFO] [1790496693.295817619] [uav6.mavros_router]: Endpoint link[1001] created
[INFO] [1790496693.302185092] [uav6.mavros_router]: link[1000] detected remote address 6.1
[INFO] [1790496693.400675297] [uav6.mavros_router]: link[1001] opened successfully
[INFO] [1790496693.675042497] [uav6.mavros]: Plugin command created
[INFO] [1790496693.675177775] [uav6.mavros]: Plugin command initialized
[INFO] [1790496693.675213319] [uav6.mavros]: Plugin ftp ignored
[INFO] [1790496693.675231895] [uav6.mavros]: Plugin geofence ignored
[INFO] [1790496695.005137337] [uav6.mavros]: Plugin global_position created
[INFO] [1790496695.005915320] [uav6.mavros]: Plugin global_position initialized
[INFO] [1790496695.010380261] [uav6.mavros]: Plugin home_position ignored
[INFO] [1790496695.017348026] [uav6.mavros]: Plugin imu ignored
[INFO] [1790496696.180424811] [uav6.mavros]: Plugin local_position created
[INFO] [1790496696.180544283] [uav6.mavros]: Plugin local_position initialized
[INFO] [1790496696.180573294] [uav6.mavros]: Plugin manual_control ignored
[INFO] [1790496696.185007224] [uav6.mavros]: Plugin nav_controller_output ignored
[INFO] [1790496696.185056357] [uav6.mavros]: Plugin param ignored
[INFO] [1790496696.185075396] [uav6.mavros]: Plugin rallypoint ignored
[INFO] [1790496696.185091093] [uav6.mavros]: Plugin rc_io ignored
[INFO] [1790496696.185106009] [uav6.mavros]: Plugin setpoint_accel ignored
[INFO] [1790496696.185120792] [uav6.mavros]: Plugin setpoint_attitude ignored
[INFO] [1790496696.185136632] [uav6.mavros]: Plugin setpoint_position ignored
[INFO] [1790496696.185152391] [uav6.mavros]: Plugin setpoint_raw ignored
[INFO] [1790496696.185167970] [uav6.mavros]: Plugin setpoint_trajectory ignored
[INFO] [1790496697.132604656] [uav6.mavros]: Plugin setpoint_velocity created
[INFO] [1790496697.193098296] [uav6.mavros]: Plugin setpoint_velocity initialized
[INFO] [1790496697.866004968] [uav6.mavros]: Plugin sys_status created
[INFO] [1790496697.866169406] [uav6.mavros]: Plugin sys_status initialized
[INFO] [1790496698.824714871] [uav6.mavros.time]: TM: Timesync mode: MAVLINK
[INFO] [1790496699.120925384] [uav6.mavros]: Plugin sys_time created
[INFO] [1790496699.121029312] [uav6.mavros]: Plugin sys_time initialized
[INFO] [1790496699.121060846] [uav6.mavros]: Plugin waypoint ignored
[INFO] [1790496699.121086463] [uav6.mavros]: Plugin wind_estimation ignored
[INFO] [1790496699.510695334] [uav6.mavros]: Built-in SIMD instructions: SSE, SSE2
[INFO] [1790496699.511946066] [uav6.mavros]: Built-in MAVLink package version: 2026.8.8
[INFO] [1790496699.511990536] [uav6.mavros]: Known MAVLink dialects: common ardupilotmega ASLUAV AVSSUAS all csAirLink cubepilot development icarous loweheiser marsh paparazzi standard stemstudios storm32 uAvionix ualberta
[INFO] [1790496699.512011956] [uav6.mavros]: MAVROS UAS via /uas6 started. MY ID 6.191, TARGET ID 6.1
[INFO] [1790496699.600697935] [uav6.mavros_router]: link[1001] detected remote address 6.191
[INFO] [1790496699.887997452] [uav6.mavros.sys]: VER: 6.1: Capabilities         0x000000000000e8ff
[INFO] [1790496699.888123910] [uav6.mavros.sys]: VER: 6.1: Flight software:     011200c0 (fca3df865a000000)
[INFO] [1790496699.888145804] [uav6.mavros.sys]: VER: 6.1: Middleware software: 011200c0 (fca3df865a000000)
[INFO] [1790496699.888159991] [uav6.mavros.sys]: VER: 6.1: OS software:         070000ff (17040b9f87cb1791)
[INFO] [1790496699.888173585] [uav6.mavros.sys]: VER: 6.1: Board hardware:      00000001
[INFO] [1790496699.888187691] [uav6.mavros.sys]: VER: 6.1: VID/PID:             0000:0000
[INFO] [1790496699.888200710] [uav6.mavros.sys]: VER: 6.1: UID:                 4954414c44494e54
[WARN] [1790496699.891731890] [uav6.mavros.cmd]: CMD: Unexpected command 512, result 0
[WARN] [1790496699.896385894] [uav6.mavros.sys]: VER: broadcast request timeout, retries left 4
[INFO] [1790496700.195010884] [uav6.mavros]: CON: Got HEARTBEAT, connected. FCU: PX4 Autopilot
[INFO] [1790496701.495753046] [uav6.mavros.sys]: VER: 6.1: Capabilities         0x000000000000e8ff
[INFO] [1790496701.495870534] [uav6.mavros.sys]: VER: 6.1: Flight software:     011200c0 (fca3df865a000000)
[INFO] [1790496701.495897661] [uav6.mavros.sys]: VER: 6.1: Middleware software: 011200c0 (fca3df865a000000)
[INFO] [1790496701.495913350] [uav6.mavros.sys]: VER: 6.1: OS software:         070000ff (17040b9f87cb1791)
[INFO] [1790496701.495927735] [uav6.mavros.sys]: VER: 6.1: Board hardware:      00000001
[INFO] [1790496701.495941751] [uav6.mavros.sys]: VER: 6.1: VID/PID:             0000:0000
[INFO] [1790496701.495956235] [uav6.mavros.sys]: VER: 6.1: UID:                 4954414c44494e54
[WARN] [1790496743.329186744] [uav6.mavros.sys]: FCU: UNK(8): EVENT 11047904 with args -0-0-0-0-0-128-0-0-0-176-122-127-128-176-122-127-128-0-0-0-0-0-0-0-0-0-0-0-0-0-0-0-0-0-0-0-0-0-0-0-
[INFO] [1790496743.333127046] [uav6.mavros.sys]: FCU: EVENT 377561 with args -8-0-0-0-20-0-0-0-0-0-0-0-0-0-0-0-0-0-0-0-0-0-0-0-0-0-0-0-0-0-0-0-0-0-0-0-0-0-0-0-
[WARN] [1790496743.339943545] [uav6.mavros.sys]: FCU: EVENT 453929 with args -255-255-255-255-7-0-0-0-0-0-0-0-0-0-0-0-0-0-0-0-0-0-0-0-0-0-0-0-0-0-0-0-0-0-0-0-0-0-0-0-
[INFO] [1790496743.343991907] [uav6.mavros.sys]: FCU: EVENT 6801787 with args -255-255-255-255-12-0-0-0-0-0-0-0-0-0-0-0-0-0-0-0-0-0-0-0-0-0-0-0-0-0-0-0-0-0-0-0-0-0-0-0-
[WARN] [1790496743.344123724] [uav6.mavros.sys]: FCU: UNK(8): EVENT 1914663 with args -0-10-13-2-56-0-0-0-0-0-0-0-0-0-0-0-0-0-0-0-0-0-0-0-0-0-0-0-0-0-0-0-0-0-0-0-0-0-0-0-
[ERROR] [1790496745.053510155] [uav6.mavros.sys]: SYS: set_message_interval service timeout
[ERROR] [1790496745.053639006] [uav6.mavros.sys]: SYS: command plugin service call failed!
[WARN] [1790496752.231888000] [uav6.mavros.cmd]: CMD: Unexpected command 176, result 0
[INFO] [1790496753.039727292] [uav6.mavros.sys]: FCU: EVENT 9489139 with args -4-0-0-0-0-0-0-0-0-0-0-0-0-0-0-0-0-0-0-0-0-0-0-0-0-0-0-0-0-0-0-0-0-0-0-0-0-0-0-0-
[INFO] [1790496755.815155710] [uav6.mavros.sys]: FCU: EVENT 4277609 with args -0-0-0-0-0-0-0-0-0-0-0-0-0-0-0-0-0-0-0-0-0-0-0-0-0-0-0-0-0-0-0-0-0-0-0-0-0-0-0-0-
[WARN] [1790497088.473447287] [uav6.mavros.cmd]: CMD: Unexpected command 176, result 0
[INFO] [1790497129.179082566] [uav6.mavros.sys]: FCU: EVENT 9844908 with args -0-0-0-0-0-0-0-0-0-0-0-0-0-0-0-0-0-0-0-0-0-0-0-0-0-0-0-0-0-0-0-0-0-0-0-0-0-0-0-0-
[INFO] [1790497132.039632707] [uav6.mavros.sys]: FCU: EVENT 16017271 with args -6-0-0-0-0-0-0-0-0-0-0-0-0-0-0-0-0-0-0-0-0-0-0-0-0-0-0-0-0-0-0-0-0-0-0-0-0-0-0-0-
[WARN] [1790497136.631593819] [uav6.mavros.sys]: FCU: UNK(8): EVENT 11047904 with args -0-0-0-0-0-128-0-0-0-176-122-127-128-176-122-127-128-0-0-0-0-0-0-0-0-0-0-0-0-0-0-0-0-0-0-0-0-0-0-0-
[INFO] [1790497136.632174190] [uav6.mavros.sys]: FCU: EVENT 377561 with args -8-0-0-0-20-0-0-0-0-0-0-0-0-0-0-0-0-0-0-0-0-0-0-0-0-0-0-0-0-0-0-0-0-0-0-0-0-0-0-0-
[WARN] [1790497136.642277800] [uav6.mavros.sys]: FCU: EVENT 453929 with args -255-255-255-255-7-0-0-0-0-0-0-0-0-0-0-0-0-0-0-0-0-0-0-0-0-0-0-0-0-0-0-0-0-0-0-0-0-0-0-0-
[INFO] [1790497136.642812978] [uav6.mavros.sys]: FCU: EVENT 6801787 with args -255-255-255-255-12-0-0-0-0-0-0-0-0-0-0-0-0-0-0-0-0-0-0-0-0-0-0-0-0-0-0-0-0-0-0-0-0-0-0-0-
[WARN] [1790497136.643014405] [uav6.mavros.sys]: FCU: UNK(8): EVENT 1914663 with args -0-10-9-2-56-0-0-0-0-0-0-0-0-0-0-0-0-0-0-0-0-0-0-0-0-0-0-0-0-0-0-0-0-0-0-0-0-0-0-0-
[WARN] [1790497143.688218747] [uav6.mavros.sys]: FCU: UNK(8): EVENT 11047904 with args -0-0-0-16-0-128-0-0-0-176-58-127-128-176-58-127-128-0-0-0-0-0-0-0-0-0-0-0-0-0-0-0-0-0-0-0-0-0-0-0-
[ERROR] [1790497143.688431663] [uav6.mavros.sys]: FCU: EVENT 11464574 with args -0-64-0-0-20-0-0-0-0-0-0-0-0-0-0-0-0-0-0-0-0-0-0-0-0-0-0-0-0-0-0-0-0-0-0-0-0-0-0-0-
[INFO] [1790497143.691069251] [uav6.mavros.sys]: FCU: EVENT 377561 with args -8-0-0-0-20-0-0-0-0-0-0-0-0-0-0-0-0-0-0-0-0-0-0-0-0-0-0-0-0-0-0-0-0-0-0-0-0-0-0-0-
[WARN] [1790497143.696078542] [uav6.mavros.sys]: FCU: EVENT 453929 with args -255-255-255-255-7-0-0-0-0-0-0-0-0-0-0-0-0-0-0-0-0-0-0-0-0-0-0-0-0-0-0-0-0-0-0-0-0-0-0-0-
[INFO] [1790497143.698066911] [uav6.mavros.sys]: FCU: EVENT 6801787 with args -255-255-255-255-12-0-0-0-0-0-0-0-0-0-0-0-0-0-0-0-0-0-0-0-0-0-0-0-0-0-0-0-0-0-0-0-0-0-0-0-
[WARN] [1790497143.698318115] [uav6.mavros.sys]: FCU: UNK(8): EVENT 1914663 with args -0-10-9-2-56-0-0-0-0-0-0-0-0-0-0-0-0-0-0-0-0-0-0-0-0-0-0-0-0-0-0-0-0-0-0-0-0-0-0-0-
[WARN] [1790497143.703004787] [uav6.mavros.sys]: FCU: EVENT 13277401 with args -0-0-6-0-0-0-0-0-0-0-0-0-0-0-0-0-0-0-0-0-0-0-0-0-0-0-0-0-0-0-0-0-0-0-0-0-0-0-0-0-
[INFO] [1790497143.880370556] [rclcpp]: signal_handler(SIGINT/SIGTERM)
[WARN] [1790497143.904093972] [uav6.mavros]: UAS Executor terminated
