[INFO] [1790496693.062142794] [uav5.mavros_node]: Starting mavros_node container
[INFO] [1790496693.062378591] [uav5.mavros_node]: FCU URL: udp://:14544@127.0.0.1:14584
[INFO] [1790496693.062405488] [uav5.mavros_node]: GCS URL: 
[INFO] [1790496693.062419918] [uav5.mavros_node]: UAS Prefix: /uas5
[INFO] [1790496693.062432961] [uav5.mavros_node]: Starting mavros router node
[INFO] [1790496693.500217723] [uav5.mavros_router]: Built-in SIMD instructions: SSE, SSE2
[INFO] [1790496693.501776008] [uav5.mavros_router]: Built-in MAVLink package version: 2026.8.8
[INFO] [1790496693.502695819] [uav5.mavros_router]: Known MAVLink dialects: common ardupilotmega ASLUAV AVSSUAS all csAirLink cubepilot development icarous loweheiser marsh paparazzi standard stemstudios storm32 uAvionix ualberta
[INFO] [1790496693.502745084] [uav5.mavros_router]: MAVROS Router started
[INFO] [1790496693.510190563] [uav5.mavros_node]: Starting mavros uas node
[INFO] [1790496693.944815987] [uav5.mavros_router]: Requested to add endpoint: type: 0, url: udp://:14544@127.0.0.1:14584
[INFO] [1790496693.945122417] [uav5.mavros_router]: Endpoint link[1000] created
[INFO] [1790496693.945840373] [uav5.mavros_router]: link[1000] opened successfully
[INFO] [1790496693.945931861] [uav5.mavros_router]: Requested to add endpoint: type: 2, url: /uas5
[INFO] [1790496693.945995251] [uav5.mavros_router]: Endpoint link[1001] created
[INFO] [1790496693.953001538] [uav5.mavros_router]: link[1000] detected remote address 5.1
[INFO] [1790496693.972556149] [uav5.mavros]: Plugin actuator_control ignored
[INFO] [1790496693.981053697] [uav5.mavros]: Plugin altitude ignored
[INFO] [1790496693.974736329] [uav5.mavros]: UAS Executor started, threads: 4
[INFO] [1790496693.986330449] [uav5.mavros_router]: link[1001] opened successfully
[INFO] [1790496695.232749721] [uav5.mavros]: Plugin command created
[INFO] [1790496695.241455763] [uav5.mavros]: Plugin command initialized
[INFO] [1790496695.241558353] [uav5.mavros]: Plugin ftp ignored
[INFO] [1790496695.241577038] [uav5.mavros]: Plugin geofence ignored
[INFO] [1790496696.463300260] [uav5.mavros]: Plugin global_position created
[INFO] [1790496696.463461645] [uav5.mavros]: Plugin global_position initialized
[INFO] [1790496696.463498198] [uav5.mavros]: Plugin home_position ignored
[INFO] [1790496696.463517763] [uav5.mavros]: Plugin imu ignored
[INFO] [1790496697.740122684] [uav5.mavros]: Plugin local_position created
[INFO] [1790496697.740247140] [uav5.mavros]: Plugin local_position initialized
[INFO] [1790496697.740278168] [uav5.mavros]: Plugin manual_control ignored
[INFO] [1790496697.740295956] [uav5.mavros]: Plugin nav_controller_output ignored
[INFO] [1790496697.740313394] [uav5.mavros]: Plugin param ignored
[INFO] [1790496697.740329007] [uav5.mavros]: Plugin rallypoint ignored
[INFO] [1790496697.740344129] [uav5.mavros]: Plugin rc_io ignored
[INFO] [1790496697.740359898] [uav5.mavros]: Plugin setpoint_accel ignored
[INFO] [1790496697.740377284] [uav5.mavros]: Plugin setpoint_attitude ignored
[INFO] [1790496697.740392930] [uav5.mavros]: Plugin setpoint_position ignored
[INFO] [1790496697.740408616] [uav5.mavros]: Plugin setpoint_raw ignored
[INFO] [1790496697.740431066] [uav5.mavros]: Plugin setpoint_trajectory ignored
[INFO] [1790496698.796789546] [uav5.mavros]: Plugin setpoint_velocity created
[INFO] [1790496698.796922614] [uav5.mavros]: Plugin setpoint_velocity initialized
[INFO] [1790496700.378997809] [uav5.mavros]: Plugin sys_status created
[INFO] [1790496700.405036425] [uav5.mavros]: Plugin sys_status initialized
[INFO] [1790496700.961623068] [uav5.mavros.time]: TM: Timesync mode: MAVLINK
[INFO] [1790496701.209491234] [uav5.mavros]: Plugin sys_time created
[INFO] [1790496701.209612118] [uav5.mavros]: Plugin sys_time initialized
[INFO] [1790496701.209639926] [uav5.mavros]: Plugin waypoint ignored
[INFO] [1790496701.209656716] [uav5.mavros]: Plugin wind_estimation ignored
[INFO] [1790496701.377651080] [uav5.mavros]: Built-in SIMD instructions: SSE, SSE2
[INFO] [1790496701.377751767] [uav5.mavros]: Built-in MAVLink package version: 2026.8.8
[INFO] [1790496701.377792451] [uav5.mavros]: Known MAVLink dialects: common ardupilotmega ASLUAV AVSSUAS all csAirLink cubepilot development icarous loweheiser marsh paparazzi standard stemstudios storm32 uAvionix ualberta
[INFO] [1790496701.377812378] [uav5.mavros]: MAVROS UAS via /uas5 started. MY ID 5.191, TARGET ID 5.1
[INFO] [1790496701.400045920] [uav5.mavros_router]: link[1001] detected remote address 5.191
[INFO] [1790496701.476901496] [uav5.mavros]: CON: Got HEARTBEAT, connected. FCU: PX4 Autopilot
[INFO] [1790496701.742178380] [uav5.mavros.sys]: VER: 5.1: Capabilities         0x000000000000e8ff
[INFO] [1790496701.757193788] [uav5.mavros.sys]: VER: 5.1: Flight software:     011200c0 (fca3df865a000000)
[INFO] [1790496701.757217664] [uav5.mavros.sys]: VER: 5.1: Middleware software: 011200c0 (fca3df865a000000)
[INFO] [1790496701.757230641] [uav5.mavros.sys]: VER: 5.1: OS software:         070000ff (17040b9f87cb1791)
[INFO] [1790496701.757243814] [uav5.mavros.sys]: VER: 5.1: Board hardware:      00000001
[INFO] [1790496701.757257161] [uav5.mavros.sys]: VER: 5.1: VID/PID:             0000:0000
[INFO] [1790496701.757269921] [uav5.mavros.sys]: VER: 5.1: UID:                 4954414c44494e53
[WARN] [1790496701.763388380] [uav5.mavros.cmd]: CMD: Unexpected command 512, result 0
[WARN] [1790496736.259914071] [uav5.mavros.sys]: FCU: UNK(8): EVENT 11047904 with args -0-0-0-0-0-128-0-0-0-176-122-127-128-176-122-127-128-0-0-0-0-0-0-0-0-0-0-0-0-0-0-0-0-0-0-0-0-0-0-0-
[INFO] [1790496736.260141859] [uav5.mavros.sys]: FCU: EVENT 377561 with args -8-0-0-0-20-0-0-0-0-0-0-0-0-0-0-0-0-0-0-0-0-0-0-0-0-0-0-0-0-0-0-0-0-0-0-0-0-0-0-0-
[WARN] [1790496736.260260850] [uav5.mavros.sys]: FCU: EVENT 453929 with args -255-255-255-255-7-0-0-0-0-0-0-0-0-0-0-0-0-0-0-0-0-0-0-0-0-0-0-0-0-0-0-0-0-0-0-0-0-0-0-0-
[INFO] [1790496736.260353964] [uav5.mavros.sys]: FCU: EVENT 6801787 with args -255-255-255-255-12-0-0-0-0-0-0-0-0-0-0-0-0-0-0-0-0-0-0-0-0-0-0-0-0-0-0-0-0-0-0-0-0-0-0-0-
[WARN] [1790496736.260448827] [uav5.mavros.sys]: FCU: UNK(8): EVENT 1914663 with args -0-10-13-2-56-0-0-0-0-0-0-0-0-0-0-0-0-0-0-0-0-0-0-0-0-0-0-0-0-0-0-0-0-0-0-0-0-0-0-0-
[WARN] [1790496752.242823072] [uav5.mavros.cmd]: CMD: Unexpected command 176, result 0
[INFO] [1790496752.955448108] [uav5.mavros.sys]: FCU: EVENT 9489139 with args -4-0-0-0-0-0-0-0-0-0-0-0-0-0-0-0-0-0-0-0-0-0-0-0-0-0-0-0-0-0-0-0-0-0-0-0-0-0-0-0-
[INFO] [1790496755.701262335] [uav5.mavros.sys]: FCU: EVENT 4277609 with args -0-0-0-0-0-0-0-0-0-0-0-0-0-0-0-0-0-0-0-0-0-0-0-0-0-0-0-0-0-0-0-0-0-0-0-0-0-0-0-0-
[WARN] [1790497088.271198588] [uav5.mavros.cmd]: CMD: Unexpected command 176, result 0
[INFO] [1790497137.300961819] [uav5.mavros.sys]: FCU: EVENT 9844908 with args -0-0-0-0-0-0-0-0-0-0-0-0-0-0-0-0-0-0-0-0-0-0-0-0-0-0-0-0-0-0-0-0-0-0-0-0-0-0-0-0-
[INFO] [1790497140.217499388] [uav5.mavros.sys]: FCU: EVENT 16017271 with args -6-0-0-0-0-0-0-0-0-0-0-0-0-0-0-0-0-0-0-0-0-0-0-0-0-0-0-0-0-0-0-0-0-0-0-0-0-0-0-0-
[WARN] [1790497143.670220309] [uav5.mavros.sys]: FCU: UNK(8): EVENT 11047904 with args -0-0-0-16-0-128-0-0-0-176-58-127-128-176-58-127-128-0-0-0-0-0-0-0-0-0-0-0-0-0-0-0-0-0-0-0-0-0-0-0-
[ERROR] [1790497143.670425841] [uav5.mavros.sys]: FCU: EVENT 11464574 with args -0-64-0-0-20-0-0-0-0-0-0-0-0-0-0-0-0-0-0-0-0-0-0-0-0-0-0-0-0-0-0-0-0-0-0-0-0-0-0-0-
[INFO] [1790497143.670591727] [uav5.mavros.sys]: FCU: EVENT 377561 with args -8-0-0-0-20-0-0-0-0-0-0-0-0-0-0-0-0-0-0-0-0-0-0-0-0-0-0-0-0-0-0-0-0-0-0-0-0-0-0-0-
[WARN] [1790497143.670711101] [uav5.mavros.sys]: FCU: EVENT 453929 with args -255-255-255-255-7-0-0-0-0-0-0-0-0-0-0-0-0-0-0-0-0-0-0-0-0-0-0-0-0-0-0-0-0-0-0-0-0-0-0-0-
[INFO] [1790497143.681230006] [uav5.mavros.sys]: FCU: EVENT 6801787 with args -255-255-255-255-12-0-0-0-0-0-0-0-0-0-0-0-0-0-0-0-0-0-0-0-0-0-0-0-0-0-0-0-0-0-0-0-0-0-0-0-
[WARN] [1790497143.681499085] [uav5.mavros.sys]: FCU: UNK(8): EVENT 1914663 with args -0-10-13-2-56-0-0-0-0-0-0-0-0-0-0-0-0-0-0-0-0-0-0-0-0-0-0-0-0-0-0-0-0-0-0-0-0-0-0-0-
[WARN] [1790497143.690856865] [uav5.mavros.sys]: FCU: EVENT 13277401 with args -0-0-6-0-0-0-0-0-0-0-0-0-0-0-0-0-0-0-0-0-0-0-0-0-0-0-0-0-0-0-0-0-0-0-0-0-0-0-0-0-
[INFO] [1790497143.874427724] [rclcpp]: signal_handler(SIGINT/SIGTERM)
[WARN] [1790497143.882239006] [uav5.mavros]: UAS Executor terminated
