[INFO] [1790657766.319740031] [uav4.mavros_node]: Starting mavros_node container
[INFO] [1790657766.322336657] [uav4.mavros_node]: FCU URL: udp://:14543@127.0.0.1:14583
[INFO] [1790657766.322368458] [uav4.mavros_node]: GCS URL: 
[INFO] [1790657766.322373765] [uav4.mavros_node]: UAS Prefix: /uas4
[INFO] [1790657766.322378408] [uav4.mavros_node]: Starting mavros router node
[INFO] [1790657766.444456310] [uav4.mavros_router]: Built-in SIMD instructions: SSE, SSE2
[INFO] [1790657766.530112791] [uav4.mavros_router]: Built-in MAVLink package version: 2026.8.8
[INFO] [1790657766.530134058] [uav4.mavros_router]: Known MAVLink dialects: common ardupilotmega ASLUAV AVSSUAS all csAirLink cubepilot development icarous loweheiser marsh paparazzi standard stemstudios storm32 uAvionix ualberta
[INFO] [1790657766.530141430] [uav4.mavros_router]: MAVROS Router started
[INFO] [1790657766.530350073] [uav4.mavros_node]: Starting mavros uas node
[INFO] [1790657766.893582241] [uav4.mavros_router]: Requested to add endpoint: type: 0, url: udp://:14543@127.0.0.1:14583
[INFO] [1790657766.893617262] [uav4.mavros_router]: Endpoint link[1000] created
[INFO] [1790657766.893814044] [uav4.mavros_router]: link[1000] opened successfully
[INFO] [1790657766.893826779] [uav4.mavros_router]: Requested to add endpoint: type: 2, url: /uas4
[INFO] [1790657766.893839263] [uav4.mavros_router]: Endpoint link[1001] created
[INFO] [1790657766.905683792] [uav4.mavros_router]: link[1000] detected remote address 4.1
[INFO] [1790657766.910676695] [uav4.mavros]: Plugin actuator_control ignored
[INFO] [1790657766.910726331] [uav4.mavros]: Plugin altitude ignored
[INFO] [1790657766.911233671] [uav4.mavros]: UAS Executor started, threads: 4
[INFO] [1790657766.938715845] [uav4.mavros_router]: link[1001] opened successfully
[INFO] [1790657767.217423511] [uav4.mavros]: Plugin command created
[INFO] [1790657767.217494250] [uav4.mavros]: Plugin command initialized
[INFO] [1790657767.217505532] [uav4.mavros]: Plugin ftp ignored
[INFO] [1790657767.217511246] [uav4.mavros]: Plugin geofence ignored
[INFO] [1790657767.457499490] [uav4.mavros]: Plugin global_position created
[INFO] [1790657767.457567850] [uav4.mavros]: Plugin global_position initialized
[INFO] [1790657767.457836279] [uav4.mavros]: Plugin home_position ignored
[INFO] [1790657767.457843822] [uav4.mavros]: Plugin imu ignored
[INFO] [1790657767.659660064] [uav4.mavros]: Plugin local_position created
[INFO] [1790657767.659707758] [uav4.mavros]: Plugin local_position initialized
[INFO] [1790657767.659717114] [uav4.mavros]: Plugin manual_control ignored
[INFO] [1790657767.659722112] [uav4.mavros]: Plugin nav_controller_output ignored
[INFO] [1790657767.659731319] [uav4.mavros]: Plugin param ignored
[INFO] [1790657767.659736401] [uav4.mavros]: Plugin rallypoint ignored
[INFO] [1790657767.659740941] [uav4.mavros]: Plugin rc_io ignored
[INFO] [1790657767.659745933] [uav4.mavros]: Plugin setpoint_accel ignored
[INFO] [1790657767.659750730] [uav4.mavros]: Plugin setpoint_attitude ignored
[INFO] [1790657767.659756091] [uav4.mavros]: Plugin setpoint_position ignored
[INFO] [1790657767.659761293] [uav4.mavros]: Plugin setpoint_raw ignored
[INFO] [1790657767.659766561] [uav4.mavros]: Plugin setpoint_trajectory ignored
[INFO] [1790657767.782615729] [uav4.mavros]: Plugin setpoint_velocity created
[INFO] [1790657767.782666821] [uav4.mavros]: Plugin setpoint_velocity initialized
[INFO] [1790657768.350173457] [uav4.mavros]: Plugin sys_status created
[INFO] [1790657768.350251743] [uav4.mavros]: Plugin sys_status initialized
[INFO] [1790657768.579081392] [uav4.mavros.time]: TM: Timesync mode: MAVLINK
[INFO] [1790657768.681630876] [uav4.mavros]: Plugin sys_time created
[INFO] [1790657768.681696655] [uav4.mavros]: Plugin sys_time initialized
[INFO] [1790657768.681705660] [uav4.mavros]: Plugin waypoint ignored
[INFO] [1790657768.681711715] [uav4.mavros]: Plugin wind_estimation ignored
[INFO] [1790657768.722163965] [uav4.mavros]: Built-in SIMD instructions: SSE, SSE2
[INFO] [1790657768.722207298] [uav4.mavros]: Built-in MAVLink package version: 2026.8.8
[INFO] [1790657768.722307395] [uav4.mavros]: Known MAVLink dialects: common ardupilotmega ASLUAV AVSSUAS all csAirLink cubepilot development icarous loweheiser marsh paparazzi standard stemstudios storm32 uAvionix ualberta
[INFO] [1790657768.722319662] [uav4.mavros]: MAVROS UAS via /uas4 started. MY ID 4.191, TARGET ID 4.1
[INFO] [1790657768.767343038] [uav4.mavros]: CON: Got HEARTBEAT, connected. FCU: PX4 Autopilot
[INFO] [1790657768.767508718] [uav4.mavros_router]: link[1001] detected remote address 4.191
[INFO] [1790657769.786720299] [uav4.mavros.sys]: VER: 4.1: Capabilities         0x000000000000e8ff
[INFO] [1790657769.786777558] [uav4.mavros.sys]: VER: 4.1: Flight software:     011200c0 (fca3df865a000000)
[INFO] [1790657769.786786793] [uav4.mavros.sys]: VER: 4.1: Middleware software: 011200c0 (fca3df865a000000)
[INFO] [1790657769.786792118] [uav4.mavros.sys]: VER: 4.1: OS software:         070000ff (17040b9f87cb1791)
[INFO] [1790657769.786796911] [uav4.mavros.sys]: VER: 4.1: Board hardware:      00000001
[INFO] [1790657769.786802146] [uav4.mavros.sys]: VER: 4.1: VID/PID:             0000:0000
[INFO] [1790657769.786807103] [uav4.mavros.sys]: VER: 4.1: UID:                 4954414c44494e52
[WARN] [1790657769.794235569] [uav4.mavros.cmd]: CMD: Unexpected command 512, result 0
[WARN] [1790657776.940857116] [uav4.mavros.sys]: FCU: UNK(8): EVENT 11047904 with args -0-0-0-0-0-128-0-0-0-176-122-127-128-176-122-127-128-0-0-0-0-0-0-0-0-0-0-0-0-0-0-0-0-0-0-0-0-0-0-0-
[INFO] [1790657776.940965801] [uav4.mavros.sys]: FCU: EVENT 377561 with args -8-0-0-0-20-0-0-0-0-0-0-0-0-0-0-0-0-0-0-0-0-0-0-0-0-0-0-0-0-0-0-0-0-0-0-0-0-0-0-0-
[WARN] [1790657776.941011534] [uav4.mavros.sys]: FCU: EVENT 453929 with args -255-255-255-255-7-0-0-0-0-0-0-0-0-0-0-0-0-0-0-0-0-0-0-0-0-0-0-0-0-0-0-0-0-0-0-0-0-0-0-0-
[INFO] [1790657776.941051691] [uav4.mavros.sys]: FCU: EVENT 6801787 with args -255-255-255-255-12-0-0-0-0-0-0-0-0-0-0-0-0-0-0-0-0-0-0-0-0-0-0-0-0-0-0-0-0-0-0-0-0-0-0-0-
[WARN] [1790657776.954807417] [uav4.mavros.sys]: FCU: UNK(8): EVENT 1914663 with args -0-10-13-2-56-0-0-0-0-0-0-0-0-0-0-0-0-0-0-0-0-0-0-0-0-0-0-0-0-0-0-0-0-0-0-0-0-0-0-0-
[WARN] [1790657784.265815723] [uav4.mavros.cmd]: CMD: Unexpected command 176, result 0
[INFO] [1790657784.407762108] [uav4.mavros.sys]: FCU: EVENT 9489139 with args -4-0-0-0-0-0-0-0-0-0-0-0-0-0-0-0-0-0-0-0-0-0-0-0-0-0-0-0-0-0-0-0-0-0-0-0-0-0-0-0-
[INFO] [1790657786.843959913] [uav4.mavros.sys]: FCU: EVENT 4277609 with args -0-0-0-0-0-0-0-0-0-0-0-0-0-0-0-0-0-0-0-0-0-0-0-0-0-0-0-0-0-0-0-0-0-0-0-0-0-0-0-0-
[WARN] [1790658049.216398892] [uav4.mavros.cmd]: CMD: Unexpected command 176, result 0
[INFO] [1790658082.004008838] [uav4.mavros.sys]: FCU: EVENT 9844908 with args -0-0-0-0-0-0-0-0-0-0-0-0-0-0-0-0-0-0-0-0-0-0-0-0-0-0-0-0-0-0-0-0-0-0-0-0-0-0-0-0-
[INFO] [1790658084.140909279] [uav4.mavros.sys]: FCU: EVENT 16017271 with args -6-0-0-0-0-0-0-0-0-0-0-0-0-0-0-0-0-0-0-0-0-0-0-0-0-0-0-0-0-0-0-0-0-0-0-0-0-0-0-0-
[WARN] [1790658087.564314882] [uav4.mavros.sys]: FCU: UNK(8): EVENT 11047904 with args -0-0-0-0-0-128-0-0-0-176-122-127-128-176-122-127-128-0-0-0-0-0-0-0-0-0-0-0-0-0-0-0-0-0-0-0-0-0-0-0-
[INFO] [1790658087.565600833] [uav4.mavros.sys]: FCU: EVENT 377561 with args -8-0-0-0-20-0-0-0-0-0-0-0-0-0-0-0-0-0-0-0-0-0-0-0-0-0-0-0-0-0-0-0-0-0-0-0-0-0-0-0-
[WARN] [1790658087.565657158] [uav4.mavros.sys]: FCU: EVENT 453929 with args -255-255-255-255-7-0-0-0-0-0-0-0-0-0-0-0-0-0-0-0-0-0-0-0-0-0-0-0-0-0-0-0-0-0-0-0-0-0-0-0-
[INFO] [1790658087.565791721] [uav4.mavros.sys]: FCU: EVENT 6801787 with args -255-255-255-255-12-0-0-0-0-0-0-0-0-0-0-0-0-0-0-0-0-0-0-0-0-0-0-0-0-0-0-0-0-0-0-0-0-0-0-0-
[WARN] [1790658087.565831750] [uav4.mavros.sys]: FCU: UNK(8): EVENT 1914663 with args -0-10-9-2-56-0-0-0-0-0-0-0-0-0-0-0-0-0-0-0-0-0-0-0-0-0-0-0-0-0-0-0-0-0-0-0-0-0-0-0-
[INFO] [1790658092.855010107] [rclcpp]: signal_handler(SIGINT/SIGTERM)
[WARN] [1790658092.861473857] [uav4.mavros]: UAS Executor terminated
