[INFO] [1790586856.663488653] [uav5.mavros_node]: Starting mavros_node container
[INFO] [1790586856.663613301] [uav5.mavros_node]: FCU URL: udp://:14544@127.0.0.1:14584
[INFO] [1790586856.663624823] [uav5.mavros_node]: GCS URL: 
[INFO] [1790586856.663630163] [uav5.mavros_node]: UAS Prefix: /uas5
[INFO] [1790586856.663635675] [uav5.mavros_node]: Starting mavros router node
[INFO] [1790586856.745499104] [uav5.mavros_router]: Built-in SIMD instructions: SSE, SSE2
[INFO] [1790586856.746779552] [uav5.mavros_router]: Built-in MAVLink package version: 2026.8.8
[INFO] [1790586856.746815639] [uav5.mavros_router]: Known MAVLink dialects: common ardupilotmega ASLUAV AVSSUAS all csAirLink cubepilot development icarous loweheiser marsh paparazzi standard stemstudios storm32 uAvionix ualberta
[INFO] [1790586856.746824970] [uav5.mavros_router]: MAVROS Router started
[INFO] [1790586856.746969156] [uav5.mavros_node]: Starting mavros uas node
[INFO] [1790586857.001734974] [uav5.mavros_router]: Requested to add endpoint: type: 0, url: udp://:14544@127.0.0.1:14584
[INFO] [1790586857.001799801] [uav5.mavros_router]: Endpoint link[1000] created
[INFO] [1790586857.003737829] [uav5.mavros_router]: link[1000] opened successfully
[INFO] [1790586857.003794022] [uav5.mavros_router]: Requested to add endpoint: type: 2, url: /uas5
[INFO] [1790586857.003815480] [uav5.mavros_router]: Endpoint link[1001] created
[INFO] [1790586857.004323435] [uav5.mavros_router]: link[1000] detected remote address 5.1
[INFO] [1790586857.017214851] [uav5.mavros]: Plugin actuator_control ignored
[INFO] [1790586857.019539055] [uav5.mavros]: Plugin altitude ignored
[INFO] [1790586857.017645149] [uav5.mavros]: UAS Executor started, threads: 4
[INFO] [1790586857.090270119] [uav5.mavros_router]: link[1001] opened successfully
[INFO] [1790586857.248227660] [uav5.mavros]: Plugin command created
[INFO] [1790586857.250866466] [uav5.mavros]: Plugin command initialized
[INFO] [1790586857.250928347] [uav5.mavros]: Plugin ftp ignored
[INFO] [1790586857.250937738] [uav5.mavros]: Plugin geofence ignored
[INFO] [1790586857.440378961] [uav5.mavros]: Plugin global_position created
[INFO] [1790586857.440448443] [uav5.mavros]: Plugin global_position initialized
[INFO] [1790586857.440460125] [uav5.mavros]: Plugin home_position ignored
[INFO] [1790586857.440466450] [uav5.mavros]: Plugin imu ignored
[INFO] [1790586857.638895914] [uav5.mavros]: Plugin local_position created
[INFO] [1790586857.638957900] [uav5.mavros]: Plugin local_position initialized
[INFO] [1790586857.638968105] [uav5.mavros]: Plugin manual_control ignored
[INFO] [1790586857.638973992] [uav5.mavros]: Plugin nav_controller_output ignored
[INFO] [1790586857.638979503] [uav5.mavros]: Plugin param ignored
[INFO] [1790586857.638985301] [uav5.mavros]: Plugin rallypoint ignored
[INFO] [1790586857.638990114] [uav5.mavros]: Plugin rc_io ignored
[INFO] [1790586857.638995135] [uav5.mavros]: Plugin setpoint_accel ignored
[INFO] [1790586857.639000569] [uav5.mavros]: Plugin setpoint_attitude ignored
[INFO] [1790586857.639006066] [uav5.mavros]: Plugin setpoint_position ignored
[INFO] [1790586857.639011502] [uav5.mavros]: Plugin setpoint_raw ignored
[INFO] [1790586857.639016864] [uav5.mavros]: Plugin setpoint_trajectory ignored
[INFO] [1790586857.829281872] [uav5.mavros]: Plugin setpoint_velocity created
[INFO] [1790586857.829349646] [uav5.mavros]: Plugin setpoint_velocity initialized
[INFO] [1790586858.140090834] [uav5.mavros]: Plugin sys_status created
[INFO] [1790586858.140175776] [uav5.mavros]: Plugin sys_status initialized
[INFO] [1790586858.265941358] [uav5.mavros.time]: TM: Timesync mode: MAVLINK
[INFO] [1790586858.294880517] [uav5.mavros]: Plugin sys_time created
[INFO] [1790586858.295075949] [uav5.mavros]: Plugin sys_time initialized
[INFO] [1790586858.295311075] [uav5.mavros]: Plugin waypoint ignored
[INFO] [1790586858.295333315] [uav5.mavros]: Plugin wind_estimation ignored
[INFO] [1790586858.320062686] [uav5.mavros]: Built-in SIMD instructions: SSE, SSE2
[INFO] [1790586858.320116185] [uav5.mavros]: Built-in MAVLink package version: 2026.8.8
[INFO] [1790586858.320149148] [uav5.mavros]: Known MAVLink dialects: common ardupilotmega ASLUAV AVSSUAS all csAirLink cubepilot development icarous loweheiser marsh paparazzi standard stemstudios storm32 uAvionix ualberta
[INFO] [1790586858.320157755] [uav5.mavros]: MAVROS UAS via /uas5 started. MY ID 5.191, TARGET ID 5.1
[INFO] [1790586858.395137670] [uav5.mavros_router]: link[1001] detected remote address 5.191
[INFO] [1790586859.027083255] [uav5.mavros]: CON: Got HEARTBEAT, connected. FCU: PX4 Autopilot
[INFO] [1790586860.064567133] [uav5.mavros.sys]: VER: 5.1: Capabilities         0x000000000000e8ff
[INFO] [1790586860.064629812] [uav5.mavros.sys]: VER: 5.1: Flight software:     011200c0 (fca3df865a000000)
[INFO] [1790586860.064640910] [uav5.mavros.sys]: VER: 5.1: Middleware software: 011200c0 (fca3df865a000000)
[INFO] [1790586860.064647211] [uav5.mavros.sys]: VER: 5.1: OS software:         070000ff (17040b9f87cb1791)
[INFO] [1790586860.064652480] [uav5.mavros.sys]: VER: 5.1: Board hardware:      00000001
[INFO] [1790586860.064657131] [uav5.mavros.sys]: VER: 5.1: VID/PID:             0000:0000
[INFO] [1790586860.064662129] [uav5.mavros.sys]: VER: 5.1: UID:                 4954414c44494e53
[WARN] [1790586860.064706784] [uav5.mavros.cmd]: CMD: Unexpected command 512, result 0
[WARN] [1790586867.686156610] [uav5.mavros.sys]: FCU: UNK(8): EVENT 11047904 with args -0-0-0-0-0-128-0-0-0-176-122-127-128-176-122-127-128-0-0-0-0-0-0-0-0-0-0-0-0-0-0-0-0-0-0-0-0-0-0-0-
[INFO] [1790586867.687029048] [uav5.mavros.sys]: FCU: EVENT 377561 with args -8-0-0-0-20-0-0-0-0-0-0-0-0-0-0-0-0-0-0-0-0-0-0-0-0-0-0-0-0-0-0-0-0-0-0-0-0-0-0-0-
[WARN] [1790586867.688012894] [uav5.mavros.sys]: FCU: EVENT 453929 with args -255-255-255-255-7-0-0-0-0-0-0-0-0-0-0-0-0-0-0-0-0-0-0-0-0-0-0-0-0-0-0-0-0-0-0-0-0-0-0-0-
[INFO] [1790586867.694440148] [uav5.mavros.sys]: FCU: EVENT 6801787 with args -255-255-255-255-12-0-0-0-0-0-0-0-0-0-0-0-0-0-0-0-0-0-0-0-0-0-0-0-0-0-0-0-0-0-0-0-0-0-0-0-
[WARN] [1790586867.694529517] [uav5.mavros.sys]: FCU: UNK(8): EVENT 1914663 with args -0-10-13-2-56-0-0-0-0-0-0-0-0-0-0-0-0-0-0-0-0-0-0-0-0-0-0-0-0-0-0-0-0-0-0-0-0-0-0-0-
[WARN] [1790586874.521309739] [uav5.mavros.cmd]: CMD: Unexpected command 176, result 0
[INFO] [1790586875.523504604] [uav5.mavros.sys]: FCU: EVENT 9489139 with args -4-0-0-0-0-0-0-0-0-0-0-0-0-0-0-0-0-0-0-0-0-0-0-0-0-0-0-0-0-0-0-0-0-0-0-0-0-0-0-0-
[INFO] [1790586877.567986844] [uav5.mavros.sys]: FCU: EVENT 4277609 with args -0-0-0-0-0-0-0-0-0-0-0-0-0-0-0-0-0-0-0-0-0-0-0-0-0-0-0-0-0-0-0-0-0-0-0-0-0-0-0-0-
[WARN] [1790587125.370799783] [uav5.mavros.cmd]: CMD: Unexpected command 176, result 0
[INFO] [1790587156.322821281] [uav5.mavros.sys]: FCU: EVENT 9844908 with args -0-0-0-0-0-0-0-0-0-0-0-0-0-0-0-0-0-0-0-0-0-0-0-0-0-0-0-0-0-0-0-0-0-0-0-0-0-0-0-0-
[INFO] [1790587158.401902852] [uav5.mavros.sys]: FCU: EVENT 16017271 with args -6-0-0-0-0-0-0-0-0-0-0-0-0-0-0-0-0-0-0-0-0-0-0-0-0-0-0-0-0-0-0-0-0-0-0-0-0-0-0-0-
[WARN] [1790587162.410724177] [uav5.mavros.sys]: FCU: UNK(8): EVENT 11047904 with args -0-0-0-0-0-128-0-0-0-176-122-127-128-176-122-127-128-0-0-0-0-0-0-0-0-0-0-0-0-0-0-0-0-0-0-0-0-0-0-0-
[INFO] [1790587162.410812142] [uav5.mavros.sys]: FCU: EVENT 377561 with args -8-0-0-0-20-0-0-0-0-0-0-0-0-0-0-0-0-0-0-0-0-0-0-0-0-0-0-0-0-0-0-0-0-0-0-0-0-0-0-0-
[WARN] [1790587162.410898424] [uav5.mavros.sys]: FCU: EVENT 453929 with args -255-255-255-255-7-0-0-0-0-0-0-0-0-0-0-0-0-0-0-0-0-0-0-0-0-0-0-0-0-0-0-0-0-0-0-0-0-0-0-0-
[INFO] [1790587162.410994656] [uav5.mavros.sys]: FCU: EVENT 6801787 with args -255-255-255-255-12-0-0-0-0-0-0-0-0-0-0-0-0-0-0-0-0-0-0-0-0-0-0-0-0-0-0-0-0-0-0-0-0-0-0-0-
[WARN] [1790587162.411016809] [uav5.mavros.sys]: FCU: UNK(8): EVENT 1914663 with args -0-10-9-2-56-0-0-0-0-0-0-0-0-0-0-0-0-0-0-0-0-0-0-0-0-0-0-0-0-0-0-0-0-0-0-0-0-0-0-0-
[INFO] [1790587166.740787010] [rclcpp]: signal_handler(SIGINT/SIGTERM)
[WARN] [1790587166.743667681] [uav5.mavros]: UAS Executor terminated
