[INFO] [1790586856.694979976] [uav7.mavros_node]: Starting mavros_node container
[INFO] [1790586856.695125997] [uav7.mavros_node]: FCU URL: udp://:14546@127.0.0.1:14586
[INFO] [1790586856.695135454] [uav7.mavros_node]: GCS URL: 
[INFO] [1790586856.695141001] [uav7.mavros_node]: UAS Prefix: /uas7
[INFO] [1790586856.695146074] [uav7.mavros_node]: Starting mavros router node
[INFO] [1790586856.781362544] [uav7.mavros_router]: Built-in SIMD instructions: SSE, SSE2
[INFO] [1790586856.782789795] [uav7.mavros_router]: Built-in MAVLink package version: 2026.8.8
[INFO] [1790586856.782975702] [uav7.mavros_router]: Known MAVLink dialects: common ardupilotmega ASLUAV AVSSUAS all csAirLink cubepilot development icarous loweheiser marsh paparazzi standard stemstudios storm32 uAvionix ualberta
[INFO] [1790586856.783001621] [uav7.mavros_router]: MAVROS Router started
[INFO] [1790586856.783149680] [uav7.mavros_node]: Starting mavros uas node
[INFO] [1790586856.997533956] [uav7.mavros_router]: Requested to add endpoint: type: 0, url: udp://:14546@127.0.0.1:14586
[INFO] [1790586856.998718181] [uav7.mavros_router]: Endpoint link[1000] created
[INFO] [1790586857.000190238] [uav7.mavros_router]: link[1000] opened successfully
[INFO] [1790586857.000515556] [uav7.mavros_router]: Requested to add endpoint: type: 2, url: /uas7
[INFO] [1790586857.000542525] [uav7.mavros_router]: Endpoint link[1001] created
[INFO] [1790586857.004285106] [uav7.mavros_router]: link[1000] detected remote address 7.1
[INFO] [1790586857.007693011] [uav7.mavros]: UAS Executor started, threads: 4
[INFO] [1790586857.008148289] [uav7.mavros]: Plugin actuator_control ignored
[INFO] [1790586857.015629381] [uav7.mavros]: Plugin altitude ignored
[INFO] [1790586857.070267736] [uav7.mavros_router]: link[1001] opened successfully
[INFO] [1790586857.242848534] [uav7.mavros]: Plugin command created
[INFO] [1790586857.242922887] [uav7.mavros]: Plugin command initialized
[INFO] [1790586857.242934600] [uav7.mavros]: Plugin ftp ignored
[INFO] [1790586857.242940188] [uav7.mavros]: Plugin geofence ignored
[INFO] [1790586857.470601805] [uav7.mavros]: Plugin global_position created
[INFO] [1790586857.473489388] [uav7.mavros]: Plugin global_position initialized
[INFO] [1790586857.473549311] [uav7.mavros]: Plugin home_position ignored
[INFO] [1790586857.473557338] [uav7.mavros]: Plugin imu ignored
[INFO] [1790586857.728838437] [uav7.mavros]: Plugin local_position created
[INFO] [1790586857.728903772] [uav7.mavros]: Plugin local_position initialized
[INFO] [1790586857.728917090] [uav7.mavros]: Plugin manual_control ignored
[INFO] [1790586857.728923029] [uav7.mavros]: Plugin nav_controller_output ignored
[INFO] [1790586857.728928843] [uav7.mavros]: Plugin param ignored
[INFO] [1790586857.728934036] [uav7.mavros]: Plugin rallypoint ignored
[INFO] [1790586857.728939641] [uav7.mavros]: Plugin rc_io ignored
[INFO] [1790586857.728945027] [uav7.mavros]: Plugin setpoint_accel ignored
[INFO] [1790586857.728950778] [uav7.mavros]: Plugin setpoint_attitude ignored
[INFO] [1790586857.731658049] [uav7.mavros]: Plugin setpoint_position ignored
[INFO] [1790586857.731681813] [uav7.mavros]: Plugin setpoint_raw ignored
[INFO] [1790586857.731688402] [uav7.mavros]: Plugin setpoint_trajectory ignored
[INFO] [1790586857.873248134] [uav7.mavros]: Plugin setpoint_velocity created
[INFO] [1790586857.873304379] [uav7.mavros]: Plugin setpoint_velocity initialized
[INFO] [1790586858.148423901] [uav7.mavros]: Plugin sys_status created
[INFO] [1790586858.148496321] [uav7.mavros]: Plugin sys_status initialized
[INFO] [1790586858.299350258] [uav7.mavros.time]: TM: Timesync mode: MAVLINK
[INFO] [1790586858.346360688] [uav7.mavros]: Plugin sys_time created
[INFO] [1790586858.346423581] [uav7.mavros]: Plugin sys_time initialized
[INFO] [1790586858.346433607] [uav7.mavros]: Plugin waypoint ignored
[INFO] [1790586858.346439119] [uav7.mavros]: Plugin wind_estimation ignored
[INFO] [1790586858.368265095] [uav7.mavros]: Built-in SIMD instructions: SSE, SSE2
[INFO] [1790586858.368307475] [uav7.mavros]: Built-in MAVLink package version: 2026.8.8
[INFO] [1790586858.368336151] [uav7.mavros]: Known MAVLink dialects: common ardupilotmega ASLUAV AVSSUAS all csAirLink cubepilot development icarous loweheiser marsh paparazzi standard stemstudios storm32 uAvionix ualberta
[INFO] [1790586858.368356636] [uav7.mavros]: MAVROS UAS via /uas7 started. MY ID 7.191, TARGET ID 7.1
[INFO] [1790586858.377158828] [uav7.mavros_router]: link[1001] detected remote address 7.191
[INFO] [1790586859.125503206] [uav7.mavros]: CON: Got HEARTBEAT, connected. FCU: PX4 Autopilot
[INFO] [1790586860.153294017] [uav7.mavros.sys]: VER: 7.1: Capabilities         0x000000000000e8ff
[INFO] [1790586860.153350474] [uav7.mavros.sys]: VER: 7.1: Flight software:     011200c0 (fca3df865a000000)
[INFO] [1790586860.153359977] [uav7.mavros.sys]: VER: 7.1: Middleware software: 011200c0 (fca3df865a000000)
[INFO] [1790586860.153365795] [uav7.mavros.sys]: VER: 7.1: OS software:         070000ff (17040b9f87cb1791)
[INFO] [1790586860.153371775] [uav7.mavros.sys]: VER: 7.1: Board hardware:      00000001
[INFO] [1790586860.153377505] [uav7.mavros.sys]: VER: 7.1: VID/PID:             0000:0000
[INFO] [1790586860.153382976] [uav7.mavros.sys]: VER: 7.1: UID:                 4954414c44494e55
[WARN] [1790586860.156469936] [uav7.mavros.cmd]: CMD: Unexpected command 512, result 0
[WARN] [1790586871.082290940] [uav7.mavros.sys]: FCU: UNK(8): EVENT 11047904 with args -0-0-0-0-0-128-0-0-0-176-122-127-128-176-122-127-128-0-0-0-0-0-0-0-0-0-0-0-0-0-0-0-0-0-0-0-0-0-0-0-
[INFO] [1790586871.082393481] [uav7.mavros.sys]: FCU: EVENT 377561 with args -8-0-0-0-20-0-0-0-0-0-0-0-0-0-0-0-0-0-0-0-0-0-0-0-0-0-0-0-0-0-0-0-0-0-0-0-0-0-0-0-
[WARN] [1790586871.082438161] [uav7.mavros.sys]: FCU: EVENT 453929 with args -255-255-255-255-7-0-0-0-0-0-0-0-0-0-0-0-0-0-0-0-0-0-0-0-0-0-0-0-0-0-0-0-0-0-0-0-0-0-0-0-
[INFO] [1790586871.082473887] [uav7.mavros.sys]: FCU: EVENT 6801787 with args -255-255-255-255-12-0-0-0-0-0-0-0-0-0-0-0-0-0-0-0-0-0-0-0-0-0-0-0-0-0-0-0-0-0-0-0-0-0-0-0-
[WARN] [1790586871.082509566] [uav7.mavros.sys]: FCU: UNK(8): EVENT 1914663 with args -0-10-13-2-56-0-0-0-0-0-0-0-0-0-0-0-0-0-0-0-0-0-0-0-0-0-0-0-0-0-0-0-0-0-0-0-0-0-0-0-
[WARN] [1790586874.485143545] [uav7.mavros.cmd]: CMD: Unexpected command 176, result 0
[INFO] [1790586874.980397057] [uav7.mavros.sys]: FCU: EVENT 9489139 with args -4-0-0-0-0-0-0-0-0-0-0-0-0-0-0-0-0-0-0-0-0-0-0-0-0-0-0-0-0-0-0-0-0-0-0-0-0-0-0-0-
[INFO] [1790586876.812940680] [uav7.mavros.sys]: FCU: EVENT 4277609 with args -0-0-0-0-0-0-0-0-0-0-0-0-0-0-0-0-0-0-0-0-0-0-0-0-0-0-0-0-0-0-0-0-0-0-0-0-0-0-0-0-
[WARN] [1790587125.383166559] [uav7.mavros.cmd]: CMD: Unexpected command 176, result 0
[INFO] [1790587159.191773043] [uav7.mavros.sys]: FCU: EVENT 9844908 with args -0-0-0-0-0-0-0-0-0-0-0-0-0-0-0-0-0-0-0-0-0-0-0-0-0-0-0-0-0-0-0-0-0-0-0-0-0-0-0-0-
[INFO] [1790587161.266888612] [uav7.mavros.sys]: FCU: EVENT 16017271 with args -6-0-0-0-0-0-0-0-0-0-0-0-0-0-0-0-0-0-0-0-0-0-0-0-0-0-0-0-0-0-0-0-0-0-0-0-0-0-0-0-
[WARN] [1790587165.008630154] [uav7.mavros.sys]: FCU: UNK(8): EVENT 11047904 with args -0-0-0-0-0-128-0-0-0-176-122-127-128-176-122-127-128-0-0-0-0-0-0-0-0-0-0-0-0-0-0-0-0-0-0-0-0-0-0-0-
[INFO] [1790587165.008735929] [uav7.mavros.sys]: FCU: EVENT 377561 with args -8-0-0-0-20-0-0-0-0-0-0-0-0-0-0-0-0-0-0-0-0-0-0-0-0-0-0-0-0-0-0-0-0-0-0-0-0-0-0-0-
[WARN] [1790587165.008799186] [uav7.mavros.sys]: FCU: EVENT 453929 with args -255-255-255-255-7-0-0-0-0-0-0-0-0-0-0-0-0-0-0-0-0-0-0-0-0-0-0-0-0-0-0-0-0-0-0-0-0-0-0-0-
[INFO] [1790587165.008840532] [uav7.mavros.sys]: FCU: EVENT 6801787 with args -255-255-255-255-12-0-0-0-0-0-0-0-0-0-0-0-0-0-0-0-0-0-0-0-0-0-0-0-0-0-0-0-0-0-0-0-0-0-0-0-
[WARN] [1790587165.008876460] [uav7.mavros.sys]: FCU: UNK(8): EVENT 1914663 with args -0-10-9-2-56-0-0-0-0-0-0-0-0-0-0-0-0-0-0-0-0-0-0-0-0-0-0-0-0-0-0-0-0-0-0-0-0-0-0-0-
[INFO] [1790587166.739767026] [rclcpp]: signal_handler(SIGINT/SIGTERM)
[WARN] [1790587166.740710323] [uav7.mavros]: UAS Executor terminated
