[INFO] [launch]: All log files can be found below /home/saad-rafique/.ros/log/2026-09-28-14-14-22-502360-Ubuntu-IdeaPad-117465
[INFO] [launch]: Default logging verbosity is set to INFO
[INFO] [link_emulator-1]: process started with pid [117472]
[INFO] [swarm_logger-2]: process started with pid [117473]
[INFO] [swarm_agent_1-3]: process started with pid [117474]
[INFO] [swarm_agent_2-4]: process started with pid [117475]
[INFO] [swarm_agent_3-5]: process started with pid [117476]
[INFO] [swarm_agent_4-6]: process started with pid [117477]
[INFO] [swarm_agent_5-7]: process started with pid [117478]
[INFO] [swarm_agent_6-8]: process started with pid [117479]
[INFO] [swarm_agent_7-9]: process started with pid [117480]
[INFO] [swarm_agent_8-10]: process started with pid [117481]
[INFO] [swarm_agent_9-11]: process started with pid [117482]
[INFO] [swarm_agent_10-12]: process started with pid [117483]
[ERROR] [swarm_agent_1-3]: process has died [pid 117474, exit code -9, cmd '/usr/bin/python3 -m swarm_agent.ros_node --id 1 --num-drones 10'].
[WARNING] [launch]: user interrupted with ctrl-c (SIGINT)
[INFO] [swarm_agent_10-12]: sending signal 'SIGINT' to process[swarm_agent_10-12]
[INFO] [swarm_agent_9-11]: sending signal 'SIGINT' to process[swarm_agent_9-11]
[INFO] [swarm_agent_8-10]: sending signal 'SIGINT' to process[swarm_agent_8-10]
[INFO] [swarm_agent_7-9]: sending signal 'SIGINT' to process[swarm_agent_7-9]
[INFO] [swarm_agent_6-8]: sending signal 'SIGINT' to process[swarm_agent_6-8]
[INFO] [swarm_agent_5-7]: sending signal 'SIGINT' to process[swarm_agent_5-7]
[INFO] [swarm_agent_4-6]: sending signal 'SIGINT' to process[swarm_agent_4-6]
[INFO] [swarm_agent_3-5]: sending signal 'SIGINT' to process[swarm_agent_3-5]
[INFO] [swarm_agent_2-4]: sending signal 'SIGINT' to process[swarm_agent_2-4]
[INFO] [swarm_logger-2]: sending signal 'SIGINT' to process[swarm_logger-2]
[INFO] [link_emulator-1]: sending signal 'SIGINT' to process[link_emulator-1]
[swarm_agent_10-12] Traceback (most recent call last):
[swarm_agent_10-12]   File "<frozen runpy>", line 198, in _run_module_as_main
[swarm_agent_10-12]   File "<frozen runpy>", line 88, in _run_code
[swarm_agent_10-12]   File "/home/saad-rafique/Documents/drone swarm/src/swarm_agent/ros_node.py", line 264, in <module>
[swarm_agent_10-12]     sys.exit(main())
[swarm_agent_10-12]              ^^^^^^
[swarm_agent_10-12]   File "/home/saad-rafique/Documents/drone swarm/src/swarm_agent/ros_node.py", line 257, in main
[swarm_agent_10-12]     node.destroy_node()
[swarm_agent_10-12]   File "/opt/ros/jazzy/lib/python3.12/site-packages/rclpy/node.py", line 1958, in destroy_node
[swarm_agent_10-12]     self.destroy_subscription(self._subscriptions[0])
[swarm_agent_10-12]   File "/opt/ros/jazzy/lib/python3.12/site-packages/rclpy/node.py", line 1854, in destroy_subscription
[swarm_agent_10-12]     subscription.destroy()
[swarm_agent_10-12]   File "/opt/ros/jazzy/lib/python3.12/site-packages/rclpy/subscription.py", line 101, in destroy
[swarm_agent_10-12]     self.handle.destroy_when_not_in_use()
[swarm_agent_10-12] KeyboardInterrupt
[swarm_agent_9-11] Traceback (most recent call last):
[swarm_agent_9-11]   File "<frozen runpy>", line 198, in _run_module_as_main
[swarm_agent_9-11]   File "<frozen runpy>", line 88, in _run_code
[swarm_agent_9-11]   File "/home/saad-rafique/Documents/drone swarm/src/swarm_agent/ros_node.py", line 264, in <module>
[swarm_agent_9-11]     sys.exit(main())
[swarm_agent_9-11]              ^^^^^^
[swarm_agent_9-11]   File "/home/saad-rafique/Documents/drone swarm/src/swarm_agent/ros_node.py", line 257, in main
[swarm_agent_9-11]     node.destroy_node()
[swarm_agent_9-11]   File "/opt/ros/jazzy/lib/python3.12/site-packages/rclpy/node.py", line 1958, in destroy_node
[swarm_agent_9-11]     self.destroy_subscription(self._subscriptions[0])
[swarm_agent_9-11]   File "/opt/ros/jazzy/lib/python3.12/site-packages/rclpy/node.py", line 1854, in destroy_subscription
[swarm_agent_9-11]     subscription.destroy()
[swarm_agent_9-11]   File "/opt/ros/jazzy/lib/python3.12/site-packages/rclpy/subscription.py", line 101, in destroy
[swarm_agent_9-11]     self.handle.destroy_when_not_in_use()
[swarm_agent_9-11] KeyboardInterrupt
[swarm_agent_8-10] Traceback (most recent call last):
[swarm_agent_8-10]   File "<frozen runpy>", line 198, in _run_module_as_main
[swarm_agent_8-10]   File "<frozen runpy>", line 88, in _run_code
[swarm_agent_8-10]   File "/home/saad-rafique/Documents/drone swarm/src/swarm_agent/ros_node.py", line 264, in <module>
[swarm_agent_8-10]     sys.exit(main())
[swarm_agent_8-10]              ^^^^^^
[swarm_agent_8-10]   File "/home/saad-rafique/Documents/drone swarm/src/swarm_agent/ros_node.py", line 257, in main
[swarm_agent_8-10]     node.destroy_node()
[swarm_agent_8-10]   File "/opt/ros/jazzy/lib/python3.12/site-packages/rclpy/node.py", line 1962, in destroy_node
[swarm_agent_8-10]     self.destroy_service(self._services[0])
[swarm_agent_8-10]   File "/opt/ros/jazzy/lib/python3.12/site-packages/rclpy/node.py", line 1886, in destroy_service
[swarm_agent_8-10]     service.destroy()
[swarm_agent_8-10]   File "/opt/ros/jazzy/lib/python3.12/site-packages/rclpy/service.py", line 123, in destroy
[swarm_agent_8-10]     self.__service.destroy_when_not_in_use()
[swarm_agent_8-10] KeyboardInterrupt
[swarm_agent_7-9] Traceback (most recent call last):
[swarm_agent_7-9]   File "<frozen runpy>", line 198, in _run_module_as_main
[swarm_agent_7-9]   File "<frozen runpy>", line 88, in _run_code
[swarm_agent_7-9]   File "/home/saad-rafique/Documents/drone swarm/src/swarm_agent/ros_node.py", line 264, in <module>
[swarm_agent_7-9]     sys.exit(main())
[swarm_agent_7-9]              ^^^^^^
[swarm_agent_7-9]   File "/home/saad-rafique/Documents/drone swarm/src/swarm_agent/ros_node.py", line 257, in main
[swarm_agent_7-9]     node.destroy_node()
[swarm_agent_7-9]   File "/opt/ros/jazzy/lib/python3.12/site-packages/rclpy/node.py", line 1962, in destroy_node
[swarm_agent_7-9]     self.destroy_service(self._services[0])
[swarm_agent_7-9]   File "/opt/ros/jazzy/lib/python3.12/site-packages/rclpy/node.py", line 1886, in destroy_service
[swarm_agent_7-9]     service.destroy()
[swarm_agent_7-9]   File "/opt/ros/jazzy/lib/python3.12/site-packages/rclpy/service.py", line 123, in destroy
[swarm_agent_7-9]     self.__service.destroy_when_not_in_use()
[swarm_agent_7-9] KeyboardInterrupt
[swarm_agent_6-8] Traceback (most recent call last):
[swarm_agent_6-8]   File "<frozen runpy>", line 198, in _run_module_as_main
[swarm_agent_6-8]   File "<frozen runpy>", line 88, in _run_code
[swarm_agent_6-8]   File "/home/saad-rafique/Documents/drone swarm/src/swarm_agent/ros_node.py", line 264, in <module>
[swarm_agent_6-8]     sys.exit(main())
[swarm_agent_6-8]              ^^^^^^
[swarm_agent_6-8]   File "/home/saad-rafique/Documents/drone swarm/src/swarm_agent/ros_node.py", line 257, in main
[swarm_agent_6-8]     node.destroy_node()
[swarm_agent_6-8]   File "/opt/ros/jazzy/lib/python3.12/site-packages/rclpy/node.py", line 1962, in destroy_node
[swarm_agent_6-8]     self.destroy_service(self._services[0])
[swarm_agent_6-8]   File "/opt/ros/jazzy/lib/python3.12/site-packages/rclpy/node.py", line 1886, in destroy_service
[swarm_agent_6-8]     service.destroy()
[swarm_agent_6-8]   File "/opt/ros/jazzy/lib/python3.12/site-packages/rclpy/service.py", line 123, in destroy
[swarm_agent_6-8]     self.__service.destroy_when_not_in_use()
[swarm_agent_6-8] KeyboardInterrupt
[ERROR] [swarm_logger-2]: process has died [pid 117473, exit code -2, cmd '/usr/bin/python3 -m swarm_tools.logger_node --num-drones 10 --run-dir /home/saad-rafique/Documents/drone swarm/reports/logs/phase_4/F1_t5'].
[swarm_agent_5-7] Traceback (most recent call last):
[swarm_agent_5-7]   File "<frozen runpy>", line 198, in _run_module_as_main
[swarm_agent_5-7]   File "<frozen runpy>", line 88, in _run_code
[swarm_agent_5-7]   File "/home/saad-rafique/Documents/drone swarm/src/swarm_agent/ros_node.py", line 264, in <module>
[swarm_agent_5-7]     sys.exit(main())
[swarm_agent_5-7]              ^^^^^^
[swarm_agent_5-7]   File "/home/saad-rafique/Documents/drone swarm/src/swarm_agent/ros_node.py", line 257, in main
[ERROR] [link_emulator-1]: process has died [pid 117472, exit code -2, cmd '/usr/bin/python3 -m swarm_tools.link_emulator --num-drones 10 --run-dir /home/saad-rafique/Documents/drone swarm/reports/logs/phase_4/F1_t5'].
[swarm_agent_5-7]     node.destroy_node()
[swarm_agent_5-7]   File "/opt/ros/jazzy/lib/python3.12/site-packages/rclpy/node.py", line 1962, in destroy_node
[swarm_agent_5-7]     self.destroy_service(self._services[0])
[swarm_agent_5-7]   File "/opt/ros/jazzy/lib/python3.12/site-packages/rclpy/node.py", line 1886, in destroy_service
[swarm_agent_5-7]     service.destroy()
[swarm_agent_5-7]   File "/opt/ros/jazzy/lib/python3.12/site-packages/rclpy/service.py", line 123, in destroy
[swarm_agent_5-7]     self.__service.destroy_when_not_in_use()
[swarm_agent_5-7] KeyboardInterrupt
[swarm_agent_4-6] Traceback (most recent call last):
[swarm_agent_4-6]   File "<frozen runpy>", line 198, in _run_module_as_main
[swarm_agent_4-6]   File "<frozen runpy>", line 88, in _run_code
[swarm_agent_4-6]   File "/home/saad-rafique/Documents/drone swarm/src/swarm_agent/ros_node.py", line 264, in <module>
[swarm_agent_4-6]     sys.exit(main())
[swarm_agent_4-6]              ^^^^^^
[swarm_agent_4-6]   File "/home/saad-rafique/Documents/drone swarm/src/swarm_agent/ros_node.py", line 257, in main
[swarm_agent_4-6]     node.destroy_node()
[swarm_agent_4-6]   File "/opt/ros/jazzy/lib/python3.12/site-packages/rclpy/node.py", line 1968, in destroy_node
[swarm_agent_4-6]     self.__node.destroy_when_not_in_use()
[swarm_agent_4-6] KeyboardInterrupt
[swarm_agent_2-4] Traceback (most recent call last):
[swarm_agent_2-4]   File "<frozen runpy>", line 198, in _run_module_as_main
[swarm_agent_2-4]   File "<frozen runpy>", line 88, in _run_code
[swarm_agent_2-4]   File "/home/saad-rafique/Documents/drone swarm/src/swarm_agent/ros_node.py", line 264, in <module>
[swarm_agent_2-4]     sys.exit(main())
[swarm_agent_2-4]              ^^^^^^
[swarm_agent_2-4]   File "/home/saad-rafique/Documents/drone swarm/src/swarm_agent/ros_node.py", line 257, in main
[swarm_agent_2-4]     node.destroy_node()
[swarm_agent_2-4]   File "/opt/ros/jazzy/lib/python3.12/site-packages/rclpy/node.py", line 1968, in destroy_node
[swarm_agent_2-4]     self.__node.destroy_when_not_in_use()
[swarm_agent_2-4] KeyboardInterrupt
[swarm_agent_3-5] Traceback (most recent call last):
[swarm_agent_3-5]   File "/home/saad-rafique/Documents/drone swarm/src/swarm_agent/ros_node.py", line 253, in main
[swarm_agent_3-5]     rclpy.spin(node)
[swarm_agent_3-5]   File "/opt/ros/jazzy/lib/python3.12/site-packages/rclpy/__init__.py", line 247, in spin
[swarm_agent_3-5]     executor.spin_once()
[swarm_agent_3-5]   File "/opt/ros/jazzy/lib/python3.12/site-packages/rclpy/executors.py", line 926, in spin_once
[swarm_agent_3-5]     self._spin_once_impl(timeout_sec)
[swarm_agent_3-5]   File "/opt/ros/jazzy/lib/python3.12/site-packages/rclpy/executors.py", line 907, in _spin_once_impl
[swarm_agent_3-5]     handler, entity, node = self.wait_for_ready_callbacks(
[swarm_agent_3-5]                             ^^^^^^^^^^^^^^^^^^^^^^^^^^^^^^
[swarm_agent_3-5]   File "/opt/ros/jazzy/lib/python3.12/site-packages/rclpy/executors.py", line 877, in wait_for_ready_callbacks
[swarm_agent_3-5]     return next(self._cb_iter)
[swarm_agent_3-5]            ^^^^^^^^^^^^^^^^^^^
[swarm_agent_3-5]   File "/opt/ros/jazzy/lib/python3.12/site-packages/rclpy/executors.py", line 757, in _wait_for_ready_callbacks
[swarm_agent_3-5]     wait_set = _rclpy.WaitSet(
[swarm_agent_3-5]                ^^^^^^^^^^^^^^^
[swarm_agent_3-5] rclpy._rclpy_pybind11.RCLError: failed to initialize wait set: the given context is not valid, either rcl_init() was not called or rcl_shutdown() was called., at ./src/rcl/wait.c:130
[swarm_agent_3-5] 
[swarm_agent_3-5] During handling of the above exception, another exception occurred:
[swarm_agent_3-5] 
[swarm_agent_3-5] Traceback (most recent call last):
[swarm_agent_3-5]   File "<frozen runpy>", line 198, in _run_module_as_main
[swarm_agent_3-5]   File "<frozen runpy>", line 88, in _run_code
[swarm_agent_3-5]   File "/home/saad-rafique/Documents/drone swarm/src/swarm_agent/ros_node.py", line 264, in <module>
[swarm_agent_3-5]     sys.exit(main())
[swarm_agent_3-5]              ^^^^^^
[swarm_agent_3-5]   File "/home/saad-rafique/Documents/drone swarm/src/swarm_agent/ros_node.py", line 257, in main
[swarm_agent_3-5]     node.destroy_node()
[swarm_agent_3-5]   File "/opt/ros/jazzy/lib/python3.12/site-packages/rclpy/node.py", line 1968, in destroy_node
[swarm_agent_3-5]     self.__node.destroy_when_not_in_use()
[swarm_agent_3-5] KeyboardInterrupt
[ERROR] [swarm_agent_6-8]: process has died [pid 117479, exit code -2, cmd '/usr/bin/python3 -m swarm_agent.ros_node --id 6 --num-drones 10'].
[ERROR] [swarm_agent_7-9]: process has died [pid 117480, exit code -2, cmd '/usr/bin/python3 -m swarm_agent.ros_node --id 7 --num-drones 10'].
[ERROR] [swarm_agent_2-4]: process has died [pid 117475, exit code -2, cmd '/usr/bin/python3 -m swarm_agent.ros_node --id 2 --num-drones 10'].
[ERROR] [swarm_agent_8-10]: process has died [pid 117481, exit code -2, cmd '/usr/bin/python3 -m swarm_agent.ros_node --id 8 --num-drones 10'].
[ERROR] [swarm_agent_10-12]: process has died [pid 117483, exit code -2, cmd '/usr/bin/python3 -m swarm_agent.ros_node --id 10 --num-drones 10'].
[ERROR] [swarm_agent_9-11]: process has died [pid 117482, exit code -2, cmd '/usr/bin/python3 -m swarm_agent.ros_node --id 9 --num-drones 10'].
[ERROR] [swarm_agent_5-7]: process has died [pid 117478, exit code -2, cmd '/usr/bin/python3 -m swarm_agent.ros_node --id 5 --num-drones 10'].
[ERROR] [swarm_agent_4-6]: process has died [pid 117477, exit code -2, cmd '/usr/bin/python3 -m swarm_agent.ros_node --id 4 --num-drones 10'].
[ERROR] [swarm_agent_3-5]: process has died [pid 117476, exit code -2, cmd '/usr/bin/python3 -m swarm_agent.ros_node --id 3 --num-drones 10'].
