[INFO] [1790656397.000465638] [uav8.mavros_node]: Starting mavros_node container
[INFO] [1790656397.035672094] [uav8.mavros_node]: FCU URL: udp://:14547@127.0.0.1:14587
[INFO] [1790656397.035686735] [uav8.mavros_node]: GCS URL: 
[INFO] [1790656397.035691988] [uav8.mavros_node]: UAS Prefix: /uas8
[INFO] [1790656397.035696172] [uav8.mavros_node]: Starting mavros router node
[INFO] [1790656397.066650553] [uav8.mavros_router]: Built-in SIMD instructions: SSE, SSE2
[INFO] [1790656397.066688837] [uav8.mavros_router]: Built-in MAVLink package version: 2026.8.8
[INFO] [1790656397.066697606] [uav8.mavros_router]: Known MAVLink dialects: common ardupilotmega ASLUAV AVSSUAS all csAirLink cubepilot development icarous loweheiser marsh paparazzi standard stemstudios storm32 uAvionix ualberta
[INFO] [1790656397.066703473] [uav8.mavros_router]: MAVROS Router started
[INFO] [1790656397.066867678] [uav8.mavros_node]: Starting mavros uas node
[INFO] [1790656397.224375863] [uav8.mavros_router]: Requested to add endpoint: type: 0, url: udp://:14547@127.0.0.1:14587
[INFO] [1790656397.224512835] [uav8.mavros_router]: Endpoint link[1000] created
[INFO] [1790656397.224770834] [uav8.mavros_router]: link[1000] opened successfully
[INFO] [1790656397.224794677] [uav8.mavros_router]: Requested to add endpoint: type: 2, url: /uas8
[INFO] [1790656397.224808863] [uav8.mavros_router]: Endpoint link[1001] created
[INFO] [1790656397.232062990] [uav8.mavros_router]: link[1000] detected remote address 8.1
[INFO] [1790656397.237909888] [uav8.mavros]: Plugin actuator_control ignored
[INFO] [1790656397.242046299] [uav8.mavros]: Plugin altitude ignored
[INFO] [1790656397.237952318] [uav8.mavros]: UAS Executor started, threads: 4
[INFO] [1790656397.251900814] [uav8.mavros_router]: link[1001] opened successfully
[INFO] [1790656397.526245076] [uav8.mavros]: Plugin command created
[INFO] [1790656397.526608529] [uav8.mavros]: Plugin command initialized
[INFO] [1790656397.526626692] [uav8.mavros]: Plugin ftp ignored
[INFO] [1790656397.526637366] [uav8.mavros]: Plugin geofence ignored
[INFO] [1790656397.757708363] [uav8.mavros]: Plugin global_position created
[INFO] [1790656397.765395195] [uav8.mavros]: Plugin global_position initialized
[INFO] [1790656397.765413645] [uav8.mavros]: Plugin home_position ignored
[INFO] [1790656397.765419521] [uav8.mavros]: Plugin imu ignored
[INFO] [1790656398.084138158] [uav8.mavros]: Plugin local_position created
[INFO] [1790656398.084224009] [uav8.mavros]: Plugin local_position initialized
[INFO] [1790656398.084234572] [uav8.mavros]: Plugin manual_control ignored
[INFO] [1790656398.084239699] [uav8.mavros]: Plugin nav_controller_output ignored
[INFO] [1790656398.084244388] [uav8.mavros]: Plugin param ignored
[INFO] [1790656398.084249235] [uav8.mavros]: Plugin rallypoint ignored
[INFO] [1790656398.084253853] [uav8.mavros]: Plugin rc_io ignored
[INFO] [1790656398.084258818] [uav8.mavros]: Plugin setpoint_accel ignored
[INFO] [1790656398.084263663] [uav8.mavros]: Plugin setpoint_attitude ignored
[INFO] [1790656398.084268375] [uav8.mavros]: Plugin setpoint_position ignored
[INFO] [1790656398.084273151] [uav8.mavros]: Plugin setpoint_raw ignored
[INFO] [1790656398.084278263] [uav8.mavros]: Plugin setpoint_trajectory ignored
[INFO] [1790656398.105054351] [uav8.mavros]: Plugin setpoint_velocity created
[INFO] [1790656398.105109830] [uav8.mavros]: Plugin setpoint_velocity initialized
[INFO] [1790656398.390736997] [uav8.mavros]: Plugin sys_status created
[INFO] [1790656398.390810951] [uav8.mavros]: Plugin sys_status initialized
[INFO] [1790656398.584254083] [uav8.mavros.time]: TM: Timesync mode: MAVLINK
[INFO] [1790656398.614756825] [uav8.mavros]: Plugin sys_time created
[INFO] [1790656398.614950113] [uav8.mavros]: Plugin sys_time initialized
[INFO] [1790656398.614961877] [uav8.mavros]: Plugin waypoint ignored
[INFO] [1790656398.614967207] [uav8.mavros]: Plugin wind_estimation ignored
[INFO] [1790656398.676513062] [uav8.mavros]: Built-in SIMD instructions: SSE, SSE2
[INFO] [1790656398.676565705] [uav8.mavros]: Built-in MAVLink package version: 2026.8.8
[INFO] [1790656398.676599794] [uav8.mavros]: Known MAVLink dialects: common ardupilotmega ASLUAV AVSSUAS all csAirLink cubepilot development icarous loweheiser marsh paparazzi standard stemstudios storm32 uAvionix ualberta
[INFO] [1790656398.676607002] [uav8.mavros]: MAVROS UAS via /uas8 started. MY ID 8.191, TARGET ID 8.1
[INFO] [1790656398.748561912] [uav8.mavros_router]: link[1001] detected remote address 8.191
[INFO] [1790656399.248491722] [uav8.mavros]: CON: Got HEARTBEAT, connected. FCU: PX4 Autopilot
[INFO] [1790656400.277714202] [uav8.mavros.sys]: VER: 8.1: Capabilities         0x000000000000e8ff
[INFO] [1790656400.277769700] [uav8.mavros.sys]: VER: 8.1: Flight software:     011200c0 (fca3df865a000000)
[INFO] [1790656400.277776706] [uav8.mavros.sys]: VER: 8.1: Middleware software: 011200c0 (fca3df865a000000)
[INFO] [1790656400.277781571] [uav8.mavros.sys]: VER: 8.1: OS software:         070000ff (17040b9f87cb1791)
[INFO] [1790656400.277786422] [uav8.mavros.sys]: VER: 8.1: Board hardware:      00000001
[INFO] [1790656400.277791217] [uav8.mavros.sys]: VER: 8.1: VID/PID:             0000:0000
[INFO] [1790656400.277796109] [uav8.mavros.sys]: VER: 8.1: UID:                 4954414c44494e56
[WARN] [1790656400.278960485] [uav8.mavros.cmd]: CMD: Unexpected command 512, result 0
[WARN] [1790656409.823720153] [uav8.mavros.sys]: FCU: UNK(8): EVENT 11047904 with args -0-0-0-0-0-128-0-0-0-176-122-127-128-176-122-127-128-0-0-0-0-0-0-0-0-0-0-0-0-0-0-0-0-0-0-0-0-0-0-0-
[INFO] [1790656409.823800223] [uav8.mavros.sys]: FCU: EVENT 377561 with args -8-0-0-0-20-0-0-0-0-0-0-0-0-0-0-0-0-0-0-0-0-0-0-0-0-0-0-0-0-0-0-0-0-0-0-0-0-0-0-0-
[WARN] [1790656409.823833822] [uav8.mavros.sys]: FCU: EVENT 453929 with args -255-255-255-255-7-0-0-0-0-0-0-0-0-0-0-0-0-0-0-0-0-0-0-0-0-0-0-0-0-0-0-0-0-0-0-0-0-0-0-0-
[INFO] [1790656409.823868001] [uav8.mavros.sys]: FCU: EVENT 6801787 with args -255-255-255-255-12-0-0-0-0-0-0-0-0-0-0-0-0-0-0-0-0-0-0-0-0-0-0-0-0-0-0-0-0-0-0-0-0-0-0-0-
[WARN] [1790656409.823900876] [uav8.mavros.sys]: FCU: UNK(8): EVENT 1914663 with args -0-10-13-2-56-0-0-0-0-0-0-0-0-0-0-0-0-0-0-0-0-0-0-0-0-0-0-0-0-0-0-0-0-0-0-0-0-0-0-0-
[WARN] [1790656413.806672005] [uav8.mavros.cmd]: CMD: Unexpected command 176, result 0
[INFO] [1790656414.829411563] [uav8.mavros.sys]: FCU: EVENT 9489139 with args -4-0-0-0-0-0-0-0-0-0-0-0-0-0-0-0-0-0-0-0-0-0-0-0-0-0-0-0-0-0-0-0-0-0-0-0-0-0-0-0-
[INFO] [1790656416.762852691] [uav8.mavros.sys]: FCU: EVENT 4277609 with args -0-0-0-0-0-0-0-0-0-0-0-0-0-0-0-0-0-0-0-0-0-0-0-0-0-0-0-0-0-0-0-0-0-0-0-0-0-0-0-0-
[WARN] [1790656673.062748377] [uav8.mavros.cmd]: CMD: Unexpected command 176, result 0
[INFO] [1790656707.300326709] [uav8.mavros.sys]: FCU: EVENT 9844908 with args -0-0-0-0-0-0-0-0-0-0-0-0-0-0-0-0-0-0-0-0-0-0-0-0-0-0-0-0-0-0-0-0-0-0-0-0-0-0-0-0-
[INFO] [1790656709.438304382] [uav8.mavros.sys]: FCU: EVENT 16017271 with args -6-0-0-0-0-0-0-0-0-0-0-0-0-0-0-0-0-0-0-0-0-0-0-0-0-0-0-0-0-0-0-0-0-0-0-0-0-0-0-0-
[WARN] [1790656712.777021411] [uav8.mavros.sys]: FCU: UNK(8): EVENT 11047904 with args -0-0-0-0-0-128-0-0-0-176-122-127-128-176-122-127-128-0-0-0-0-0-0-0-0-0-0-0-0-0-0-0-0-0-0-0-0-0-0-0-
[INFO] [1790656712.777097862] [uav8.mavros.sys]: FCU: EVENT 377561 with args -8-0-0-0-20-0-0-0-0-0-0-0-0-0-0-0-0-0-0-0-0-0-0-0-0-0-0-0-0-0-0-0-0-0-0-0-0-0-0-0-
[WARN] [1790656712.777195548] [uav8.mavros.sys]: FCU: EVENT 453929 with args -255-255-255-255-7-0-0-0-0-0-0-0-0-0-0-0-0-0-0-0-0-0-0-0-0-0-0-0-0-0-0-0-0-0-0-0-0-0-0-0-
[INFO] [1790656712.777224375] [uav8.mavros.sys]: FCU: EVENT 6801787 with args -255-255-255-255-12-0-0-0-0-0-0-0-0-0-0-0-0-0-0-0-0-0-0-0-0-0-0-0-0-0-0-0-0-0-0-0-0-0-0-0-
[WARN] [1790656712.777310071] [uav8.mavros.sys]: FCU: UNK(8): EVENT 1914663 with args -0-10-9-2-56-0-0-0-0-0-0-0-0-0-0-0-0-0-0-0-0-0-0-0-0-0-0-0-0-0-0-0-0-0-0-0-0-0-0-0-
[INFO] [1790656714.651850717] [rclcpp]: signal_handler(SIGINT/SIGTERM)
[WARN] [1790656714.656211579] [uav8.mavros]: UAS Executor terminated
