[INFO] [1790656396.639387778] [uav4.mavros_node]: Starting mavros_node container
[INFO] [1790656396.639554266] [uav4.mavros_node]: FCU URL: udp://:14543@127.0.0.1:14583
[INFO] [1790656396.639567487] [uav4.mavros_node]: GCS URL: 
[INFO] [1790656396.639572666] [uav4.mavros_node]: UAS Prefix: /uas4
[INFO] [1790656396.639577834] [uav4.mavros_node]: Starting mavros router node
[INFO] [1790656396.666454592] [uav4.mavros_router]: Built-in SIMD instructions: SSE, SSE2
[INFO] [1790656396.676763002] [uav4.mavros_router]: Built-in MAVLink package version: 2026.8.8
[INFO] [1790656396.683041622] [uav4.mavros_router]: Known MAVLink dialects: common ardupilotmega ASLUAV AVSSUAS all csAirLink cubepilot development icarous loweheiser marsh paparazzi standard stemstudios storm32 uAvionix ualberta
[INFO] [1790656396.683055166] [uav4.mavros_router]: MAVROS Router started
[INFO] [1790656396.683216632] [uav4.mavros_node]: Starting mavros uas node
[INFO] [1790656396.894907689] [uav4.mavros_router]: Requested to add endpoint: type: 0, url: udp://:14543@127.0.0.1:14583
[INFO] [1790656396.894985381] [uav4.mavros_router]: Endpoint link[1000] created
[INFO] [1790656396.895221087] [uav4.mavros_router]: link[1000] opened successfully
[INFO] [1790656396.895242152] [uav4.mavros_router]: Requested to add endpoint: type: 2, url: /uas4
[INFO] [1790656396.895255378] [uav4.mavros_router]: Endpoint link[1001] created
[INFO] [1790656396.905767278] [uav4.mavros_router]: link[1000] detected remote address 4.1
[INFO] [1790656396.959820755] [uav4.mavros]: Plugin actuator_control ignored
[INFO] [1790656396.959869835] [uav4.mavros]: Plugin altitude ignored
[INFO] [1790656396.960638743] [uav4.mavros]: UAS Executor started, threads: 4
[INFO] [1790656397.041931356] [uav4.mavros_router]: link[1001] opened successfully
[INFO] [1790656397.544473214] [uav4.mavros]: Plugin command created
[INFO] [1790656397.544535139] [uav4.mavros]: Plugin command initialized
[INFO] [1790656397.544544380] [uav4.mavros]: Plugin ftp ignored
[INFO] [1790656397.544549838] [uav4.mavros]: Plugin geofence ignored
[INFO] [1790656397.843805285] [uav4.mavros]: Plugin global_position created
[INFO] [1790656397.847020931] [uav4.mavros]: Plugin global_position initialized
[INFO] [1790656397.847039284] [uav4.mavros]: Plugin home_position ignored
[INFO] [1790656397.847045221] [uav4.mavros]: Plugin imu ignored
[INFO] [1790656398.064878224] [uav4.mavros]: Plugin local_position created
[INFO] [1790656398.067289108] [uav4.mavros]: Plugin local_position initialized
[INFO] [1790656398.077229195] [uav4.mavros]: Plugin manual_control ignored
[INFO] [1790656398.077249581] [uav4.mavros]: Plugin nav_controller_output ignored
[INFO] [1790656398.077255408] [uav4.mavros]: Plugin param ignored
[INFO] [1790656398.077260910] [uav4.mavros]: Plugin rallypoint ignored
[INFO] [1790656398.077266304] [uav4.mavros]: Plugin rc_io ignored
[INFO] [1790656398.077271442] [uav4.mavros]: Plugin setpoint_accel ignored
[INFO] [1790656398.077276757] [uav4.mavros]: Plugin setpoint_attitude ignored
[INFO] [1790656398.077281819] [uav4.mavros]: Plugin setpoint_position ignored
[INFO] [1790656398.077412915] [uav4.mavros]: Plugin setpoint_raw ignored
[INFO] [1790656398.077430012] [uav4.mavros]: Plugin setpoint_trajectory ignored
[INFO] [1790656398.382336251] [uav4.mavros]: Plugin setpoint_velocity created
[INFO] [1790656398.382381903] [uav4.mavros]: Plugin setpoint_velocity initialized
[INFO] [1790656398.877635602] [uav4.mavros]: Plugin sys_status created
[INFO] [1790656398.877713816] [uav4.mavros]: Plugin sys_status initialized
[INFO] [1790656398.910241855] [uav4.mavros.time]: TM: Timesync mode: MAVLINK
[INFO] [1790656398.912912613] [uav4.mavros]: Plugin sys_time created
[INFO] [1790656398.912959276] [uav4.mavros]: Plugin sys_time initialized
[INFO] [1790656398.912968221] [uav4.mavros]: Plugin waypoint ignored
[INFO] [1790656398.912974567] [uav4.mavros]: Plugin wind_estimation ignored
[INFO] [1790656398.914776445] [uav4.mavros]: Built-in SIMD instructions: SSE, SSE2
[INFO] [1790656398.914813899] [uav4.mavros]: Built-in MAVLink package version: 2026.8.8
[INFO] [1790656398.914850681] [uav4.mavros]: Known MAVLink dialects: common ardupilotmega ASLUAV AVSSUAS all csAirLink cubepilot development icarous loweheiser marsh paparazzi standard stemstudios storm32 uAvionix ualberta
[INFO] [1790656398.914857234] [uav4.mavros]: MAVROS UAS via /uas4 started. MY ID 4.191, TARGET ID 4.1
[INFO] [1790656398.954717410] [uav4.mavros]: CON: Got HEARTBEAT, connected. FCU: PX4 Autopilot
[INFO] [1790656398.954981414] [uav4.mavros_router]: link[1001] detected remote address 4.191
[INFO] [1790656399.971217784] [uav4.mavros.sys]: VER: 4.1: Capabilities         0x000000000000e8ff
[INFO] [1790656399.971732114] [uav4.mavros.sys]: VER: 4.1: Flight software:     011200c0 (fca3df865a000000)
[INFO] [1790656399.971757363] [uav4.mavros.sys]: VER: 4.1: Middleware software: 011200c0 (fca3df865a000000)
[INFO] [1790656399.971763411] [uav4.mavros.sys]: VER: 4.1: OS software:         070000ff (17040b9f87cb1791)
[INFO] [1790656399.971769280] [uav4.mavros.sys]: VER: 4.1: Board hardware:      00000001
[INFO] [1790656399.971774988] [uav4.mavros.sys]: VER: 4.1: VID/PID:             0000:0000
[INFO] [1790656399.971780467] [uav4.mavros.sys]: VER: 4.1: UID:                 4954414c44494e52
[WARN] [1790656399.974699068] [uav4.mavros.cmd]: CMD: Unexpected command 512, result 0
[WARN] [1790656407.905755454] [uav4.mavros.sys]: FCU: UNK(8): EVENT 11047904 with args -0-0-0-0-0-128-0-0-0-176-122-127-128-176-122-127-128-0-0-0-0-0-0-0-0-0-0-0-0-0-0-0-0-0-0-0-0-0-0-0-
[INFO] [1790656407.905833376] [uav4.mavros.sys]: FCU: EVENT 377561 with args -8-0-0-0-20-0-0-0-0-0-0-0-0-0-0-0-0-0-0-0-0-0-0-0-0-0-0-0-0-0-0-0-0-0-0-0-0-0-0-0-
[WARN] [1790656407.910895745] [uav4.mavros.sys]: FCU: EVENT 453929 with args -255-255-255-255-7-0-0-0-0-0-0-0-0-0-0-0-0-0-0-0-0-0-0-0-0-0-0-0-0-0-0-0-0-0-0-0-0-0-0-0-
[INFO] [1790656407.915013979] [uav4.mavros.sys]: FCU: EVENT 6801787 with args -255-255-255-255-12-0-0-0-0-0-0-0-0-0-0-0-0-0-0-0-0-0-0-0-0-0-0-0-0-0-0-0-0-0-0-0-0-0-0-0-
[WARN] [1790656407.918946887] [uav4.mavros.sys]: FCU: UNK(8): EVENT 1914663 with args -0-10-13-2-56-0-0-0-0-0-0-0-0-0-0-0-0-0-0-0-0-0-0-0-0-0-0-0-0-0-0-0-0-0-0-0-0-0-0-0-
[WARN] [1790656413.770511689] [uav4.mavros.cmd]: CMD: Unexpected command 176, result 0
[INFO] [1790656414.376798996] [uav4.mavros.sys]: FCU: EVENT 9489139 with args -4-0-0-0-0-0-0-0-0-0-0-0-0-0-0-0-0-0-0-0-0-0-0-0-0-0-0-0-0-0-0-0-0-0-0-0-0-0-0-0-
[INFO] [1790656416.483051597] [uav4.mavros.sys]: FCU: EVENT 4277609 with args -0-0-0-0-0-0-0-0-0-0-0-0-0-0-0-0-0-0-0-0-0-0-0-0-0-0-0-0-0-0-0-0-0-0-0-0-0-0-0-0-
[WARN] [1790656673.089321401] [uav4.mavros.cmd]: CMD: Unexpected command 176, result 0
[INFO] [1790656705.644125289] [uav4.mavros.sys]: FCU: EVENT 9844908 with args -0-0-0-0-0-0-0-0-0-0-0-0-0-0-0-0-0-0-0-0-0-0-0-0-0-0-0-0-0-0-0-0-0-0-0-0-0-0-0-0-
[INFO] [1790656707.858598531] [uav4.mavros.sys]: FCU: EVENT 16017271 with args -6-0-0-0-0-0-0-0-0-0-0-0-0-0-0-0-0-0-0-0-0-0-0-0-0-0-0-0-0-0-0-0-0-0-0-0-0-0-0-0-
[WARN] [1790656712.014552628] [uav4.mavros.sys]: FCU: UNK(8): EVENT 11047904 with args -0-0-0-0-0-128-0-0-0-176-122-127-128-176-122-127-128-0-0-0-0-0-0-0-0-0-0-0-0-0-0-0-0-0-0-0-0-0-0-0-
[INFO] [1790656712.014659383] [uav4.mavros.sys]: FCU: EVENT 377561 with args -8-0-0-0-20-0-0-0-0-0-0-0-0-0-0-0-0-0-0-0-0-0-0-0-0-0-0-0-0-0-0-0-0-0-0-0-0-0-0-0-
[WARN] [1790656712.014720309] [uav4.mavros.sys]: FCU: EVENT 453929 with args -255-255-255-255-7-0-0-0-0-0-0-0-0-0-0-0-0-0-0-0-0-0-0-0-0-0-0-0-0-0-0-0-0-0-0-0-0-0-0-0-
[INFO] [1790656712.014754457] [uav4.mavros.sys]: FCU: EVENT 6801787 with args -255-255-255-255-12-0-0-0-0-0-0-0-0-0-0-0-0-0-0-0-0-0-0-0-0-0-0-0-0-0-0-0-0-0-0-0-0-0-0-0-
[WARN] [1790656712.014786811] [uav4.mavros.sys]: FCU: UNK(8): EVENT 1914663 with args -0-10-9-2-56-0-0-0-0-0-0-0-0-0-0-0-0-0-0-0-0-0-0-0-0-0-0-0-0-0-0-0-0-0-0-0-0-0-0-0-
[INFO] [1790656714.643392086] [rclcpp]: signal_handler(SIGINT/SIGTERM)
[WARN] [1790656714.650248917] [uav4.mavros]: UAS Executor terminated
